2016-09-29T19:55:46.964016+00:00 81da04d2-3e1d-4a50-80cd-e5b2e7a3a719 - - - [NXLOG@14506 bosh_deployment="cf-warden" bosh_job_name="router_z1" bosh_job_index="0" filename="/var/vcap/data/sys/log/gorouter/access.log"] api.bosh-lite.com - [29/09/2016:19:55:38.390 +0000] "GET /bulk/apps?batch_size=5000&bulk_token={} HTTP/1.1" 200 0 39 "-" "Go-http-client/1.1" 10.244.0.34:46920 x_forwarded_for:"10.244.0.142, 10.244.0.34" x_forwarded_proto:"https" vcap_request_id:184f30d6-a2e3-4af5-493d-a71ed722f2e7 response_time:0.007358494 app_id:

2016-09-29T19:55:46.964187+00:00 81da04d2-3e1d-4a50-80cd-e5b2e7a3a719 - - - [NXLOG@14506 bosh_deployment="cf-warden" bosh_job_name="router_z1" bosh_job_index="0" filename="/var/vcap/data/sys/log/gorouter/access.log"] api.bosh-lite.com - [29/09/2016:19:55:45.922 +0000] "GET /v2/syslog_drain_urls?batch_size=1000 HTTP/1.1" 200 0 42 "-" "Go-http-client/1.1" 10.244.0.34:39856 x_forwarded_for:"10.244.0.146" x_forwarded_proto:"https" vcap_request_id:f0c3d7ea-181c-466d-6193-75995cfb0c9d response_time:0.007196104 app_id:

2016-09-29T19:55:46.964780+00:00 fc52b791-0068-48d0-b63d-a9600b8fa32e - - - [NXLOG@14506 bosh_deployment="cf-warden" bosh_job_name="runner_z1" bosh_job_index="0" filename="/var/vcap/data/sys/log/dea_next/dea_next.log"] {"timestamp":1475178941.7064621,"message":"hm9000.heartbeat.sending","log_level":"debug","source":"Dea::Bootstrap","data":{"destination":"https://listener-hm9000.service.cf.internal:5335/dea/heartbeat"},"thread_id":47241037142420,"fiber_id":47241050325380,"process_id":6941,"file":"/var/vcap/packages/dea_next/lib/dea/utils/hm9000.rb","lineno":29,"method":"send_heartbeat"}

2016-09-29T19:55:56.965502+00:00 fc52b791-0068-48d0-b63d-a9600b8fa32e - - - [NXLOG@14506 bosh_deployment="cf-warden" bosh_job_name="runner_z1" bosh_job_index="0" filename="/var/vcap/data/sys/log/dea_next/dea_next.log"] {"timestamp":1475178951.7236595,"message":"hm9000.heartbeat.accepted","log_level":"debug","source":"Dea::Bootstrap","data":{},"thread_id":47241037004060,"fiber_id":47241049518080,"process_id":6941,"file":"/var/vcap/packages/dea_next/lib/dea/utils/hm9000.rb","lineno":49,"method":"handle_http_response"}

2016-09-29T19:55:57.090639+00:00 f0562343-642f-42d4-aca5-293abe675815 - - - [NXLOG@14506 bosh_deployment="cf-warden" bosh_job_name="blobstore_z1" bosh_job_index="0" filename="/var/vcap/data/sys/log/route_registrar/route_registrar.stdout.log"] {"timestamp":"1475178948.514122725","source":"Route Registrar","message":"Route Registrar.no healthchecker found for route","log_level":1,"data":{"route":{"Name":"blobstore","Port":80,"Tags":{"component":"blobstore"},"URIs":["blobstore.bosh-lite.com"],"RouteServiceUrl":"","RegistrationInterval":20000000000,"HealthCheck":null}}}

2016-09-29T19:55:57.090839+00:00 f0562343-642f-42d4-aca5-293abe675815 - - - [NXLOG@14506 bosh_deployment="cf-warden" bosh_job_name="blobstore_z1" bosh_job_index="0" filename="/var/vcap/data/sys/log/route_registrar/route_registrar.stdout.log"] {"timestamp":"1475178948.514218092","source":"Route Registrar","message":"Route Registrar.Registering route","log_level":1,"data":{"route":{"Name":"blobstore","Port":80,"Tags":{"component":"blobstore"},"URIs":["blobstore.bosh-lite.com"],"RouteServiceUrl":"","RegistrationInterval":20000000000,"HealthCheck":null}}}

2016-09-29T19:55:57.090926+00:00 f0562343-642f-42d4-aca5-293abe675815 - - - [NXLOG@14506 bosh_deployment="cf-warden" bosh_job_name="blobstore_z1" bosh_job_index="0" filename="/var/vcap/data/sys/log/route_registrar/route_registrar.stdout.log"] {"timestamp":"1475178948.514369965","source":"Route Registrar","message":"Route Registrar.Registered routes successfully","log_level":1,"data":{}}

2016-09-29T19:55:57.090784+00:00 05bf1627-ae2f-400c-b1ce-31973a9ff23f - - - [NXLOG@14506 bosh_deployment="cf-warden" bosh_job_name="uaa_z1" bosh_job_index="0" filename="/var/vcap/data/sys/log/uaa/localhost_access.log"] 127.0.0.1 - - [29/Sep/2016:19:55:38 +0000] "GET /healthz HTTP/1.1" 200 3

2016-09-29T19:55:57.090895+00:00 05bf1627-ae2f-400c-b1ce-31973a9ff23f - - - [NXLOG@14506 bosh_deployment="cf-warden" bosh_job_name="uaa_z1" bosh_job_index="0" filename="/var/vcap/data/sys/log/uaa/localhost_access.log"] 127.0.0.1 - - [29/Sep/2016:19:55:40 +0000] "GET /healthz HTTP/1.1" 200 3

2016-09-29T19:55:57.090942+00:00 05bf1627-ae2f-400c-b1ce-31973a9ff23f - - - [NXLOG@14506 bosh_deployment="cf-warden" bosh_job_name="uaa_z1" bosh_job_index="0" filename="/var/vcap/data/sys/log/uaa/localhost_access.log"] 127.0.0.1 - - [29/Sep/2016:19:55:42 +0000] "GET /healthz HTTP/1.1" 200 3

2016-09-29T19:55:57.091000+00:00 05bf1627-ae2f-400c-b1ce-31973a9ff23f - - - [NXLOG@14506 bosh_deployment="cf-warden" bosh_job_name="uaa_z1" bosh_job_index="0" filename="/var/vcap/data/sys/log/uaa/localhost_access.log"] 127.0.0.1 - - [29/Sep/2016:19:55:46 +0000] "GET /healthz HTTP/1.1" 200 3

2016-09-29T19:55:57.091043+00:00 05bf1627-ae2f-400c-b1ce-31973a9ff23f - - - [NXLOG@14506 bosh_deployment="cf-warden" bosh_job_name="uaa_z1" bosh_job_index="0" filename="/var/vcap/data/sys/log/route_registrar/route_registrar.stdout.log"] {"timestamp":"1475178950.809306383","source":"Route Registrar","message":"Route Registrar.Executing script","log_level":1,"data":{"scriptPath":"/var/vcap/jobs/uaa/bin/health_check"}}

2016-09-29T19:55:57.091111+00:00 05bf1627-ae2f-400c-b1ce-31973a9ff23f - - - [NXLOG@14506 bosh_deployment="cf-warden" bosh_job_name="uaa_z1" bosh_job_index="0" filename="/var/vcap/data/sys/log/route_registrar/route_registrar.stdout.log"] {"timestamp":"1475178950.821212053","source":"Route Registrar","message":"Route Registrar.Script exited without error","log_level":1,"data":{"script":"/var/vcap/jobs/uaa/bin/health_check","stderr":"  % Total    % Received % Xferd  Average Speed   Time    Time     Time  Current\n                                 Dload  Upload   Total   Spent    Left  Speed\n\r  0     0    0     0    0     0      0      0 --:--:-- --:--:-- --:--:--     0\r100     3  100     3    0     0   1135      0 --:--:-- --:--:-- --:--:--  1500\n","stdout":""}}

2016-09-29T19:55:57.091282+00:00 05bf1627-ae2f-400c-b1ce-31973a9ff23f - - - [NXLOG@14506 bosh_deployment="cf-warden" bosh_job_name="uaa_z1" bosh_job_index="0" filename="/var/vcap/data/sys/log/route_registrar/route_registrar.stdout.log"] {"timestamp":"1475178950.821301222","source":"Route Registrar","message":"Route Registrar.healthchecker returned healthy for route","log_level":1,"data":{"route":{"Name":"uaa","Port":8080,"Tags":{"component":"uaa"},"URIs":["uaa.bosh-lite.com","*.uaa.bosh-lite.com","login.bosh-lite.com","*.login.bosh-lite.com"],"RouteServiceUrl":"","RegistrationInterval":4000000000,"HealthCheck":{"Name":"uaa-healthcheck","ScriptPath":"/var/vcap/jobs/uaa/bin/health_check","Timeout":2000000000}}}}

2016-09-29T19:55:57.091328+00:00 05bf1627-ae2f-400c-b1ce-31973a9ff23f - - - [NXLOG@14506 bosh_deployment="cf-warden" bosh_job_name="uaa_z1" bosh_job_index="0" filename="/var/vcap/data/sys/log/route_registrar/route_registrar.stdout.log"] {"timestamp":"1475178950.821333170","source":"Route Registrar","message":"Route Registrar.Registering route","log_level":1,"data":{"route":{"Name":"uaa","Port":8080,"Tags":{"component":"uaa"},"URIs":["uaa.bosh-lite.com","*.uaa.bosh-lite.com","login.bosh-lite.com","*.login.bosh-lite.com"],"RouteServiceUrl":"","RegistrationInterval":4000000000,"HealthCheck":{"Name":"uaa-healthcheck","ScriptPath":"/var/vcap/jobs/uaa/bin/health_check","Timeout":2000000000}}}}

2016-09-29T19:55:57.091390+00:00 05bf1627-ae2f-400c-b1ce-31973a9ff23f - - - [NXLOG@14506 bosh_deployment="cf-warden" bosh_job_name="uaa_z1" bosh_job_index="0" filename="/var/vcap/data/sys/log/route_registrar/route_registrar.stdout.log"] {"timestamp":"1475178950.821384907","source":"Route Registrar","message":"Route Registrar.Registered routes successfully","log_level":1,"data":{}}

2016-09-29T19:55:57.091435+00:00 05bf1627-ae2f-400c-b1ce-31973a9ff23f - - - [NXLOG@14506 bosh_deployment="cf-warden" bosh_job_name="uaa_z1" bosh_job_index="0" filename="/var/vcap/data/sys/log/route_registrar/route_registrar.stdout.log"] {"timestamp":"1475178954.808156013","source":"Route Registrar","message":"Route Registrar.Executing script","log_level":1,"data":{"scriptPath":"/var/vcap/jobs/uaa/bin/health_check"}}

2016-09-29T19:55:57.091475+00:00 05bf1627-ae2f-400c-b1ce-31973a9ff23f - - - [NXLOG@14506 bosh_deployment="cf-warden" bosh_job_name="uaa_z1" bosh_job_index="0" filename="/var/vcap/data/sys/log/route_registrar/route_registrar.stdout.log"] {"timestamp":"1475178954.820744753","source":"Route Registrar","message":"Route Registrar.Script exited without error","log_level":1,"data":{"script":"/var/vcap/jobs/uaa/bin/health_check","stderr":"  % Total    % Received % Xferd  Average Speed   Time    Time     Time  Current\n                                 Dload  Upload   Total   Spent    Left  Speed\n\r  0     0    0     0    0     0      0      0 --:--:-- --:--:-- --:--:--     0\r100     3  100     3    0     0   2840      0 --:--:-- --:--:-- --:--:--  3000\n","stdout":""}}

2016-09-29T19:55:57.091544+00:00 05bf1627-ae2f-400c-b1ce-31973a9ff23f - - - [NXLOG@14506 bosh_deployment="cf-warden" bosh_job_name="uaa_z1" bosh_job_index="0" filename="/var/vcap/data/sys/log/route_registrar/route_registrar.stdout.log"] {"timestamp":"1475178954.820848703","source":"Route Registrar","message":"Route Registrar.healthchecker returned healthy for route","log_level":1,"data":{"route":{"Name":"uaa","Port":8080,"Tags":{"component":"uaa"},"URIs":["uaa.bosh-lite.com","*.uaa.bosh-lite.com","login.bosh-lite.com","*.login.bosh-lite.com"],"RouteServiceUrl":"","RegistrationInterval":4000000000,"HealthCheck":{"Name":"uaa-healthcheck","ScriptPath":"/var/vcap/jobs/uaa/bin/health_check","Timeout":2000000000}}}}

2016-09-29T19:55:57.091611+00:00 05bf1627-ae2f-400c-b1ce-31973a9ff23f - - - [NXLOG@14506 bosh_deployment="cf-warden" bosh_job_name="uaa_z1" bosh_job_index="0" filename="/var/vcap/data/sys/log/route_registrar/route_registrar.stdout.log"] {"timestamp":"1475178954.820874929","source":"Route Registrar","message":"Route Registrar.Registering route","log_level":1,"data":{"route":{"Name":"uaa","Port":8080,"Tags":{"component":"uaa"},"URIs":["uaa.bosh-lite.com","*.uaa.bosh-lite.com","login.bosh-lite.com","*.login.bosh-lite.com"],"RouteServiceUrl":"","RegistrationInterval":4000000000,"HealthCheck":{"Name":"uaa-healthcheck","ScriptPath":"/var/vcap/jobs/uaa/bin/health_check","Timeout":2000000000}}}}

2016-09-29T19:55:57.091649+00:00 05bf1627-ae2f-400c-b1ce-31973a9ff23f - - - [NXLOG@14506 bosh_deployment="cf-warden" bosh_job_name="uaa_z1" bosh_job_index="0" filename="/var/vcap/data/sys/log/route_registrar/route_registrar.stdout.log"] {"timestamp":"1475178954.821061373","source":"Route Registrar","message":"Route Registrar.Registered routes successfully","log_level":1,"data":{}}

2016-09-29T19:55:57.091683+00:00 05bf1627-ae2f-400c-b1ce-31973a9ff23f - - - [NXLOG@14506 bosh_deployment="cf-warden" bosh_job_name="uaa_z1" bosh_job_index="0" filename="/var/vcap/data/sys/log/uaa/uaa.log"] [2016-09-29 19:55:50.484] uaa - 19013 [http-nio-127.0.0.1-8989-exec-9] .... DEBUG --- AntPathRequestMatcher: Checking match of request : '/healthz'; against '/resources/**'

2016-09-29T19:55:57.091950+00:00 05bf1627-ae2f-400c-b1ce-31973a9ff23f - - - [NXLOG@14506 bosh_deployment="cf-warden" bosh_job_name="uaa_z1" bosh_job_index="0" filename="/var/vcap/data/sys/log/uaa/uaa.log"] [2016-09-29 19:55:50.484] uaa - 19013 [http-nio-127.0.0.1-8989-exec-9] .... DEBUG --- AntPathRequestMatcher: Checking match of request : '/healthz'; against '/square-logo.png'

2016-09-29T19:55:57.091988+00:00 05bf1627-ae2f-400c-b1ce-31973a9ff23f - - - [NXLOG@14506 bosh_deployment="cf-warden" bosh_job_name="uaa_z1" bosh_job_index="0" filename="/var/vcap/data/sys/log/uaa/uaa.log"] [2016-09-29 19:55:50.484] uaa - 19013 [http-nio-127.0.0.1-8989-exec-9] .... DEBUG --- AntPathRequestMatcher: Checking match of request : '/healthz'; against '/info'

2016-09-29T19:55:57.092013+00:00 05bf1627-ae2f-400c-b1ce-31973a9ff23f - - - [NXLOG@14506 bosh_deployment="cf-warden" bosh_job_name="uaa_z1" bosh_job_index="0" filename="/var/vcap/data/sys/log/uaa/uaa.log"] [2016-09-29 19:55:50.484] uaa - 19013 [http-nio-127.0.0.1-8989-exec-9] .... DEBUG --- AntPathRequestMatcher: Checking match of request : '/healthz'; against '/password/**'

2016-09-29T19:55:57.092025+00:00 05bf1627-ae2f-400c-b1ce-31973a9ff23f - - - [NXLOG@14506 bosh_deployment="cf-warden" bosh_job_name="uaa_z1" bosh_job_index="0" filename="/var/vcap/data/sys/log/uaa/uaa.log"] [2016-09-29 19:55:50.484] uaa - 19013 [http-nio-127.0.0.1-8989-exec-9] .... DEBUG --- AntPathRequestMatcher: Checking match of request : '/healthz'; against '/healthz/**'

2016-09-29T19:55:57.092035+00:00 05bf1627-ae2f-400c-b1ce-31973a9ff23f - - - [NXLOG@14506 bosh_deployment="cf-warden" bosh_job_name="uaa_z1" bosh_job_index="0" filename="/var/vcap/data/sys/log/uaa/uaa.log"] [2016-09-29 19:55:50.484] uaa - 19013 [http-nio-127.0.0.1-8989-exec-9] .... DEBUG --- FilterChainProxy: /healthz has an empty filter list

2016-09-29T19:55:57.092198+00:00 05bf1627-ae2f-400c-b1ce-31973a9ff23f - - - [NXLOG@14506 bosh_deployment="cf-warden" bosh_job_name="uaa_z1" bosh_job_index="0" filename="/var/vcap/data/sys/log/uaa/uaa.log"] [2016-09-29 19:55:50.484] uaa - 19013 [http-nio-127.0.0.1-8989-exec-9] .... DEBUG --- DispatcherServlet: DispatcherServlet with name 'spring' processing GET request for [/healthz]

2016-09-29T19:55:57.092266+00:00 05bf1627-ae2f-400c-b1ce-31973a9ff23f - - - [NXLOG@14506 bosh_deployment="cf-warden" bosh_job_name="uaa_z1" bosh_job_index="0" filename="/var/vcap/data/sys/log/uaa/uaa.log"] [2016-09-29 19:55:50.484] uaa - 19013 [http-nio-127.0.0.1-8989-exec-9] .... DEBUG --- DispatcherServlet: Last-Modified value for [/healthz] is: -1

2016-09-29T19:55:57.092303+00:00 05bf1627-ae2f-400c-b1ce-31973a9ff23f - - - [NXLOG@14506 bosh_deployment="cf-warden" bosh_job_name="uaa_z1" bosh_job_index="0" filename="/var/vcap/data/sys/log/uaa/uaa.log"] [2016-09-29 19:55:50.484] uaa - 19013 [http-nio-127.0.0.1-8989-exec-9] .... DEBUG --- RequestResponseBodyMethodProcessor: Written [ok

2016-09-29T19:55:57.092353+00:00 05bf1627-ae2f-400c-b1ce-31973a9ff23f - - - [NXLOG@14506 bosh_deployment="cf-warden" bosh_job_name="uaa_z1" bosh_job_index="0" filename="/var/vcap/data/sys/log/uaa/uaa.log"] ] as "text/plain;charset=ISO-8859-1" using [org.springframework.http.converter.StringHttpMessageConverter@178b2baf]

2016-09-29T19:55:57.092377+00:00 05bf1627-ae2f-400c-b1ce-31973a9ff23f - - - [NXLOG@14506 bosh_deployment="cf-warden" bosh_job_name="uaa_z1" bosh_job_index="0" filename="/var/vcap/data/sys/log/uaa/uaa.log"] [2016-09-29 19:55:50.485] uaa - 19013 [http-nio-127.0.0.1-8989-exec-9] .... DEBUG --- DispatcherServlet: Null ModelAndView returned to DispatcherServlet with name 'spring': assuming HandlerAdapter completed request handling

2016-09-29T19:55:57.092397+00:00 05bf1627-ae2f-400c-b1ce-31973a9ff23f - - - [NXLOG@14506 bosh_deployment="cf-warden" bosh_job_name="uaa_z1" bosh_job_index="0" filename="/var/vcap/data/sys/log/uaa/uaa.log"] [2016-09-29 19:55:50.485] uaa - 19013 [http-nio-127.0.0.1-8989-exec-9] .... DEBUG --- DispatcherServlet: Successfully completed request

2016-09-29T19:55:57.092417+00:00 05bf1627-ae2f-400c-b1ce-31973a9ff23f - - - [NXLOG@14506 bosh_deployment="cf-warden" bosh_job_name="uaa_z1" bosh_job_index="0" filename="/var/vcap/data/sys/log/uaa/uaa.log"] [2016-09-29 19:55:50.819] uaa - 19013 [http-nio-127.0.0.1-8989-exec-2] .... DEBUG --- AntPathRequestMatcher: Checking match of request : '/healthz'; against '/resources/**'

2016-09-29T19:55:57.092452+00:00 05bf1627-ae2f-400c-b1ce-31973a9ff23f - - - [NXLOG@14506 bosh_deployment="cf-warden" bosh_job_name="uaa_z1" bosh_job_index="0" filename="/var/vcap/data/sys/log/uaa/uaa.log"] [2016-09-29 19:55:50.819] uaa - 19013 [http-nio-127.0.0.1-8989-exec-2] .... DEBUG --- AntPathRequestMatcher: Checking match of request : '/healthz'; against '/square-logo.png'

2016-09-29T19:55:57.092473+00:00 05bf1627-ae2f-400c-b1ce-31973a9ff23f - - - [NXLOG@14506 bosh_deployment="cf-warden" bosh_job_name="uaa_z1" bosh_job_index="0" filename="/var/vcap/data/sys/log/uaa/uaa.log"] [2016-09-29 19:55:50.819] uaa - 19013 [http-nio-127.0.0.1-8989-exec-2] .... DEBUG --- AntPathRequestMatcher: Checking match of request : '/healthz'; against '/info'

2016-09-29T19:55:57.092492+00:00 05bf1627-ae2f-400c-b1ce-31973a9ff23f - - - [NXLOG@14506 bosh_deployment="cf-warden" bosh_job_name="uaa_z1" bosh_job_index="0" filename="/var/vcap/data/sys/log/uaa/uaa.log"] [2016-09-29 19:55:50.819] uaa - 19013 [http-nio-127.0.0.1-8989-exec-2] .... DEBUG --- AntPathRequestMatcher: Checking match of request : '/healthz'; against '/password/**'

2016-09-29T19:55:57.092511+00:00 05bf1627-ae2f-400c-b1ce-31973a9ff23f - - - [NXLOG@14506 bosh_deployment="cf-warden" bosh_job_name="uaa_z1" bosh_job_index="0" filename="/var/vcap/data/sys/log/uaa/uaa.log"] [2016-09-29 19:55:50.819] uaa - 19013 [http-nio-127.0.0.1-8989-exec-2] .... DEBUG --- AntPathRequestMatcher: Checking match of request : '/healthz'; against '/healthz/**'

2016-09-29T19:55:57.092544+00:00 05bf1627-ae2f-400c-b1ce-31973a9ff23f - - - [NXLOG@14506 bosh_deployment="cf-warden" bosh_job_name="uaa_z1" bosh_job_index="0" filename="/var/vcap/data/sys/log/uaa/uaa.log"] [2016-09-29 19:55:50.819] uaa - 19013 [http-nio-127.0.0.1-8989-exec-2] .... DEBUG --- FilterChainProxy: /healthz has an empty filter list

2016-09-29T19:55:57.092565+00:00 05bf1627-ae2f-400c-b1ce-31973a9ff23f - - - [NXLOG@14506 bosh_deployment="cf-warden" bosh_job_name="uaa_z1" bosh_job_index="0" filename="/var/vcap/data/sys/log/uaa/uaa.log"] [2016-09-29 19:55:50.819] uaa - 19013 [http-nio-127.0.0.1-8989-exec-2] .... DEBUG --- DispatcherServlet: DispatcherServlet with name 'spring' processing GET request for [/healthz]

2016-09-29T19:55:57.092584+00:00 05bf1627-ae2f-400c-b1ce-31973a9ff23f - - - [NXLOG@14506 bosh_deployment="cf-warden" bosh_job_name="uaa_z1" bosh_job_index="0" filename="/var/vcap/data/sys/log/uaa/uaa.log"] [2016-09-29 19:55:50.819] uaa - 19013 [http-nio-127.0.0.1-8989-exec-2] .... DEBUG --- DispatcherServlet: Last-Modified value for [/healthz] is: -1

2016-09-29T19:55:57.092612+00:00 05bf1627-ae2f-400c-b1ce-31973a9ff23f - - - [NXLOG@14506 bosh_deployment="cf-warden" bosh_job_name="uaa_z1" bosh_job_index="0" filename="/var/vcap/data/sys/log/uaa/uaa.log"] [2016-09-29 19:55:50.820] uaa - 19013 [http-nio-127.0.0.1-8989-exec-2] .... DEBUG --- RequestResponseBodyMethodProcessor: Written [ok

2016-09-29T19:55:57.092650+00:00 05bf1627-ae2f-400c-b1ce-31973a9ff23f - - - [NXLOG@14506 bosh_deployment="cf-warden" bosh_job_name="uaa_z1" bosh_job_index="0" filename="/var/vcap/data/sys/log/uaa/uaa.log"] ] as "text/plain;charset=ISO-8859-1" using [org.springframework.http.converter.StringHttpMessageConverter@178b2baf]

2016-09-29T19:55:57.092661+00:00 05bf1627-ae2f-400c-b1ce-31973a9ff23f - - - [NXLOG@14506 bosh_deployment="cf-warden" bosh_job_name="uaa_z1" bosh_job_index="0" filename="/var/vcap/data/sys/log/uaa/uaa.log"] [2016-09-29 19:55:50.820] uaa - 19013 [http-nio-127.0.0.1-8989-exec-2] .... DEBUG --- DispatcherServlet: Null ModelAndView returned to DispatcherServlet with name 'spring': assuming HandlerAdapter completed request handling

2016-09-29T19:55:57.092671+00:00 05bf1627-ae2f-400c-b1ce-31973a9ff23f - - - [NXLOG@14506 bosh_deployment="cf-warden" bosh_job_name="uaa_z1" bosh_job_index="0" filename="/var/vcap/data/sys/log/uaa/uaa.log"] [2016-09-29 19:55:50.820] uaa - 19013 [http-nio-127.0.0.1-8989-exec-2] .... DEBUG --- DispatcherServlet: Successfully completed request

2016-09-29T19:55:57.092680+00:00 05bf1627-ae2f-400c-b1ce-31973a9ff23f - - - [NXLOG@14506 bosh_deployment="cf-warden" bosh_job_name="uaa_z1" bosh_job_index="0" filename="/var/vcap/data/sys/log/uaa/uaa.log"] [2016-09-29 19:55:51.165] uaa - 19013 [pool-2-thread-1] .... DEBUG --- JdbcTemplate: Executing SQL query [select count(*) from oauth_client_details]

2016-09-29T19:55:57.092702+00:00 05bf1627-ae2f-400c-b1ce-31973a9ff23f - - - [NXLOG@14506 bosh_deployment="cf-warden" bosh_job_name="uaa_z1" bosh_job_index="0" filename="/var/vcap/data/sys/log/uaa/uaa.log"] [2016-09-29 19:55:51.167] uaa - 19013 [pool-2-thread-1] .... DEBUG --- JdbcTemplate: Executing SQL query [select count(*) from users]

2016-09-29T19:55:57.092713+00:00 05bf1627-ae2f-400c-b1ce-31973a9ff23f - - - [NXLOG@14506 bosh_deployment="cf-warden" bosh_job_name="uaa_z1" bosh_job_index="0" filename="/var/vcap/data/sys/log/uaa/uaa.log"] [2016-09-29 19:55:54.817] uaa - 19013 [http-nio-127.0.0.1-8989-exec-1] .... DEBUG --- AntPathRequestMatcher: Checking match of request : '/healthz'; against '/resources/**'

2016-09-29T19:55:57.092723+00:00 05bf1627-ae2f-400c-b1ce-31973a9ff23f - - - [NXLOG@14506 bosh_deployment="cf-warden" bosh_job_name="uaa_z1" bosh_job_index="0" filename="/var/vcap/data/sys/log/uaa/uaa.log"] [2016-09-29 19:55:54.817] uaa - 19013 [http-nio-127.0.0.1-8989-exec-1] .... DEBUG --- AntPathRequestMatcher: Checking match of request : '/healthz'; against '/square-logo.png'

2016-09-29T19:55:57.092732+00:00 05bf1627-ae2f-400c-b1ce-31973a9ff23f - - - [NXLOG@14506 bosh_deployment="cf-warden" bosh_job_name="uaa_z1" bosh_job_index="0" filename="/var/vcap/data/sys/log/uaa/uaa.log"] [2016-09-29 19:55:54.817] uaa - 19013 [http-nio-127.0.0.1-8989-exec-1] .... DEBUG --- AntPathRequestMatcher: Checking match of request : '/healthz'; against '/info'

2016-09-29T19:55:57.092752+00:00 05bf1627-ae2f-400c-b1ce-31973a9ff23f - - - [NXLOG@14506 bosh_deployment="cf-warden" bosh_job_name="uaa_z1" bosh_job_index="0" filename="/var/vcap/data/sys/log/uaa/uaa.log"] [2016-09-29 19:55:54.817] uaa - 19013 [http-nio-127.0.0.1-8989-exec-1] .... DEBUG --- AntPathRequestMatcher: Checking match of request : '/healthz'; against '/password/**'

2016-09-29T19:55:57.092762+00:00 05bf1627-ae2f-400c-b1ce-31973a9ff23f - - - [NXLOG@14506 bosh_deployment="cf-warden" bosh_job_name="uaa_z1" bosh_job_index="0" filename="/var/vcap/data/sys/log/uaa/uaa.log"] [2016-09-29 19:55:54.817] uaa - 19013 [http-nio-127.0.0.1-8989-exec-1] .... DEBUG --- AntPathRequestMatcher: Checking match of request : '/healthz'; against '/healthz/**'

2016-09-29T19:55:57.092780+00:00 05bf1627-ae2f-400c-b1ce-31973a9ff23f - - - [NXLOG@14506 bosh_deployment="cf-warden" bosh_job_name="uaa_z1" bosh_job_index="0" filename="/var/vcap/data/sys/log/uaa/uaa.log"] [2016-09-29 19:55:54.817] uaa - 19013 [http-nio-127.0.0.1-8989-exec-1] .... DEBUG --- FilterChainProxy: /healthz has an empty filter list

2016-09-29T19:55:57.092790+00:00 05bf1627-ae2f-400c-b1ce-31973a9ff23f - - - [NXLOG@14506 bosh_deployment="cf-warden" bosh_job_name="uaa_z1" bosh_job_index="0" filename="/var/vcap/data/sys/log/uaa/uaa.log"] [2016-09-29 19:55:54.817] uaa - 19013 [http-nio-127.0.0.1-8989-exec-1] .... DEBUG --- DispatcherServlet: DispatcherServlet with name 'spring' processing GET request for [/healthz]

2016-09-29T19:55:57.092799+00:00 05bf1627-ae2f-400c-b1ce-31973a9ff23f - - - [NXLOG@14506 bosh_deployment="cf-warden" bosh_job_name="uaa_z1" bosh_job_index="0" filename="/var/vcap/data/sys/log/uaa/uaa.log"] [2016-09-29 19:55:54.817] uaa - 19013 [http-nio-127.0.0.1-8989-exec-1] .... DEBUG --- DispatcherServlet: Last-Modified value for [/healthz] is: -1

2016-09-29T19:55:57.092846+00:00 05bf1627-ae2f-400c-b1ce-31973a9ff23f - - - [NXLOG@14506 bosh_deployment="cf-warden" bosh_job_name="uaa_z1" bosh_job_index="0" filename="/var/vcap/data/sys/log/uaa/uaa.log"] [2016-09-29 19:55:54.818] uaa - 19013 [http-nio-127.0.0.1-8989-exec-1] .... DEBUG --- RequestResponseBodyMethodProcessor: Written [ok

2016-09-29T19:55:57.092868+00:00 05bf1627-ae2f-400c-b1ce-31973a9ff23f - - - [NXLOG@14506 bosh_deployment="cf-warden" bosh_job_name="uaa_z1" bosh_job_index="0" filename="/var/vcap/data/sys/log/uaa/uaa.log"] ] as "text/plain;charset=ISO-8859-1" using [org.springframework.http.converter.StringHttpMessageConverter@178b2baf]

2016-09-29T19:55:57.092877+00:00 05bf1627-ae2f-400c-b1ce-31973a9ff23f - - - [NXLOG@14506 bosh_deployment="cf-warden" bosh_job_name="uaa_z1" bosh_job_index="0" filename="/var/vcap/data/sys/log/uaa/uaa.log"] [2016-09-29 19:55:54.818] uaa - 19013 [http-nio-127.0.0.1-8989-exec-1] .... DEBUG --- DispatcherServlet: Null ModelAndView returned to DispatcherServlet with name 'spring': assuming HandlerAdapter completed request handling

2016-09-29T19:55:57.092887+00:00 05bf1627-ae2f-400c-b1ce-31973a9ff23f - - - [NXLOG@14506 bosh_deployment="cf-warden" bosh_job_name="uaa_z1" bosh_job_index="0" filename="/var/vcap/data/sys/log/uaa/uaa.log"] [2016-09-29 19:55:54.818] uaa - 19013 [http-nio-127.0.0.1-8989-exec-1] .... DEBUG --- DispatcherServlet: Successfully completed request

2016-09-29T19:55:57.092896+00:00 05bf1627-ae2f-400c-b1ce-31973a9ff23f - - - [NXLOG@14506 bosh_deployment="cf-warden" bosh_job_name="uaa_z1" bosh_job_index="0" filename="/var/vcap/data/sys/log/uaa/uaa.log"] [2016-09-29 19:55:56.155] uaa - 19013 [pool-2-thread-1] .... DEBUG --- JdbcTemplate: Executing SQL query [select count(*) from oauth_client_details]

2016-09-29T19:55:57.092916+00:00 05bf1627-ae2f-400c-b1ce-31973a9ff23f - - - [NXLOG@14506 bosh_deployment="cf-warden" bosh_job_name="uaa_z1" bosh_job_index="0" filename="/var/vcap/data/sys/log/uaa/uaa.log"] [2016-09-29 19:55:56.157] uaa - 19013 [pool-2-thread-1] .... DEBUG --- JdbcTemplate: Executing SQL query [select count(*) from users]

2016-09-29T19:55:57.092687+00:00 b0fa19c0-86de-4447-a670-3f7adbd0b3c1 - - - [NXLOG@14506 bosh_deployment="cf-warden" bosh_job_name="api_z1" bosh_job_index="0" filename="/var/vcap/data/sys/log/cloud_controller_worker/cloud_controller_worker.log"] {"timestamp":1475178949.9573004,"message":"(0.000900s) SELECT * FROM \"delayed_jobs\" WHERE ((((\"run_at\" <= '2016-09-29 19:55:49.955765+0000') AND (\"locked_at\" IS NULL)) OR (\"locked_by\" = 'cc_global_worker.api_z1.0.1')) AND (\"failed_at\" IS NULL) AND (\"queue\" IN ('cc-generic'))) ORDER BY \"priority\" ASC, \"run_at\" ASC LIMIT 5","log_level":"debug2","source":"cc.background","data":{},"thread_id":47193737007380,"fiber_id":47193773841900,"process_id":15807,"file":"/var/vcap/packages/cloud_controller_ng/cloud_controller_ng/vendor/bundle/ruby/2.3.0/gems/sequel-4.29.0/lib/sequel/database/logging.rb","lineno":70,"method":"block in log_each"}

2016-09-29T19:55:57.092852+00:00 b0fa19c0-86de-4447-a670-3f7adbd0b3c1 - - - [NXLOG@14506 bosh_deployment="cf-warden" bosh_job_name="api_z1" bosh_job_index="0" filename="/var/vcap/data/sys/log/cloud_controller_worker/cloud_controller_worker.log"] {"timestamp":1475178954.9765086,"message":"(0.000532s) SELECT * FROM \"delayed_jobs\" WHERE ((((\"run_at\" <= '2016-09-29 19:55:54.975449+0000') AND (\"locked_at\" IS NULL)) OR (\"locked_by\" = 'cc_global_worker.api_z1.0.1')) AND (\"failed_at\" IS NULL) AND (\"queue\" IN ('cc-generic'))) ORDER BY \"priority\" ASC, \"run_at\" ASC LIMIT 5","log_level":"debug2","source":"cc.background","data":{},"thread_id":47193737007380,"fiber_id":47193773841900,"process_id":15807,"file":"/var/vcap/packages/cloud_controller_ng/cloud_controller_ng/vendor/bundle/ruby/2.3.0/gems/sequel-4.29.0/lib/sequel/database/logging.rb","lineno":70,"method":"block in log_each"}

2016-09-29T19:55:57.093061+00:00 b0fa19c0-86de-4447-a670-3f7adbd0b3c1 - - - [NXLOG@14506 bosh_deployment="cf-warden" bosh_job_name="api_z1" bosh_job_index="0" filename="/var/vcap/data/sys/log/nginx_cc/nginx.access.log"] 10.244.0.138 - [29/Sep/2016:19:55:56 +0000] "GET /v2/info HTTP/1.1" 200 802 "-" "monit/5.2.5" 10.244.0.138 vcap_request_id:03bc2abb-f0ba-489e-9928-f5a26d6b007c response_time:0.004

2016-09-29T19:55:57.093202+00:00 b0fa19c0-86de-4447-a670-3f7adbd0b3c1 - - - [NXLOG@14506 bosh_deployment="cf-warden" bosh_job_name="api_z1" bosh_job_index="0" filename="/var/vcap/data/sys/log/cloud_controller_ng/cloud_controller_ng.log"] {"timestamp":1475178950.0367289,"message":"(0.000573s) SELECT * FROM \"delayed_jobs\" WHERE ((((\"run_at\" <= '2016-09-29 19:55:50.035566+0000') AND (\"locked_at\" IS NULL)) OR (\"locked_by\" = 'cc_api_worker.api_z1.0.2')) AND (\"failed_at\" IS NULL) AND (\"queue\" IN ('cc-api_z1-0'))) ORDER BY \"priority\" ASC, \"run_at\" ASC LIMIT 5","log_level":"debug2","source":"cc.background","data":{},"thread_id":47118928261380,"fiber_id":47118965175380,"process_id":15629,"file":"/var/vcap/packages/cloud_controller_ng/cloud_controller_ng/vendor/bundle/ruby/2.3.0/gems/sequel-4.29.0/lib/sequel/database/logging.rb","lineno":70,"method":"block in log_each"}

2016-09-29T19:55:57.093266+00:00 b0fa19c0-86de-4447-a670-3f7adbd0b3c1 - - - [NXLOG@14506 bosh_deployment="cf-warden" bosh_job_name="api_z1" bosh_job_index="0" filename="/var/vcap/data/sys/log/cloud_controller_ng/cloud_controller_ng.log"] {"timestamp":1475178951.4591532,"message":"(0.000623s) SELECT * FROM \"delayed_jobs\" WHERE ((((\"run_at\" <= '2016-09-29 19:55:51.457986+0000') AND (\"locked_at\" IS NULL)) OR (\"locked_by\" = 'cc_api_worker.api_z1.0.1')) AND (\"failed_at\" IS NULL) AND (\"queue\" IN ('cc-api_z1-0'))) ORDER BY \"priority\" ASC, \"run_at\" ASC LIMIT 5","log_level":"debug2","source":"cc.background","data":{},"thread_id":47452862460180,"fiber_id":47452899698480,"process_id":15587,"file":"/var/vcap/packages/cloud_controller_ng/cloud_controller_ng/vendor/bundle/ruby/2.3.0/gems/sequel-4.29.0/lib/sequel/database/logging.rb","lineno":70,"method":"block in log_each"}

2016-09-29T19:55:57.093308+00:00 b0fa19c0-86de-4447-a670-3f7adbd0b3c1 - - - [NXLOG@14506 bosh_deployment="cf-warden" bosh_job_name="api_z1" bosh_job_index="0" filename="/var/vcap/data/sys/log/cloud_controller_ng/cloud_controller_ng.log"] {"timestamp":1475178955.0593746,"message":"(0.000604s) SELECT * FROM \"delayed_jobs\" WHERE ((((\"run_at\" <= '2016-09-29 19:55:55.058218+0000') AND (\"locked_at\" IS NULL)) OR (\"locked_by\" = 'cc_api_worker.api_z1.0.2')) AND (\"failed_at\" IS NULL) AND (\"queue\" IN ('cc-api_z1-0'))) ORDER BY \"priority\" ASC, \"run_at\" ASC LIMIT 5","log_level":"debug2","source":"cc.background","data":{},"thread_id":47118928261380,"fiber_id":47118965175380,"process_id":15629,"file":"/var/vcap/packages/cloud_controller_ng/cloud_controller_ng/vendor/bundle/ruby/2.3.0/gems/sequel-4.29.0/lib/sequel/database/logging.rb","lineno":70,"method":"block in log_each"}

2016-09-29T19:55:57.093344+00:00 b0fa19c0-86de-4447-a670-3f7adbd0b3c1 - - - [NXLOG@14506 bosh_deployment="cf-warden" bosh_job_name="api_z1" bosh_job_index="0" filename="/var/vcap/data/sys/log/cloud_controller_ng/cloud_controller_ng.log"] {"timestamp":1475178956.4852638,"message":"(0.000640s) SELECT * FROM \"delayed_jobs\" WHERE ((((\"run_at\" <= '2016-09-29 19:55:56.484097+0000') AND (\"locked_at\" IS NULL)) OR (\"locked_by\" = 'cc_api_worker.api_z1.0.1')) AND (\"failed_at\" IS NULL) AND (\"queue\" IN ('cc-api_z1-0'))) ORDER BY \"priority\" ASC, \"run_at\" ASC LIMIT 5","log_level":"debug2","source":"cc.background","data":{},"thread_id":47452862460180,"fiber_id":47452899698480,"process_id":15587,"file":"/var/vcap/packages/cloud_controller_ng/cloud_controller_ng/vendor/bundle/ruby/2.3.0/gems/sequel-4.29.0/lib/sequel/database/logging.rb","lineno":70,"method":"block in log_each"}

2016-09-29T19:55:57.093367+00:00 b0fa19c0-86de-4447-a670-3f7adbd0b3c1 - - - [NXLOG@14506 bosh_deployment="cf-warden" bosh_job_name="api_z1" bosh_job_index="0" filename="/var/vcap/data/sys/log/cloud_controller_ng/cloud_controller_ng.log"] {"timestamp":1475178956.72627,"message":"Statsd: cc.requests.outstanding:1|c","log_level":"debug","source":"statsd.client","data":{},"thread_id":47062185508960,"fiber_id":47062150331380,"process_id":15535,"file":"/var/vcap/packages/cloud_controller_ng/cloud_controller_ng/vendor/bundle/ruby/2.3.0/gems/statsd-ruby-1.2.1/lib/statsd.rb","lineno":254,"method":"send_to_socket"}

2016-09-29T19:55:57.093380+00:00 b0fa19c0-86de-4447-a670-3f7adbd0b3c1 - - - [NXLOG@14506 bosh_deployment="cf-warden" bosh_job_name="api_z1" bosh_job_index="0" filename="/var/vcap/data/sys/log/cloud_controller_ng/cloud_controller_ng.log"] {"timestamp":1475178956.72702,"message":"Started GET \"/v2/info\" for user: , ip: 127.0.0.1 with vcap-request-id: 03bc2abb-f0ba-489e-9928-f5a26d6b007c at 2016-09-29 19:55:56 UTC","log_level":"info","source":"cc.api","data":{},"thread_id":47062185508960,"fiber_id":47062150331380,"process_id":15535,"file":"/var/vcap/packages/cloud_controller_ng/cloud_controller_ng/middleware/request_logs.rb","lineno":12,"method":"call"}

2016-09-29T19:55:57.093399+00:00 b0fa19c0-86de-4447-a670-3f7adbd0b3c1 - - - [NXLOG@14506 bosh_deployment="cf-warden" bosh_job_name="api_z1" bosh_job_index="0" filename="/var/vcap/data/sys/log/cloud_controller_ng/cloud_controller_ng.log"] {"timestamp":1475178956.7277849,"message":"dispatch VCAP::CloudController::InfoController get /v2/info","log_level":"debug","source":"cc.api","data":{"request_guid":"03bc2abb-f0ba-489e-9928-f5a26d6b007c"},"thread_id":47062185508960,"fiber_id":47062150331380,"process_id":15535,"file":"/var/vcap/data/packages/cloud_controller_ng/f87cb49aa2cd87792cb9c2211a79e1542502be4d.1-b1a5f3c830cb6c32ae9e685628b24aa967f5ae54/cloud_controller_ng/lib/cloud_controller/rest_controller/routes.rb","lineno":12,"method":"block in define_route"}

2016-09-29T19:55:57.093416+00:00 b0fa19c0-86de-4447-a670-3f7adbd0b3c1 - - - [NXLOG@14506 bosh_deployment="cf-warden" bosh_job_name="api_z1" bosh_job_index="0" filename="/var/vcap/data/sys/log/cloud_controller_ng/cloud_controller_ng.log"] {"timestamp":1475178956.7281651,"message":"parse_params: {} ","log_level":"debug","source":"cc.api","data":{"request_guid":"03bc2abb-f0ba-489e-9928-f5a26d6b007c"},"thread_id":47062185508960,"fiber_id":47062150331380,"process_id":15535,"file":"/var/vcap/data/packages/cloud_controller_ng/f87cb49aa2cd87792cb9c2211a79e1542502be4d.1-b1a5f3c830cb6c32ae9e685628b24aa967f5ae54/cloud_controller_ng/lib/cloud_controller/rest_controller/common_params.rb","lineno":10,"method":"parse"}

2016-09-29T19:55:57.093476+00:00 b0fa19c0-86de-4447-a670-3f7adbd0b3c1 - - - [NXLOG@14506 bosh_deployment="cf-warden" bosh_job_name="api_z1" bosh_job_index="0" filename="/var/vcap/data/sys/log/cloud_controller_ng/cloud_controller_ng.log"] {"timestamp":1475178956.728344,"message":"cc.dispatch","log_level":"debug","source":"cc.api","data":{"request_guid":"03bc2abb-f0ba-489e-9928-f5a26d6b007c","endpoint":"read","args":[]},"thread_id":47062185508960,"fiber_id":47062150331380,"process_id":15535,"file":"/var/vcap/data/packages/cloud_controller_ng/f87cb49aa2cd87792cb9c2211a79e1542502be4d.1-b1a5f3c830cb6c32ae9e685628b24aa967f5ae54/cloud_controller_ng/app/controllers/base/base_controller.rb","lineno":78,"method":"dispatch"}

2016-09-29T19:55:57.093511+00:00 b0fa19c0-86de-4447-a670-3f7adbd0b3c1 - - - [NXLOG@14506 bosh_deployment="cf-warden" bosh_job_name="api_z1" bosh_job_index="0" filename="/var/vcap/data/sys/log/cloud_controller_ng/cloud_controller_ng.log"] {"timestamp":1475178956.7286928,"message":"Completed 200 vcap-request-id: 03bc2abb-f0ba-489e-9928-f5a26d6b007c","log_level":"info","source":"cc.api","data":{},"thread_id":47062185508960,"fiber_id":47062150331380,"process_id":15535,"file":"/var/vcap/packages/cloud_controller_ng/cloud_controller_ng/middleware/request_logs.rb","lineno":24,"method":"call"}

2016-09-29T19:55:57.093602+00:00 b0fa19c0-86de-4447-a670-3f7adbd0b3c1 - - - [NXLOG@14506 bosh_deployment="cf-warden" bosh_job_name="api_z1" bosh_job_index="0" filename="/var/vcap/data/sys/log/cloud_controller_ng/cloud_controller_ng.log"] {"timestamp":1475178956.728855,"message":"Statsd: cc.requests.outstanding:-1|c\ncc.requests.completed:1|c\ncc.http_status.2XX:1|c","log_level":"debug","source":"statsd.client","data":{},"thread_id":47062185508960,"fiber_id":47062150331380,"process_id":15535,"file":"/var/vcap/packages/cloud_controller_ng/cloud_controller_ng/vendor/bundle/ruby/2.3.0/gems/statsd-ruby-1.2.1/lib/statsd.rb","lineno":254,"method":"send_to_socket"}

2016-09-29T19:55:57.093192+00:00 152ab062-1f32-4789-910a-13bdc79651b2 - - - [NXLOG@14506 bosh_deployment="cf-warden" bosh_job_name="hm9000_z1" bosh_job_index="0" filename="/var/vcap/data/sys/log/hm9000/hm9000_listener.log"] {"timestamp":"1475178951.722916365","source":"listener","message":"listener.Received a heartbeat","log_level":1,"data":{"Heartbeats Pending Save":"1"}}

2016-09-29T19:55:57.093289+00:00 152ab062-1f32-4789-910a-13bdc79651b2 - - - [NXLOG@14506 bosh_deployment="cf-warden" bosh_job_name="hm9000_z1" bosh_job_index="0" filename="/var/vcap/data/sys/log/hm9000/hm9000_listener.log"] {"timestamp":"1475178951.816035032","source":"listener","message":"listener.Saving Heartbeats","log_level":1,"data":{"Heartbeats to Save":"1"}}

2016-09-29T19:55:57.093344+00:00 152ab062-1f32-4789-910a-13bdc79651b2 - - - [NXLOG@14506 bosh_deployment="cf-warden" bosh_job_name="hm9000_z1" bosh_job_index="0" filename="/var/vcap/data/sys/log/hm9000/hm9000_listener.log"] {"timestamp":"1475178951.822386265","source":"listener","message":"listener.Bumped freshness","log_level":1,"data":{}}

2016-09-29T19:55:57.093446+00:00 152ab062-1f32-4789-910a-13bdc79651b2 - - - [NXLOG@14506 bosh_deployment="cf-warden" bosh_job_name="hm9000_z1" bosh_job_index="0" filename="/var/vcap/data/sys/log/hm9000/hm9000_listener.log"] {"timestamp":"1475178951.822408915","source":"listener","message":"listener.Saved Heartbeats","log_level":1,"data":{"Duration":"6.295617ms","Heartbeats to Save":"1"}}

2016-09-29T19:56:06.963599+00:00 bfc626ef-a2eb-4bad-8f71-fa1d6d0f927f - - - [NXLOG@14506 bosh_deployment="cf-warden" bosh_job_name="loggregator_trafficcontroller_z1" bosh_job_index="0" filename="/var/vcap/data/sys/log/route_registrar/route_registrar.stdout.log"] {"timestamp":"1475178966.734323740","source":"Route Registrar","message":"Route Registrar.no healthchecker found for route","log_level":1,"data":{"route":{"Name":"loggregator","Port":8080,"Tags":null,"URIs":["loggregator.bosh-lite.com"],"RouteServiceUrl":"","RegistrationInterval":20000000000,"HealthCheck":null}}}

2016-09-29T19:56:06.963774+00:00 bfc626ef-a2eb-4bad-8f71-fa1d6d0f927f - - - [NXLOG@14506 bosh_deployment="cf-warden" bosh_job_name="loggregator_trafficcontroller_z1" bosh_job_index="0" filename="/var/vcap/data/sys/log/route_registrar/route_registrar.stdout.log"] {"timestamp":"1475178966.734544992","source":"Route Registrar","message":"Route Registrar.Registering route","log_level":1,"data":{"route":{"Name":"loggregator","Port":8080,"Tags":null,"URIs":["loggregator.bosh-lite.com"],"RouteServiceUrl":"","RegistrationInterval":20000000000,"HealthCheck":null}}}

2016-09-29T19:56:06.963901+00:00 bfc626ef-a2eb-4bad-8f71-fa1d6d0f927f - - - [NXLOG@14506 bosh_deployment="cf-warden" bosh_job_name="loggregator_trafficcontroller_z1" bosh_job_index="0" filename="/var/vcap/data/sys/log/route_registrar/route_registrar.stdout.log"] {"timestamp":"1475178966.734682560","source":"Route Registrar","message":"Route Registrar.Registered routes successfully","log_level":1,"data":{}}

2016-09-29T19:56:06.963953+00:00 bfc626ef-a2eb-4bad-8f71-fa1d6d0f927f - - - [NXLOG@14506 bosh_deployment="cf-warden" bosh_job_name="loggregator_trafficcontroller_z1" bosh_job_index="0" filename="/var/vcap/data/sys/log/route_registrar/route_registrar.stdout.log"] {"timestamp":"1475178966.734708786","source":"Route Registrar","message":"Route Registrar.no healthchecker found for route","log_level":1,"data":{"route":{"Name":"doppler","Port":8081,"Tags":null,"URIs":["doppler.bosh-lite.com"],"RouteServiceUrl":"","RegistrationInterval":20000000000,"HealthCheck":null}}}

2016-09-29T19:56:06.964052+00:00 bfc626ef-a2eb-4bad-8f71-fa1d6d0f927f - - - [NXLOG@14506 bosh_deployment="cf-warden" bosh_job_name="loggregator_trafficcontroller_z1" bosh_job_index="0" filename="/var/vcap/data/sys/log/route_registrar/route_registrar.stdout.log"] {"timestamp":"1475178966.734738827","source":"Route Registrar","message":"Route Registrar.Registering route","log_level":1,"data":{"route":{"Name":"doppler","Port":8081,"Tags":null,"URIs":["doppler.bosh-lite.com"],"RouteServiceUrl":"","RegistrationInterval":20000000000,"HealthCheck":null}}}

2016-09-29T19:56:06.964083+00:00 bfc626ef-a2eb-4bad-8f71-fa1d6d0f927f - - - [NXLOG@14506 bosh_deployment="cf-warden" bosh_job_name="loggregator_trafficcontroller_z1" bosh_job_index="0" filename="/var/vcap/data/sys/log/route_registrar/route_registrar.stdout.log"] {"timestamp":"1475178966.734859228","source":"Route Registrar","message":"Route Registrar.Registered routes successfully","log_level":1,"data":{}}

2016-09-29T19:56:06.964408+00:00 81da04d2-3e1d-4a50-80cd-e5b2e7a3a719 - - - [NXLOG@14506 bosh_deployment="cf-warden" bosh_job_name="router_z1" bosh_job_index="0" filename="/var/vcap/data/sys/log/gorouter/access.log"] api.bosh-lite.com - [29/09/2016:19:56:00.913 +0000] "GET /v2/syslog_drain_urls?batch_size=1000 HTTP/1.1" 200 0 42 "-" "Go-http-client/1.1" 10.244.0.34:40142 x_forwarded_for:"10.244.0.146" x_forwarded_proto:"https" vcap_request_id:81494405-59b6-4348-79bd-c96e0a8a7fc6 response_time:0.006214795 app_id:

2016-09-29T19:56:06.965186+00:00 fc52b791-0068-48d0-b63d-a9600b8fa32e - - - [NXLOG@14506 bosh_deployment="cf-warden" bosh_job_name="runner_z1" bosh_job_index="0" filename="/var/vcap/data/sys/log/dea_next/dea_next.log"] {"timestamp":1475178961.7114553,"message":"hm9000.heartbeat.sending","log_level":"debug","source":"Dea::Bootstrap","data":{"destination":"https://listener-hm9000.service.cf.internal:5335/dea/heartbeat"},"thread_id":47241037142420,"fiber_id":47241050325380,"process_id":6941,"file":"/var/vcap/packages/dea_next/lib/dea/utils/hm9000.rb","lineno":29,"method":"send_heartbeat"}

2016-09-29T19:56:06.965332+00:00 fc52b791-0068-48d0-b63d-a9600b8fa32e - - - [NXLOG@14506 bosh_deployment="cf-warden" bosh_job_name="runner_z1" bosh_job_index="0" filename="/var/vcap/data/sys/log/dea_next/dea_next.log"] {"timestamp":1475178961.7140474,"message":"hm9000.heartbeat.accepted","log_level":"debug","source":"Dea::Bootstrap","data":{},"thread_id":47241050154600,"fiber_id":47241049451020,"process_id":6941,"file":"/var/vcap/packages/dea_next/lib/dea/utils/hm9000.rb","lineno":49,"method":"handle_http_response"}

2016-09-29T19:56:06.965389+00:00 fc52b791-0068-48d0-b63d-a9600b8fa32e - - - [NXLOG@14506 bosh_deployment="cf-warden" bosh_job_name="runner_z1" bosh_job_index="0" filename="/var/vcap/data/sys/log/dea_next/dea_next.log"] {"timestamp":1475178966.1168563,"message":"Reaping orphaned containers","log_level":"debug","source":"Dea::Bootstrap","data":{},"thread_id":47241037142420,"fiber_id":47241050325380,"process_id":6941,"file":"/var/vcap/packages/dea_next/lib/dea/bootstrap.rb","lineno":236,"method":"reap_orphaned_containers"}

2016-09-29T19:56:07.090294+00:00 05bf1627-ae2f-400c-b1ce-31973a9ff23f - - - [NXLOG@14506 bosh_deployment="cf-warden" bosh_job_name="uaa_z1" bosh_job_index="0" filename="/var/vcap/data/sys/log/uaa/localhost_access.log"] 127.0.0.1 - - [29/Sep/2016:19:55:50 +0000] "GET /healthz HTTP/1.1" 200 3

2016-09-29T19:56:07.090381+00:00 05bf1627-ae2f-400c-b1ce-31973a9ff23f - - - [NXLOG@14506 bosh_deployment="cf-warden" bosh_job_name="uaa_z1" bosh_job_index="0" filename="/var/vcap/data/sys/log/uaa/localhost_access.log"] 127.0.0.1 - - [29/Sep/2016:19:55:50 +0000] "GET /healthz HTTP/1.1" 200 3

2016-09-29T19:56:07.090588+00:00 05bf1627-ae2f-400c-b1ce-31973a9ff23f - - - [NXLOG@14506 bosh_deployment="cf-warden" bosh_job_name="uaa_z1" bosh_job_index="0" filename="/var/vcap/data/sys/log/uaa/localhost_access.log"] 127.0.0.1 - - [29/Sep/2016:19:55:54 +0000] "GET /healthz HTTP/1.1" 200 3

2016-09-29T19:56:07.090649+00:00 05bf1627-ae2f-400c-b1ce-31973a9ff23f - - - [NXLOG@14506 bosh_deployment="cf-warden" bosh_job_name="uaa_z1" bosh_job_index="0" filename="/var/vcap/data/sys/log/route_registrar/route_registrar.stdout.log"] {"timestamp":"1475178958.809546232","source":"Route Registrar","message":"Route Registrar.Executing script","log_level":1,"data":{"scriptPath":"/var/vcap/jobs/uaa/bin/health_check"}}

2016-09-29T19:56:07.090760+00:00 05bf1627-ae2f-400c-b1ce-31973a9ff23f - - - [NXLOG@14506 bosh_deployment="cf-warden" bosh_job_name="uaa_z1" bosh_job_index="0" filename="/var/vcap/data/sys/log/route_registrar/route_registrar.stdout.log"] {"timestamp":"1475178958.825532436","source":"Route Registrar","message":"Route Registrar.Script exited without error","log_level":1,"data":{"script":"/var/vcap/jobs/uaa/bin/health_check","stderr":"  % Total    % Received % Xferd  Average Speed   Time    Time     Time  Current\n                                 Dload  Upload   Total   Spent    Left  Speed\n\r  0     0    0     0    0     0      0      0 --:--:-- --:--:-- --:--:--     0\r100     3  100     3    0     0   2491      0 --:--:-- --:--:-- --:--:--  3000\n","stdout":""}}

2016-09-29T19:56:07.090967+00:00 05bf1627-ae2f-400c-b1ce-31973a9ff23f - - - [NXLOG@14506 bosh_deployment="cf-warden" bosh_job_name="uaa_z1" bosh_job_index="0" filename="/var/vcap/data/sys/log/route_registrar/route_registrar.stdout.log"] {"timestamp":"1475178958.825607777","source":"Route Registrar","message":"Route Registrar.healthchecker returned healthy for route","log_level":1,"data":{"route":{"Name":"uaa","Port":8080,"Tags":{"component":"uaa"},"URIs":["uaa.bosh-lite.com","*.uaa.bosh-lite.com","login.bosh-lite.com","*.login.bosh-lite.com"],"RouteServiceUrl":"","RegistrationInterval":4000000000,"HealthCheck":{"Name":"uaa-healthcheck","ScriptPath":"/var/vcap/jobs/uaa/bin/health_check","Timeout":2000000000}}}}

2016-09-29T19:56:07.091042+00:00 05bf1627-ae2f-400c-b1ce-31973a9ff23f - - - [NXLOG@14506 bosh_deployment="cf-warden" bosh_job_name="uaa_z1" bosh_job_index="0" filename="/var/vcap/data/sys/log/route_registrar/route_registrar.stdout.log"] {"timestamp":"1475178958.825632095","source":"Route Registrar","message":"Route Registrar.Registering route","log_level":1,"data":{"route":{"Name":"uaa","Port":8080,"Tags":{"component":"uaa"},"URIs":["uaa.bosh-lite.com","*.uaa.bosh-lite.com","login.bosh-lite.com","*.login.bosh-lite.com"],"RouteServiceUrl":"","RegistrationInterval":4000000000,"HealthCheck":{"Name":"uaa-healthcheck","ScriptPath":"/var/vcap/jobs/uaa/bin/health_check","Timeout":2000000000}}}}

2016-09-29T19:56:07.091078+00:00 05bf1627-ae2f-400c-b1ce-31973a9ff23f - - - [NXLOG@14506 bosh_deployment="cf-warden" bosh_job_name="uaa_z1" bosh_job_index="0" filename="/var/vcap/data/sys/log/route_registrar/route_registrar.stdout.log"] {"timestamp":"1475178958.825688839","source":"Route Registrar","message":"Route Registrar.Registered routes successfully","log_level":1,"data":{}}

2016-09-29T19:56:07.091108+00:00 05bf1627-ae2f-400c-b1ce-31973a9ff23f - - - [NXLOG@14506 bosh_deployment="cf-warden" bosh_job_name="uaa_z1" bosh_job_index="0" filename="/var/vcap/data/sys/log/route_registrar/route_registrar.stdout.log"] {"timestamp":"1475178962.808206797","source":"Route Registrar","message":"Route Registrar.Executing script","log_level":1,"data":{"scriptPath":"/var/vcap/jobs/uaa/bin/health_check"}}

2016-09-29T19:56:07.091473+00:00 05bf1627-ae2f-400c-b1ce-31973a9ff23f - - - [NXLOG@14506 bosh_deployment="cf-warden" bosh_job_name="uaa_z1" bosh_job_index="0" filename="/var/vcap/data/sys/log/route_registrar/route_registrar.stdout.log"] {"timestamp":"1475178962.824281931","source":"Route Registrar","message":"Route Registrar.Script exited without error","log_level":1,"data":{"script":"/var/vcap/jobs/uaa/bin/health_check","stderr":"  % Total    % Received % Xferd  Average Speed   Time    Time     Time  Current\n                                 Dload  Upload   Total   Spent    Left  Speed\n\r  0     0    0     0    0     0      0      0 --:--:-- --:--:-- --:--:--     0\r100     3  100     3    0     0   2079      0 --:--:-- --:--:-- --:--:--  3000\n","stdout":""}}

2016-09-29T19:56:07.091521+00:00 05bf1627-ae2f-400c-b1ce-31973a9ff23f - - - [NXLOG@14506 bosh_deployment="cf-warden" bosh_job_name="uaa_z1" bosh_job_index="0" filename="/var/vcap/data/sys/log/route_registrar/route_registrar.stdout.log"] {"timestamp":"1475178962.824398518","source":"Route Registrar","message":"Route Registrar.healthchecker returned healthy for route","log_level":1,"data":{"route":{"Name":"uaa","Port":8080,"Tags":{"component":"uaa"},"URIs":["uaa.bosh-lite.com","*.uaa.bosh-lite.com","login.bosh-lite.com","*.login.bosh-lite.com"],"RouteServiceUrl":"","RegistrationInterval":4000000000,"HealthCheck":{"Name":"uaa-healthcheck","ScriptPath":"/var/vcap/jobs/uaa/bin/health_check","Timeout":2000000000}}}}

2016-09-29T19:56:07.091555+00:00 05bf1627-ae2f-400c-b1ce-31973a9ff23f - - - [NXLOG@14506 bosh_deployment="cf-warden" bosh_job_name="uaa_z1" bosh_job_index="0" filename="/var/vcap/data/sys/log/route_registrar/route_registrar.stdout.log"] {"timestamp":"1475178962.824439764","source":"Route Registrar","message":"Route Registrar.Registering route","log_level":1,"data":{"route":{"Name":"uaa","Port":8080,"Tags":{"component":"uaa"},"URIs":["uaa.bosh-lite.com","*.uaa.bosh-lite.com","login.bosh-lite.com","*.login.bosh-lite.com"],"RouteServiceUrl":"","RegistrationInterval":4000000000,"HealthCheck":{"Name":"uaa-healthcheck","ScriptPath":"/var/vcap/jobs/uaa/bin/health_check","Timeout":2000000000}}}}

2016-09-29T19:56:07.091611+00:00 05bf1627-ae2f-400c-b1ce-31973a9ff23f - - - [NXLOG@14506 bosh_deployment="cf-warden" bosh_job_name="uaa_z1" bosh_job_index="0" filename="/var/vcap/data/sys/log/route_registrar/route_registrar.stdout.log"] {"timestamp":"1475178962.824527979","source":"Route Registrar","message":"Route Registrar.Registered routes successfully","log_level":1,"data":{}}

2016-09-29T19:56:07.091644+00:00 05bf1627-ae2f-400c-b1ce-31973a9ff23f - - - [NXLOG@14506 bosh_deployment="cf-warden" bosh_job_name="uaa_z1" bosh_job_index="0" filename="/var/vcap/data/sys/log/route_registrar/route_registrar.stdout.log"] {"timestamp":"1475178966.808129549","source":"Route Registrar","message":"Route Registrar.Executing script","log_level":1,"data":{"scriptPath":"/var/vcap/jobs/uaa/bin/health_check"}}

2016-09-29T19:56:16.965350+00:00 81da04d2-3e1d-4a50-80cd-e5b2e7a3a719 - - - [NXLOG@14506 bosh_deployment="cf-warden" bosh_job_name="router_z1" bosh_job_index="0" filename="/var/vcap/data/sys/log/gorouter/access.log"] api.bosh-lite.com - [29/09/2016:19:56:15.904 +0000] "GET /v2/syslog_drain_urls?batch_size=1000 HTTP/1.1" 200 0 42 "-" "Go-http-client/1.1" 10.244.0.34:40416 x_forwarded_for:"10.244.0.146" x_forwarded_proto:"https" vcap_request_id:0e7c1d74-c24d-42d3-51b5-d84912f24218 response_time:0.006841013 app_id:

2016-09-29T19:56:16.965032+00:00 fc52b791-0068-48d0-b63d-a9600b8fa32e - - - [NXLOG@14506 bosh_deployment="cf-warden" bosh_job_name="runner_z1" bosh_job_index="0" filename="/var/vcap/data/sys/log/dea_next/dea_next.log"] {"timestamp":1475178971.729943,"message":"hm9000.heartbeat.accepted","log_level":"debug","source":"Dea::Bootstrap","data":{},"thread_id":47241050153600,"fiber_id":47241049165100,"process_id":6941,"file":"/var/vcap/packages/dea_next/lib/dea/utils/hm9000.rb","lineno":49,"method":"handle_http_response"}

2016-09-29T19:56:17.091041+00:00 f0562343-642f-42d4-aca5-293abe675815 - - - [NXLOG@14506 bosh_deployment="cf-warden" bosh_job_name="blobstore_z1" bosh_job_index="0" filename="/var/vcap/data/sys/log/route_registrar/route_registrar.stdout.log"] {"timestamp":"1475178968.514718056","source":"Route Registrar","message":"Route Registrar.no healthchecker found for route","log_level":1,"data":{"route":{"Name":"blobstore","Port":80,"Tags":{"component":"blobstore"},"URIs":["blobstore.bosh-lite.com"],"RouteServiceUrl":"","RegistrationInterval":20000000000,"HealthCheck":null}}}

2016-09-29T19:56:17.091188+00:00 f0562343-642f-42d4-aca5-293abe675815 - - - [NXLOG@14506 bosh_deployment="cf-warden" bosh_job_name="blobstore_z1" bosh_job_index="0" filename="/var/vcap/data/sys/log/route_registrar/route_registrar.stdout.log"] {"timestamp":"1475178968.514798403","source":"Route Registrar","message":"Route Registrar.Registering route","log_level":1,"data":{"route":{"Name":"blobstore","Port":80,"Tags":{"component":"blobstore"},"URIs":["blobstore.bosh-lite.com"],"RouteServiceUrl":"","RegistrationInterval":20000000000,"HealthCheck":null}}}

2016-09-29T19:56:17.091258+00:00 f0562343-642f-42d4-aca5-293abe675815 - - - [NXLOG@14506 bosh_deployment="cf-warden" bosh_job_name="blobstore_z1" bosh_job_index="0" filename="/var/vcap/data/sys/log/route_registrar/route_registrar.stdout.log"] {"timestamp":"1475178968.514904976","source":"Route Registrar","message":"Route Registrar.Registered routes successfully","log_level":1,"data":{}}

2016-09-29T19:56:17.092010+00:00 b0fa19c0-86de-4447-a670-3f7adbd0b3c1 - - - [NXLOG@14506 bosh_deployment="cf-warden" bosh_job_name="api_z1" bosh_job_index="0" filename="/var/vcap/data/sys/log/cloud_controller_worker/cloud_controller_worker.log"] {"timestamp":1475178970.0412424,"message":"(0.000879s) SELECT * FROM \"delayed_jobs\" WHERE ((((\"run_at\" <= '2016-09-29 19:56:10.039723+0000') AND (\"locked_at\" IS NULL)) OR (\"locked_by\" = 'cc_global_worker.api_z1.0.1')) AND (\"failed_at\" IS NULL) AND (\"queue\" IN ('cc-generic'))) ORDER BY \"priority\" ASC, \"run_at\" ASC LIMIT 5","log_level":"debug2","source":"cc.background","data":{},"thread_id":47193737007380,"fiber_id":47193773841900,"process_id":15807,"file":"/var/vcap/packages/cloud_controller_ng/cloud_controller_ng/vendor/bundle/ruby/2.3.0/gems/sequel-4.29.0/lib/sequel/database/logging.rb","lineno":70,"method":"block in log_each"}

2016-09-29T19:56:17.092167+00:00 b0fa19c0-86de-4447-a670-3f7adbd0b3c1 - - - [NXLOG@14506 bosh_deployment="cf-warden" bosh_job_name="api_z1" bosh_job_index="0" filename="/var/vcap/data/sys/log/cloud_controller_worker/cloud_controller_worker.log"] {"timestamp":1475178975.062673,"message":"(0.000832s) SELECT * FROM \"delayed_jobs\" WHERE ((((\"run_at\" <= '2016-09-29 19:56:15.061288+0000') AND (\"locked_at\" IS NULL)) OR (\"locked_by\" = 'cc_global_worker.api_z1.0.1')) AND (\"failed_at\" IS NULL) AND (\"queue\" IN ('cc-generic'))) ORDER BY \"priority\" ASC, \"run_at\" ASC LIMIT 5","log_level":"debug2","source":"cc.background","data":{},"thread_id":47193737007380,"fiber_id":47193773841900,"process_id":15807,"file":"/var/vcap/packages/cloud_controller_ng/cloud_controller_ng/vendor/bundle/ruby/2.3.0/gems/sequel-4.29.0/lib/sequel/database/logging.rb","lineno":70,"method":"block in log_each"}

2016-09-29T19:56:17.092217+00:00 b0fa19c0-86de-4447-a670-3f7adbd0b3c1 - - - [NXLOG@14506 bosh_deployment="cf-warden" bosh_job_name="api_z1" bosh_job_index="0" filename="/var/vcap/data/sys/log/nginx_cc/nginx.access.log"] api.bosh-lite.com - [29/Sep/2016:19:56:15 +0000] "GET /v2/syslog_drain_urls?batch_size=1000 HTTP/1.1" 200 326 "-" "Go-http-client/1.1" 10.244.0.146, 10.244.0.34, 10.244.0.22 vcap_request_id:0e7c1d74-c24d-42d3-51b5-d84912f24218::8b046ce2-dffc-4926-8b55-8efe703196ef response_time:0.006

2016-09-29T19:56:17.092241+00:00 b0fa19c0-86de-4447-a670-3f7adbd0b3c1 - - - [NXLOG@14506 bosh_deployment="cf-warden" bosh_job_name="api_z1" bosh_job_index="0" filename="/var/vcap/data/sys/log/nginx_cc/nginx.access.log"] 10.244.0.138 - [29/Sep/2016:19:56:16 +0000] "GET /v2/info HTTP/1.1" 200 802 "-" "monit/5.2.5" 10.244.0.138 vcap_request_id:c0ffcd5e-8884-4364-9680-25ef327c7ad0 response_time:0.003

2016-09-29T19:56:17.092262+00:00 b0fa19c0-86de-4447-a670-3f7adbd0b3c1 - - - [NXLOG@14506 bosh_deployment="cf-warden" bosh_job_name="api_z1" bosh_job_index="0" filename="/var/vcap/data/sys/log/cloud_controller_ng/cloud_controller_ng.log"] {"timestamp":1475178970.1334195,"message":"(0.000715s) SELECT * FROM \"delayed_jobs\" WHERE ((((\"run_at\" <= '2016-09-29 19:56:10.132163+0000') AND (\"locked_at\" IS NULL)) OR (\"locked_by\" = 'cc_api_worker.api_z1.0.2')) AND (\"failed_at\" IS NULL) AND (\"queue\" IN ('cc-api_z1-0'))) ORDER BY \"priority\" ASC, \"run_at\" ASC LIMIT 5","log_level":"debug2","source":"cc.background","data":{},"thread_id":47118928261380,"fiber_id":47118965175380,"process_id":15629,"file":"/var/vcap/packages/cloud_controller_ng/cloud_controller_ng/vendor/bundle/ruby/2.3.0/gems/sequel-4.29.0/lib/sequel/database/logging.rb","lineno":70,"method":"block in log_each"}

2016-09-29T19:56:17.092287+00:00 b0fa19c0-86de-4447-a670-3f7adbd0b3c1 - - - [NXLOG@14506 bosh_deployment="cf-warden" bosh_job_name="api_z1" bosh_job_index="0" filename="/var/vcap/data/sys/log/cloud_controller_ng/cloud_controller_ng.log"] {"timestamp":1475178971.5542643,"message":"(0.000560s) SELECT * FROM \"delayed_jobs\" WHERE ((((\"run_at\" <= '2016-09-29 19:56:11.553185+0000') AND (\"locked_at\" IS NULL)) OR (\"locked_by\" = 'cc_api_worker.api_z1.0.1')) AND (\"failed_at\" IS NULL) AND (\"queue\" IN ('cc-api_z1-0'))) ORDER BY \"priority\" ASC, \"run_at\" ASC LIMIT 5","log_level":"debug2","source":"cc.background","data":{},"thread_id":47452862460180,"fiber_id":47452899698480,"process_id":15587,"file":"/var/vcap/packages/cloud_controller_ng/cloud_controller_ng/vendor/bundle/ruby/2.3.0/gems/sequel-4.29.0/lib/sequel/database/logging.rb","lineno":70,"method":"block in log_each"}

2016-09-29T19:56:17.092312+00:00 b0fa19c0-86de-4447-a670-3f7adbd0b3c1 - - - [NXLOG@14506 bosh_deployment="cf-warden" bosh_job_name="api_z1" bosh_job_index="0" filename="/var/vcap/data/sys/log/cloud_controller_ng/cloud_controller_ng.log"] {"timestamp":1475178975.1554947,"message":"(0.000902s) SELECT * FROM \"delayed_jobs\" WHERE ((((\"run_at\" <= '2016-09-29 19:56:15.154072+0000') AND (\"locked_at\" IS NULL)) OR (\"locked_by\" = 'cc_api_worker.api_z1.0.2')) AND (\"failed_at\" IS NULL) AND (\"queue\" IN ('cc-api_z1-0'))) ORDER BY \"priority\" ASC, \"run_at\" ASC LIMIT 5","log_level":"debug2","source":"cc.background","data":{},"thread_id":47118928261380,"fiber_id":47118965175380,"process_id":15629,"file":"/var/vcap/packages/cloud_controller_ng/cloud_controller_ng/vendor/bundle/ruby/2.3.0/gems/sequel-4.29.0/lib/sequel/database/logging.rb","lineno":70,"method":"block in log_each"}

2016-09-29T19:56:17.092353+00:00 b0fa19c0-86de-4447-a670-3f7adbd0b3c1 - - - [NXLOG@14506 bosh_deployment="cf-warden" bosh_job_name="api_z1" bosh_job_index="0" filename="/var/vcap/data/sys/log/cloud_controller_ng/cloud_controller_ng.log"] {"timestamp":1475178975.9054134,"message":"Statsd: cc.requests.outstanding:1|c","log_level":"debug","source":"statsd.client","data":{},"thread_id":47062185510160,"fiber_id":47062185096940,"process_id":15535,"file":"/var/vcap/packages/cloud_controller_ng/cloud_controller_ng/vendor/bundle/ruby/2.3.0/gems/statsd-ruby-1.2.1/lib/statsd.rb","lineno":254,"method":"send_to_socket"}

2016-09-29T19:56:17.092401+00:00 b0fa19c0-86de-4447-a670-3f7adbd0b3c1 - - - [NXLOG@14506 bosh_deployment="cf-warden" bosh_job_name="api_z1" bosh_job_index="0" filename="/var/vcap/data/sys/log/cloud_controller_ng/cloud_controller_ng.log"] {"timestamp":1475178975.906115,"message":"Started GET \"/v2/syslog_drain_urls?batch_size=1000\" for user: , ip: 127.0.0.1 with vcap-request-id: 0e7c1d74-c24d-42d3-51b5-d84912f24218::8b046ce2-dffc-4926-8b55-8efe703196ef at 2016-09-29 19:56:15 UTC","log_level":"info","source":"cc.api","data":{},"thread_id":47062185510160,"fiber_id":47062185096940,"process_id":15535,"file":"/var/vcap/packages/cloud_controller_ng/cloud_controller_ng/middleware/request_logs.rb","lineno":12,"method":"call"}

2016-09-29T19:56:17.092450+00:00 b0fa19c0-86de-4447-a670-3f7adbd0b3c1 - - - [NXLOG@14506 bosh_deployment="cf-warden" bosh_job_name="api_z1" bosh_job_index="0" filename="/var/vcap/data/sys/log/cloud_controller_ng/cloud_controller_ng.log"] {"timestamp":1475178975.9068651,"message":"dispatch VCAP::CloudController::SyslogDrainUrlsController get /v2/syslog_drain_urls","log_level":"debug","source":"cc.api","data":{"request_guid":"0e7c1d74-c24d-42d3-51b5-d84912f24218::8b046ce2-dffc-4926-8b55-8efe703196ef"},"thread_id":47062185510160,"fiber_id":47062185096940,"process_id":15535,"file":"/var/vcap/data/packages/cloud_controller_ng/f87cb49aa2cd87792cb9c2211a79e1542502be4d.1-b1a5f3c830cb6c32ae9e685628b24aa967f5ae54/cloud_controller_ng/lib/cloud_controller/rest_controller/routes.rb","lineno":12,"method":"block in define_route"}

2016-09-29T19:56:17.092103+00:00 152ab062-1f32-4789-910a-13bdc79651b2 - - - [NXLOG@14506 bosh_deployment="cf-warden" bosh_job_name="hm9000_z1" bosh_job_index="0" filename="/var/vcap/data/sys/log/hm9000/hm9000_listener.log"] {"timestamp":"1475178971.729384422","source":"listener","message":"listener.Received a heartbeat","log_level":1,"data":{"Heartbeats Pending Save":"1"}}

2016-09-29T19:56:17.092303+00:00 152ab062-1f32-4789-910a-13bdc79651b2 - - - [NXLOG@14506 bosh_deployment="cf-warden" bosh_job_name="hm9000_z1" bosh_job_index="0" filename="/var/vcap/data/sys/log/hm9000/hm9000_listener.log"] {"timestamp":"1475178971.816927195","source":"listener","message":"listener.Saving Heartbeats","log_level":1,"data":{"Heartbeats to Save":"1"}}

2016-09-29T19:56:17.092578+00:00 b0fa19c0-86de-4447-a670-3f7adbd0b3c1 - - - [NXLOG@14506 bosh_deployment="cf-warden" bosh_job_name="api_z1" bosh_job_index="0" filename="/var/vcap/data/sys/log/cloud_controller_ng/cloud_controller_ng.log"] {"timestamp":1475178975.9071062,"message":"parse_params: {\"batch_size\"=>\"1000\"} batch_size=1000","log_level":"debug","source":"cc.api","data":{"request_guid":"0e7c1d74-c24d-42d3-51b5-d84912f24218::8b046ce2-dffc-4926-8b55-8efe703196ef"},"thread_id":47062185510160,"fiber_id":47062185096940,"process_id":15535,"file":"/var/vcap/data/packages/cloud_controller_ng/f87cb49aa2cd87792cb9c2211a79e1542502be4d.1-b1a5f3c830cb6c32ae9e685628b24aa967f5ae54/cloud_controller_ng/lib/cloud_controller/rest_controller/common_params.rb","lineno":10,"method":"parse"}

2016-09-29T19:56:17.092632+00:00 152ab062-1f32-4789-910a-13bdc79651b2 - - - [NXLOG@14506 bosh_deployment="cf-warden" bosh_job_name="hm9000_z1" bosh_job_index="0" filename="/var/vcap/data/sys/log/hm9000/hm9000_listener.log"] {"timestamp":"1475178971.826725006","source":"listener","message":"listener.Bumped freshness","log_level":1,"data":{}}

2016-09-29T19:56:17.092729+00:00 152ab062-1f32-4789-910a-13bdc79651b2 - - - [NXLOG@14506 bosh_deployment="cf-warden" bosh_job_name="hm9000_z1" bosh_job_index="0" filename="/var/vcap/data/sys/log/hm9000/hm9000_listener.log"] {"timestamp":"1475178971.826984882","source":"listener","message":"listener.Saved Heartbeats","log_level":1,"data":{"Duration":"9.706435ms","Heartbeats to Save":"1"}}

2016-09-29T19:56:17.092658+00:00 b0fa19c0-86de-4447-a670-3f7adbd0b3c1 - - - [NXLOG@14506 bosh_deployment="cf-warden" bosh_job_name="api_z1" bosh_job_index="0" filename="/var/vcap/data/sys/log/cloud_controller_ng/cloud_controller_ng.log"] {"timestamp":1475178975.907254,"message":"cc.dispatch","log_level":"debug","source":"cc.api","data":{"request_guid":"0e7c1d74-c24d-42d3-51b5-d84912f24218::8b046ce2-dffc-4926-8b55-8efe703196ef","endpoint":"list","args":[]},"thread_id":47062185510160,"fiber_id":47062185096940,"process_id":15535,"file":"/var/vcap/data/packages/cloud_controller_ng/f87cb49aa2cd87792cb9c2211a79e1542502be4d.1-b1a5f3c830cb6c32ae9e685628b24aa967f5ae54/cloud_controller_ng/app/controllers/base/base_controller.rb","lineno":78,"method":"dispatch"}

2016-09-29T19:56:17.092725+00:00 b0fa19c0-86de-4447-a670-3f7adbd0b3c1 - - - [NXLOG@14506 bosh_deployment="cf-warden" bosh_job_name="api_z1" bosh_job_index="0" filename="/var/vcap/data/sys/log/cloud_controller_ng/cloud_controller_ng.log"] {"timestamp":1475178975.9093947,"message":"(0.000968s) SELECT \"apps\".\"guid\", string_agg(\"service_bindings\".\"syslog_drain_url\", ',') AS \"syslog_drain_urls\" FROM \"apps\" INNER JOIN \"service_bindings\" ON (\"service_bindings\".\"app_id\" = \"apps\".\"id\") WHERE ((syslog_drain_url IS NOT NULL) AND (syslog_drain_url != '')) GROUP BY \"apps\".\"guid\" UNION ALL (SELECT \"apps_v3\".\"guid\", string_agg(\"v3_service_bindings\".\"syslog_drain_url\", ',') AS \"syslog_drain_urls\" FROM \"apps_v3\" INNER JOIN \"v3_service_bindings\" ON (\"v3_service_bindings\".\"app_id\" = \"apps_v3\".\"id\") WHERE ((syslog_drain_url IS NOT NULL) AND (syslog_drain_url != '')) GROUP BY \"apps_v3\".\"guid\") ORDER BY \"guid\" LIMIT 1000 OFFSET 0","log_level":"debug2","source":"cc.db","data":{"request_guid":"0e7c1d74-c24d-42d3-51b5-d84912f24218::8b046ce2-dffc-4926-8b55-8efe703196ef"},"thread_id":47062185510160,"fiber_id":47062185096940,"process_id":15535,"file":"/var/vcap/packages/cloud_controller_ng/cloud_controller_ng/vendor/bundle/ruby/2.3.0/gems/sequel-4.29.0/lib/sequel/database/logging.rb","lineno":70,"method":"block in log_each"}

2016-09-29T19:56:17.092779+00:00 b0fa19c0-86de-4447-a670-3f7adbd0b3c1 - - - [NXLOG@14506 bosh_deployment="cf-warden" bosh_job_name="api_z1" bosh_job_index="0" filename="/var/vcap/data/sys/log/cloud_controller_ng/cloud_controller_ng.log"] {"timestamp":1475178975.9098005,"message":"Completed 200 vcap-request-id: 0e7c1d74-c24d-42d3-51b5-d84912f24218::8b046ce2-dffc-4926-8b55-8efe703196ef","log_level":"info","source":"cc.api","data":{},"thread_id":47062185510160,"fiber_id":47062185096940,"process_id":15535,"file":"/var/vcap/packages/cloud_controller_ng/cloud_controller_ng/middleware/request_logs.rb","lineno":24,"method":"call"}

2016-09-29T19:56:17.092830+00:00 b0fa19c0-86de-4447-a670-3f7adbd0b3c1 - - - [NXLOG@14506 bosh_deployment="cf-warden" bosh_job_name="api_z1" bosh_job_index="0" filename="/var/vcap/data/sys/log/cloud_controller_ng/cloud_controller_ng.log"] {"timestamp":1475178975.9099603,"message":"Statsd: cc.requests.outstanding:-1|c\ncc.requests.completed:1|c\ncc.http_status.2XX:1|c","log_level":"debug","source":"statsd.client","data":{},"thread_id":47062185510160,"fiber_id":47062185096940,"process_id":15535,"file":"/var/vcap/packages/cloud_controller_ng/cloud_controller_ng/vendor/bundle/ruby/2.3.0/gems/statsd-ruby-1.2.1/lib/statsd.rb","lineno":254,"method":"send_to_socket"}

2016-09-29T19:56:17.092879+00:00 b0fa19c0-86de-4447-a670-3f7adbd0b3c1 - - - [NXLOG@14506 bosh_deployment="cf-warden" bosh_job_name="api_z1" bosh_job_index="0" filename="/var/vcap/data/sys/log/cloud_controller_ng/cloud_controller_ng.log"] {"timestamp":1475178976.5767024,"message":"(0.000678s) SELECT * FROM \"delayed_jobs\" WHERE ((((\"run_at\" <= '2016-09-29 19:56:16.575355+0000') AND (\"locked_at\" IS NULL)) OR (\"locked_by\" = 'cc_api_worker.api_z1.0.1')) AND (\"failed_at\" IS NULL) AND (\"queue\" IN ('cc-api_z1-0'))) ORDER BY \"priority\" ASC, \"run_at\" ASC LIMIT 5","log_level":"debug2","source":"cc.background","data":{},"thread_id":47452862460180,"fiber_id":47452899698480,"process_id":15587,"file":"/var/vcap/packages/cloud_controller_ng/cloud_controller_ng/vendor/bundle/ruby/2.3.0/gems/sequel-4.29.0/lib/sequel/database/logging.rb","lineno":70,"method":"block in log_each"}

2016-09-29T19:56:17.092928+00:00 b0fa19c0-86de-4447-a670-3f7adbd0b3c1 - - - [NXLOG@14506 bosh_deployment="cf-warden" bosh_job_name="api_z1" bosh_job_index="0" filename="/var/vcap/data/sys/log/cloud_controller_ng/cloud_controller_ng.log"] {"timestamp":1475178976.7479124,"message":"Statsd: cc.requests.outstanding:1|c","log_level":"debug","source":"statsd.client","data":{},"thread_id":47062185511380,"fiber_id":47062167101080,"process_id":15535,"file":"/var/vcap/packages/cloud_controller_ng/cloud_controller_ng/vendor/bundle/ruby/2.3.0/gems/statsd-ruby-1.2.1/lib/statsd.rb","lineno":254,"method":"send_to_socket"}

2016-09-29T19:56:17.093053+00:00 b0fa19c0-86de-4447-a670-3f7adbd0b3c1 - - - [NXLOG@14506 bosh_deployment="cf-warden" bosh_job_name="api_z1" bosh_job_index="0" filename="/var/vcap/data/sys/log/cloud_controller_ng/cloud_controller_ng.log"] {"timestamp":1475178976.7484295,"message":"Started GET \"/v2/info\" for user: , ip: 127.0.0.1 with vcap-request-id: c0ffcd5e-8884-4364-9680-25ef327c7ad0 at 2016-09-29 19:56:16 UTC","log_level":"info","source":"cc.api","data":{},"thread_id":47062185511380,"fiber_id":47062167101080,"process_id":15535,"file":"/var/vcap/packages/cloud_controller_ng/cloud_controller_ng/middleware/request_logs.rb","lineno":12,"method":"call"}

2016-09-29T19:56:17.093097+00:00 b0fa19c0-86de-4447-a670-3f7adbd0b3c1 - - - [NXLOG@14506 bosh_deployment="cf-warden" bosh_job_name="api_z1" bosh_job_index="0" filename="/var/vcap/data/sys/log/cloud_controller_ng/cloud_controller_ng.log"] {"timestamp":1475178976.7491,"message":"dispatch VCAP::CloudController::InfoController get /v2/info","log_level":"debug","source":"cc.api","data":{"request_guid":"c0ffcd5e-8884-4364-9680-25ef327c7ad0"},"thread_id":47062185511380,"fiber_id":47062167101080,"process_id":15535,"file":"/var/vcap/data/packages/cloud_controller_ng/f87cb49aa2cd87792cb9c2211a79e1542502be4d.1-b1a5f3c830cb6c32ae9e685628b24aa967f5ae54/cloud_controller_ng/lib/cloud_controller/rest_controller/routes.rb","lineno":12,"method":"block in define_route"}

2016-09-29T19:56:17.093121+00:00 b0fa19c0-86de-4447-a670-3f7adbd0b3c1 - - - [NXLOG@14506 bosh_deployment="cf-warden" bosh_job_name="api_z1" bosh_job_index="0" filename="/var/vcap/data/sys/log/cloud_controller_ng/cloud_controller_ng.log"] {"timestamp":1475178976.7493303,"message":"parse_params: {} ","log_level":"debug","source":"cc.api","data":{"request_guid":"c0ffcd5e-8884-4364-9680-25ef327c7ad0"},"thread_id":47062185511380,"fiber_id":47062167101080,"process_id":15535,"file":"/var/vcap/data/packages/cloud_controller_ng/f87cb49aa2cd87792cb9c2211a79e1542502be4d.1-b1a5f3c830cb6c32ae9e685628b24aa967f5ae54/cloud_controller_ng/lib/cloud_controller/rest_controller/common_params.rb","lineno":10,"method":"parse"}

2016-09-29T19:56:17.093159+00:00 b0fa19c0-86de-4447-a670-3f7adbd0b3c1 - - - [NXLOG@14506 bosh_deployment="cf-warden" bosh_job_name="api_z1" bosh_job_index="0" filename="/var/vcap/data/sys/log/cloud_controller_ng/cloud_controller_ng.log"] {"timestamp":1475178976.7494605,"message":"cc.dispatch","log_level":"debug","source":"cc.api","data":{"request_guid":"c0ffcd5e-8884-4364-9680-25ef327c7ad0","endpoint":"read","args":[]},"thread_id":47062185511380,"fiber_id":47062167101080,"process_id":15535,"file":"/var/vcap/data/packages/cloud_controller_ng/f87cb49aa2cd87792cb9c2211a79e1542502be4d.1-b1a5f3c830cb6c32ae9e685628b24aa967f5ae54/cloud_controller_ng/app/controllers/base/base_controller.rb","lineno":78,"method":"dispatch"}

2016-09-29T19:56:17.093183+00:00 b0fa19c0-86de-4447-a670-3f7adbd0b3c1 - - - [NXLOG@14506 bosh_deployment="cf-warden" bosh_job_name="api_z1" bosh_job_index="0" filename="/var/vcap/data/sys/log/cloud_controller_ng/cloud_controller_ng.log"] {"timestamp":1475178976.749796,"message":"Completed 200 vcap-request-id: c0ffcd5e-8884-4364-9680-25ef327c7ad0","log_level":"info","source":"cc.api","data":{},"thread_id":47062185511380,"fiber_id":47062167101080,"process_id":15535,"file":"/var/vcap/packages/cloud_controller_ng/cloud_controller_ng/middleware/request_logs.rb","lineno":24,"method":"call"}

2016-09-29T19:56:17.093203+00:00 b0fa19c0-86de-4447-a670-3f7adbd0b3c1 - - - [NXLOG@14506 bosh_deployment="cf-warden" bosh_job_name="api_z1" bosh_job_index="0" filename="/var/vcap/data/sys/log/cloud_controller_ng/cloud_controller_ng.log"] {"timestamp":1475178976.7499533,"message":"Statsd: cc.requests.outstanding:-1|c\ncc.requests.completed:1|c\ncc.http_status.2XX:1|c","log_level":"debug","source":"statsd.client","data":{},"thread_id":47062185511380,"fiber_id":47062167101080,"process_id":15535,"file":"/var/vcap/packages/cloud_controller_ng/cloud_controller_ng/vendor/bundle/ruby/2.3.0/gems/statsd-ruby-1.2.1/lib/statsd.rb","lineno":254,"method":"send_to_socket"}

2016-09-29T19:56:17.093432+00:00 05bf1627-ae2f-400c-b1ce-31973a9ff23f - - - [NXLOG@14506 bosh_deployment="cf-warden" bosh_job_name="uaa_z1" bosh_job_index="0" filename="/var/vcap/data/sys/log/uaa/localhost_access.log"] 127.0.0.1 - - [29/Sep/2016:19:55:58 +0000] "GET /healthz HTTP/1.1" 200 3

2016-09-29T19:56:17.093515+00:00 05bf1627-ae2f-400c-b1ce-31973a9ff23f - - - [NXLOG@14506 bosh_deployment="cf-warden" bosh_job_name="uaa_z1" bosh_job_index="0" filename="/var/vcap/data/sys/log/uaa/localhost_access.log"] 127.0.0.1 - - [29/Sep/2016:19:56:00 +0000] "GET /healthz HTTP/1.1" 200 3

2016-09-29T19:56:17.093555+00:00 05bf1627-ae2f-400c-b1ce-31973a9ff23f - - - [NXLOG@14506 bosh_deployment="cf-warden" bosh_job_name="uaa_z1" bosh_job_index="0" filename="/var/vcap/data/sys/log/uaa/localhost_access.log"] 127.0.0.1 - - [29/Sep/2016:19:56:02 +0000] "GET /healthz HTTP/1.1" 200 3

2016-09-29T19:56:17.093607+00:00 05bf1627-ae2f-400c-b1ce-31973a9ff23f - - - [NXLOG@14506 bosh_deployment="cf-warden" bosh_job_name="uaa_z1" bosh_job_index="0" filename="/var/vcap/data/sys/log/uaa/localhost_access.log"] 127.0.0.1 - - [29/Sep/2016:19:56:06 +0000] "GET /healthz HTTP/1.1" 200 3

2016-09-29T19:56:17.093655+00:00 05bf1627-ae2f-400c-b1ce-31973a9ff23f - - - [NXLOG@14506 bosh_deployment="cf-warden" bosh_job_name="uaa_z1" bosh_job_index="0" filename="/var/vcap/data/sys/log/route_registrar/route_registrar.stdout.log"] {"timestamp":"1475178970.808341980","source":"Route Registrar","message":"Route Registrar.Executing script","log_level":1,"data":{"scriptPath":"/var/vcap/jobs/uaa/bin/health_check"}}

2016-09-29T19:56:17.093700+00:00 05bf1627-ae2f-400c-b1ce-31973a9ff23f - - - [NXLOG@14506 bosh_deployment="cf-warden" bosh_job_name="uaa_z1" bosh_job_index="0" filename="/var/vcap/data/sys/log/route_registrar/route_registrar.stdout.log"] {"timestamp":"1475178970.821320534","source":"Route Registrar","message":"Route Registrar.Script exited without error","log_level":1,"data":{"script":"/var/vcap/jobs/uaa/bin/health_check","stderr":"  % Total    % Received % Xferd  Average Speed   Time    Time     Time  Current\n                                 Dload  Upload   Total   Spent    Left  Speed\n\r  0     0    0     0    0     0      0      0 --:--:-- --:--:-- --:--:--     0\r100     3  100     3    0     0   1558      0 --:--:-- --:--:-- --:--:--  3000\n","stdout":""}}

2016-09-29T19:56:17.093784+00:00 05bf1627-ae2f-400c-b1ce-31973a9ff23f - - - [NXLOG@14506 bosh_deployment="cf-warden" bosh_job_name="uaa_z1" bosh_job_index="0" filename="/var/vcap/data/sys/log/route_registrar/route_registrar.stdout.log"] {"timestamp":"1475178970.821398497","source":"Route Registrar","message":"Route Registrar.healthchecker returned healthy for route","log_level":1,"data":{"route":{"Name":"uaa","Port":8080,"Tags":{"component":"uaa"},"URIs":["uaa.bosh-lite.com","*.uaa.bosh-lite.com","login.bosh-lite.com","*.login.bosh-lite.com"],"RouteServiceUrl":"","RegistrationInterval":4000000000,"HealthCheck":{"Name":"uaa-healthcheck","ScriptPath":"/var/vcap/jobs/uaa/bin/health_check","Timeout":2000000000}}}}

2016-09-29T19:56:17.093863+00:00 05bf1627-ae2f-400c-b1ce-31973a9ff23f - - - [NXLOG@14506 bosh_deployment="cf-warden" bosh_job_name="uaa_z1" bosh_job_index="0" filename="/var/vcap/data/sys/log/route_registrar/route_registrar.stdout.log"] {"timestamp":"1475178970.821435690","source":"Route Registrar","message":"Route Registrar.Registering route","log_level":1,"data":{"route":{"Name":"uaa","Port":8080,"Tags":{"component":"uaa"},"URIs":["uaa.bosh-lite.com","*.uaa.bosh-lite.com","login.bosh-lite.com","*.login.bosh-lite.com"],"RouteServiceUrl":"","RegistrationInterval":4000000000,"HealthCheck":{"Name":"uaa-healthcheck","ScriptPath":"/var/vcap/jobs/uaa/bin/health_check","Timeout":2000000000}}}}

2016-09-29T19:56:17.093917+00:00 05bf1627-ae2f-400c-b1ce-31973a9ff23f - - - [NXLOG@14506 bosh_deployment="cf-warden" bosh_job_name="uaa_z1" bosh_job_index="0" filename="/var/vcap/data/sys/log/route_registrar/route_registrar.stdout.log"] {"timestamp":"1475178970.821507692","source":"Route Registrar","message":"Route Registrar.Registered routes successfully","log_level":1,"data":{}}

2016-09-29T19:56:17.093953+00:00 05bf1627-ae2f-400c-b1ce-31973a9ff23f - - - [NXLOG@14506 bosh_deployment="cf-warden" bosh_job_name="uaa_z1" bosh_job_index="0" filename="/var/vcap/data/sys/log/route_registrar/route_registrar.stdout.log"] {"timestamp":"1475178974.808404207","source":"Route Registrar","message":"Route Registrar.Executing script","log_level":1,"data":{"scriptPath":"/var/vcap/jobs/uaa/bin/health_check"}}

2016-09-29T19:56:17.094000+00:00 05bf1627-ae2f-400c-b1ce-31973a9ff23f - - - [NXLOG@14506 bosh_deployment="cf-warden" bosh_job_name="uaa_z1" bosh_job_index="0" filename="/var/vcap/data/sys/log/route_registrar/route_registrar.stdout.log"] {"timestamp":"1475178974.819841623","source":"Route Registrar","message":"Route Registrar.Script exited without error","log_level":1,"data":{"script":"/var/vcap/jobs/uaa/bin/health_check","stderr":"  % Total    % Received % Xferd  Average Speed   Time    Time     Time  Current\n                                 Dload  Upload   Total   Spent    Left  Speed\n\r  0     0    0     0    0     0      0      0 --:--:-- --:--:-- --:--:--     0\r100     3  100     3    0     0   2895      0 --:--:-- --:--:-- --:--:--  3000\n","stdout":""}}

2016-09-29T19:56:17.094054+00:00 05bf1627-ae2f-400c-b1ce-31973a9ff23f - - - [NXLOG@14506 bosh_deployment="cf-warden" bosh_job_name="uaa_z1" bosh_job_index="0" filename="/var/vcap/data/sys/log/route_registrar/route_registrar.stdout.log"] {"timestamp":"1475178974.819940805","source":"Route Registrar","message":"Route Registrar.healthchecker returned healthy for route","log_level":1,"data":{"route":{"Name":"uaa","Port":8080,"Tags":{"component":"uaa"},"URIs":["uaa.bosh-lite.com","*.uaa.bosh-lite.com","login.bosh-lite.com","*.login.bosh-lite.com"],"RouteServiceUrl":"","RegistrationInterval":4000000000,"HealthCheck":{"Name":"uaa-healthcheck","ScriptPath":"/var/vcap/jobs/uaa/bin/health_check","Timeout":2000000000}}}}

2016-09-29T19:56:17.094092+00:00 05bf1627-ae2f-400c-b1ce-31973a9ff23f - - - [NXLOG@14506 bosh_deployment="cf-warden" bosh_job_name="uaa_z1" bosh_job_index="0" filename="/var/vcap/data/sys/log/route_registrar/route_registrar.stdout.log"] {"timestamp":"1475178974.819964409","source":"Route Registrar","message":"Route Registrar.Registering route","log_level":1,"data":{"route":{"Name":"uaa","Port":8080,"Tags":{"component":"uaa"},"URIs":["uaa.bosh-lite.com","*.uaa.bosh-lite.com","login.bosh-lite.com","*.login.bosh-lite.com"],"RouteServiceUrl":"","RegistrationInterval":4000000000,"HealthCheck":{"Name":"uaa-healthcheck","ScriptPath":"/var/vcap/jobs/uaa/bin/health_check","Timeout":2000000000}}}}

2016-09-29T19:56:17.094144+00:00 05bf1627-ae2f-400c-b1ce-31973a9ff23f - - - [NXLOG@14506 bosh_deployment="cf-warden" bosh_job_name="uaa_z1" bosh_job_index="0" filename="/var/vcap/data/sys/log/route_registrar/route_registrar.stdout.log"] {"timestamp":"1475178974.820045471","source":"Route Registrar","message":"Route Registrar.Registered routes successfully","log_level":1,"data":{}}

2016-09-29T19:56:17.094184+00:00 05bf1627-ae2f-400c-b1ce-31973a9ff23f - - - [NXLOG@14506 bosh_deployment="cf-warden" bosh_job_name="uaa_z1" bosh_job_index="0" filename="/var/vcap/data/sys/log/uaa/uaa.log"] [2016-09-29 19:56:10.494] uaa - 19013 [http-nio-127.0.0.1-8989-exec-3] .... DEBUG --- AntPathRequestMatcher: Checking match of request : '/healthz'; against '/resources/**'

2016-09-29T19:56:17.094230+00:00 05bf1627-ae2f-400c-b1ce-31973a9ff23f - - - [NXLOG@14506 bosh_deployment="cf-warden" bosh_job_name="uaa_z1" bosh_job_index="0" filename="/var/vcap/data/sys/log/uaa/uaa.log"] [2016-09-29 19:56:10.494] uaa - 19013 [http-nio-127.0.0.1-8989-exec-3] .... DEBUG --- AntPathRequestMatcher: Checking match of request : '/healthz'; against '/square-logo.png'

2016-09-29T19:56:17.094264+00:00 05bf1627-ae2f-400c-b1ce-31973a9ff23f - - - [NXLOG@14506 bosh_deployment="cf-warden" bosh_job_name="uaa_z1" bosh_job_index="0" filename="/var/vcap/data/sys/log/uaa/uaa.log"] [2016-09-29 19:56:10.494] uaa - 19013 [http-nio-127.0.0.1-8989-exec-3] .... DEBUG --- AntPathRequestMatcher: Checking match of request : '/healthz'; against '/info'

2016-09-29T19:56:17.094333+00:00 05bf1627-ae2f-400c-b1ce-31973a9ff23f - - - [NXLOG@14506 bosh_deployment="cf-warden" bosh_job_name="uaa_z1" bosh_job_index="0" filename="/var/vcap/data/sys/log/uaa/uaa.log"] [2016-09-29 19:56:10.494] uaa - 19013 [http-nio-127.0.0.1-8989-exec-3] .... DEBUG --- AntPathRequestMatcher: Checking match of request : '/healthz'; against '/password/**'

2016-09-29T19:56:17.094348+00:00 05bf1627-ae2f-400c-b1ce-31973a9ff23f - - - [NXLOG@14506 bosh_deployment="cf-warden" bosh_job_name="uaa_z1" bosh_job_index="0" filename="/var/vcap/data/sys/log/uaa/uaa.log"] [2016-09-29 19:56:10.494] uaa - 19013 [http-nio-127.0.0.1-8989-exec-3] .... DEBUG --- AntPathRequestMatcher: Checking match of request : '/healthz'; against '/healthz/**'

2016-09-29T19:56:17.094357+00:00 05bf1627-ae2f-400c-b1ce-31973a9ff23f - - - [NXLOG@14506 bosh_deployment="cf-warden" bosh_job_name="uaa_z1" bosh_job_index="0" filename="/var/vcap/data/sys/log/uaa/uaa.log"] [2016-09-29 19:56:10.494] uaa - 19013 [http-nio-127.0.0.1-8989-exec-3] .... DEBUG --- FilterChainProxy: /healthz has an empty filter list

2016-09-29T19:56:17.094365+00:00 05bf1627-ae2f-400c-b1ce-31973a9ff23f - - - [NXLOG@14506 bosh_deployment="cf-warden" bosh_job_name="uaa_z1" bosh_job_index="0" filename="/var/vcap/data/sys/log/uaa/uaa.log"] [2016-09-29 19:56:10.494] uaa - 19013 [http-nio-127.0.0.1-8989-exec-3] .... DEBUG --- DispatcherServlet: DispatcherServlet with name 'spring' processing GET request for [/healthz]

2016-09-29T19:56:17.094402+00:00 05bf1627-ae2f-400c-b1ce-31973a9ff23f - - - [NXLOG@14506 bosh_deployment="cf-warden" bosh_job_name="uaa_z1" bosh_job_index="0" filename="/var/vcap/data/sys/log/uaa/uaa.log"] [2016-09-29 19:56:10.494] uaa - 19013 [http-nio-127.0.0.1-8989-exec-3] .... DEBUG --- DispatcherServlet: Last-Modified value for [/healthz] is: -1

2016-09-29T19:56:17.094412+00:00 05bf1627-ae2f-400c-b1ce-31973a9ff23f - - - [NXLOG@14506 bosh_deployment="cf-warden" bosh_job_name="uaa_z1" bosh_job_index="0" filename="/var/vcap/data/sys/log/uaa/uaa.log"] [2016-09-29 19:56:10.495] uaa - 19013 [http-nio-127.0.0.1-8989-exec-3] .... DEBUG --- RequestResponseBodyMethodProcessor: Written [ok

2016-09-29T19:56:17.094433+00:00 05bf1627-ae2f-400c-b1ce-31973a9ff23f - - - [NXLOG@14506 bosh_deployment="cf-warden" bosh_job_name="uaa_z1" bosh_job_index="0" filename="/var/vcap/data/sys/log/uaa/uaa.log"] ] as "text/plain;charset=ISO-8859-1" using [org.springframework.http.converter.StringHttpMessageConverter@178b2baf]

2016-09-29T19:56:17.094442+00:00 05bf1627-ae2f-400c-b1ce-31973a9ff23f - - - [NXLOG@14506 bosh_deployment="cf-warden" bosh_job_name="uaa_z1" bosh_job_index="0" filename="/var/vcap/data/sys/log/uaa/uaa.log"] [2016-09-29 19:56:10.495] uaa - 19013 [http-nio-127.0.0.1-8989-exec-3] .... DEBUG --- DispatcherServlet: Null ModelAndView returned to DispatcherServlet with name 'spring': assuming HandlerAdapter completed request handling

2016-09-29T19:56:17.094457+00:00 05bf1627-ae2f-400c-b1ce-31973a9ff23f - - - [NXLOG@14506 bosh_deployment="cf-warden" bosh_job_name="uaa_z1" bosh_job_index="0" filename="/var/vcap/data/sys/log/uaa/uaa.log"] [2016-09-29 19:56:10.495] uaa - 19013 [http-nio-127.0.0.1-8989-exec-3] .... DEBUG --- DispatcherServlet: Successfully completed request

2016-09-29T19:56:17.094477+00:00 05bf1627-ae2f-400c-b1ce-31973a9ff23f - - - [NXLOG@14506 bosh_deployment="cf-warden" bosh_job_name="uaa_z1" bosh_job_index="0" filename="/var/vcap/data/sys/log/uaa/uaa.log"] [2016-09-29 19:56:10.806] uaa - 19013 [ZoneAwareMetadataManager.Refresh[idpMetadataManager]] .... DEBUG --- ZoneAwareIdpMetadataManager: Running SAML SP refresh[ZoneAwareMetadataManager.Refresh[idpMetadataManager]-859022334] - ignoreTimestamp=false

2016-09-29T19:56:17.094488+00:00 05bf1627-ae2f-400c-b1ce-31973a9ff23f - - - [NXLOG@14506 bosh_deployment="cf-warden" bosh_job_name="uaa_z1" bosh_job_index="0" filename="/var/vcap/data/sys/log/uaa/uaa.log"] [2016-09-29 19:56:10.806] uaa - 19013 [ZoneAwareMetadataManager.Refresh[idpMetadataManager]] .... DEBUG --- JdbcTemplate: Executing SQL query [select id,version,created,lastmodified,name,subdomain,description,config from identity_zone ]

2016-09-29T19:56:17.094521+00:00 05bf1627-ae2f-400c-b1ce-31973a9ff23f - - - [NXLOG@14506 bosh_deployment="cf-warden" bosh_job_name="uaa_z1" bosh_job_index="0" filename="/var/vcap/data/sys/log/uaa/uaa.log"] [2016-09-29 19:56:10.808] uaa - 19013 [ZoneAwareMetadataManager.Refresh[idpMetadataManager]] .... DEBUG --- JdbcTemplate: Executing prepared SQL query

2016-09-29T19:56:17.094532+00:00 05bf1627-ae2f-400c-b1ce-31973a9ff23f - - - [NXLOG@14506 bosh_deployment="cf-warden" bosh_job_name="uaa_z1" bosh_job_index="0" filename="/var/vcap/data/sys/log/uaa/uaa.log"] [2016-09-29 19:56:10.808] uaa - 19013 [ZoneAwareMetadataManager.Refresh[idpMetadataManager]] .... DEBUG --- JdbcTemplate: Executing prepared SQL statement [select id,version,created,lastmodified,name,entity_id,config,identity_zone_id,active from service_provider where identity_zone_id=?]

2016-09-29T19:56:17.094540+00:00 05bf1627-ae2f-400c-b1ce-31973a9ff23f - - - [NXLOG@14506 bosh_deployment="cf-warden" bosh_job_name="uaa_z1" bosh_job_index="0" filename="/var/vcap/data/sys/log/uaa/uaa.log"] [2016-09-29 19:56:10.819] uaa - 19013 [http-nio-127.0.0.1-8989-exec-1] .... DEBUG --- AntPathRequestMatcher: Checking match of request : '/healthz'; against '/resources/**'

2016-09-29T19:56:17.094561+00:00 05bf1627-ae2f-400c-b1ce-31973a9ff23f - - - [NXLOG@14506 bosh_deployment="cf-warden" bosh_job_name="uaa_z1" bosh_job_index="0" filename="/var/vcap/data/sys/log/uaa/uaa.log"] [2016-09-29 19:56:10.819] uaa - 19013 [http-nio-127.0.0.1-8989-exec-1] .... DEBUG --- AntPathRequestMatcher: Checking match of request : '/healthz'; against '/square-logo.png'

2016-09-29T19:56:17.094571+00:00 05bf1627-ae2f-400c-b1ce-31973a9ff23f - - - [NXLOG@14506 bosh_deployment="cf-warden" bosh_job_name="uaa_z1" bosh_job_index="0" filename="/var/vcap/data/sys/log/uaa/uaa.log"] [2016-09-29 19:56:10.819] uaa - 19013 [http-nio-127.0.0.1-8989-exec-1] .... DEBUG --- AntPathRequestMatcher: Checking match of request : '/healthz'; against '/info'

2016-09-29T19:56:17.094592+00:00 05bf1627-ae2f-400c-b1ce-31973a9ff23f - - - [NXLOG@14506 bosh_deployment="cf-warden" bosh_job_name="uaa_z1" bosh_job_index="0" filename="/var/vcap/data/sys/log/uaa/uaa.log"] [2016-09-29 19:56:10.819] uaa - 19013 [http-nio-127.0.0.1-8989-exec-1] .... DEBUG --- AntPathRequestMatcher: Checking match of request : '/healthz'; against '/password/**'

2016-09-29T19:56:17.094601+00:00 05bf1627-ae2f-400c-b1ce-31973a9ff23f - - - [NXLOG@14506 bosh_deployment="cf-warden" bosh_job_name="uaa_z1" bosh_job_index="0" filename="/var/vcap/data/sys/log/uaa/uaa.log"] [2016-09-29 19:56:10.819] uaa - 19013 [http-nio-127.0.0.1-8989-exec-1] .... DEBUG --- AntPathRequestMatcher: Checking match of request : '/healthz'; against '/healthz/**'

2016-09-29T19:56:17.094635+00:00 05bf1627-ae2f-400c-b1ce-31973a9ff23f - - - [NXLOG@14506 bosh_deployment="cf-warden" bosh_job_name="uaa_z1" bosh_job_index="0" filename="/var/vcap/data/sys/log/uaa/uaa.log"] [2016-09-29 19:56:10.819] uaa - 19013 [http-nio-127.0.0.1-8989-exec-1] .... DEBUG --- FilterChainProxy: /healthz has an empty filter list

2016-09-29T19:56:17.094645+00:00 05bf1627-ae2f-400c-b1ce-31973a9ff23f - - - [NXLOG@14506 bosh_deployment="cf-warden" bosh_job_name="uaa_z1" bosh_job_index="0" filename="/var/vcap/data/sys/log/uaa/uaa.log"] [2016-09-29 19:56:10.819] uaa - 19013 [http-nio-127.0.0.1-8989-exec-1] .... DEBUG --- DispatcherServlet: DispatcherServlet with name 'spring' processing GET request for [/healthz]

2016-09-29T19:56:17.094654+00:00 05bf1627-ae2f-400c-b1ce-31973a9ff23f - - - [NXLOG@14506 bosh_deployment="cf-warden" bosh_job_name="uaa_z1" bosh_job_index="0" filename="/var/vcap/data/sys/log/uaa/uaa.log"] [2016-09-29 19:56:10.819] uaa - 19013 [http-nio-127.0.0.1-8989-exec-1] .... DEBUG --- DispatcherServlet: Last-Modified value for [/healthz] is: -1

2016-09-29T19:56:17.094662+00:00 05bf1627-ae2f-400c-b1ce-31973a9ff23f - - - [NXLOG@14506 bosh_deployment="cf-warden" bosh_job_name="uaa_z1" bosh_job_index="0" filename="/var/vcap/data/sys/log/uaa/uaa.log"] [2016-09-29 19:56:10.819] uaa - 19013 [http-nio-127.0.0.1-8989-exec-1] .... DEBUG --- RequestResponseBodyMethodProcessor: Written [ok

2016-09-29T19:56:17.094670+00:00 05bf1627-ae2f-400c-b1ce-31973a9ff23f - - - [NXLOG@14506 bosh_deployment="cf-warden" bosh_job_name="uaa_z1" bosh_job_index="0" filename="/var/vcap/data/sys/log/uaa/uaa.log"] ] as "text/plain;charset=ISO-8859-1" using [org.springframework.http.converter.StringHttpMessageConverter@178b2baf]

2016-09-29T19:56:17.094678+00:00 05bf1627-ae2f-400c-b1ce-31973a9ff23f - - - [NXLOG@14506 bosh_deployment="cf-warden" bosh_job_name="uaa_z1" bosh_job_index="0" filename="/var/vcap/data/sys/log/uaa/uaa.log"] [2016-09-29 19:56:10.819] uaa - 19013 [http-nio-127.0.0.1-8989-exec-1] .... DEBUG --- DispatcherServlet: Null ModelAndView returned to DispatcherServlet with name 'spring': assuming HandlerAdapter completed request handling

2016-09-29T19:56:17.094711+00:00 05bf1627-ae2f-400c-b1ce-31973a9ff23f - - - [NXLOG@14506 bosh_deployment="cf-warden" bosh_job_name="uaa_z1" bosh_job_index="0" filename="/var/vcap/data/sys/log/uaa/uaa.log"] [2016-09-29 19:56:10.819] uaa - 19013 [http-nio-127.0.0.1-8989-exec-1] .... DEBUG --- DispatcherServlet: Successfully completed request

2016-09-29T19:56:17.094720+00:00 05bf1627-ae2f-400c-b1ce-31973a9ff23f - - - [NXLOG@14506 bosh_deployment="cf-warden" bosh_job_name="uaa_z1" bosh_job_index="0" filename="/var/vcap/data/sys/log/uaa/uaa.log"] [2016-09-29 19:56:11.156] uaa - 19013 [pool-2-thread-1] .... DEBUG --- JdbcTemplate: Executing SQL query [select count(*) from oauth_client_details]

2016-09-29T19:56:17.094749+00:00 05bf1627-ae2f-400c-b1ce-31973a9ff23f - - - [NXLOG@14506 bosh_deployment="cf-warden" bosh_job_name="uaa_z1" bosh_job_index="0" filename="/var/vcap/data/sys/log/uaa/uaa.log"] [2016-09-29 19:56:11.157] uaa - 19013 [pool-2-thread-1] .... DEBUG --- JdbcTemplate: Executing SQL query [select count(*) from users]

2016-09-29T19:56:17.094771+00:00 05bf1627-ae2f-400c-b1ce-31973a9ff23f - - - [NXLOG@14506 bosh_deployment="cf-warden" bosh_job_name="uaa_z1" bosh_job_index="0" filename="/var/vcap/data/sys/log/uaa/uaa.log"] [2016-09-29 19:56:14.818] uaa - 19013 [http-nio-127.0.0.1-8989-exec-6] .... DEBUG --- AntPathRequestMatcher: Checking match of request : '/healthz'; against '/resources/**'

2016-09-29T19:56:17.094781+00:00 05bf1627-ae2f-400c-b1ce-31973a9ff23f - - - [NXLOG@14506 bosh_deployment="cf-warden" bosh_job_name="uaa_z1" bosh_job_index="0" filename="/var/vcap/data/sys/log/uaa/uaa.log"] [2016-09-29 19:56:14.818] uaa - 19013 [http-nio-127.0.0.1-8989-exec-6] .... DEBUG --- AntPathRequestMatcher: Checking match of request : '/healthz'; against '/square-logo.png'

2016-09-29T19:56:17.094789+00:00 05bf1627-ae2f-400c-b1ce-31973a9ff23f - - - [NXLOG@14506 bosh_deployment="cf-warden" bosh_job_name="uaa_z1" bosh_job_index="0" filename="/var/vcap/data/sys/log/uaa/uaa.log"] [2016-09-29 19:56:14.818] uaa - 19013 [http-nio-127.0.0.1-8989-exec-6] .... DEBUG --- AntPathRequestMatcher: Checking match of request : '/healthz'; against '/info'

2016-09-29T19:56:17.094852+00:00 05bf1627-ae2f-400c-b1ce-31973a9ff23f - - - [NXLOG@14506 bosh_deployment="cf-warden" bosh_job_name="uaa_z1" bosh_job_index="0" filename="/var/vcap/data/sys/log/uaa/uaa.log"] [2016-09-29 19:56:14.818] uaa - 19013 [http-nio-127.0.0.1-8989-exec-6] .... DEBUG --- AntPathRequestMatcher: Checking match of request : '/healthz'; against '/password/**'

2016-09-29T19:56:17.094892+00:00 05bf1627-ae2f-400c-b1ce-31973a9ff23f - - - [NXLOG@14506 bosh_deployment="cf-warden" bosh_job_name="uaa_z1" bosh_job_index="0" filename="/var/vcap/data/sys/log/uaa/uaa.log"] [2016-09-29 19:56:14.818] uaa - 19013 [http-nio-127.0.0.1-8989-exec-6] .... DEBUG --- AntPathRequestMatcher: Checking match of request : '/healthz'; against '/healthz/**'

2016-09-29T19:56:17.094902+00:00 05bf1627-ae2f-400c-b1ce-31973a9ff23f - - - [NXLOG@14506 bosh_deployment="cf-warden" bosh_job_name="uaa_z1" bosh_job_index="0" filename="/var/vcap/data/sys/log/uaa/uaa.log"] [2016-09-29 19:56:14.818] uaa - 19013 [http-nio-127.0.0.1-8989-exec-6] .... DEBUG --- FilterChainProxy: /healthz has an empty filter list

2016-09-29T19:56:17.094910+00:00 05bf1627-ae2f-400c-b1ce-31973a9ff23f - - - [NXLOG@14506 bosh_deployment="cf-warden" bosh_job_name="uaa_z1" bosh_job_index="0" filename="/var/vcap/data/sys/log/uaa/uaa.log"] [2016-09-29 19:56:14.818] uaa - 19013 [http-nio-127.0.0.1-8989-exec-6] .... DEBUG --- DispatcherServlet: DispatcherServlet with name 'spring' processing GET request for [/healthz]

2016-09-29T19:56:17.094919+00:00 05bf1627-ae2f-400c-b1ce-31973a9ff23f - - - [NXLOG@14506 bosh_deployment="cf-warden" bosh_job_name="uaa_z1" bosh_job_index="0" filename="/var/vcap/data/sys/log/uaa/uaa.log"] [2016-09-29 19:56:14.818] uaa - 19013 [http-nio-127.0.0.1-8989-exec-6] .... DEBUG --- DispatcherServlet: Last-Modified value for [/healthz] is: -1

2016-09-29T19:56:17.094970+00:00 05bf1627-ae2f-400c-b1ce-31973a9ff23f - - - [NXLOG@14506 bosh_deployment="cf-warden" bosh_job_name="uaa_z1" bosh_job_index="0" filename="/var/vcap/data/sys/log/uaa/uaa.log"] [2016-09-29 19:56:14.818] uaa - 19013 [http-nio-127.0.0.1-8989-exec-6] .... DEBUG --- RequestResponseBodyMethodProcessor: Written [ok

2016-09-29T19:56:17.094997+00:00 05bf1627-ae2f-400c-b1ce-31973a9ff23f - - - [NXLOG@14506 bosh_deployment="cf-warden" bosh_job_name="uaa_z1" bosh_job_index="0" filename="/var/vcap/data/sys/log/uaa/uaa.log"] ] as "text/plain;charset=ISO-8859-1" using [org.springframework.http.converter.StringHttpMessageConverter@178b2baf]

2016-09-29T19:56:17.095007+00:00 05bf1627-ae2f-400c-b1ce-31973a9ff23f - - - [NXLOG@14506 bosh_deployment="cf-warden" bosh_job_name="uaa_z1" bosh_job_index="0" filename="/var/vcap/data/sys/log/uaa/uaa.log"] [2016-09-29 19:56:14.818] uaa - 19013 [http-nio-127.0.0.1-8989-exec-6] .... DEBUG --- DispatcherServlet: Null ModelAndView returned to DispatcherServlet with name 'spring': assuming HandlerAdapter completed request handling

2016-09-29T19:56:17.095015+00:00 05bf1627-ae2f-400c-b1ce-31973a9ff23f - - - [NXLOG@14506 bosh_deployment="cf-warden" bosh_job_name="uaa_z1" bosh_job_index="0" filename="/var/vcap/data/sys/log/uaa/uaa.log"] [2016-09-29 19:56:14.818] uaa - 19013 [http-nio-127.0.0.1-8989-exec-6] .... DEBUG --- DispatcherServlet: Successfully completed request

2016-09-29T19:56:17.095038+00:00 05bf1627-ae2f-400c-b1ce-31973a9ff23f - - - [NXLOG@14506 bosh_deployment="cf-warden" bosh_job_name="uaa_z1" bosh_job_index="0" filename="/var/vcap/data/sys/log/uaa/uaa.log"] [2016-09-29 19:56:16.157] uaa - 19013 [pool-2-thread-1] .... DEBUG --- JdbcTemplate: Executing SQL query [select count(*) from oauth_client_details]

2016-09-29T19:56:17.095056+00:00 05bf1627-ae2f-400c-b1ce-31973a9ff23f - - - [NXLOG@14506 bosh_deployment="cf-warden" bosh_job_name="uaa_z1" bosh_job_index="0" filename="/var/vcap/data/sys/log/uaa/uaa.log"] [2016-09-29 19:56:16.159] uaa - 19013 [pool-2-thread-1] .... DEBUG --- JdbcTemplate: Executing SQL query [select count(*) from users]

2016-09-29T19:56:26.964690+00:00 bfc626ef-a2eb-4bad-8f71-fa1d6d0f927f - - - [NXLOG@14506 bosh_deployment="cf-warden" bosh_job_name="loggregator_trafficcontroller_z1" bosh_job_index="0" filename="/var/vcap/data/sys/log/route_registrar/route_registrar.stdout.log"] {"timestamp":"1475178986.733005524","source":"Route Registrar","message":"Route Registrar.no healthchecker found for route","log_level":1,"data":{"route":{"Name":"loggregator","Port":8080,"Tags":null,"URIs":["loggregator.bosh-lite.com"],"RouteServiceUrl":"","RegistrationInterval":20000000000,"HealthCheck":null}}}

2016-09-29T19:56:26.965039+00:00 bfc626ef-a2eb-4bad-8f71-fa1d6d0f927f - - - [NXLOG@14506 bosh_deployment="cf-warden" bosh_job_name="loggregator_trafficcontroller_z1" bosh_job_index="0" filename="/var/vcap/data/sys/log/route_registrar/route_registrar.stdout.log"] {"timestamp":"1475178986.733091593","source":"Route Registrar","message":"Route Registrar.Registering route","log_level":1,"data":{"route":{"Name":"loggregator","Port":8080,"Tags":null,"URIs":["loggregator.bosh-lite.com"],"RouteServiceUrl":"","RegistrationInterval":20000000000,"HealthCheck":null}}}

2016-09-29T19:56:26.965138+00:00 bfc626ef-a2eb-4bad-8f71-fa1d6d0f927f - - - [NXLOG@14506 bosh_deployment="cf-warden" bosh_job_name="loggregator_trafficcontroller_z1" bosh_job_index="0" filename="/var/vcap/data/sys/log/route_registrar/route_registrar.stdout.log"] {"timestamp":"1475178986.733146191","source":"Route Registrar","message":"Route Registrar.Registered routes successfully","log_level":1,"data":{}}

2016-09-29T19:56:26.965193+00:00 bfc626ef-a2eb-4bad-8f71-fa1d6d0f927f - - - [NXLOG@14506 bosh_deployment="cf-warden" bosh_job_name="loggregator_trafficcontroller_z1" bosh_job_index="0" filename="/var/vcap/data/sys/log/route_registrar/route_registrar.stdout.log"] {"timestamp":"1475178986.733160257","source":"Route Registrar","message":"Route Registrar.no healthchecker found for route","log_level":1,"data":{"route":{"Name":"doppler","Port":8081,"Tags":null,"URIs":["doppler.bosh-lite.com"],"RouteServiceUrl":"","RegistrationInterval":20000000000,"HealthCheck":null}}}

2016-09-29T19:56:26.965241+00:00 bfc626ef-a2eb-4bad-8f71-fa1d6d0f927f - - - [NXLOG@14506 bosh_deployment="cf-warden" bosh_job_name="loggregator_trafficcontroller_z1" bosh_job_index="0" filename="/var/vcap/data/sys/log/route_registrar/route_registrar.stdout.log"] {"timestamp":"1475178986.733176231","source":"Route Registrar","message":"Route Registrar.Registering route","log_level":1,"data":{"route":{"Name":"doppler","Port":8081,"Tags":null,"URIs":["doppler.bosh-lite.com"],"RouteServiceUrl":"","RegistrationInterval":20000000000,"HealthCheck":null}}}

2016-09-29T19:56:26.965360+00:00 bfc626ef-a2eb-4bad-8f71-fa1d6d0f927f - - - [NXLOG@14506 bosh_deployment="cf-warden" bosh_job_name="loggregator_trafficcontroller_z1" bosh_job_index="0" filename="/var/vcap/data/sys/log/route_registrar/route_registrar.stdout.log"] {"timestamp":"1475178986.733217001","source":"Route Registrar","message":"Route Registrar.Registered routes successfully","log_level":1,"data":{}}

2016-09-29T19:56:26.966184+00:00 fc52b791-0068-48d0-b63d-a9600b8fa32e - - - [NXLOG@14506 bosh_deployment="cf-warden" bosh_job_name="runner_z1" bosh_job_index="0" filename="/var/vcap/data/sys/log/dea_next/dea_next.log"] {"timestamp":1475178981.7155128,"message":"hm9000.heartbeat.sending","log_level":"debug","source":"Dea::Bootstrap","data":{"destination":"https://listener-hm9000.service.cf.internal:5335/dea/heartbeat"},"thread_id":47241037142420,"fiber_id":47241050325380,"process_id":6941,"file":"/var/vcap/packages/dea_next/lib/dea/utils/hm9000.rb","lineno":29,"method":"send_heartbeat"}

2016-09-29T19:56:26.966253+00:00 fc52b791-0068-48d0-b63d-a9600b8fa32e - - - [NXLOG@14506 bosh_deployment="cf-warden" bosh_job_name="runner_z1" bosh_job_index="0" filename="/var/vcap/data/sys/log/dea_next/dea_next.log"] {"timestamp":1475178981.7184165,"message":"hm9000.heartbeat.accepted","log_level":"debug","source":"Dea::Bootstrap","data":{},"thread_id":47241047596740,"fiber_id":47241049126240,"process_id":6941,"file":"/var/vcap/packages/dea_next/lib/dea/utils/hm9000.rb","lineno":49,"method":"handle_http_response"}

2016-09-29T19:56:27.090590+00:00 05bf1627-ae2f-400c-b1ce-31973a9ff23f - - - [NXLOG@14506 bosh_deployment="cf-warden" bosh_job_name="uaa_z1" bosh_job_index="0" filename="/var/vcap/data/sys/log/uaa/localhost_access.log"] 127.0.0.1 - - [29/Sep/2016:19:56:10 +0000] "GET /healthz HTTP/1.1" 200 3

2016-09-29T19:56:27.090665+00:00 05bf1627-ae2f-400c-b1ce-31973a9ff23f - - - [NXLOG@14506 bosh_deployment="cf-warden" bosh_job_name="uaa_z1" bosh_job_index="0" filename="/var/vcap/data/sys/log/uaa/localhost_access.log"] 127.0.0.1 - - [29/Sep/2016:19:56:10 +0000] "GET /healthz HTTP/1.1" 200 3

2016-09-29T19:56:36.966741+00:00 fc52b791-0068-48d0-b63d-a9600b8fa32e - - - [NXLOG@14506 bosh_deployment="cf-warden" bosh_job_name="runner_z1" bosh_job_index="0" filename="/var/vcap/data/sys/log/dea_next/dea_next.log"] {"timestamp":1475178991.7174196,"message":"hm9000.heartbeat.sending","log_level":"debug","source":"Dea::Bootstrap","data":{"destination":"https://listener-hm9000.service.cf.internal:5335/dea/heartbeat"},"thread_id":47241037142420,"fiber_id":47241050325380,"process_id":6941,"file":"/var/vcap/packages/dea_next/lib/dea/utils/hm9000.rb","lineno":29,"method":"send_heartbeat"}

2016-09-29T19:56:36.966847+00:00 fc52b791-0068-48d0-b63d-a9600b8fa32e - - - [NXLOG@14506 bosh_deployment="cf-warden" bosh_job_name="runner_z1" bosh_job_index="0" filename="/var/vcap/data/sys/log/dea_next/dea_next.log"] {"timestamp":1475178991.7308693,"message":"hm9000.heartbeat.accepted","log_level":"debug","source":"Dea::Bootstrap","data":{},"thread_id":47241037002940,"fiber_id":47241047587280,"process_id":6941,"file":"/var/vcap/packages/dea_next/lib/dea/utils/hm9000.rb","lineno":49,"method":"handle_http_response"}

2016-09-29T19:56:36.966900+00:00 fc52b791-0068-48d0-b63d-a9600b8fa32e - - - [NXLOG@14506 bosh_deployment="cf-warden" bosh_job_name="runner_z1" bosh_job_index="0" filename="/var/vcap/data/sys/log/dea_next/dea_next.log"] {"timestamp":1475178996.1195867,"message":"Reaping orphaned containers","log_level":"debug","source":"Dea::Bootstrap","data":{},"thread_id":47241037142420,"fiber_id":47241050325380,"process_id":6941,"file":"/var/vcap/packages/dea_next/lib/dea/bootstrap.rb","lineno":236,"method":"reap_orphaned_containers"}

2016-09-29T19:56:37.091421+00:00 b0fa19c0-86de-4447-a670-3f7adbd0b3c1 - - - [NXLOG@14506 bosh_deployment="cf-warden" bosh_job_name="api_z1" bosh_job_index="0" filename="/var/vcap/data/sys/log/cloud_controller_worker/cloud_controller_worker.log"] {"timestamp":1475178990.1681004,"message":"(0.000600s) SELECT * FROM \"delayed_jobs\" WHERE ((((\"run_at\" <= '2016-09-29 19:56:30.166855+0000') AND (\"locked_at\" IS NULL)) OR (\"locked_by\" = 'cc_global_worker.api_z1.0.1')) AND (\"failed_at\" IS NULL) AND (\"queue\" IN ('cc-generic'))) ORDER BY \"priority\" ASC, \"run_at\" ASC LIMIT 5","log_level":"debug2","source":"cc.background","data":{},"thread_id":47193737007380,"fiber_id":47193773841900,"process_id":15807,"file":"/var/vcap/packages/cloud_controller_ng/cloud_controller_ng/vendor/bundle/ruby/2.3.0/gems/sequel-4.29.0/lib/sequel/database/logging.rb","lineno":70,"method":"block in log_each"}

2016-09-29T19:56:37.091557+00:00 b0fa19c0-86de-4447-a670-3f7adbd0b3c1 - - - [NXLOG@14506 bosh_deployment="cf-warden" bosh_job_name="api_z1" bosh_job_index="0" filename="/var/vcap/data/sys/log/cloud_controller_worker/cloud_controller_worker.log"] {"timestamp":1475178995.1888506,"message":"(0.000571s) SELECT * FROM \"delayed_jobs\" WHERE ((((\"run_at\" <= '2016-09-29 19:56:35.187709+0000') AND (\"locked_at\" IS NULL)) OR (\"locked_by\" = 'cc_global_worker.api_z1.0.1')) AND (\"failed_at\" IS NULL) AND (\"queue\" IN ('cc-generic'))) ORDER BY \"priority\" ASC, \"run_at\" ASC LIMIT 5","log_level":"debug2","source":"cc.background","data":{},"thread_id":47193737007380,"fiber_id":47193773841900,"process_id":15807,"file":"/var/vcap/packages/cloud_controller_ng/cloud_controller_ng/vendor/bundle/ruby/2.3.0/gems/sequel-4.29.0/lib/sequel/database/logging.rb","lineno":70,"method":"block in log_each"}

2016-09-29T19:56:37.091609+00:00 b0fa19c0-86de-4447-a670-3f7adbd0b3c1 - - - [NXLOG@14506 bosh_deployment="cf-warden" bosh_job_name="api_z1" bosh_job_index="0" filename="/var/vcap/data/sys/log/nginx_cc/nginx.access.log"] api.bosh-lite.com - [29/Sep/2016:19:56:30 +0000] "GET /v2/syslog_drain_urls?batch_size=1000 HTTP/1.1" 200 326 "-" "Go-http-client/1.1" 10.244.0.146, 10.244.0.34, 10.244.0.22 vcap_request_id:ccbe2fe7-d739-4e5a-48b3-744c72ca5e5f::94d8e9b1-4519-4065-914b-1b516f40d14c response_time:0.005

2016-09-29T19:56:37.091653+00:00 b0fa19c0-86de-4447-a670-3f7adbd0b3c1 - - - [NXLOG@14506 bosh_deployment="cf-warden" bosh_job_name="api_z1" bosh_job_index="0" filename="/var/vcap/data/sys/log/nginx_cc/nginx.access.log"] 10.244.0.138 - [29/Sep/2016:19:56:36 +0000] "GET /v2/info HTTP/1.1" 200 802 "-" "monit/5.2.5" 10.244.0.138 vcap_request_id:9f35250d-8692-4bc7-b62a-a1eced2dd0e6 response_time:0.003

2016-09-29T19:56:37.091751+00:00 b0fa19c0-86de-4447-a670-3f7adbd0b3c1 - - - [NXLOG@14506 bosh_deployment="cf-warden" bosh_job_name="api_z1" bosh_job_index="0" filename="/var/vcap/data/sys/log/cloud_controller_ng/cloud_controller_ng.log"] {"timestamp":1475178990.2317355,"message":"(0.000667s) SELECT * FROM \"delayed_jobs\" WHERE ((((\"run_at\" <= '2016-09-29 19:56:30.230794+0000') AND (\"locked_at\" IS NULL)) OR (\"locked_by\" = 'cc_api_worker.api_z1.0.2')) AND (\"failed_at\" IS NULL) AND (\"queue\" IN ('cc-api_z1-0'))) ORDER BY \"priority\" ASC, \"run_at\" ASC LIMIT 5","log_level":"debug2","source":"cc.background","data":{},"thread_id":47118928261380,"fiber_id":47118965175380,"process_id":15629,"file":"/var/vcap/packages/cloud_controller_ng/cloud_controller_ng/vendor/bundle/ruby/2.3.0/gems/sequel-4.29.0/lib/sequel/database/logging.rb","lineno":70,"method":"block in log_each"}

2016-09-29T19:56:37.091814+00:00 b0fa19c0-86de-4447-a670-3f7adbd0b3c1 - - - [NXLOG@14506 bosh_deployment="cf-warden" bosh_job_name="api_z1" bosh_job_index="0" filename="/var/vcap/data/sys/log/cloud_controller_ng/cloud_controller_ng.log"] {"timestamp":1475178990.9067252,"message":"Statsd: cc.requests.outstanding:1|c","log_level":"debug","source":"statsd.client","data":{},"thread_id":47062185508400,"fiber_id":47062174443920,"process_id":15535,"file":"/var/vcap/packages/cloud_controller_ng/cloud_controller_ng/vendor/bundle/ruby/2.3.0/gems/statsd-ruby-1.2.1/lib/statsd.rb","lineno":254,"method":"send_to_socket"}

2016-09-29T19:56:37.091845+00:00 b0fa19c0-86de-4447-a670-3f7adbd0b3c1 - - - [NXLOG@14506 bosh_deployment="cf-warden" bosh_job_name="api_z1" bosh_job_index="0" filename="/var/vcap/data/sys/log/cloud_controller_ng/cloud_controller_ng.log"] {"timestamp":1475178990.9073453,"message":"Started GET \"/v2/syslog_drain_urls?batch_size=1000\" for user: , ip: 127.0.0.1 with vcap-request-id: ccbe2fe7-d739-4e5a-48b3-744c72ca5e5f::94d8e9b1-4519-4065-914b-1b516f40d14c at 2016-09-29 19:56:30 UTC","log_level":"info","source":"cc.api","data":{},"thread_id":47062185508400,"fiber_id":47062174443920,"process_id":15535,"file":"/var/vcap/packages/cloud_controller_ng/cloud_controller_ng/middleware/request_logs.rb","lineno":12,"method":"call"}

2016-09-29T19:56:37.091932+00:00 b0fa19c0-86de-4447-a670-3f7adbd0b3c1 - - - [NXLOG@14506 bosh_deployment="cf-warden" bosh_job_name="api_z1" bosh_job_index="0" filename="/var/vcap/data/sys/log/cloud_controller_ng/cloud_controller_ng.log"] {"timestamp":1475178990.9081402,"message":"dispatch VCAP::CloudController::SyslogDrainUrlsController get /v2/syslog_drain_urls","log_level":"debug","source":"cc.api","data":{"request_guid":"ccbe2fe7-d739-4e5a-48b3-744c72ca5e5f::94d8e9b1-4519-4065-914b-1b516f40d14c"},"thread_id":47062185508400,"fiber_id":47062174443920,"process_id":15535,"file":"/var/vcap/data/packages/cloud_controller_ng/f87cb49aa2cd87792cb9c2211a79e1542502be4d.1-b1a5f3c830cb6c32ae9e685628b24aa967f5ae54/cloud_controller_ng/lib/cloud_controller/rest_controller/routes.rb","lineno":12,"method":"block in define_route"}

2016-09-29T19:56:37.091964+00:00 b0fa19c0-86de-4447-a670-3f7adbd0b3c1 - - - [NXLOG@14506 bosh_deployment="cf-warden" bosh_job_name="api_z1" bosh_job_index="0" filename="/var/vcap/data/sys/log/cloud_controller_ng/cloud_controller_ng.log"] {"timestamp":1475178990.9083672,"message":"parse_params: {\"batch_size\"=>\"1000\"} batch_size=1000","log_level":"debug","source":"cc.api","data":{"request_guid":"ccbe2fe7-d739-4e5a-48b3-744c72ca5e5f::94d8e9b1-4519-4065-914b-1b516f40d14c"},"thread_id":47062185508400,"fiber_id":47062174443920,"process_id":15535,"file":"/var/vcap/data/packages/cloud_controller_ng/f87cb49aa2cd87792cb9c2211a79e1542502be4d.1-b1a5f3c830cb6c32ae9e685628b24aa967f5ae54/cloud_controller_ng/lib/cloud_controller/rest_controller/common_params.rb","lineno":10,"method":"parse"}

2016-09-29T19:56:37.092025+00:00 b0fa19c0-86de-4447-a670-3f7adbd0b3c1 - - - [NXLOG@14506 bosh_deployment="cf-warden" bosh_job_name="api_z1" bosh_job_index="0" filename="/var/vcap/data/sys/log/cloud_controller_ng/cloud_controller_ng.log"] {"timestamp":1475178990.908473,"message":"cc.dispatch","log_level":"debug","source":"cc.api","data":{"request_guid":"ccbe2fe7-d739-4e5a-48b3-744c72ca5e5f::94d8e9b1-4519-4065-914b-1b516f40d14c","endpoint":"list","args":[]},"thread_id":47062185508400,"fiber_id":47062174443920,"process_id":15535,"file":"/var/vcap/data/packages/cloud_controller_ng/f87cb49aa2cd87792cb9c2211a79e1542502be4d.1-b1a5f3c830cb6c32ae9e685628b24aa967f5ae54/cloud_controller_ng/app/controllers/base/base_controller.rb","lineno":78,"method":"dispatch"}

2016-09-29T19:56:37.092057+00:00 b0fa19c0-86de-4447-a670-3f7adbd0b3c1 - - - [NXLOG@14506 bosh_deployment="cf-warden" bosh_job_name="api_z1" bosh_job_index="0" filename="/var/vcap/data/sys/log/cloud_controller_ng/cloud_controller_ng.log"] {"timestamp":1475178990.910318,"message":"(0.001241s) SELECT \"apps\".\"guid\", string_agg(\"service_bindings\".\"syslog_drain_url\", ',') AS \"syslog_drain_urls\" FROM \"apps\" INNER JOIN \"service_bindings\" ON (\"service_bindings\".\"app_id\" = \"apps\".\"id\") WHERE ((syslog_drain_url IS NOT NULL) AND (syslog_drain_url != '')) GROUP BY \"apps\".\"guid\" UNION ALL (SELECT \"apps_v3\".\"guid\", string_agg(\"v3_service_bindings\".\"syslog_drain_url\", ',') AS \"syslog_drain_urls\" FROM \"apps_v3\" INNER JOIN \"v3_service_bindings\" ON (\"v3_service_bindings\".\"app_id\" = \"apps_v3\".\"id\") WHERE ((syslog_drain_url IS NOT NULL) AND (syslog_drain_url != '')) GROUP BY \"apps_v3\".\"guid\") ORDER BY \"guid\" LIMIT 1000 OFFSET 0","log_level":"debug2","source":"cc.db","data":{"request_guid":"ccbe2fe7-d739-4e5a-48b3-744c72ca5e5f::94d8e9b1-4519-4065-914b-1b516f40d14c"},"thread_id":47062185508400,"fiber_id":47062174443920,"process_id":15535,"file":"/var/vcap/packages/cloud_controller_ng/cloud_controller_ng/vendor/bundle/ruby/2.3.0/gems/sequel-4.29.0/lib/sequel/database/logging.rb","lineno":70,"method":"block in log_each"}

2016-09-29T19:56:37.092090+00:00 b0fa19c0-86de-4447-a670-3f7adbd0b3c1 - - - [NXLOG@14506 bosh_deployment="cf-warden" bosh_job_name="api_z1" bosh_job_index="0" filename="/var/vcap/data/sys/log/cloud_controller_ng/cloud_controller_ng.log"] {"timestamp":1475178990.9107344,"message":"Completed 200 vcap-request-id: ccbe2fe7-d739-4e5a-48b3-744c72ca5e5f::94d8e9b1-4519-4065-914b-1b516f40d14c","log_level":"info","source":"cc.api","data":{},"thread_id":47062185508400,"fiber_id":47062174443920,"process_id":15535,"file":"/var/vcap/packages/cloud_controller_ng/cloud_controller_ng/middleware/request_logs.rb","lineno":24,"method":"call"}

2016-09-29T19:56:37.092137+00:00 b0fa19c0-86de-4447-a670-3f7adbd0b3c1 - - - [NXLOG@14506 bosh_deployment="cf-warden" bosh_job_name="api_z1" bosh_job_index="0" filename="/var/vcap/data/sys/log/cloud_controller_ng/cloud_controller_ng.log"] {"timestamp":1475178990.9108946,"message":"Statsd: cc.requests.outstanding:-1|c\ncc.requests.completed:1|c\ncc.http_status.2XX:1|c","log_level":"debug","source":"statsd.client","data":{},"thread_id":47062185508400,"fiber_id":47062174443920,"process_id":15535,"file":"/var/vcap/packages/cloud_controller_ng/cloud_controller_ng/vendor/bundle/ruby/2.3.0/gems/statsd-ruby-1.2.1/lib/statsd.rb","lineno":254,"method":"send_to_socket"}

2016-09-29T19:56:37.092168+00:00 b0fa19c0-86de-4447-a670-3f7adbd0b3c1 - - - [NXLOG@14506 bosh_deployment="cf-warden" bosh_job_name="api_z1" bosh_job_index="0" filename="/var/vcap/data/sys/log/cloud_controller_ng/cloud_controller_ng.log"] {"timestamp":1475178991.6360302,"message":"(0.000642s) SELECT * FROM \"delayed_jobs\" WHERE ((((\"run_at\" <= '2016-09-29 19:56:31.634777+0000') AND (\"locked_at\" IS NULL)) OR (\"locked_by\" = 'cc_api_worker.api_z1.0.1')) AND (\"failed_at\" IS NULL) AND (\"queue\" IN ('cc-api_z1-0'))) ORDER BY \"priority\" ASC, \"run_at\" ASC LIMIT 5","log_level":"debug2","source":"cc.background","data":{},"thread_id":47452862460180,"fiber_id":47452899698480,"process_id":15587,"file":"/var/vcap/packages/cloud_controller_ng/cloud_controller_ng/vendor/bundle/ruby/2.3.0/gems/sequel-4.29.0/lib/sequel/database/logging.rb","lineno":70,"method":"block in log_each"}

2016-09-29T19:56:37.092240+00:00 b0fa19c0-86de-4447-a670-3f7adbd0b3c1 - - - [NXLOG@14506 bosh_deployment="cf-warden" bosh_job_name="api_z1" bosh_job_index="0" filename="/var/vcap/data/sys/log/cloud_controller_ng/cloud_controller_ng.log"] {"timestamp":1475178994.2684934,"message":"Statsd: cc.vitals.uptime:1899266|g\ncc.vitals.cpu:0.0|g\ncc.vitals.mem_bytes:150700032|g\ncc.vitals.cpu_load_avg:0.37|g\ncc.vitals.mem_used_bytes:4023758848|g\ncc.vitals.mem_free_bytes:2234290176|g\ncc.vitals.num_cores:4|g","log_level":"debug","source":"statsd.client","data":{},"thread_id":47062143684880,"fiber_id":47062184032460,"process_id":15535,"file":"/var/vcap/packages/cloud_controller_ng/cloud_controller_ng/vendor/bundle/ruby/2.3.0/gems/statsd-ruby-1.2.1/lib/statsd.rb","lineno":254,"method":"send_to_socket"}

2016-09-29T19:56:37.092291+00:00 b0fa19c0-86de-4447-a670-3f7adbd0b3c1 - - - [NXLOG@14506 bosh_deployment="cf-warden" bosh_job_name="api_z1" bosh_job_index="0" filename="/var/vcap/data/sys/log/cloud_controller_ng/cloud_controller_ng.log"] {"timestamp":1475178994.269091,"message":"Statsd: cc.log_count.off:0|g\ncc.log_count.fatal:0|g\ncc.log_count.error:0|g\ncc.log_count.warn:0|g\ncc.log_count.info:45616|g\ncc.log_count.debug:139192|g\ncc.log_count.debug1:0|g\ncc.log_count.debug2:27252|g\ncc.log_count.all:0|g","log_level":"debug","source":"statsd.client","data":{},"thread_id":47062143684880,"fiber_id":47062184032460,"process_id":15535,"file":"/var/vcap/packages/cloud_controller_ng/cloud_controller_ng/vendor/bundle/ruby/2.3.0/gems/statsd-ruby-1.2.1/lib/statsd.rb","lineno":254,"method":"send_to_socket"}

2016-09-29T19:56:37.092348+00:00 b0fa19c0-86de-4447-a670-3f7adbd0b3c1 - - - [NXLOG@14506 bosh_deployment="cf-warden" bosh_job_name="api_z1" bosh_job_index="0" filename="/var/vcap/data/sys/log/cloud_controller_ng/cloud_controller_ng.log"] {"timestamp":1475178994.2701952,"message":"(0.000529s) SELECT count(*) AS \"count\" FROM \"tasks\" WHERE (\"state\" = 'RUNNING') LIMIT 1","log_level":"debug2","source":"cc.db","data":{},"thread_id":47062143684880,"fiber_id":47062184032460,"process_id":15535,"file":"/var/vcap/packages/cloud_controller_ng/cloud_controller_ng/vendor/bundle/ruby/2.3.0/gems/sequel-4.29.0/lib/sequel/database/logging.rb","lineno":70,"method":"block in log_each"}

2016-09-29T19:56:37.092019+00:00 f0562343-642f-42d4-aca5-293abe675815 - - - [NXLOG@14506 bosh_deployment="cf-warden" bosh_job_name="blobstore_z1" bosh_job_index="0" filename="/var/vcap/data/sys/log/route_registrar/route_registrar.stdout.log"] {"timestamp":"1475178988.513907194","source":"Route Registrar","message":"Route Registrar.no healthchecker found for route","log_level":1,"data":{"route":{"Name":"blobstore","Port":80,"Tags":{"component":"blobstore"},"URIs":["blobstore.bosh-lite.com"],"RouteServiceUrl":"","RegistrationInterval":20000000000,"HealthCheck":null}}}

2016-09-29T19:56:37.092087+00:00 f0562343-642f-42d4-aca5-293abe675815 - - - [NXLOG@14506 bosh_deployment="cf-warden" bosh_job_name="blobstore_z1" bosh_job_index="0" filename="/var/vcap/data/sys/log/route_registrar/route_registrar.stdout.log"] {"timestamp":"1475178988.513990879","source":"Route Registrar","message":"Route Registrar.Registering route","log_level":1,"data":{"route":{"Name":"blobstore","Port":80,"Tags":{"component":"blobstore"},"URIs":["blobstore.bosh-lite.com"],"RouteServiceUrl":"","RegistrationInterval":20000000000,"HealthCheck":null}}}

2016-09-29T19:56:37.092119+00:00 f0562343-642f-42d4-aca5-293abe675815 - - - [NXLOG@14506 bosh_deployment="cf-warden" bosh_job_name="blobstore_z1" bosh_job_index="0" filename="/var/vcap/data/sys/log/route_registrar/route_registrar.stdout.log"] {"timestamp":"1475178988.514087200","source":"Route Registrar","message":"Route Registrar.Registered routes successfully","log_level":1,"data":{}}

2016-09-29T19:56:37.092397+00:00 b0fa19c0-86de-4447-a670-3f7adbd0b3c1 - - - [NXLOG@14506 bosh_deployment="cf-warden" bosh_job_name="api_z1" bosh_job_index="0" filename="/var/vcap/data/sys/log/cloud_controller_ng/cloud_controller_ng.log"] {"timestamp":1475178994.2710733,"message":"(0.000299s) SELECT sum(\"memory_in_mb\") AS \"sum\" FROM \"tasks\" WHERE (\"state\" = 'RUNNING') LIMIT 1","log_level":"debug2","source":"cc.db","data":{},"thread_id":47062143684880,"fiber_id":47062184032460,"process_id":15535,"file":"/var/vcap/packages/cloud_controller_ng/cloud_controller_ng/vendor/bundle/ruby/2.3.0/gems/sequel-4.29.0/lib/sequel/database/logging.rb","lineno":70,"method":"block in log_each"}

2016-09-29T19:56:37.092414+00:00 b0fa19c0-86de-4447-a670-3f7adbd0b3c1 - - - [NXLOG@14506 bosh_deployment="cf-warden" bosh_job_name="api_z1" bosh_job_index="0" filename="/var/vcap/data/sys/log/cloud_controller_ng/cloud_controller_ng.log"] {"timestamp":1475178994.2715192,"message":"Statsd: cc.tasks_running.count:0|g\ncc.tasks_running.memory_in_mb:0|g","log_level":"debug","source":"statsd.client","data":{},"thread_id":47062143684880,"fiber_id":47062184032460,"process_id":15535,"file":"/var/vcap/packages/cloud_controller_ng/cloud_controller_ng/vendor/bundle/ruby/2.3.0/gems/statsd-ruby-1.2.1/lib/statsd.rb","lineno":254,"method":"send_to_socket"}

2016-09-29T19:56:37.092427+00:00 b0fa19c0-86de-4447-a670-3f7adbd0b3c1 - - - [NXLOG@14506 bosh_deployment="cf-warden" bosh_job_name="api_z1" bosh_job_index="0" filename="/var/vcap/data/sys/log/cloud_controller_ng/cloud_controller_ng.log"] {"timestamp":1475178995.2521584,"message":"(0.000609s) SELECT * FROM \"delayed_jobs\" WHERE ((((\"run_at\" <= '2016-09-29 19:56:35.250994+0000') AND (\"locked_at\" IS NULL)) OR (\"locked_by\" = 'cc_api_worker.api_z1.0.2')) AND (\"failed_at\" IS NULL) AND (\"queue\" IN ('cc-api_z1-0'))) ORDER BY \"priority\" ASC, \"run_at\" ASC LIMIT 5","log_level":"debug2","source":"cc.background","data":{},"thread_id":47118928261380,"fiber_id":47118965175380,"process_id":15629,"file":"/var/vcap/packages/cloud_controller_ng/cloud_controller_ng/vendor/bundle/ruby/2.3.0/gems/sequel-4.29.0/lib/sequel/database/logging.rb","lineno":70,"method":"block in log_each"}

2016-09-29T19:56:37.092472+00:00 b0fa19c0-86de-4447-a670-3f7adbd0b3c1 - - - [NXLOG@14506 bosh_deployment="cf-warden" bosh_job_name="api_z1" bosh_job_index="0" filename="/var/vcap/data/sys/log/cloud_controller_ng/cloud_controller_ng.log"] {"timestamp":1475178996.4941485,"message":"(0.000618s) SELECT \"queue\", count(*) AS \"count\" FROM \"delayed_jobs\" WHERE (\"attempts\" = 0) GROUP BY \"queue\"","log_level":"debug2","source":"cc.db","data":{},"thread_id":47062143684880,"fiber_id":47062184032460,"process_id":15535,"file":"/var/vcap/packages/cloud_controller_ng/cloud_controller_ng/vendor/bundle/ruby/2.3.0/gems/sequel-4.29.0/lib/sequel/database/logging.rb","lineno":70,"method":"block in log_each"}

2016-09-29T19:56:37.092505+00:00 b0fa19c0-86de-4447-a670-3f7adbd0b3c1 - - - [NXLOG@14506 bosh_deployment="cf-warden" bosh_job_name="api_z1" bosh_job_index="0" filename="/var/vcap/data/sys/log/cloud_controller_ng/cloud_controller_ng.log"] {"timestamp":1475178996.4945447,"message":"Statsd: cc.job_queue_length.total:0|g\ncc.job_queue_length.total:0|g","log_level":"debug","source":"statsd.client","data":{},"thread_id":47062143684880,"fiber_id":47062184032460,"process_id":15535,"file":"/var/vcap/packages/cloud_controller_ng/cloud_controller_ng/vendor/bundle/ruby/2.3.0/gems/statsd-ruby-1.2.1/lib/statsd.rb","lineno":254,"method":"send_to_socket"}

2016-09-29T19:56:37.092519+00:00 b0fa19c0-86de-4447-a670-3f7adbd0b3c1 - - - [NXLOG@14506 bosh_deployment="cf-warden" bosh_job_name="api_z1" bosh_job_index="0" filename="/var/vcap/data/sys/log/cloud_controller_ng/cloud_controller_ng.log"] {"timestamp":1475178996.494831,"message":"Statsd: cc.thread_info.thread_count:21|g\ncc.thread_info.event_machine.connection_count:3|g\ncc.thread_info.event_machine.threadqueue.size:0|g\ncc.thread_info.event_machine.threadqueue.num_waiting:20|g\ncc.thread_info.event_machine.resultqueue.size:0|g\ncc.thread_info.event_machine.resultqueue.num_waiting:0|g","log_level":"debug","source":"statsd.client","data":{},"thread_id":47062143684880,"fiber_id":47062184032460,"process_id":15535,"file":"/var/vcap/packages/cloud_controller_ng/cloud_controller_ng/vendor/bundle/ruby/2.3.0/gems/statsd-ruby-1.2.1/lib/statsd.rb","lineno":254,"method":"send_to_socket"}

2016-09-29T19:56:37.092547+00:00 b0fa19c0-86de-4447-a670-3f7adbd0b3c1 - - - [NXLOG@14506 bosh_deployment="cf-warden" bosh_job_name="api_z1" bosh_job_index="0" filename="/var/vcap/data/sys/log/cloud_controller_ng/cloud_controller_ng.log"] {"timestamp":1475178996.4957106,"message":"(0.000507s) SELECT \"queue\", count(*) AS \"count\" FROM \"delayed_jobs\" WHERE (failed_at IS NOT NULL) GROUP BY \"queue\"","log_level":"debug2","source":"cc.db","data":{},"thread_id":47062143684880,"fiber_id":47062184032460,"process_id":15535,"file":"/var/vcap/packages/cloud_controller_ng/cloud_controller_ng/vendor/bundle/ruby/2.3.0/gems/sequel-4.29.0/lib/sequel/database/logging.rb","lineno":70,"method":"block in log_each"}

2016-09-29T19:56:37.092561+00:00 b0fa19c0-86de-4447-a670-3f7adbd0b3c1 - - - [NXLOG@14506 bosh_deployment="cf-warden" bosh_job_name="api_z1" bosh_job_index="0" filename="/var/vcap/data/sys/log/cloud_controller_ng/cloud_controller_ng.log"] {"timestamp":1475178996.4961498,"message":"Statsd: cc.failed_job_count.cc-api_z1-0:2|g\ncc.failed_job_count.total:2|g\ncc.failed_job_count.total:2|g","log_level":"debug","source":"statsd.client","data":{},"thread_id":47062143684880,"fiber_id":47062184032460,"process_id":15535,"file":"/var/vcap/packages/cloud_controller_ng/cloud_controller_ng/vendor/bundle/ruby/2.3.0/gems/statsd-ruby-1.2.1/lib/statsd.rb","lineno":254,"method":"send_to_socket"}

2016-09-29T19:56:37.092597+00:00 b0fa19c0-86de-4447-a670-3f7adbd0b3c1 - - - [NXLOG@14506 bosh_deployment="cf-warden" bosh_job_name="api_z1" bosh_job_index="0" filename="/var/vcap/data/sys/log/cloud_controller_ng/cloud_controller_ng.log"] {"timestamp":1475178996.6574817,"message":"(0.000788s) SELECT * FROM \"delayed_jobs\" WHERE ((((\"run_at\" <= '2016-09-29 19:56:36.656111+0000') AND (\"locked_at\" IS NULL)) OR (\"locked_by\" = 'cc_api_worker.api_z1.0.1')) AND (\"failed_at\" IS NULL) AND (\"queue\" IN ('cc-api_z1-0'))) ORDER BY \"priority\" ASC, \"run_at\" ASC LIMIT 5","log_level":"debug2","source":"cc.background","data":{},"thread_id":47452862460180,"fiber_id":47452899698480,"process_id":15587,"file":"/var/vcap/packages/cloud_controller_ng/cloud_controller_ng/vendor/bundle/ruby/2.3.0/gems/sequel-4.29.0/lib/sequel/database/logging.rb","lineno":70,"method":"block in log_each"}

2016-09-29T19:56:37.092608+00:00 b0fa19c0-86de-4447-a670-3f7adbd0b3c1 - - - [NXLOG@14506 bosh_deployment="cf-warden" bosh_job_name="api_z1" bosh_job_index="0" filename="/var/vcap/data/sys/log/cloud_controller_ng/cloud_controller_ng.log"] {"timestamp":1475178996.7730427,"message":"Statsd: cc.requests.outstanding:1|c","log_level":"debug","source":"statsd.client","data":{},"thread_id":47062185507980,"fiber_id":47062184611840,"process_id":15535,"file":"/var/vcap/packages/cloud_controller_ng/cloud_controller_ng/vendor/bundle/ruby/2.3.0/gems/statsd-ruby-1.2.1/lib/statsd.rb","lineno":254,"method":"send_to_socket"}

2016-09-29T19:56:37.092720+00:00 152ab062-1f32-4789-910a-13bdc79651b2 - - - [NXLOG@14506 bosh_deployment="cf-warden" bosh_job_name="hm9000_z1" bosh_job_index="0" filename="/var/vcap/data/sys/log/hm9000/hm9000_listener.log"] {"timestamp":"1475178991.730022192","source":"listener","message":"listener.Received a heartbeat","log_level":1,"data":{"Heartbeats Pending Save":"1"}}

2016-09-29T19:56:37.092794+00:00 152ab062-1f32-4789-910a-13bdc79651b2 - - - [NXLOG@14506 bosh_deployment="cf-warden" bosh_job_name="hm9000_z1" bosh_job_index="0" filename="/var/vcap/data/sys/log/hm9000/hm9000_listener.log"] {"timestamp":"1475178991.816080093","source":"listener","message":"listener.Saving Heartbeats","log_level":1,"data":{"Heartbeats to Save":"1"}}

2016-09-29T19:56:37.092829+00:00 152ab062-1f32-4789-910a-13bdc79651b2 - - - [NXLOG@14506 bosh_deployment="cf-warden" bosh_job_name="hm9000_z1" bosh_job_index="0" filename="/var/vcap/data/sys/log/hm9000/hm9000_listener.log"] {"timestamp":"1475178991.820803165","source":"listener","message":"listener.Bumped freshness","log_level":1,"data":{}}

2016-09-29T19:56:37.092858+00:00 152ab062-1f32-4789-910a-13bdc79651b2 - - - [NXLOG@14506 bosh_deployment="cf-warden" bosh_job_name="hm9000_z1" bosh_job_index="0" filename="/var/vcap/data/sys/log/hm9000/hm9000_listener.log"] {"timestamp":"1475178991.820826292","source":"listener","message":"listener.Saved Heartbeats","log_level":1,"data":{"Duration":"4.611196ms","Heartbeats to Save":"1"}}

2016-09-29T19:56:37.092810+00:00 05bf1627-ae2f-400c-b1ce-31973a9ff23f - - - [NXLOG@14506 bosh_deployment="cf-warden" bosh_job_name="uaa_z1" bosh_job_index="0" filename="/var/vcap/data/sys/log/uaa/localhost_access.log"] 127.0.0.1 - - [29/Sep/2016:19:56:18 +0000] "GET /healthz HTTP/1.1" 200 3

2016-09-29T19:56:37.092885+00:00 05bf1627-ae2f-400c-b1ce-31973a9ff23f - - - [NXLOG@14506 bosh_deployment="cf-warden" bosh_job_name="uaa_z1" bosh_job_index="0" filename="/var/vcap/data/sys/log/uaa/localhost_access.log"] 127.0.0.1 - - [29/Sep/2016:19:56:20 +0000] "GET /healthz HTTP/1.1" 200 3

2016-09-29T19:56:37.092933+00:00 05bf1627-ae2f-400c-b1ce-31973a9ff23f - - - [NXLOG@14506 bosh_deployment="cf-warden" bosh_job_name="uaa_z1" bosh_job_index="0" filename="/var/vcap/data/sys/log/uaa/localhost_access.log"] 127.0.0.1 - - [29/Sep/2016:19:56:22 +0000] "GET /healthz HTTP/1.1" 200 3

2016-09-29T19:56:37.093021+00:00 05bf1627-ae2f-400c-b1ce-31973a9ff23f - - - [NXLOG@14506 bosh_deployment="cf-warden" bosh_job_name="uaa_z1" bosh_job_index="0" filename="/var/vcap/data/sys/log/uaa/localhost_access.log"] 127.0.0.1 - - [29/Sep/2016:19:56:26 +0000] "GET /healthz HTTP/1.1" 200 3

2016-09-29T19:56:37.093056+00:00 05bf1627-ae2f-400c-b1ce-31973a9ff23f - - - [NXLOG@14506 bosh_deployment="cf-warden" bosh_job_name="uaa_z1" bosh_job_index="0" filename="/var/vcap/data/sys/log/route_registrar/route_registrar.stdout.log"] {"timestamp":"1475178990.808210850","source":"Route Registrar","message":"Route Registrar.Executing script","log_level":1,"data":{"scriptPath":"/var/vcap/jobs/uaa/bin/health_check"}}

2016-09-29T19:56:37.093102+00:00 05bf1627-ae2f-400c-b1ce-31973a9ff23f - - - [NXLOG@14506 bosh_deployment="cf-warden" bosh_job_name="uaa_z1" bosh_job_index="0" filename="/var/vcap/data/sys/log/route_registrar/route_registrar.stdout.log"] {"timestamp":"1475178990.818999767","source":"Route Registrar","message":"Route Registrar.Script exited without error","log_level":1,"data":{"script":"/var/vcap/jobs/uaa/bin/health_check","stderr":"  % Total    % Received % Xferd  Average Speed   Time    Time     Time  Current\n                                 Dload  Upload   Total   Spent    Left  Speed\n\r  0     0    0     0    0     0      0      0 --:--:-- --:--:-- --:--:--     0\r100     3  100     3    0     0   2237      0 --:--:-- --:--:-- --:--:--  3000\n","stdout":""}}

2016-09-29T19:56:37.093137+00:00 05bf1627-ae2f-400c-b1ce-31973a9ff23f - - - [NXLOG@14506 bosh_deployment="cf-warden" bosh_job_name="uaa_z1" bosh_job_index="0" filename="/var/vcap/data/sys/log/route_registrar/route_registrar.stdout.log"] {"timestamp":"1475178990.819062710","source":"Route Registrar","message":"Route Registrar.healthchecker returned healthy for route","log_level":1,"data":{"route":{"Name":"uaa","Port":8080,"Tags":{"component":"uaa"},"URIs":["uaa.bosh-lite.com","*.uaa.bosh-lite.com","login.bosh-lite.com","*.login.bosh-lite.com"],"RouteServiceUrl":"","RegistrationInterval":4000000000,"HealthCheck":{"Name":"uaa-healthcheck","ScriptPath":"/var/vcap/jobs/uaa/bin/health_check","Timeout":2000000000}}}}

2016-09-29T19:56:37.093181+00:00 05bf1627-ae2f-400c-b1ce-31973a9ff23f - - - [NXLOG@14506 bosh_deployment="cf-warden" bosh_job_name="uaa_z1" bosh_job_index="0" filename="/var/vcap/data/sys/log/route_registrar/route_registrar.stdout.log"] {"timestamp":"1475178990.819086075","source":"Route Registrar","message":"Route Registrar.Registering route","log_level":1,"data":{"route":{"Name":"uaa","Port":8080,"Tags":{"component":"uaa"},"URIs":["uaa.bosh-lite.com","*.uaa.bosh-lite.com","login.bosh-lite.com","*.login.bosh-lite.com"],"RouteServiceUrl":"","RegistrationInterval":4000000000,"HealthCheck":{"Name":"uaa-healthcheck","ScriptPath":"/var/vcap/jobs/uaa/bin/health_check","Timeout":2000000000}}}}

2016-09-29T19:56:37.093212+00:00 05bf1627-ae2f-400c-b1ce-31973a9ff23f - - - [NXLOG@14506 bosh_deployment="cf-warden" bosh_job_name="uaa_z1" bosh_job_index="0" filename="/var/vcap/data/sys/log/route_registrar/route_registrar.stdout.log"] {"timestamp":"1475178990.819137812","source":"Route Registrar","message":"Route Registrar.Registered routes successfully","log_level":1,"data":{}}

2016-09-29T19:56:37.093249+00:00 05bf1627-ae2f-400c-b1ce-31973a9ff23f - - - [NXLOG@14506 bosh_deployment="cf-warden" bosh_job_name="uaa_z1" bosh_job_index="0" filename="/var/vcap/data/sys/log/route_registrar/route_registrar.stdout.log"] {"timestamp":"1475178994.811212778","source":"Route Registrar","message":"Route Registrar.Executing script","log_level":1,"data":{"scriptPath":"/var/vcap/jobs/uaa/bin/health_check"}}

2016-09-29T19:56:37.093297+00:00 05bf1627-ae2f-400c-b1ce-31973a9ff23f - - - [NXLOG@14506 bosh_deployment="cf-warden" bosh_job_name="uaa_z1" bosh_job_index="0" filename="/var/vcap/data/sys/log/route_registrar/route_registrar.stdout.log"] {"timestamp":"1475178994.822512150","source":"Route Registrar","message":"Route Registrar.Script exited without error","log_level":1,"data":{"script":"/var/vcap/jobs/uaa/bin/health_check","stderr":"  % Total    % Received % Xferd  Average Speed   Time    Time     Time  Current\n                                 Dload  Upload   Total   Spent    Left  Speed\n\r  0     0    0     0    0     0      0      0 --:--:-- --:--:-- --:--:--     0\r100     3  100     3    0     0   1824      0 --:--:-- --:--:-- --:--:--  3000\n","stdout":""}}

2016-09-29T19:56:37.093330+00:00 05bf1627-ae2f-400c-b1ce-31973a9ff23f - - - [NXLOG@14506 bosh_deployment="cf-warden" bosh_job_name="uaa_z1" bosh_job_index="0" filename="/var/vcap/data/sys/log/route_registrar/route_registrar.stdout.log"] {"timestamp":"1475178994.822574854","source":"Route Registrar","message":"Route Registrar.healthchecker returned healthy for route","log_level":1,"data":{"route":{"Name":"uaa","Port":8080,"Tags":{"component":"uaa"},"URIs":["uaa.bosh-lite.com","*.uaa.bosh-lite.com","login.bosh-lite.com","*.login.bosh-lite.com"],"RouteServiceUrl":"","RegistrationInterval":4000000000,"HealthCheck":{"Name":"uaa-healthcheck","ScriptPath":"/var/vcap/jobs/uaa/bin/health_check","Timeout":2000000000}}}}

2016-09-29T19:56:37.093373+00:00 05bf1627-ae2f-400c-b1ce-31973a9ff23f - - - [NXLOG@14506 bosh_deployment="cf-warden" bosh_job_name="uaa_z1" bosh_job_index="0" filename="/var/vcap/data/sys/log/route_registrar/route_registrar.stdout.log"] {"timestamp":"1475178994.822598219","source":"Route Registrar","message":"Route Registrar.Registering route","log_level":1,"data":{"route":{"Name":"uaa","Port":8080,"Tags":{"component":"uaa"},"URIs":["uaa.bosh-lite.com","*.uaa.bosh-lite.com","login.bosh-lite.com","*.login.bosh-lite.com"],"RouteServiceUrl":"","RegistrationInterval":4000000000,"HealthCheck":{"Name":"uaa-healthcheck","ScriptPath":"/var/vcap/jobs/uaa/bin/health_check","Timeout":2000000000}}}}

2016-09-29T19:56:37.093405+00:00 05bf1627-ae2f-400c-b1ce-31973a9ff23f - - - [NXLOG@14506 bosh_deployment="cf-warden" bosh_job_name="uaa_z1" bosh_job_index="0" filename="/var/vcap/data/sys/log/route_registrar/route_registrar.stdout.log"] {"timestamp":"1475178994.822674990","source":"Route Registrar","message":"Route Registrar.Registered routes successfully","log_level":1,"data":{}}

2016-09-29T19:56:37.093445+00:00 05bf1627-ae2f-400c-b1ce-31973a9ff23f - - - [NXLOG@14506 bosh_deployment="cf-warden" bosh_job_name="uaa_z1" bosh_job_index="0" filename="/var/vcap/data/sys/log/uaa/uaa.log"] [2016-09-29 19:56:30.503] uaa - 19013 [http-nio-127.0.0.1-8989-exec-5] .... DEBUG --- AntPathRequestMatcher: Checking match of request : '/healthz'; against '/resources/**'

2016-09-29T19:56:37.093481+00:00 05bf1627-ae2f-400c-b1ce-31973a9ff23f - - - [NXLOG@14506 bosh_deployment="cf-warden" bosh_job_name="uaa_z1" bosh_job_index="0" filename="/var/vcap/data/sys/log/uaa/uaa.log"] [2016-09-29 19:56:30.504] uaa - 19013 [http-nio-127.0.0.1-8989-exec-5] .... DEBUG --- AntPathRequestMatcher: Checking match of request : '/healthz'; against '/square-logo.png'

2016-09-29T19:56:37.093521+00:00 05bf1627-ae2f-400c-b1ce-31973a9ff23f - - - [NXLOG@14506 bosh_deployment="cf-warden" bosh_job_name="uaa_z1" bosh_job_index="0" filename="/var/vcap/data/sys/log/uaa/uaa.log"] [2016-09-29 19:56:30.504] uaa - 19013 [http-nio-127.0.0.1-8989-exec-5] .... DEBUG --- AntPathRequestMatcher: Checking match of request : '/healthz'; against '/info'

2016-09-29T19:56:37.093543+00:00 05bf1627-ae2f-400c-b1ce-31973a9ff23f - - - [NXLOG@14506 bosh_deployment="cf-warden" bosh_job_name="uaa_z1" bosh_job_index="0" filename="/var/vcap/data/sys/log/uaa/uaa.log"] [2016-09-29 19:56:30.504] uaa - 19013 [http-nio-127.0.0.1-8989-exec-5] .... DEBUG --- AntPathRequestMatcher: Checking match of request : '/healthz'; against '/password/**'

2016-09-29T19:56:37.093567+00:00 05bf1627-ae2f-400c-b1ce-31973a9ff23f - - - [NXLOG@14506 bosh_deployment="cf-warden" bosh_job_name="uaa_z1" bosh_job_index="0" filename="/var/vcap/data/sys/log/uaa/uaa.log"] [2016-09-29 19:56:30.504] uaa - 19013 [http-nio-127.0.0.1-8989-exec-5] .... DEBUG --- AntPathRequestMatcher: Checking match of request : '/healthz'; against '/healthz/**'

2016-09-29T19:56:37.093576+00:00 05bf1627-ae2f-400c-b1ce-31973a9ff23f - - - [NXLOG@14506 bosh_deployment="cf-warden" bosh_job_name="uaa_z1" bosh_job_index="0" filename="/var/vcap/data/sys/log/uaa/uaa.log"] [2016-09-29 19:56:30.504] uaa - 19013 [http-nio-127.0.0.1-8989-exec-5] .... DEBUG --- FilterChainProxy: /healthz has an empty filter list

2016-09-29T19:56:37.093583+00:00 05bf1627-ae2f-400c-b1ce-31973a9ff23f - - - [NXLOG@14506 bosh_deployment="cf-warden" bosh_job_name="uaa_z1" bosh_job_index="0" filename="/var/vcap/data/sys/log/uaa/uaa.log"] [2016-09-29 19:56:30.504] uaa - 19013 [http-nio-127.0.0.1-8989-exec-5] .... DEBUG --- DispatcherServlet: DispatcherServlet with name 'spring' processing GET request for [/healthz]

2016-09-29T19:56:37.093614+00:00 05bf1627-ae2f-400c-b1ce-31973a9ff23f - - - [NXLOG@14506 bosh_deployment="cf-warden" bosh_job_name="uaa_z1" bosh_job_index="0" filename="/var/vcap/data/sys/log/uaa/uaa.log"] [2016-09-29 19:56:30.504] uaa - 19013 [http-nio-127.0.0.1-8989-exec-5] .... DEBUG --- DispatcherServlet: Last-Modified value for [/healthz] is: -1

2016-09-29T19:56:37.093623+00:00 05bf1627-ae2f-400c-b1ce-31973a9ff23f - - - [NXLOG@14506 bosh_deployment="cf-warden" bosh_job_name="uaa_z1" bosh_job_index="0" filename="/var/vcap/data/sys/log/uaa/uaa.log"] [2016-09-29 19:56:30.504] uaa - 19013 [http-nio-127.0.0.1-8989-exec-5] .... DEBUG --- RequestResponseBodyMethodProcessor: Written [ok

2016-09-29T19:56:37.093631+00:00 05bf1627-ae2f-400c-b1ce-31973a9ff23f - - - [NXLOG@14506 bosh_deployment="cf-warden" bosh_job_name="uaa_z1" bosh_job_index="0" filename="/var/vcap/data/sys/log/uaa/uaa.log"] ] as "text/plain;charset=ISO-8859-1" using [org.springframework.http.converter.StringHttpMessageConverter@178b2baf]

2016-09-29T19:56:37.093639+00:00 05bf1627-ae2f-400c-b1ce-31973a9ff23f - - - [NXLOG@14506 bosh_deployment="cf-warden" bosh_job_name="uaa_z1" bosh_job_index="0" filename="/var/vcap/data/sys/log/uaa/uaa.log"] [2016-09-29 19:56:30.504] uaa - 19013 [http-nio-127.0.0.1-8989-exec-5] .... DEBUG --- DispatcherServlet: Null ModelAndView returned to DispatcherServlet with name 'spring': assuming HandlerAdapter completed request handling

2016-09-29T19:56:37.093658+00:00 05bf1627-ae2f-400c-b1ce-31973a9ff23f - - - [NXLOG@14506 bosh_deployment="cf-warden" bosh_job_name="uaa_z1" bosh_job_index="0" filename="/var/vcap/data/sys/log/uaa/uaa.log"] [2016-09-29 19:56:30.504] uaa - 19013 [http-nio-127.0.0.1-8989-exec-5] .... DEBUG --- DispatcherServlet: Successfully completed request

2016-09-29T19:56:37.093666+00:00 05bf1627-ae2f-400c-b1ce-31973a9ff23f - - - [NXLOG@14506 bosh_deployment="cf-warden" bosh_job_name="uaa_z1" bosh_job_index="0" filename="/var/vcap/data/sys/log/uaa/uaa.log"] [2016-09-29 19:56:30.817] uaa - 19013 [http-nio-127.0.0.1-8989-exec-6] .... DEBUG --- AntPathRequestMatcher: Checking match of request : '/healthz'; against '/resources/**'

2016-09-29T19:56:37.093674+00:00 05bf1627-ae2f-400c-b1ce-31973a9ff23f - - - [NXLOG@14506 bosh_deployment="cf-warden" bosh_job_name="uaa_z1" bosh_job_index="0" filename="/var/vcap/data/sys/log/uaa/uaa.log"] [2016-09-29 19:56:30.817] uaa - 19013 [http-nio-127.0.0.1-8989-exec-6] .... DEBUG --- AntPathRequestMatcher: Checking match of request : '/healthz'; against '/square-logo.png'

2016-09-29T19:56:37.093681+00:00 05bf1627-ae2f-400c-b1ce-31973a9ff23f - - - [NXLOG@14506 bosh_deployment="cf-warden" bosh_job_name="uaa_z1" bosh_job_index="0" filename="/var/vcap/data/sys/log/uaa/uaa.log"] [2016-09-29 19:56:30.817] uaa - 19013 [http-nio-127.0.0.1-8989-exec-6] .... DEBUG --- AntPathRequestMatcher: Checking match of request : '/healthz'; against '/info'

2016-09-29T19:56:37.093698+00:00 05bf1627-ae2f-400c-b1ce-31973a9ff23f - - - [NXLOG@14506 bosh_deployment="cf-warden" bosh_job_name="uaa_z1" bosh_job_index="0" filename="/var/vcap/data/sys/log/uaa/uaa.log"] [2016-09-29 19:56:30.817] uaa - 19013 [http-nio-127.0.0.1-8989-exec-6] .... DEBUG --- AntPathRequestMatcher: Checking match of request : '/healthz'; against '/password/**'

2016-09-29T19:56:37.093706+00:00 05bf1627-ae2f-400c-b1ce-31973a9ff23f - - - [NXLOG@14506 bosh_deployment="cf-warden" bosh_job_name="uaa_z1" bosh_job_index="0" filename="/var/vcap/data/sys/log/uaa/uaa.log"] [2016-09-29 19:56:30.817] uaa - 19013 [http-nio-127.0.0.1-8989-exec-6] .... DEBUG --- AntPathRequestMatcher: Checking match of request : '/healthz'; against '/healthz/**'

2016-09-29T19:56:37.093714+00:00 05bf1627-ae2f-400c-b1ce-31973a9ff23f - - - [NXLOG@14506 bosh_deployment="cf-warden" bosh_job_name="uaa_z1" bosh_job_index="0" filename="/var/vcap/data/sys/log/uaa/uaa.log"] [2016-09-29 19:56:30.817] uaa - 19013 [http-nio-127.0.0.1-8989-exec-6] .... DEBUG --- FilterChainProxy: /healthz has an empty filter list

2016-09-29T19:56:37.093721+00:00 05bf1627-ae2f-400c-b1ce-31973a9ff23f - - - [NXLOG@14506 bosh_deployment="cf-warden" bosh_job_name="uaa_z1" bosh_job_index="0" filename="/var/vcap/data/sys/log/uaa/uaa.log"] [2016-09-29 19:56:30.817] uaa - 19013 [http-nio-127.0.0.1-8989-exec-6] .... DEBUG --- DispatcherServlet: DispatcherServlet with name 'spring' processing GET request for [/healthz]

2016-09-29T19:56:37.093738+00:00 05bf1627-ae2f-400c-b1ce-31973a9ff23f - - - [NXLOG@14506 bosh_deployment="cf-warden" bosh_job_name="uaa_z1" bosh_job_index="0" filename="/var/vcap/data/sys/log/uaa/uaa.log"] [2016-09-29 19:56:30.817] uaa - 19013 [http-nio-127.0.0.1-8989-exec-6] .... DEBUG --- DispatcherServlet: Last-Modified value for [/healthz] is: -1

2016-09-29T19:56:37.093747+00:00 05bf1627-ae2f-400c-b1ce-31973a9ff23f - - - [NXLOG@14506 bosh_deployment="cf-warden" bosh_job_name="uaa_z1" bosh_job_index="0" filename="/var/vcap/data/sys/log/uaa/uaa.log"] [2016-09-29 19:56:30.817] uaa - 19013 [http-nio-127.0.0.1-8989-exec-6] .... DEBUG --- RequestResponseBodyMethodProcessor: Written [ok

2016-09-29T19:56:37.093754+00:00 05bf1627-ae2f-400c-b1ce-31973a9ff23f - - - [NXLOG@14506 bosh_deployment="cf-warden" bosh_job_name="uaa_z1" bosh_job_index="0" filename="/var/vcap/data/sys/log/uaa/uaa.log"] ] as "text/plain;charset=ISO-8859-1" using [org.springframework.http.converter.StringHttpMessageConverter@178b2baf]

2016-09-29T19:56:37.093761+00:00 05bf1627-ae2f-400c-b1ce-31973a9ff23f - - - [NXLOG@14506 bosh_deployment="cf-warden" bosh_job_name="uaa_z1" bosh_job_index="0" filename="/var/vcap/data/sys/log/uaa/uaa.log"] [2016-09-29 19:56:30.817] uaa - 19013 [http-nio-127.0.0.1-8989-exec-6] .... DEBUG --- DispatcherServlet: Null ModelAndView returned to DispatcherServlet with name 'spring': assuming HandlerAdapter completed request handling

2016-09-29T19:56:37.093778+00:00 05bf1627-ae2f-400c-b1ce-31973a9ff23f - - - [NXLOG@14506 bosh_deployment="cf-warden" bosh_job_name="uaa_z1" bosh_job_index="0" filename="/var/vcap/data/sys/log/uaa/uaa.log"] [2016-09-29 19:56:30.817] uaa - 19013 [http-nio-127.0.0.1-8989-exec-6] .... DEBUG --- DispatcherServlet: Successfully completed request

2016-09-29T19:56:37.093786+00:00 05bf1627-ae2f-400c-b1ce-31973a9ff23f - - - [NXLOG@14506 bosh_deployment="cf-warden" bosh_job_name="uaa_z1" bosh_job_index="0" filename="/var/vcap/data/sys/log/uaa/uaa.log"] [2016-09-29 19:56:31.156] uaa - 19013 [pool-2-thread-1] .... DEBUG --- JdbcTemplate: Executing SQL query [select count(*) from oauth_client_details]

2016-09-29T19:56:37.093793+00:00 05bf1627-ae2f-400c-b1ce-31973a9ff23f - - - [NXLOG@14506 bosh_deployment="cf-warden" bosh_job_name="uaa_z1" bosh_job_index="0" filename="/var/vcap/data/sys/log/uaa/uaa.log"] [2016-09-29 19:56:31.157] uaa - 19013 [pool-2-thread-1] .... DEBUG --- JdbcTemplate: Executing SQL query [select count(*) from users]

2016-09-29T19:56:37.093801+00:00 05bf1627-ae2f-400c-b1ce-31973a9ff23f - - - [NXLOG@14506 bosh_deployment="cf-warden" bosh_job_name="uaa_z1" bosh_job_index="0" filename="/var/vcap/data/sys/log/uaa/uaa.log"] [2016-09-29 19:56:34.820] uaa - 19013 [http-nio-127.0.0.1-8989-exec-7] .... DEBUG --- AntPathRequestMatcher: Checking match of request : '/healthz'; against '/resources/**'

2016-09-29T19:56:37.093818+00:00 05bf1627-ae2f-400c-b1ce-31973a9ff23f - - - [NXLOG@14506 bosh_deployment="cf-warden" bosh_job_name="uaa_z1" bosh_job_index="0" filename="/var/vcap/data/sys/log/uaa/uaa.log"] [2016-09-29 19:56:34.820] uaa - 19013 [http-nio-127.0.0.1-8989-exec-7] .... DEBUG --- AntPathRequestMatcher: Checking match of request : '/healthz'; against '/square-logo.png'

2016-09-29T19:56:37.093826+00:00 05bf1627-ae2f-400c-b1ce-31973a9ff23f - - - [NXLOG@14506 bosh_deployment="cf-warden" bosh_job_name="uaa_z1" bosh_job_index="0" filename="/var/vcap/data/sys/log/uaa/uaa.log"] [2016-09-29 19:56:34.820] uaa - 19013 [http-nio-127.0.0.1-8989-exec-7] .... DEBUG --- AntPathRequestMatcher: Checking match of request : '/healthz'; against '/info'

2016-09-29T19:56:37.093833+00:00 05bf1627-ae2f-400c-b1ce-31973a9ff23f - - - [NXLOG@14506 bosh_deployment="cf-warden" bosh_job_name="uaa_z1" bosh_job_index="0" filename="/var/vcap/data/sys/log/uaa/uaa.log"] [2016-09-29 19:56:34.820] uaa - 19013 [http-nio-127.0.0.1-8989-exec-7] .... DEBUG --- AntPathRequestMatcher: Checking match of request : '/healthz'; against '/password/**'

2016-09-29T19:56:37.093841+00:00 05bf1627-ae2f-400c-b1ce-31973a9ff23f - - - [NXLOG@14506 bosh_deployment="cf-warden" bosh_job_name="uaa_z1" bosh_job_index="0" filename="/var/vcap/data/sys/log/uaa/uaa.log"] [2016-09-29 19:56:34.820] uaa - 19013 [http-nio-127.0.0.1-8989-exec-7] .... DEBUG --- AntPathRequestMatcher: Checking match of request : '/healthz'; against '/healthz/**'

2016-09-29T19:56:37.093850+00:00 05bf1627-ae2f-400c-b1ce-31973a9ff23f - - - [NXLOG@14506 bosh_deployment="cf-warden" bosh_job_name="uaa_z1" bosh_job_index="0" filename="/var/vcap/data/sys/log/uaa/uaa.log"] [2016-09-29 19:56:34.820] uaa - 19013 [http-nio-127.0.0.1-8989-exec-7] .... DEBUG --- FilterChainProxy: /healthz has an empty filter list

2016-09-29T19:56:37.093858+00:00 05bf1627-ae2f-400c-b1ce-31973a9ff23f - - - [NXLOG@14506 bosh_deployment="cf-warden" bosh_job_name="uaa_z1" bosh_job_index="0" filename="/var/vcap/data/sys/log/uaa/uaa.log"] [2016-09-29 19:56:34.820] uaa - 19013 [http-nio-127.0.0.1-8989-exec-7] .... DEBUG --- DispatcherServlet: DispatcherServlet with name 'spring' processing GET request for [/healthz]

2016-09-29T19:56:37.093867+00:00 05bf1627-ae2f-400c-b1ce-31973a9ff23f - - - [NXLOG@14506 bosh_deployment="cf-warden" bosh_job_name="uaa_z1" bosh_job_index="0" filename="/var/vcap/data/sys/log/uaa/uaa.log"] [2016-09-29 19:56:34.820] uaa - 19013 [http-nio-127.0.0.1-8989-exec-7] .... DEBUG --- DispatcherServlet: Last-Modified value for [/healthz] is: -1

2016-09-29T19:56:37.093875+00:00 05bf1627-ae2f-400c-b1ce-31973a9ff23f - - - [NXLOG@14506 bosh_deployment="cf-warden" bosh_job_name="uaa_z1" bosh_job_index="0" filename="/var/vcap/data/sys/log/uaa/uaa.log"] [2016-09-29 19:56:34.820] uaa - 19013 [http-nio-127.0.0.1-8989-exec-7] .... DEBUG --- RequestResponseBodyMethodProcessor: Written [ok

2016-09-29T19:56:37.093883+00:00 05bf1627-ae2f-400c-b1ce-31973a9ff23f - - - [NXLOG@14506 bosh_deployment="cf-warden" bosh_job_name="uaa_z1" bosh_job_index="0" filename="/var/vcap/data/sys/log/uaa/uaa.log"] ] as "text/plain;charset=ISO-8859-1" using [org.springframework.http.converter.StringHttpMessageConverter@178b2baf]

2016-09-29T19:56:37.093913+00:00 05bf1627-ae2f-400c-b1ce-31973a9ff23f - - - [NXLOG@14506 bosh_deployment="cf-warden" bosh_job_name="uaa_z1" bosh_job_index="0" filename="/var/vcap/data/sys/log/uaa/uaa.log"] [2016-09-29 19:56:34.820] uaa - 19013 [http-nio-127.0.0.1-8989-exec-7] .... DEBUG --- DispatcherServlet: Null ModelAndView returned to DispatcherServlet with name 'spring': assuming HandlerAdapter completed request handling

2016-09-29T19:56:37.093923+00:00 05bf1627-ae2f-400c-b1ce-31973a9ff23f - - - [NXLOG@14506 bosh_deployment="cf-warden" bosh_job_name="uaa_z1" bosh_job_index="0" filename="/var/vcap/data/sys/log/uaa/uaa.log"] [2016-09-29 19:56:34.820] uaa - 19013 [http-nio-127.0.0.1-8989-exec-7] .... DEBUG --- DispatcherServlet: Successfully completed request

2016-09-29T19:56:37.093931+00:00 05bf1627-ae2f-400c-b1ce-31973a9ff23f - - - [NXLOG@14506 bosh_deployment="cf-warden" bosh_job_name="uaa_z1" bosh_job_index="0" filename="/var/vcap/data/sys/log/uaa/uaa.log"] [2016-09-29 19:56:36.156] uaa - 19013 [pool-2-thread-1] .... DEBUG --- JdbcTemplate: Executing SQL query [select count(*) from oauth_client_details]

2016-09-29T19:56:37.093939+00:00 05bf1627-ae2f-400c-b1ce-31973a9ff23f - - - [NXLOG@14506 bosh_deployment="cf-warden" bosh_job_name="uaa_z1" bosh_job_index="0" filename="/var/vcap/data/sys/log/uaa/uaa.log"] [2016-09-29 19:56:36.158] uaa - 19013 [pool-2-thread-1] .... DEBUG --- JdbcTemplate: Executing SQL query [select count(*) from users]

2016-09-29T19:56:37.092627+00:00 b0fa19c0-86de-4447-a670-3f7adbd0b3c1 - - - [NXLOG@14506 bosh_deployment="cf-warden" bosh_job_name="api_z1" bosh_job_index="0" filename="/var/vcap/data/sys/log/cloud_controller_ng/cloud_controller_ng.log"] {"timestamp":1475178996.7737508,"message":"Started GET \"/v2/info\" for user: , ip: 127.0.0.1 with vcap-request-id: 9f35250d-8692-4bc7-b62a-a1eced2dd0e6 at 2016-09-29 19:56:36 UTC","log_level":"info","source":"cc.api","data":{},"thread_id":47062185507980,"fiber_id":47062184611840,"process_id":15535,"file":"/var/vcap/packages/cloud_controller_ng/cloud_controller_ng/middleware/request_logs.rb","lineno":12,"method":"call"}

2016-09-29T19:56:37.092638+00:00 b0fa19c0-86de-4447-a670-3f7adbd0b3c1 - - - [NXLOG@14506 bosh_deployment="cf-warden" bosh_job_name="api_z1" bosh_job_index="0" filename="/var/vcap/data/sys/log/cloud_controller_ng/cloud_controller_ng.log"] {"timestamp":1475178996.7744565,"message":"dispatch VCAP::CloudController::InfoController get /v2/info","log_level":"debug","source":"cc.api","data":{"request_guid":"9f35250d-8692-4bc7-b62a-a1eced2dd0e6"},"thread_id":47062185507980,"fiber_id":47062184611840,"process_id":15535,"file":"/var/vcap/data/packages/cloud_controller_ng/f87cb49aa2cd87792cb9c2211a79e1542502be4d.1-b1a5f3c830cb6c32ae9e685628b24aa967f5ae54/cloud_controller_ng/lib/cloud_controller/rest_controller/routes.rb","lineno":12,"method":"block in define_route"}

2016-09-29T19:56:37.092657+00:00 b0fa19c0-86de-4447-a670-3f7adbd0b3c1 - - - [NXLOG@14506 bosh_deployment="cf-warden" bosh_job_name="api_z1" bosh_job_index="0" filename="/var/vcap/data/sys/log/cloud_controller_ng/cloud_controller_ng.log"] {"timestamp":1475178996.7746499,"message":"parse_params: {} ","log_level":"debug","source":"cc.api","data":{"request_guid":"9f35250d-8692-4bc7-b62a-a1eced2dd0e6"},"thread_id":47062185507980,"fiber_id":47062184611840,"process_id":15535,"file":"/var/vcap/data/packages/cloud_controller_ng/f87cb49aa2cd87792cb9c2211a79e1542502be4d.1-b1a5f3c830cb6c32ae9e685628b24aa967f5ae54/cloud_controller_ng/lib/cloud_controller/rest_controller/common_params.rb","lineno":10,"method":"parse"}

2016-09-29T19:56:37.092667+00:00 b0fa19c0-86de-4447-a670-3f7adbd0b3c1 - - - [NXLOG@14506 bosh_deployment="cf-warden" bosh_job_name="api_z1" bosh_job_index="0" filename="/var/vcap/data/sys/log/cloud_controller_ng/cloud_controller_ng.log"] {"timestamp":1475178996.7747552,"message":"cc.dispatch","log_level":"debug","source":"cc.api","data":{"request_guid":"9f35250d-8692-4bc7-b62a-a1eced2dd0e6","endpoint":"read","args":[]},"thread_id":47062185507980,"fiber_id":47062184611840,"process_id":15535,"file":"/var/vcap/data/packages/cloud_controller_ng/f87cb49aa2cd87792cb9c2211a79e1542502be4d.1-b1a5f3c830cb6c32ae9e685628b24aa967f5ae54/cloud_controller_ng/app/controllers/base/base_controller.rb","lineno":78,"method":"dispatch"}

2016-09-29T19:56:37.092680+00:00 b0fa19c0-86de-4447-a670-3f7adbd0b3c1 - - - [NXLOG@14506 bosh_deployment="cf-warden" bosh_job_name="api_z1" bosh_job_index="0" filename="/var/vcap/data/sys/log/cloud_controller_ng/cloud_controller_ng.log"] {"timestamp":1475178996.7750719,"message":"Completed 200 vcap-request-id: 9f35250d-8692-4bc7-b62a-a1eced2dd0e6","log_level":"info","source":"cc.api","data":{},"thread_id":47062185507980,"fiber_id":47062184611840,"process_id":15535,"file":"/var/vcap/packages/cloud_controller_ng/cloud_controller_ng/middleware/request_logs.rb","lineno":24,"method":"call"}

2016-09-29T19:56:37.092691+00:00 b0fa19c0-86de-4447-a670-3f7adbd0b3c1 - - - [NXLOG@14506 bosh_deployment="cf-warden" bosh_job_name="api_z1" bosh_job_index="0" filename="/var/vcap/data/sys/log/cloud_controller_ng/cloud_controller_ng.log"] {"timestamp":1475178996.7752428,"message":"Statsd: cc.requests.outstanding:-1|c\ncc.requests.completed:1|c\ncc.http_status.2XX:1|c","log_level":"debug","source":"statsd.client","data":{},"thread_id":47062185507980,"fiber_id":47062184611840,"process_id":15535,"file":"/var/vcap/packages/cloud_controller_ng/cloud_controller_ng/vendor/bundle/ruby/2.3.0/gems/statsd-ruby-1.2.1/lib/statsd.rb","lineno":254,"method":"send_to_socket"}

2016-09-29T19:56:46.964780+00:00 bfc626ef-a2eb-4bad-8f71-fa1d6d0f927f - - - [NXLOG@14506 bosh_deployment="cf-warden" bosh_job_name="loggregator_trafficcontroller_z1" bosh_job_index="0" filename="/var/vcap/data/sys/log/route_registrar/route_registrar.stdout.log"] {"timestamp":"1475179006.733208179","source":"Route Registrar","message":"Route Registrar.no healthchecker found for route","log_level":1,"data":{"route":{"Name":"loggregator","Port":8080,"Tags":null,"URIs":["loggregator.bosh-lite.com"],"RouteServiceUrl":"","RegistrationInterval":20000000000,"HealthCheck":null}}}

2016-09-29T19:56:46.965076+00:00 bfc626ef-a2eb-4bad-8f71-fa1d6d0f927f - - - [NXLOG@14506 bosh_deployment="cf-warden" bosh_job_name="loggregator_trafficcontroller_z1" bosh_job_index="0" filename="/var/vcap/data/sys/log/route_registrar/route_registrar.stdout.log"] {"timestamp":"1475179006.733311892","source":"Route Registrar","message":"Route Registrar.Registering route","log_level":1,"data":{"route":{"Name":"loggregator","Port":8080,"Tags":null,"URIs":["loggregator.bosh-lite.com"],"RouteServiceUrl":"","RegistrationInterval":20000000000,"HealthCheck":null}}}

2016-09-29T19:56:46.965156+00:00 bfc626ef-a2eb-4bad-8f71-fa1d6d0f927f - - - [NXLOG@14506 bosh_deployment="cf-warden" bosh_job_name="loggregator_trafficcontroller_z1" bosh_job_index="0" filename="/var/vcap/data/sys/log/route_registrar/route_registrar.stdout.log"] {"timestamp":"1475179006.733393908","source":"Route Registrar","message":"Route Registrar.Registered routes successfully","log_level":1,"data":{}}

2016-09-29T19:56:56.967293+00:00 fc52b791-0068-48d0-b63d-a9600b8fa32e - - - [NXLOG@14506 bosh_deployment="cf-warden" bosh_job_name="runner_z1" bosh_job_index="0" filename="/var/vcap/data/sys/log/dea_next/dea_next.log"] {"timestamp":1475179011.7360065,"message":"hm9000.heartbeat.accepted","log_level":"debug","source":"Dea::Bootstrap","data":{},"thread_id":47241050154260,"fiber_id":47241051787100,"process_id":6941,"file":"/var/vcap/packages/dea_next/lib/dea/utils/hm9000.rb","lineno":49,"method":"handle_http_response"}

2016-09-29T19:56:57.092937+00:00 f0562343-642f-42d4-aca5-293abe675815 - - - [NXLOG@14506 bosh_deployment="cf-warden" bosh_job_name="blobstore_z1" bosh_job_index="0" filename="/var/vcap/data/sys/log/route_registrar/route_registrar.stdout.log"] {"timestamp":"1475179008.513671398","source":"Route Registrar","message":"Route Registrar.no healthchecker found for route","log_level":1,"data":{"route":{"Name":"blobstore","Port":80,"Tags":{"component":"blobstore"},"URIs":["blobstore.bosh-lite.com"],"RouteServiceUrl":"","RegistrationInterval":20000000000,"HealthCheck":null}}}

2016-09-29T19:56:57.093142+00:00 f0562343-642f-42d4-aca5-293abe675815 - - - [NXLOG@14506 bosh_deployment="cf-warden" bosh_job_name="blobstore_z1" bosh_job_index="0" filename="/var/vcap/data/sys/log/route_registrar/route_registrar.stdout.log"] {"timestamp":"1475179008.513840437","source":"Route Registrar","message":"Route Registrar.Registering route","log_level":1,"data":{"route":{"Name":"blobstore","Port":80,"Tags":{"component":"blobstore"},"URIs":["blobstore.bosh-lite.com"],"RouteServiceUrl":"","RegistrationInterval":20000000000,"HealthCheck":null}}}

2016-09-29T19:56:57.093188+00:00 f0562343-642f-42d4-aca5-293abe675815 - - - [NXLOG@14506 bosh_deployment="cf-warden" bosh_job_name="blobstore_z1" bosh_job_index="0" filename="/var/vcap/data/sys/log/route_registrar/route_registrar.stdout.log"] {"timestamp":"1475179008.513913631","source":"Route Registrar","message":"Route Registrar.Registered routes successfully","log_level":1,"data":{}}

2016-09-29T19:56:57.095291+00:00 152ab062-1f32-4789-910a-13bdc79651b2 - - - [NXLOG@14506 bosh_deployment="cf-warden" bosh_job_name="hm9000_z1" bosh_job_index="0" filename="/var/vcap/data/sys/log/hm9000/hm9000_listener.log"] {"timestamp":"1475179011.735215187","source":"listener","message":"listener.Received a heartbeat","log_level":1,"data":{"Heartbeats Pending Save":"1"}}

2016-09-29T19:56:57.095429+00:00 152ab062-1f32-4789-910a-13bdc79651b2 - - - [NXLOG@14506 bosh_deployment="cf-warden" bosh_job_name="hm9000_z1" bosh_job_index="0" filename="/var/vcap/data/sys/log/hm9000/hm9000_listener.log"] {"timestamp":"1475179011.815914869","source":"listener","message":"listener.Saving Heartbeats","log_level":1,"data":{"Heartbeats to Save":"1"}}

2016-09-29T19:56:57.095645+00:00 b0fa19c0-86de-4447-a670-3f7adbd0b3c1 - - - [NXLOG@14506 bosh_deployment="cf-warden" bosh_job_name="api_z1" bosh_job_index="0" filename="/var/vcap/data/sys/log/cloud_controller_worker/cloud_controller_worker.log"] {"timestamp":1475179010.2555537,"message":"(0.000706s) SELECT * FROM \"delayed_jobs\" WHERE ((((\"run_at\" <= '2016-09-29 19:56:50.254260+0000') AND (\"locked_at\" IS NULL)) OR (\"locked_by\" = 'cc_global_worker.api_z1.0.1')) AND (\"failed_at\" IS NULL) AND (\"queue\" IN ('cc-generic'))) ORDER BY \"priority\" ASC, \"run_at\" ASC LIMIT 5","log_level":"debug2","source":"cc.background","data":{},"thread_id":47193737007380,"fiber_id":47193773841900,"process_id":15807,"file":"/var/vcap/packages/cloud_controller_ng/cloud_controller_ng/vendor/bundle/ruby/2.3.0/gems/sequel-4.29.0/lib/sequel/database/logging.rb","lineno":70,"method":"block in log_each"}

2016-09-29T19:56:57.095744+00:00 b0fa19c0-86de-4447-a670-3f7adbd0b3c1 - - - [NXLOG@14506 bosh_deployment="cf-warden" bosh_job_name="api_z1" bosh_job_index="0" filename="/var/vcap/data/sys/log/cloud_controller_worker/cloud_controller_worker.log"] {"timestamp":1475179015.2758148,"message":"(0.000560s) SELECT * FROM \"delayed_jobs\" WHERE ((((\"run_at\" <= '2016-09-29 19:56:55.274709+0000') AND (\"locked_at\" IS NULL)) OR (\"locked_by\" = 'cc_global_worker.api_z1.0.1')) AND (\"failed_at\" IS NULL) AND (\"queue\" IN ('cc-generic'))) ORDER BY \"priority\" ASC, \"run_at\" ASC LIMIT 5","log_level":"debug2","source":"cc.background","data":{},"thread_id":47193737007380,"fiber_id":47193773841900,"process_id":15807,"file":"/var/vcap/packages/cloud_controller_ng/cloud_controller_ng/vendor/bundle/ruby/2.3.0/gems/sequel-4.29.0/lib/sequel/database/logging.rb","lineno":70,"method":"block in log_each"}

2016-09-29T19:56:57.095475+00:00 152ab062-1f32-4789-910a-13bdc79651b2 - - - [NXLOG@14506 bosh_deployment="cf-warden" bosh_job_name="hm9000_z1" bosh_job_index="0" filename="/var/vcap/data/sys/log/hm9000/hm9000_listener.log"] {"timestamp":"1475179011.823803425","source":"listener","message":"listener.Bumped freshness","log_level":1,"data":{}}

2016-09-29T19:56:57.095512+00:00 152ab062-1f32-4789-910a-13bdc79651b2 - - - [NXLOG@14506 bosh_deployment="cf-warden" bosh_job_name="hm9000_z1" bosh_job_index="0" filename="/var/vcap/data/sys/log/hm9000/hm9000_listener.log"] {"timestamp":"1475179011.823962688","source":"listener","message":"listener.Saved Heartbeats","log_level":1,"data":{"Duration":"7.981042ms","Heartbeats to Save":"1"}}

2016-09-29T19:56:57.095837+00:00 b0fa19c0-86de-4447-a670-3f7adbd0b3c1 - - - [NXLOG@14506 bosh_deployment="cf-warden" bosh_job_name="api_z1" bosh_job_index="0" filename="/var/vcap/data/sys/log/nginx_cc/nginx.access.log"] 10.244.0.138 - [29/Sep/2016:19:56:56 +0000] "GET /v2/info HTTP/1.1" 200 802 "-" "monit/5.2.5" 10.244.0.138 vcap_request_id:dec1e116-5c2d-4546-bbae-6d4d7c8a4995 response_time:0.004

2016-09-29T19:56:57.095891+00:00 b0fa19c0-86de-4447-a670-3f7adbd0b3c1 - - - [NXLOG@14506 bosh_deployment="cf-warden" bosh_job_name="api_z1" bosh_job_index="0" filename="/var/vcap/data/sys/log/cloud_controller_ng/cloud_controller_ng.log"] {"timestamp":1475179010.3235362,"message":"(0.000626s) SELECT * FROM \"delayed_jobs\" WHERE ((((\"run_at\" <= '2016-09-29 19:56:50.322199+0000') AND (\"locked_at\" IS NULL)) OR (\"locked_by\" = 'cc_api_worker.api_z1.0.2')) AND (\"failed_at\" IS NULL) AND (\"queue\" IN ('cc-api_z1-0'))) ORDER BY \"priority\" ASC, \"run_at\" ASC LIMIT 5","log_level":"debug2","source":"cc.background","data":{},"thread_id":47118928261380,"fiber_id":47118965175380,"process_id":15629,"file":"/var/vcap/packages/cloud_controller_ng/cloud_controller_ng/vendor/bundle/ruby/2.3.0/gems/sequel-4.29.0/lib/sequel/database/logging.rb","lineno":70,"method":"block in log_each"}

2016-09-29T19:56:57.095944+00:00 b0fa19c0-86de-4447-a670-3f7adbd0b3c1 - - - [NXLOG@14506 bosh_deployment="cf-warden" bosh_job_name="api_z1" bosh_job_index="0" filename="/var/vcap/data/sys/log/cloud_controller_ng/cloud_controller_ng.log"] {"timestamp":1475179011.7201147,"message":"(0.000590s) SELECT * FROM \"delayed_jobs\" WHERE ((((\"run_at\" <= '2016-09-29 19:56:51.719013+0000') AND (\"locked_at\" IS NULL)) OR (\"locked_by\" = 'cc_api_worker.api_z1.0.1')) AND (\"failed_at\" IS NULL) AND (\"queue\" IN ('cc-api_z1-0'))) ORDER BY \"priority\" ASC, \"run_at\" ASC LIMIT 5","log_level":"debug2","source":"cc.background","data":{},"thread_id":47452862460180,"fiber_id":47452899698480,"process_id":15587,"file":"/var/vcap/packages/cloud_controller_ng/cloud_controller_ng/vendor/bundle/ruby/2.3.0/gems/sequel-4.29.0/lib/sequel/database/logging.rb","lineno":70,"method":"block in log_each"}

2016-09-29T19:56:57.095993+00:00 b0fa19c0-86de-4447-a670-3f7adbd0b3c1 - - - [NXLOG@14506 bosh_deployment="cf-warden" bosh_job_name="api_z1" bosh_job_index="0" filename="/var/vcap/data/sys/log/cloud_controller_ng/cloud_controller_ng.log"] {"timestamp":1475179015.344576,"message":"(0.000605s) SELECT * FROM \"delayed_jobs\" WHERE ((((\"run_at\" <= '2016-09-29 19:56:55.343475+0000') AND (\"locked_at\" IS NULL)) OR (\"locked_by\" = 'cc_api_worker.api_z1.0.2')) AND (\"failed_at\" IS NULL) AND (\"queue\" IN ('cc-api_z1-0'))) ORDER BY \"priority\" ASC, \"run_at\" ASC LIMIT 5","log_level":"debug2","source":"cc.background","data":{},"thread_id":47118928261380,"fiber_id":47118965175380,"process_id":15629,"file":"/var/vcap/packages/cloud_controller_ng/cloud_controller_ng/vendor/bundle/ruby/2.3.0/gems/sequel-4.29.0/lib/sequel/database/logging.rb","lineno":70,"method":"block in log_each"}

2016-09-29T19:56:57.096044+00:00 b0fa19c0-86de-4447-a670-3f7adbd0b3c1 - - - [NXLOG@14506 bosh_deployment="cf-warden" bosh_job_name="api_z1" bosh_job_index="0" filename="/var/vcap/data/sys/log/cloud_controller_ng/cloud_controller_ng.log"] {"timestamp":1475179016.7512827,"message":"(0.000543s) SELECT * FROM \"delayed_jobs\" WHERE ((((\"run_at\" <= '2016-09-29 19:56:56.750217+0000') AND (\"locked_at\" IS NULL)) OR (\"locked_by\" = 'cc_api_worker.api_z1.0.1')) AND (\"failed_at\" IS NULL) AND (\"queue\" IN ('cc-api_z1-0'))) ORDER BY \"priority\" ASC, \"run_at\" ASC LIMIT 5","log_level":"debug2","source":"cc.background","data":{},"thread_id":47452862460180,"fiber_id":47452899698480,"process_id":15587,"file":"/var/vcap/packages/cloud_controller_ng/cloud_controller_ng/vendor/bundle/ruby/2.3.0/gems/sequel-4.29.0/lib/sequel/database/logging.rb","lineno":70,"method":"block in log_each"}

2016-09-29T19:56:57.097049+00:00 05bf1627-ae2f-400c-b1ce-31973a9ff23f - - - [NXLOG@14506 bosh_deployment="cf-warden" bosh_job_name="uaa_z1" bosh_job_index="0" filename="/var/vcap/data/sys/log/uaa/localhost_access.log"] 127.0.0.1 - - [29/Sep/2016:19:56:38 +0000] "GET /healthz HTTP/1.1" 200 3

2016-09-29T19:56:57.097123+00:00 05bf1627-ae2f-400c-b1ce-31973a9ff23f - - - [NXLOG@14506 bosh_deployment="cf-warden" bosh_job_name="uaa_z1" bosh_job_index="0" filename="/var/vcap/data/sys/log/uaa/localhost_access.log"] 127.0.0.1 - - [29/Sep/2016:19:56:40 +0000] "GET /healthz HTTP/1.1" 200 3

2016-09-29T19:56:57.097170+00:00 05bf1627-ae2f-400c-b1ce-31973a9ff23f - - - [NXLOG@14506 bosh_deployment="cf-warden" bosh_job_name="uaa_z1" bosh_job_index="0" filename="/var/vcap/data/sys/log/uaa/localhost_access.log"] 127.0.0.1 - - [29/Sep/2016:19:56:42 +0000] "GET /healthz HTTP/1.1" 200 3

2016-09-29T19:56:57.096186+00:00 b0fa19c0-86de-4447-a670-3f7adbd0b3c1 - - - [NXLOG@14506 bosh_deployment="cf-warden" bosh_job_name="api_z1" bosh_job_index="0" filename="/var/vcap/data/sys/log/cloud_controller_ng/cloud_controller_ng.log"] {"timestamp":1475179016.7951481,"message":"Statsd: cc.requests.outstanding:1|c","log_level":"debug","source":"statsd.client","data":{},"thread_id":47062185510360,"fiber_id":47062169423560,"process_id":15535,"file":"/var/vcap/packages/cloud_controller_ng/cloud_controller_ng/vendor/bundle/ruby/2.3.0/gems/statsd-ruby-1.2.1/lib/statsd.rb","lineno":254,"method":"send_to_socket"}

2016-09-29T19:56:57.096246+00:00 b0fa19c0-86de-4447-a670-3f7adbd0b3c1 - - - [NXLOG@14506 bosh_deployment="cf-warden" bosh_job_name="api_z1" bosh_job_index="0" filename="/var/vcap/data/sys/log/cloud_controller_ng/cloud_controller_ng.log"] {"timestamp":1475179016.7961283,"message":"Started GET \"/v2/info\" for user: , ip: 127.0.0.1 with vcap-request-id: dec1e116-5c2d-4546-bbae-6d4d7c8a4995 at 2016-09-29 19:56:56 UTC","log_level":"info","source":"cc.api","data":{},"thread_id":47062185510360,"fiber_id":47062169423560,"process_id":15535,"file":"/var/vcap/packages/cloud_controller_ng/cloud_controller_ng/middleware/request_logs.rb","lineno":12,"method":"call"}

2016-09-29T19:56:57.096298+00:00 b0fa19c0-86de-4447-a670-3f7adbd0b3c1 - - - [NXLOG@14506 bosh_deployment="cf-warden" bosh_job_name="api_z1" bosh_job_index="0" filename="/var/vcap/data/sys/log/cloud_controller_ng/cloud_controller_ng.log"] {"timestamp":1475179016.796842,"message":"dispatch VCAP::CloudController::InfoController get /v2/info","log_level":"debug","source":"cc.api","data":{"request_guid":"dec1e116-5c2d-4546-bbae-6d4d7c8a4995"},"thread_id":47062185510360,"fiber_id":47062169423560,"process_id":15535,"file":"/var/vcap/data/packages/cloud_controller_ng/f87cb49aa2cd87792cb9c2211a79e1542502be4d.1-b1a5f3c830cb6c32ae9e685628b24aa967f5ae54/cloud_controller_ng/lib/cloud_controller/rest_controller/routes.rb","lineno":12,"method":"block in define_route"}

2016-09-29T19:56:57.096345+00:00 b0fa19c0-86de-4447-a670-3f7adbd0b3c1 - - - [NXLOG@14506 bosh_deployment="cf-warden" bosh_job_name="api_z1" bosh_job_index="0" filename="/var/vcap/data/sys/log/cloud_controller_ng/cloud_controller_ng.log"] {"timestamp":1475179016.7974224,"message":"parse_params: {} ","log_level":"debug","source":"cc.api","data":{"request_guid":"dec1e116-5c2d-4546-bbae-6d4d7c8a4995"},"thread_id":47062185510360,"fiber_id":47062169423560,"process_id":15535,"file":"/var/vcap/data/packages/cloud_controller_ng/f87cb49aa2cd87792cb9c2211a79e1542502be4d.1-b1a5f3c830cb6c32ae9e685628b24aa967f5ae54/cloud_controller_ng/lib/cloud_controller/rest_controller/common_params.rb","lineno":10,"method":"parse"}

2016-09-29T19:56:57.096394+00:00 b0fa19c0-86de-4447-a670-3f7adbd0b3c1 - - - [NXLOG@14506 bosh_deployment="cf-warden" bosh_job_name="api_z1" bosh_job_index="0" filename="/var/vcap/data/sys/log/cloud_controller_ng/cloud_controller_ng.log"] {"timestamp":1475179016.7975645,"message":"cc.dispatch","log_level":"debug","source":"cc.api","data":{"request_guid":"dec1e116-5c2d-4546-bbae-6d4d7c8a4995","endpoint":"read","args":[]},"thread_id":47062185510360,"fiber_id":47062169423560,"process_id":15535,"file":"/var/vcap/data/packages/cloud_controller_ng/f87cb49aa2cd87792cb9c2211a79e1542502be4d.1-b1a5f3c830cb6c32ae9e685628b24aa967f5ae54/cloud_controller_ng/app/controllers/base/base_controller.rb","lineno":78,"method":"dispatch"}

2016-09-29T19:56:57.096440+00:00 b0fa19c0-86de-4447-a670-3f7adbd0b3c1 - - - [NXLOG@14506 bosh_deployment="cf-warden" bosh_job_name="api_z1" bosh_job_index="0" filename="/var/vcap/data/sys/log/cloud_controller_ng/cloud_controller_ng.log"] {"timestamp":1475179016.7979338,"message":"Completed 200 vcap-request-id: dec1e116-5c2d-4546-bbae-6d4d7c8a4995","log_level":"info","source":"cc.api","data":{},"thread_id":47062185510360,"fiber_id":47062169423560,"process_id":15535,"file":"/var/vcap/packages/cloud_controller_ng/cloud_controller_ng/middleware/request_logs.rb","lineno":24,"method":"call"}

2016-09-29T19:56:57.096485+00:00 b0fa19c0-86de-4447-a670-3f7adbd0b3c1 - - - [NXLOG@14506 bosh_deployment="cf-warden" bosh_job_name="api_z1" bosh_job_index="0" filename="/var/vcap/data/sys/log/cloud_controller_ng/cloud_controller_ng.log"] {"timestamp":1475179016.7981093,"message":"Statsd: cc.requests.outstanding:-1|c\ncc.requests.completed:1|c\ncc.http_status.2XX:1|c","log_level":"debug","source":"statsd.client","data":{},"thread_id":47062185510360,"fiber_id":47062169423560,"process_id":15535,"file":"/var/vcap/packages/cloud_controller_ng/cloud_controller_ng/vendor/bundle/ruby/2.3.0/gems/statsd-ruby-1.2.1/lib/statsd.rb","lineno":254,"method":"send_to_socket"}

2016-09-29T19:56:57.097337+00:00 05bf1627-ae2f-400c-b1ce-31973a9ff23f - - - [NXLOG@14506 bosh_deployment="cf-warden" bosh_job_name="uaa_z1" bosh_job_index="0" filename="/var/vcap/data/sys/log/uaa/localhost_access.log"] 127.0.0.1 - - [29/Sep/2016:19:56:46 +0000] "GET /healthz HTTP/1.1" 200 3

2016-09-29T19:56:57.097872+00:00 05bf1627-ae2f-400c-b1ce-31973a9ff23f - - - [NXLOG@14506 bosh_deployment="cf-warden" bosh_job_name="uaa_z1" bosh_job_index="0" filename="/var/vcap/data/sys/log/route_registrar/route_registrar.stdout.log"] {"timestamp":"1475179010.808590651","source":"Route Registrar","message":"Route Registrar.Executing script","log_level":1,"data":{"scriptPath":"/var/vcap/jobs/uaa/bin/health_check"}}

2016-09-29T19:56:57.098013+00:00 05bf1627-ae2f-400c-b1ce-31973a9ff23f - - - [NXLOG@14506 bosh_deployment="cf-warden" bosh_job_name="uaa_z1" bosh_job_index="0" filename="/var/vcap/data/sys/log/route_registrar/route_registrar.stdout.log"] {"timestamp":"1475179010.820190668","source":"Route Registrar","message":"Route Registrar.Script exited without error","log_level":1,"data":{"script":"/var/vcap/jobs/uaa/bin/health_check","stderr":"  % Total    % Received % Xferd  Average Speed   Time    Time     Time  Current\n                                 Dload  Upload   Total   Spent    Left  Speed\n\r  0     0    0     0    0     0      0      0 --:--:-- --:--:-- --:--:--     0\r100     3  100     3    0     0   2923      0 --:--:-- --:--:-- --:--:--  3000\n","stdout":""}}

2016-09-29T19:56:57.098072+00:00 05bf1627-ae2f-400c-b1ce-31973a9ff23f - - - [NXLOG@14506 bosh_deployment="cf-warden" bosh_job_name="uaa_z1" bosh_job_index="0" filename="/var/vcap/data/sys/log/route_registrar/route_registrar.stdout.log"] {"timestamp":"1475179010.820277929","source":"Route Registrar","message":"Route Registrar.healthchecker returned healthy for route","log_level":1,"data":{"route":{"Name":"uaa","Port":8080,"Tags":{"component":"uaa"},"URIs":["uaa.bosh-lite.com","*.uaa.bosh-lite.com","login.bosh-lite.com","*.login.bosh-lite.com"],"RouteServiceUrl":"","RegistrationInterval":4000000000,"HealthCheck":{"Name":"uaa-healthcheck","ScriptPath":"/var/vcap/jobs/uaa/bin/health_check","Timeout":2000000000}}}}

2016-09-29T19:56:57.098121+00:00 05bf1627-ae2f-400c-b1ce-31973a9ff23f - - - [NXLOG@14506 bosh_deployment="cf-warden" bosh_job_name="uaa_z1" bosh_job_index="0" filename="/var/vcap/data/sys/log/route_registrar/route_registrar.stdout.log"] {"timestamp":"1475179010.820311546","source":"Route Registrar","message":"Route Registrar.Registering route","log_level":1,"data":{"route":{"Name":"uaa","Port":8080,"Tags":{"component":"uaa"},"URIs":["uaa.bosh-lite.com","*.uaa.bosh-lite.com","login.bosh-lite.com","*.login.bosh-lite.com"],"RouteServiceUrl":"","RegistrationInterval":4000000000,"HealthCheck":{"Name":"uaa-healthcheck","ScriptPath":"/var/vcap/jobs/uaa/bin/health_check","Timeout":2000000000}}}}

2016-09-29T19:56:57.098169+00:00 05bf1627-ae2f-400c-b1ce-31973a9ff23f - - - [NXLOG@14506 bosh_deployment="cf-warden" bosh_job_name="uaa_z1" bosh_job_index="0" filename="/var/vcap/data/sys/log/route_registrar/route_registrar.stdout.log"] {"timestamp":"1475179010.820372581","source":"Route Registrar","message":"Route Registrar.Registered routes successfully","log_level":1,"data":{}}

2016-09-29T19:56:57.098214+00:00 05bf1627-ae2f-400c-b1ce-31973a9ff23f - - - [NXLOG@14506 bosh_deployment="cf-warden" bosh_job_name="uaa_z1" bosh_job_index="0" filename="/var/vcap/data/sys/log/route_registrar/route_registrar.stdout.log"] {"timestamp":"1475179014.808529139","source":"Route Registrar","message":"Route Registrar.Executing script","log_level":1,"data":{"scriptPath":"/var/vcap/jobs/uaa/bin/health_check"}}

2016-09-29T19:56:57.098259+00:00 05bf1627-ae2f-400c-b1ce-31973a9ff23f - - - [NXLOG@14506 bosh_deployment="cf-warden" bosh_job_name="uaa_z1" bosh_job_index="0" filename="/var/vcap/data/sys/log/route_registrar/route_registrar.stdout.log"] {"timestamp":"1475179014.821246386","source":"Route Registrar","message":"Route Registrar.Script exited without error","log_level":1,"data":{"script":"/var/vcap/jobs/uaa/bin/health_check","stderr":"  % Total    % Received % Xferd  Average Speed   Time    Time     Time  Current\n                                 Dload  Upload   Total   Spent    Left  Speed\n\r  0     0    0     0    0     0      0      0 --:--:-- --:--:-- --:--:--     0\r100     3  100     3    0     0   3239      0 --:--:-- --:--:-- --:--:--  3000\n","stdout":""}}

2016-09-29T19:56:57.098306+00:00 05bf1627-ae2f-400c-b1ce-31973a9ff23f - - - [NXLOG@14506 bosh_deployment="cf-warden" bosh_job_name="uaa_z1" bosh_job_index="0" filename="/var/vcap/data/sys/log/route_registrar/route_registrar.stdout.log"] {"timestamp":"1475179014.821333647","source":"Route Registrar","message":"Route Registrar.healthchecker returned healthy for route","log_level":1,"data":{"route":{"Name":"uaa","Port":8080,"Tags":{"component":"uaa"},"URIs":["uaa.bosh-lite.com","*.uaa.bosh-lite.com","login.bosh-lite.com","*.login.bosh-lite.com"],"RouteServiceUrl":"","RegistrationInterval":4000000000,"HealthCheck":{"Name":"uaa-healthcheck","ScriptPath":"/var/vcap/jobs/uaa/bin/health_check","Timeout":2000000000}}}}

2016-09-29T19:56:57.098351+00:00 05bf1627-ae2f-400c-b1ce-31973a9ff23f - - - [NXLOG@14506 bosh_deployment="cf-warden" bosh_job_name="uaa_z1" bosh_job_index="0" filename="/var/vcap/data/sys/log/route_registrar/route_registrar.stdout.log"] {"timestamp":"1475179014.821360111","source":"Route Registrar","message":"Route Registrar.Registering route","log_level":1,"data":{"route":{"Name":"uaa","Port":8080,"Tags":{"component":"uaa"},"URIs":["uaa.bosh-lite.com","*.uaa.bosh-lite.com","login.bosh-lite.com","*.login.bosh-lite.com"],"RouteServiceUrl":"","RegistrationInterval":4000000000,"HealthCheck":{"Name":"uaa-healthcheck","ScriptPath":"/var/vcap/jobs/uaa/bin/health_check","Timeout":2000000000}}}}

2016-09-29T19:56:57.098399+00:00 05bf1627-ae2f-400c-b1ce-31973a9ff23f - - - [NXLOG@14506 bosh_deployment="cf-warden" bosh_job_name="uaa_z1" bosh_job_index="0" filename="/var/vcap/data/sys/log/route_registrar/route_registrar.stdout.log"] {"timestamp":"1475179014.821432829","source":"Route Registrar","message":"Route Registrar.Registered routes successfully","log_level":1,"data":{}}

2016-09-29T19:56:57.098480+00:00 05bf1627-ae2f-400c-b1ce-31973a9ff23f - - - [NXLOG@14506 bosh_deployment="cf-warden" bosh_job_name="uaa_z1" bosh_job_index="0" filename="/var/vcap/data/sys/log/uaa/uaa.log"] [2016-09-29 19:56:50.511] uaa - 19013 [http-nio-127.0.0.1-8989-exec-8] .... DEBUG --- AntPathRequestMatcher: Checking match of request : '/healthz'; against '/resources/**'

2016-09-29T19:56:57.098529+00:00 05bf1627-ae2f-400c-b1ce-31973a9ff23f - - - [NXLOG@14506 bosh_deployment="cf-warden" bosh_job_name="uaa_z1" bosh_job_index="0" filename="/var/vcap/data/sys/log/uaa/uaa.log"] [2016-09-29 19:56:50.511] uaa - 19013 [http-nio-127.0.0.1-8989-exec-8] .... DEBUG --- AntPathRequestMatcher: Checking match of request : '/healthz'; against '/square-logo.png'

2016-09-29T19:56:57.098649+00:00 05bf1627-ae2f-400c-b1ce-31973a9ff23f - - - [NXLOG@14506 bosh_deployment="cf-warden" bosh_job_name="uaa_z1" bosh_job_index="0" filename="/var/vcap/data/sys/log/uaa/uaa.log"] [2016-09-29 19:56:50.511] uaa - 19013 [http-nio-127.0.0.1-8989-exec-8] .... DEBUG --- AntPathRequestMatcher: Checking match of request : '/healthz'; against '/info'

2016-09-29T19:56:57.098686+00:00 05bf1627-ae2f-400c-b1ce-31973a9ff23f - - - [NXLOG@14506 bosh_deployment="cf-warden" bosh_job_name="uaa_z1" bosh_job_index="0" filename="/var/vcap/data/sys/log/uaa/uaa.log"] [2016-09-29 19:56:50.511] uaa - 19013 [http-nio-127.0.0.1-8989-exec-8] .... DEBUG --- AntPathRequestMatcher: Checking match of request : '/healthz'; against '/password/**'

2016-09-29T19:56:57.098707+00:00 05bf1627-ae2f-400c-b1ce-31973a9ff23f - - - [NXLOG@14506 bosh_deployment="cf-warden" bosh_job_name="uaa_z1" bosh_job_index="0" filename="/var/vcap/data/sys/log/uaa/uaa.log"] [2016-09-29 19:56:50.511] uaa - 19013 [http-nio-127.0.0.1-8989-exec-8] .... DEBUG --- AntPathRequestMatcher: Checking match of request : '/healthz'; against '/healthz/**'

2016-09-29T19:56:57.098726+00:00 05bf1627-ae2f-400c-b1ce-31973a9ff23f - - - [NXLOG@14506 bosh_deployment="cf-warden" bosh_job_name="uaa_z1" bosh_job_index="0" filename="/var/vcap/data/sys/log/uaa/uaa.log"] [2016-09-29 19:56:50.511] uaa - 19013 [http-nio-127.0.0.1-8989-exec-8] .... DEBUG --- FilterChainProxy: /healthz has an empty filter list

2016-09-29T19:56:57.098744+00:00 05bf1627-ae2f-400c-b1ce-31973a9ff23f - - - [NXLOG@14506 bosh_deployment="cf-warden" bosh_job_name="uaa_z1" bosh_job_index="0" filename="/var/vcap/data/sys/log/uaa/uaa.log"] [2016-09-29 19:56:50.511] uaa - 19013 [http-nio-127.0.0.1-8989-exec-8] .... DEBUG --- DispatcherServlet: DispatcherServlet with name 'spring' processing GET request for [/healthz]

2016-09-29T19:56:57.098778+00:00 05bf1627-ae2f-400c-b1ce-31973a9ff23f - - - [NXLOG@14506 bosh_deployment="cf-warden" bosh_job_name="uaa_z1" bosh_job_index="0" filename="/var/vcap/data/sys/log/uaa/uaa.log"] [2016-09-29 19:56:50.511] uaa - 19013 [http-nio-127.0.0.1-8989-exec-8] .... DEBUG --- DispatcherServlet: Last-Modified value for [/healthz] is: -1

2016-09-29T19:56:57.098798+00:00 05bf1627-ae2f-400c-b1ce-31973a9ff23f - - - [NXLOG@14506 bosh_deployment="cf-warden" bosh_job_name="uaa_z1" bosh_job_index="0" filename="/var/vcap/data/sys/log/uaa/uaa.log"] [2016-09-29 19:56:50.511] uaa - 19013 [http-nio-127.0.0.1-8989-exec-8] .... DEBUG --- RequestResponseBodyMethodProcessor: Written [ok

2016-09-29T19:56:57.098817+00:00 05bf1627-ae2f-400c-b1ce-31973a9ff23f - - - [NXLOG@14506 bosh_deployment="cf-warden" bosh_job_name="uaa_z1" bosh_job_index="0" filename="/var/vcap/data/sys/log/uaa/uaa.log"] ] as "text/plain;charset=ISO-8859-1" using [org.springframework.http.converter.StringHttpMessageConverter@178b2baf]

2016-09-29T19:56:57.098836+00:00 05bf1627-ae2f-400c-b1ce-31973a9ff23f - - - [NXLOG@14506 bosh_deployment="cf-warden" bosh_job_name="uaa_z1" bosh_job_index="0" filename="/var/vcap/data/sys/log/uaa/uaa.log"] [2016-09-29 19:56:50.511] uaa - 19013 [http-nio-127.0.0.1-8989-exec-8] .... DEBUG --- DispatcherServlet: Null ModelAndView returned to DispatcherServlet with name 'spring': assuming HandlerAdapter completed request handling

2016-09-29T19:56:57.098868+00:00 05bf1627-ae2f-400c-b1ce-31973a9ff23f - - - [NXLOG@14506 bosh_deployment="cf-warden" bosh_job_name="uaa_z1" bosh_job_index="0" filename="/var/vcap/data/sys/log/uaa/uaa.log"] [2016-09-29 19:56:50.511] uaa - 19013 [http-nio-127.0.0.1-8989-exec-8] .... DEBUG --- DispatcherServlet: Successfully completed request

2016-09-29T19:56:57.098888+00:00 05bf1627-ae2f-400c-b1ce-31973a9ff23f - - - [NXLOG@14506 bosh_deployment="cf-warden" bosh_job_name="uaa_z1" bosh_job_index="0" filename="/var/vcap/data/sys/log/uaa/uaa.log"] [2016-09-29 19:56:50.817] uaa - 19013 [http-nio-127.0.0.1-8989-exec-7] .... DEBUG --- AntPathRequestMatcher: Checking match of request : '/healthz'; against '/resources/**'

2016-09-29T19:56:57.098907+00:00 05bf1627-ae2f-400c-b1ce-31973a9ff23f - - - [NXLOG@14506 bosh_deployment="cf-warden" bosh_job_name="uaa_z1" bosh_job_index="0" filename="/var/vcap/data/sys/log/uaa/uaa.log"] [2016-09-29 19:56:50.817] uaa - 19013 [http-nio-127.0.0.1-8989-exec-7] .... DEBUG --- AntPathRequestMatcher: Checking match of request : '/healthz'; against '/square-logo.png'

2016-09-29T19:56:57.098950+00:00 05bf1627-ae2f-400c-b1ce-31973a9ff23f - - - [NXLOG@14506 bosh_deployment="cf-warden" bosh_job_name="uaa_z1" bosh_job_index="0" filename="/var/vcap/data/sys/log/uaa/uaa.log"] [2016-09-29 19:56:50.817] uaa - 19013 [http-nio-127.0.0.1-8989-exec-7] .... DEBUG --- AntPathRequestMatcher: Checking match of request : '/healthz'; against '/info'

2016-09-29T19:56:57.098983+00:00 05bf1627-ae2f-400c-b1ce-31973a9ff23f - - - [NXLOG@14506 bosh_deployment="cf-warden" bosh_job_name="uaa_z1" bosh_job_index="0" filename="/var/vcap/data/sys/log/uaa/uaa.log"] [2016-09-29 19:56:50.817] uaa - 19013 [http-nio-127.0.0.1-8989-exec-7] .... DEBUG --- AntPathRequestMatcher: Checking match of request : '/healthz'; against '/password/**'

2016-09-29T19:56:57.099001+00:00 05bf1627-ae2f-400c-b1ce-31973a9ff23f - - - [NXLOG@14506 bosh_deployment="cf-warden" bosh_job_name="uaa_z1" bosh_job_index="0" filename="/var/vcap/data/sys/log/uaa/uaa.log"] [2016-09-29 19:56:50.817] uaa - 19013 [http-nio-127.0.0.1-8989-exec-7] .... DEBUG --- AntPathRequestMatcher: Checking match of request : '/healthz'; against '/healthz/**'

2016-09-29T19:56:57.099018+00:00 05bf1627-ae2f-400c-b1ce-31973a9ff23f - - - [NXLOG@14506 bosh_deployment="cf-warden" bosh_job_name="uaa_z1" bosh_job_index="0" filename="/var/vcap/data/sys/log/uaa/uaa.log"] [2016-09-29 19:56:50.817] uaa - 19013 [http-nio-127.0.0.1-8989-exec-7] .... DEBUG --- FilterChainProxy: /healthz has an empty filter list

2016-09-29T19:56:57.099034+00:00 05bf1627-ae2f-400c-b1ce-31973a9ff23f - - - [NXLOG@14506 bosh_deployment="cf-warden" bosh_job_name="uaa_z1" bosh_job_index="0" filename="/var/vcap/data/sys/log/uaa/uaa.log"] [2016-09-29 19:56:50.817] uaa - 19013 [http-nio-127.0.0.1-8989-exec-7] .... DEBUG --- DispatcherServlet: DispatcherServlet with name 'spring' processing GET request for [/healthz]

2016-09-29T19:56:57.099064+00:00 05bf1627-ae2f-400c-b1ce-31973a9ff23f - - - [NXLOG@14506 bosh_deployment="cf-warden" bosh_job_name="uaa_z1" bosh_job_index="0" filename="/var/vcap/data/sys/log/uaa/uaa.log"] [2016-09-29 19:56:50.817] uaa - 19013 [http-nio-127.0.0.1-8989-exec-7] .... DEBUG --- DispatcherServlet: Last-Modified value for [/healthz] is: -1

2016-09-29T19:56:57.099088+00:00 05bf1627-ae2f-400c-b1ce-31973a9ff23f - - - [NXLOG@14506 bosh_deployment="cf-warden" bosh_job_name="uaa_z1" bosh_job_index="0" filename="/var/vcap/data/sys/log/uaa/uaa.log"] [2016-09-29 19:56:50.818] uaa - 19013 [http-nio-127.0.0.1-8989-exec-7] .... DEBUG --- RequestResponseBodyMethodProcessor: Written [ok

2016-09-29T19:56:57.099105+00:00 05bf1627-ae2f-400c-b1ce-31973a9ff23f - - - [NXLOG@14506 bosh_deployment="cf-warden" bosh_job_name="uaa_z1" bosh_job_index="0" filename="/var/vcap/data/sys/log/uaa/uaa.log"] ] as "text/plain;charset=ISO-8859-1" using [org.springframework.http.converter.StringHttpMessageConverter@178b2baf]

2016-09-29T19:56:57.099122+00:00 05bf1627-ae2f-400c-b1ce-31973a9ff23f - - - [NXLOG@14506 bosh_deployment="cf-warden" bosh_job_name="uaa_z1" bosh_job_index="0" filename="/var/vcap/data/sys/log/uaa/uaa.log"] [2016-09-29 19:56:50.818] uaa - 19013 [http-nio-127.0.0.1-8989-exec-7] .... DEBUG --- DispatcherServlet: Null ModelAndView returned to DispatcherServlet with name 'spring': assuming HandlerAdapter completed request handling

2016-09-29T19:56:57.099151+00:00 05bf1627-ae2f-400c-b1ce-31973a9ff23f - - - [NXLOG@14506 bosh_deployment="cf-warden" bosh_job_name="uaa_z1" bosh_job_index="0" filename="/var/vcap/data/sys/log/uaa/uaa.log"] [2016-09-29 19:56:50.818] uaa - 19013 [http-nio-127.0.0.1-8989-exec-7] .... DEBUG --- DispatcherServlet: Successfully completed request

2016-09-29T19:56:57.099205+00:00 05bf1627-ae2f-400c-b1ce-31973a9ff23f - - - [NXLOG@14506 bosh_deployment="cf-warden" bosh_job_name="uaa_z1" bosh_job_index="0" filename="/var/vcap/data/sys/log/uaa/uaa.log"] [2016-09-29 19:56:51.156] uaa - 19013 [pool-2-thread-1] .... DEBUG --- JdbcTemplate: Executing SQL query [select count(*) from oauth_client_details]

2016-09-29T19:56:57.099226+00:00 05bf1627-ae2f-400c-b1ce-31973a9ff23f - - - [NXLOG@14506 bosh_deployment="cf-warden" bosh_job_name="uaa_z1" bosh_job_index="0" filename="/var/vcap/data/sys/log/uaa/uaa.log"] [2016-09-29 19:56:51.158] uaa - 19013 [pool-2-thread-1] .... DEBUG --- JdbcTemplate: Executing SQL query [select count(*) from users]

2016-09-29T19:56:57.099243+00:00 05bf1627-ae2f-400c-b1ce-31973a9ff23f - - - [NXLOG@14506 bosh_deployment="cf-warden" bosh_job_name="uaa_z1" bosh_job_index="0" filename="/var/vcap/data/sys/log/uaa/uaa.log"] [2016-09-29 19:56:54.819] uaa - 19013 [http-nio-127.0.0.1-8989-exec-4] .... DEBUG --- AntPathRequestMatcher: Checking match of request : '/healthz'; against '/resources/**'

2016-09-29T19:56:57.099276+00:00 05bf1627-ae2f-400c-b1ce-31973a9ff23f - - - [NXLOG@14506 bosh_deployment="cf-warden" bosh_job_name="uaa_z1" bosh_job_index="0" filename="/var/vcap/data/sys/log/uaa/uaa.log"] [2016-09-29 19:56:54.819] uaa - 19013 [http-nio-127.0.0.1-8989-exec-4] .... DEBUG --- AntPathRequestMatcher: Checking match of request : '/healthz'; against '/square-logo.png'

2016-09-29T19:56:57.099295+00:00 05bf1627-ae2f-400c-b1ce-31973a9ff23f - - - [NXLOG@14506 bosh_deployment="cf-warden" bosh_job_name="uaa_z1" bosh_job_index="0" filename="/var/vcap/data/sys/log/uaa/uaa.log"] [2016-09-29 19:56:54.819] uaa - 19013 [http-nio-127.0.0.1-8989-exec-4] .... DEBUG --- AntPathRequestMatcher: Checking match of request : '/healthz'; against '/info'

2016-09-29T19:56:57.099312+00:00 05bf1627-ae2f-400c-b1ce-31973a9ff23f - - - [NXLOG@14506 bosh_deployment="cf-warden" bosh_job_name="uaa_z1" bosh_job_index="0" filename="/var/vcap/data/sys/log/uaa/uaa.log"] [2016-09-29 19:56:54.819] uaa - 19013 [http-nio-127.0.0.1-8989-exec-4] .... DEBUG --- AntPathRequestMatcher: Checking match of request : '/healthz'; against '/password/**'

2016-09-29T19:56:57.099329+00:00 05bf1627-ae2f-400c-b1ce-31973a9ff23f - - - [NXLOG@14506 bosh_deployment="cf-warden" bosh_job_name="uaa_z1" bosh_job_index="0" filename="/var/vcap/data/sys/log/uaa/uaa.log"] [2016-09-29 19:56:54.819] uaa - 19013 [http-nio-127.0.0.1-8989-exec-4] .... DEBUG --- AntPathRequestMatcher: Checking match of request : '/healthz'; against '/healthz/**'

2016-09-29T19:56:57.099347+00:00 05bf1627-ae2f-400c-b1ce-31973a9ff23f - - - [NXLOG@14506 bosh_deployment="cf-warden" bosh_job_name="uaa_z1" bosh_job_index="0" filename="/var/vcap/data/sys/log/uaa/uaa.log"] [2016-09-29 19:56:54.819] uaa - 19013 [http-nio-127.0.0.1-8989-exec-4] .... DEBUG --- FilterChainProxy: /healthz has an empty filter list

2016-09-29T19:56:57.099365+00:00 05bf1627-ae2f-400c-b1ce-31973a9ff23f - - - [NXLOG@14506 bosh_deployment="cf-warden" bosh_job_name="uaa_z1" bosh_job_index="0" filename="/var/vcap/data/sys/log/uaa/uaa.log"] [2016-09-29 19:56:54.819] uaa - 19013 [http-nio-127.0.0.1-8989-exec-4] .... DEBUG --- DispatcherServlet: DispatcherServlet with name 'spring' processing GET request for [/healthz]

2016-09-29T19:56:57.099384+00:00 05bf1627-ae2f-400c-b1ce-31973a9ff23f - - - [NXLOG@14506 bosh_deployment="cf-warden" bosh_job_name="uaa_z1" bosh_job_index="0" filename="/var/vcap/data/sys/log/uaa/uaa.log"] [2016-09-29 19:56:54.819] uaa - 19013 [http-nio-127.0.0.1-8989-exec-4] .... DEBUG --- DispatcherServlet: Last-Modified value for [/healthz] is: -1

2016-09-29T19:56:57.099402+00:00 05bf1627-ae2f-400c-b1ce-31973a9ff23f - - - [NXLOG@14506 bosh_deployment="cf-warden" bosh_job_name="uaa_z1" bosh_job_index="0" filename="/var/vcap/data/sys/log/uaa/uaa.log"] [2016-09-29 19:56:54.819] uaa - 19013 [http-nio-127.0.0.1-8989-exec-4] .... DEBUG --- RequestResponseBodyMethodProcessor: Written [ok

2016-09-29T19:56:57.099420+00:00 05bf1627-ae2f-400c-b1ce-31973a9ff23f - - - [NXLOG@14506 bosh_deployment="cf-warden" bosh_job_name="uaa_z1" bosh_job_index="0" filename="/var/vcap/data/sys/log/uaa/uaa.log"] ] as "text/plain;charset=ISO-8859-1" using [org.springframework.http.converter.StringHttpMessageConverter@178b2baf]

2016-09-29T19:56:57.099488+00:00 05bf1627-ae2f-400c-b1ce-31973a9ff23f - - - [NXLOG@14506 bosh_deployment="cf-warden" bosh_job_name="uaa_z1" bosh_job_index="0" filename="/var/vcap/data/sys/log/uaa/uaa.log"] [2016-09-29 19:56:54.819] uaa - 19013 [http-nio-127.0.0.1-8989-exec-4] .... DEBUG --- DispatcherServlet: Null ModelAndView returned to DispatcherServlet with name 'spring': assuming HandlerAdapter completed request handling

2016-09-29T19:56:57.099852+00:00 05bf1627-ae2f-400c-b1ce-31973a9ff23f - - - [NXLOG@14506 bosh_deployment="cf-warden" bosh_job_name="uaa_z1" bosh_job_index="0" filename="/var/vcap/data/sys/log/uaa/uaa.log"] [2016-09-29 19:56:54.819] uaa - 19013 [http-nio-127.0.0.1-8989-exec-4] .... DEBUG --- DispatcherServlet: Successfully completed request

2016-09-29T19:56:57.099964+00:00 05bf1627-ae2f-400c-b1ce-31973a9ff23f - - - [NXLOG@14506 bosh_deployment="cf-warden" bosh_job_name="uaa_z1" bosh_job_index="0" filename="/var/vcap/data/sys/log/uaa/uaa.log"] [2016-09-29 19:56:56.157] uaa - 19013 [pool-2-thread-1] .... DEBUG --- JdbcTemplate: Executing SQL query [select count(*) from oauth_client_details]

2016-09-29T19:56:57.100001+00:00 05bf1627-ae2f-400c-b1ce-31973a9ff23f - - - [NXLOG@14506 bosh_deployment="cf-warden" bosh_job_name="uaa_z1" bosh_job_index="0" filename="/var/vcap/data/sys/log/uaa/uaa.log"] [2016-09-29 19:56:56.159] uaa - 19013 [pool-2-thread-1] .... DEBUG --- JdbcTemplate: Executing SQL query [select count(*) from users]

2016-09-29T19:57:06.965144+00:00 bfc626ef-a2eb-4bad-8f71-fa1d6d0f927f - - - [NXLOG@14506 bosh_deployment="cf-warden" bosh_job_name="loggregator_trafficcontroller_z1" bosh_job_index="0" filename="/var/vcap/data/sys/log/route_registrar/route_registrar.stdout.log"] {"timestamp":"1475179026.735028505","source":"Route Registrar","message":"Route Registrar.no healthchecker found for route","log_level":1,"data":{"route":{"Name":"loggregator","Port":8080,"Tags":null,"URIs":["loggregator.bosh-lite.com"],"RouteServiceUrl":"","RegistrationInterval":20000000000,"HealthCheck":null}}}

2016-09-29T19:57:06.965288+00:00 bfc626ef-a2eb-4bad-8f71-fa1d6d0f927f - - - [NXLOG@14506 bosh_deployment="cf-warden" bosh_job_name="loggregator_trafficcontroller_z1" bosh_job_index="0" filename="/var/vcap/data/sys/log/route_registrar/route_registrar.stdout.log"] {"timestamp":"1475179026.735154867","source":"Route Registrar","message":"Route Registrar.Registering route","log_level":1,"data":{"route":{"Name":"loggregator","Port":8080,"Tags":null,"URIs":["loggregator.bosh-lite.com"],"RouteServiceUrl":"","RegistrationInterval":20000000000,"HealthCheck":null}}}

2016-09-29T19:57:06.965615+00:00 81da04d2-3e1d-4a50-80cd-e5b2e7a3a719 - - - [NXLOG@14506 bosh_deployment="cf-warden" bosh_job_name="router_z1" bosh_job_index="0" filename="/var/vcap/data/sys/log/gorouter/access.log"] api.bosh-lite.com - [29/09/2016:19:57:00.908 +0000] "GET /v2/syslog_drain_urls?batch_size=1000 HTTP/1.1" 200 0 42 "-" "Go-http-client/1.1" 10.244.0.34:41270 x_forwarded_for:"10.244.0.146" x_forwarded_proto:"https" vcap_request_id:4318e1cf-c9fc-4a7d-7766-3b009cfba833 response_time:0.006361956 app_id:

2016-09-29T19:57:06.965636+00:00 bfc626ef-a2eb-4bad-8f71-fa1d6d0f927f - - - [NXLOG@14506 bosh_deployment="cf-warden" bosh_job_name="loggregator_trafficcontroller_z1" bosh_job_index="0" filename="/var/vcap/data/sys/log/route_registrar/route_registrar.stdout.log"] {"timestamp":"1475179026.735221148","source":"Route Registrar","message":"Route Registrar.Registered routes successfully","log_level":1,"data":{}}

2016-09-29T19:57:06.965739+00:00 bfc626ef-a2eb-4bad-8f71-fa1d6d0f927f - - - [NXLOG@14506 bosh_deployment="cf-warden" bosh_job_name="loggregator_trafficcontroller_z1" bosh_job_index="0" filename="/var/vcap/data/sys/log/route_registrar/route_registrar.stdout.log"] {"timestamp":"1475179026.735292673","source":"Route Registrar","message":"Route Registrar.no healthchecker found for route","log_level":1,"data":{"route":{"Name":"doppler","Port":8081,"Tags":null,"URIs":["doppler.bosh-lite.com"],"RouteServiceUrl":"","RegistrationInterval":20000000000,"HealthCheck":null}}}

2016-09-29T19:57:06.965803+00:00 bfc626ef-a2eb-4bad-8f71-fa1d6d0f927f - - - [NXLOG@14506 bosh_deployment="cf-warden" bosh_job_name="loggregator_trafficcontroller_z1" bosh_job_index="0" filename="/var/vcap/data/sys/log/route_registrar/route_registrar.stdout.log"] {"timestamp":"1475179026.735368729","source":"Route Registrar","message":"Route Registrar.Registering route","log_level":1,"data":{"route":{"Name":"doppler","Port":8081,"Tags":null,"URIs":["doppler.bosh-lite.com"],"RouteServiceUrl":"","RegistrationInterval":20000000000,"HealthCheck":null}}}

2016-09-29T19:57:06.965899+00:00 bfc626ef-a2eb-4bad-8f71-fa1d6d0f927f - - - [NXLOG@14506 bosh_deployment="cf-warden" bosh_job_name="loggregator_trafficcontroller_z1" bosh_job_index="0" filename="/var/vcap/data/sys/log/route_registrar/route_registrar.stdout.log"] {"timestamp":"1475179026.735512495","source":"Route Registrar","message":"Route Registrar.Registered routes successfully","log_level":1,"data":{}}

2016-09-29T19:57:06.966924+00:00 fc52b791-0068-48d0-b63d-a9600b8fa32e - - - [NXLOG@14506 bosh_deployment="cf-warden" bosh_job_name="runner_z1" bosh_job_index="0" filename="/var/vcap/data/sys/log/dea_next/dea_next.log"] {"timestamp":1475179021.7249148,"message":"hm9000.heartbeat.sending","log_level":"debug","source":"Dea::Bootstrap","data":{"destination":"https://listener-hm9000.service.cf.internal:5335/dea/heartbeat"},"thread_id":47241037142420,"fiber_id":47241050325380,"process_id":6941,"file":"/var/vcap/packages/dea_next/lib/dea/utils/hm9000.rb","lineno":29,"method":"send_heartbeat"}

2016-09-29T19:57:06.967005+00:00 fc52b791-0068-48d0-b63d-a9600b8fa32e - - - [NXLOG@14506 bosh_deployment="cf-warden" bosh_job_name="runner_z1" bosh_job_index="0" filename="/var/vcap/data/sys/log/dea_next/dea_next.log"] {"timestamp":1475179021.7271862,"message":"hm9000.heartbeat.accepted","log_level":"debug","source":"Dea::Bootstrap","data":{},"thread_id":47241050154140,"fiber_id":47241051666340,"process_id":6941,"file":"/var/vcap/packages/dea_next/lib/dea/utils/hm9000.rb","lineno":49,"method":"handle_http_response"}

2016-09-29T19:57:06.967046+00:00 fc52b791-0068-48d0-b63d-a9600b8fa32e - - - [NXLOG@14506 bosh_deployment="cf-warden" bosh_job_name="runner_z1" bosh_job_index="0" filename="/var/vcap/data/sys/log/dea_next/dea_next.log"] {"timestamp":1475179026.1222968,"message":"Reaping orphaned containers","log_level":"debug","source":"Dea::Bootstrap","data":{},"thread_id":47241037142420,"fiber_id":47241050325380,"process_id":6941,"file":"/var/vcap/packages/dea_next/lib/dea/bootstrap.rb","lineno":236,"method":"reap_orphaned_containers"}

2016-09-29T19:57:07.094077+00:00 05bf1627-ae2f-400c-b1ce-31973a9ff23f - - - [NXLOG@14506 bosh_deployment="cf-warden" bosh_job_name="uaa_z1" bosh_job_index="0" filename="/var/vcap/data/sys/log/uaa/localhost_access.log"] 127.0.0.1 - - [29/Sep/2016:19:56:50 +0000] "GET /healthz HTTP/1.1" 200 3

2016-09-29T19:57:07.094227+00:00 05bf1627-ae2f-400c-b1ce-31973a9ff23f - - - [NXLOG@14506 bosh_deployment="cf-warden" bosh_job_name="uaa_z1" bosh_job_index="0" filename="/var/vcap/data/sys/log/uaa/localhost_access.log"] 127.0.0.1 - - [29/Sep/2016:19:56:50 +0000] "GET /healthz HTTP/1.1" 200 3

2016-09-29T19:57:07.094305+00:00 05bf1627-ae2f-400c-b1ce-31973a9ff23f - - - [NXLOG@14506 bosh_deployment="cf-warden" bosh_job_name="uaa_z1" bosh_job_index="0" filename="/var/vcap/data/sys/log/uaa/localhost_access.log"] 127.0.0.1 - - [29/Sep/2016:19:56:54 +0000] "GET /healthz HTTP/1.1" 200 3

2016-09-29T19:57:07.094373+00:00 05bf1627-ae2f-400c-b1ce-31973a9ff23f - - - [NXLOG@14506 bosh_deployment="cf-warden" bosh_job_name="uaa_z1" bosh_job_index="0" filename="/var/vcap/data/sys/log/route_registrar/route_registrar.stdout.log"] {"timestamp":"1475179018.808166504","source":"Route Registrar","message":"Route Registrar.Executing script","log_level":1,"data":{"scriptPath":"/var/vcap/jobs/uaa/bin/health_check"}}

2016-09-29T19:57:07.094401+00:00 05bf1627-ae2f-400c-b1ce-31973a9ff23f - - - [NXLOG@14506 bosh_deployment="cf-warden" bosh_job_name="uaa_z1" bosh_job_index="0" filename="/var/vcap/data/sys/log/route_registrar/route_registrar.stdout.log"] {"timestamp":"1475179018.819310665","source":"Route Registrar","message":"Route Registrar.Script exited without error","log_level":1,"data":{"script":"/var/vcap/jobs/uaa/bin/health_check","stderr":"  % Total    % Received % Xferd  Average Speed   Time    Time     Time  Current\n                                 Dload  Upload   Total   Spent    Left  Speed\n\r  0     0    0     0    0     0      0      0 --:--:-- --:--:-- --:--:--     0\r100     3  100     3    0     0   1877      0 --:--:-- --:--:-- --:--:--  3000\n","stdout":""}}

2016-09-29T19:57:07.094433+00:00 05bf1627-ae2f-400c-b1ce-31973a9ff23f - - - [NXLOG@14506 bosh_deployment="cf-warden" bosh_job_name="uaa_z1" bosh_job_index="0" filename="/var/vcap/data/sys/log/route_registrar/route_registrar.stdout.log"] {"timestamp":"1475179018.819414854","source":"Route Registrar","message":"Route Registrar.healthchecker returned healthy for route","log_level":1,"data":{"route":{"Name":"uaa","Port":8080,"Tags":{"component":"uaa"},"URIs":["uaa.bosh-lite.com","*.uaa.bosh-lite.com","login.bosh-lite.com","*.login.bosh-lite.com"],"RouteServiceUrl":"","RegistrationInterval":4000000000,"HealthCheck":{"Name":"uaa-healthcheck","ScriptPath":"/var/vcap/jobs/uaa/bin/health_check","Timeout":2000000000}}}}

2016-09-29T19:57:07.094477+00:00 05bf1627-ae2f-400c-b1ce-31973a9ff23f - - - [NXLOG@14506 bosh_deployment="cf-warden" bosh_job_name="uaa_z1" bosh_job_index="0" filename="/var/vcap/data/sys/log/route_registrar/route_registrar.stdout.log"] {"timestamp":"1475179018.819438696","source":"Route Registrar","message":"Route Registrar.Registering route","log_level":1,"data":{"route":{"Name":"uaa","Port":8080,"Tags":{"component":"uaa"},"URIs":["uaa.bosh-lite.com","*.uaa.bosh-lite.com","login.bosh-lite.com","*.login.bosh-lite.com"],"RouteServiceUrl":"","RegistrationInterval":4000000000,"HealthCheck":{"Name":"uaa-healthcheck","ScriptPath":"/var/vcap/jobs/uaa/bin/health_check","Timeout":2000000000}}}}

2016-09-29T19:57:07.094521+00:00 05bf1627-ae2f-400c-b1ce-31973a9ff23f - - - [NXLOG@14506 bosh_deployment="cf-warden" bosh_job_name="uaa_z1" bosh_job_index="0" filename="/var/vcap/data/sys/log/route_registrar/route_registrar.stdout.log"] {"timestamp":"1475179018.819500208","source":"Route Registrar","message":"Route Registrar.Registered routes successfully","log_level":1,"data":{}}

2016-09-29T19:57:07.094552+00:00 05bf1627-ae2f-400c-b1ce-31973a9ff23f - - - [NXLOG@14506 bosh_deployment="cf-warden" bosh_job_name="uaa_z1" bosh_job_index="0" filename="/var/vcap/data/sys/log/route_registrar/route_registrar.stdout.log"] {"timestamp":"1475179022.808324575","source":"Route Registrar","message":"Route Registrar.Executing script","log_level":1,"data":{"scriptPath":"/var/vcap/jobs/uaa/bin/health_check"}}

2016-09-29T19:57:07.094592+00:00 05bf1627-ae2f-400c-b1ce-31973a9ff23f - - - [NXLOG@14506 bosh_deployment="cf-warden" bosh_job_name="uaa_z1" bosh_job_index="0" filename="/var/vcap/data/sys/log/route_registrar/route_registrar.stdout.log"] {"timestamp":"1475179022.818490028","source":"Route Registrar","message":"Route Registrar.Script exited without error","log_level":1,"data":{"script":"/var/vcap/jobs/uaa/bin/health_check","stderr":"  % Total    % Received % Xferd  Average Speed   Time    Time     Time  Current\n                                 Dload  Upload   Total   Spent    Left  Speed\n\r  0     0    0     0    0     0      0      0 --:--:-- --:--:-- --:--:--     0\r100     3  100     3    0     0   2516      0 --:--:-- --:--:-- --:--:--  3000\n","stdout":""}}

2016-09-29T19:57:07.094670+00:00 152ab062-1f32-4789-910a-13bdc79651b2 - - - [NXLOG@14506 bosh_deployment="cf-warden" bosh_job_name="hm9000_z1" bosh_job_index="0" filename="/var/vcap/data/sys/log/hm9000/hm9000_listener.log"] {"timestamp":"1475179021.726415157","source":"listener","message":"listener.Received a heartbeat","log_level":1,"data":{"Heartbeats Pending Save":"1"}}

2016-09-29T19:57:07.094784+00:00 152ab062-1f32-4789-910a-13bdc79651b2 - - - [NXLOG@14506 bosh_deployment="cf-warden" bosh_job_name="hm9000_z1" bosh_job_index="0" filename="/var/vcap/data/sys/log/hm9000/hm9000_listener.log"] {"timestamp":"1475179021.815822601","source":"listener","message":"listener.Saving Heartbeats","log_level":1,"data":{"Heartbeats to Save":"1"}}

2016-09-29T19:57:07.094849+00:00 152ab062-1f32-4789-910a-13bdc79651b2 - - - [NXLOG@14506 bosh_deployment="cf-warden" bosh_job_name="hm9000_z1" bosh_job_index="0" filename="/var/vcap/data/sys/log/hm9000/hm9000_listener.log"] {"timestamp":"1475179021.820540905","source":"listener","message":"listener.Bumped freshness","log_level":1,"data":{}}

2016-09-29T19:57:07.094894+00:00 152ab062-1f32-4789-910a-13bdc79651b2 - - - [NXLOG@14506 bosh_deployment="cf-warden" bosh_job_name="hm9000_z1" bosh_job_index="0" filename="/var/vcap/data/sys/log/hm9000/hm9000_listener.log"] {"timestamp":"1475179021.820688009","source":"listener","message":"listener.Saved Heartbeats","log_level":1,"data":{"Duration":"4.662733ms","Heartbeats to Save":"1"}}

2016-09-29T19:57:16.967165+00:00 fc52b791-0068-48d0-b63d-a9600b8fa32e - - - [NXLOG@14506 bosh_deployment="cf-warden" bosh_job_name="runner_z1" bosh_job_index="0" filename="/var/vcap/data/sys/log/dea_next/dea_next.log"] {"timestamp":1475179031.7273712,"message":"hm9000.heartbeat.sending","log_level":"debug","source":"Dea::Bootstrap","data":{"destination":"https://listener-hm9000.service.cf.internal:5335/dea/heartbeat"},"thread_id":47241037142420,"fiber_id":47241050325380,"process_id":6941,"file":"/var/vcap/packages/dea_next/lib/dea/utils/hm9000.rb","lineno":29,"method":"send_heartbeat"}

2016-09-29T19:57:16.967265+00:00 fc52b791-0068-48d0-b63d-a9600b8fa32e - - - [NXLOG@14506 bosh_deployment="cf-warden" bosh_job_name="runner_z1" bosh_job_index="0" filename="/var/vcap/data/sys/log/dea_next/dea_next.log"] {"timestamp":1475179031.7448685,"message":"hm9000.heartbeat.accepted","log_level":"debug","source":"Dea::Bootstrap","data":{},"thread_id":47241050153960,"fiber_id":47241051414980,"process_id":6941,"file":"/var/vcap/packages/dea_next/lib/dea/utils/hm9000.rb","lineno":49,"method":"handle_http_response"}

2016-09-29T19:57:17.095477+00:00 152ab062-1f32-4789-910a-13bdc79651b2 - - - [NXLOG@14506 bosh_deployment="cf-warden" bosh_job_name="hm9000_z1" bosh_job_index="0" filename="/var/vcap/data/sys/log/hm9000/hm9000_listener.log"] {"timestamp":"1475179031.744159937","source":"listener","message":"listener.Received a heartbeat","log_level":1,"data":{"Heartbeats Pending Save":"1"}}

2016-09-29T19:57:17.095361+00:00 f0562343-642f-42d4-aca5-293abe675815 - - - [NXLOG@14506 bosh_deployment="cf-warden" bosh_job_name="blobstore_z1" bosh_job_index="0" filename="/var/vcap/data/sys/log/route_registrar/route_registrar.stdout.log"] {"timestamp":"1475179028.516834736","source":"Route Registrar","message":"Route Registrar.no healthchecker found for route","log_level":1,"data":{"route":{"Name":"blobstore","Port":80,"Tags":{"component":"blobstore"},"URIs":["blobstore.bosh-lite.com"],"RouteServiceUrl":"","RegistrationInterval":20000000000,"HealthCheck":null}}}

2016-09-29T19:57:17.095488+00:00 f0562343-642f-42d4-aca5-293abe675815 - - - [NXLOG@14506 bosh_deployment="cf-warden" bosh_job_name="blobstore_z1" bosh_job_index="0" filename="/var/vcap/data/sys/log/route_registrar/route_registrar.stdout.log"] {"timestamp":"1475179028.516930580","source":"Route Registrar","message":"Route Registrar.Registering route","log_level":1,"data":{"route":{"Name":"blobstore","Port":80,"Tags":{"component":"blobstore"},"URIs":["blobstore.bosh-lite.com"],"RouteServiceUrl":"","RegistrationInterval":20000000000,"HealthCheck":null}}}

2016-09-29T19:57:17.095533+00:00 f0562343-642f-42d4-aca5-293abe675815 - - - [NXLOG@14506 bosh_deployment="cf-warden" bosh_job_name="blobstore_z1" bosh_job_index="0" filename="/var/vcap/data/sys/log/route_registrar/route_registrar.stdout.log"] {"timestamp":"1475179028.517215967","source":"Route Registrar","message":"Route Registrar.Registered routes successfully","log_level":1,"data":{}}

2016-09-29T19:57:17.095780+00:00 152ab062-1f32-4789-910a-13bdc79651b2 - - - [NXLOG@14506 bosh_deployment="cf-warden" bosh_job_name="hm9000_z1" bosh_job_index="0" filename="/var/vcap/data/sys/log/hm9000/hm9000_listener.log"] {"timestamp":"1475179031.815912724","source":"listener","message":"listener.Saving Heartbeats","log_level":1,"data":{"Heartbeats to Save":"1"}}

2016-09-29T19:57:17.095836+00:00 152ab062-1f32-4789-910a-13bdc79651b2 - - - [NXLOG@14506 bosh_deployment="cf-warden" bosh_job_name="hm9000_z1" bosh_job_index="0" filename="/var/vcap/data/sys/log/hm9000/hm9000_listener.log"] {"timestamp":"1475179031.822852612","source":"listener","message":"listener.Bumped freshness","log_level":1,"data":{}}

2016-09-29T19:57:17.095867+00:00 152ab062-1f32-4789-910a-13bdc79651b2 - - - [NXLOG@14506 bosh_deployment="cf-warden" bosh_job_name="hm9000_z1" bosh_job_index="0" filename="/var/vcap/data/sys/log/hm9000/hm9000_listener.log"] {"timestamp":"1475179031.822994232","source":"listener","message":"listener.Saved Heartbeats","log_level":1,"data":{"Duration":"6.729496ms","Heartbeats to Save":"1"}}

2016-09-29T19:57:17.096319+00:00 05bf1627-ae2f-400c-b1ce-31973a9ff23f - - - [NXLOG@14506 bosh_deployment="cf-warden" bosh_job_name="uaa_z1" bosh_job_index="0" filename="/var/vcap/data/sys/log/uaa/localhost_access.log"] 127.0.0.1 - - [29/Sep/2016:19:56:58 +0000] "GET /healthz HTTP/1.1" 200 3

2016-09-29T19:57:17.096471+00:00 05bf1627-ae2f-400c-b1ce-31973a9ff23f - - - [NXLOG@14506 bosh_deployment="cf-warden" bosh_job_name="uaa_z1" bosh_job_index="0" filename="/var/vcap/data/sys/log/uaa/localhost_access.log"] 127.0.0.1 - - [29/Sep/2016:19:57:00 +0000] "GET /healthz HTTP/1.1" 200 3

2016-09-29T19:57:17.096514+00:00 05bf1627-ae2f-400c-b1ce-31973a9ff23f - - - [NXLOG@14506 bosh_deployment="cf-warden" bosh_job_name="uaa_z1" bosh_job_index="0" filename="/var/vcap/data/sys/log/uaa/localhost_access.log"] 127.0.0.1 - - [29/Sep/2016:19:57:02 +0000] "GET /healthz HTTP/1.1" 200 3

2016-09-29T19:57:17.096591+00:00 05bf1627-ae2f-400c-b1ce-31973a9ff23f - - - [NXLOG@14506 bosh_deployment="cf-warden" bosh_job_name="uaa_z1" bosh_job_index="0" filename="/var/vcap/data/sys/log/uaa/localhost_access.log"] 127.0.0.1 - - [29/Sep/2016:19:57:06 +0000] "GET /healthz HTTP/1.1" 200 3

2016-09-29T19:57:17.096628+00:00 05bf1627-ae2f-400c-b1ce-31973a9ff23f - - - [NXLOG@14506 bosh_deployment="cf-warden" bosh_job_name="uaa_z1" bosh_job_index="0" filename="/var/vcap/data/sys/log/route_registrar/route_registrar.stdout.log"] {"timestamp":"1475179030.809147835","source":"Route Registrar","message":"Route Registrar.Executing script","log_level":1,"data":{"scriptPath":"/var/vcap/jobs/uaa/bin/health_check"}}

2016-09-29T19:57:17.096666+00:00 05bf1627-ae2f-400c-b1ce-31973a9ff23f - - - [NXLOG@14506 bosh_deployment="cf-warden" bosh_job_name="uaa_z1" bosh_job_index="0" filename="/var/vcap/data/sys/log/route_registrar/route_registrar.stdout.log"] {"timestamp":"1475179030.820163012","source":"Route Registrar","message":"Route Registrar.Script exited without error","log_level":1,"data":{"script":"/var/vcap/jobs/uaa/bin/health_check","stderr":"  % Total    % Received % Xferd  Average Speed   Time    Time     Time  Current\n                                 Dload  Upload   Total   Spent    Left  Speed\n\r  0     0    0     0    0     0      0      0 --:--:-- --:--:-- --:--:--     0\r100     3  100     3    0     0   3708      0 --:--:-- --:--:-- --:--:--  3000\n","stdout":""}}

2016-09-29T19:57:17.096708+00:00 05bf1627-ae2f-400c-b1ce-31973a9ff23f - - - [NXLOG@14506 bosh_deployment="cf-warden" bosh_job_name="uaa_z1" bosh_job_index="0" filename="/var/vcap/data/sys/log/route_registrar/route_registrar.stdout.log"] {"timestamp":"1475179030.820249081","source":"Route Registrar","message":"Route Registrar.healthchecker returned healthy for route","log_level":1,"data":{"route":{"Name":"uaa","Port":8080,"Tags":{"component":"uaa"},"URIs":["uaa.bosh-lite.com","*.uaa.bosh-lite.com","login.bosh-lite.com","*.login.bosh-lite.com"],"RouteServiceUrl":"","RegistrationInterval":4000000000,"HealthCheck":{"Name":"uaa-healthcheck","ScriptPath":"/var/vcap/jobs/uaa/bin/health_check","Timeout":2000000000}}}}

2016-09-29T19:57:17.096745+00:00 05bf1627-ae2f-400c-b1ce-31973a9ff23f - - - [NXLOG@14506 bosh_deployment="cf-warden" bosh_job_name="uaa_z1" bosh_job_index="0" filename="/var/vcap/data/sys/log/route_registrar/route_registrar.stdout.log"] {"timestamp":"1475179030.820276022","source":"Route Registrar","message":"Route Registrar.Registering route","log_level":1,"data":{"route":{"Name":"uaa","Port":8080,"Tags":{"component":"uaa"},"URIs":["uaa.bosh-lite.com","*.uaa.bosh-lite.com","login.bosh-lite.com","*.login.bosh-lite.com"],"RouteServiceUrl":"","RegistrationInterval":4000000000,"HealthCheck":{"Name":"uaa-healthcheck","ScriptPath":"/var/vcap/jobs/uaa/bin/health_check","Timeout":2000000000}}}}

2016-09-29T19:57:17.096783+00:00 05bf1627-ae2f-400c-b1ce-31973a9ff23f - - - [NXLOG@14506 bosh_deployment="cf-warden" bosh_job_name="uaa_z1" bosh_job_index="0" filename="/var/vcap/data/sys/log/route_registrar/route_registrar.stdout.log"] {"timestamp":"1475179030.820353270","source":"Route Registrar","message":"Route Registrar.Registered routes successfully","log_level":1,"data":{}}

2016-09-29T19:57:17.096820+00:00 05bf1627-ae2f-400c-b1ce-31973a9ff23f - - - [NXLOG@14506 bosh_deployment="cf-warden" bosh_job_name="uaa_z1" bosh_job_index="0" filename="/var/vcap/data/sys/log/route_registrar/route_registrar.stdout.log"] {"timestamp":"1475179034.808224916","source":"Route Registrar","message":"Route Registrar.Executing script","log_level":1,"data":{"scriptPath":"/var/vcap/jobs/uaa/bin/health_check"}}

2016-09-29T19:57:17.096855+00:00 05bf1627-ae2f-400c-b1ce-31973a9ff23f - - - [NXLOG@14506 bosh_deployment="cf-warden" bosh_job_name="uaa_z1" bosh_job_index="0" filename="/var/vcap/data/sys/log/route_registrar/route_registrar.stdout.log"] {"timestamp":"1475179034.822038889","source":"Route Registrar","message":"Route Registrar.Script exited without error","log_level":1,"data":{"script":"/var/vcap/jobs/uaa/bin/health_check","stderr":"  % Total    % Received % Xferd  Average Speed   Time    Time     Time  Current\n                                 Dload  Upload   Total   Spent    Left  Speed\n\r  0     0    0     0    0     0      0      0 --:--:-- --:--:-- --:--:--     0\r100     3  100     3    0     0   1135      0 --:--:-- --:--:-- --:--:--  3000\n","stdout":""}}

2016-09-29T19:57:17.096894+00:00 05bf1627-ae2f-400c-b1ce-31973a9ff23f - - - [NXLOG@14506 bosh_deployment="cf-warden" bosh_job_name="uaa_z1" bosh_job_index="0" filename="/var/vcap/data/sys/log/route_registrar/route_registrar.stdout.log"] {"timestamp":"1475179034.822108984","source":"Route Registrar","message":"Route Registrar.healthchecker returned healthy for route","log_level":1,"data":{"route":{"Name":"uaa","Port":8080,"Tags":{"component":"uaa"},"URIs":["uaa.bosh-lite.com","*.uaa.bosh-lite.com","login.bosh-lite.com","*.login.bosh-lite.com"],"RouteServiceUrl":"","RegistrationInterval":4000000000,"HealthCheck":{"Name":"uaa-healthcheck","ScriptPath":"/var/vcap/jobs/uaa/bin/health_check","Timeout":2000000000}}}}

2016-09-29T19:57:17.096931+00:00 05bf1627-ae2f-400c-b1ce-31973a9ff23f - - - [NXLOG@14506 bosh_deployment="cf-warden" bosh_job_name="uaa_z1" bosh_job_index="0" filename="/var/vcap/data/sys/log/route_registrar/route_registrar.stdout.log"] {"timestamp":"1475179034.822138786","source":"Route Registrar","message":"Route Registrar.Registering route","log_level":1,"data":{"route":{"Name":"uaa","Port":8080,"Tags":{"component":"uaa"},"URIs":["uaa.bosh-lite.com","*.uaa.bosh-lite.com","login.bosh-lite.com","*.login.bosh-lite.com"],"RouteServiceUrl":"","RegistrationInterval":4000000000,"HealthCheck":{"Name":"uaa-healthcheck","ScriptPath":"/var/vcap/jobs/uaa/bin/health_check","Timeout":2000000000}}}}

2016-09-29T19:57:17.097004+00:00 05bf1627-ae2f-400c-b1ce-31973a9ff23f - - - [NXLOG@14506 bosh_deployment="cf-warden" bosh_job_name="uaa_z1" bosh_job_index="0" filename="/var/vcap/data/sys/log/route_registrar/route_registrar.stdout.log"] {"timestamp":"1475179034.822205067","source":"Route Registrar","message":"Route Registrar.Registered routes successfully","log_level":1,"data":{}}

2016-09-29T19:57:17.097065+00:00 05bf1627-ae2f-400c-b1ce-31973a9ff23f - - - [NXLOG@14506 bosh_deployment="cf-warden" bosh_job_name="uaa_z1" bosh_job_index="0" filename="/var/vcap/data/sys/log/uaa/uaa.log"] [2016-09-29 19:57:10.520] uaa - 19013 [http-nio-127.0.0.1-8989-exec-10] .... DEBUG --- AntPathRequestMatcher: Checking match of request : '/healthz'; against '/resources/**'

2016-09-29T19:57:17.097098+00:00 05bf1627-ae2f-400c-b1ce-31973a9ff23f - - - [NXLOG@14506 bosh_deployment="cf-warden" bosh_job_name="uaa_z1" bosh_job_index="0" filename="/var/vcap/data/sys/log/uaa/uaa.log"] [2016-09-29 19:57:10.520] uaa - 19013 [http-nio-127.0.0.1-8989-exec-10] .... DEBUG --- AntPathRequestMatcher: Checking match of request : '/healthz'; against '/square-logo.png'

2016-09-29T19:57:17.097167+00:00 05bf1627-ae2f-400c-b1ce-31973a9ff23f - - - [NXLOG@14506 bosh_deployment="cf-warden" bosh_job_name="uaa_z1" bosh_job_index="0" filename="/var/vcap/data/sys/log/uaa/uaa.log"] [2016-09-29 19:57:10.520] uaa - 19013 [http-nio-127.0.0.1-8989-exec-10] .... DEBUG --- AntPathRequestMatcher: Checking match of request : '/healthz'; against '/info'

2016-09-29T19:57:17.097197+00:00 05bf1627-ae2f-400c-b1ce-31973a9ff23f - - - [NXLOG@14506 bosh_deployment="cf-warden" bosh_job_name="uaa_z1" bosh_job_index="0" filename="/var/vcap/data/sys/log/uaa/uaa.log"] [2016-09-29 19:57:10.520] uaa - 19013 [http-nio-127.0.0.1-8989-exec-10] .... DEBUG --- AntPathRequestMatcher: Checking match of request : '/healthz'; against '/password/**'

2016-09-29T19:57:17.097214+00:00 05bf1627-ae2f-400c-b1ce-31973a9ff23f - - - [NXLOG@14506 bosh_deployment="cf-warden" bosh_job_name="uaa_z1" bosh_job_index="0" filename="/var/vcap/data/sys/log/uaa/uaa.log"] [2016-09-29 19:57:10.520] uaa - 19013 [http-nio-127.0.0.1-8989-exec-10] .... DEBUG --- AntPathRequestMatcher: Checking match of request : '/healthz'; against '/healthz/**'

2016-09-29T19:57:17.097230+00:00 05bf1627-ae2f-400c-b1ce-31973a9ff23f - - - [NXLOG@14506 bosh_deployment="cf-warden" bosh_job_name="uaa_z1" bosh_job_index="0" filename="/var/vcap/data/sys/log/uaa/uaa.log"] [2016-09-29 19:57:10.520] uaa - 19013 [http-nio-127.0.0.1-8989-exec-10] .... DEBUG --- FilterChainProxy: /healthz has an empty filter list

2016-09-29T19:57:17.097245+00:00 05bf1627-ae2f-400c-b1ce-31973a9ff23f - - - [NXLOG@14506 bosh_deployment="cf-warden" bosh_job_name="uaa_z1" bosh_job_index="0" filename="/var/vcap/data/sys/log/uaa/uaa.log"] [2016-09-29 19:57:10.520] uaa - 19013 [http-nio-127.0.0.1-8989-exec-10] .... DEBUG --- DispatcherServlet: DispatcherServlet with name 'spring' processing GET request for [/healthz]

2016-09-29T19:57:17.097290+00:00 05bf1627-ae2f-400c-b1ce-31973a9ff23f - - - [NXLOG@14506 bosh_deployment="cf-warden" bosh_job_name="uaa_z1" bosh_job_index="0" filename="/var/vcap/data/sys/log/uaa/uaa.log"] [2016-09-29 19:57:10.520] uaa - 19013 [http-nio-127.0.0.1-8989-exec-10] .... DEBUG --- DispatcherServlet: Last-Modified value for [/healthz] is: -1

2016-09-29T19:57:17.097321+00:00 05bf1627-ae2f-400c-b1ce-31973a9ff23f - - - [NXLOG@14506 bosh_deployment="cf-warden" bosh_job_name="uaa_z1" bosh_job_index="0" filename="/var/vcap/data/sys/log/uaa/uaa.log"] [2016-09-29 19:57:10.520] uaa - 19013 [http-nio-127.0.0.1-8989-exec-10] .... DEBUG --- RequestResponseBodyMethodProcessor: Written [ok

2016-09-29T19:57:17.097338+00:00 05bf1627-ae2f-400c-b1ce-31973a9ff23f - - - [NXLOG@14506 bosh_deployment="cf-warden" bosh_job_name="uaa_z1" bosh_job_index="0" filename="/var/vcap/data/sys/log/uaa/uaa.log"] ] as "text/plain;charset=ISO-8859-1" using [org.springframework.http.converter.StringHttpMessageConverter@178b2baf]

2016-09-29T19:57:17.097354+00:00 05bf1627-ae2f-400c-b1ce-31973a9ff23f - - - [NXLOG@14506 bosh_deployment="cf-warden" bosh_job_name="uaa_z1" bosh_job_index="0" filename="/var/vcap/data/sys/log/uaa/uaa.log"] [2016-09-29 19:57:10.520] uaa - 19013 [http-nio-127.0.0.1-8989-exec-10] .... DEBUG --- DispatcherServlet: Null ModelAndView returned to DispatcherServlet with name 'spring': assuming HandlerAdapter completed request handling

2016-09-29T19:57:17.097383+00:00 05bf1627-ae2f-400c-b1ce-31973a9ff23f - - - [NXLOG@14506 bosh_deployment="cf-warden" bosh_job_name="uaa_z1" bosh_job_index="0" filename="/var/vcap/data/sys/log/uaa/uaa.log"] [2016-09-29 19:57:10.520] uaa - 19013 [http-nio-127.0.0.1-8989-exec-10] .... DEBUG --- DispatcherServlet: Successfully completed request

2016-09-29T19:57:17.097401+00:00 05bf1627-ae2f-400c-b1ce-31973a9ff23f - - - [NXLOG@14506 bosh_deployment="cf-warden" bosh_job_name="uaa_z1" bosh_job_index="0" filename="/var/vcap/data/sys/log/uaa/uaa.log"] [2016-09-29 19:57:10.818] uaa - 19013 [http-nio-127.0.0.1-8989-exec-4] .... DEBUG --- AntPathRequestMatcher: Checking match of request : '/healthz'; against '/resources/**'

2016-09-29T19:57:17.097423+00:00 05bf1627-ae2f-400c-b1ce-31973a9ff23f - - - [NXLOG@14506 bosh_deployment="cf-warden" bosh_job_name="uaa_z1" bosh_job_index="0" filename="/var/vcap/data/sys/log/uaa/uaa.log"] [2016-09-29 19:57:10.818] uaa - 19013 [http-nio-127.0.0.1-8989-exec-4] .... DEBUG --- AntPathRequestMatcher: Checking match of request : '/healthz'; against '/square-logo.png'

2016-09-29T19:57:17.097478+00:00 05bf1627-ae2f-400c-b1ce-31973a9ff23f - - - [NXLOG@14506 bosh_deployment="cf-warden" bosh_job_name="uaa_z1" bosh_job_index="0" filename="/var/vcap/data/sys/log/uaa/uaa.log"] [2016-09-29 19:57:10.818] uaa - 19013 [http-nio-127.0.0.1-8989-exec-4] .... DEBUG --- AntPathRequestMatcher: Checking match of request : '/healthz'; against '/info'

2016-09-29T19:57:17.097499+00:00 05bf1627-ae2f-400c-b1ce-31973a9ff23f - - - [NXLOG@14506 bosh_deployment="cf-warden" bosh_job_name="uaa_z1" bosh_job_index="0" filename="/var/vcap/data/sys/log/uaa/uaa.log"] [2016-09-29 19:57:10.818] uaa - 19013 [http-nio-127.0.0.1-8989-exec-4] .... DEBUG --- AntPathRequestMatcher: Checking match of request : '/healthz'; against '/password/**'

2016-09-29T19:57:17.097581+00:00 05bf1627-ae2f-400c-b1ce-31973a9ff23f - - - [NXLOG@14506 bosh_deployment="cf-warden" bosh_job_name="uaa_z1" bosh_job_index="0" filename="/var/vcap/data/sys/log/uaa/uaa.log"] [2016-09-29 19:57:10.818] uaa - 19013 [http-nio-127.0.0.1-8989-exec-4] .... DEBUG --- AntPathRequestMatcher: Checking match of request : '/healthz'; against '/healthz/**'

2016-09-29T19:57:17.097610+00:00 05bf1627-ae2f-400c-b1ce-31973a9ff23f - - - [NXLOG@14506 bosh_deployment="cf-warden" bosh_job_name="uaa_z1" bosh_job_index="0" filename="/var/vcap/data/sys/log/uaa/uaa.log"] [2016-09-29 19:57:10.818] uaa - 19013 [http-nio-127.0.0.1-8989-exec-4] .... DEBUG --- FilterChainProxy: /healthz has an empty filter list

2016-09-29T19:57:17.097625+00:00 05bf1627-ae2f-400c-b1ce-31973a9ff23f - - - [NXLOG@14506 bosh_deployment="cf-warden" bosh_job_name="uaa_z1" bosh_job_index="0" filename="/var/vcap/data/sys/log/uaa/uaa.log"] [2016-09-29 19:57:10.818] uaa - 19013 [http-nio-127.0.0.1-8989-exec-4] .... DEBUG --- DispatcherServlet: DispatcherServlet with name 'spring' processing GET request for [/healthz]

2016-09-29T19:57:17.098313+00:00 b0fa19c0-86de-4447-a670-3f7adbd0b3c1 - - - [NXLOG@14506 bosh_deployment="cf-warden" bosh_job_name="api_z1" bosh_job_index="0" filename="/var/vcap/data/sys/log/cloud_controller_worker/cloud_controller_worker.log"] {"timestamp":1475179030.3624208,"message":"(0.000544s) SELECT * FROM \"delayed_jobs\" WHERE ((((\"run_at\" <= '2016-09-29 19:57:10.361320+0000') AND (\"locked_at\" IS NULL)) OR (\"locked_by\" = 'cc_global_worker.api_z1.0.1')) AND (\"failed_at\" IS NULL) AND (\"queue\" IN ('cc-generic'))) ORDER BY \"priority\" ASC, \"run_at\" ASC LIMIT 5","log_level":"debug2","source":"cc.background","data":{},"thread_id":47193737007380,"fiber_id":47193773841900,"process_id":15807,"file":"/var/vcap/packages/cloud_controller_ng/cloud_controller_ng/vendor/bundle/ruby/2.3.0/gems/sequel-4.29.0/lib/sequel/database/logging.rb","lineno":70,"method":"block in log_each"}

2016-09-29T19:57:17.098375+00:00 b0fa19c0-86de-4447-a670-3f7adbd0b3c1 - - - [NXLOG@14506 bosh_deployment="cf-warden" bosh_job_name="api_z1" bosh_job_index="0" filename="/var/vcap/data/sys/log/cloud_controller_worker/cloud_controller_worker.log"] {"timestamp":1475179035.3830986,"message":"(0.000624s) SELECT * FROM \"delayed_jobs\" WHERE ((((\"run_at\" <= '2016-09-29 19:57:15.381068+0000') AND (\"locked_at\" IS NULL)) OR (\"locked_by\" = 'cc_global_worker.api_z1.0.1')) AND (\"failed_at\" IS NULL) AND (\"queue\" IN ('cc-generic'))) ORDER BY \"priority\" ASC, \"run_at\" ASC LIMIT 5","log_level":"debug2","source":"cc.background","data":{},"thread_id":47193737007380,"fiber_id":47193773841900,"process_id":15807,"file":"/var/vcap/packages/cloud_controller_ng/cloud_controller_ng/vendor/bundle/ruby/2.3.0/gems/sequel-4.29.0/lib/sequel/database/logging.rb","lineno":70,"method":"block in log_each"}

2016-09-29T19:57:17.098411+00:00 b0fa19c0-86de-4447-a670-3f7adbd0b3c1 - - - [NXLOG@14506 bosh_deployment="cf-warden" bosh_job_name="api_z1" bosh_job_index="0" filename="/var/vcap/data/sys/log/nginx_cc/nginx.access.log"] api.bosh-lite.com - [29/Sep/2016:19:57:15 +0000] "GET /v2/syslog_drain_urls?batch_size=1000 HTTP/1.1" 200 326 "-" "Go-http-client/1.1" 10.244.0.146, 10.244.0.34, 10.244.0.22 vcap_request_id:28705f60-7572-44d1-463e-583ac48ea518::ed276311-f344-43a7-b394-bca14ddd91ca response_time:0.005

2016-09-29T19:57:17.098444+00:00 b0fa19c0-86de-4447-a670-3f7adbd0b3c1 - - - [NXLOG@14506 bosh_deployment="cf-warden" bosh_job_name="api_z1" bosh_job_index="0" filename="/var/vcap/data/sys/log/nginx_cc/nginx.access.log"] 10.244.0.138 - [29/Sep/2016:19:57:16 +0000] "GET /v2/info HTTP/1.1" 200 802 "-" "monit/5.2.5" 10.244.0.138 vcap_request_id:58f3920e-8bdf-4b05-8ac7-82e12aa7d93c response_time:0.004

2016-09-29T19:57:17.098608+00:00 b0fa19c0-86de-4447-a670-3f7adbd0b3c1 - - - [NXLOG@14506 bosh_deployment="cf-warden" bosh_job_name="api_z1" bosh_job_index="0" filename="/var/vcap/data/sys/log/cloud_controller_ng/cloud_controller_ng.log"] {"timestamp":1475179030.411724,"message":"(0.000590s) SELECT * FROM \"delayed_jobs\" WHERE ((((\"run_at\" <= '2016-09-29 19:57:10.410702+0000') AND (\"locked_at\" IS NULL)) OR (\"locked_by\" = 'cc_api_worker.api_z1.0.2')) AND (\"failed_at\" IS NULL) AND (\"queue\" IN ('cc-api_z1-0'))) ORDER BY \"priority\" ASC, \"run_at\" ASC LIMIT 5","log_level":"debug2","source":"cc.background","data":{},"thread_id":47118928261380,"fiber_id":47118965175380,"process_id":15629,"file":"/var/vcap/packages/cloud_controller_ng/cloud_controller_ng/vendor/bundle/ruby/2.3.0/gems/sequel-4.29.0/lib/sequel/database/logging.rb","lineno":70,"method":"block in log_each"}

2016-09-29T19:57:17.097654+00:00 05bf1627-ae2f-400c-b1ce-31973a9ff23f - - - [NXLOG@14506 bosh_deployment="cf-warden" bosh_job_name="uaa_z1" bosh_job_index="0" filename="/var/vcap/data/sys/log/uaa/uaa.log"] [2016-09-29 19:57:10.818] uaa - 19013 [http-nio-127.0.0.1-8989-exec-4] .... DEBUG --- DispatcherServlet: Last-Modified value for [/healthz] is: -1

2016-09-29T19:57:17.097671+00:00 05bf1627-ae2f-400c-b1ce-31973a9ff23f - - - [NXLOG@14506 bosh_deployment="cf-warden" bosh_job_name="uaa_z1" bosh_job_index="0" filename="/var/vcap/data/sys/log/uaa/uaa.log"] [2016-09-29 19:57:10.818] uaa - 19013 [http-nio-127.0.0.1-8989-exec-4] .... DEBUG --- RequestResponseBodyMethodProcessor: Written [ok

2016-09-29T19:57:17.097685+00:00 05bf1627-ae2f-400c-b1ce-31973a9ff23f - - - [NXLOG@14506 bosh_deployment="cf-warden" bosh_job_name="uaa_z1" bosh_job_index="0" filename="/var/vcap/data/sys/log/uaa/uaa.log"] ] as "text/plain;charset=ISO-8859-1" using [org.springframework.http.converter.StringHttpMessageConverter@178b2baf]

2016-09-29T19:57:17.097700+00:00 05bf1627-ae2f-400c-b1ce-31973a9ff23f - - - [NXLOG@14506 bosh_deployment="cf-warden" bosh_job_name="uaa_z1" bosh_job_index="0" filename="/var/vcap/data/sys/log/uaa/uaa.log"] [2016-09-29 19:57:10.818] uaa - 19013 [http-nio-127.0.0.1-8989-exec-4] .... DEBUG --- DispatcherServlet: Null ModelAndView returned to DispatcherServlet with name 'spring': assuming HandlerAdapter completed request handling

2016-09-29T19:57:17.097725+00:00 05bf1627-ae2f-400c-b1ce-31973a9ff23f - - - [NXLOG@14506 bosh_deployment="cf-warden" bosh_job_name="uaa_z1" bosh_job_index="0" filename="/var/vcap/data/sys/log/uaa/uaa.log"] [2016-09-29 19:57:10.818] uaa - 19013 [http-nio-127.0.0.1-8989-exec-4] .... DEBUG --- DispatcherServlet: Successfully completed request

2016-09-29T19:57:17.097741+00:00 05bf1627-ae2f-400c-b1ce-31973a9ff23f - - - [NXLOG@14506 bosh_deployment="cf-warden" bosh_job_name="uaa_z1" bosh_job_index="0" filename="/var/vcap/data/sys/log/uaa/uaa.log"] [2016-09-29 19:57:11.156] uaa - 19013 [pool-2-thread-1] .... DEBUG --- JdbcTemplate: Executing SQL query [select count(*) from oauth_client_details]

2016-09-29T19:57:17.097756+00:00 05bf1627-ae2f-400c-b1ce-31973a9ff23f - - - [NXLOG@14506 bosh_deployment="cf-warden" bosh_job_name="uaa_z1" bosh_job_index="0" filename="/var/vcap/data/sys/log/uaa/uaa.log"] [2016-09-29 19:57:11.157] uaa - 19013 [pool-2-thread-1] .... DEBUG --- JdbcTemplate: Executing SQL query [select count(*) from users]

2016-09-29T19:57:17.097771+00:00 05bf1627-ae2f-400c-b1ce-31973a9ff23f - - - [NXLOG@14506 bosh_deployment="cf-warden" bosh_job_name="uaa_z1" bosh_job_index="0" filename="/var/vcap/data/sys/log/uaa/uaa.log"] [2016-09-29 19:57:14.820] uaa - 19013 [http-nio-127.0.0.1-8989-exec-2] .... DEBUG --- AntPathRequestMatcher: Checking match of request : '/healthz'; against '/resources/**'

2016-09-29T19:57:17.097797+00:00 05bf1627-ae2f-400c-b1ce-31973a9ff23f - - - [NXLOG@14506 bosh_deployment="cf-warden" bosh_job_name="uaa_z1" bosh_job_index="0" filename="/var/vcap/data/sys/log/uaa/uaa.log"] [2016-09-29 19:57:14.820] uaa - 19013 [http-nio-127.0.0.1-8989-exec-2] .... DEBUG --- AntPathRequestMatcher: Checking match of request : '/healthz'; against '/square-logo.png'

2016-09-29T19:57:17.097813+00:00 05bf1627-ae2f-400c-b1ce-31973a9ff23f - - - [NXLOG@14506 bosh_deployment="cf-warden" bosh_job_name="uaa_z1" bosh_job_index="0" filename="/var/vcap/data/sys/log/uaa/uaa.log"] [2016-09-29 19:57:14.820] uaa - 19013 [http-nio-127.0.0.1-8989-exec-2] .... DEBUG --- AntPathRequestMatcher: Checking match of request : '/healthz'; against '/info'

2016-09-29T19:57:17.097828+00:00 05bf1627-ae2f-400c-b1ce-31973a9ff23f - - - [NXLOG@14506 bosh_deployment="cf-warden" bosh_job_name="uaa_z1" bosh_job_index="0" filename="/var/vcap/data/sys/log/uaa/uaa.log"] [2016-09-29 19:57:14.820] uaa - 19013 [http-nio-127.0.0.1-8989-exec-2] .... DEBUG --- AntPathRequestMatcher: Checking match of request : '/healthz'; against '/password/**'

2016-09-29T19:57:17.097844+00:00 05bf1627-ae2f-400c-b1ce-31973a9ff23f - - - [NXLOG@14506 bosh_deployment="cf-warden" bosh_job_name="uaa_z1" bosh_job_index="0" filename="/var/vcap/data/sys/log/uaa/uaa.log"] [2016-09-29 19:57:14.820] uaa - 19013 [http-nio-127.0.0.1-8989-exec-2] .... DEBUG --- AntPathRequestMatcher: Checking match of request : '/healthz'; against '/healthz/**'

2016-09-29T19:57:17.097869+00:00 05bf1627-ae2f-400c-b1ce-31973a9ff23f - - - [NXLOG@14506 bosh_deployment="cf-warden" bosh_job_name="uaa_z1" bosh_job_index="0" filename="/var/vcap/data/sys/log/uaa/uaa.log"] [2016-09-29 19:57:14.820] uaa - 19013 [http-nio-127.0.0.1-8989-exec-2] .... DEBUG --- FilterChainProxy: /healthz has an empty filter list

2016-09-29T19:57:17.097886+00:00 05bf1627-ae2f-400c-b1ce-31973a9ff23f - - - [NXLOG@14506 bosh_deployment="cf-warden" bosh_job_name="uaa_z1" bosh_job_index="0" filename="/var/vcap/data/sys/log/uaa/uaa.log"] [2016-09-29 19:57:14.820] uaa - 19013 [http-nio-127.0.0.1-8989-exec-2] .... DEBUG --- DispatcherServlet: DispatcherServlet with name 'spring' processing GET request for [/healthz]

2016-09-29T19:57:17.097901+00:00 05bf1627-ae2f-400c-b1ce-31973a9ff23f - - - [NXLOG@14506 bosh_deployment="cf-warden" bosh_job_name="uaa_z1" bosh_job_index="0" filename="/var/vcap/data/sys/log/uaa/uaa.log"] [2016-09-29 19:57:14.820] uaa - 19013 [http-nio-127.0.0.1-8989-exec-2] .... DEBUG --- DispatcherServlet: Last-Modified value for [/healthz] is: -1

2016-09-29T19:57:17.097935+00:00 05bf1627-ae2f-400c-b1ce-31973a9ff23f - - - [NXLOG@14506 bosh_deployment="cf-warden" bosh_job_name="uaa_z1" bosh_job_index="0" filename="/var/vcap/data/sys/log/uaa/uaa.log"] [2016-09-29 19:57:14.820] uaa - 19013 [http-nio-127.0.0.1-8989-exec-2] .... DEBUG --- RequestResponseBodyMethodProcessor: Written [ok

2016-09-29T19:57:17.097981+00:00 05bf1627-ae2f-400c-b1ce-31973a9ff23f - - - [NXLOG@14506 bosh_deployment="cf-warden" bosh_job_name="uaa_z1" bosh_job_index="0" filename="/var/vcap/data/sys/log/uaa/uaa.log"] ] as "text/plain;charset=ISO-8859-1" using [org.springframework.http.converter.StringHttpMessageConverter@178b2baf]

2016-09-29T19:57:17.098000+00:00 05bf1627-ae2f-400c-b1ce-31973a9ff23f - - - [NXLOG@14506 bosh_deployment="cf-warden" bosh_job_name="uaa_z1" bosh_job_index="0" filename="/var/vcap/data/sys/log/uaa/uaa.log"] [2016-09-29 19:57:14.820] uaa - 19013 [http-nio-127.0.0.1-8989-exec-2] .... DEBUG --- DispatcherServlet: Null ModelAndView returned to DispatcherServlet with name 'spring': assuming HandlerAdapter completed request handling

2016-09-29T19:57:17.098015+00:00 05bf1627-ae2f-400c-b1ce-31973a9ff23f - - - [NXLOG@14506 bosh_deployment="cf-warden" bosh_job_name="uaa_z1" bosh_job_index="0" filename="/var/vcap/data/sys/log/uaa/uaa.log"] [2016-09-29 19:57:14.820] uaa - 19013 [http-nio-127.0.0.1-8989-exec-2] .... DEBUG --- DispatcherServlet: Successfully completed request

2016-09-29T19:57:17.098042+00:00 05bf1627-ae2f-400c-b1ce-31973a9ff23f - - - [NXLOG@14506 bosh_deployment="cf-warden" bosh_job_name="uaa_z1" bosh_job_index="0" filename="/var/vcap/data/sys/log/uaa/uaa.log"] [2016-09-29 19:57:16.156] uaa - 19013 [pool-2-thread-1] .... DEBUG --- JdbcTemplate: Executing SQL query [select count(*) from oauth_client_details]

2016-09-29T19:57:17.098074+00:00 05bf1627-ae2f-400c-b1ce-31973a9ff23f - - - [NXLOG@14506 bosh_deployment="cf-warden" bosh_job_name="uaa_z1" bosh_job_index="0" filename="/var/vcap/data/sys/log/uaa/uaa.log"] [2016-09-29 19:57:16.161] uaa - 19013 [pool-2-thread-1] .... DEBUG --- JdbcTemplate: Executing SQL query [select count(*) from users]

2016-09-29T19:57:17.098729+00:00 b0fa19c0-86de-4447-a670-3f7adbd0b3c1 - - - [NXLOG@14506 bosh_deployment="cf-warden" bosh_job_name="api_z1" bosh_job_index="0" filename="/var/vcap/data/sys/log/cloud_controller_ng/cloud_controller_ng.log"] {"timestamp":1475179031.8162138,"message":"(0.000699s) SELECT * FROM \"delayed_jobs\" WHERE ((((\"run_at\" <= '2016-09-29 19:57:11.815016+0000') AND (\"locked_at\" IS NULL)) OR (\"locked_by\" = 'cc_api_worker.api_z1.0.1')) AND (\"failed_at\" IS NULL) AND (\"queue\" IN ('cc-api_z1-0'))) ORDER BY \"priority\" ASC, \"run_at\" ASC LIMIT 5","log_level":"debug2","source":"cc.background","data":{},"thread_id":47452862460180,"fiber_id":47452899698480,"process_id":15587,"file":"/var/vcap/packages/cloud_controller_ng/cloud_controller_ng/vendor/bundle/ruby/2.3.0/gems/sequel-4.29.0/lib/sequel/database/logging.rb","lineno":70,"method":"block in log_each"}

2016-09-29T19:57:17.098951+00:00 b0fa19c0-86de-4447-a670-3f7adbd0b3c1 - - - [NXLOG@14506 bosh_deployment="cf-warden" bosh_job_name="api_z1" bosh_job_index="0" filename="/var/vcap/data/sys/log/cloud_controller_ng/cloud_controller_ng.log"] {"timestamp":1475179035.4306755,"message":"(0.000716s) SELECT * FROM \"delayed_jobs\" WHERE ((((\"run_at\" <= '2016-09-29 19:57:15.429458+0000') AND (\"locked_at\" IS NULL)) OR (\"locked_by\" = 'cc_api_worker.api_z1.0.2')) AND (\"failed_at\" IS NULL) AND (\"queue\" IN ('cc-api_z1-0'))) ORDER BY \"priority\" ASC, \"run_at\" ASC LIMIT 5","log_level":"debug2","source":"cc.background","data":{},"thread_id":47118928261380,"fiber_id":47118965175380,"process_id":15629,"file":"/var/vcap/packages/cloud_controller_ng/cloud_controller_ng/vendor/bundle/ruby/2.3.0/gems/sequel-4.29.0/lib/sequel/database/logging.rb","lineno":70,"method":"block in log_each"}

2016-09-29T19:57:17.098998+00:00 b0fa19c0-86de-4447-a670-3f7adbd0b3c1 - - - [NXLOG@14506 bosh_deployment="cf-warden" bosh_job_name="api_z1" bosh_job_index="0" filename="/var/vcap/data/sys/log/cloud_controller_ng/cloud_controller_ng.log"] {"timestamp":1475179035.9093807,"message":"Statsd: cc.requests.outstanding:1|c","log_level":"debug","source":"statsd.client","data":{},"thread_id":47062185510880,"fiber_id":47062184711880,"process_id":15535,"file":"/var/vcap/packages/cloud_controller_ng/cloud_controller_ng/vendor/bundle/ruby/2.3.0/gems/statsd-ruby-1.2.1/lib/statsd.rb","lineno":254,"method":"send_to_socket"}

2016-09-29T19:57:17.099031+00:00 b0fa19c0-86de-4447-a670-3f7adbd0b3c1 - - - [NXLOG@14506 bosh_deployment="cf-warden" bosh_job_name="api_z1" bosh_job_index="0" filename="/var/vcap/data/sys/log/cloud_controller_ng/cloud_controller_ng.log"] {"timestamp":1475179035.9101408,"message":"Started GET \"/v2/syslog_drain_urls?batch_size=1000\" for user: , ip: 127.0.0.1 with vcap-request-id: 28705f60-7572-44d1-463e-583ac48ea518::ed276311-f344-43a7-b394-bca14ddd91ca at 2016-09-29 19:57:15 UTC","log_level":"info","source":"cc.api","data":{},"thread_id":47062185510880,"fiber_id":47062184711880,"process_id":15535,"file":"/var/vcap/packages/cloud_controller_ng/cloud_controller_ng/middleware/request_logs.rb","lineno":12,"method":"call"}

2016-09-29T19:57:17.099073+00:00 b0fa19c0-86de-4447-a670-3f7adbd0b3c1 - - - [NXLOG@14506 bosh_deployment="cf-warden" bosh_job_name="api_z1" bosh_job_index="0" filename="/var/vcap/data/sys/log/cloud_controller_ng/cloud_controller_ng.log"] {"timestamp":1475179035.9108346,"message":"dispatch VCAP::CloudController::SyslogDrainUrlsController get /v2/syslog_drain_urls","log_level":"debug","source":"cc.api","data":{"request_guid":"28705f60-7572-44d1-463e-583ac48ea518::ed276311-f344-43a7-b394-bca14ddd91ca"},"thread_id":47062185510880,"fiber_id":47062184711880,"process_id":15535,"file":"/var/vcap/data/packages/cloud_controller_ng/f87cb49aa2cd87792cb9c2211a79e1542502be4d.1-b1a5f3c830cb6c32ae9e685628b24aa967f5ae54/cloud_controller_ng/lib/cloud_controller/rest_controller/routes.rb","lineno":12,"method":"block in define_route"}

2016-09-29T19:57:17.099104+00:00 b0fa19c0-86de-4447-a670-3f7adbd0b3c1 - - - [NXLOG@14506 bosh_deployment="cf-warden" bosh_job_name="api_z1" bosh_job_index="0" filename="/var/vcap/data/sys/log/cloud_controller_ng/cloud_controller_ng.log"] {"timestamp":1475179035.9110236,"message":"parse_params: {\"batch_size\"=>\"1000\"} batch_size=1000","log_level":"debug","source":"cc.api","data":{"request_guid":"28705f60-7572-44d1-463e-583ac48ea518::ed276311-f344-43a7-b394-bca14ddd91ca"},"thread_id":47062185510880,"fiber_id":47062184711880,"process_id":15535,"file":"/var/vcap/data/packages/cloud_controller_ng/f87cb49aa2cd87792cb9c2211a79e1542502be4d.1-b1a5f3c830cb6c32ae9e685628b24aa967f5ae54/cloud_controller_ng/lib/cloud_controller/rest_controller/common_params.rb","lineno":10,"method":"parse"}

2016-09-29T19:57:17.099135+00:00 b0fa19c0-86de-4447-a670-3f7adbd0b3c1 - - - [NXLOG@14506 bosh_deployment="cf-warden" bosh_job_name="api_z1" bosh_job_index="0" filename="/var/vcap/data/sys/log/cloud_controller_ng/cloud_controller_ng.log"] {"timestamp":1475179035.9112072,"message":"cc.dispatch","log_level":"debug","source":"cc.api","data":{"request_guid":"28705f60-7572-44d1-463e-583ac48ea518::ed276311-f344-43a7-b394-bca14ddd91ca","endpoint":"list","args":[]},"thread_id":47062185510880,"fiber_id":47062184711880,"process_id":15535,"file":"/var/vcap/data/packages/cloud_controller_ng/f87cb49aa2cd87792cb9c2211a79e1542502be4d.1-b1a5f3c830cb6c32ae9e685628b24aa967f5ae54/cloud_controller_ng/app/controllers/base/base_controller.rb","lineno":78,"method":"dispatch"}

2016-09-29T19:57:17.099177+00:00 b0fa19c0-86de-4447-a670-3f7adbd0b3c1 - - - [NXLOG@14506 bosh_deployment="cf-warden" bosh_job_name="api_z1" bosh_job_index="0" filename="/var/vcap/data/sys/log/cloud_controller_ng/cloud_controller_ng.log"] {"timestamp":1475179035.912847,"message":"(0.000850s) SELECT \"apps\".\"guid\", string_agg(\"service_bindings\".\"syslog_drain_url\", ',') AS \"syslog_drain_urls\" FROM \"apps\" INNER JOIN \"service_bindings\" ON (\"service_bindings\".\"app_id\" = \"apps\".\"id\") WHERE ((syslog_drain_url IS NOT NULL) AND (syslog_drain_url != '')) GROUP BY \"apps\".\"guid\" UNION ALL (SELECT \"apps_v3\".\"guid\", string_agg(\"v3_service_bindings\".\"syslog_drain_url\", ',') AS \"syslog_drain_urls\" FROM \"apps_v3\" INNER JOIN \"v3_service_bindings\" ON (\"v3_service_bindings\".\"app_id\" = \"apps_v3\".\"id\") WHERE ((syslog_drain_url IS NOT NULL) AND (syslog_drain_url != '')) GROUP BY \"apps_v3\".\"guid\") ORDER BY \"guid\" LIMIT 1000 OFFSET 0","log_level":"debug2","source":"cc.db","data":{"request_guid":"28705f60-7572-44d1-463e-583ac48ea518::ed276311-f344-43a7-b394-bca14ddd91ca"},"thread_id":47062185510880,"fiber_id":47062184711880,"process_id":15535,"file":"/var/vcap/packages/cloud_controller_ng/cloud_controller_ng/vendor/bundle/ruby/2.3.0/gems/sequel-4.29.0/lib/sequel/database/logging.rb","lineno":70,"method":"block in log_each"}

2016-09-29T19:57:17.099210+00:00 b0fa19c0-86de-4447-a670-3f7adbd0b3c1 - - - [NXLOG@14506 bosh_deployment="cf-warden" bosh_job_name="api_z1" bosh_job_index="0" filename="/var/vcap/data/sys/log/cloud_controller_ng/cloud_controller_ng.log"] {"timestamp":1475179035.9132156,"message":"Completed 200 vcap-request-id: 28705f60-7572-44d1-463e-583ac48ea518::ed276311-f344-43a7-b394-bca14ddd91ca","log_level":"info","source":"cc.api","data":{},"thread_id":47062185510880,"fiber_id":47062184711880,"process_id":15535,"file":"/var/vcap/packages/cloud_controller_ng/cloud_controller_ng/middleware/request_logs.rb","lineno":24,"method":"call"}

2016-09-29T19:57:17.099256+00:00 b0fa19c0-86de-4447-a670-3f7adbd0b3c1 - - - [NXLOG@14506 bosh_deployment="cf-warden" bosh_job_name="api_z1" bosh_job_index="0" filename="/var/vcap/data/sys/log/cloud_controller_ng/cloud_controller_ng.log"] {"timestamp":1475179035.9133945,"message":"Statsd: cc.requests.outstanding:-1|c\ncc.requests.completed:1|c\ncc.http_status.2XX:1|c","log_level":"debug","source":"statsd.client","data":{},"thread_id":47062185510880,"fiber_id":47062184711880,"process_id":15535,"file":"/var/vcap/packages/cloud_controller_ng/cloud_controller_ng/vendor/bundle/ruby/2.3.0/gems/statsd-ruby-1.2.1/lib/statsd.rb","lineno":254,"method":"send_to_socket"}

2016-09-29T19:57:17.099302+00:00 b0fa19c0-86de-4447-a670-3f7adbd0b3c1 - - - [NXLOG@14506 bosh_deployment="cf-warden" bosh_job_name="api_z1" bosh_job_index="0" filename="/var/vcap/data/sys/log/cloud_controller_ng/cloud_controller_ng.log"] {"timestamp":1475179036.8130815,"message":"Statsd: cc.requests.outstanding:1|c","log_level":"debug","source":"statsd.client","data":{},"thread_id":47062185508240,"fiber_id":47062157676460,"process_id":15535,"file":"/var/vcap/packages/cloud_controller_ng/cloud_controller_ng/vendor/bundle/ruby/2.3.0/gems/statsd-ruby-1.2.1/lib/statsd.rb","lineno":254,"method":"send_to_socket"}

2016-09-29T19:57:17.099380+00:00 b0fa19c0-86de-4447-a670-3f7adbd0b3c1 - - - [NXLOG@14506 bosh_deployment="cf-warden" bosh_job_name="api_z1" bosh_job_index="0" filename="/var/vcap/data/sys/log/cloud_controller_ng/cloud_controller_ng.log"] {"timestamp":1475179036.813629,"message":"Started GET \"/v2/info\" for user: , ip: 127.0.0.1 with vcap-request-id: 58f3920e-8bdf-4b05-8ac7-82e12aa7d93c at 2016-09-29 19:57:16 UTC","log_level":"info","source":"cc.api","data":{},"thread_id":47062185508240,"fiber_id":47062157676460,"process_id":15535,"file":"/var/vcap/packages/cloud_controller_ng/cloud_controller_ng/middleware/request_logs.rb","lineno":12,"method":"call"}

2016-09-29T19:57:17.099468+00:00 b0fa19c0-86de-4447-a670-3f7adbd0b3c1 - - - [NXLOG@14506 bosh_deployment="cf-warden" bosh_job_name="api_z1" bosh_job_index="0" filename="/var/vcap/data/sys/log/cloud_controller_ng/cloud_controller_ng.log"] {"timestamp":1475179036.8146882,"message":"dispatch VCAP::CloudController::InfoController get /v2/info","log_level":"debug","source":"cc.api","data":{"request_guid":"58f3920e-8bdf-4b05-8ac7-82e12aa7d93c"},"thread_id":47062185508240,"fiber_id":47062157676460,"process_id":15535,"file":"/var/vcap/data/packages/cloud_controller_ng/f87cb49aa2cd87792cb9c2211a79e1542502be4d.1-b1a5f3c830cb6c32ae9e685628b24aa967f5ae54/cloud_controller_ng/lib/cloud_controller/rest_controller/routes.rb","lineno":12,"method":"block in define_route"}

2016-09-29T19:57:17.099480+00:00 b0fa19c0-86de-4447-a670-3f7adbd0b3c1 - - - [NXLOG@14506 bosh_deployment="cf-warden" bosh_job_name="api_z1" bosh_job_index="0" filename="/var/vcap/data/sys/log/cloud_controller_ng/cloud_controller_ng.log"] {"timestamp":1475179036.8149188,"message":"parse_params: {} ","log_level":"debug","source":"cc.api","data":{"request_guid":"58f3920e-8bdf-4b05-8ac7-82e12aa7d93c"},"thread_id":47062185508240,"fiber_id":47062157676460,"process_id":15535,"file":"/var/vcap/data/packages/cloud_controller_ng/f87cb49aa2cd87792cb9c2211a79e1542502be4d.1-b1a5f3c830cb6c32ae9e685628b24aa967f5ae54/cloud_controller_ng/lib/cloud_controller/rest_controller/common_params.rb","lineno":10,"method":"parse"}

2016-09-29T19:57:17.099502+00:00 b0fa19c0-86de-4447-a670-3f7adbd0b3c1 - - - [NXLOG@14506 bosh_deployment="cf-warden" bosh_job_name="api_z1" bosh_job_index="0" filename="/var/vcap/data/sys/log/cloud_controller_ng/cloud_controller_ng.log"] {"timestamp":1475179036.815119,"message":"cc.dispatch","log_level":"debug","source":"cc.api","data":{"request_guid":"58f3920e-8bdf-4b05-8ac7-82e12aa7d93c","endpoint":"read","args":[]},"thread_id":47062185508240,"fiber_id":47062157676460,"process_id":15535,"file":"/var/vcap/data/packages/cloud_controller_ng/f87cb49aa2cd87792cb9c2211a79e1542502be4d.1-b1a5f3c830cb6c32ae9e685628b24aa967f5ae54/cloud_controller_ng/app/controllers/base/base_controller.rb","lineno":78,"method":"dispatch"}

2016-09-29T19:57:17.099513+00:00 b0fa19c0-86de-4447-a670-3f7adbd0b3c1 - - - [NXLOG@14506 bosh_deployment="cf-warden" bosh_job_name="api_z1" bosh_job_index="0" filename="/var/vcap/data/sys/log/cloud_controller_ng/cloud_controller_ng.log"] {"timestamp":1475179036.8154244,"message":"Completed 200 vcap-request-id: 58f3920e-8bdf-4b05-8ac7-82e12aa7d93c","log_level":"info","source":"cc.api","data":{},"thread_id":47062185508240,"fiber_id":47062157676460,"process_id":15535,"file":"/var/vcap/packages/cloud_controller_ng/cloud_controller_ng/middleware/request_logs.rb","lineno":24,"method":"call"}

2016-09-29T19:57:17.099524+00:00 b0fa19c0-86de-4447-a670-3f7adbd0b3c1 - - - [NXLOG@14506 bosh_deployment="cf-warden" bosh_job_name="api_z1" bosh_job_index="0" filename="/var/vcap/data/sys/log/cloud_controller_ng/cloud_controller_ng.log"] {"timestamp":1475179036.8156362,"message":"Statsd: cc.requests.outstanding:-1|c\ncc.requests.completed:1|c\ncc.http_status.2XX:1|c","log_level":"debug","source":"statsd.client","data":{},"thread_id":47062185508240,"fiber_id":47062157676460,"process_id":15535,"file":"/var/vcap/packages/cloud_controller_ng/cloud_controller_ng/vendor/bundle/ruby/2.3.0/gems/statsd-ruby-1.2.1/lib/statsd.rb","lineno":254,"method":"send_to_socket"}

2016-09-29T19:57:17.099555+00:00 b0fa19c0-86de-4447-a670-3f7adbd0b3c1 - - - [NXLOG@14506 bosh_deployment="cf-warden" bosh_job_name="api_z1" bosh_job_index="0" filename="/var/vcap/data/sys/log/cloud_controller_ng/cloud_controller_ng.log"] {"timestamp":1475179036.838636,"message":"(0.000772s) SELECT * FROM \"delayed_jobs\" WHERE ((((\"run_at\" <= '2016-09-29 19:57:16.837062+0000') AND (\"locked_at\" IS NULL)) OR (\"locked_by\" = 'cc_api_worker.api_z1.0.1')) AND (\"failed_at\" IS NULL) AND (\"queue\" IN ('cc-api_z1-0'))) ORDER BY \"priority\" ASC, \"run_at\" ASC LIMIT 5","log_level":"debug2","source":"cc.background","data":{},"thread_id":47452862460180,"fiber_id":47452899698480,"process_id":15587,"file":"/var/vcap/packages/cloud_controller_ng/cloud_controller_ng/vendor/bundle/ruby/2.3.0/gems/sequel-4.29.0/lib/sequel/database/logging.rb","lineno":70,"method":"block in log_each"}

2016-09-29T19:57:26.965670+00:00 bfc626ef-a2eb-4bad-8f71-fa1d6d0f927f - - - [NXLOG@14506 bosh_deployment="cf-warden" bosh_job_name="loggregator_trafficcontroller_z1" bosh_job_index="0" filename="/var/vcap/data/sys/log/route_registrar/route_registrar.stdout.log"] {"timestamp":"1475179046.734012842","source":"Route Registrar","message":"Route Registrar.no healthchecker found for route","log_level":1,"data":{"route":{"Name":"loggregator","Port":8080,"Tags":null,"URIs":["loggregator.bosh-lite.com"],"RouteServiceUrl":"","RegistrationInterval":20000000000,"HealthCheck":null}}}

2016-09-29T19:57:26.965806+00:00 bfc626ef-a2eb-4bad-8f71-fa1d6d0f927f - - - [NXLOG@14506 bosh_deployment="cf-warden" bosh_job_name="loggregator_trafficcontroller_z1" bosh_job_index="0" filename="/var/vcap/data/sys/log/route_registrar/route_registrar.stdout.log"] {"timestamp":"1475179046.734076977","source":"Route Registrar","message":"Route Registrar.Registering route","log_level":1,"data":{"route":{"Name":"loggregator","Port":8080,"Tags":null,"URIs":["loggregator.bosh-lite.com"],"RouteServiceUrl":"","RegistrationInterval":20000000000,"HealthCheck":null}}}

2016-09-29T19:57:26.965896+00:00 bfc626ef-a2eb-4bad-8f71-fa1d6d0f927f - - - [NXLOG@14506 bosh_deployment="cf-warden" bosh_job_name="loggregator_trafficcontroller_z1" bosh_job_index="0" filename="/var/vcap/data/sys/log/route_registrar/route_registrar.stdout.log"] {"timestamp":"1475179046.734118462","source":"Route Registrar","message":"Route Registrar.Registered routes successfully","log_level":1,"data":{}}

2016-09-29T19:57:26.965970+00:00 bfc626ef-a2eb-4bad-8f71-fa1d6d0f927f - - - [NXLOG@14506 bosh_deployment="cf-warden" bosh_job_name="loggregator_trafficcontroller_z1" bosh_job_index="0" filename="/var/vcap/data/sys/log/route_registrar/route_registrar.stdout.log"] {"timestamp":"1475179046.734128475","source":"Route Registrar","message":"Route Registrar.no healthchecker found for route","log_level":1,"data":{"route":{"Name":"doppler","Port":8081,"Tags":null,"URIs":["doppler.bosh-lite.com"],"RouteServiceUrl":"","RegistrationInterval":20000000000,"HealthCheck":null}}}

2016-09-29T19:57:26.966061+00:00 bfc626ef-a2eb-4bad-8f71-fa1d6d0f927f - - - [NXLOG@14506 bosh_deployment="cf-warden" bosh_job_name="loggregator_trafficcontroller_z1" bosh_job_index="0" filename="/var/vcap/data/sys/log/route_registrar/route_registrar.stdout.log"] {"timestamp":"1475179046.734144688","source":"Route Registrar","message":"Route Registrar.Registering route","log_level":1,"data":{"route":{"Name":"doppler","Port":8081,"Tags":null,"URIs":["doppler.bosh-lite.com"],"RouteServiceUrl":"","RegistrationInterval":20000000000,"HealthCheck":null}}}

2016-09-29T19:57:26.966192+00:00 bfc626ef-a2eb-4bad-8f71-fa1d6d0f927f - - - [NXLOG@14506 bosh_deployment="cf-warden" bosh_job_name="loggregator_trafficcontroller_z1" bosh_job_index="0" filename="/var/vcap/data/sys/log/route_registrar/route_registrar.stdout.log"] {"timestamp":"1475179046.734171152","source":"Route Registrar","message":"Route Registrar.Registered routes successfully","log_level":1,"data":{}}

2016-09-29T19:57:26.967576+00:00 fc52b791-0068-48d0-b63d-a9600b8fa32e - - - [NXLOG@14506 bosh_deployment="cf-warden" bosh_job_name="runner_z1" bosh_job_index="0" filename="/var/vcap/data/sys/log/dea_next/dea_next.log"] {"timestamp":1475179041.7299557,"message":"hm9000.heartbeat.sending","log_level":"debug","source":"Dea::Bootstrap","data":{"destination":"https://listener-hm9000.service.cf.internal:5335/dea/heartbeat"},"thread_id":47241037142420,"fiber_id":47241050325380,"process_id":6941,"file":"/var/vcap/packages/dea_next/lib/dea/utils/hm9000.rb","lineno":29,"method":"send_heartbeat"}

2016-09-29T19:57:26.967703+00:00 fc52b791-0068-48d0-b63d-a9600b8fa32e - - - [NXLOG@14506 bosh_deployment="cf-warden" bosh_job_name="runner_z1" bosh_job_index="0" filename="/var/vcap/data/sys/log/dea_next/dea_next.log"] {"timestamp":1475179041.732145,"message":"hm9000.heartbeat.accepted","log_level":"debug","source":"Dea::Bootstrap","data":{},"thread_id":47241050153780,"fiber_id":47241051299020,"process_id":6941,"file":"/var/vcap/packages/dea_next/lib/dea/utils/hm9000.rb","lineno":49,"method":"handle_http_response"}

2016-09-29T19:57:27.095769+00:00 05bf1627-ae2f-400c-b1ce-31973a9ff23f - - - [NXLOG@14506 bosh_deployment="cf-warden" bosh_job_name="uaa_z1" bosh_job_index="0" filename="/var/vcap/data/sys/log/uaa/localhost_access.log"] 127.0.0.1 - - [29/Sep/2016:19:57:10 +0000] "GET /healthz HTTP/1.1" 200 3

2016-09-29T19:57:27.095892+00:00 05bf1627-ae2f-400c-b1ce-31973a9ff23f - - - [NXLOG@14506 bosh_deployment="cf-warden" bosh_job_name="uaa_z1" bosh_job_index="0" filename="/var/vcap/data/sys/log/uaa/localhost_access.log"] 127.0.0.1 - - [29/Sep/2016:19:57:10 +0000] "GET /healthz HTTP/1.1" 200 3

2016-09-29T19:57:27.095948+00:00 05bf1627-ae2f-400c-b1ce-31973a9ff23f - - - [NXLOG@14506 bosh_deployment="cf-warden" bosh_job_name="uaa_z1" bosh_job_index="0" filename="/var/vcap/data/sys/log/uaa/localhost_access.log"] 127.0.0.1 - - [29/Sep/2016:19:57:14 +0000] "GET /healthz HTTP/1.1" 200 3

2016-09-29T19:57:27.096068+00:00 05bf1627-ae2f-400c-b1ce-31973a9ff23f - - - [NXLOG@14506 bosh_deployment="cf-warden" bosh_job_name="uaa_z1" bosh_job_index="0" filename="/var/vcap/data/sys/log/route_registrar/route_registrar.stdout.log"] {"timestamp":"1475179038.809597015","source":"Route Registrar","message":"Route Registrar.Executing script","log_level":1,"data":{"scriptPath":"/var/vcap/jobs/uaa/bin/health_check"}}

2016-09-29T19:57:27.096175+00:00 05bf1627-ae2f-400c-b1ce-31973a9ff23f - - - [NXLOG@14506 bosh_deployment="cf-warden" bosh_job_name="uaa_z1" bosh_job_index="0" filename="/var/vcap/data/sys/log/route_registrar/route_registrar.stdout.log"] {"timestamp":"1475179038.823560715","source":"Route Registrar","message":"Route Registrar.Script exited without error","log_level":1,"data":{"script":"/var/vcap/jobs/uaa/bin/health_check","stderr":"  % Total    % Received % Xferd  Average Speed   Time    Time     Time  Current\n                                 Dload  Upload   Total   Spent    Left  Speed\n\r  0     0    0     0    0     0      0      0 --:--:-- --:--:-- --:--:--     0\r100     3  100     3    0     0   2409      0 --:--:-- --:--:-- --:--:--  3000\n","stdout":""}}

2016-09-29T19:57:27.096270+00:00 05bf1627-ae2f-400c-b1ce-31973a9ff23f - - - [NXLOG@14506 bosh_deployment="cf-warden" bosh_job_name="uaa_z1" bosh_job_index="0" filename="/var/vcap/data/sys/log/route_registrar/route_registrar.stdout.log"] {"timestamp":"1475179038.823642015","source":"Route Registrar","message":"Route Registrar.healthchecker returned healthy for route","log_level":1,"data":{"route":{"Name":"uaa","Port":8080,"Tags":{"component":"uaa"},"URIs":["uaa.bosh-lite.com","*.uaa.bosh-lite.com","login.bosh-lite.com","*.login.bosh-lite.com"],"RouteServiceUrl":"","RegistrationInterval":4000000000,"HealthCheck":{"Name":"uaa-healthcheck","ScriptPath":"/var/vcap/jobs/uaa/bin/health_check","Timeout":2000000000}}}}

2016-09-29T19:57:36.968783+00:00 fc52b791-0068-48d0-b63d-a9600b8fa32e - - - [NXLOG@14506 bosh_deployment="cf-warden" bosh_job_name="runner_z1" bosh_job_index="0" filename="/var/vcap/data/sys/log/dea_next/dea_next.log"] {"timestamp":1475179051.7323139,"message":"hm9000.heartbeat.sending","log_level":"debug","source":"Dea::Bootstrap","data":{"destination":"https://listener-hm9000.service.cf.internal:5335/dea/heartbeat"},"thread_id":47241037142420,"fiber_id":47241050325380,"process_id":6941,"file":"/var/vcap/packages/dea_next/lib/dea/utils/hm9000.rb","lineno":29,"method":"send_heartbeat"}

2016-09-29T19:57:36.969009+00:00 fc52b791-0068-48d0-b63d-a9600b8fa32e - - - [NXLOG@14506 bosh_deployment="cf-warden" bosh_job_name="runner_z1" bosh_job_index="0" filename="/var/vcap/data/sys/log/dea_next/dea_next.log"] {"timestamp":1475179051.747698,"message":"hm9000.heartbeat.accepted","log_level":"debug","source":"Dea::Bootstrap","data":{},"thread_id":47241050154720,"fiber_id":47241051243860,"process_id":6941,"file":"/var/vcap/packages/dea_next/lib/dea/utils/hm9000.rb","lineno":49,"method":"handle_http_response"}

2016-09-29T19:57:36.969059+00:00 fc52b791-0068-48d0-b63d-a9600b8fa32e - - - [NXLOG@14506 bosh_deployment="cf-warden" bosh_job_name="runner_z1" bosh_job_index="0" filename="/var/vcap/data/sys/log/dea_next/dea_next.log"] {"timestamp":1475179056.1234024,"message":"Reaping orphaned containers","log_level":"debug","source":"Dea::Bootstrap","data":{},"thread_id":47241037142420,"fiber_id":47241050325380,"process_id":6941,"file":"/var/vcap/packages/dea_next/lib/dea/bootstrap.rb","lineno":236,"method":"reap_orphaned_containers"}

2016-09-29T19:57:37.096196+00:00 f0562343-642f-42d4-aca5-293abe675815 - - - [NXLOG@14506 bosh_deployment="cf-warden" bosh_job_name="blobstore_z1" bosh_job_index="0" filename="/var/vcap/data/sys/log/route_registrar/route_registrar.stdout.log"] {"timestamp":"1475179048.512712002","source":"Route Registrar","message":"Route Registrar.no healthchecker found for route","log_level":1,"data":{"route":{"Name":"blobstore","Port":80,"Tags":{"component":"blobstore"},"URIs":["blobstore.bosh-lite.com"],"RouteServiceUrl":"","RegistrationInterval":20000000000,"HealthCheck":null}}}

2016-09-29T19:57:37.096356+00:00 f0562343-642f-42d4-aca5-293abe675815 - - - [NXLOG@14506 bosh_deployment="cf-warden" bosh_job_name="blobstore_z1" bosh_job_index="0" filename="/var/vcap/data/sys/log/route_registrar/route_registrar.stdout.log"] {"timestamp":"1475179048.512712002","source":"Route Registrar","message":"Route Registrar.Registering route","log_level":1,"data":{"route":{"Name":"blobstore","Port":80,"Tags":{"component":"blobstore"},"URIs":["blobstore.bosh-lite.com"],"RouteServiceUrl":"","RegistrationInterval":20000000000,"HealthCheck":null}}}

2016-09-29T19:57:37.096484+00:00 f0562343-642f-42d4-aca5-293abe675815 - - - [NXLOG@14506 bosh_deployment="cf-warden" bosh_job_name="blobstore_z1" bosh_job_index="0" filename="/var/vcap/data/sys/log/route_registrar/route_registrar.stdout.log"] {"timestamp":"1475179048.512712002","source":"Route Registrar","message":"Route Registrar.Registered routes successfully","log_level":1,"data":{}}

2016-09-29T19:57:37.098230+00:00 05bf1627-ae2f-400c-b1ce-31973a9ff23f - - - [NXLOG@14506 bosh_deployment="cf-warden" bosh_job_name="uaa_z1" bosh_job_index="0" filename="/var/vcap/data/sys/log/uaa/localhost_access.log"] 127.0.0.1 - - [29/Sep/2016:19:57:18 +0000] "GET /healthz HTTP/1.1" 200 3

2016-09-29T19:57:37.098435+00:00 05bf1627-ae2f-400c-b1ce-31973a9ff23f - - - [NXLOG@14506 bosh_deployment="cf-warden" bosh_job_name="uaa_z1" bosh_job_index="0" filename="/var/vcap/data/sys/log/uaa/localhost_access.log"] 127.0.0.1 - - [29/Sep/2016:19:57:20 +0000] "GET /healthz HTTP/1.1" 200 3

2016-09-29T19:57:37.098510+00:00 05bf1627-ae2f-400c-b1ce-31973a9ff23f - - - [NXLOG@14506 bosh_deployment="cf-warden" bosh_job_name="uaa_z1" bosh_job_index="0" filename="/var/vcap/data/sys/log/uaa/localhost_access.log"] 127.0.0.1 - - [29/Sep/2016:19:57:22 +0000] "GET /healthz HTTP/1.1" 200 3

2016-09-29T19:57:37.098571+00:00 05bf1627-ae2f-400c-b1ce-31973a9ff23f - - - [NXLOG@14506 bosh_deployment="cf-warden" bosh_job_name="uaa_z1" bosh_job_index="0" filename="/var/vcap/data/sys/log/uaa/localhost_access.log"] 127.0.0.1 - - [29/Sep/2016:19:57:26 +0000] "GET /healthz HTTP/1.1" 200 3

2016-09-29T19:57:37.098631+00:00 05bf1627-ae2f-400c-b1ce-31973a9ff23f - - - [NXLOG@14506 bosh_deployment="cf-warden" bosh_job_name="uaa_z1" bosh_job_index="0" filename="/var/vcap/data/sys/log/route_registrar/route_registrar.stdout.log"] {"timestamp":"1475179050.808218479","source":"Route Registrar","message":"Route Registrar.Executing script","log_level":1,"data":{"scriptPath":"/var/vcap/jobs/uaa/bin/health_check"}}

2016-09-29T19:57:37.098713+00:00 05bf1627-ae2f-400c-b1ce-31973a9ff23f - - - [NXLOG@14506 bosh_deployment="cf-warden" bosh_job_name="uaa_z1" bosh_job_index="0" filename="/var/vcap/data/sys/log/route_registrar/route_registrar.stdout.log"] {"timestamp":"1475179050.819463968","source":"Route Registrar","message":"Route Registrar.Script exited without error","log_level":1,"data":{"script":"/var/vcap/jobs/uaa/bin/health_check","stderr":"  % Total    % Received % Xferd  Average Speed   Time    Time     Time  Current\n                                 Dload  Upload   Total   Spent    Left  Speed\n\r  0     0    0     0    0     0      0      0 --:--:-- --:--:-- --:--:--     0\r100     3  100     3    0     0   1724      0 --:--:-- --:--:-- --:--:--  3000\n","stdout":""}}

2016-09-29T19:57:37.098777+00:00 05bf1627-ae2f-400c-b1ce-31973a9ff23f - - - [NXLOG@14506 bosh_deployment="cf-warden" bosh_job_name="uaa_z1" bosh_job_index="0" filename="/var/vcap/data/sys/log/route_registrar/route_registrar.stdout.log"] {"timestamp":"1475179050.819659948","source":"Route Registrar","message":"Route Registrar.healthchecker returned healthy for route","log_level":1,"data":{"route":{"Name":"uaa","Port":8080,"Tags":{"component":"uaa"},"URIs":["uaa.bosh-lite.com","*.uaa.bosh-lite.com","login.bosh-lite.com","*.login.bosh-lite.com"],"RouteServiceUrl":"","RegistrationInterval":4000000000,"HealthCheck":{"Name":"uaa-healthcheck","ScriptPath":"/var/vcap/jobs/uaa/bin/health_check","Timeout":2000000000}}}}

2016-09-29T19:57:37.098835+00:00 05bf1627-ae2f-400c-b1ce-31973a9ff23f - - - [NXLOG@14506 bosh_deployment="cf-warden" bosh_job_name="uaa_z1" bosh_job_index="0" filename="/var/vcap/data/sys/log/route_registrar/route_registrar.stdout.log"] {"timestamp":"1475179050.819694996","source":"Route Registrar","message":"Route Registrar.Registering route","log_level":1,"data":{"route":{"Name":"uaa","Port":8080,"Tags":{"component":"uaa"},"URIs":["uaa.bosh-lite.com","*.uaa.bosh-lite.com","login.bosh-lite.com","*.login.bosh-lite.com"],"RouteServiceUrl":"","RegistrationInterval":4000000000,"HealthCheck":{"Name":"uaa-healthcheck","ScriptPath":"/var/vcap/jobs/uaa/bin/health_check","Timeout":2000000000}}}}

2016-09-29T19:57:37.098954+00:00 05bf1627-ae2f-400c-b1ce-31973a9ff23f - - - [NXLOG@14506 bosh_deployment="cf-warden" bosh_job_name="uaa_z1" bosh_job_index="0" filename="/var/vcap/data/sys/log/route_registrar/route_registrar.stdout.log"] {"timestamp":"1475179050.819776297","source":"Route Registrar","message":"Route Registrar.Registered routes successfully","log_level":1,"data":{}}

2016-09-29T19:57:37.099300+00:00 152ab062-1f32-4789-910a-13bdc79651b2 - - - [NXLOG@14506 bosh_deployment="cf-warden" bosh_job_name="hm9000_z1" bosh_job_index="0" filename="/var/vcap/data/sys/log/hm9000/hm9000_listener.log"] {"timestamp":"1475179051.746916533","source":"listener","message":"listener.Received a heartbeat","log_level":1,"data":{"Heartbeats Pending Save":"1"}}

2016-09-29T19:57:37.099881+00:00 152ab062-1f32-4789-910a-13bdc79651b2 - - - [NXLOG@14506 bosh_deployment="cf-warden" bosh_job_name="hm9000_z1" bosh_job_index="0" filename="/var/vcap/data/sys/log/hm9000/hm9000_listener.log"] {"timestamp":"1475179051.816107750","source":"listener","message":"listener.Saving Heartbeats","log_level":1,"data":{"Heartbeats to Save":"1"}}

2016-09-29T19:57:37.100000+00:00 152ab062-1f32-4789-910a-13bdc79651b2 - - - [NXLOG@14506 bosh_deployment="cf-warden" bosh_job_name="hm9000_z1" bosh_job_index="0" filename="/var/vcap/data/sys/log/hm9000/hm9000_listener.log"] {"timestamp":"1475179051.822583199","source":"listener","message":"listener.Bumped freshness","log_level":1,"data":{}}

2016-09-29T19:57:37.100083+00:00 152ab062-1f32-4789-910a-13bdc79651b2 - - - [NXLOG@14506 bosh_deployment="cf-warden" bosh_job_name="hm9000_z1" bosh_job_index="0" filename="/var/vcap/data/sys/log/hm9000/hm9000_listener.log"] {"timestamp":"1475179051.822618008","source":"listener","message":"listener.Saved Heartbeats","log_level":1,"data":{"Duration":"6.368809ms","Heartbeats to Save":"1"}}

2016-09-29T19:57:37.103082+00:00 b0fa19c0-86de-4447-a670-3f7adbd0b3c1 - - - [NXLOG@14506 bosh_deployment="cf-warden" bosh_job_name="api_z1" bosh_job_index="0" filename="/var/vcap/data/sys/log/cloud_controller_worker/cloud_controller_worker.log"] {"timestamp":1475179050.451551,"message":"(0.000476s) SELECT * FROM \"delayed_jobs\" WHERE ((((\"run_at\" <= '2016-09-29 19:57:30.450538+0000') AND (\"locked_at\" IS NULL)) OR (\"locked_by\" = 'cc_global_worker.api_z1.0.1')) AND (\"failed_at\" IS NULL) AND (\"queue\" IN ('cc-generic'))) ORDER BY \"priority\" ASC, \"run_at\" ASC LIMIT 5","log_level":"debug2","source":"cc.background","data":{},"thread_id":47193737007380,"fiber_id":47193773841900,"process_id":15807,"file":"/var/vcap/packages/cloud_controller_ng/cloud_controller_ng/vendor/bundle/ruby/2.3.0/gems/sequel-4.29.0/lib/sequel/database/logging.rb","lineno":70,"method":"block in log_each"}

2016-09-29T19:57:37.103166+00:00 b0fa19c0-86de-4447-a670-3f7adbd0b3c1 - - - [NXLOG@14506 bosh_deployment="cf-warden" bosh_job_name="api_z1" bosh_job_index="0" filename="/var/vcap/data/sys/log/cloud_controller_worker/cloud_controller_worker.log"] {"timestamp":1475179055.4740472,"message":"(0.000514s) SELECT * FROM \"delayed_jobs\" WHERE ((((\"run_at\" <= '2016-09-29 19:57:35.473020+0000') AND (\"locked_at\" IS NULL)) OR (\"locked_by\" = 'cc_global_worker.api_z1.0.1')) AND (\"failed_at\" IS NULL) AND (\"queue\" IN ('cc-generic'))) ORDER BY \"priority\" ASC, \"run_at\" ASC LIMIT 5","log_level":"debug2","source":"cc.background","data":{},"thread_id":47193737007380,"fiber_id":47193773841900,"process_id":15807,"file":"/var/vcap/packages/cloud_controller_ng/cloud_controller_ng/vendor/bundle/ruby/2.3.0/gems/sequel-4.29.0/lib/sequel/database/logging.rb","lineno":70,"method":"block in log_each"}

2016-09-29T19:57:37.103210+00:00 b0fa19c0-86de-4447-a670-3f7adbd0b3c1 - - - [NXLOG@14506 bosh_deployment="cf-warden" bosh_job_name="api_z1" bosh_job_index="0" filename="/var/vcap/data/sys/log/nginx_cc/nginx.access.log"] api.bosh-lite.com - [29/Sep/2016:19:57:31 +0000] "GET /v2/syslog_drain_urls?batch_size=1000 HTTP/1.1" 200 326 "-" "Go-http-client/1.1" 10.244.0.146, 10.244.0.34, 10.244.0.22 vcap_request_id:83d394b4-0854-4530-7068-f096c275db86::b3fed52f-0696-43cc-bfa2-4f6305b9f074 response_time:0.004

2016-09-29T19:57:37.103241+00:00 b0fa19c0-86de-4447-a670-3f7adbd0b3c1 - - - [NXLOG@14506 bosh_deployment="cf-warden" bosh_job_name="api_z1" bosh_job_index="0" filename="/var/vcap/data/sys/log/nginx_cc/nginx.access.log"] 10.244.0.138 - [29/Sep/2016:19:57:36 +0000] "GET /v2/info HTTP/1.1" 200 802 "-" "monit/5.2.5" 10.244.0.138 vcap_request_id:2bda6f95-7f5e-47d5-aaa5-ce7654f2bb21 response_time:0.004

2016-09-29T19:57:37.103272+00:00 b0fa19c0-86de-4447-a670-3f7adbd0b3c1 - - - [NXLOG@14506 bosh_deployment="cf-warden" bosh_job_name="api_z1" bosh_job_index="0" filename="/var/vcap/data/sys/log/cloud_controller_ng/cloud_controller_ng.log"] {"timestamp":1475179050.5002053,"message":"(0.000587s) SELECT * FROM \"delayed_jobs\" WHERE ((((\"run_at\" <= '2016-09-29 19:57:30.499079+0000') AND (\"locked_at\" IS NULL)) OR (\"locked_by\" = 'cc_api_worker.api_z1.0.2')) AND (\"failed_at\" IS NULL) AND (\"queue\" IN ('cc-api_z1-0'))) ORDER BY \"priority\" ASC, \"run_at\" ASC LIMIT 5","log_level":"debug2","source":"cc.background","data":{},"thread_id":47118928261380,"fiber_id":47118965175380,"process_id":15629,"file":"/var/vcap/packages/cloud_controller_ng/cloud_controller_ng/vendor/bundle/ruby/2.3.0/gems/sequel-4.29.0/lib/sequel/database/logging.rb","lineno":70,"method":"block in log_each"}

2016-09-29T19:57:37.103316+00:00 b0fa19c0-86de-4447-a670-3f7adbd0b3c1 - - - [NXLOG@14506 bosh_deployment="cf-warden" bosh_job_name="api_z1" bosh_job_index="0" filename="/var/vcap/data/sys/log/cloud_controller_ng/cloud_controller_ng.log"] {"timestamp":1475179051.0617933,"message":"Statsd: cc.requests.outstanding:1|c","log_level":"debug","source":"statsd.client","data":{},"thread_id":47062185508760,"fiber_id":47062149606040,"process_id":15535,"file":"/var/vcap/packages/cloud_controller_ng/cloud_controller_ng/vendor/bundle/ruby/2.3.0/gems/statsd-ruby-1.2.1/lib/statsd.rb","lineno":254,"method":"send_to_socket"}

2016-09-29T19:57:37.103358+00:00 b0fa19c0-86de-4447-a670-3f7adbd0b3c1 - - - [NXLOG@14506 bosh_deployment="cf-warden" bosh_job_name="api_z1" bosh_job_index="0" filename="/var/vcap/data/sys/log/cloud_controller_ng/cloud_controller_ng.log"] {"timestamp":1475179051.0623186,"message":"Started GET \"/v2/syslog_drain_urls?batch_size=1000\" for user: , ip: 127.0.0.1 with vcap-request-id: 83d394b4-0854-4530-7068-f096c275db86::b3fed52f-0696-43cc-bfa2-4f6305b9f074 at 2016-09-29 19:57:31 UTC","log_level":"info","source":"cc.api","data":{},"thread_id":47062185508760,"fiber_id":47062149606040,"process_id":15535,"file":"/var/vcap/packages/cloud_controller_ng/cloud_controller_ng/middleware/request_logs.rb","lineno":12,"method":"call"}

2016-09-29T19:57:37.103358+00:00 b0fa19c0-86de-4447-a670-3f7adbd0b3c1 - - - [NXLOG@14506 bosh_deployment="cf-warden" bosh_job_name="api_z1" bosh_job_index="0" filename="/var/vcap/data/sys/log/cloud_controller_ng/cloud_controller_ng.log"] {"timestamp":1475179051.0630152,"message":"dispatch VCAP::CloudController::SyslogDrainUrlsController get /v2/syslog_drain_urls","log_level":"debug","source":"cc.api","data":{"request_guid":"83d394b4-0854-4530-7068-f096c275db86::b3fed52f-0696-43cc-bfa2-4f6305b9f074"},"thread_id":47062185508760,"fiber_id":47062149606040,"process_id":15535,"file":"/var/vcap/data/packages/cloud_controller_ng/f87cb49aa2cd87792cb9c2211a79e1542502be4d.1-b1a5f3c830cb6c32ae9e685628b24aa967f5ae54/cloud_controller_ng/lib/cloud_controller/rest_controller/routes.rb","lineno":12,"method":"block in define_route"}

2016-09-29T19:57:37.103358+00:00 b0fa19c0-86de-4447-a670-3f7adbd0b3c1 - - - [NXLOG@14506 bosh_deployment="cf-warden" bosh_job_name="api_z1" bosh_job_index="0" filename="/var/vcap/data/sys/log/cloud_controller_ng/cloud_controller_ng.log"] {"timestamp":1475179051.0632267,"message":"parse_params: {\"batch_size\"=>\"1000\"} batch_size=1000","log_level":"debug","source":"cc.api","data":{"request_guid":"83d394b4-0854-4530-7068-f096c275db86::b3fed52f-0696-43cc-bfa2-4f6305b9f074"},"thread_id":47062185508760,"fiber_id":47062149606040,"process_id":15535,"file":"/var/vcap/data/packages/cloud_controller_ng/f87cb49aa2cd87792cb9c2211a79e1542502be4d.1-b1a5f3c830cb6c32ae9e685628b24aa967f5ae54/cloud_controller_ng/lib/cloud_controller/rest_controller/common_params.rb","lineno":10,"method":"parse"}

2016-09-29T19:57:37.103358+00:00 b0fa19c0-86de-4447-a670-3f7adbd0b3c1 - - - [NXLOG@14506 bosh_deployment="cf-warden" bosh_job_name="api_z1" bosh_job_index="0" filename="/var/vcap/data/sys/log/cloud_controller_ng/cloud_controller_ng.log"] {"timestamp":1475179051.0633287,"message":"cc.dispatch","log_level":"debug","source":"cc.api","data":{"request_guid":"83d394b4-0854-4530-7068-f096c275db86::b3fed52f-0696-43cc-bfa2-4f6305b9f074","endpoint":"list","args":[]},"thread_id":47062185508760,"fiber_id":47062149606040,"process_id":15535,"file":"/var/vcap/data/packages/cloud_controller_ng/f87cb49aa2cd87792cb9c2211a79e1542502be4d.1-b1a5f3c830cb6c32ae9e685628b24aa967f5ae54/cloud_controller_ng/app/controllers/base/base_controller.rb","lineno":78,"method":"dispatch"}

2016-09-29T19:57:37.103886+00:00 b0fa19c0-86de-4447-a670-3f7adbd0b3c1 - - - [NXLOG@14506 bosh_deployment="cf-warden" bosh_job_name="api_z1" bosh_job_index="0" filename="/var/vcap/data/sys/log/cloud_controller_ng/cloud_controller_ng.log"] {"timestamp":1475179051.065003,"message":"(0.000890s) SELECT \"apps\".\"guid\", string_agg(\"service_bindings\".\"syslog_drain_url\", ',') AS \"syslog_drain_urls\" FROM \"apps\" INNER JOIN \"service_bindings\" ON (\"service_bindings\".\"app_id\" = \"apps\".\"id\") WHERE ((syslog_drain_url IS NOT NULL) AND (syslog_drain_url != '')) GROUP BY \"apps\".\"guid\" UNION ALL (SELECT \"apps_v3\".\"guid\", string_agg(\"v3_service_bindings\".\"syslog_drain_url\", ',') AS \"syslog_drain_urls\" FROM \"apps_v3\" INNER JOIN \"v3_service_bindings\" ON (\"v3_service_bindings\".\"app_id\" = \"apps_v3\".\"id\") WHERE ((syslog_drain_url IS NOT NULL) AND (syslog_drain_url != '')) GROUP BY \"apps_v3\".\"guid\") ORDER BY \"guid\" LIMIT 1000 OFFSET 0","log_level":"debug2","source":"cc.db","data":{"request_guid":"83d394b4-0854-4530-7068-f096c275db86::b3fed52f-0696-43cc-bfa2-4f6305b9f074"},"thread_id":47062185508760,"fiber_id":47062149606040,"process_id":15535,"file":"/var/vcap/packages/cloud_controller_ng/cloud_controller_ng/vendor/bundle/ruby/2.3.0/gems/sequel-4.29.0/lib/sequel/database/logging.rb","lineno":70,"method":"block in log_each"}

2016-09-29T19:57:37.103945+00:00 b0fa19c0-86de-4447-a670-3f7adbd0b3c1 - - - [NXLOG@14506 bosh_deployment="cf-warden" bosh_job_name="api_z1" bosh_job_index="0" filename="/var/vcap/data/sys/log/cloud_controller_ng/cloud_controller_ng.log"] {"timestamp":1475179051.065331,"message":"Completed 200 vcap-request-id: 83d394b4-0854-4530-7068-f096c275db86::b3fed52f-0696-43cc-bfa2-4f6305b9f074","log_level":"info","source":"cc.api","data":{},"thread_id":47062185508760,"fiber_id":47062149606040,"process_id":15535,"file":"/var/vcap/packages/cloud_controller_ng/cloud_controller_ng/middleware/request_logs.rb","lineno":24,"method":"call"}

2016-09-29T19:57:37.104017+00:00 b0fa19c0-86de-4447-a670-3f7adbd0b3c1 - - - [NXLOG@14506 bosh_deployment="cf-warden" bosh_job_name="api_z1" bosh_job_index="0" filename="/var/vcap/data/sys/log/cloud_controller_ng/cloud_controller_ng.log"] {"timestamp":1475179051.0654867,"message":"Statsd: cc.requests.outstanding:-1|c\ncc.requests.completed:1|c\ncc.http_status.2XX:1|c","log_level":"debug","source":"statsd.client","data":{},"thread_id":47062185508760,"fiber_id":47062149606040,"process_id":15535,"file":"/var/vcap/packages/cloud_controller_ng/cloud_controller_ng/vendor/bundle/ruby/2.3.0/gems/statsd-ruby-1.2.1/lib/statsd.rb","lineno":254,"method":"send_to_socket"}

2016-09-29T19:57:37.104077+00:00 b0fa19c0-86de-4447-a670-3f7adbd0b3c1 - - - [NXLOG@14506 bosh_deployment="cf-warden" bosh_job_name="api_z1" bosh_job_index="0" filename="/var/vcap/data/sys/log/cloud_controller_ng/cloud_controller_ng.log"] {"timestamp":1475179051.9025786,"message":"(0.000588s) SELECT * FROM \"delayed_jobs\" WHERE ((((\"run_at\" <= '2016-09-29 19:57:31.901398+0000') AND (\"locked_at\" IS NULL)) OR (\"locked_by\" = 'cc_api_worker.api_z1.0.1')) AND (\"failed_at\" IS NULL) AND (\"queue\" IN ('cc-api_z1-0'))) ORDER BY \"priority\" ASC, \"run_at\" ASC LIMIT 5","log_level":"debug2","source":"cc.background","data":{},"thread_id":47452862460180,"fiber_id":47452899698480,"process_id":15587,"file":"/var/vcap/packages/cloud_controller_ng/cloud_controller_ng/vendor/bundle/ruby/2.3.0/gems/sequel-4.29.0/lib/sequel/database/logging.rb","lineno":70,"method":"block in log_each"}

2016-09-29T19:57:37.104157+00:00 b0fa19c0-86de-4447-a670-3f7adbd0b3c1 - - - [NXLOG@14506 bosh_deployment="cf-warden" bosh_job_name="api_z1" bosh_job_index="0" filename="/var/vcap/data/sys/log/cloud_controller_ng/cloud_controller_ng.log"] {"timestamp":1475179054.2908545,"message":"Statsd: cc.vitals.uptime:1899326|g\ncc.vitals.cpu:0.0|g\ncc.vitals.mem_bytes:150700032|g\ncc.vitals.cpu_load_avg:0.52|g\ncc.vitals.mem_used_bytes:4025069568|g\ncc.vitals.mem_free_bytes:2232979456|g\ncc.vitals.num_cores:4|g","log_level":"debug","source":"statsd.client","data":{},"thread_id":47062143684880,"fiber_id":47062184032460,"process_id":15535,"file":"/var/vcap/packages/cloud_controller_ng/cloud_controller_ng/vendor/bundle/ruby/2.3.0/gems/statsd-ruby-1.2.1/lib/statsd.rb","lineno":254,"method":"send_to_socket"}

2016-09-29T19:57:37.104224+00:00 b0fa19c0-86de-4447-a670-3f7adbd0b3c1 - - - [NXLOG@14506 bosh_deployment="cf-warden" bosh_job_name="api_z1" bosh_job_index="0" filename="/var/vcap/data/sys/log/cloud_controller_ng/cloud_controller_ng.log"] {"timestamp":1475179054.2911232,"message":"Statsd: cc.log_count.off:0|g\ncc.log_count.fatal:0|g\ncc.log_count.error:0|g\ncc.log_count.warn:0|g\ncc.log_count.info:45638|g\ncc.log_count.debug:139259|g\ncc.log_count.debug1:0|g\ncc.log_count.debug2:27265|g\ncc.log_count.all:0|g","log_level":"debug","source":"statsd.client","data":{},"thread_id":47062143684880,"fiber_id":47062184032460,"process_id":15535,"file":"/var/vcap/packages/cloud_controller_ng/cloud_controller_ng/vendor/bundle/ruby/2.3.0/gems/statsd-ruby-1.2.1/lib/statsd.rb","lineno":254,"method":"send_to_socket"}

2016-09-29T19:57:37.104294+00:00 b0fa19c0-86de-4447-a670-3f7adbd0b3c1 - - - [NXLOG@14506 bosh_deployment="cf-warden" bosh_job_name="api_z1" bosh_job_index="0" filename="/var/vcap/data/sys/log/cloud_controller_ng/cloud_controller_ng.log"] {"timestamp":1475179054.293251,"message":"(0.001269s) SELECT count(*) AS \"count\" FROM \"tasks\" WHERE (\"state\" = 'RUNNING') LIMIT 1","log_level":"debug2","source":"cc.db","data":{},"thread_id":47062143684880,"fiber_id":47062184032460,"process_id":15535,"file":"/var/vcap/packages/cloud_controller_ng/cloud_controller_ng/vendor/bundle/ruby/2.3.0/gems/sequel-4.29.0/lib/sequel/database/logging.rb","lineno":70,"method":"block in log_each"}

2016-09-29T19:57:37.104399+00:00 b0fa19c0-86de-4447-a670-3f7adbd0b3c1 - - - [NXLOG@14506 bosh_deployment="cf-warden" bosh_job_name="api_z1" bosh_job_index="0" filename="/var/vcap/data/sys/log/cloud_controller_ng/cloud_controller_ng.log"] {"timestamp":1475179054.2939541,"message":"(0.000172s) SELECT sum(\"memory_in_mb\") AS \"sum\" FROM \"tasks\" WHERE (\"state\" = 'RUNNING') LIMIT 1","log_level":"debug2","source":"cc.db","data":{},"thread_id":47062143684880,"fiber_id":47062184032460,"process_id":15535,"file":"/var/vcap/packages/cloud_controller_ng/cloud_controller_ng/vendor/bundle/ruby/2.3.0/gems/sequel-4.29.0/lib/sequel/database/logging.rb","lineno":70,"method":"block in log_each"}

2016-09-29T19:57:37.104421+00:00 b0fa19c0-86de-4447-a670-3f7adbd0b3c1 - - - [NXLOG@14506 bosh_deployment="cf-warden" bosh_job_name="api_z1" bosh_job_index="0" filename="/var/vcap/data/sys/log/cloud_controller_ng/cloud_controller_ng.log"] {"timestamp":1475179054.2940967,"message":"Statsd: cc.tasks_running.count:0|g\ncc.tasks_running.memory_in_mb:0|g","log_level":"debug","source":"statsd.client","data":{},"thread_id":47062143684880,"fiber_id":47062184032460,"process_id":15535,"file":"/var/vcap/packages/cloud_controller_ng/cloud_controller_ng/vendor/bundle/ruby/2.3.0/gems/statsd-ruby-1.2.1/lib/statsd.rb","lineno":254,"method":"send_to_socket"}

2016-09-29T19:57:37.104438+00:00 b0fa19c0-86de-4447-a670-3f7adbd0b3c1 - - - [NXLOG@14506 bosh_deployment="cf-warden" bosh_job_name="api_z1" bosh_job_index="0" filename="/var/vcap/data/sys/log/cloud_controller_ng/cloud_controller_ng.log"] {"timestamp":1475179055.5241098,"message":"(0.000601s) SELECT * FROM \"delayed_jobs\" WHERE ((((\"run_at\" <= '2016-09-29 19:57:35.522995+0000') AND (\"locked_at\" IS NULL)) OR (\"locked_by\" = 'cc_api_worker.api_z1.0.2')) AND (\"failed_at\" IS NULL) AND (\"queue\" IN ('cc-api_z1-0'))) ORDER BY \"priority\" ASC, \"run_at\" ASC LIMIT 5","log_level":"debug2","source":"cc.background","data":{},"thread_id":47118928261380,"fiber_id":47118965175380,"process_id":15629,"file":"/var/vcap/packages/cloud_controller_ng/cloud_controller_ng/vendor/bundle/ruby/2.3.0/gems/sequel-4.29.0/lib/sequel/database/logging.rb","lineno":70,"method":"block in log_each"}

2016-09-29T19:57:37.104524+00:00 b0fa19c0-86de-4447-a670-3f7adbd0b3c1 - - - [NXLOG@14506 bosh_deployment="cf-warden" bosh_job_name="api_z1" bosh_job_index="0" filename="/var/vcap/data/sys/log/cloud_controller_ng/cloud_controller_ng.log"] {"timestamp":1475179056.4997652,"message":"(0.000457s) SELECT \"queue\", count(*) AS \"count\" FROM \"delayed_jobs\" WHERE (\"attempts\" = 0) GROUP BY \"queue\"","log_level":"debug2","source":"cc.db","data":{},"thread_id":47062143684880,"fiber_id":47062184032460,"process_id":15535,"file":"/var/vcap/packages/cloud_controller_ng/cloud_controller_ng/vendor/bundle/ruby/2.3.0/gems/sequel-4.29.0/lib/sequel/database/logging.rb","lineno":70,"method":"block in log_each"}

2016-09-29T19:57:37.104579+00:00 b0fa19c0-86de-4447-a670-3f7adbd0b3c1 - - - [NXLOG@14506 bosh_deployment="cf-warden" bosh_job_name="api_z1" bosh_job_index="0" filename="/var/vcap/data/sys/log/cloud_controller_ng/cloud_controller_ng.log"] {"timestamp":1475179056.5001125,"message":"Statsd: cc.job_queue_length.total:0|g\ncc.job_queue_length.total:0|g","log_level":"debug","source":"statsd.client","data":{},"thread_id":47062143684880,"fiber_id":47062184032460,"process_id":15535,"file":"/var/vcap/packages/cloud_controller_ng/cloud_controller_ng/vendor/bundle/ruby/2.3.0/gems/statsd-ruby-1.2.1/lib/statsd.rb","lineno":254,"method":"send_to_socket"}

2016-09-29T19:57:37.104592+00:00 b0fa19c0-86de-4447-a670-3f7adbd0b3c1 - - - [NXLOG@14506 bosh_deployment="cf-warden" bosh_job_name="api_z1" bosh_job_index="0" filename="/var/vcap/data/sys/log/cloud_controller_ng/cloud_controller_ng.log"] {"timestamp":1475179056.5003397,"message":"Statsd: cc.thread_info.thread_count:21|g\ncc.thread_info.event_machine.connection_count:3|g\ncc.thread_info.event_machine.threadqueue.size:0|g\ncc.thread_info.event_machine.threadqueue.num_waiting:20|g\ncc.thread_info.event_machine.resultqueue.size:0|g\ncc.thread_info.event_machine.resultqueue.num_waiting:0|g","log_level":"debug","source":"statsd.client","data":{},"thread_id":47062143684880,"fiber_id":47062184032460,"process_id":15535,"file":"/var/vcap/packages/cloud_controller_ng/cloud_controller_ng/vendor/bundle/ruby/2.3.0/gems/statsd-ruby-1.2.1/lib/statsd.rb","lineno":254,"method":"send_to_socket"}

2016-09-29T19:57:37.104627+00:00 b0fa19c0-86de-4447-a670-3f7adbd0b3c1 - - - [NXLOG@14506 bosh_deployment="cf-warden" bosh_job_name="api_z1" bosh_job_index="0" filename="/var/vcap/data/sys/log/cloud_controller_ng/cloud_controller_ng.log"] {"timestamp":1475179056.5012283,"message":"(0.000503s) SELECT \"queue\", count(*) AS \"count\" FROM \"delayed_jobs\" WHERE (failed_at IS NOT NULL) GROUP BY \"queue\"","log_level":"debug2","source":"cc.db","data":{},"thread_id":47062143684880,"fiber_id":47062184032460,"process_id":15535,"file":"/var/vcap/packages/cloud_controller_ng/cloud_controller_ng/vendor/bundle/ruby/2.3.0/gems/sequel-4.29.0/lib/sequel/database/logging.rb","lineno":70,"method":"block in log_each"}

2016-09-29T19:57:37.104658+00:00 b0fa19c0-86de-4447-a670-3f7adbd0b3c1 - - - [NXLOG@14506 bosh_deployment="cf-warden" bosh_job_name="api_z1" bosh_job_index="0" filename="/var/vcap/data/sys/log/cloud_controller_ng/cloud_controller_ng.log"] {"timestamp":1475179056.501415,"message":"Statsd: cc.failed_job_count.cc-api_z1-0:2|g\ncc.failed_job_count.total:2|g\ncc.failed_job_count.total:2|g","log_level":"debug","source":"statsd.client","data":{},"thread_id":47062143684880,"fiber_id":47062184032460,"process_id":15535,"file":"/var/vcap/packages/cloud_controller_ng/cloud_controller_ng/vendor/bundle/ruby/2.3.0/gems/statsd-ruby-1.2.1/lib/statsd.rb","lineno":254,"method":"send_to_socket"}

2016-09-29T19:57:37.104699+00:00 b0fa19c0-86de-4447-a670-3f7adbd0b3c1 - - - [NXLOG@14506 bosh_deployment="cf-warden" bosh_job_name="api_z1" bosh_job_index="0" filename="/var/vcap/data/sys/log/cloud_controller_ng/cloud_controller_ng.log"] {"timestamp":1475179056.8321826,"message":"Statsd: cc.requests.outstanding:1|c","log_level":"debug","source":"statsd.client","data":{},"thread_id":47062185509200,"fiber_id":47062154523660,"process_id":15535,"file":"/var/vcap/packages/cloud_controller_ng/cloud_controller_ng/vendor/bundle/ruby/2.3.0/gems/statsd-ruby-1.2.1/lib/statsd.rb","lineno":254,"method":"send_to_socket"}

2016-09-29T19:57:37.104718+00:00 b0fa19c0-86de-4447-a670-3f7adbd0b3c1 - - - [NXLOG@14506 bosh_deployment="cf-warden" bosh_job_name="api_z1" bosh_job_index="0" filename="/var/vcap/data/sys/log/cloud_controller_ng/cloud_controller_ng.log"] {"timestamp":1475179056.8332403,"message":"Started GET \"/v2/info\" for user: , ip: 127.0.0.1 with vcap-request-id: 2bda6f95-7f5e-47d5-aaa5-ce7654f2bb21 at 2016-09-29 19:57:36 UTC","log_level":"info","source":"cc.api","data":{},"thread_id":47062185509200,"fiber_id":47062154523660,"process_id":15535,"file":"/var/vcap/packages/cloud_controller_ng/cloud_controller_ng/middleware/request_logs.rb","lineno":12,"method":"call"}

2016-09-29T19:57:37.104736+00:00 b0fa19c0-86de-4447-a670-3f7adbd0b3c1 - - - [NXLOG@14506 bosh_deployment="cf-warden" bosh_job_name="api_z1" bosh_job_index="0" filename="/var/vcap/data/sys/log/cloud_controller_ng/cloud_controller_ng.log"] {"timestamp":1475179056.8338535,"message":"dispatch VCAP::CloudController::InfoController get /v2/info","log_level":"debug","source":"cc.api","data":{"request_guid":"2bda6f95-7f5e-47d5-aaa5-ce7654f2bb21"},"thread_id":47062185509200,"fiber_id":47062154523660,"process_id":15535,"file":"/var/vcap/data/packages/cloud_controller_ng/f87cb49aa2cd87792cb9c2211a79e1542502be4d.1-b1a5f3c830cb6c32ae9e685628b24aa967f5ae54/cloud_controller_ng/lib/cloud_controller/rest_controller/routes.rb","lineno":12,"method":"block in define_route"}

2016-09-29T19:57:37.104855+00:00 b0fa19c0-86de-4447-a670-3f7adbd0b3c1 - - - [NXLOG@14506 bosh_deployment="cf-warden" bosh_job_name="api_z1" bosh_job_index="0" filename="/var/vcap/data/sys/log/cloud_controller_ng/cloud_controller_ng.log"] {"timestamp":1475179056.8342566,"message":"parse_params: {} ","log_level":"debug","source":"cc.api","data":{"request_guid":"2bda6f95-7f5e-47d5-aaa5-ce7654f2bb21"},"thread_id":47062185509200,"fiber_id":47062154523660,"process_id":15535,"file":"/var/vcap/data/packages/cloud_controller_ng/f87cb49aa2cd87792cb9c2211a79e1542502be4d.1-b1a5f3c830cb6c32ae9e685628b24aa967f5ae54/cloud_controller_ng/lib/cloud_controller/rest_controller/common_params.rb","lineno":10,"method":"parse"}

2016-09-29T19:57:37.105005+00:00 b0fa19c0-86de-4447-a670-3f7adbd0b3c1 - - - [NXLOG@14506 bosh_deployment="cf-warden" bosh_job_name="api_z1" bosh_job_index="0" filename="/var/vcap/data/sys/log/cloud_controller_ng/cloud_controller_ng.log"] {"timestamp":1475179056.834382,"message":"cc.dispatch","log_level":"debug","source":"cc.api","data":{"request_guid":"2bda6f95-7f5e-47d5-aaa5-ce7654f2bb21","endpoint":"read","args":[]},"thread_id":47062185509200,"fiber_id":47062154523660,"process_id":15535,"file":"/var/vcap/data/packages/cloud_controller_ng/f87cb49aa2cd87792cb9c2211a79e1542502be4d.1-b1a5f3c830cb6c32ae9e685628b24aa967f5ae54/cloud_controller_ng/app/controllers/base/base_controller.rb","lineno":78,"method":"dispatch"}

2016-09-29T19:57:37.105061+00:00 b0fa19c0-86de-4447-a670-3f7adbd0b3c1 - - - [NXLOG@14506 bosh_deployment="cf-warden" bosh_job_name="api_z1" bosh_job_index="0" filename="/var/vcap/data/sys/log/cloud_controller_ng/cloud_controller_ng.log"] {"timestamp":1475179056.8347106,"message":"Completed 200 vcap-request-id: 2bda6f95-7f5e-47d5-aaa5-ce7654f2bb21","log_level":"info","source":"cc.api","data":{},"thread_id":47062185509200,"fiber_id":47062154523660,"process_id":15535,"file":"/var/vcap/packages/cloud_controller_ng/cloud_controller_ng/middleware/request_logs.rb","lineno":24,"method":"call"}

2016-09-29T19:57:37.105093+00:00 b0fa19c0-86de-4447-a670-3f7adbd0b3c1 - - - [NXLOG@14506 bosh_deployment="cf-warden" bosh_job_name="api_z1" bosh_job_index="0" filename="/var/vcap/data/sys/log/cloud_controller_ng/cloud_controller_ng.log"] {"timestamp":1475179056.8348496,"message":"Statsd: cc.requests.outstanding:-1|c\ncc.requests.completed:1|c\ncc.http_status.2XX:1|c","log_level":"debug","source":"statsd.client","data":{},"thread_id":47062185509200,"fiber_id":47062154523660,"process_id":15535,"file":"/var/vcap/packages/cloud_controller_ng/cloud_controller_ng/vendor/bundle/ruby/2.3.0/gems/statsd-ruby-1.2.1/lib/statsd.rb","lineno":254,"method":"send_to_socket"}

2016-09-29T19:57:37.105200+00:00 b0fa19c0-86de-4447-a670-3f7adbd0b3c1 - - - [NXLOG@14506 bosh_deployment="cf-warden" bosh_job_name="api_z1" bosh_job_index="0" filename="/var/vcap/data/sys/log/cloud_controller_ng/cloud_controller_ng.log"] {"timestamp":1475179056.9269965,"message":"(0.000921s) SELECT * FROM \"delayed_jobs\" WHERE ((((\"run_at\" <= '2016-09-29 19:57:36.924834+0000') AND (\"locked_at\" IS NULL)) OR (\"locked_by\" = 'cc_api_worker.api_z1.0.1')) AND (\"failed_at\" IS NULL) AND (\"queue\" IN ('cc-api_z1-0'))) ORDER BY \"priority\" ASC, \"run_at\" ASC LIMIT 5","log_level":"debug2","source":"cc.background","data":{},"thread_id":47452862460180,"fiber_id":47452899698480,"process_id":15587,"file":"/var/vcap/packages/cloud_controller_ng/cloud_controller_ng/vendor/bundle/ruby/2.3.0/gems/sequel-4.29.0/lib/sequel/database/logging.rb","lineno":70,"method":"block in log_each"}

2016-09-29T19:57:37.099068+00:00 05bf1627-ae2f-400c-b1ce-31973a9ff23f - - - [NXLOG@14506 bosh_deployment="cf-warden" bosh_job_name="uaa_z1" bosh_job_index="0" filename="/var/vcap/data/sys/log/route_registrar/route_registrar.stdout.log"] {"timestamp":"1475179054.808120251","source":"Route Registrar","message":"Route Registrar.Executing script","log_level":1,"data":{"scriptPath":"/var/vcap/jobs/uaa/bin/health_check"}}

2016-09-29T19:57:37.099124+00:00 05bf1627-ae2f-400c-b1ce-31973a9ff23f - - - [NXLOG@14506 bosh_deployment="cf-warden" bosh_job_name="uaa_z1" bosh_job_index="0" filename="/var/vcap/data/sys/log/route_registrar/route_registrar.stdout.log"] {"timestamp":"1475179054.820034504","source":"Route Registrar","message":"Route Registrar.Script exited without error","log_level":1,"data":{"script":"/var/vcap/jobs/uaa/bin/health_check","stderr":"  % Total    % Received % Xferd  Average Speed   Time    Time     Time  Current\n                                 Dload  Upload   Total   Spent    Left  Speed\n\r  0     0    0     0    0     0      0      0 --:--:-- --:--:-- --:--:--     0\r100     3  100     3    0     0   2542      0 --:--:-- --:--:-- --:--:--  3000\n","stdout":""}}

2016-09-29T19:57:37.099210+00:00 05bf1627-ae2f-400c-b1ce-31973a9ff23f - - - [NXLOG@14506 bosh_deployment="cf-warden" bosh_job_name="uaa_z1" bosh_job_index="0" filename="/var/vcap/data/sys/log/route_registrar/route_registrar.stdout.log"] {"timestamp":"1475179054.820171118","source":"Route Registrar","message":"Route Registrar.healthchecker returned healthy for route","log_level":1,"data":{"route":{"Name":"uaa","Port":8080,"Tags":{"component":"uaa"},"URIs":["uaa.bosh-lite.com","*.uaa.bosh-lite.com","login.bosh-lite.com","*.login.bosh-lite.com"],"RouteServiceUrl":"","RegistrationInterval":4000000000,"HealthCheck":{"Name":"uaa-healthcheck","ScriptPath":"/var/vcap/jobs/uaa/bin/health_check","Timeout":2000000000}}}}

2016-09-29T19:57:37.099318+00:00 05bf1627-ae2f-400c-b1ce-31973a9ff23f - - - [NXLOG@14506 bosh_deployment="cf-warden" bosh_job_name="uaa_z1" bosh_job_index="0" filename="/var/vcap/data/sys/log/route_registrar/route_registrar.stdout.log"] {"timestamp":"1475179054.820207119","source":"Route Registrar","message":"Route Registrar.Registering route","log_level":1,"data":{"route":{"Name":"uaa","Port":8080,"Tags":{"component":"uaa"},"URIs":["uaa.bosh-lite.com","*.uaa.bosh-lite.com","login.bosh-lite.com","*.login.bosh-lite.com"],"RouteServiceUrl":"","RegistrationInterval":4000000000,"HealthCheck":{"Name":"uaa-healthcheck","ScriptPath":"/var/vcap/jobs/uaa/bin/health_check","Timeout":2000000000}}}}

2016-09-29T19:57:37.099417+00:00 05bf1627-ae2f-400c-b1ce-31973a9ff23f - - - [NXLOG@14506 bosh_deployment="cf-warden" bosh_job_name="uaa_z1" bosh_job_index="0" filename="/var/vcap/data/sys/log/route_registrar/route_registrar.stdout.log"] {"timestamp":"1475179054.820315599","source":"Route Registrar","message":"Route Registrar.Registered routes successfully","log_level":1,"data":{}}

2016-09-29T19:57:37.099491+00:00 05bf1627-ae2f-400c-b1ce-31973a9ff23f - - - [NXLOG@14506 bosh_deployment="cf-warden" bosh_job_name="uaa_z1" bosh_job_index="0" filename="/var/vcap/data/sys/log/uaa/uaa.log"] [2016-09-29 19:57:30.535] uaa - 19013 [http-nio-127.0.0.1-8989-exec-9] .... DEBUG --- AntPathRequestMatcher: Checking match of request : '/healthz'; against '/resources/**'

2016-09-29T19:57:37.099541+00:00 05bf1627-ae2f-400c-b1ce-31973a9ff23f - - - [NXLOG@14506 bosh_deployment="cf-warden" bosh_job_name="uaa_z1" bosh_job_index="0" filename="/var/vcap/data/sys/log/uaa/uaa.log"] [2016-09-29 19:57:30.535] uaa - 19013 [http-nio-127.0.0.1-8989-exec-9] .... DEBUG --- AntPathRequestMatcher: Checking match of request : '/healthz'; against '/square-logo.png'

2016-09-29T19:57:37.099594+00:00 05bf1627-ae2f-400c-b1ce-31973a9ff23f - - - [NXLOG@14506 bosh_deployment="cf-warden" bosh_job_name="uaa_z1" bosh_job_index="0" filename="/var/vcap/data/sys/log/uaa/uaa.log"] [2016-09-29 19:57:30.535] uaa - 19013 [http-nio-127.0.0.1-8989-exec-9] .... DEBUG --- AntPathRequestMatcher: Checking match of request : '/healthz'; against '/info'

2016-09-29T19:57:37.099635+00:00 05bf1627-ae2f-400c-b1ce-31973a9ff23f - - - [NXLOG@14506 bosh_deployment="cf-warden" bosh_job_name="uaa_z1" bosh_job_index="0" filename="/var/vcap/data/sys/log/uaa/uaa.log"] [2016-09-29 19:57:30.535] uaa - 19013 [http-nio-127.0.0.1-8989-exec-9] .... DEBUG --- AntPathRequestMatcher: Checking match of request : '/healthz'; against '/password/**'

2016-09-29T19:57:37.099680+00:00 05bf1627-ae2f-400c-b1ce-31973a9ff23f - - - [NXLOG@14506 bosh_deployment="cf-warden" bosh_job_name="uaa_z1" bosh_job_index="0" filename="/var/vcap/data/sys/log/uaa/uaa.log"] [2016-09-29 19:57:30.535] uaa - 19013 [http-nio-127.0.0.1-8989-exec-9] .... DEBUG --- AntPathRequestMatcher: Checking match of request : '/healthz'; against '/healthz/**'

2016-09-29T19:57:37.099704+00:00 05bf1627-ae2f-400c-b1ce-31973a9ff23f - - - [NXLOG@14506 bosh_deployment="cf-warden" bosh_job_name="uaa_z1" bosh_job_index="0" filename="/var/vcap/data/sys/log/uaa/uaa.log"] [2016-09-29 19:57:30.535] uaa - 19013 [http-nio-127.0.0.1-8989-exec-9] .... DEBUG --- FilterChainProxy: /healthz has an empty filter list

2016-09-29T19:57:37.099723+00:00 05bf1627-ae2f-400c-b1ce-31973a9ff23f - - - [NXLOG@14506 bosh_deployment="cf-warden" bosh_job_name="uaa_z1" bosh_job_index="0" filename="/var/vcap/data/sys/log/uaa/uaa.log"] [2016-09-29 19:57:30.535] uaa - 19013 [http-nio-127.0.0.1-8989-exec-9] .... DEBUG --- DispatcherServlet: DispatcherServlet with name 'spring' processing GET request for [/healthz]

2016-09-29T19:57:37.099742+00:00 05bf1627-ae2f-400c-b1ce-31973a9ff23f - - - [NXLOG@14506 bosh_deployment="cf-warden" bosh_job_name="uaa_z1" bosh_job_index="0" filename="/var/vcap/data/sys/log/uaa/uaa.log"] [2016-09-29 19:57:30.535] uaa - 19013 [http-nio-127.0.0.1-8989-exec-9] .... DEBUG --- DispatcherServlet: Last-Modified value for [/healthz] is: -1

2016-09-29T19:57:37.099775+00:00 05bf1627-ae2f-400c-b1ce-31973a9ff23f - - - [NXLOG@14506 bosh_deployment="cf-warden" bosh_job_name="uaa_z1" bosh_job_index="0" filename="/var/vcap/data/sys/log/uaa/uaa.log"] [2016-09-29 19:57:30.536] uaa - 19013 [http-nio-127.0.0.1-8989-exec-9] .... DEBUG --- RequestResponseBodyMethodProcessor: Written [ok

2016-09-29T19:57:37.099815+00:00 05bf1627-ae2f-400c-b1ce-31973a9ff23f - - - [NXLOG@14506 bosh_deployment="cf-warden" bosh_job_name="uaa_z1" bosh_job_index="0" filename="/var/vcap/data/sys/log/uaa/uaa.log"] ] as "text/plain;charset=ISO-8859-1" using [org.springframework.http.converter.StringHttpMessageConverter@178b2baf]

2016-09-29T19:57:37.099846+00:00 05bf1627-ae2f-400c-b1ce-31973a9ff23f - - - [NXLOG@14506 bosh_deployment="cf-warden" bosh_job_name="uaa_z1" bosh_job_index="0" filename="/var/vcap/data/sys/log/uaa/uaa.log"] [2016-09-29 19:57:30.536] uaa - 19013 [http-nio-127.0.0.1-8989-exec-9] .... DEBUG --- DispatcherServlet: Null ModelAndView returned to DispatcherServlet with name 'spring': assuming HandlerAdapter completed request handling

2016-09-29T19:57:37.099877+00:00 05bf1627-ae2f-400c-b1ce-31973a9ff23f - - - [NXLOG@14506 bosh_deployment="cf-warden" bosh_job_name="uaa_z1" bosh_job_index="0" filename="/var/vcap/data/sys/log/uaa/uaa.log"] [2016-09-29 19:57:30.536] uaa - 19013 [http-nio-127.0.0.1-8989-exec-9] .... DEBUG --- DispatcherServlet: Successfully completed request

2016-09-29T19:57:37.100271+00:00 05bf1627-ae2f-400c-b1ce-31973a9ff23f - - - [NXLOG@14506 bosh_deployment="cf-warden" bosh_job_name="uaa_z1" bosh_job_index="0" filename="/var/vcap/data/sys/log/uaa/uaa.log"] [2016-09-29 19:57:30.816] uaa - 19013 [http-nio-127.0.0.1-8989-exec-2] .... DEBUG --- AntPathRequestMatcher: Checking match of request : '/healthz'; against '/resources/**'

2016-09-29T19:57:37.100322+00:00 05bf1627-ae2f-400c-b1ce-31973a9ff23f - - - [NXLOG@14506 bosh_deployment="cf-warden" bosh_job_name="uaa_z1" bosh_job_index="0" filename="/var/vcap/data/sys/log/uaa/uaa.log"] [2016-09-29 19:57:30.816] uaa - 19013 [http-nio-127.0.0.1-8989-exec-2] .... DEBUG --- AntPathRequestMatcher: Checking match of request : '/healthz'; against '/square-logo.png'

2016-09-29T19:57:37.100359+00:00 05bf1627-ae2f-400c-b1ce-31973a9ff23f - - - [NXLOG@14506 bosh_deployment="cf-warden" bosh_job_name="uaa_z1" bosh_job_index="0" filename="/var/vcap/data/sys/log/uaa/uaa.log"] [2016-09-29 19:57:30.816] uaa - 19013 [http-nio-127.0.0.1-8989-exec-2] .... DEBUG --- AntPathRequestMatcher: Checking match of request : '/healthz'; against '/info'

2016-09-29T19:57:37.100456+00:00 05bf1627-ae2f-400c-b1ce-31973a9ff23f - - - [NXLOG@14506 bosh_deployment="cf-warden" bosh_job_name="uaa_z1" bosh_job_index="0" filename="/var/vcap/data/sys/log/uaa/uaa.log"] [2016-09-29 19:57:30.816] uaa - 19013 [http-nio-127.0.0.1-8989-exec-2] .... DEBUG --- AntPathRequestMatcher: Checking match of request : '/healthz'; against '/password/**'

2016-09-29T19:57:37.100530+00:00 05bf1627-ae2f-400c-b1ce-31973a9ff23f - - - [NXLOG@14506 bosh_deployment="cf-warden" bosh_job_name="uaa_z1" bosh_job_index="0" filename="/var/vcap/data/sys/log/uaa/uaa.log"] [2016-09-29 19:57:30.816] uaa - 19013 [http-nio-127.0.0.1-8989-exec-2] .... DEBUG --- AntPathRequestMatcher: Checking match of request : '/healthz'; against '/healthz/**'

2016-09-29T19:57:37.100556+00:00 05bf1627-ae2f-400c-b1ce-31973a9ff23f - - - [NXLOG@14506 bosh_deployment="cf-warden" bosh_job_name="uaa_z1" bosh_job_index="0" filename="/var/vcap/data/sys/log/uaa/uaa.log"] [2016-09-29 19:57:30.816] uaa - 19013 [http-nio-127.0.0.1-8989-exec-2] .... DEBUG --- FilterChainProxy: /healthz has an empty filter list

2016-09-29T19:57:37.100930+00:00 05bf1627-ae2f-400c-b1ce-31973a9ff23f - - - [NXLOG@14506 bosh_deployment="cf-warden" bosh_job_name="uaa_z1" bosh_job_index="0" filename="/var/vcap/data/sys/log/uaa/uaa.log"] [2016-09-29 19:57:30.816] uaa - 19013 [http-nio-127.0.0.1-8989-exec-2] .... DEBUG --- DispatcherServlet: DispatcherServlet with name 'spring' processing GET request for [/healthz]

2016-09-29T19:57:37.101259+00:00 05bf1627-ae2f-400c-b1ce-31973a9ff23f - - - [NXLOG@14506 bosh_deployment="cf-warden" bosh_job_name="uaa_z1" bosh_job_index="0" filename="/var/vcap/data/sys/log/uaa/uaa.log"] [2016-09-29 19:57:30.816] uaa - 19013 [http-nio-127.0.0.1-8989-exec-2] .... DEBUG --- DispatcherServlet: Last-Modified value for [/healthz] is: -1

2016-09-29T19:57:37.101291+00:00 05bf1627-ae2f-400c-b1ce-31973a9ff23f - - - [NXLOG@14506 bosh_deployment="cf-warden" bosh_job_name="uaa_z1" bosh_job_index="0" filename="/var/vcap/data/sys/log/uaa/uaa.log"] [2016-09-29 19:57:30.817] uaa - 19013 [http-nio-127.0.0.1-8989-exec-2] .... DEBUG --- RequestResponseBodyMethodProcessor: Written [ok

2016-09-29T19:57:37.101315+00:00 05bf1627-ae2f-400c-b1ce-31973a9ff23f - - - [NXLOG@14506 bosh_deployment="cf-warden" bosh_job_name="uaa_z1" bosh_job_index="0" filename="/var/vcap/data/sys/log/uaa/uaa.log"] ] as "text/plain;charset=ISO-8859-1" using [org.springframework.http.converter.StringHttpMessageConverter@178b2baf]

2016-09-29T19:57:37.101341+00:00 05bf1627-ae2f-400c-b1ce-31973a9ff23f - - - [NXLOG@14506 bosh_deployment="cf-warden" bosh_job_name="uaa_z1" bosh_job_index="0" filename="/var/vcap/data/sys/log/uaa/uaa.log"] [2016-09-29 19:57:30.817] uaa - 19013 [http-nio-127.0.0.1-8989-exec-2] .... DEBUG --- DispatcherServlet: Null ModelAndView returned to DispatcherServlet with name 'spring': assuming HandlerAdapter completed request handling

2016-09-29T19:57:37.101365+00:00 05bf1627-ae2f-400c-b1ce-31973a9ff23f - - - [NXLOG@14506 bosh_deployment="cf-warden" bosh_job_name="uaa_z1" bosh_job_index="0" filename="/var/vcap/data/sys/log/uaa/uaa.log"] [2016-09-29 19:57:30.817] uaa - 19013 [http-nio-127.0.0.1-8989-exec-2] .... DEBUG --- DispatcherServlet: Successfully completed request

2016-09-29T19:57:37.101387+00:00 05bf1627-ae2f-400c-b1ce-31973a9ff23f - - - [NXLOG@14506 bosh_deployment="cf-warden" bosh_job_name="uaa_z1" bosh_job_index="0" filename="/var/vcap/data/sys/log/uaa/uaa.log"] [2016-09-29 19:57:31.156] uaa - 19013 [pool-2-thread-1] .... DEBUG --- JdbcTemplate: Executing SQL query [select count(*) from oauth_client_details]

2016-09-29T19:57:37.101408+00:00 05bf1627-ae2f-400c-b1ce-31973a9ff23f - - - [NXLOG@14506 bosh_deployment="cf-warden" bosh_job_name="uaa_z1" bosh_job_index="0" filename="/var/vcap/data/sys/log/uaa/uaa.log"] [2016-09-29 19:57:31.157] uaa - 19013 [pool-2-thread-1] .... DEBUG --- JdbcTemplate: Executing SQL query [select count(*) from users]

2016-09-29T19:57:37.101431+00:00 05bf1627-ae2f-400c-b1ce-31973a9ff23f - - - [NXLOG@14506 bosh_deployment="cf-warden" bosh_job_name="uaa_z1" bosh_job_index="0" filename="/var/vcap/data/sys/log/uaa/uaa.log"] [2016-09-29 19:57:34.817] uaa - 19013 [http-nio-127.0.0.1-8989-exec-1] .... DEBUG --- AntPathRequestMatcher: Checking match of request : '/healthz'; against '/resources/**'

2016-09-29T19:57:37.101447+00:00 05bf1627-ae2f-400c-b1ce-31973a9ff23f - - - [NXLOG@14506 bosh_deployment="cf-warden" bosh_job_name="uaa_z1" bosh_job_index="0" filename="/var/vcap/data/sys/log/uaa/uaa.log"] [2016-09-29 19:57:34.817] uaa - 19013 [http-nio-127.0.0.1-8989-exec-1] .... DEBUG --- AntPathRequestMatcher: Checking match of request : '/healthz'; against '/square-logo.png'

2016-09-29T19:57:37.101464+00:00 05bf1627-ae2f-400c-b1ce-31973a9ff23f - - - [NXLOG@14506 bosh_deployment="cf-warden" bosh_job_name="uaa_z1" bosh_job_index="0" filename="/var/vcap/data/sys/log/uaa/uaa.log"] [2016-09-29 19:57:34.817] uaa - 19013 [http-nio-127.0.0.1-8989-exec-1] .... DEBUG --- AntPathRequestMatcher: Checking match of request : '/healthz'; against '/info'

2016-09-29T19:57:37.101479+00:00 05bf1627-ae2f-400c-b1ce-31973a9ff23f - - - [NXLOG@14506 bosh_deployment="cf-warden" bosh_job_name="uaa_z1" bosh_job_index="0" filename="/var/vcap/data/sys/log/uaa/uaa.log"] [2016-09-29 19:57:34.817] uaa - 19013 [http-nio-127.0.0.1-8989-exec-1] .... DEBUG --- AntPathRequestMatcher: Checking match of request : '/healthz'; against '/password/**'

2016-09-29T19:57:37.101496+00:00 05bf1627-ae2f-400c-b1ce-31973a9ff23f - - - [NXLOG@14506 bosh_deployment="cf-warden" bosh_job_name="uaa_z1" bosh_job_index="0" filename="/var/vcap/data/sys/log/uaa/uaa.log"] [2016-09-29 19:57:34.817] uaa - 19013 [http-nio-127.0.0.1-8989-exec-1] .... DEBUG --- AntPathRequestMatcher: Checking match of request : '/healthz'; against '/healthz/**'

2016-09-29T19:57:37.101512+00:00 05bf1627-ae2f-400c-b1ce-31973a9ff23f - - - [NXLOG@14506 bosh_deployment="cf-warden" bosh_job_name="uaa_z1" bosh_job_index="0" filename="/var/vcap/data/sys/log/uaa/uaa.log"] [2016-09-29 19:57:34.817] uaa - 19013 [http-nio-127.0.0.1-8989-exec-1] .... DEBUG --- FilterChainProxy: /healthz has an empty filter list

2016-09-29T19:57:37.101529+00:00 05bf1627-ae2f-400c-b1ce-31973a9ff23f - - - [NXLOG@14506 bosh_deployment="cf-warden" bosh_job_name="uaa_z1" bosh_job_index="0" filename="/var/vcap/data/sys/log/uaa/uaa.log"] [2016-09-29 19:57:34.817] uaa - 19013 [http-nio-127.0.0.1-8989-exec-1] .... DEBUG --- DispatcherServlet: DispatcherServlet with name 'spring' processing GET request for [/healthz]

2016-09-29T19:57:37.101545+00:00 05bf1627-ae2f-400c-b1ce-31973a9ff23f - - - [NXLOG@14506 bosh_deployment="cf-warden" bosh_job_name="uaa_z1" bosh_job_index="0" filename="/var/vcap/data/sys/log/uaa/uaa.log"] [2016-09-29 19:57:34.817] uaa - 19013 [http-nio-127.0.0.1-8989-exec-1] .... DEBUG --- DispatcherServlet: Last-Modified value for [/healthz] is: -1

2016-09-29T19:57:37.101561+00:00 05bf1627-ae2f-400c-b1ce-31973a9ff23f - - - [NXLOG@14506 bosh_deployment="cf-warden" bosh_job_name="uaa_z1" bosh_job_index="0" filename="/var/vcap/data/sys/log/uaa/uaa.log"] [2016-09-29 19:57:34.818] uaa - 19013 [http-nio-127.0.0.1-8989-exec-1] .... DEBUG --- RequestResponseBodyMethodProcessor: Written [ok

2016-09-29T19:57:37.101576+00:00 05bf1627-ae2f-400c-b1ce-31973a9ff23f - - - [NXLOG@14506 bosh_deployment="cf-warden" bosh_job_name="uaa_z1" bosh_job_index="0" filename="/var/vcap/data/sys/log/uaa/uaa.log"] ] as "text/plain;charset=ISO-8859-1" using [org.springframework.http.converter.StringHttpMessageConverter@178b2baf]

2016-09-29T19:57:37.101591+00:00 05bf1627-ae2f-400c-b1ce-31973a9ff23f - - - [NXLOG@14506 bosh_deployment="cf-warden" bosh_job_name="uaa_z1" bosh_job_index="0" filename="/var/vcap/data/sys/log/uaa/uaa.log"] [2016-09-29 19:57:34.818] uaa - 19013 [http-nio-127.0.0.1-8989-exec-1] .... DEBUG --- DispatcherServlet: Null ModelAndView returned to DispatcherServlet with name 'spring': assuming HandlerAdapter completed request handling

2016-09-29T19:57:37.101607+00:00 05bf1627-ae2f-400c-b1ce-31973a9ff23f - - - [NXLOG@14506 bosh_deployment="cf-warden" bosh_job_name="uaa_z1" bosh_job_index="0" filename="/var/vcap/data/sys/log/uaa/uaa.log"] [2016-09-29 19:57:34.818] uaa - 19013 [http-nio-127.0.0.1-8989-exec-1] .... DEBUG --- DispatcherServlet: Successfully completed request

2016-09-29T19:57:37.101658+00:00 05bf1627-ae2f-400c-b1ce-31973a9ff23f - - - [NXLOG@14506 bosh_deployment="cf-warden" bosh_job_name="uaa_z1" bosh_job_index="0" filename="/var/vcap/data/sys/log/uaa/uaa.log"] [2016-09-29 19:57:36.156] uaa - 19013 [pool-2-thread-1] .... DEBUG --- JdbcTemplate: Executing SQL query [select count(*) from oauth_client_details]

2016-09-29T19:57:37.101700+00:00 05bf1627-ae2f-400c-b1ce-31973a9ff23f - - - [NXLOG@14506 bosh_deployment="cf-warden" bosh_job_name="uaa_z1" bosh_job_index="0" filename="/var/vcap/data/sys/log/uaa/uaa.log"] [2016-09-29 19:57:36.158] uaa - 19013 [pool-2-thread-1] .... DEBUG --- JdbcTemplate: Executing SQL query [select count(*) from users]

2016-09-29T19:57:46.966178+00:00 bfc626ef-a2eb-4bad-8f71-fa1d6d0f927f - - - [NXLOG@14506 bosh_deployment="cf-warden" bosh_job_name="loggregator_trafficcontroller_z1" bosh_job_index="0" filename="/var/vcap/data/sys/log/route_registrar/route_registrar.stdout.log"] {"timestamp":"1475179066.734124184","source":"Route Registrar","message":"Route Registrar.no healthchecker found for route","log_level":1,"data":{"route":{"Name":"loggregator","Port":8080,"Tags":null,"URIs":["loggregator.bosh-lite.com"],"RouteServiceUrl":"","RegistrationInterval":20000000000,"HealthCheck":null}}}

2016-09-29T19:57:46.966294+00:00 bfc626ef-a2eb-4bad-8f71-fa1d6d0f927f - - - [NXLOG@14506 bosh_deployment="cf-warden" bosh_job_name="loggregator_trafficcontroller_z1" bosh_job_index="0" filename="/var/vcap/data/sys/log/route_registrar/route_registrar.stdout.log"] {"timestamp":"1475179066.734302759","source":"Route Registrar","message":"Route Registrar.Registering route","log_level":1,"data":{"route":{"Name":"loggregator","Port":8080,"Tags":null,"URIs":["loggregator.bosh-lite.com"],"RouteServiceUrl":"","RegistrationInterval":20000000000,"HealthCheck":null}}}

2016-09-29T19:57:46.966372+00:00 bfc626ef-a2eb-4bad-8f71-fa1d6d0f927f - - - [NXLOG@14506 bosh_deployment="cf-warden" bosh_job_name="loggregator_trafficcontroller_z1" bosh_job_index="0" filename="/var/vcap/data/sys/log/route_registrar/route_registrar.stdout.log"] {"timestamp":"1475179066.734352350","source":"Route Registrar","message":"Route Registrar.Registered routes successfully","log_level":1,"data":{}}

2016-09-29T19:57:56.968596+00:00 fc52b791-0068-48d0-b63d-a9600b8fa32e - - - [NXLOG@14506 bosh_deployment="cf-warden" bosh_job_name="runner_z1" bosh_job_index="0" filename="/var/vcap/data/sys/log/dea_next/dea_next.log"] {"timestamp":1475179071.7510822,"message":"hm9000.heartbeat.accepted","log_level":"debug","source":"Dea::Bootstrap","data":{},"thread_id":47241050155040,"fiber_id":47241050974060,"process_id":6941,"file":"/var/vcap/packages/dea_next/lib/dea/utils/hm9000.rb","lineno":49,"method":"handle_http_response"}

2016-09-29T19:57:57.098419+00:00 f0562343-642f-42d4-aca5-293abe675815 - - - [NXLOG@14506 bosh_deployment="cf-warden" bosh_job_name="blobstore_z1" bosh_job_index="0" filename="/var/vcap/data/sys/log/route_registrar/route_registrar.stdout.log"] {"timestamp":"1475179068.512935162","source":"Route Registrar","message":"Route Registrar.no healthchecker found for route","log_level":1,"data":{"route":{"Name":"blobstore","Port":80,"Tags":{"component":"blobstore"},"URIs":["blobstore.bosh-lite.com"],"RouteServiceUrl":"","RegistrationInterval":20000000000,"HealthCheck":null}}}

2016-09-29T19:57:57.098496+00:00 f0562343-642f-42d4-aca5-293abe675815 - - - [NXLOG@14506 bosh_deployment="cf-warden" bosh_job_name="blobstore_z1" bosh_job_index="0" filename="/var/vcap/data/sys/log/route_registrar/route_registrar.stdout.log"] {"timestamp":"1475179068.513037205","source":"Route Registrar","message":"Route Registrar.Registering route","log_level":1,"data":{"route":{"Name":"blobstore","Port":80,"Tags":{"component":"blobstore"},"URIs":["blobstore.bosh-lite.com"],"RouteServiceUrl":"","RegistrationInterval":20000000000,"HealthCheck":null}}}

2016-09-29T19:57:57.098529+00:00 f0562343-642f-42d4-aca5-293abe675815 - - - [NXLOG@14506 bosh_deployment="cf-warden" bosh_job_name="blobstore_z1" bosh_job_index="0" filename="/var/vcap/data/sys/log/route_registrar/route_registrar.stdout.log"] {"timestamp":"1475179068.513148069","source":"Route Registrar","message":"Route Registrar.Registered routes successfully","log_level":1,"data":{}}

2016-09-29T19:57:57.099844+00:00 05bf1627-ae2f-400c-b1ce-31973a9ff23f - - - [NXLOG@14506 bosh_deployment="cf-warden" bosh_job_name="uaa_z1" bosh_job_index="0" filename="/var/vcap/data/sys/log/uaa/localhost_access.log"] 127.0.0.1 - - [29/Sep/2016:19:57:38 +0000] "GET /healthz HTTP/1.1" 200 3

2016-09-29T19:57:57.099899+00:00 05bf1627-ae2f-400c-b1ce-31973a9ff23f - - - [NXLOG@14506 bosh_deployment="cf-warden" bosh_job_name="uaa_z1" bosh_job_index="0" filename="/var/vcap/data/sys/log/uaa/localhost_access.log"] 127.0.0.1 - - [29/Sep/2016:19:57:40 +0000] "GET /healthz HTTP/1.1" 200 3

2016-09-29T19:57:57.099929+00:00 05bf1627-ae2f-400c-b1ce-31973a9ff23f - - - [NXLOG@14506 bosh_deployment="cf-warden" bosh_job_name="uaa_z1" bosh_job_index="0" filename="/var/vcap/data/sys/log/uaa/localhost_access.log"] 127.0.0.1 - - [29/Sep/2016:19:57:42 +0000] "GET /healthz HTTP/1.1" 200 3

2016-09-29T19:57:57.099957+00:00 05bf1627-ae2f-400c-b1ce-31973a9ff23f - - - [NXLOG@14506 bosh_deployment="cf-warden" bosh_job_name="uaa_z1" bosh_job_index="0" filename="/var/vcap/data/sys/log/uaa/localhost_access.log"] 127.0.0.1 - - [29/Sep/2016:19:57:46 +0000] "GET /healthz HTTP/1.1" 200 3

2016-09-29T19:57:57.099983+00:00 05bf1627-ae2f-400c-b1ce-31973a9ff23f - - - [NXLOG@14506 bosh_deployment="cf-warden" bosh_job_name="uaa_z1" bosh_job_index="0" filename="/var/vcap/data/sys/log/route_registrar/route_registrar.stdout.log"] {"timestamp":"1475179070.808180571","source":"Route Registrar","message":"Route Registrar.Executing script","log_level":1,"data":{"scriptPath":"/var/vcap/jobs/uaa/bin/health_check"}}

2016-09-29T19:57:57.100011+00:00 05bf1627-ae2f-400c-b1ce-31973a9ff23f - - - [NXLOG@14506 bosh_deployment="cf-warden" bosh_job_name="uaa_z1" bosh_job_index="0" filename="/var/vcap/data/sys/log/route_registrar/route_registrar.stdout.log"] {"timestamp":"1475179070.822719812","source":"Route Registrar","message":"Route Registrar.Script exited without error","log_level":1,"data":{"script":"/var/vcap/jobs/uaa/bin/health_check","stderr":"  % Total    % Received % Xferd  Average Speed   Time    Time     Time  Current\n                                 Dload  Upload   Total   Spent    Left  Speed\n\r  0     0    0     0    0     0      0      0 --:--:-- --:--:-- --:--:--     0\r100     3  100     3    0     0   2209      0 --:--:-- --:--:-- --:--:--  3000\n","stdout":""}}

2016-09-29T19:57:57.100043+00:00 05bf1627-ae2f-400c-b1ce-31973a9ff23f - - - [NXLOG@14506 bosh_deployment="cf-warden" bosh_job_name="uaa_z1" bosh_job_index="0" filename="/var/vcap/data/sys/log/route_registrar/route_registrar.stdout.log"] {"timestamp":"1475179070.822778463","source":"Route Registrar","message":"Route Registrar.healthchecker returned healthy for route","log_level":1,"data":{"route":{"Name":"uaa","Port":8080,"Tags":{"component":"uaa"},"URIs":["uaa.bosh-lite.com","*.uaa.bosh-lite.com","login.bosh-lite.com","*.login.bosh-lite.com"],"RouteServiceUrl":"","RegistrationInterval":4000000000,"HealthCheck":{"Name":"uaa-healthcheck","ScriptPath":"/var/vcap/jobs/uaa/bin/health_check","Timeout":2000000000}}}}

2016-09-29T19:57:57.100073+00:00 05bf1627-ae2f-400c-b1ce-31973a9ff23f - - - [NXLOG@14506 bosh_deployment="cf-warden" bosh_job_name="uaa_z1" bosh_job_index="0" filename="/var/vcap/data/sys/log/route_registrar/route_registrar.stdout.log"] {"timestamp":"1475179070.822827339","source":"Route Registrar","message":"Route Registrar.Registering route","log_level":1,"data":{"route":{"Name":"uaa","Port":8080,"Tags":{"component":"uaa"},"URIs":["uaa.bosh-lite.com","*.uaa.bosh-lite.com","login.bosh-lite.com","*.login.bosh-lite.com"],"RouteServiceUrl":"","RegistrationInterval":4000000000,"HealthCheck":{"Name":"uaa-healthcheck","ScriptPath":"/var/vcap/jobs/uaa/bin/health_check","Timeout":2000000000}}}}

2016-09-29T19:57:57.100102+00:00 05bf1627-ae2f-400c-b1ce-31973a9ff23f - - - [NXLOG@14506 bosh_deployment="cf-warden" bosh_job_name="uaa_z1" bosh_job_index="0" filename="/var/vcap/data/sys/log/route_registrar/route_registrar.stdout.log"] {"timestamp":"1475179070.822888851","source":"Route Registrar","message":"Route Registrar.Registered routes successfully","log_level":1,"data":{}}

2016-09-29T19:57:57.100129+00:00 05bf1627-ae2f-400c-b1ce-31973a9ff23f - - - [NXLOG@14506 bosh_deployment="cf-warden" bosh_job_name="uaa_z1" bosh_job_index="0" filename="/var/vcap/data/sys/log/route_registrar/route_registrar.stdout.log"] {"timestamp":"1475179074.808424473","source":"Route Registrar","message":"Route Registrar.Executing script","log_level":1,"data":{"scriptPath":"/var/vcap/jobs/uaa/bin/health_check"}}

2016-09-29T19:57:57.100447+00:00 152ab062-1f32-4789-910a-13bdc79651b2 - - - [NXLOG@14506 bosh_deployment="cf-warden" bosh_job_name="hm9000_z1" bosh_job_index="0" filename="/var/vcap/data/sys/log/hm9000/hm9000_listener.log"] {"timestamp":"1475179071.750478506","source":"listener","message":"listener.Received a heartbeat","log_level":1,"data":{"Heartbeats Pending Save":"1"}}

2016-09-29T19:57:57.100534+00:00 152ab062-1f32-4789-910a-13bdc79651b2 - - - [NXLOG@14506 bosh_deployment="cf-warden" bosh_job_name="hm9000_z1" bosh_job_index="0" filename="/var/vcap/data/sys/log/hm9000/hm9000_listener.log"] {"timestamp":"1475179071.815999031","source":"listener","message":"listener.Saving Heartbeats","log_level":1,"data":{"Heartbeats to Save":"1"}}

2016-09-29T19:57:57.100582+00:00 152ab062-1f32-4789-910a-13bdc79651b2 - - - [NXLOG@14506 bosh_deployment="cf-warden" bosh_job_name="hm9000_z1" bosh_job_index="0" filename="/var/vcap/data/sys/log/hm9000/hm9000_listener.log"] {"timestamp":"1475179071.822750568","source":"listener","message":"listener.Bumped freshness","log_level":1,"data":{}}

2016-09-29T19:57:57.100628+00:00 152ab062-1f32-4789-910a-13bdc79651b2 - - - [NXLOG@14506 bosh_deployment="cf-warden" bosh_job_name="hm9000_z1" bosh_job_index="0" filename="/var/vcap/data/sys/log/hm9000/hm9000_listener.log"] {"timestamp":"1475179071.822908640","source":"listener","message":"listener.Saved Heartbeats","log_level":1,"data":{"Duration":"5.902712ms","Heartbeats to Save":"1"}}

2016-09-29T19:57:57.100157+00:00 05bf1627-ae2f-400c-b1ce-31973a9ff23f - - - [NXLOG@14506 bosh_deployment="cf-warden" bosh_job_name="uaa_z1" bosh_job_index="0" filename="/var/vcap/data/sys/log/route_registrar/route_registrar.stdout.log"] {"timestamp":"1475179074.819877863","source":"Route Registrar","message":"Route Registrar.Script exited without error","log_level":1,"data":{"script":"/var/vcap/jobs/uaa/bin/health_check","stderr":"  % Total    % Received % Xferd  Average Speed   Time    Time     Time  Current\n                                 Dload  Upload   Total   Spent    Left  Speed\n\r  0     0    0     0    0     0      0      0 --:--:-- --:--:-- --:--:--     0\r100     3  100     3    0     0   3105      0 --:--:-- --:--:-- --:--:--  3000\n","stdout":""}}

2016-09-29T19:57:57.100187+00:00 05bf1627-ae2f-400c-b1ce-31973a9ff23f - - - [NXLOG@14506 bosh_deployment="cf-warden" bosh_job_name="uaa_z1" bosh_job_index="0" filename="/var/vcap/data/sys/log/route_registrar/route_registrar.stdout.log"] {"timestamp":"1475179074.819985628","source":"Route Registrar","message":"Route Registrar.healthchecker returned healthy for route","log_level":1,"data":{"route":{"Name":"uaa","Port":8080,"Tags":{"component":"uaa"},"URIs":["uaa.bosh-lite.com","*.uaa.bosh-lite.com","login.bosh-lite.com","*.login.bosh-lite.com"],"RouteServiceUrl":"","RegistrationInterval":4000000000,"HealthCheck":{"Name":"uaa-healthcheck","ScriptPath":"/var/vcap/jobs/uaa/bin/health_check","Timeout":2000000000}}}}

2016-09-29T19:57:57.100216+00:00 05bf1627-ae2f-400c-b1ce-31973a9ff23f - - - [NXLOG@14506 bosh_deployment="cf-warden" bosh_job_name="uaa_z1" bosh_job_index="0" filename="/var/vcap/data/sys/log/route_registrar/route_registrar.stdout.log"] {"timestamp":"1475179074.820009708","source":"Route Registrar","message":"Route Registrar.Registering route","log_level":1,"data":{"route":{"Name":"uaa","Port":8080,"Tags":{"component":"uaa"},"URIs":["uaa.bosh-lite.com","*.uaa.bosh-lite.com","login.bosh-lite.com","*.login.bosh-lite.com"],"RouteServiceUrl":"","RegistrationInterval":4000000000,"HealthCheck":{"Name":"uaa-healthcheck","ScriptPath":"/var/vcap/jobs/uaa/bin/health_check","Timeout":2000000000}}}}

2016-09-29T19:57:57.100245+00:00 05bf1627-ae2f-400c-b1ce-31973a9ff23f - - - [NXLOG@14506 bosh_deployment="cf-warden" bosh_job_name="uaa_z1" bosh_job_index="0" filename="/var/vcap/data/sys/log/route_registrar/route_registrar.stdout.log"] {"timestamp":"1475179074.820089579","source":"Route Registrar","message":"Route Registrar.Registered routes successfully","log_level":1,"data":{}}

2016-09-29T19:57:57.100272+00:00 05bf1627-ae2f-400c-b1ce-31973a9ff23f - - - [NXLOG@14506 bosh_deployment="cf-warden" bosh_job_name="uaa_z1" bosh_job_index="0" filename="/var/vcap/data/sys/log/uaa/uaa.log"] [2016-09-29 19:57:50.549] uaa - 19013 [http-nio-127.0.0.1-8989-exec-3] .... DEBUG --- AntPathRequestMatcher: Checking match of request : '/healthz'; against '/resources/**'

2016-09-29T19:57:57.100299+00:00 05bf1627-ae2f-400c-b1ce-31973a9ff23f - - - [NXLOG@14506 bosh_deployment="cf-warden" bosh_job_name="uaa_z1" bosh_job_index="0" filename="/var/vcap/data/sys/log/uaa/uaa.log"] [2016-09-29 19:57:50.549] uaa - 19013 [http-nio-127.0.0.1-8989-exec-3] .... DEBUG --- AntPathRequestMatcher: Checking match of request : '/healthz'; against '/square-logo.png'

2016-09-29T19:57:57.100326+00:00 05bf1627-ae2f-400c-b1ce-31973a9ff23f - - - [NXLOG@14506 bosh_deployment="cf-warden" bosh_job_name="uaa_z1" bosh_job_index="0" filename="/var/vcap/data/sys/log/uaa/uaa.log"] [2016-09-29 19:57:50.549] uaa - 19013 [http-nio-127.0.0.1-8989-exec-3] .... DEBUG --- AntPathRequestMatcher: Checking match of request : '/healthz'; against '/info'

2016-09-29T19:57:57.100344+00:00 05bf1627-ae2f-400c-b1ce-31973a9ff23f - - - [NXLOG@14506 bosh_deployment="cf-warden" bosh_job_name="uaa_z1" bosh_job_index="0" filename="/var/vcap/data/sys/log/uaa/uaa.log"] [2016-09-29 19:57:50.549] uaa - 19013 [http-nio-127.0.0.1-8989-exec-3] .... DEBUG --- AntPathRequestMatcher: Checking match of request : '/healthz'; against '/password/**'

2016-09-29T19:57:57.100354+00:00 05bf1627-ae2f-400c-b1ce-31973a9ff23f - - - [NXLOG@14506 bosh_deployment="cf-warden" bosh_job_name="uaa_z1" bosh_job_index="0" filename="/var/vcap/data/sys/log/uaa/uaa.log"] [2016-09-29 19:57:50.549] uaa - 19013 [http-nio-127.0.0.1-8989-exec-3] .... DEBUG --- AntPathRequestMatcher: Checking match of request : '/healthz'; against '/healthz/**'

2016-09-29T19:57:57.100362+00:00 05bf1627-ae2f-400c-b1ce-31973a9ff23f - - - [NXLOG@14506 bosh_deployment="cf-warden" bosh_job_name="uaa_z1" bosh_job_index="0" filename="/var/vcap/data/sys/log/uaa/uaa.log"] [2016-09-29 19:57:50.549] uaa - 19013 [http-nio-127.0.0.1-8989-exec-3] .... DEBUG --- FilterChainProxy: /healthz has an empty filter list

2016-09-29T19:57:57.100370+00:00 05bf1627-ae2f-400c-b1ce-31973a9ff23f - - - [NXLOG@14506 bosh_deployment="cf-warden" bosh_job_name="uaa_z1" bosh_job_index="0" filename="/var/vcap/data/sys/log/uaa/uaa.log"] [2016-09-29 19:57:50.549] uaa - 19013 [http-nio-127.0.0.1-8989-exec-3] .... DEBUG --- DispatcherServlet: DispatcherServlet with name 'spring' processing GET request for [/healthz]

2016-09-29T19:57:57.100390+00:00 05bf1627-ae2f-400c-b1ce-31973a9ff23f - - - [NXLOG@14506 bosh_deployment="cf-warden" bosh_job_name="uaa_z1" bosh_job_index="0" filename="/var/vcap/data/sys/log/uaa/uaa.log"] [2016-09-29 19:57:50.549] uaa - 19013 [http-nio-127.0.0.1-8989-exec-3] .... DEBUG --- DispatcherServlet: Last-Modified value for [/healthz] is: -1

2016-09-29T19:57:57.100399+00:00 05bf1627-ae2f-400c-b1ce-31973a9ff23f - - - [NXLOG@14506 bosh_deployment="cf-warden" bosh_job_name="uaa_z1" bosh_job_index="0" filename="/var/vcap/data/sys/log/uaa/uaa.log"] [2016-09-29 19:57:50.549] uaa - 19013 [http-nio-127.0.0.1-8989-exec-3] .... DEBUG --- RequestResponseBodyMethodProcessor: Written [ok

2016-09-29T19:57:57.100407+00:00 05bf1627-ae2f-400c-b1ce-31973a9ff23f - - - [NXLOG@14506 bosh_deployment="cf-warden" bosh_job_name="uaa_z1" bosh_job_index="0" filename="/var/vcap/data/sys/log/uaa/uaa.log"] ] as "text/plain;charset=ISO-8859-1" using [org.springframework.http.converter.StringHttpMessageConverter@178b2baf]

2016-09-29T19:57:57.100415+00:00 05bf1627-ae2f-400c-b1ce-31973a9ff23f - - - [NXLOG@14506 bosh_deployment="cf-warden" bosh_job_name="uaa_z1" bosh_job_index="0" filename="/var/vcap/data/sys/log/uaa/uaa.log"] [2016-09-29 19:57:50.549] uaa - 19013 [http-nio-127.0.0.1-8989-exec-3] .... DEBUG --- DispatcherServlet: Null ModelAndView returned to DispatcherServlet with name 'spring': assuming HandlerAdapter completed request handling

2016-09-29T19:57:57.100434+00:00 05bf1627-ae2f-400c-b1ce-31973a9ff23f - - - [NXLOG@14506 bosh_deployment="cf-warden" bosh_job_name="uaa_z1" bosh_job_index="0" filename="/var/vcap/data/sys/log/uaa/uaa.log"] [2016-09-29 19:57:50.549] uaa - 19013 [http-nio-127.0.0.1-8989-exec-3] .... DEBUG --- DispatcherServlet: Successfully completed request

2016-09-29T19:57:57.100443+00:00 05bf1627-ae2f-400c-b1ce-31973a9ff23f - - - [NXLOG@14506 bosh_deployment="cf-warden" bosh_job_name="uaa_z1" bosh_job_index="0" filename="/var/vcap/data/sys/log/uaa/uaa.log"] [2016-09-29 19:57:50.818] uaa - 19013 [http-nio-127.0.0.1-8989-exec-1] .... DEBUG --- AntPathRequestMatcher: Checking match of request : '/healthz'; against '/resources/**'

2016-09-29T19:57:57.100451+00:00 05bf1627-ae2f-400c-b1ce-31973a9ff23f - - - [NXLOG@14506 bosh_deployment="cf-warden" bosh_job_name="uaa_z1" bosh_job_index="0" filename="/var/vcap/data/sys/log/uaa/uaa.log"] [2016-09-29 19:57:50.818] uaa - 19013 [http-nio-127.0.0.1-8989-exec-1] .... DEBUG --- AntPathRequestMatcher: Checking match of request : '/healthz'; against '/square-logo.png'

2016-09-29T19:57:57.100460+00:00 05bf1627-ae2f-400c-b1ce-31973a9ff23f - - - [NXLOG@14506 bosh_deployment="cf-warden" bosh_job_name="uaa_z1" bosh_job_index="0" filename="/var/vcap/data/sys/log/uaa/uaa.log"] [2016-09-29 19:57:50.818] uaa - 19013 [http-nio-127.0.0.1-8989-exec-1] .... DEBUG --- AntPathRequestMatcher: Checking match of request : '/healthz'; against '/info'

2016-09-29T19:57:57.100479+00:00 05bf1627-ae2f-400c-b1ce-31973a9ff23f - - - [NXLOG@14506 bosh_deployment="cf-warden" bosh_job_name="uaa_z1" bosh_job_index="0" filename="/var/vcap/data/sys/log/uaa/uaa.log"] [2016-09-29 19:57:50.818] uaa - 19013 [http-nio-127.0.0.1-8989-exec-1] .... DEBUG --- AntPathRequestMatcher: Checking match of request : '/healthz'; against '/password/**'

2016-09-29T19:57:57.100488+00:00 05bf1627-ae2f-400c-b1ce-31973a9ff23f - - - [NXLOG@14506 bosh_deployment="cf-warden" bosh_job_name="uaa_z1" bosh_job_index="0" filename="/var/vcap/data/sys/log/uaa/uaa.log"] [2016-09-29 19:57:50.818] uaa - 19013 [http-nio-127.0.0.1-8989-exec-1] .... DEBUG --- AntPathRequestMatcher: Checking match of request : '/healthz'; against '/healthz/**'

2016-09-29T19:57:57.100496+00:00 05bf1627-ae2f-400c-b1ce-31973a9ff23f - - - [NXLOG@14506 bosh_deployment="cf-warden" bosh_job_name="uaa_z1" bosh_job_index="0" filename="/var/vcap/data/sys/log/uaa/uaa.log"] [2016-09-29 19:57:50.818] uaa - 19013 [http-nio-127.0.0.1-8989-exec-1] .... DEBUG --- FilterChainProxy: /healthz has an empty filter list

2016-09-29T19:57:57.100504+00:00 05bf1627-ae2f-400c-b1ce-31973a9ff23f - - - [NXLOG@14506 bosh_deployment="cf-warden" bosh_job_name="uaa_z1" bosh_job_index="0" filename="/var/vcap/data/sys/log/uaa/uaa.log"] [2016-09-29 19:57:50.818] uaa - 19013 [http-nio-127.0.0.1-8989-exec-1] .... DEBUG --- DispatcherServlet: DispatcherServlet with name 'spring' processing GET request for [/healthz]

2016-09-29T19:57:57.100523+00:00 05bf1627-ae2f-400c-b1ce-31973a9ff23f - - - [NXLOG@14506 bosh_deployment="cf-warden" bosh_job_name="uaa_z1" bosh_job_index="0" filename="/var/vcap/data/sys/log/uaa/uaa.log"] [2016-09-29 19:57:50.819] uaa - 19013 [http-nio-127.0.0.1-8989-exec-1] .... DEBUG --- DispatcherServlet: Last-Modified value for [/healthz] is: -1

2016-09-29T19:57:57.100532+00:00 05bf1627-ae2f-400c-b1ce-31973a9ff23f - - - [NXLOG@14506 bosh_deployment="cf-warden" bosh_job_name="uaa_z1" bosh_job_index="0" filename="/var/vcap/data/sys/log/uaa/uaa.log"] [2016-09-29 19:57:50.819] uaa - 19013 [http-nio-127.0.0.1-8989-exec-1] .... DEBUG --- RequestResponseBodyMethodProcessor: Written [ok

2016-09-29T19:57:57.100540+00:00 05bf1627-ae2f-400c-b1ce-31973a9ff23f - - - [NXLOG@14506 bosh_deployment="cf-warden" bosh_job_name="uaa_z1" bosh_job_index="0" filename="/var/vcap/data/sys/log/uaa/uaa.log"] ] as "text/plain;charset=ISO-8859-1" using [org.springframework.http.converter.StringHttpMessageConverter@178b2baf]

2016-09-29T19:57:57.100548+00:00 05bf1627-ae2f-400c-b1ce-31973a9ff23f - - - [NXLOG@14506 bosh_deployment="cf-warden" bosh_job_name="uaa_z1" bosh_job_index="0" filename="/var/vcap/data/sys/log/uaa/uaa.log"] [2016-09-29 19:57:50.819] uaa - 19013 [http-nio-127.0.0.1-8989-exec-1] .... DEBUG --- DispatcherServlet: Null ModelAndView returned to DispatcherServlet with name 'spring': assuming HandlerAdapter completed request handling

2016-09-29T19:57:57.100568+00:00 05bf1627-ae2f-400c-b1ce-31973a9ff23f - - - [NXLOG@14506 bosh_deployment="cf-warden" bosh_job_name="uaa_z1" bosh_job_index="0" filename="/var/vcap/data/sys/log/uaa/uaa.log"] [2016-09-29 19:57:50.819] uaa - 19013 [http-nio-127.0.0.1-8989-exec-1] .... DEBUG --- DispatcherServlet: Successfully completed request

2016-09-29T19:57:57.100577+00:00 05bf1627-ae2f-400c-b1ce-31973a9ff23f - - - [NXLOG@14506 bosh_deployment="cf-warden" bosh_job_name="uaa_z1" bosh_job_index="0" filename="/var/vcap/data/sys/log/uaa/uaa.log"] [2016-09-29 19:57:51.156] uaa - 19013 [pool-2-thread-1] .... DEBUG --- JdbcTemplate: Executing SQL query [select count(*) from oauth_client_details]

2016-09-29T19:57:57.100585+00:00 05bf1627-ae2f-400c-b1ce-31973a9ff23f - - - [NXLOG@14506 bosh_deployment="cf-warden" bosh_job_name="uaa_z1" bosh_job_index="0" filename="/var/vcap/data/sys/log/uaa/uaa.log"] [2016-09-29 19:57:51.157] uaa - 19013 [pool-2-thread-1] .... DEBUG --- JdbcTemplate: Executing SQL query [select count(*) from users]

2016-09-29T19:57:57.100592+00:00 05bf1627-ae2f-400c-b1ce-31973a9ff23f - - - [NXLOG@14506 bosh_deployment="cf-warden" bosh_job_name="uaa_z1" bosh_job_index="0" filename="/var/vcap/data/sys/log/uaa/uaa.log"] [2016-09-29 19:57:54.817] uaa - 19013 [http-nio-127.0.0.1-8989-exec-6] .... DEBUG --- AntPathRequestMatcher: Checking match of request : '/healthz'; against '/resources/**'

2016-09-29T19:57:57.100611+00:00 05bf1627-ae2f-400c-b1ce-31973a9ff23f - - - [NXLOG@14506 bosh_deployment="cf-warden" bosh_job_name="uaa_z1" bosh_job_index="0" filename="/var/vcap/data/sys/log/uaa/uaa.log"] [2016-09-29 19:57:54.817] uaa - 19013 [http-nio-127.0.0.1-8989-exec-6] .... DEBUG --- AntPathRequestMatcher: Checking match of request : '/healthz'; against '/square-logo.png'

2016-09-29T19:57:57.100620+00:00 05bf1627-ae2f-400c-b1ce-31973a9ff23f - - - [NXLOG@14506 bosh_deployment="cf-warden" bosh_job_name="uaa_z1" bosh_job_index="0" filename="/var/vcap/data/sys/log/uaa/uaa.log"] [2016-09-29 19:57:54.817] uaa - 19013 [http-nio-127.0.0.1-8989-exec-6] .... DEBUG --- AntPathRequestMatcher: Checking match of request : '/healthz'; against '/info'

2016-09-29T19:57:57.100629+00:00 05bf1627-ae2f-400c-b1ce-31973a9ff23f - - - [NXLOG@14506 bosh_deployment="cf-warden" bosh_job_name="uaa_z1" bosh_job_index="0" filename="/var/vcap/data/sys/log/uaa/uaa.log"] [2016-09-29 19:57:54.817] uaa - 19013 [http-nio-127.0.0.1-8989-exec-6] .... DEBUG --- AntPathRequestMatcher: Checking match of request : '/healthz'; against '/password/**'

2016-09-29T19:57:57.100636+00:00 05bf1627-ae2f-400c-b1ce-31973a9ff23f - - - [NXLOG@14506 bosh_deployment="cf-warden" bosh_job_name="uaa_z1" bosh_job_index="0" filename="/var/vcap/data/sys/log/uaa/uaa.log"] [2016-09-29 19:57:54.817] uaa - 19013 [http-nio-127.0.0.1-8989-exec-6] .... DEBUG --- AntPathRequestMatcher: Checking match of request : '/healthz'; against '/healthz/**'

2016-09-29T19:57:57.100646+00:00 05bf1627-ae2f-400c-b1ce-31973a9ff23f - - - [NXLOG@14506 bosh_deployment="cf-warden" bosh_job_name="uaa_z1" bosh_job_index="0" filename="/var/vcap/data/sys/log/uaa/uaa.log"] [2016-09-29 19:57:54.817] uaa - 19013 [http-nio-127.0.0.1-8989-exec-6] .... DEBUG --- FilterChainProxy: /healthz has an empty filter list

2016-09-29T19:57:57.100655+00:00 05bf1627-ae2f-400c-b1ce-31973a9ff23f - - - [NXLOG@14506 bosh_deployment="cf-warden" bosh_job_name="uaa_z1" bosh_job_index="0" filename="/var/vcap/data/sys/log/uaa/uaa.log"] [2016-09-29 19:57:54.817] uaa - 19013 [http-nio-127.0.0.1-8989-exec-6] .... DEBUG --- DispatcherServlet: DispatcherServlet with name 'spring' processing GET request for [/healthz]

2016-09-29T19:57:57.100665+00:00 05bf1627-ae2f-400c-b1ce-31973a9ff23f - - - [NXLOG@14506 bosh_deployment="cf-warden" bosh_job_name="uaa_z1" bosh_job_index="0" filename="/var/vcap/data/sys/log/uaa/uaa.log"] [2016-09-29 19:57:54.817] uaa - 19013 [http-nio-127.0.0.1-8989-exec-6] .... DEBUG --- DispatcherServlet: Last-Modified value for [/healthz] is: -1

2016-09-29T19:57:57.100675+00:00 05bf1627-ae2f-400c-b1ce-31973a9ff23f - - - [NXLOG@14506 bosh_deployment="cf-warden" bosh_job_name="uaa_z1" bosh_job_index="0" filename="/var/vcap/data/sys/log/uaa/uaa.log"] [2016-09-29 19:57:54.817] uaa - 19013 [http-nio-127.0.0.1-8989-exec-6] .... DEBUG --- RequestResponseBodyMethodProcessor: Written [ok

2016-09-29T19:57:57.100684+00:00 05bf1627-ae2f-400c-b1ce-31973a9ff23f - - - [NXLOG@14506 bosh_deployment="cf-warden" bosh_job_name="uaa_z1" bosh_job_index="0" filename="/var/vcap/data/sys/log/uaa/uaa.log"] ] as "text/plain;charset=ISO-8859-1" using [org.springframework.http.converter.StringHttpMessageConverter@178b2baf]

2016-09-29T19:57:57.100693+00:00 05bf1627-ae2f-400c-b1ce-31973a9ff23f - - - [NXLOG@14506 bosh_deployment="cf-warden" bosh_job_name="uaa_z1" bosh_job_index="0" filename="/var/vcap/data/sys/log/uaa/uaa.log"] [2016-09-29 19:57:54.818] uaa - 19013 [http-nio-127.0.0.1-8989-exec-6] .... DEBUG --- DispatcherServlet: Null ModelAndView returned to DispatcherServlet with name 'spring': assuming HandlerAdapter completed request handling

2016-09-29T19:57:57.100703+00:00 05bf1627-ae2f-400c-b1ce-31973a9ff23f - - - [NXLOG@14506 bosh_deployment="cf-warden" bosh_job_name="uaa_z1" bosh_job_index="0" filename="/var/vcap/data/sys/log/uaa/uaa.log"] [2016-09-29 19:57:54.818] uaa - 19013 [http-nio-127.0.0.1-8989-exec-6] .... DEBUG --- DispatcherServlet: Successfully completed request

2016-09-29T19:57:57.100713+00:00 05bf1627-ae2f-400c-b1ce-31973a9ff23f - - - [NXLOG@14506 bosh_deployment="cf-warden" bosh_job_name="uaa_z1" bosh_job_index="0" filename="/var/vcap/data/sys/log/uaa/uaa.log"] [2016-09-29 19:57:56.156] uaa - 19013 [pool-2-thread-1] .... DEBUG --- JdbcTemplate: Executing SQL query [select count(*) from oauth_client_details]

2016-09-29T19:57:57.100722+00:00 05bf1627-ae2f-400c-b1ce-31973a9ff23f - - - [NXLOG@14506 bosh_deployment="cf-warden" bosh_job_name="uaa_z1" bosh_job_index="0" filename="/var/vcap/data/sys/log/uaa/uaa.log"] [2016-09-29 19:57:56.158] uaa - 19013 [pool-2-thread-1] .... DEBUG --- JdbcTemplate: Executing SQL query [select count(*) from users]

2016-09-29T19:57:57.103253+00:00 b0fa19c0-86de-4447-a670-3f7adbd0b3c1 - - - [NXLOG@14506 bosh_deployment="cf-warden" bosh_job_name="api_z1" bosh_job_index="0" filename="/var/vcap/data/sys/log/cloud_controller_worker/cloud_controller_worker.log"] {"timestamp":1475179070.538655,"message":"(0.000995s) SELECT * FROM \"delayed_jobs\" WHERE ((((\"run_at\" <= '2016-09-29 19:57:50.537059+0000') AND (\"locked_at\" IS NULL)) OR (\"locked_by\" = 'cc_global_worker.api_z1.0.1')) AND (\"failed_at\" IS NULL) AND (\"queue\" IN ('cc-generic'))) ORDER BY \"priority\" ASC, \"run_at\" ASC LIMIT 5","log_level":"debug2","source":"cc.background","data":{},"thread_id":47193737007380,"fiber_id":47193773841900,"process_id":15807,"file":"/var/vcap/packages/cloud_controller_ng/cloud_controller_ng/vendor/bundle/ruby/2.3.0/gems/sequel-4.29.0/lib/sequel/database/logging.rb","lineno":70,"method":"block in log_each"}

2016-09-29T19:57:57.103374+00:00 b0fa19c0-86de-4447-a670-3f7adbd0b3c1 - - - [NXLOG@14506 bosh_deployment="cf-warden" bosh_job_name="api_z1" bosh_job_index="0" filename="/var/vcap/data/sys/log/cloud_controller_worker/cloud_controller_worker.log"] {"timestamp":1475179075.5619743,"message":"(0.000539s) SELECT * FROM \"delayed_jobs\" WHERE ((((\"run_at\" <= '2016-09-29 19:57:55.560936+0000') AND (\"locked_at\" IS NULL)) OR (\"locked_by\" = 'cc_global_worker.api_z1.0.1')) AND (\"failed_at\" IS NULL) AND (\"queue\" IN ('cc-generic'))) ORDER BY \"priority\" ASC, \"run_at\" ASC LIMIT 5","log_level":"debug2","source":"cc.background","data":{},"thread_id":47193737007380,"fiber_id":47193773841900,"process_id":15807,"file":"/var/vcap/packages/cloud_controller_ng/cloud_controller_ng/vendor/bundle/ruby/2.3.0/gems/sequel-4.29.0/lib/sequel/database/logging.rb","lineno":70,"method":"block in log_each"}

2016-09-29T19:57:57.103422+00:00 b0fa19c0-86de-4447-a670-3f7adbd0b3c1 - - - [NXLOG@14506 bosh_deployment="cf-warden" bosh_job_name="api_z1" bosh_job_index="0" filename="/var/vcap/data/sys/log/nginx_cc/nginx.access.log"] 10.244.0.138 - [29/Sep/2016:19:57:56 +0000] "GET /v2/info HTTP/1.1" 200 802 "-" "monit/5.2.5" 10.244.0.138 vcap_request_id:a632a1a0-4cfd-4509-bf72-8892ee298b2f response_time:0.005

2016-09-29T19:57:57.103451+00:00 b0fa19c0-86de-4447-a670-3f7adbd0b3c1 - - - [NXLOG@14506 bosh_deployment="cf-warden" bosh_job_name="api_z1" bosh_job_index="0" filename="/var/vcap/data/sys/log/cloud_controller_ng/cloud_controller_ng.log"] {"timestamp":1475179070.5934625,"message":"(0.000809s) SELECT * FROM \"delayed_jobs\" WHERE ((((\"run_at\" <= '2016-09-29 19:57:50.591232+0000') AND (\"locked_at\" IS NULL)) OR (\"locked_by\" = 'cc_api_worker.api_z1.0.2')) AND (\"failed_at\" IS NULL) AND (\"queue\" IN ('cc-api_z1-0'))) ORDER BY \"priority\" ASC, \"run_at\" ASC LIMIT 5","log_level":"debug2","source":"cc.background","data":{},"thread_id":47118928261380,"fiber_id":47118965175380,"process_id":15629,"file":"/var/vcap/packages/cloud_controller_ng/cloud_controller_ng/vendor/bundle/ruby/2.3.0/gems/sequel-4.29.0/lib/sequel/database/logging.rb","lineno":70,"method":"block in log_each"}

2016-09-29T19:57:57.103492+00:00 b0fa19c0-86de-4447-a670-3f7adbd0b3c1 - - - [NXLOG@14506 bosh_deployment="cf-warden" bosh_job_name="api_z1" bosh_job_index="0" filename="/var/vcap/data/sys/log/cloud_controller_ng/cloud_controller_ng.log"] {"timestamp":1475179072.0069902,"message":"(0.000700s) SELECT * FROM \"delayed_jobs\" WHERE ((((\"run_at\" <= '2016-09-29 19:57:52.005744+0000') AND (\"locked_at\" IS NULL)) OR (\"locked_by\" = 'cc_api_worker.api_z1.0.1')) AND (\"failed_at\" IS NULL) AND (\"queue\" IN ('cc-api_z1-0'))) ORDER BY \"priority\" ASC, \"run_at\" ASC LIMIT 5","log_level":"debug2","source":"cc.background","data":{},"thread_id":47452862460180,"fiber_id":47452899698480,"process_id":15587,"file":"/var/vcap/packages/cloud_controller_ng/cloud_controller_ng/vendor/bundle/ruby/2.3.0/gems/sequel-4.29.0/lib/sequel/database/logging.rb","lineno":70,"method":"block in log_each"}

2016-09-29T19:57:57.103524+00:00 b0fa19c0-86de-4447-a670-3f7adbd0b3c1 - - - [NXLOG@14506 bosh_deployment="cf-warden" bosh_job_name="api_z1" bosh_job_index="0" filename="/var/vcap/data/sys/log/cloud_controller_ng/cloud_controller_ng.log"] {"timestamp":1475179075.6125877,"message":"(0.000428s) SELECT * FROM \"delayed_jobs\" WHERE ((((\"run_at\" <= '2016-09-29 19:57:55.611588+0000') AND (\"locked_at\" IS NULL)) OR (\"locked_by\" = 'cc_api_worker.api_z1.0.2')) AND (\"failed_at\" IS NULL) AND (\"queue\" IN ('cc-api_z1-0'))) ORDER BY \"priority\" ASC, \"run_at\" ASC LIMIT 5","log_level":"debug2","source":"cc.background","data":{},"thread_id":47118928261380,"fiber_id":47118965175380,"process_id":15629,"file":"/var/vcap/packages/cloud_controller_ng/cloud_controller_ng/vendor/bundle/ruby/2.3.0/gems/sequel-4.29.0/lib/sequel/database/logging.rb","lineno":70,"method":"block in log_each"}

2016-09-29T19:57:57.103564+00:00 b0fa19c0-86de-4447-a670-3f7adbd0b3c1 - - - [NXLOG@14506 bosh_deployment="cf-warden" bosh_job_name="api_z1" bosh_job_index="0" filename="/var/vcap/data/sys/log/cloud_controller_ng/cloud_controller_ng.log"] {"timestamp":1475179076.8512645,"message":"Statsd: cc.requests.outstanding:1|c","log_level":"debug","source":"statsd.client","data":{},"thread_id":47062185510540,"fiber_id":47062184968220,"process_id":15535,"file":"/var/vcap/packages/cloud_controller_ng/cloud_controller_ng/vendor/bundle/ruby/2.3.0/gems/statsd-ruby-1.2.1/lib/statsd.rb","lineno":254,"method":"send_to_socket"}

2016-09-29T19:57:57.103613+00:00 b0fa19c0-86de-4447-a670-3f7adbd0b3c1 - - - [NXLOG@14506 bosh_deployment="cf-warden" bosh_job_name="api_z1" bosh_job_index="0" filename="/var/vcap/data/sys/log/cloud_controller_ng/cloud_controller_ng.log"] {"timestamp":1475179076.852069,"message":"Started GET \"/v2/info\" for user: , ip: 127.0.0.1 with vcap-request-id: a632a1a0-4cfd-4509-bf72-8892ee298b2f at 2016-09-29 19:57:56 UTC","log_level":"info","source":"cc.api","data":{},"thread_id":47062185510540,"fiber_id":47062184968220,"process_id":15535,"file":"/var/vcap/packages/cloud_controller_ng/cloud_controller_ng/middleware/request_logs.rb","lineno":12,"method":"call"}

2016-09-29T19:57:57.103655+00:00 b0fa19c0-86de-4447-a670-3f7adbd0b3c1 - - - [NXLOG@14506 bosh_deployment="cf-warden" bosh_job_name="api_z1" bosh_job_index="0" filename="/var/vcap/data/sys/log/cloud_controller_ng/cloud_controller_ng.log"] {"timestamp":1475179076.8530838,"message":"dispatch VCAP::CloudController::InfoController get /v2/info","log_level":"debug","source":"cc.api","data":{"request_guid":"a632a1a0-4cfd-4509-bf72-8892ee298b2f"},"thread_id":47062185510540,"fiber_id":47062184968220,"process_id":15535,"file":"/var/vcap/data/packages/cloud_controller_ng/f87cb49aa2cd87792cb9c2211a79e1542502be4d.1-b1a5f3c830cb6c32ae9e685628b24aa967f5ae54/cloud_controller_ng/lib/cloud_controller/rest_controller/routes.rb","lineno":12,"method":"block in define_route"}

2016-09-29T19:57:57.103687+00:00 b0fa19c0-86de-4447-a670-3f7adbd0b3c1 - - - [NXLOG@14506 bosh_deployment="cf-warden" bosh_job_name="api_z1" bosh_job_index="0" filename="/var/vcap/data/sys/log/cloud_controller_ng/cloud_controller_ng.log"] {"timestamp":1475179076.8533068,"message":"parse_params: {} ","log_level":"debug","source":"cc.api","data":{"request_guid":"a632a1a0-4cfd-4509-bf72-8892ee298b2f"},"thread_id":47062185510540,"fiber_id":47062184968220,"process_id":15535,"file":"/var/vcap/data/packages/cloud_controller_ng/f87cb49aa2cd87792cb9c2211a79e1542502be4d.1-b1a5f3c830cb6c32ae9e685628b24aa967f5ae54/cloud_controller_ng/lib/cloud_controller/rest_controller/common_params.rb","lineno":10,"method":"parse"}

2016-09-29T19:57:57.103728+00:00 b0fa19c0-86de-4447-a670-3f7adbd0b3c1 - - - [NXLOG@14506 bosh_deployment="cf-warden" bosh_job_name="api_z1" bosh_job_index="0" filename="/var/vcap/data/sys/log/cloud_controller_ng/cloud_controller_ng.log"] {"timestamp":1475179076.8534267,"message":"cc.dispatch","log_level":"debug","source":"cc.api","data":{"request_guid":"a632a1a0-4cfd-4509-bf72-8892ee298b2f","endpoint":"read","args":[]},"thread_id":47062185510540,"fiber_id":47062184968220,"process_id":15535,"file":"/var/vcap/data/packages/cloud_controller_ng/f87cb49aa2cd87792cb9c2211a79e1542502be4d.1-b1a5f3c830cb6c32ae9e685628b24aa967f5ae54/cloud_controller_ng/app/controllers/base/base_controller.rb","lineno":78,"method":"dispatch"}

2016-09-29T19:57:57.103760+00:00 b0fa19c0-86de-4447-a670-3f7adbd0b3c1 - - - [NXLOG@14506 bosh_deployment="cf-warden" bosh_job_name="api_z1" bosh_job_index="0" filename="/var/vcap/data/sys/log/cloud_controller_ng/cloud_controller_ng.log"] {"timestamp":1475179076.8537138,"message":"Completed 200 vcap-request-id: a632a1a0-4cfd-4509-bf72-8892ee298b2f","log_level":"info","source":"cc.api","data":{},"thread_id":47062185510540,"fiber_id":47062184968220,"process_id":15535,"file":"/var/vcap/packages/cloud_controller_ng/cloud_controller_ng/middleware/request_logs.rb","lineno":24,"method":"call"}

2016-09-29T19:57:57.103808+00:00 b0fa19c0-86de-4447-a670-3f7adbd0b3c1 - - - [NXLOG@14506 bosh_deployment="cf-warden" bosh_job_name="api_z1" bosh_job_index="0" filename="/var/vcap/data/sys/log/cloud_controller_ng/cloud_controller_ng.log"] {"timestamp":1475179076.8538892,"message":"Statsd: cc.requests.outstanding:-1|c\ncc.requests.completed:1|c\ncc.http_status.2XX:1|c","log_level":"debug","source":"statsd.client","data":{},"thread_id":47062185510540,"fiber_id":47062184968220,"process_id":15535,"file":"/var/vcap/packages/cloud_controller_ng/cloud_controller_ng/vendor/bundle/ruby/2.3.0/gems/statsd-ruby-1.2.1/lib/statsd.rb","lineno":254,"method":"send_to_socket"}

2016-09-29T19:57:57.103849+00:00 b0fa19c0-86de-4447-a670-3f7adbd0b3c1 - - - [NXLOG@14506 bosh_deployment="cf-warden" bosh_job_name="api_z1" bosh_job_index="0" filename="/var/vcap/data/sys/log/cloud_controller_ng/cloud_controller_ng.log"] {"timestamp":1475179077.0297282,"message":"(0.000554s) SELECT * FROM \"delayed_jobs\" WHERE ((((\"run_at\" <= '2016-09-29 19:57:57.028913+0000') AND (\"locked_at\" IS NULL)) OR (\"locked_by\" = 'cc_api_worker.api_z1.0.1')) AND (\"failed_at\" IS NULL) AND (\"queue\" IN ('cc-api_z1-0'))) ORDER BY \"priority\" ASC, \"run_at\" ASC LIMIT 5","log_level":"debug2","source":"cc.background","data":{},"thread_id":47452862460180,"fiber_id":47452899698480,"process_id":15587,"file":"/var/vcap/packages/cloud_controller_ng/cloud_controller_ng/vendor/bundle/ruby/2.3.0/gems/sequel-4.29.0/lib/sequel/database/logging.rb","lineno":70,"method":"block in log_each"}

2016-09-29T19:58:06.966632+00:00 bfc626ef-a2eb-4bad-8f71-fa1d6d0f927f - - - [NXLOG@14506 bosh_deployment="cf-warden" bosh_job_name="loggregator_trafficcontroller_z1" bosh_job_index="0" filename="/var/vcap/data/sys/log/route_registrar/route_registrar.stdout.log"] {"timestamp":"1475179086.734098673","source":"Route Registrar","message":"Route Registrar.no healthchecker found for route","log_level":1,"data":{"route":{"Name":"doppler","Port":8081,"Tags":null,"URIs":["doppler.bosh-lite.com"],"RouteServiceUrl":"","RegistrationInterval":20000000000,"HealthCheck":null}}}

2016-09-29T19:58:06.966751+00:00 bfc626ef-a2eb-4bad-8f71-fa1d6d0f927f - - - [NXLOG@14506 bosh_deployment="cf-warden" bosh_job_name="loggregator_trafficcontroller_z1" bosh_job_index="0" filename="/var/vcap/data/sys/log/route_registrar/route_registrar.stdout.log"] {"timestamp":"1475179086.734187365","source":"Route Registrar","message":"Route Registrar.Registering route","log_level":1,"data":{"route":{"Name":"doppler","Port":8081,"Tags":null,"URIs":["doppler.bosh-lite.com"],"RouteServiceUrl":"","RegistrationInterval":20000000000,"HealthCheck":null}}}

2016-09-29T19:58:06.966821+00:00 bfc626ef-a2eb-4bad-8f71-fa1d6d0f927f - - - [NXLOG@14506 bosh_deployment="cf-warden" bosh_job_name="loggregator_trafficcontroller_z1" bosh_job_index="0" filename="/var/vcap/data/sys/log/route_registrar/route_registrar.stdout.log"] {"timestamp":"1475179086.734327555","source":"Route Registrar","message":"Route Registrar.Registered routes successfully","log_level":1,"data":{}}

2016-09-29T19:58:06.966879+00:00 bfc626ef-a2eb-4bad-8f71-fa1d6d0f927f - - - [NXLOG@14506 bosh_deployment="cf-warden" bosh_job_name="loggregator_trafficcontroller_z1" bosh_job_index="0" filename="/var/vcap/data/sys/log/route_registrar/route_registrar.stdout.log"] {"timestamp":"1475179086.734359503","source":"Route Registrar","message":"Route Registrar.no healthchecker found for route","log_level":1,"data":{"route":{"Name":"loggregator","Port":8080,"Tags":null,"URIs":["loggregator.bosh-lite.com"],"RouteServiceUrl":"","RegistrationInterval":20000000000,"HealthCheck":null}}}

2016-09-29T19:58:06.966931+00:00 bfc626ef-a2eb-4bad-8f71-fa1d6d0f927f - - - [NXLOG@14506 bosh_deployment="cf-warden" bosh_job_name="loggregator_trafficcontroller_z1" bosh_job_index="0" filename="/var/vcap/data/sys/log/route_registrar/route_registrar.stdout.log"] {"timestamp":"1475179086.734373331","source":"Route Registrar","message":"Route Registrar.Registering route","log_level":1,"data":{"route":{"Name":"loggregator","Port":8080,"Tags":null,"URIs":["loggregator.bosh-lite.com"],"RouteServiceUrl":"","RegistrationInterval":20000000000,"HealthCheck":null}}}

2016-09-29T19:58:06.966992+00:00 bfc626ef-a2eb-4bad-8f71-fa1d6d0f927f - - - [NXLOG@14506 bosh_deployment="cf-warden" bosh_job_name="loggregator_trafficcontroller_z1" bosh_job_index="0" filename="/var/vcap/data/sys/log/route_registrar/route_registrar.stdout.log"] {"timestamp":"1475179086.734441042","source":"Route Registrar","message":"Route Registrar.Registered routes successfully","log_level":1,"data":{}}

2016-09-29T19:58:06.967563+00:00 81da04d2-3e1d-4a50-80cd-e5b2e7a3a719 - - - [NXLOG@14506 bosh_deployment="cf-warden" bosh_job_name="router_z1" bosh_job_index="0" filename="/var/vcap/data/sys/log/gorouter/access.log"] api.bosh-lite.com - [29/09/2016:19:58:00.903 +0000] "GET /v2/syslog_drain_urls?batch_size=1000 HTTP/1.1" 200 0 42 "-" "Go-http-client/1.1" 10.244.0.34:42396 x_forwarded_for:"10.244.0.146" x_forwarded_proto:"https" vcap_request_id:35b2cba6-bc13-469d-65fd-d0e717f2dc06 response_time:0.007143957 app_id:

2016-09-29T19:58:06.968365+00:00 fc52b791-0068-48d0-b63d-a9600b8fa32e - - - [NXLOG@14506 bosh_deployment="cf-warden" bosh_job_name="runner_z1" bosh_job_index="0" filename="/var/vcap/data/sys/log/dea_next/dea_next.log"] {"timestamp":1475179081.737278,"message":"hm9000.heartbeat.sending","log_level":"debug","source":"Dea::Bootstrap","data":{"destination":"https://listener-hm9000.service.cf.internal:5335/dea/heartbeat"},"thread_id":47241037142420,"fiber_id":47241050325380,"process_id":6941,"file":"/var/vcap/packages/dea_next/lib/dea/utils/hm9000.rb","lineno":29,"method":"send_heartbeat"}

2016-09-29T19:58:06.968547+00:00 fc52b791-0068-48d0-b63d-a9600b8fa32e - - - [NXLOG@14506 bosh_deployment="cf-warden" bosh_job_name="runner_z1" bosh_job_index="0" filename="/var/vcap/data/sys/log/dea_next/dea_next.log"] {"timestamp":1475179081.739632,"message":"hm9000.heartbeat.accepted","log_level":"debug","source":"Dea::Bootstrap","data":{},"thread_id":47241050155280,"fiber_id":47241050574880,"process_id":6941,"file":"/var/vcap/packages/dea_next/lib/dea/utils/hm9000.rb","lineno":49,"method":"handle_http_response"}

2016-09-29T19:58:06.968611+00:00 fc52b791-0068-48d0-b63d-a9600b8fa32e - - - [NXLOG@14506 bosh_deployment="cf-warden" bosh_job_name="runner_z1" bosh_job_index="0" filename="/var/vcap/data/sys/log/dea_next/dea_next.log"] {"timestamp":1475179086.1253147,"message":"Reaping orphaned containers","log_level":"debug","source":"Dea::Bootstrap","data":{},"thread_id":47241037142420,"fiber_id":47241050325380,"process_id":6941,"file":"/var/vcap/packages/dea_next/lib/dea/bootstrap.rb","lineno":236,"method":"reap_orphaned_containers"}

2016-09-29T19:58:07.099631+00:00 05bf1627-ae2f-400c-b1ce-31973a9ff23f - - - [NXLOG@14506 bosh_deployment="cf-warden" bosh_job_name="uaa_z1" bosh_job_index="0" filename="/var/vcap/data/sys/log/uaa/localhost_access.log"] 127.0.0.1 - - [29/Sep/2016:19:57:50 +0000] "GET /healthz HTTP/1.1" 200 3

2016-09-29T19:58:07.099754+00:00 05bf1627-ae2f-400c-b1ce-31973a9ff23f - - - [NXLOG@14506 bosh_deployment="cf-warden" bosh_job_name="uaa_z1" bosh_job_index="0" filename="/var/vcap/data/sys/log/uaa/localhost_access.log"] 127.0.0.1 - - [29/Sep/2016:19:57:50 +0000] "GET /healthz HTTP/1.1" 200 3

2016-09-29T19:58:07.099801+00:00 05bf1627-ae2f-400c-b1ce-31973a9ff23f - - - [NXLOG@14506 bosh_deployment="cf-warden" bosh_job_name="uaa_z1" bosh_job_index="0" filename="/var/vcap/data/sys/log/uaa/localhost_access.log"] 127.0.0.1 - - [29/Sep/2016:19:57:54 +0000] "GET /healthz HTTP/1.1" 200 3

2016-09-29T19:58:07.099836+00:00 05bf1627-ae2f-400c-b1ce-31973a9ff23f - - - [NXLOG@14506 bosh_deployment="cf-warden" bosh_job_name="uaa_z1" bosh_job_index="0" filename="/var/vcap/data/sys/log/route_registrar/route_registrar.stdout.log"] {"timestamp":"1475179078.808333635","source":"Route Registrar","message":"Route Registrar.Executing script","log_level":1,"data":{"scriptPath":"/var/vcap/jobs/uaa/bin/health_check"}}

2016-09-29T19:58:07.099867+00:00 05bf1627-ae2f-400c-b1ce-31973a9ff23f - - - [NXLOG@14506 bosh_deployment="cf-warden" bosh_job_name="uaa_z1" bosh_job_index="0" filename="/var/vcap/data/sys/log/route_registrar/route_registrar.stdout.log"] {"timestamp":"1475179078.818886757","source":"Route Registrar","message":"Route Registrar.Script exited without error","log_level":1,"data":{"script":"/var/vcap/jobs/uaa/bin/health_check","stderr":"  % Total    % Received % Xferd  Average Speed   Time    Time     Time  Current\n                                 Dload  Upload   Total   Spent    Left  Speed\n\r  0     0    0     0    0     0      0      0 --:--:-- --:--:-- --:--:--     0\r100     3  100     3    0     0   2700      0 --:--:-- --:--:-- --:--:--  3000\n","stdout":""}}

2016-09-29T19:58:07.099894+00:00 05bf1627-ae2f-400c-b1ce-31973a9ff23f - - - [NXLOG@14506 bosh_deployment="cf-warden" bosh_job_name="uaa_z1" bosh_job_index="0" filename="/var/vcap/data/sys/log/route_registrar/route_registrar.stdout.log"] {"timestamp":"1475179078.819010973","source":"Route Registrar","message":"Route Registrar.healthchecker returned healthy for route","log_level":1,"data":{"route":{"Name":"uaa","Port":8080,"Tags":{"component":"uaa"},"URIs":["uaa.bosh-lite.com","*.uaa.bosh-lite.com","login.bosh-lite.com","*.login.bosh-lite.com"],"RouteServiceUrl":"","RegistrationInterval":4000000000,"HealthCheck":{"Name":"uaa-healthcheck","ScriptPath":"/var/vcap/jobs/uaa/bin/health_check","Timeout":2000000000}}}}

2016-09-29T19:58:07.099937+00:00 05bf1627-ae2f-400c-b1ce-31973a9ff23f - - - [NXLOG@14506 bosh_deployment="cf-warden" bosh_job_name="uaa_z1" bosh_job_index="0" filename="/var/vcap/data/sys/log/route_registrar/route_registrar.stdout.log"] {"timestamp":"1475179078.819062710","source":"Route Registrar","message":"Route Registrar.Registering route","log_level":1,"data":{"route":{"Name":"uaa","Port":8080,"Tags":{"component":"uaa"},"URIs":["uaa.bosh-lite.com","*.uaa.bosh-lite.com","login.bosh-lite.com","*.login.bosh-lite.com"],"RouteServiceUrl":"","RegistrationInterval":4000000000,"HealthCheck":{"Name":"uaa-healthcheck","ScriptPath":"/var/vcap/jobs/uaa/bin/health_check","Timeout":2000000000}}}}

2016-09-29T19:58:07.099982+00:00 05bf1627-ae2f-400c-b1ce-31973a9ff23f - - - [NXLOG@14506 bosh_deployment="cf-warden" bosh_job_name="uaa_z1" bosh_job_index="0" filename="/var/vcap/data/sys/log/route_registrar/route_registrar.stdout.log"] {"timestamp":"1475179078.819167376","source":"Route Registrar","message":"Route Registrar.Registered routes successfully","log_level":1,"data":{}}

2016-09-29T19:58:07.100008+00:00 05bf1627-ae2f-400c-b1ce-31973a9ff23f - - - [NXLOG@14506 bosh_deployment="cf-warden" bosh_job_name="uaa_z1" bosh_job_index="0" filename="/var/vcap/data/sys/log/route_registrar/route_registrar.stdout.log"] {"timestamp":"1475179082.808381081","source":"Route Registrar","message":"Route Registrar.Executing script","log_level":1,"data":{"scriptPath":"/var/vcap/jobs/uaa/bin/health_check"}}

2016-09-29T19:58:07.100060+00:00 05bf1627-ae2f-400c-b1ce-31973a9ff23f - - - [NXLOG@14506 bosh_deployment="cf-warden" bosh_job_name="uaa_z1" bosh_job_index="0" filename="/var/vcap/data/sys/log/route_registrar/route_registrar.stdout.log"] {"timestamp":"1475179082.818735600","source":"Route Registrar","message":"Route Registrar.Script exited without error","log_level":1,"data":{"script":"/var/vcap/jobs/uaa/bin/health_check","stderr":"  % Total    % Received % Xferd  Average Speed   Time    Time     Time  Current\n                                 Dload  Upload   Total   Spent    Left  Speed\n\r  0     0    0     0    0     0      0      0 --:--:-- --:--:-- --:--:--     0\r100     3  100     3    0     0   2676      0 --:--:-- --:--:-- --:--:--  3000\n","stdout":""}}

2016-09-29T19:58:07.100091+00:00 05bf1627-ae2f-400c-b1ce-31973a9ff23f - - - [NXLOG@14506 bosh_deployment="cf-warden" bosh_job_name="uaa_z1" bosh_job_index="0" filename="/var/vcap/data/sys/log/route_registrar/route_registrar.stdout.log"] {"timestamp":"1475179082.818822861","source":"Route Registrar","message":"Route Registrar.healthchecker returned healthy for route","log_level":1,"data":{"route":{"Name":"uaa","Port":8080,"Tags":{"component":"uaa"},"URIs":["uaa.bosh-lite.com","*.uaa.bosh-lite.com","login.bosh-lite.com","*.login.bosh-lite.com"],"RouteServiceUrl":"","RegistrationInterval":4000000000,"HealthCheck":{"Name":"uaa-healthcheck","ScriptPath":"/var/vcap/jobs/uaa/bin/health_check","Timeout":2000000000}}}}

2016-09-29T19:58:07.100120+00:00 05bf1627-ae2f-400c-b1ce-31973a9ff23f - - - [NXLOG@14506 bosh_deployment="cf-warden" bosh_job_name="uaa_z1" bosh_job_index="0" filename="/var/vcap/data/sys/log/route_registrar/route_registrar.stdout.log"] {"timestamp":"1475179082.818846464","source":"Route Registrar","message":"Route Registrar.Registering route","log_level":1,"data":{"route":{"Name":"uaa","Port":8080,"Tags":{"component":"uaa"},"URIs":["uaa.bosh-lite.com","*.uaa.bosh-lite.com","login.bosh-lite.com","*.login.bosh-lite.com"],"RouteServiceUrl":"","RegistrationInterval":4000000000,"HealthCheck":{"Name":"uaa-healthcheck","ScriptPath":"/var/vcap/jobs/uaa/bin/health_check","Timeout":2000000000}}}}

2016-09-29T19:58:07.100148+00:00 05bf1627-ae2f-400c-b1ce-31973a9ff23f - - - [NXLOG@14506 bosh_deployment="cf-warden" bosh_job_name="uaa_z1" bosh_job_index="0" filename="/var/vcap/data/sys/log/route_registrar/route_registrar.stdout.log"] {"timestamp":"1475179082.818905115","source":"Route Registrar","message":"Route Registrar.Registered routes successfully","log_level":1,"data":{}}

2016-09-29T19:58:07.100173+00:00 05bf1627-ae2f-400c-b1ce-31973a9ff23f - - - [NXLOG@14506 bosh_deployment="cf-warden" bosh_job_name="uaa_z1" bosh_job_index="0" filename="/var/vcap/data/sys/log/route_registrar/route_registrar.stdout.log"] {"timestamp":"1475179086.809112310","source":"Route Registrar","message":"Route Registrar.Executing script","log_level":1,"data":{"scriptPath":"/var/vcap/jobs/uaa/bin/health_check"}}

2016-09-29T19:58:16.968654+00:00 fc52b791-0068-48d0-b63d-a9600b8fa32e - - - [NXLOG@14506 bosh_deployment="cf-warden" bosh_job_name="runner_z1" bosh_job_index="0" filename="/var/vcap/data/sys/log/dea_next/dea_next.log"] {"timestamp":1475179091.7397363,"message":"hm9000.heartbeat.sending","log_level":"debug","source":"Dea::Bootstrap","data":{"destination":"https://listener-hm9000.service.cf.internal:5335/dea/heartbeat"},"thread_id":47241037142420,"fiber_id":47241050325380,"process_id":6941,"file":"/var/vcap/packages/dea_next/lib/dea/utils/hm9000.rb","lineno":29,"method":"send_heartbeat"}

2016-09-29T19:58:16.968887+00:00 fc52b791-0068-48d0-b63d-a9600b8fa32e - - - [NXLOG@14506 bosh_deployment="cf-warden" bosh_job_name="runner_z1" bosh_job_index="0" filename="/var/vcap/data/sys/log/dea_next/dea_next.log"] {"timestamp":1475179091.7565236,"message":"hm9000.heartbeat.accepted","log_level":"debug","source":"Dea::Bootstrap","data":{},"thread_id":47241050155580,"fiber_id":47241050513920,"process_id":6941,"file":"/var/vcap/packages/dea_next/lib/dea/utils/hm9000.rb","lineno":49,"method":"handle_http_response"}

2016-09-29T19:58:17.099795+00:00 152ab062-1f32-4789-910a-13bdc79651b2 - - - [NXLOG@14506 bosh_deployment="cf-warden" bosh_job_name="hm9000_z1" bosh_job_index="0" filename="/var/vcap/data/sys/log/hm9000/hm9000_listener.log"] {"timestamp":"1475179091.755441904","source":"listener","message":"listener.Received a heartbeat","log_level":1,"data":{"Heartbeats Pending Save":"1"}}

2016-09-29T19:58:17.099971+00:00 152ab062-1f32-4789-910a-13bdc79651b2 - - - [NXLOG@14506 bosh_deployment="cf-warden" bosh_job_name="hm9000_z1" bosh_job_index="0" filename="/var/vcap/data/sys/log/hm9000/hm9000_listener.log"] {"timestamp":"1475179091.816878557","source":"listener","message":"listener.Saving Heartbeats","log_level":1,"data":{"Heartbeats to Save":"1"}}

2016-09-29T19:58:17.100021+00:00 152ab062-1f32-4789-910a-13bdc79651b2 - - - [NXLOG@14506 bosh_deployment="cf-warden" bosh_job_name="hm9000_z1" bosh_job_index="0" filename="/var/vcap/data/sys/log/hm9000/hm9000_listener.log"] {"timestamp":"1475179091.823573828","source":"listener","message":"listener.Bumped freshness","log_level":1,"data":{}}

2016-09-29T19:58:17.100075+00:00 152ab062-1f32-4789-910a-13bdc79651b2 - - - [NXLOG@14506 bosh_deployment="cf-warden" bosh_job_name="hm9000_z1" bosh_job_index="0" filename="/var/vcap/data/sys/log/hm9000/hm9000_listener.log"] {"timestamp":"1475179091.823610067","source":"listener","message":"listener.Saved Heartbeats","log_level":1,"data":{"Duration":"6.657915ms","Heartbeats to Save":"1"}}

2016-09-29T19:58:17.099922+00:00 f0562343-642f-42d4-aca5-293abe675815 - - - [NXLOG@14506 bosh_deployment="cf-warden" bosh_job_name="blobstore_z1" bosh_job_index="0" filename="/var/vcap/data/sys/log/route_registrar/route_registrar.stdout.log"] {"timestamp":"1475179088.512883425","source":"Route Registrar","message":"Route Registrar.no healthchecker found for route","log_level":1,"data":{"route":{"Name":"blobstore","Port":80,"Tags":{"component":"blobstore"},"URIs":["blobstore.bosh-lite.com"],"RouteServiceUrl":"","RegistrationInterval":20000000000,"HealthCheck":null}}}

2016-09-29T19:58:17.100154+00:00 f0562343-642f-42d4-aca5-293abe675815 - - - [NXLOG@14506 bosh_deployment="cf-warden" bosh_job_name="blobstore_z1" bosh_job_index="0" filename="/var/vcap/data/sys/log/route_registrar/route_registrar.stdout.log"] {"timestamp":"1475179088.513030052","source":"Route Registrar","message":"Route Registrar.Registering route","log_level":1,"data":{"route":{"Name":"blobstore","Port":80,"Tags":{"component":"blobstore"},"URIs":["blobstore.bosh-lite.com"],"RouteServiceUrl":"","RegistrationInterval":20000000000,"HealthCheck":null}}}

2016-09-29T19:58:17.100231+00:00 f0562343-642f-42d4-aca5-293abe675815 - - - [NXLOG@14506 bosh_deployment="cf-warden" bosh_job_name="blobstore_z1" bosh_job_index="0" filename="/var/vcap/data/sys/log/route_registrar/route_registrar.stdout.log"] {"timestamp":"1475179088.513123274","source":"Route Registrar","message":"Route Registrar.Registered routes successfully","log_level":1,"data":{}}

2016-09-29T19:58:17.102110+00:00 05bf1627-ae2f-400c-b1ce-31973a9ff23f - - - [NXLOG@14506 bosh_deployment="cf-warden" bosh_job_name="uaa_z1" bosh_job_index="0" filename="/var/vcap/data/sys/log/uaa/localhost_access.log"] 127.0.0.1 - - [29/Sep/2016:19:57:58 +0000] "GET /healthz HTTP/1.1" 200 3

2016-09-29T19:58:17.102189+00:00 05bf1627-ae2f-400c-b1ce-31973a9ff23f - - - [NXLOG@14506 bosh_deployment="cf-warden" bosh_job_name="uaa_z1" bosh_job_index="0" filename="/var/vcap/data/sys/log/uaa/localhost_access.log"] 127.0.0.1 - - [29/Sep/2016:19:58:00 +0000] "GET /healthz HTTP/1.1" 200 3

2016-09-29T19:58:17.102226+00:00 05bf1627-ae2f-400c-b1ce-31973a9ff23f - - - [NXLOG@14506 bosh_deployment="cf-warden" bosh_job_name="uaa_z1" bosh_job_index="0" filename="/var/vcap/data/sys/log/uaa/localhost_access.log"] 127.0.0.1 - - [29/Sep/2016:19:58:02 +0000] "GET /healthz HTTP/1.1" 200 3

2016-09-29T19:58:17.102262+00:00 05bf1627-ae2f-400c-b1ce-31973a9ff23f - - - [NXLOG@14506 bosh_deployment="cf-warden" bosh_job_name="uaa_z1" bosh_job_index="0" filename="/var/vcap/data/sys/log/uaa/localhost_access.log"] 127.0.0.1 - - [29/Sep/2016:19:58:06 +0000] "GET /healthz HTTP/1.1" 200 3

2016-09-29T19:58:17.102341+00:00 05bf1627-ae2f-400c-b1ce-31973a9ff23f - - - [NXLOG@14506 bosh_deployment="cf-warden" bosh_job_name="uaa_z1" bosh_job_index="0" filename="/var/vcap/data/sys/log/route_registrar/route_registrar.stdout.log"] {"timestamp":"1475179090.808205843","source":"Route Registrar","message":"Route Registrar.Executing script","log_level":1,"data":{"scriptPath":"/var/vcap/jobs/uaa/bin/health_check"}}

2016-09-29T19:58:17.102378+00:00 05bf1627-ae2f-400c-b1ce-31973a9ff23f - - - [NXLOG@14506 bosh_deployment="cf-warden" bosh_job_name="uaa_z1" bosh_job_index="0" filename="/var/vcap/data/sys/log/route_registrar/route_registrar.stdout.log"] {"timestamp":"1475179090.818372726","source":"Route Registrar","message":"Route Registrar.Script exited without error","log_level":1,"data":{"script":"/var/vcap/jobs/uaa/bin/health_check","stderr":"  % Total    % Received % Xferd  Average Speed   Time    Time     Time  Current\n                                 Dload  Upload   Total   Spent    Left  Speed\n\r  0     0    0     0    0     0      0      0 --:--:-- --:--:-- --:--:--     0\r100     3  100     3    0     0   1680      0 --:--:-- --:--:-- --:--:--  3000\n","stdout":""}}

2016-09-29T19:58:17.102466+00:00 05bf1627-ae2f-400c-b1ce-31973a9ff23f - - - [NXLOG@14506 bosh_deployment="cf-warden" bosh_job_name="uaa_z1" bosh_job_index="0" filename="/var/vcap/data/sys/log/route_registrar/route_registrar.stdout.log"] {"timestamp":"1475179090.818460226","source":"Route Registrar","message":"Route Registrar.healthchecker returned healthy for route","log_level":1,"data":{"route":{"Name":"uaa","Port":8080,"Tags":{"component":"uaa"},"URIs":["uaa.bosh-lite.com","*.uaa.bosh-lite.com","login.bosh-lite.com","*.login.bosh-lite.com"],"RouteServiceUrl":"","RegistrationInterval":4000000000,"HealthCheck":{"Name":"uaa-healthcheck","ScriptPath":"/var/vcap/jobs/uaa/bin/health_check","Timeout":2000000000}}}}

2016-09-29T19:58:17.102500+00:00 05bf1627-ae2f-400c-b1ce-31973a9ff23f - - - [NXLOG@14506 bosh_deployment="cf-warden" bosh_job_name="uaa_z1" bosh_job_index="0" filename="/var/vcap/data/sys/log/route_registrar/route_registrar.stdout.log"] {"timestamp":"1475179090.818483353","source":"Route Registrar","message":"Route Registrar.Registering route","log_level":1,"data":{"route":{"Name":"uaa","Port":8080,"Tags":{"component":"uaa"},"URIs":["uaa.bosh-lite.com","*.uaa.bosh-lite.com","login.bosh-lite.com","*.login.bosh-lite.com"],"RouteServiceUrl":"","RegistrationInterval":4000000000,"HealthCheck":{"Name":"uaa-healthcheck","ScriptPath":"/var/vcap/jobs/uaa/bin/health_check","Timeout":2000000000}}}}

2016-09-29T19:58:17.102551+00:00 05bf1627-ae2f-400c-b1ce-31973a9ff23f - - - [NXLOG@14506 bosh_deployment="cf-warden" bosh_job_name="uaa_z1" bosh_job_index="0" filename="/var/vcap/data/sys/log/route_registrar/route_registrar.stdout.log"] {"timestamp":"1475179090.818551779","source":"Route Registrar","message":"Route Registrar.Registered routes successfully","log_level":1,"data":{}}

2016-09-29T19:58:17.102589+00:00 05bf1627-ae2f-400c-b1ce-31973a9ff23f - - - [NXLOG@14506 bosh_deployment="cf-warden" bosh_job_name="uaa_z1" bosh_job_index="0" filename="/var/vcap/data/sys/log/route_registrar/route_registrar.stdout.log"] {"timestamp":"1475179094.808131933","source":"Route Registrar","message":"Route Registrar.Executing script","log_level":1,"data":{"scriptPath":"/var/vcap/jobs/uaa/bin/health_check"}}

2016-09-29T19:58:17.102625+00:00 05bf1627-ae2f-400c-b1ce-31973a9ff23f - - - [NXLOG@14506 bosh_deployment="cf-warden" bosh_job_name="uaa_z1" bosh_job_index="0" filename="/var/vcap/data/sys/log/route_registrar/route_registrar.stdout.log"] {"timestamp":"1475179094.819934130","source":"Route Registrar","message":"Route Registrar.Script exited without error","log_level":1,"data":{"script":"/var/vcap/jobs/uaa/bin/health_check","stderr":"  % Total    % Received % Xferd  Average Speed   Time    Time     Time  Current\n                                 Dload  Upload   Total   Spent    Left  Speed\n\r  0     0    0     0    0     0      0      0 --:--:-- --:--:-- --:--:--     0\r100     3  100     3    0     0   1127      0 --:--:-- --:--:-- --:--:--  3000\n","stdout":""}}

2016-09-29T19:58:17.102677+00:00 05bf1627-ae2f-400c-b1ce-31973a9ff23f - - - [NXLOG@14506 bosh_deployment="cf-warden" bosh_job_name="uaa_z1" bosh_job_index="0" filename="/var/vcap/data/sys/log/route_registrar/route_registrar.stdout.log"] {"timestamp":"1475179094.820003271","source":"Route Registrar","message":"Route Registrar.healthchecker returned healthy for route","log_level":1,"data":{"route":{"Name":"uaa","Port":8080,"Tags":{"component":"uaa"},"URIs":["uaa.bosh-lite.com","*.uaa.bosh-lite.com","login.bosh-lite.com","*.login.bosh-lite.com"],"RouteServiceUrl":"","RegistrationInterval":4000000000,"HealthCheck":{"Name":"uaa-healthcheck","ScriptPath":"/var/vcap/jobs/uaa/bin/health_check","Timeout":2000000000}}}}

2016-09-29T19:58:17.102711+00:00 05bf1627-ae2f-400c-b1ce-31973a9ff23f - - - [NXLOG@14506 bosh_deployment="cf-warden" bosh_job_name="uaa_z1" bosh_job_index="0" filename="/var/vcap/data/sys/log/route_registrar/route_registrar.stdout.log"] {"timestamp":"1475179094.820025682","source":"Route Registrar","message":"Route Registrar.Registering route","log_level":1,"data":{"route":{"Name":"uaa","Port":8080,"Tags":{"component":"uaa"},"URIs":["uaa.bosh-lite.com","*.uaa.bosh-lite.com","login.bosh-lite.com","*.login.bosh-lite.com"],"RouteServiceUrl":"","RegistrationInterval":4000000000,"HealthCheck":{"Name":"uaa-healthcheck","ScriptPath":"/var/vcap/jobs/uaa/bin/health_check","Timeout":2000000000}}}}

2016-09-29T19:58:17.102743+00:00 05bf1627-ae2f-400c-b1ce-31973a9ff23f - - - [NXLOG@14506 bosh_deployment="cf-warden" bosh_job_name="uaa_z1" bosh_job_index="0" filename="/var/vcap/data/sys/log/route_registrar/route_registrar.stdout.log"] {"timestamp":"1475179094.820078373","source":"Route Registrar","message":"Route Registrar.Registered routes successfully","log_level":1,"data":{}}

2016-09-29T19:58:17.102775+00:00 05bf1627-ae2f-400c-b1ce-31973a9ff23f - - - [NXLOG@14506 bosh_deployment="cf-warden" bosh_job_name="uaa_z1" bosh_job_index="0" filename="/var/vcap/data/sys/log/uaa/uaa.log"] [2016-09-29 19:58:10.557] uaa - 19013 [http-nio-127.0.0.1-8989-exec-5] .... DEBUG --- AntPathRequestMatcher: Checking match of request : '/healthz'; against '/resources/**'

2016-09-29T19:58:17.102808+00:00 05bf1627-ae2f-400c-b1ce-31973a9ff23f - - - [NXLOG@14506 bosh_deployment="cf-warden" bosh_job_name="uaa_z1" bosh_job_index="0" filename="/var/vcap/data/sys/log/uaa/uaa.log"] [2016-09-29 19:58:10.557] uaa - 19013 [http-nio-127.0.0.1-8989-exec-5] .... DEBUG --- AntPathRequestMatcher: Checking match of request : '/healthz'; against '/square-logo.png'

2016-09-29T19:58:17.102839+00:00 05bf1627-ae2f-400c-b1ce-31973a9ff23f - - - [NXLOG@14506 bosh_deployment="cf-warden" bosh_job_name="uaa_z1" bosh_job_index="0" filename="/var/vcap/data/sys/log/uaa/uaa.log"] [2016-09-29 19:58:10.557] uaa - 19013 [http-nio-127.0.0.1-8989-exec-5] .... DEBUG --- AntPathRequestMatcher: Checking match of request : '/healthz'; against '/info'

2016-09-29T19:58:17.102915+00:00 05bf1627-ae2f-400c-b1ce-31973a9ff23f - - - [NXLOG@14506 bosh_deployment="cf-warden" bosh_job_name="uaa_z1" bosh_job_index="0" filename="/var/vcap/data/sys/log/uaa/uaa.log"] [2016-09-29 19:58:10.557] uaa - 19013 [http-nio-127.0.0.1-8989-exec-5] .... DEBUG --- AntPathRequestMatcher: Checking match of request : '/healthz'; against '/password/**'

2016-09-29T19:58:17.102933+00:00 05bf1627-ae2f-400c-b1ce-31973a9ff23f - - - [NXLOG@14506 bosh_deployment="cf-warden" bosh_job_name="uaa_z1" bosh_job_index="0" filename="/var/vcap/data/sys/log/uaa/uaa.log"] [2016-09-29 19:58:10.557] uaa - 19013 [http-nio-127.0.0.1-8989-exec-5] .... DEBUG --- AntPathRequestMatcher: Checking match of request : '/healthz'; against '/healthz/**'

2016-09-29T19:58:17.103073+00:00 05bf1627-ae2f-400c-b1ce-31973a9ff23f - - - [NXLOG@14506 bosh_deployment="cf-warden" bosh_job_name="uaa_z1" bosh_job_index="0" filename="/var/vcap/data/sys/log/uaa/uaa.log"] [2016-09-29 19:58:10.557] uaa - 19013 [http-nio-127.0.0.1-8989-exec-5] .... DEBUG --- FilterChainProxy: /healthz has an empty filter list

2016-09-29T19:58:17.103084+00:00 05bf1627-ae2f-400c-b1ce-31973a9ff23f - - - [NXLOG@14506 bosh_deployment="cf-warden" bosh_job_name="uaa_z1" bosh_job_index="0" filename="/var/vcap/data/sys/log/uaa/uaa.log"] [2016-09-29 19:58:10.557] uaa - 19013 [http-nio-127.0.0.1-8989-exec-5] .... DEBUG --- DispatcherServlet: DispatcherServlet with name 'spring' processing GET request for [/healthz]

2016-09-29T19:58:17.103111+00:00 05bf1627-ae2f-400c-b1ce-31973a9ff23f - - - [NXLOG@14506 bosh_deployment="cf-warden" bosh_job_name="uaa_z1" bosh_job_index="0" filename="/var/vcap/data/sys/log/uaa/uaa.log"] [2016-09-29 19:58:10.557] uaa - 19013 [http-nio-127.0.0.1-8989-exec-5] .... DEBUG --- DispatcherServlet: Last-Modified value for [/healthz] is: -1

2016-09-29T19:58:17.103121+00:00 05bf1627-ae2f-400c-b1ce-31973a9ff23f - - - [NXLOG@14506 bosh_deployment="cf-warden" bosh_job_name="uaa_z1" bosh_job_index="0" filename="/var/vcap/data/sys/log/uaa/uaa.log"] [2016-09-29 19:58:10.557] uaa - 19013 [http-nio-127.0.0.1-8989-exec-5] .... DEBUG --- RequestResponseBodyMethodProcessor: Written [ok

2016-09-29T19:58:17.103131+00:00 05bf1627-ae2f-400c-b1ce-31973a9ff23f - - - [NXLOG@14506 bosh_deployment="cf-warden" bosh_job_name="uaa_z1" bosh_job_index="0" filename="/var/vcap/data/sys/log/uaa/uaa.log"] ] as "text/plain;charset=ISO-8859-1" using [org.springframework.http.converter.StringHttpMessageConverter@178b2baf]

2016-09-29T19:58:17.103140+00:00 05bf1627-ae2f-400c-b1ce-31973a9ff23f - - - [NXLOG@14506 bosh_deployment="cf-warden" bosh_job_name="uaa_z1" bosh_job_index="0" filename="/var/vcap/data/sys/log/uaa/uaa.log"] [2016-09-29 19:58:10.557] uaa - 19013 [http-nio-127.0.0.1-8989-exec-5] .... DEBUG --- DispatcherServlet: Null ModelAndView returned to DispatcherServlet with name 'spring': assuming HandlerAdapter completed request handling

2016-09-29T19:58:17.103161+00:00 05bf1627-ae2f-400c-b1ce-31973a9ff23f - - - [NXLOG@14506 bosh_deployment="cf-warden" bosh_job_name="uaa_z1" bosh_job_index="0" filename="/var/vcap/data/sys/log/uaa/uaa.log"] [2016-09-29 19:58:10.557] uaa - 19013 [http-nio-127.0.0.1-8989-exec-5] .... DEBUG --- DispatcherServlet: Successfully completed request

2016-09-29T19:58:17.103171+00:00 05bf1627-ae2f-400c-b1ce-31973a9ff23f - - - [NXLOG@14506 bosh_deployment="cf-warden" bosh_job_name="uaa_z1" bosh_job_index="0" filename="/var/vcap/data/sys/log/uaa/uaa.log"] [2016-09-29 19:58:10.806] uaa - 19013 [ZoneAwareMetadataManager.Refresh[idpMetadataManager]] .... DEBUG --- ZoneAwareIdpMetadataManager: Running SAML SP refresh[ZoneAwareMetadataManager.Refresh[idpMetadataManager]-859022334] - ignoreTimestamp=false

2016-09-29T19:58:17.103181+00:00 05bf1627-ae2f-400c-b1ce-31973a9ff23f - - - [NXLOG@14506 bosh_deployment="cf-warden" bosh_job_name="uaa_z1" bosh_job_index="0" filename="/var/vcap/data/sys/log/uaa/uaa.log"] [2016-09-29 19:58:10.806] uaa - 19013 [ZoneAwareMetadataManager.Refresh[idpMetadataManager]] .... DEBUG --- JdbcTemplate: Executing SQL query [select id,version,created,lastmodified,name,subdomain,description,config from identity_zone ]

2016-09-29T19:58:17.103190+00:00 05bf1627-ae2f-400c-b1ce-31973a9ff23f - - - [NXLOG@14506 bosh_deployment="cf-warden" bosh_job_name="uaa_z1" bosh_job_index="0" filename="/var/vcap/data/sys/log/uaa/uaa.log"] [2016-09-29 19:58:10.807] uaa - 19013 [ZoneAwareMetadataManager.Refresh[idpMetadataManager]] .... DEBUG --- JdbcTemplate: Executing prepared SQL query

2016-09-29T19:58:17.103211+00:00 05bf1627-ae2f-400c-b1ce-31973a9ff23f - - - [NXLOG@14506 bosh_deployment="cf-warden" bosh_job_name="uaa_z1" bosh_job_index="0" filename="/var/vcap/data/sys/log/uaa/uaa.log"] [2016-09-29 19:58:10.807] uaa - 19013 [ZoneAwareMetadataManager.Refresh[idpMetadataManager]] .... DEBUG --- JdbcTemplate: Executing prepared SQL statement [select id,version,created,lastmodified,name,entity_id,config,identity_zone_id,active from service_provider where identity_zone_id=?]

2016-09-29T19:58:17.103221+00:00 05bf1627-ae2f-400c-b1ce-31973a9ff23f - - - [NXLOG@14506 bosh_deployment="cf-warden" bosh_job_name="uaa_z1" bosh_job_index="0" filename="/var/vcap/data/sys/log/uaa/uaa.log"] [2016-09-29 19:58:10.817] uaa - 19013 [http-nio-127.0.0.1-8989-exec-6] .... DEBUG --- AntPathRequestMatcher: Checking match of request : '/healthz'; against '/resources/**'

2016-09-29T19:58:17.103230+00:00 05bf1627-ae2f-400c-b1ce-31973a9ff23f - - - [NXLOG@14506 bosh_deployment="cf-warden" bosh_job_name="uaa_z1" bosh_job_index="0" filename="/var/vcap/data/sys/log/uaa/uaa.log"] [2016-09-29 19:58:10.817] uaa - 19013 [http-nio-127.0.0.1-8989-exec-6] .... DEBUG --- AntPathRequestMatcher: Checking match of request : '/healthz'; against '/square-logo.png'

2016-09-29T19:58:17.103259+00:00 05bf1627-ae2f-400c-b1ce-31973a9ff23f - - - [NXLOG@14506 bosh_deployment="cf-warden" bosh_job_name="uaa_z1" bosh_job_index="0" filename="/var/vcap/data/sys/log/uaa/uaa.log"] [2016-09-29 19:58:10.817] uaa - 19013 [http-nio-127.0.0.1-8989-exec-6] .... DEBUG --- AntPathRequestMatcher: Checking match of request : '/healthz'; against '/info'

2016-09-29T19:58:17.103271+00:00 05bf1627-ae2f-400c-b1ce-31973a9ff23f - - - [NXLOG@14506 bosh_deployment="cf-warden" bosh_job_name="uaa_z1" bosh_job_index="0" filename="/var/vcap/data/sys/log/uaa/uaa.log"] [2016-09-29 19:58:10.817] uaa - 19013 [http-nio-127.0.0.1-8989-exec-6] .... DEBUG --- AntPathRequestMatcher: Checking match of request : '/healthz'; against '/password/**'

2016-09-29T19:58:17.103280+00:00 05bf1627-ae2f-400c-b1ce-31973a9ff23f - - - [NXLOG@14506 bosh_deployment="cf-warden" bosh_job_name="uaa_z1" bosh_job_index="0" filename="/var/vcap/data/sys/log/uaa/uaa.log"] [2016-09-29 19:58:10.817] uaa - 19013 [http-nio-127.0.0.1-8989-exec-6] .... DEBUG --- AntPathRequestMatcher: Checking match of request : '/healthz'; against '/healthz/**'

2016-09-29T19:58:17.104379+00:00 05bf1627-ae2f-400c-b1ce-31973a9ff23f - - - [NXLOG@14506 bosh_deployment="cf-warden" bosh_job_name="uaa_z1" bosh_job_index="0" filename="/var/vcap/data/sys/log/uaa/uaa.log"] [2016-09-29 19:58:10.817] uaa - 19013 [http-nio-127.0.0.1-8989-exec-6] .... DEBUG --- FilterChainProxy: /healthz has an empty filter list

2016-09-29T19:58:17.104422+00:00 05bf1627-ae2f-400c-b1ce-31973a9ff23f - - - [NXLOG@14506 bosh_deployment="cf-warden" bosh_job_name="uaa_z1" bosh_job_index="0" filename="/var/vcap/data/sys/log/uaa/uaa.log"] [2016-09-29 19:58:10.817] uaa - 19013 [http-nio-127.0.0.1-8989-exec-6] .... DEBUG --- DispatcherServlet: DispatcherServlet with name 'spring' processing GET request for [/healthz]

2016-09-29T19:58:17.104437+00:00 05bf1627-ae2f-400c-b1ce-31973a9ff23f - - - [NXLOG@14506 bosh_deployment="cf-warden" bosh_job_name="uaa_z1" bosh_job_index="0" filename="/var/vcap/data/sys/log/uaa/uaa.log"] [2016-09-29 19:58:10.817] uaa - 19013 [http-nio-127.0.0.1-8989-exec-6] .... DEBUG --- DispatcherServlet: Last-Modified value for [/healthz] is: -1

2016-09-29T19:58:17.104448+00:00 05bf1627-ae2f-400c-b1ce-31973a9ff23f - - - [NXLOG@14506 bosh_deployment="cf-warden" bosh_job_name="uaa_z1" bosh_job_index="0" filename="/var/vcap/data/sys/log/uaa/uaa.log"] [2016-09-29 19:58:10.817] uaa - 19013 [http-nio-127.0.0.1-8989-exec-6] .... DEBUG --- RequestResponseBodyMethodProcessor: Written [ok

2016-09-29T19:58:17.104461+00:00 05bf1627-ae2f-400c-b1ce-31973a9ff23f - - - [NXLOG@14506 bosh_deployment="cf-warden" bosh_job_name="uaa_z1" bosh_job_index="0" filename="/var/vcap/data/sys/log/uaa/uaa.log"] ] as "text/plain;charset=ISO-8859-1" using [org.springframework.http.converter.StringHttpMessageConverter@178b2baf]

2016-09-29T19:58:17.104473+00:00 05bf1627-ae2f-400c-b1ce-31973a9ff23f - - - [NXLOG@14506 bosh_deployment="cf-warden" bosh_job_name="uaa_z1" bosh_job_index="0" filename="/var/vcap/data/sys/log/uaa/uaa.log"] [2016-09-29 19:58:10.817] uaa - 19013 [http-nio-127.0.0.1-8989-exec-6] .... DEBUG --- DispatcherServlet: Null ModelAndView returned to DispatcherServlet with name 'spring': assuming HandlerAdapter completed request handling

2016-09-29T19:58:17.104496+00:00 05bf1627-ae2f-400c-b1ce-31973a9ff23f - - - [NXLOG@14506 bosh_deployment="cf-warden" bosh_job_name="uaa_z1" bosh_job_index="0" filename="/var/vcap/data/sys/log/uaa/uaa.log"] [2016-09-29 19:58:10.817] uaa - 19013 [http-nio-127.0.0.1-8989-exec-6] .... DEBUG --- DispatcherServlet: Successfully completed request

2016-09-29T19:58:17.104510+00:00 05bf1627-ae2f-400c-b1ce-31973a9ff23f - - - [NXLOG@14506 bosh_deployment="cf-warden" bosh_job_name="uaa_z1" bosh_job_index="0" filename="/var/vcap/data/sys/log/uaa/uaa.log"] [2016-09-29 19:58:11.156] uaa - 19013 [pool-2-thread-1] .... DEBUG --- JdbcTemplate: Executing SQL query [select count(*) from oauth_client_details]

2016-09-29T19:58:17.104520+00:00 05bf1627-ae2f-400c-b1ce-31973a9ff23f - - - [NXLOG@14506 bosh_deployment="cf-warden" bosh_job_name="uaa_z1" bosh_job_index="0" filename="/var/vcap/data/sys/log/uaa/uaa.log"] [2016-09-29 19:58:11.157] uaa - 19013 [pool-2-thread-1] .... DEBUG --- JdbcTemplate: Executing SQL query [select count(*) from users]

2016-09-29T19:58:17.104557+00:00 05bf1627-ae2f-400c-b1ce-31973a9ff23f - - - [NXLOG@14506 bosh_deployment="cf-warden" bosh_job_name="uaa_z1" bosh_job_index="0" filename="/var/vcap/data/sys/log/uaa/uaa.log"] [2016-09-29 19:58:14.818] uaa - 19013 [http-nio-127.0.0.1-8989-exec-7] .... DEBUG --- AntPathRequestMatcher: Checking match of request : '/healthz'; against '/resources/**'

2016-09-29T19:58:17.104569+00:00 05bf1627-ae2f-400c-b1ce-31973a9ff23f - - - [NXLOG@14506 bosh_deployment="cf-warden" bosh_job_name="uaa_z1" bosh_job_index="0" filename="/var/vcap/data/sys/log/uaa/uaa.log"] [2016-09-29 19:58:14.818] uaa - 19013 [http-nio-127.0.0.1-8989-exec-7] .... DEBUG --- AntPathRequestMatcher: Checking match of request : '/healthz'; against '/square-logo.png'

2016-09-29T19:58:17.104577+00:00 05bf1627-ae2f-400c-b1ce-31973a9ff23f - - - [NXLOG@14506 bosh_deployment="cf-warden" bosh_job_name="uaa_z1" bosh_job_index="0" filename="/var/vcap/data/sys/log/uaa/uaa.log"] [2016-09-29 19:58:14.818] uaa - 19013 [http-nio-127.0.0.1-8989-exec-7] .... DEBUG --- AntPathRequestMatcher: Checking match of request : '/healthz'; against '/info'

2016-09-29T19:58:17.104586+00:00 05bf1627-ae2f-400c-b1ce-31973a9ff23f - - - [NXLOG@14506 bosh_deployment="cf-warden" bosh_job_name="uaa_z1" bosh_job_index="0" filename="/var/vcap/data/sys/log/uaa/uaa.log"] [2016-09-29 19:58:14.818] uaa - 19013 [http-nio-127.0.0.1-8989-exec-7] .... DEBUG --- AntPathRequestMatcher: Checking match of request : '/healthz'; against '/password/**'

2016-09-29T19:58:17.104622+00:00 05bf1627-ae2f-400c-b1ce-31973a9ff23f - - - [NXLOG@14506 bosh_deployment="cf-warden" bosh_job_name="uaa_z1" bosh_job_index="0" filename="/var/vcap/data/sys/log/uaa/uaa.log"] [2016-09-29 19:58:14.818] uaa - 19013 [http-nio-127.0.0.1-8989-exec-7] .... DEBUG --- AntPathRequestMatcher: Checking match of request : '/healthz'; against '/healthz/**'

2016-09-29T19:58:17.104632+00:00 05bf1627-ae2f-400c-b1ce-31973a9ff23f - - - [NXLOG@14506 bosh_deployment="cf-warden" bosh_job_name="uaa_z1" bosh_job_index="0" filename="/var/vcap/data/sys/log/uaa/uaa.log"] [2016-09-29 19:58:14.818] uaa - 19013 [http-nio-127.0.0.1-8989-exec-7] .... DEBUG --- FilterChainProxy: /healthz has an empty filter list

2016-09-29T19:58:17.104641+00:00 05bf1627-ae2f-400c-b1ce-31973a9ff23f - - - [NXLOG@14506 bosh_deployment="cf-warden" bosh_job_name="uaa_z1" bosh_job_index="0" filename="/var/vcap/data/sys/log/uaa/uaa.log"] [2016-09-29 19:58:14.818] uaa - 19013 [http-nio-127.0.0.1-8989-exec-7] .... DEBUG --- DispatcherServlet: DispatcherServlet with name 'spring' processing GET request for [/healthz]

2016-09-29T19:58:17.104649+00:00 05bf1627-ae2f-400c-b1ce-31973a9ff23f - - - [NXLOG@14506 bosh_deployment="cf-warden" bosh_job_name="uaa_z1" bosh_job_index="0" filename="/var/vcap/data/sys/log/uaa/uaa.log"] [2016-09-29 19:58:14.818] uaa - 19013 [http-nio-127.0.0.1-8989-exec-7] .... DEBUG --- DispatcherServlet: Last-Modified value for [/healthz] is: -1

2016-09-29T19:58:17.104671+00:00 05bf1627-ae2f-400c-b1ce-31973a9ff23f - - - [NXLOG@14506 bosh_deployment="cf-warden" bosh_job_name="uaa_z1" bosh_job_index="0" filename="/var/vcap/data/sys/log/uaa/uaa.log"] [2016-09-29 19:58:14.818] uaa - 19013 [http-nio-127.0.0.1-8989-exec-7] .... DEBUG --- RequestResponseBodyMethodProcessor: Written [ok

2016-09-29T19:58:17.104692+00:00 05bf1627-ae2f-400c-b1ce-31973a9ff23f - - - [NXLOG@14506 bosh_deployment="cf-warden" bosh_job_name="uaa_z1" bosh_job_index="0" filename="/var/vcap/data/sys/log/uaa/uaa.log"] ] as "text/plain;charset=ISO-8859-1" using [org.springframework.http.converter.StringHttpMessageConverter@178b2baf]

2016-09-29T19:58:17.104707+00:00 05bf1627-ae2f-400c-b1ce-31973a9ff23f - - - [NXLOG@14506 bosh_deployment="cf-warden" bosh_job_name="uaa_z1" bosh_job_index="0" filename="/var/vcap/data/sys/log/uaa/uaa.log"] [2016-09-29 19:58:14.818] uaa - 19013 [http-nio-127.0.0.1-8989-exec-7] .... DEBUG --- DispatcherServlet: Null ModelAndView returned to DispatcherServlet with name 'spring': assuming HandlerAdapter completed request handling

2016-09-29T19:58:17.104719+00:00 05bf1627-ae2f-400c-b1ce-31973a9ff23f - - - [NXLOG@14506 bosh_deployment="cf-warden" bosh_job_name="uaa_z1" bosh_job_index="0" filename="/var/vcap/data/sys/log/uaa/uaa.log"] [2016-09-29 19:58:14.818] uaa - 19013 [http-nio-127.0.0.1-8989-exec-7] .... DEBUG --- DispatcherServlet: Successfully completed request

2016-09-29T19:58:17.104751+00:00 05bf1627-ae2f-400c-b1ce-31973a9ff23f - - - [NXLOG@14506 bosh_deployment="cf-warden" bosh_job_name="uaa_z1" bosh_job_index="0" filename="/var/vcap/data/sys/log/uaa/uaa.log"] [2016-09-29 19:58:16.160] uaa - 19013 [pool-2-thread-1] .... DEBUG --- JdbcTemplate: Executing SQL query [select count(*) from oauth_client_details]

2016-09-29T19:58:17.104761+00:00 05bf1627-ae2f-400c-b1ce-31973a9ff23f - - - [NXLOG@14506 bosh_deployment="cf-warden" bosh_job_name="uaa_z1" bosh_job_index="0" filename="/var/vcap/data/sys/log/uaa/uaa.log"] [2016-09-29 19:58:16.166] uaa - 19013 [pool-2-thread-1] .... DEBUG --- JdbcTemplate: Executing SQL query [select count(*) from users]

2016-09-29T19:58:17.107987+00:00 b0fa19c0-86de-4447-a670-3f7adbd0b3c1 - - - [NXLOG@14506 bosh_deployment="cf-warden" bosh_job_name="api_z1" bosh_job_index="0" filename="/var/vcap/data/sys/log/cloud_controller_worker/cloud_controller_worker.log"] {"timestamp":1475179090.6282976,"message":"(0.000605s) SELECT * FROM \"delayed_jobs\" WHERE ((((\"run_at\" <= '2016-09-29 19:58:10.627136+0000') AND (\"locked_at\" IS NULL)) OR (\"locked_by\" = 'cc_global_worker.api_z1.0.1')) AND (\"failed_at\" IS NULL) AND (\"queue\" IN ('cc-generic'))) ORDER BY \"priority\" ASC, \"run_at\" ASC LIMIT 5","log_level":"debug2","source":"cc.background","data":{},"thread_id":47193737007380,"fiber_id":47193773841900,"process_id":15807,"file":"/var/vcap/packages/cloud_controller_ng/cloud_controller_ng/vendor/bundle/ruby/2.3.0/gems/sequel-4.29.0/lib/sequel/database/logging.rb","lineno":70,"method":"block in log_each"}

2016-09-29T19:58:17.108094+00:00 b0fa19c0-86de-4447-a670-3f7adbd0b3c1 - - - [NXLOG@14506 bosh_deployment="cf-warden" bosh_job_name="api_z1" bosh_job_index="0" filename="/var/vcap/data/sys/log/cloud_controller_worker/cloud_controller_worker.log"] {"timestamp":1475179095.6487806,"message":"(0.000580s) SELECT * FROM \"delayed_jobs\" WHERE ((((\"run_at\" <= '2016-09-29 19:58:15.646480+0000') AND (\"locked_at\" IS NULL)) OR (\"locked_by\" = 'cc_global_worker.api_z1.0.1')) AND (\"failed_at\" IS NULL) AND (\"queue\" IN ('cc-generic'))) ORDER BY \"priority\" ASC, \"run_at\" ASC LIMIT 5","log_level":"debug2","source":"cc.background","data":{},"thread_id":47193737007380,"fiber_id":47193773841900,"process_id":15807,"file":"/var/vcap/packages/cloud_controller_ng/cloud_controller_ng/vendor/bundle/ruby/2.3.0/gems/sequel-4.29.0/lib/sequel/database/logging.rb","lineno":70,"method":"block in log_each"}

2016-09-29T19:58:17.108160+00:00 b0fa19c0-86de-4447-a670-3f7adbd0b3c1 - - - [NXLOG@14506 bosh_deployment="cf-warden" bosh_job_name="api_z1" bosh_job_index="0" filename="/var/vcap/data/sys/log/nginx_cc/nginx.access.log"] api.bosh-lite.com - [29/Sep/2016:19:58:15 +0000] "GET /v2/syslog_drain_urls?batch_size=1000 HTTP/1.1" 200 326 "-" "Go-http-client/1.1" 10.244.0.146, 10.244.0.34, 10.244.0.22 vcap_request_id:ebc4c56f-5cd7-4032-49df-547c666066e4::e8893374-ee72-4149-bcbb-200aa2c24ed4 response_time:0.006

2016-09-29T19:58:17.108192+00:00 b0fa19c0-86de-4447-a670-3f7adbd0b3c1 - - - [NXLOG@14506 bosh_deployment="cf-warden" bosh_job_name="api_z1" bosh_job_index="0" filename="/var/vcap/data/sys/log/nginx_cc/nginx.access.log"] 10.244.0.138 - [29/Sep/2016:19:58:16 +0000] "GET /v2/info HTTP/1.1" 200 802 "-" "monit/5.2.5" 10.244.0.138 vcap_request_id:b30bc3c8-d0e8-40dc-89ba-d576f63092a6 response_time:0.004

2016-09-29T19:58:17.108237+00:00 b0fa19c0-86de-4447-a670-3f7adbd0b3c1 - - - [NXLOG@14506 bosh_deployment="cf-warden" bosh_job_name="api_z1" bosh_job_index="0" filename="/var/vcap/data/sys/log/cloud_controller_ng/cloud_controller_ng.log"] {"timestamp":1475179090.6836958,"message":"(0.000553s) SELECT * FROM \"delayed_jobs\" WHERE ((((\"run_at\" <= '2016-09-29 19:58:10.682649+0000') AND (\"locked_at\" IS NULL)) OR (\"locked_by\" = 'cc_api_worker.api_z1.0.2')) AND (\"failed_at\" IS NULL) AND (\"queue\" IN ('cc-api_z1-0'))) ORDER BY \"priority\" ASC, \"run_at\" ASC LIMIT 5","log_level":"debug2","source":"cc.background","data":{},"thread_id":47118928261380,"fiber_id":47118965175380,"process_id":15629,"file":"/var/vcap/packages/cloud_controller_ng/cloud_controller_ng/vendor/bundle/ruby/2.3.0/gems/sequel-4.29.0/lib/sequel/database/logging.rb","lineno":70,"method":"block in log_each"}

2016-09-29T19:58:17.108271+00:00 b0fa19c0-86de-4447-a670-3f7adbd0b3c1 - - - [NXLOG@14506 bosh_deployment="cf-warden" bosh_job_name="api_z1" bosh_job_index="0" filename="/var/vcap/data/sys/log/cloud_controller_ng/cloud_controller_ng.log"] {"timestamp":1475179092.0951989,"message":"(0.000737s) SELECT * FROM \"delayed_jobs\" WHERE ((((\"run_at\" <= '2016-09-29 19:58:12.093838+0000') AND (\"locked_at\" IS NULL)) OR (\"locked_by\" = 'cc_api_worker.api_z1.0.1')) AND (\"failed_at\" IS NULL) AND (\"queue\" IN ('cc-api_z1-0'))) ORDER BY \"priority\" ASC, \"run_at\" ASC LIMIT 5","log_level":"debug2","source":"cc.background","data":{},"thread_id":47452862460180,"fiber_id":47452899698480,"process_id":15587,"file":"/var/vcap/packages/cloud_controller_ng/cloud_controller_ng/vendor/bundle/ruby/2.3.0/gems/sequel-4.29.0/lib/sequel/database/logging.rb","lineno":70,"method":"block in log_each"}

2016-09-29T19:58:17.108314+00:00 b0fa19c0-86de-4447-a670-3f7adbd0b3c1 - - - [NXLOG@14506 bosh_deployment="cf-warden" bosh_job_name="api_z1" bosh_job_index="0" filename="/var/vcap/data/sys/log/cloud_controller_ng/cloud_controller_ng.log"] {"timestamp":1475179095.7032912,"message":"(0.000567s) SELECT * FROM \"delayed_jobs\" WHERE ((((\"run_at\" <= '2016-09-29 19:58:15.702225+0000') AND (\"locked_at\" IS NULL)) OR (\"locked_by\" = 'cc_api_worker.api_z1.0.2')) AND (\"failed_at\" IS NULL) AND (\"queue\" IN ('cc-api_z1-0'))) ORDER BY \"priority\" ASC, \"run_at\" ASC LIMIT 5","log_level":"debug2","source":"cc.background","data":{},"thread_id":47118928261380,"fiber_id":47118965175380,"process_id":15629,"file":"/var/vcap/packages/cloud_controller_ng/cloud_controller_ng/vendor/bundle/ruby/2.3.0/gems/sequel-4.29.0/lib/sequel/database/logging.rb","lineno":70,"method":"block in log_each"}

2016-09-29T19:58:17.108357+00:00 b0fa19c0-86de-4447-a670-3f7adbd0b3c1 - - - [NXLOG@14506 bosh_deployment="cf-warden" bosh_job_name="api_z1" bosh_job_index="0" filename="/var/vcap/data/sys/log/cloud_controller_ng/cloud_controller_ng.log"] {"timestamp":1475179095.911677,"message":"Statsd: cc.requests.outstanding:1|c","log_level":"debug","source":"statsd.client","data":{},"thread_id":47062185508400,"fiber_id":47062174443920,"process_id":15535,"file":"/var/vcap/packages/cloud_controller_ng/cloud_controller_ng/vendor/bundle/ruby/2.3.0/gems/statsd-ruby-1.2.1/lib/statsd.rb","lineno":254,"method":"send_to_socket"}

2016-09-29T19:58:17.108386+00:00 b0fa19c0-86de-4447-a670-3f7adbd0b3c1 - - - [NXLOG@14506 bosh_deployment="cf-warden" bosh_job_name="api_z1" bosh_job_index="0" filename="/var/vcap/data/sys/log/cloud_controller_ng/cloud_controller_ng.log"] {"timestamp":1475179095.9124162,"message":"Started GET \"/v2/syslog_drain_urls?batch_size=1000\" for user: , ip: 127.0.0.1 with vcap-request-id: ebc4c56f-5cd7-4032-49df-547c666066e4::e8893374-ee72-4149-bcbb-200aa2c24ed4 at 2016-09-29 19:58:15 UTC","log_level":"info","source":"cc.api","data":{},"thread_id":47062185508400,"fiber_id":47062174443920,"process_id":15535,"file":"/var/vcap/packages/cloud_controller_ng/cloud_controller_ng/middleware/request_logs.rb","lineno":12,"method":"call"}

2016-09-29T19:58:17.108449+00:00 b0fa19c0-86de-4447-a670-3f7adbd0b3c1 - - - [NXLOG@14506 bosh_deployment="cf-warden" bosh_job_name="api_z1" bosh_job_index="0" filename="/var/vcap/data/sys/log/cloud_controller_ng/cloud_controller_ng.log"] {"timestamp":1475179095.91317,"message":"dispatch VCAP::CloudController::SyslogDrainUrlsController get /v2/syslog_drain_urls","log_level":"debug","source":"cc.api","data":{"request_guid":"ebc4c56f-5cd7-4032-49df-547c666066e4::e8893374-ee72-4149-bcbb-200aa2c24ed4"},"thread_id":47062185508400,"fiber_id":47062174443920,"process_id":15535,"file":"/var/vcap/data/packages/cloud_controller_ng/f87cb49aa2cd87792cb9c2211a79e1542502be4d.1-b1a5f3c830cb6c32ae9e685628b24aa967f5ae54/cloud_controller_ng/lib/cloud_controller/rest_controller/routes.rb","lineno":12,"method":"block in define_route"}

2016-09-29T19:58:17.108495+00:00 b0fa19c0-86de-4447-a670-3f7adbd0b3c1 - - - [NXLOG@14506 bosh_deployment="cf-warden" bosh_job_name="api_z1" bosh_job_index="0" filename="/var/vcap/data/sys/log/cloud_controller_ng/cloud_controller_ng.log"] {"timestamp":1475179095.9133945,"message":"parse_params: {\"batch_size\"=>\"1000\"} batch_size=1000","log_level":"debug","source":"cc.api","data":{"request_guid":"ebc4c56f-5cd7-4032-49df-547c666066e4::e8893374-ee72-4149-bcbb-200aa2c24ed4"},"thread_id":47062185508400,"fiber_id":47062174443920,"process_id":15535,"file":"/var/vcap/data/packages/cloud_controller_ng/f87cb49aa2cd87792cb9c2211a79e1542502be4d.1-b1a5f3c830cb6c32ae9e685628b24aa967f5ae54/cloud_controller_ng/lib/cloud_controller/rest_controller/common_params.rb","lineno":10,"method":"parse"}

2016-09-29T19:58:17.108538+00:00 b0fa19c0-86de-4447-a670-3f7adbd0b3c1 - - - [NXLOG@14506 bosh_deployment="cf-warden" bosh_job_name="api_z1" bosh_job_index="0" filename="/var/vcap/data/sys/log/cloud_controller_ng/cloud_controller_ng.log"] {"timestamp":1475179095.9135225,"message":"cc.dispatch","log_level":"debug","source":"cc.api","data":{"request_guid":"ebc4c56f-5cd7-4032-49df-547c666066e4::e8893374-ee72-4149-bcbb-200aa2c24ed4","endpoint":"list","args":[]},"thread_id":47062185508400,"fiber_id":47062174443920,"process_id":15535,"file":"/var/vcap/data/packages/cloud_controller_ng/f87cb49aa2cd87792cb9c2211a79e1542502be4d.1-b1a5f3c830cb6c32ae9e685628b24aa967f5ae54/cloud_controller_ng/app/controllers/base/base_controller.rb","lineno":78,"method":"dispatch"}

2016-09-29T19:58:17.108571+00:00 b0fa19c0-86de-4447-a670-3f7adbd0b3c1 - - - [NXLOG@14506 bosh_deployment="cf-warden" bosh_job_name="api_z1" bosh_job_index="0" filename="/var/vcap/data/sys/log/cloud_controller_ng/cloud_controller_ng.log"] {"timestamp":1475179095.9150114,"message":"(0.000842s) SELECT \"apps\".\"guid\", string_agg(\"service_bindings\".\"syslog_drain_url\", ',') AS \"syslog_drain_urls\" FROM \"apps\" INNER JOIN \"service_bindings\" ON (\"service_bindings\".\"app_id\" = \"apps\".\"id\") WHERE ((syslog_drain_url IS NOT NULL) AND (syslog_drain_url != '')) GROUP BY \"apps\".\"guid\" UNION ALL (SELECT \"apps_v3\".\"guid\", string_agg(\"v3_service_bindings\".\"syslog_drain_url\", ',') AS \"syslog_drain_urls\" FROM \"apps_v3\" INNER JOIN \"v3_service_bindings\" ON (\"v3_service_bindings\".\"app_id\" = \"apps_v3\".\"id\") WHERE ((syslog_drain_url IS NOT NULL) AND (syslog_drain_url != '')) GROUP BY \"apps_v3\".\"guid\") ORDER BY \"guid\" LIMIT 1000 OFFSET 0","log_level":"debug2","source":"cc.db","data":{"request_guid":"ebc4c56f-5cd7-4032-49df-547c666066e4::e8893374-ee72-4149-bcbb-200aa2c24ed4"},"thread_id":47062185508400,"fiber_id":47062174443920,"process_id":15535,"file":"/var/vcap/packages/cloud_controller_ng/cloud_controller_ng/vendor/bundle/ruby/2.3.0/gems/sequel-4.29.0/lib/sequel/database/logging.rb","lineno":70,"method":"block in log_each"}

2016-09-29T19:58:17.108617+00:00 b0fa19c0-86de-4447-a670-3f7adbd0b3c1 - - - [NXLOG@14506 bosh_deployment="cf-warden" bosh_job_name="api_z1" bosh_job_index="0" filename="/var/vcap/data/sys/log/cloud_controller_ng/cloud_controller_ng.log"] {"timestamp":1475179095.9153962,"message":"Completed 200 vcap-request-id: ebc4c56f-5cd7-4032-49df-547c666066e4::e8893374-ee72-4149-bcbb-200aa2c24ed4","log_level":"info","source":"cc.api","data":{},"thread_id":47062185508400,"fiber_id":47062174443920,"process_id":15535,"file":"/var/vcap/packages/cloud_controller_ng/cloud_controller_ng/middleware/request_logs.rb","lineno":24,"method":"call"}

2016-09-29T19:58:17.108659+00:00 b0fa19c0-86de-4447-a670-3f7adbd0b3c1 - - - [NXLOG@14506 bosh_deployment="cf-warden" bosh_job_name="api_z1" bosh_job_index="0" filename="/var/vcap/data/sys/log/cloud_controller_ng/cloud_controller_ng.log"] {"timestamp":1475179095.9155605,"message":"Statsd: cc.requests.outstanding:-1|c\ncc.requests.completed:1|c\ncc.http_status.2XX:1|c","log_level":"debug","source":"statsd.client","data":{},"thread_id":47062185508400,"fiber_id":47062174443920,"process_id":15535,"file":"/var/vcap/packages/cloud_controller_ng/cloud_controller_ng/vendor/bundle/ruby/2.3.0/gems/statsd-ruby-1.2.1/lib/statsd.rb","lineno":254,"method":"send_to_socket"}

2016-09-29T19:58:17.108690+00:00 b0fa19c0-86de-4447-a670-3f7adbd0b3c1 - - - [NXLOG@14506 bosh_deployment="cf-warden" bosh_job_name="api_z1" bosh_job_index="0" filename="/var/vcap/data/sys/log/cloud_controller_ng/cloud_controller_ng.log"] {"timestamp":1475179096.8686383,"message":"Statsd: cc.requests.outstanding:1|c","log_level":"debug","source":"statsd.client","data":{},"thread_id":47062185508100,"fiber_id":47062167821140,"process_id":15535,"file":"/var/vcap/packages/cloud_controller_ng/cloud_controller_ng/vendor/bundle/ruby/2.3.0/gems/statsd-ruby-1.2.1/lib/statsd.rb","lineno":254,"method":"send_to_socket"}

2016-09-29T19:58:17.108727+00:00 b0fa19c0-86de-4447-a670-3f7adbd0b3c1 - - - [NXLOG@14506 bosh_deployment="cf-warden" bosh_job_name="api_z1" bosh_job_index="0" filename="/var/vcap/data/sys/log/cloud_controller_ng/cloud_controller_ng.log"] {"timestamp":1475179096.869215,"message":"Started GET \"/v2/info\" for user: , ip: 127.0.0.1 with vcap-request-id: b30bc3c8-d0e8-40dc-89ba-d576f63092a6 at 2016-09-29 19:58:16 UTC","log_level":"info","source":"cc.api","data":{},"thread_id":47062185508100,"fiber_id":47062167821140,"process_id":15535,"file":"/var/vcap/packages/cloud_controller_ng/cloud_controller_ng/middleware/request_logs.rb","lineno":12,"method":"call"}

2016-09-29T19:58:17.108777+00:00 b0fa19c0-86de-4447-a670-3f7adbd0b3c1 - - - [NXLOG@14506 bosh_deployment="cf-warden" bosh_job_name="api_z1" bosh_job_index="0" filename="/var/vcap/data/sys/log/cloud_controller_ng/cloud_controller_ng.log"] {"timestamp":1475179096.8698049,"message":"dispatch VCAP::CloudController::InfoController get /v2/info","log_level":"debug","source":"cc.api","data":{"request_guid":"b30bc3c8-d0e8-40dc-89ba-d576f63092a6"},"thread_id":47062185508100,"fiber_id":47062167821140,"process_id":15535,"file":"/var/vcap/data/packages/cloud_controller_ng/f87cb49aa2cd87792cb9c2211a79e1542502be4d.1-b1a5f3c830cb6c32ae9e685628b24aa967f5ae54/cloud_controller_ng/lib/cloud_controller/rest_controller/routes.rb","lineno":12,"method":"block in define_route"}

2016-09-29T19:58:17.108790+00:00 b0fa19c0-86de-4447-a670-3f7adbd0b3c1 - - - [NXLOG@14506 bosh_deployment="cf-warden" bosh_job_name="api_z1" bosh_job_index="0" filename="/var/vcap/data/sys/log/cloud_controller_ng/cloud_controller_ng.log"] {"timestamp":1475179096.8699815,"message":"parse_params: {} ","log_level":"debug","source":"cc.api","data":{"request_guid":"b30bc3c8-d0e8-40dc-89ba-d576f63092a6"},"thread_id":47062185508100,"fiber_id":47062167821140,"process_id":15535,"file":"/var/vcap/data/packages/cloud_controller_ng/f87cb49aa2cd87792cb9c2211a79e1542502be4d.1-b1a5f3c830cb6c32ae9e685628b24aa967f5ae54/cloud_controller_ng/lib/cloud_controller/rest_controller/common_params.rb","lineno":10,"method":"parse"}

2016-09-29T19:58:17.108812+00:00 b0fa19c0-86de-4447-a670-3f7adbd0b3c1 - - - [NXLOG@14506 bosh_deployment="cf-warden" bosh_job_name="api_z1" bosh_job_index="0" filename="/var/vcap/data/sys/log/cloud_controller_ng/cloud_controller_ng.log"] {"timestamp":1475179096.8700902,"message":"cc.dispatch","log_level":"debug","source":"cc.api","data":{"request_guid":"b30bc3c8-d0e8-40dc-89ba-d576f63092a6","endpoint":"read","args":[]},"thread_id":47062185508100,"fiber_id":47062167821140,"process_id":15535,"file":"/var/vcap/data/packages/cloud_controller_ng/f87cb49aa2cd87792cb9c2211a79e1542502be4d.1-b1a5f3c830cb6c32ae9e685628b24aa967f5ae54/cloud_controller_ng/app/controllers/base/base_controller.rb","lineno":78,"method":"dispatch"}

2016-09-29T19:58:17.108823+00:00 b0fa19c0-86de-4447-a670-3f7adbd0b3c1 - - - [NXLOG@14506 bosh_deployment="cf-warden" bosh_job_name="api_z1" bosh_job_index="0" filename="/var/vcap/data/sys/log/cloud_controller_ng/cloud_controller_ng.log"] {"timestamp":1475179096.8704188,"message":"Completed 200 vcap-request-id: b30bc3c8-d0e8-40dc-89ba-d576f63092a6","log_level":"info","source":"cc.api","data":{},"thread_id":47062185508100,"fiber_id":47062167821140,"process_id":15535,"file":"/var/vcap/packages/cloud_controller_ng/cloud_controller_ng/middleware/request_logs.rb","lineno":24,"method":"call"}

2016-09-29T19:58:17.108842+00:00 b0fa19c0-86de-4447-a670-3f7adbd0b3c1 - - - [NXLOG@14506 bosh_deployment="cf-warden" bosh_job_name="api_z1" bosh_job_index="0" filename="/var/vcap/data/sys/log/cloud_controller_ng/cloud_controller_ng.log"] {"timestamp":1475179096.8705697,"message":"Statsd: cc.requests.outstanding:-1|c\ncc.requests.completed:1|c\ncc.http_status.2XX:1|c","log_level":"debug","source":"statsd.client","data":{},"thread_id":47062185508100,"fiber_id":47062167821140,"process_id":15535,"file":"/var/vcap/packages/cloud_controller_ng/cloud_controller_ng/vendor/bundle/ruby/2.3.0/gems/statsd-ruby-1.2.1/lib/statsd.rb","lineno":254,"method":"send_to_socket"}

2016-09-29T19:58:26.966881+00:00 bfc626ef-a2eb-4bad-8f71-fa1d6d0f927f - - - [NXLOG@14506 bosh_deployment="cf-warden" bosh_job_name="loggregator_trafficcontroller_z1" bosh_job_index="0" filename="/var/vcap/data/sys/log/route_registrar/route_registrar.stdout.log"] {"timestamp":"1475179106.732981682","source":"Route Registrar","message":"Route Registrar.no healthchecker found for route","log_level":1,"data":{"route":{"Name":"loggregator","Port":8080,"Tags":null,"URIs":["loggregator.bosh-lite.com"],"RouteServiceUrl":"","RegistrationInterval":20000000000,"HealthCheck":null}}}

2016-09-29T19:58:26.966985+00:00 bfc626ef-a2eb-4bad-8f71-fa1d6d0f927f - - - [NXLOG@14506 bosh_deployment="cf-warden" bosh_job_name="loggregator_trafficcontroller_z1" bosh_job_index="0" filename="/var/vcap/data/sys/log/route_registrar/route_registrar.stdout.log"] {"timestamp":"1475179106.734688759","source":"Route Registrar","message":"Route Registrar.Registering route","log_level":1,"data":{"route":{"Name":"loggregator","Port":8080,"Tags":null,"URIs":["loggregator.bosh-lite.com"],"RouteServiceUrl":"","RegistrationInterval":20000000000,"HealthCheck":null}}}

2016-09-29T19:58:26.967031+00:00 bfc626ef-a2eb-4bad-8f71-fa1d6d0f927f - - - [NXLOG@14506 bosh_deployment="cf-warden" bosh_job_name="loggregator_trafficcontroller_z1" bosh_job_index="0" filename="/var/vcap/data/sys/log/route_registrar/route_registrar.stdout.log"] {"timestamp":"1475179106.734766245","source":"Route Registrar","message":"Route Registrar.Registered routes successfully","log_level":1,"data":{}}

2016-09-29T19:58:26.967079+00:00 bfc626ef-a2eb-4bad-8f71-fa1d6d0f927f - - - [NXLOG@14506 bosh_deployment="cf-warden" bosh_job_name="loggregator_trafficcontroller_z1" bosh_job_index="0" filename="/var/vcap/data/sys/log/route_registrar/route_registrar.stdout.log"] {"timestamp":"1475179106.734771252","source":"Route Registrar","message":"Route Registrar.no healthchecker found for route","log_level":1,"data":{"route":{"Name":"doppler","Port":8081,"Tags":null,"URIs":["doppler.bosh-lite.com"],"RouteServiceUrl":"","RegistrationInterval":20000000000,"HealthCheck":null}}}

2016-09-29T19:58:26.967118+00:00 bfc626ef-a2eb-4bad-8f71-fa1d6d0f927f - - - [NXLOG@14506 bosh_deployment="cf-warden" bosh_job_name="loggregator_trafficcontroller_z1" bosh_job_index="0" filename="/var/vcap/data/sys/log/route_registrar/route_registrar.stdout.log"] {"timestamp":"1475179106.734814644","source":"Route Registrar","message":"Route Registrar.Registering route","log_level":1,"data":{"route":{"Name":"doppler","Port":8081,"Tags":null,"URIs":["doppler.bosh-lite.com"],"RouteServiceUrl":"","RegistrationInterval":20000000000,"HealthCheck":null}}}

2016-09-29T19:58:26.967154+00:00 bfc626ef-a2eb-4bad-8f71-fa1d6d0f927f - - - [NXLOG@14506 bosh_deployment="cf-warden" bosh_job_name="loggregator_trafficcontroller_z1" bosh_job_index="0" filename="/var/vcap/data/sys/log/route_registrar/route_registrar.stdout.log"] {"timestamp":"1475179106.734867573","source":"Route Registrar","message":"Route Registrar.Registered routes successfully","log_level":1,"data":{}}

2016-09-29T19:58:26.968784+00:00 fc52b791-0068-48d0-b63d-a9600b8fa32e - - - [NXLOG@14506 bosh_deployment="cf-warden" bosh_job_name="runner_z1" bosh_job_index="0" filename="/var/vcap/data/sys/log/dea_next/dea_next.log"] {"timestamp":1475179101.7414541,"message":"hm9000.heartbeat.sending","log_level":"debug","source":"Dea::Bootstrap","data":{"destination":"https://listener-hm9000.service.cf.internal:5335/dea/heartbeat"},"thread_id":47241037142420,"fiber_id":47241050325380,"process_id":6941,"file":"/var/vcap/packages/dea_next/lib/dea/utils/hm9000.rb","lineno":29,"method":"send_heartbeat"}

2016-09-29T19:58:26.968893+00:00 fc52b791-0068-48d0-b63d-a9600b8fa32e - - - [NXLOG@14506 bosh_deployment="cf-warden" bosh_job_name="runner_z1" bosh_job_index="0" filename="/var/vcap/data/sys/log/dea_next/dea_next.log"] {"timestamp":1475179101.7441335,"message":"hm9000.heartbeat.accepted","log_level":"debug","source":"Dea::Bootstrap","data":{},"thread_id":47241047596880,"fiber_id":47241050424420,"process_id":6941,"file":"/var/vcap/packages/dea_next/lib/dea/utils/hm9000.rb","lineno":49,"method":"handle_http_response"}

2016-09-29T19:58:27.099877+00:00 152ab062-1f32-4789-910a-13bdc79651b2 - - - [NXLOG@14506 bosh_deployment="cf-warden" bosh_job_name="hm9000_z1" bosh_job_index="0" filename="/var/vcap/data/sys/log/hm9000/hm9000_listener.log"] {"timestamp":"1475179101.742998838","source":"listener","message":"listener.Received a heartbeat","log_level":1,"data":{"Heartbeats Pending Save":"1"}}

2016-09-29T19:58:27.100025+00:00 152ab062-1f32-4789-910a-13bdc79651b2 - - - [NXLOG@14506 bosh_deployment="cf-warden" bosh_job_name="hm9000_z1" bosh_job_index="0" filename="/var/vcap/data/sys/log/hm9000/hm9000_listener.log"] {"timestamp":"1475179101.816038370","source":"listener","message":"listener.Saving Heartbeats","log_level":1,"data":{"Heartbeats to Save":"1"}}

2016-09-29T19:58:27.100077+00:00 152ab062-1f32-4789-910a-13bdc79651b2 - - - [NXLOG@14506 bosh_deployment="cf-warden" bosh_job_name="hm9000_z1" bosh_job_index="0" filename="/var/vcap/data/sys/log/hm9000/hm9000_listener.log"] {"timestamp":"1475179101.823066711","source":"listener","message":"listener.Bumped freshness","log_level":1,"data":{}}

2016-09-29T19:58:36.969521+00:00 fc52b791-0068-48d0-b63d-a9600b8fa32e - - - [NXLOG@14506 bosh_deployment="cf-warden" bosh_job_name="runner_z1" bosh_job_index="0" filename="/var/vcap/data/sys/log/dea_next/dea_next.log"] {"timestamp":1475179111.7439048,"message":"hm9000.heartbeat.sending","log_level":"debug","source":"Dea::Bootstrap","data":{"destination":"https://listener-hm9000.service.cf.internal:5335/dea/heartbeat"},"thread_id":47241037142420,"fiber_id":47241050325380,"process_id":6941,"file":"/var/vcap/packages/dea_next/lib/dea/utils/hm9000.rb","lineno":29,"method":"send_heartbeat"}

2016-09-29T19:58:36.969599+00:00 fc52b791-0068-48d0-b63d-a9600b8fa32e - - - [NXLOG@14506 bosh_deployment="cf-warden" bosh_job_name="runner_z1" bosh_job_index="0" filename="/var/vcap/data/sys/log/dea_next/dea_next.log"] {"timestamp":1475179111.7580972,"message":"hm9000.heartbeat.accepted","log_level":"debug","source":"Dea::Bootstrap","data":{},"thread_id":47241047596600,"fiber_id":47241050003500,"process_id":6941,"file":"/var/vcap/packages/dea_next/lib/dea/utils/hm9000.rb","lineno":49,"method":"handle_http_response"}

2016-09-29T19:58:36.969640+00:00 fc52b791-0068-48d0-b63d-a9600b8fa32e - - - [NXLOG@14506 bosh_deployment="cf-warden" bosh_job_name="runner_z1" bosh_job_index="0" filename="/var/vcap/data/sys/log/dea_next/dea_next.log"] {"timestamp":1475179116.1321733,"message":"Reaping orphaned containers","log_level":"debug","source":"Dea::Bootstrap","data":{},"thread_id":47241037142420,"fiber_id":47241050325380,"process_id":6941,"file":"/var/vcap/packages/dea_next/lib/dea/bootstrap.rb","lineno":236,"method":"reap_orphaned_containers"}

2016-09-29T19:58:37.099604+00:00 f0562343-642f-42d4-aca5-293abe675815 - - - [NXLOG@14506 bosh_deployment="cf-warden" bosh_job_name="blobstore_z1" bosh_job_index="0" filename="/var/vcap/data/sys/log/route_registrar/route_registrar.stdout.log"] {"timestamp":"1475179108.513920307","source":"Route Registrar","message":"Route Registrar.no healthchecker found for route","log_level":1,"data":{"route":{"Name":"blobstore","Port":80,"Tags":{"component":"blobstore"},"URIs":["blobstore.bosh-lite.com"],"RouteServiceUrl":"","RegistrationInterval":20000000000,"HealthCheck":null}}}

2016-09-29T19:58:37.099744+00:00 f0562343-642f-42d4-aca5-293abe675815 - - - [NXLOG@14506 bosh_deployment="cf-warden" bosh_job_name="blobstore_z1" bosh_job_index="0" filename="/var/vcap/data/sys/log/route_registrar/route_registrar.stdout.log"] {"timestamp":"1475179108.514002800","source":"Route Registrar","message":"Route Registrar.Registering route","log_level":1,"data":{"route":{"Name":"blobstore","Port":80,"Tags":{"component":"blobstore"},"URIs":["blobstore.bosh-lite.com"],"RouteServiceUrl":"","RegistrationInterval":20000000000,"HealthCheck":null}}}

2016-09-29T19:58:37.099799+00:00 f0562343-642f-42d4-aca5-293abe675815 - - - [NXLOG@14506 bosh_deployment="cf-warden" bosh_job_name="blobstore_z1" bosh_job_index="0" filename="/var/vcap/data/sys/log/route_registrar/route_registrar.stdout.log"] {"timestamp":"1475179108.514124870","source":"Route Registrar","message":"Route Registrar.Registered routes successfully","log_level":1,"data":{}}

2016-09-29T19:58:37.100446+00:00 05bf1627-ae2f-400c-b1ce-31973a9ff23f - - - [NXLOG@14506 bosh_deployment="cf-warden" bosh_job_name="uaa_z1" bosh_job_index="0" filename="/var/vcap/data/sys/log/uaa/localhost_access.log"] 127.0.0.1 - - [29/Sep/2016:19:58:18 +0000] "GET /healthz HTTP/1.1" 200 3

2016-09-29T19:58:37.100600+00:00 05bf1627-ae2f-400c-b1ce-31973a9ff23f - - - [NXLOG@14506 bosh_deployment="cf-warden" bosh_job_name="uaa_z1" bosh_job_index="0" filename="/var/vcap/data/sys/log/uaa/localhost_access.log"] 127.0.0.1 - - [29/Sep/2016:19:58:20 +0000] "GET /healthz HTTP/1.1" 200 3

2016-09-29T19:58:37.100646+00:00 05bf1627-ae2f-400c-b1ce-31973a9ff23f - - - [NXLOG@14506 bosh_deployment="cf-warden" bosh_job_name="uaa_z1" bosh_job_index="0" filename="/var/vcap/data/sys/log/uaa/localhost_access.log"] 127.0.0.1 - - [29/Sep/2016:19:58:22 +0000] "GET /healthz HTTP/1.1" 200 3

2016-09-29T19:58:37.100786+00:00 05bf1627-ae2f-400c-b1ce-31973a9ff23f - - - [NXLOG@14506 bosh_deployment="cf-warden" bosh_job_name="uaa_z1" bosh_job_index="0" filename="/var/vcap/data/sys/log/uaa/localhost_access.log"] 127.0.0.1 - - [29/Sep/2016:19:58:26 +0000] "GET /healthz HTTP/1.1" 200 3

2016-09-29T19:58:37.100834+00:00 05bf1627-ae2f-400c-b1ce-31973a9ff23f - - - [NXLOG@14506 bosh_deployment="cf-warden" bosh_job_name="uaa_z1" bosh_job_index="0" filename="/var/vcap/data/sys/log/route_registrar/route_registrar.stdout.log"] {"timestamp":"1475179110.812257767","source":"Route Registrar","message":"Route Registrar.Executing script","log_level":1,"data":{"scriptPath":"/var/vcap/jobs/uaa/bin/health_check"}}

2016-09-29T19:58:37.100877+00:00 05bf1627-ae2f-400c-b1ce-31973a9ff23f - - - [NXLOG@14506 bosh_deployment="cf-warden" bosh_job_name="uaa_z1" bosh_job_index="0" filename="/var/vcap/data/sys/log/route_registrar/route_registrar.stdout.log"] {"timestamp":"1475179110.824016094","source":"Route Registrar","message":"Route Registrar.Script exited without error","log_level":1,"data":{"script":"/var/vcap/jobs/uaa/bin/health_check","stderr":"  % Total    % Received % Xferd  Average Speed   Time    Time     Time  Current\n                                 Dload  Upload   Total   Spent    Left  Speed\n\r  0     0    0     0    0     0      0      0 --:--:-- --:--:-- --:--:--     0\r100     3  100     3    0     0   1061      0 --:--:-- --:--:-- --:--:--  1500\n","stdout":""}}

2016-09-29T19:58:37.101184+00:00 05bf1627-ae2f-400c-b1ce-31973a9ff23f - - - [NXLOG@14506 bosh_deployment="cf-warden" bosh_job_name="uaa_z1" bosh_job_index="0" filename="/var/vcap/data/sys/log/route_registrar/route_registrar.stdout.log"] {"timestamp":"1475179110.824093580","source":"Route Registrar","message":"Route Registrar.healthchecker returned healthy for route","log_level":1,"data":{"route":{"Name":"uaa","Port":8080,"Tags":{"component":"uaa"},"URIs":["uaa.bosh-lite.com","*.uaa.bosh-lite.com","login.bosh-lite.com","*.login.bosh-lite.com"],"RouteServiceUrl":"","RegistrationInterval":4000000000,"HealthCheck":{"Name":"uaa-healthcheck","ScriptPath":"/var/vcap/jobs/uaa/bin/health_check","Timeout":2000000000}}}}

2016-09-29T19:58:37.101236+00:00 05bf1627-ae2f-400c-b1ce-31973a9ff23f - - - [NXLOG@14506 bosh_deployment="cf-warden" bosh_job_name="uaa_z1" bosh_job_index="0" filename="/var/vcap/data/sys/log/route_registrar/route_registrar.stdout.log"] {"timestamp":"1475179110.824095011","source":"Route Registrar","message":"Route Registrar.Registering route","log_level":1,"data":{"route":{"Name":"uaa","Port":8080,"Tags":{"component":"uaa"},"URIs":["uaa.bosh-lite.com","*.uaa.bosh-lite.com","login.bosh-lite.com","*.login.bosh-lite.com"],"RouteServiceUrl":"","RegistrationInterval":4000000000,"HealthCheck":{"Name":"uaa-healthcheck","ScriptPath":"/var/vcap/jobs/uaa/bin/health_check","Timeout":2000000000}}}}

2016-09-29T19:58:37.101305+00:00 05bf1627-ae2f-400c-b1ce-31973a9ff23f - - - [NXLOG@14506 bosh_deployment="cf-warden" bosh_job_name="uaa_z1" bosh_job_index="0" filename="/var/vcap/data/sys/log/route_registrar/route_registrar.stdout.log"] {"timestamp":"1475179110.824546814","source":"Route Registrar","message":"Route Registrar.Registered routes successfully","log_level":1,"data":{}}

2016-09-29T19:58:37.101381+00:00 05bf1627-ae2f-400c-b1ce-31973a9ff23f - - - [NXLOG@14506 bosh_deployment="cf-warden" bosh_job_name="uaa_z1" bosh_job_index="0" filename="/var/vcap/data/sys/log/route_registrar/route_registrar.stdout.log"] {"timestamp":"1475179114.808425188","source":"Route Registrar","message":"Route Registrar.Executing script","log_level":1,"data":{"scriptPath":"/var/vcap/jobs/uaa/bin/health_check"}}

2016-09-29T19:58:37.101455+00:00 05bf1627-ae2f-400c-b1ce-31973a9ff23f - - - [NXLOG@14506 bosh_deployment="cf-warden" bosh_job_name="uaa_z1" bosh_job_index="0" filename="/var/vcap/data/sys/log/route_registrar/route_registrar.stdout.log"] {"timestamp":"1475179114.820490599","source":"Route Registrar","message":"Route Registrar.Script exited without error","log_level":1,"data":{"script":"/var/vcap/jobs/uaa/bin/health_check","stderr":"  % Total    % Received % Xferd  Average Speed   Time    Time     Time  Current\n                                 Dload  Upload   Total   Spent    Left  Speed\n\r  0     0    0     0    0     0      0      0 --:--:-- --:--:-- --:--:--     0\r100     3  100     3    0     0   3521      0 --:--:-- --:--:-- --:--:--  3000\n","stdout":""}}

2016-09-29T19:58:37.101570+00:00 05bf1627-ae2f-400c-b1ce-31973a9ff23f - - - [NXLOG@14506 bosh_deployment="cf-warden" bosh_job_name="uaa_z1" bosh_job_index="0" filename="/var/vcap/data/sys/log/route_registrar/route_registrar.stdout.log"] {"timestamp":"1475179114.820583344","source":"Route Registrar","message":"Route Registrar.healthchecker returned healthy for route","log_level":1,"data":{"route":{"Name":"uaa","Port":8080,"Tags":{"component":"uaa"},"URIs":["uaa.bosh-lite.com","*.uaa.bosh-lite.com","login.bosh-lite.com","*.login.bosh-lite.com"],"RouteServiceUrl":"","RegistrationInterval":4000000000,"HealthCheck":{"Name":"uaa-healthcheck","ScriptPath":"/var/vcap/jobs/uaa/bin/health_check","Timeout":2000000000}}}}

2016-09-29T19:58:37.101647+00:00 05bf1627-ae2f-400c-b1ce-31973a9ff23f - - - [NXLOG@14506 bosh_deployment="cf-warden" bosh_job_name="uaa_z1" bosh_job_index="0" filename="/var/vcap/data/sys/log/route_registrar/route_registrar.stdout.log"] {"timestamp":"1475179114.820610762","source":"Route Registrar","message":"Route Registrar.Registering route","log_level":1,"data":{"route":{"Name":"uaa","Port":8080,"Tags":{"component":"uaa"},"URIs":["uaa.bosh-lite.com","*.uaa.bosh-lite.com","login.bosh-lite.com","*.login.bosh-lite.com"],"RouteServiceUrl":"","RegistrationInterval":4000000000,"HealthCheck":{"Name":"uaa-healthcheck","ScriptPath":"/var/vcap/jobs/uaa/bin/health_check","Timeout":2000000000}}}}

2016-09-29T19:58:37.101705+00:00 05bf1627-ae2f-400c-b1ce-31973a9ff23f - - - [NXLOG@14506 bosh_deployment="cf-warden" bosh_job_name="uaa_z1" bosh_job_index="0" filename="/var/vcap/data/sys/log/route_registrar/route_registrar.stdout.log"] {"timestamp":"1475179114.820674658","source":"Route Registrar","message":"Route Registrar.Registered routes successfully","log_level":1,"data":{}}

2016-09-29T19:58:37.101747+00:00 05bf1627-ae2f-400c-b1ce-31973a9ff23f - - - [NXLOG@14506 bosh_deployment="cf-warden" bosh_job_name="uaa_z1" bosh_job_index="0" filename="/var/vcap/data/sys/log/uaa/uaa.log"] [2016-09-29 19:58:30.567] uaa - 19013 [http-nio-127.0.0.1-8989-exec-8] .... DEBUG --- AntPathRequestMatcher: Checking match of request : '/healthz'; against '/resources/**'

2016-09-29T19:58:37.101785+00:00 05bf1627-ae2f-400c-b1ce-31973a9ff23f - - - [NXLOG@14506 bosh_deployment="cf-warden" bosh_job_name="uaa_z1" bosh_job_index="0" filename="/var/vcap/data/sys/log/uaa/uaa.log"] [2016-09-29 19:58:30.567] uaa - 19013 [http-nio-127.0.0.1-8989-exec-8] .... DEBUG --- AntPathRequestMatcher: Checking match of request : '/healthz'; against '/square-logo.png'

2016-09-29T19:58:37.101835+00:00 05bf1627-ae2f-400c-b1ce-31973a9ff23f - - - [NXLOG@14506 bosh_deployment="cf-warden" bosh_job_name="uaa_z1" bosh_job_index="0" filename="/var/vcap/data/sys/log/uaa/uaa.log"] [2016-09-29 19:58:30.567] uaa - 19013 [http-nio-127.0.0.1-8989-exec-8] .... DEBUG --- AntPathRequestMatcher: Checking match of request : '/healthz'; against '/info'

2016-09-29T19:58:37.101879+00:00 05bf1627-ae2f-400c-b1ce-31973a9ff23f - - - [NXLOG@14506 bosh_deployment="cf-warden" bosh_job_name="uaa_z1" bosh_job_index="0" filename="/var/vcap/data/sys/log/uaa/uaa.log"] [2016-09-29 19:58:30.567] uaa - 19013 [http-nio-127.0.0.1-8989-exec-8] .... DEBUG --- AntPathRequestMatcher: Checking match of request : '/healthz'; against '/password/**'

2016-09-29T19:58:37.101892+00:00 05bf1627-ae2f-400c-b1ce-31973a9ff23f - - - [NXLOG@14506 bosh_deployment="cf-warden" bosh_job_name="uaa_z1" bosh_job_index="0" filename="/var/vcap/data/sys/log/uaa/uaa.log"] [2016-09-29 19:58:30.567] uaa - 19013 [http-nio-127.0.0.1-8989-exec-8] .... DEBUG --- AntPathRequestMatcher: Checking match of request : '/healthz'; against '/healthz/**'

2016-09-29T19:58:37.101915+00:00 05bf1627-ae2f-400c-b1ce-31973a9ff23f - - - [NXLOG@14506 bosh_deployment="cf-warden" bosh_job_name="uaa_z1" bosh_job_index="0" filename="/var/vcap/data/sys/log/uaa/uaa.log"] [2016-09-29 19:58:30.567] uaa - 19013 [http-nio-127.0.0.1-8989-exec-8] .... DEBUG --- FilterChainProxy: /healthz has an empty filter list

2016-09-29T19:58:37.101953+00:00 05bf1627-ae2f-400c-b1ce-31973a9ff23f - - - [NXLOG@14506 bosh_deployment="cf-warden" bosh_job_name="uaa_z1" bosh_job_index="0" filename="/var/vcap/data/sys/log/uaa/uaa.log"] [2016-09-29 19:58:30.567] uaa - 19013 [http-nio-127.0.0.1-8989-exec-8] .... DEBUG --- DispatcherServlet: DispatcherServlet with name 'spring' processing GET request for [/healthz]

2016-09-29T19:58:37.101997+00:00 05bf1627-ae2f-400c-b1ce-31973a9ff23f - - - [NXLOG@14506 bosh_deployment="cf-warden" bosh_job_name="uaa_z1" bosh_job_index="0" filename="/var/vcap/data/sys/log/uaa/uaa.log"] [2016-09-29 19:58:30.567] uaa - 19013 [http-nio-127.0.0.1-8989-exec-8] .... DEBUG --- DispatcherServlet: Last-Modified value for [/healthz] is: -1

2016-09-29T19:58:37.102009+00:00 05bf1627-ae2f-400c-b1ce-31973a9ff23f - - - [NXLOG@14506 bosh_deployment="cf-warden" bosh_job_name="uaa_z1" bosh_job_index="0" filename="/var/vcap/data/sys/log/uaa/uaa.log"] [2016-09-29 19:58:30.568] uaa - 19013 [http-nio-127.0.0.1-8989-exec-8] .... DEBUG --- RequestResponseBodyMethodProcessor: Written [ok

2016-09-29T19:58:37.102020+00:00 05bf1627-ae2f-400c-b1ce-31973a9ff23f - - - [NXLOG@14506 bosh_deployment="cf-warden" bosh_job_name="uaa_z1" bosh_job_index="0" filename="/var/vcap/data/sys/log/uaa/uaa.log"] ] as "text/plain;charset=ISO-8859-1" using [org.springframework.http.converter.StringHttpMessageConverter@178b2baf]

2016-09-29T19:58:37.102047+00:00 05bf1627-ae2f-400c-b1ce-31973a9ff23f - - - [NXLOG@14506 bosh_deployment="cf-warden" bosh_job_name="uaa_z1" bosh_job_index="0" filename="/var/vcap/data/sys/log/uaa/uaa.log"] [2016-09-29 19:58:30.568] uaa - 19013 [http-nio-127.0.0.1-8989-exec-8] .... DEBUG --- DispatcherServlet: Null ModelAndView returned to DispatcherServlet with name 'spring': assuming HandlerAdapter completed request handling

2016-09-29T19:58:37.102086+00:00 05bf1627-ae2f-400c-b1ce-31973a9ff23f - - - [NXLOG@14506 bosh_deployment="cf-warden" bosh_job_name="uaa_z1" bosh_job_index="0" filename="/var/vcap/data/sys/log/uaa/uaa.log"] [2016-09-29 19:58:30.568] uaa - 19013 [http-nio-127.0.0.1-8989-exec-8] .... DEBUG --- DispatcherServlet: Successfully completed request

2016-09-29T19:58:37.102168+00:00 05bf1627-ae2f-400c-b1ce-31973a9ff23f - - - [NXLOG@14506 bosh_deployment="cf-warden" bosh_job_name="uaa_z1" bosh_job_index="0" filename="/var/vcap/data/sys/log/uaa/uaa.log"] [2016-09-29 19:58:30.822] uaa - 19013 [http-nio-127.0.0.1-8989-exec-7] .... DEBUG --- AntPathRequestMatcher: Checking match of request : '/healthz'; against '/resources/**'

2016-09-29T19:58:37.102187+00:00 05bf1627-ae2f-400c-b1ce-31973a9ff23f - - - [NXLOG@14506 bosh_deployment="cf-warden" bosh_job_name="uaa_z1" bosh_job_index="0" filename="/var/vcap/data/sys/log/uaa/uaa.log"] [2016-09-29 19:58:30.822] uaa - 19013 [http-nio-127.0.0.1-8989-exec-7] .... DEBUG --- AntPathRequestMatcher: Checking match of request : '/healthz'; against '/square-logo.png'

2016-09-29T19:58:37.102197+00:00 05bf1627-ae2f-400c-b1ce-31973a9ff23f - - - [NXLOG@14506 bosh_deployment="cf-warden" bosh_job_name="uaa_z1" bosh_job_index="0" filename="/var/vcap/data/sys/log/uaa/uaa.log"] [2016-09-29 19:58:30.822] uaa - 19013 [http-nio-127.0.0.1-8989-exec-7] .... DEBUG --- AntPathRequestMatcher: Checking match of request : '/healthz'; against '/info'

2016-09-29T19:58:37.102230+00:00 05bf1627-ae2f-400c-b1ce-31973a9ff23f - - - [NXLOG@14506 bosh_deployment="cf-warden" bosh_job_name="uaa_z1" bosh_job_index="0" filename="/var/vcap/data/sys/log/uaa/uaa.log"] [2016-09-29 19:58:30.822] uaa - 19013 [http-nio-127.0.0.1-8989-exec-7] .... DEBUG --- AntPathRequestMatcher: Checking match of request : '/healthz'; against '/password/**'

2016-09-29T19:58:37.102278+00:00 05bf1627-ae2f-400c-b1ce-31973a9ff23f - - - [NXLOG@14506 bosh_deployment="cf-warden" bosh_job_name="uaa_z1" bosh_job_index="0" filename="/var/vcap/data/sys/log/uaa/uaa.log"] [2016-09-29 19:58:30.822] uaa - 19013 [http-nio-127.0.0.1-8989-exec-7] .... DEBUG --- AntPathRequestMatcher: Checking match of request : '/healthz'; against '/healthz/**'

2016-09-29T19:58:37.102289+00:00 05bf1627-ae2f-400c-b1ce-31973a9ff23f - - - [NXLOG@14506 bosh_deployment="cf-warden" bosh_job_name="uaa_z1" bosh_job_index="0" filename="/var/vcap/data/sys/log/uaa/uaa.log"] [2016-09-29 19:58:30.822] uaa - 19013 [http-nio-127.0.0.1-8989-exec-7] .... DEBUG --- FilterChainProxy: /healthz has an empty filter list

2016-09-29T19:58:37.102344+00:00 05bf1627-ae2f-400c-b1ce-31973a9ff23f - - - [NXLOG@14506 bosh_deployment="cf-warden" bosh_job_name="uaa_z1" bosh_job_index="0" filename="/var/vcap/data/sys/log/uaa/uaa.log"] [2016-09-29 19:58:30.822] uaa - 19013 [http-nio-127.0.0.1-8989-exec-7] .... DEBUG --- DispatcherServlet: DispatcherServlet with name 'spring' processing GET request for [/healthz]

2016-09-29T19:58:37.102362+00:00 05bf1627-ae2f-400c-b1ce-31973a9ff23f - - - [NXLOG@14506 bosh_deployment="cf-warden" bosh_job_name="uaa_z1" bosh_job_index="0" filename="/var/vcap/data/sys/log/uaa/uaa.log"] [2016-09-29 19:58:30.822] uaa - 19013 [http-nio-127.0.0.1-8989-exec-7] .... DEBUG --- DispatcherServlet: Last-Modified value for [/healthz] is: -1

2016-09-29T19:58:37.102401+00:00 05bf1627-ae2f-400c-b1ce-31973a9ff23f - - - [NXLOG@14506 bosh_deployment="cf-warden" bosh_job_name="uaa_z1" bosh_job_index="0" filename="/var/vcap/data/sys/log/uaa/uaa.log"] [2016-09-29 19:58:30.822] uaa - 19013 [http-nio-127.0.0.1-8989-exec-7] .... DEBUG --- RequestResponseBodyMethodProcessor: Written [ok

2016-09-29T19:58:37.102431+00:00 05bf1627-ae2f-400c-b1ce-31973a9ff23f - - - [NXLOG@14506 bosh_deployment="cf-warden" bosh_job_name="uaa_z1" bosh_job_index="0" filename="/var/vcap/data/sys/log/uaa/uaa.log"] ] as "text/plain;charset=ISO-8859-1" using [org.springframework.http.converter.StringHttpMessageConverter@178b2baf]

2016-09-29T19:58:37.102442+00:00 05bf1627-ae2f-400c-b1ce-31973a9ff23f - - - [NXLOG@14506 bosh_deployment="cf-warden" bosh_job_name="uaa_z1" bosh_job_index="0" filename="/var/vcap/data/sys/log/uaa/uaa.log"] [2016-09-29 19:58:30.822] uaa - 19013 [http-nio-127.0.0.1-8989-exec-7] .... DEBUG --- DispatcherServlet: Null ModelAndView returned to DispatcherServlet with name 'spring': assuming HandlerAdapter completed request handling

2016-09-29T19:58:37.102465+00:00 05bf1627-ae2f-400c-b1ce-31973a9ff23f - - - [NXLOG@14506 bosh_deployment="cf-warden" bosh_job_name="uaa_z1" bosh_job_index="0" filename="/var/vcap/data/sys/log/uaa/uaa.log"] [2016-09-29 19:58:30.822] uaa - 19013 [http-nio-127.0.0.1-8989-exec-7] .... DEBUG --- DispatcherServlet: Successfully completed request

2016-09-29T19:58:37.102476+00:00 05bf1627-ae2f-400c-b1ce-31973a9ff23f - - - [NXLOG@14506 bosh_deployment="cf-warden" bosh_job_name="uaa_z1" bosh_job_index="0" filename="/var/vcap/data/sys/log/uaa/uaa.log"] [2016-09-29 19:58:31.156] uaa - 19013 [pool-2-thread-1] .... DEBUG --- JdbcTemplate: Executing SQL query [select count(*) from oauth_client_details]

2016-09-29T19:58:37.102501+00:00 05bf1627-ae2f-400c-b1ce-31973a9ff23f - - - [NXLOG@14506 bosh_deployment="cf-warden" bosh_job_name="uaa_z1" bosh_job_index="0" filename="/var/vcap/data/sys/log/uaa/uaa.log"] [2016-09-29 19:58:31.158] uaa - 19013 [pool-2-thread-1] .... DEBUG --- JdbcTemplate: Executing SQL query [select count(*) from users]

2016-09-29T19:58:37.102512+00:00 05bf1627-ae2f-400c-b1ce-31973a9ff23f - - - [NXLOG@14506 bosh_deployment="cf-warden" bosh_job_name="uaa_z1" bosh_job_index="0" filename="/var/vcap/data/sys/log/uaa/uaa.log"] [2016-09-29 19:58:34.818] uaa - 19013 [http-nio-127.0.0.1-8989-exec-4] .... DEBUG --- AntPathRequestMatcher: Checking match of request : '/healthz'; against '/resources/**'

2016-09-29T19:58:37.102525+00:00 05bf1627-ae2f-400c-b1ce-31973a9ff23f - - - [NXLOG@14506 bosh_deployment="cf-warden" bosh_job_name="uaa_z1" bosh_job_index="0" filename="/var/vcap/data/sys/log/uaa/uaa.log"] [2016-09-29 19:58:34.818] uaa - 19013 [http-nio-127.0.0.1-8989-exec-4] .... DEBUG --- AntPathRequestMatcher: Checking match of request : '/healthz'; against '/square-logo.png'

2016-09-29T19:58:37.102567+00:00 05bf1627-ae2f-400c-b1ce-31973a9ff23f - - - [NXLOG@14506 bosh_deployment="cf-warden" bosh_job_name="uaa_z1" bosh_job_index="0" filename="/var/vcap/data/sys/log/uaa/uaa.log"] [2016-09-29 19:58:34.818] uaa - 19013 [http-nio-127.0.0.1-8989-exec-4] .... DEBUG --- AntPathRequestMatcher: Checking match of request : '/healthz'; against '/info'

2016-09-29T19:58:37.102579+00:00 05bf1627-ae2f-400c-b1ce-31973a9ff23f - - - [NXLOG@14506 bosh_deployment="cf-warden" bosh_job_name="uaa_z1" bosh_job_index="0" filename="/var/vcap/data/sys/log/uaa/uaa.log"] [2016-09-29 19:58:34.818] uaa - 19013 [http-nio-127.0.0.1-8989-exec-4] .... DEBUG --- AntPathRequestMatcher: Checking match of request : '/healthz'; against '/password/**'

2016-09-29T19:58:37.102588+00:00 05bf1627-ae2f-400c-b1ce-31973a9ff23f - - - [NXLOG@14506 bosh_deployment="cf-warden" bosh_job_name="uaa_z1" bosh_job_index="0" filename="/var/vcap/data/sys/log/uaa/uaa.log"] [2016-09-29 19:58:34.818] uaa - 19013 [http-nio-127.0.0.1-8989-exec-4] .... DEBUG --- AntPathRequestMatcher: Checking match of request : '/healthz'; against '/healthz/**'

2016-09-29T19:58:37.102626+00:00 05bf1627-ae2f-400c-b1ce-31973a9ff23f - - - [NXLOG@14506 bosh_deployment="cf-warden" bosh_job_name="uaa_z1" bosh_job_index="0" filename="/var/vcap/data/sys/log/uaa/uaa.log"] [2016-09-29 19:58:34.818] uaa - 19013 [http-nio-127.0.0.1-8989-exec-4] .... DEBUG --- FilterChainProxy: /healthz has an empty filter list

2016-09-29T19:58:37.102638+00:00 05bf1627-ae2f-400c-b1ce-31973a9ff23f - - - [NXLOG@14506 bosh_deployment="cf-warden" bosh_job_name="uaa_z1" bosh_job_index="0" filename="/var/vcap/data/sys/log/uaa/uaa.log"] [2016-09-29 19:58:34.818] uaa - 19013 [http-nio-127.0.0.1-8989-exec-4] .... DEBUG --- DispatcherServlet: DispatcherServlet with name 'spring' processing GET request for [/healthz]

2016-09-29T19:58:37.102647+00:00 05bf1627-ae2f-400c-b1ce-31973a9ff23f - - - [NXLOG@14506 bosh_deployment="cf-warden" bosh_job_name="uaa_z1" bosh_job_index="0" filename="/var/vcap/data/sys/log/uaa/uaa.log"] [2016-09-29 19:58:34.818] uaa - 19013 [http-nio-127.0.0.1-8989-exec-4] .... DEBUG --- DispatcherServlet: Last-Modified value for [/healthz] is: -1

2016-09-29T19:58:37.102659+00:00 05bf1627-ae2f-400c-b1ce-31973a9ff23f - - - [NXLOG@14506 bosh_deployment="cf-warden" bosh_job_name="uaa_z1" bosh_job_index="0" filename="/var/vcap/data/sys/log/uaa/uaa.log"] [2016-09-29 19:58:34.818] uaa - 19013 [http-nio-127.0.0.1-8989-exec-4] .... DEBUG --- RequestResponseBodyMethodProcessor: Written [ok

2016-09-29T19:58:37.102694+00:00 05bf1627-ae2f-400c-b1ce-31973a9ff23f - - - [NXLOG@14506 bosh_deployment="cf-warden" bosh_job_name="uaa_z1" bosh_job_index="0" filename="/var/vcap/data/sys/log/uaa/uaa.log"] ] as "text/plain;charset=ISO-8859-1" using [org.springframework.http.converter.StringHttpMessageConverter@178b2baf]

2016-09-29T19:58:37.102708+00:00 05bf1627-ae2f-400c-b1ce-31973a9ff23f - - - [NXLOG@14506 bosh_deployment="cf-warden" bosh_job_name="uaa_z1" bosh_job_index="0" filename="/var/vcap/data/sys/log/uaa/uaa.log"] [2016-09-29 19:58:34.818] uaa - 19013 [http-nio-127.0.0.1-8989-exec-4] .... DEBUG --- DispatcherServlet: Null ModelAndView returned to DispatcherServlet with name 'spring': assuming HandlerAdapter completed request handling

2016-09-29T19:58:37.102718+00:00 05bf1627-ae2f-400c-b1ce-31973a9ff23f - - - [NXLOG@14506 bosh_deployment="cf-warden" bosh_job_name="uaa_z1" bosh_job_index="0" filename="/var/vcap/data/sys/log/uaa/uaa.log"] [2016-09-29 19:58:34.818] uaa - 19013 [http-nio-127.0.0.1-8989-exec-4] .... DEBUG --- DispatcherServlet: Successfully completed request

2016-09-29T19:58:37.102728+00:00 05bf1627-ae2f-400c-b1ce-31973a9ff23f - - - [NXLOG@14506 bosh_deployment="cf-warden" bosh_job_name="uaa_z1" bosh_job_index="0" filename="/var/vcap/data/sys/log/uaa/uaa.log"] [2016-09-29 19:58:36.156] uaa - 19013 [pool-2-thread-1] .... DEBUG --- JdbcTemplate: Executing SQL query [select count(*) from oauth_client_details]

2016-09-29T19:58:37.102766+00:00 05bf1627-ae2f-400c-b1ce-31973a9ff23f - - - [NXLOG@14506 bosh_deployment="cf-warden" bosh_job_name="uaa_z1" bosh_job_index="0" filename="/var/vcap/data/sys/log/uaa/uaa.log"] [2016-09-29 19:58:36.158] uaa - 19013 [pool-2-thread-1] .... DEBUG --- JdbcTemplate: Executing SQL query [select count(*) from users]

2016-09-29T19:58:37.101674+00:00 152ab062-1f32-4789-910a-13bdc79651b2 - - - [NXLOG@14506 bosh_deployment="cf-warden" bosh_job_name="hm9000_z1" bosh_job_index="0" filename="/var/vcap/data/sys/log/hm9000/hm9000_listener.log"] {"timestamp":"1475179111.757373095","source":"listener","message":"listener.Received a heartbeat","log_level":1,"data":{"Heartbeats Pending Save":"1"}}

2016-09-29T19:58:37.101825+00:00 152ab062-1f32-4789-910a-13bdc79651b2 - - - [NXLOG@14506 bosh_deployment="cf-warden" bosh_job_name="hm9000_z1" bosh_job_index="0" filename="/var/vcap/data/sys/log/hm9000/hm9000_listener.log"] {"timestamp":"1475179111.815984488","source":"listener","message":"listener.Saving Heartbeats","log_level":1,"data":{"Heartbeats to Save":"1"}}

2016-09-29T19:58:37.102037+00:00 152ab062-1f32-4789-910a-13bdc79651b2 - - - [NXLOG@14506 bosh_deployment="cf-warden" bosh_job_name="hm9000_z1" bosh_job_index="0" filename="/var/vcap/data/sys/log/hm9000/hm9000_listener.log"] {"timestamp":"1475179111.823408842","source":"listener","message":"listener.Bumped freshness","log_level":1,"data":{}}

2016-09-29T19:58:37.102146+00:00 152ab062-1f32-4789-910a-13bdc79651b2 - - - [NXLOG@14506 bosh_deployment="cf-warden" bosh_job_name="hm9000_z1" bosh_job_index="0" filename="/var/vcap/data/sys/log/hm9000/hm9000_listener.log"] {"timestamp":"1475179111.823433876","source":"listener","message":"listener.Saved Heartbeats","log_level":1,"data":{"Duration":"7.296792ms","Heartbeats to Save":"1"}}

2016-09-29T19:58:37.108121+00:00 b0fa19c0-86de-4447-a670-3f7adbd0b3c1 - - - [NXLOG@14506 bosh_deployment="cf-warden" bosh_job_name="api_z1" bosh_job_index="0" filename="/var/vcap/data/sys/log/cloud_controller_worker/cloud_controller_worker.log"] {"timestamp":1475179110.7129986,"message":"(0.000592s) SELECT * FROM \"delayed_jobs\" WHERE ((((\"run_at\" <= '2016-09-29 19:58:30.711932+0000') AND (\"locked_at\" IS NULL)) OR (\"locked_by\" = 'cc_global_worker.api_z1.0.1')) AND (\"failed_at\" IS NULL) AND (\"queue\" IN ('cc-generic'))) ORDER BY \"priority\" ASC, \"run_at\" ASC LIMIT 5","log_level":"debug2","source":"cc.background","data":{},"thread_id":47193737007380,"fiber_id":47193773841900,"process_id":15807,"file":"/var/vcap/packages/cloud_controller_ng/cloud_controller_ng/vendor/bundle/ruby/2.3.0/gems/sequel-4.29.0/lib/sequel/database/logging.rb","lineno":70,"method":"block in log_each"}

2016-09-29T19:58:37.108208+00:00 b0fa19c0-86de-4447-a670-3f7adbd0b3c1 - - - [NXLOG@14506 bosh_deployment="cf-warden" bosh_job_name="api_z1" bosh_job_index="0" filename="/var/vcap/data/sys/log/cloud_controller_worker/cloud_controller_worker.log"] {"timestamp":1475179115.739501,"message":"(0.000538s) SELECT * FROM \"delayed_jobs\" WHERE ((((\"run_at\" <= '2016-09-29 19:58:35.738398+0000') AND (\"locked_at\" IS NULL)) OR (\"locked_by\" = 'cc_global_worker.api_z1.0.1')) AND (\"failed_at\" IS NULL) AND (\"queue\" IN ('cc-generic'))) ORDER BY \"priority\" ASC, \"run_at\" ASC LIMIT 5","log_level":"debug2","source":"cc.background","data":{},"thread_id":47193737007380,"fiber_id":47193773841900,"process_id":15807,"file":"/var/vcap/packages/cloud_controller_ng/cloud_controller_ng/vendor/bundle/ruby/2.3.0/gems/sequel-4.29.0/lib/sequel/database/logging.rb","lineno":70,"method":"block in log_each"}

2016-09-29T19:58:37.108250+00:00 b0fa19c0-86de-4447-a670-3f7adbd0b3c1 - - - [NXLOG@14506 bosh_deployment="cf-warden" bosh_job_name="api_z1" bosh_job_index="0" filename="/var/vcap/data/sys/log/nginx_cc/nginx.access.log"] api.bosh-lite.com - [29/Sep/2016:19:58:30 +0000] "GET /v2/syslog_drain_urls?batch_size=1000 HTTP/1.1" 200 326 "-" "Go-http-client/1.1" 10.244.0.146, 10.244.0.34, 10.244.0.22 vcap_request_id:8d540262-8ef9-4ab6-6f9d-62c51ef28c5c::435bff25-9248-4101-b01f-e1ba689fbec3 response_time:0.005

2016-09-29T19:58:37.108300+00:00 b0fa19c0-86de-4447-a670-3f7adbd0b3c1 - - - [NXLOG@14506 bosh_deployment="cf-warden" bosh_job_name="api_z1" bosh_job_index="0" filename="/var/vcap/data/sys/log/nginx_cc/nginx.access.log"] 10.244.0.138 - [29/Sep/2016:19:58:36 +0000] "GET /v2/info HTTP/1.1" 200 802 "-" "monit/5.2.5" 10.244.0.138 vcap_request_id:7d29fb0c-8303-4a2f-a17a-2a5f2f979a76 response_time:0.004

2016-09-29T19:58:37.108348+00:00 b0fa19c0-86de-4447-a670-3f7adbd0b3c1 - - - [NXLOG@14506 bosh_deployment="cf-warden" bosh_job_name="api_z1" bosh_job_index="0" filename="/var/vcap/data/sys/log/cloud_controller_ng/cloud_controller_ng.log"] {"timestamp":1475179107.169909,"message":"(0.000874s) SELECT * FROM \"delayed_jobs\" WHERE ((((\"run_at\" <= '2016-09-29 19:58:27.168502+0000') AND (\"locked_at\" IS NULL)) OR (\"locked_by\" = 'cc_api_worker.api_z1.0.1')) AND (\"failed_at\" IS NULL) AND (\"queue\" IN ('cc-api_z1-0'))) ORDER BY \"priority\" ASC, \"run_at\" ASC LIMIT 5","log_level":"debug2","source":"cc.background","data":{},"thread_id":47452862460180,"fiber_id":47452899698480,"process_id":15587,"file":"/var/vcap/packages/cloud_controller_ng/cloud_controller_ng/vendor/bundle/ruby/2.3.0/gems/sequel-4.29.0/lib/sequel/database/logging.rb","lineno":70,"method":"block in log_each"}

2016-09-29T19:58:37.108394+00:00 b0fa19c0-86de-4447-a670-3f7adbd0b3c1 - - - [NXLOG@14506 bosh_deployment="cf-warden" bosh_job_name="api_z1" bosh_job_index="0" filename="/var/vcap/data/sys/log/cloud_controller_ng/cloud_controller_ng.log"] {"timestamp":1475179110.7707994,"message":"(0.000603s) SELECT * FROM \"delayed_jobs\" WHERE ((((\"run_at\" <= '2016-09-29 19:58:30.769592+0000') AND (\"locked_at\" IS NULL)) OR (\"locked_by\" = 'cc_api_worker.api_z1.0.2')) AND (\"failed_at\" IS NULL) AND (\"queue\" IN ('cc-api_z1-0'))) ORDER BY \"priority\" ASC, \"run_at\" ASC LIMIT 5","log_level":"debug2","source":"cc.background","data":{},"thread_id":47118928261380,"fiber_id":47118965175380,"process_id":15629,"file":"/var/vcap/packages/cloud_controller_ng/cloud_controller_ng/vendor/bundle/ruby/2.3.0/gems/sequel-4.29.0/lib/sequel/database/logging.rb","lineno":70,"method":"block in log_each"}

2016-09-29T19:58:37.108442+00:00 b0fa19c0-86de-4447-a670-3f7adbd0b3c1 - - - [NXLOG@14506 bosh_deployment="cf-warden" bosh_job_name="api_z1" bosh_job_index="0" filename="/var/vcap/data/sys/log/cloud_controller_ng/cloud_controller_ng.log"] {"timestamp":1475179110.923161,"message":"Statsd: cc.requests.outstanding:1|c","log_level":"debug","source":"statsd.client","data":{},"thread_id":47062185508640,"fiber_id":47062164151860,"process_id":15535,"file":"/var/vcap/packages/cloud_controller_ng/cloud_controller_ng/vendor/bundle/ruby/2.3.0/gems/statsd-ruby-1.2.1/lib/statsd.rb","lineno":254,"method":"send_to_socket"}

2016-09-29T19:58:37.108504+00:00 b0fa19c0-86de-4447-a670-3f7adbd0b3c1 - - - [NXLOG@14506 bosh_deployment="cf-warden" bosh_job_name="api_z1" bosh_job_index="0" filename="/var/vcap/data/sys/log/cloud_controller_ng/cloud_controller_ng.log"] {"timestamp":1475179110.9237134,"message":"Started GET \"/v2/syslog_drain_urls?batch_size=1000\" for user: , ip: 127.0.0.1 with vcap-request-id: 8d540262-8ef9-4ab6-6f9d-62c51ef28c5c::435bff25-9248-4101-b01f-e1ba689fbec3 at 2016-09-29 19:58:30 UTC","log_level":"info","source":"cc.api","data":{},"thread_id":47062185508640,"fiber_id":47062164151860,"process_id":15535,"file":"/var/vcap/packages/cloud_controller_ng/cloud_controller_ng/middleware/request_logs.rb","lineno":12,"method":"call"}

2016-09-29T19:58:37.108588+00:00 b0fa19c0-86de-4447-a670-3f7adbd0b3c1 - - - [NXLOG@14506 bosh_deployment="cf-warden" bosh_job_name="api_z1" bosh_job_index="0" filename="/var/vcap/data/sys/log/cloud_controller_ng/cloud_controller_ng.log"] {"timestamp":1475179110.9244497,"message":"dispatch VCAP::CloudController::SyslogDrainUrlsController get /v2/syslog_drain_urls","log_level":"debug","source":"cc.api","data":{"request_guid":"8d540262-8ef9-4ab6-6f9d-62c51ef28c5c::435bff25-9248-4101-b01f-e1ba689fbec3"},"thread_id":47062185508640,"fiber_id":47062164151860,"process_id":15535,"file":"/var/vcap/data/packages/cloud_controller_ng/f87cb49aa2cd87792cb9c2211a79e1542502be4d.1-b1a5f3c830cb6c32ae9e685628b24aa967f5ae54/cloud_controller_ng/lib/cloud_controller/rest_controller/routes.rb","lineno":12,"method":"block in define_route"}

2016-09-29T19:58:37.108637+00:00 b0fa19c0-86de-4447-a670-3f7adbd0b3c1 - - - [NXLOG@14506 bosh_deployment="cf-warden" bosh_job_name="api_z1" bosh_job_index="0" filename="/var/vcap/data/sys/log/cloud_controller_ng/cloud_controller_ng.log"] {"timestamp":1475179110.9246733,"message":"parse_params: {\"batch_size\"=>\"1000\"} batch_size=1000","log_level":"debug","source":"cc.api","data":{"request_guid":"8d540262-8ef9-4ab6-6f9d-62c51ef28c5c::435bff25-9248-4101-b01f-e1ba689fbec3"},"thread_id":47062185508640,"fiber_id":47062164151860,"process_id":15535,"file":"/var/vcap/data/packages/cloud_controller_ng/f87cb49aa2cd87792cb9c2211a79e1542502be4d.1-b1a5f3c830cb6c32ae9e685628b24aa967f5ae54/cloud_controller_ng/lib/cloud_controller/rest_controller/common_params.rb","lineno":10,"method":"parse"}

2016-09-29T19:58:37.108680+00:00 b0fa19c0-86de-4447-a670-3f7adbd0b3c1 - - - [NXLOG@14506 bosh_deployment="cf-warden" bosh_job_name="api_z1" bosh_job_index="0" filename="/var/vcap/data/sys/log/cloud_controller_ng/cloud_controller_ng.log"] {"timestamp":1475179110.924819,"message":"cc.dispatch","log_level":"debug","source":"cc.api","data":{"request_guid":"8d540262-8ef9-4ab6-6f9d-62c51ef28c5c::435bff25-9248-4101-b01f-e1ba689fbec3","endpoint":"list","args":[]},"thread_id":47062185508640,"fiber_id":47062164151860,"process_id":15535,"file":"/var/vcap/data/packages/cloud_controller_ng/f87cb49aa2cd87792cb9c2211a79e1542502be4d.1-b1a5f3c830cb6c32ae9e685628b24aa967f5ae54/cloud_controller_ng/app/controllers/base/base_controller.rb","lineno":78,"method":"dispatch"}

2016-09-29T19:58:37.108726+00:00 b0fa19c0-86de-4447-a670-3f7adbd0b3c1 - - - [NXLOG@14506 bosh_deployment="cf-warden" bosh_job_name="api_z1" bosh_job_index="0" filename="/var/vcap/data/sys/log/cloud_controller_ng/cloud_controller_ng.log"] {"timestamp":1475179110.9263391,"message":"(0.001034s) SELECT \"apps\".\"guid\", string_agg(\"service_bindings\".\"syslog_drain_url\", ',') AS \"syslog_drain_urls\" FROM \"apps\" INNER JOIN \"service_bindings\" ON (\"service_bindings\".\"app_id\" = \"apps\".\"id\") WHERE ((syslog_drain_url IS NOT NULL) AND (syslog_drain_url != '')) GROUP BY \"apps\".\"guid\" UNION ALL (SELECT \"apps_v3\".\"guid\", string_agg(\"v3_service_bindings\".\"syslog_drain_url\", ',') AS \"syslog_drain_urls\" FROM \"apps_v3\" INNER JOIN \"v3_service_bindings\" ON (\"v3_service_bindings\".\"app_id\" = \"apps_v3\".\"id\") WHERE ((syslog_drain_url IS NOT NULL) AND (syslog_drain_url != '')) GROUP BY \"apps_v3\".\"guid\") ORDER BY \"guid\" LIMIT 1000 OFFSET 0","log_level":"debug2","source":"cc.db","data":{"request_guid":"8d540262-8ef9-4ab6-6f9d-62c51ef28c5c::435bff25-9248-4101-b01f-e1ba689fbec3"},"thread_id":47062185508640,"fiber_id":47062164151860,"process_id":15535,"file":"/var/vcap/packages/cloud_controller_ng/cloud_controller_ng/vendor/bundle/ruby/2.3.0/gems/sequel-4.29.0/lib/sequel/database/logging.rb","lineno":70,"method":"block in log_each"}

2016-09-29T19:58:37.108762+00:00 b0fa19c0-86de-4447-a670-3f7adbd0b3c1 - - - [NXLOG@14506 bosh_deployment="cf-warden" bosh_job_name="api_z1" bosh_job_index="0" filename="/var/vcap/data/sys/log/cloud_controller_ng/cloud_controller_ng.log"] {"timestamp":1475179110.9266863,"message":"Completed 200 vcap-request-id: 8d540262-8ef9-4ab6-6f9d-62c51ef28c5c::435bff25-9248-4101-b01f-e1ba689fbec3","log_level":"info","source":"cc.api","data":{},"thread_id":47062185508640,"fiber_id":47062164151860,"process_id":15535,"file":"/var/vcap/packages/cloud_controller_ng/cloud_controller_ng/middleware/request_logs.rb","lineno":24,"method":"call"}

2016-09-29T19:58:37.108802+00:00 b0fa19c0-86de-4447-a670-3f7adbd0b3c1 - - - [NXLOG@14506 bosh_deployment="cf-warden" bosh_job_name="api_z1" bosh_job_index="0" filename="/var/vcap/data/sys/log/cloud_controller_ng/cloud_controller_ng.log"] {"timestamp":1475179110.9268074,"message":"Statsd: cc.requests.outstanding:-1|c\ncc.requests.completed:1|c\ncc.http_status.2XX:1|c","log_level":"debug","source":"statsd.client","data":{},"thread_id":47062185508640,"fiber_id":47062164151860,"process_id":15535,"file":"/var/vcap/packages/cloud_controller_ng/cloud_controller_ng/vendor/bundle/ruby/2.3.0/gems/statsd-ruby-1.2.1/lib/statsd.rb","lineno":254,"method":"send_to_socket"}

2016-09-29T19:58:37.108843+00:00 b0fa19c0-86de-4447-a670-3f7adbd0b3c1 - - - [NXLOG@14506 bosh_deployment="cf-warden" bosh_job_name="api_z1" bosh_job_index="0" filename="/var/vcap/data/sys/log/cloud_controller_ng/cloud_controller_ng.log"] {"timestamp":1475179112.1906579,"message":"(0.000702s) SELECT * FROM \"delayed_jobs\" WHERE ((((\"run_at\" <= '2016-09-29 19:58:32.189387+0000') AND (\"locked_at\" IS NULL)) OR (\"locked_by\" = 'cc_api_worker.api_z1.0.1')) AND (\"failed_at\" IS NULL) AND (\"queue\" IN ('cc-api_z1-0'))) ORDER BY \"priority\" ASC, \"run_at\" ASC LIMIT 5","log_level":"debug2","source":"cc.background","data":{},"thread_id":47452862460180,"fiber_id":47452899698480,"process_id":15587,"file":"/var/vcap/packages/cloud_controller_ng/cloud_controller_ng/vendor/bundle/ruby/2.3.0/gems/sequel-4.29.0/lib/sequel/database/logging.rb","lineno":70,"method":"block in log_each"}

2016-09-29T19:58:37.108886+00:00 b0fa19c0-86de-4447-a670-3f7adbd0b3c1 - - - [NXLOG@14506 bosh_deployment="cf-warden" bosh_job_name="api_z1" bosh_job_index="0" filename="/var/vcap/data/sys/log/cloud_controller_ng/cloud_controller_ng.log"] {"timestamp":1475179114.3169835,"message":"Statsd: cc.vitals.uptime:1899386|g\ncc.vitals.cpu:0.0|g\ncc.vitals.mem_bytes:150700032|g\ncc.vitals.cpu_load_avg:0.26|g\ncc.vitals.mem_used_bytes:4025466880|g\ncc.vitals.mem_free_bytes:2232582144|g\ncc.vitals.num_cores:4|g","log_level":"debug","source":"statsd.client","data":{},"thread_id":47062143684880,"fiber_id":47062184032460,"process_id":15535,"file":"/var/vcap/packages/cloud_controller_ng/cloud_controller_ng/vendor/bundle/ruby/2.3.0/gems/statsd-ruby-1.2.1/lib/statsd.rb","lineno":254,"method":"send_to_socket"}

2016-09-29T19:58:37.108928+00:00 b0fa19c0-86de-4447-a670-3f7adbd0b3c1 - - - [NXLOG@14506 bosh_deployment="cf-warden" bosh_job_name="api_z1" bosh_job_index="0" filename="/var/vcap/data/sys/log/cloud_controller_ng/cloud_controller_ng.log"] {"timestamp":1475179114.3173168,"message":"Statsd: cc.log_count.off:0|g\ncc.log_count.fatal:0|g\ncc.log_count.error:0|g\ncc.log_count.warn:0|g\ncc.log_count.info:45660|g\ncc.log_count.debug:139326|g\ncc.log_count.debug1:0|g\ncc.log_count.debug2:27278|g\ncc.log_count.all:0|g","log_level":"debug","source":"statsd.client","data":{},"thread_id":47062143684880,"fiber_id":47062184032460,"process_id":15535,"file":"/var/vcap/packages/cloud_controller_ng/cloud_controller_ng/vendor/bundle/ruby/2.3.0/gems/statsd-ruby-1.2.1/lib/statsd.rb","lineno":254,"method":"send_to_socket"}

2016-09-29T19:58:37.108945+00:00 b0fa19c0-86de-4447-a670-3f7adbd0b3c1 - - - [NXLOG@14506 bosh_deployment="cf-warden" bosh_job_name="api_z1" bosh_job_index="0" filename="/var/vcap/data/sys/log/cloud_controller_ng/cloud_controller_ng.log"] {"timestamp":1475179114.3197188,"message":"(0.000461s) SELECT count(*) AS \"count\" FROM \"tasks\" WHERE (\"state\" = 'RUNNING') LIMIT 1","log_level":"debug2","source":"cc.db","data":{},"thread_id":47062143684880,"fiber_id":47062184032460,"process_id":15535,"file":"/var/vcap/packages/cloud_controller_ng/cloud_controller_ng/vendor/bundle/ruby/2.3.0/gems/sequel-4.29.0/lib/sequel/database/logging.rb","lineno":70,"method":"block in log_each"}

2016-09-29T19:58:37.108994+00:00 b0fa19c0-86de-4447-a670-3f7adbd0b3c1 - - - [NXLOG@14506 bosh_deployment="cf-warden" bosh_job_name="api_z1" bosh_job_index="0" filename="/var/vcap/data/sys/log/cloud_controller_ng/cloud_controller_ng.log"] {"timestamp":1475179114.3202426,"message":"(0.000168s) SELECT sum(\"memory_in_mb\") AS \"sum\" FROM \"tasks\" WHERE (\"state\" = 'RUNNING') LIMIT 1","log_level":"debug2","source":"cc.db","data":{},"thread_id":47062143684880,"fiber_id":47062184032460,"process_id":15535,"file":"/var/vcap/packages/cloud_controller_ng/cloud_controller_ng/vendor/bundle/ruby/2.3.0/gems/sequel-4.29.0/lib/sequel/database/logging.rb","lineno":70,"method":"block in log_each"}

2016-09-29T19:58:37.109004+00:00 b0fa19c0-86de-4447-a670-3f7adbd0b3c1 - - - [NXLOG@14506 bosh_deployment="cf-warden" bosh_job_name="api_z1" bosh_job_index="0" filename="/var/vcap/data/sys/log/cloud_controller_ng/cloud_controller_ng.log"] {"timestamp":1475179114.3204079,"message":"Statsd: cc.tasks_running.count:0|g\ncc.tasks_running.memory_in_mb:0|g","log_level":"debug","source":"statsd.client","data":{},"thread_id":47062143684880,"fiber_id":47062184032460,"process_id":15535,"file":"/var/vcap/packages/cloud_controller_ng/cloud_controller_ng/vendor/bundle/ruby/2.3.0/gems/statsd-ruby-1.2.1/lib/statsd.rb","lineno":254,"method":"send_to_socket"}

2016-09-29T19:58:37.109038+00:00 b0fa19c0-86de-4447-a670-3f7adbd0b3c1 - - - [NXLOG@14506 bosh_deployment="cf-warden" bosh_job_name="api_z1" bosh_job_index="0" filename="/var/vcap/data/sys/log/cloud_controller_ng/cloud_controller_ng.log"] {"timestamp":1475179115.7904224,"message":"(0.000604s) SELECT * FROM \"delayed_jobs\" WHERE ((((\"run_at\" <= '2016-09-29 19:58:35.789259+0000') AND (\"locked_at\" IS NULL)) OR (\"locked_by\" = 'cc_api_worker.api_z1.0.2')) AND (\"failed_at\" IS NULL) AND (\"queue\" IN ('cc-api_z1-0'))) ORDER BY \"priority\" ASC, \"run_at\" ASC LIMIT 5","log_level":"debug2","source":"cc.background","data":{},"thread_id":47118928261380,"fiber_id":47118965175380,"process_id":15629,"file":"/var/vcap/packages/cloud_controller_ng/cloud_controller_ng/vendor/bundle/ruby/2.3.0/gems/sequel-4.29.0/lib/sequel/database/logging.rb","lineno":70,"method":"block in log_each"}

2016-09-29T19:58:37.109082+00:00 b0fa19c0-86de-4447-a670-3f7adbd0b3c1 - - - [NXLOG@14506 bosh_deployment="cf-warden" bosh_job_name="api_z1" bosh_job_index="0" filename="/var/vcap/data/sys/log/cloud_controller_ng/cloud_controller_ng.log"] {"timestamp":1475179116.509307,"message":"(0.000876s) SELECT \"queue\", count(*) AS \"count\" FROM \"delayed_jobs\" WHERE (\"attempts\" = 0) GROUP BY \"queue\"","log_level":"debug2","source":"cc.db","data":{},"thread_id":47062143684880,"fiber_id":47062184032460,"process_id":15535,"file":"/var/vcap/packages/cloud_controller_ng/cloud_controller_ng/vendor/bundle/ruby/2.3.0/gems/sequel-4.29.0/lib/sequel/database/logging.rb","lineno":70,"method":"block in log_each"}

2016-09-29T19:58:37.109105+00:00 b0fa19c0-86de-4447-a670-3f7adbd0b3c1 - - - [NXLOG@14506 bosh_deployment="cf-warden" bosh_job_name="api_z1" bosh_job_index="0" filename="/var/vcap/data/sys/log/cloud_controller_ng/cloud_controller_ng.log"] {"timestamp":1475179116.5097597,"message":"Statsd: cc.job_queue_length.total:0|g\ncc.job_queue_length.total:0|g","log_level":"debug","source":"statsd.client","data":{},"thread_id":47062143684880,"fiber_id":47062184032460,"process_id":15535,"file":"/var/vcap/packages/cloud_controller_ng/cloud_controller_ng/vendor/bundle/ruby/2.3.0/gems/statsd-ruby-1.2.1/lib/statsd.rb","lineno":254,"method":"send_to_socket"}

2016-09-29T19:58:37.109114+00:00 b0fa19c0-86de-4447-a670-3f7adbd0b3c1 - - - [NXLOG@14506 bosh_deployment="cf-warden" bosh_job_name="api_z1" bosh_job_index="0" filename="/var/vcap/data/sys/log/cloud_controller_ng/cloud_controller_ng.log"] {"timestamp":1475179116.510266,"message":"Statsd: cc.thread_info.thread_count:21|g\ncc.thread_info.event_machine.connection_count:3|g\ncc.thread_info.event_machine.threadqueue.size:0|g\ncc.thread_info.event_machine.threadqueue.num_waiting:20|g\ncc.thread_info.event_machine.resultqueue.size:0|g\ncc.thread_info.event_machine.resultqueue.num_waiting:0|g","log_level":"debug","source":"statsd.client","data":{},"thread_id":47062143684880,"fiber_id":47062184032460,"process_id":15535,"file":"/var/vcap/packages/cloud_controller_ng/cloud_controller_ng/vendor/bundle/ruby/2.3.0/gems/statsd-ruby-1.2.1/lib/statsd.rb","lineno":254,"method":"send_to_socket"}

2016-09-29T19:58:37.109154+00:00 b0fa19c0-86de-4447-a670-3f7adbd0b3c1 - - - [NXLOG@14506 bosh_deployment="cf-warden" bosh_job_name="api_z1" bosh_job_index="0" filename="/var/vcap/data/sys/log/cloud_controller_ng/cloud_controller_ng.log"] {"timestamp":1475179116.5113506,"message":"(0.000609s) SELECT \"queue\", count(*) AS \"count\" FROM \"delayed_jobs\" WHERE (failed_at IS NOT NULL) GROUP BY \"queue\"","log_level":"debug2","source":"cc.db","data":{},"thread_id":47062143684880,"fiber_id":47062184032460,"process_id":15535,"file":"/var/vcap/packages/cloud_controller_ng/cloud_controller_ng/vendor/bundle/ruby/2.3.0/gems/sequel-4.29.0/lib/sequel/database/logging.rb","lineno":70,"method":"block in log_each"}

2016-09-29T19:58:37.109197+00:00 b0fa19c0-86de-4447-a670-3f7adbd0b3c1 - - - [NXLOG@14506 bosh_deployment="cf-warden" bosh_job_name="api_z1" bosh_job_index="0" filename="/var/vcap/data/sys/log/cloud_controller_ng/cloud_controller_ng.log"] {"timestamp":1475179116.5116403,"message":"Statsd: cc.failed_job_count.cc-api_z1-0:2|g\ncc.failed_job_count.total:2|g\ncc.failed_job_count.total:2|g","log_level":"debug","source":"statsd.client","data":{},"thread_id":47062143684880,"fiber_id":47062184032460,"process_id":15535,"file":"/var/vcap/packages/cloud_controller_ng/cloud_controller_ng/vendor/bundle/ruby/2.3.0/gems/statsd-ruby-1.2.1/lib/statsd.rb","lineno":254,"method":"send_to_socket"}

2016-09-29T19:58:37.109207+00:00 b0fa19c0-86de-4447-a670-3f7adbd0b3c1 - - - [NXLOG@14506 bosh_deployment="cf-warden" bosh_job_name="api_z1" bosh_job_index="0" filename="/var/vcap/data/sys/log/cloud_controller_ng/cloud_controller_ng.log"] {"timestamp":1475179116.8868117,"message":"Statsd: cc.requests.outstanding:1|c","log_level":"debug","source":"statsd.client","data":{},"thread_id":47062185511100,"fiber_id":47062165300880,"process_id":15535,"file":"/var/vcap/packages/cloud_controller_ng/cloud_controller_ng/vendor/bundle/ruby/2.3.0/gems/statsd-ruby-1.2.1/lib/statsd.rb","lineno":254,"method":"send_to_socket"}

2016-09-29T19:58:37.109228+00:00 b0fa19c0-86de-4447-a670-3f7adbd0b3c1 - - - [NXLOG@14506 bosh_deployment="cf-warden" bosh_job_name="api_z1" bosh_job_index="0" filename="/var/vcap/data/sys/log/cloud_controller_ng/cloud_controller_ng.log"] {"timestamp":1475179116.887655,"message":"Started GET \"/v2/info\" for user: , ip: 127.0.0.1 with vcap-request-id: 7d29fb0c-8303-4a2f-a17a-2a5f2f979a76 at 2016-09-29 19:58:36 UTC","log_level":"info","source":"cc.api","data":{},"thread_id":47062185511100,"fiber_id":47062165300880,"process_id":15535,"file":"/var/vcap/packages/cloud_controller_ng/cloud_controller_ng/middleware/request_logs.rb","lineno":12,"method":"call"}

2016-09-29T19:58:37.109239+00:00 b0fa19c0-86de-4447-a670-3f7adbd0b3c1 - - - [NXLOG@14506 bosh_deployment="cf-warden" bosh_job_name="api_z1" bosh_job_index="0" filename="/var/vcap/data/sys/log/cloud_controller_ng/cloud_controller_ng.log"] {"timestamp":1475179116.8882666,"message":"dispatch VCAP::CloudController::InfoController get /v2/info","log_level":"debug","source":"cc.api","data":{"request_guid":"7d29fb0c-8303-4a2f-a17a-2a5f2f979a76"},"thread_id":47062185511100,"fiber_id":47062165300880,"process_id":15535,"file":"/var/vcap/data/packages/cloud_controller_ng/f87cb49aa2cd87792cb9c2211a79e1542502be4d.1-b1a5f3c830cb6c32ae9e685628b24aa967f5ae54/cloud_controller_ng/lib/cloud_controller/rest_controller/routes.rb","lineno":12,"method":"block in define_route"}

2016-09-29T19:58:37.109257+00:00 b0fa19c0-86de-4447-a670-3f7adbd0b3c1 - - - [NXLOG@14506 bosh_deployment="cf-warden" bosh_job_name="api_z1" bosh_job_index="0" filename="/var/vcap/data/sys/log/cloud_controller_ng/cloud_controller_ng.log"] {"timestamp":1475179116.8884134,"message":"parse_params: {} ","log_level":"debug","source":"cc.api","data":{"request_guid":"7d29fb0c-8303-4a2f-a17a-2a5f2f979a76"},"thread_id":47062185511100,"fiber_id":47062165300880,"process_id":15535,"file":"/var/vcap/data/packages/cloud_controller_ng/f87cb49aa2cd87792cb9c2211a79e1542502be4d.1-b1a5f3c830cb6c32ae9e685628b24aa967f5ae54/cloud_controller_ng/lib/cloud_controller/rest_controller/common_params.rb","lineno":10,"method":"parse"}

2016-09-29T19:58:37.109277+00:00 b0fa19c0-86de-4447-a670-3f7adbd0b3c1 - - - [NXLOG@14506 bosh_deployment="cf-warden" bosh_job_name="api_z1" bosh_job_index="0" filename="/var/vcap/data/sys/log/cloud_controller_ng/cloud_controller_ng.log"] {"timestamp":1475179116.888563,"message":"cc.dispatch","log_level":"debug","source":"cc.api","data":{"request_guid":"7d29fb0c-8303-4a2f-a17a-2a5f2f979a76","endpoint":"read","args":[]},"thread_id":47062185511100,"fiber_id":47062165300880,"process_id":15535,"file":"/var/vcap/data/packages/cloud_controller_ng/f87cb49aa2cd87792cb9c2211a79e1542502be4d.1-b1a5f3c830cb6c32ae9e685628b24aa967f5ae54/cloud_controller_ng/app/controllers/base/base_controller.rb","lineno":78,"method":"dispatch"}

2016-09-29T19:58:37.109316+00:00 b0fa19c0-86de-4447-a670-3f7adbd0b3c1 - - - [NXLOG@14506 bosh_deployment="cf-warden" bosh_job_name="api_z1" bosh_job_index="0" filename="/var/vcap/data/sys/log/cloud_controller_ng/cloud_controller_ng.log"] {"timestamp":1475179116.8889885,"message":"Completed 200 vcap-request-id: 7d29fb0c-8303-4a2f-a17a-2a5f2f979a76","log_level":"info","source":"cc.api","data":{},"thread_id":47062185511100,"fiber_id":47062165300880,"process_id":15535,"file":"/var/vcap/packages/cloud_controller_ng/cloud_controller_ng/middleware/request_logs.rb","lineno":24,"method":"call"}

2016-09-29T19:58:37.109337+00:00 b0fa19c0-86de-4447-a670-3f7adbd0b3c1 - - - [NXLOG@14506 bosh_deployment="cf-warden" bosh_job_name="api_z1" bosh_job_index="0" filename="/var/vcap/data/sys/log/cloud_controller_ng/cloud_controller_ng.log"] {"timestamp":1475179116.8891504,"message":"Statsd: cc.requests.outstanding:-1|c\ncc.requests.completed:1|c\ncc.http_status.2XX:1|c","log_level":"debug","source":"statsd.client","data":{},"thread_id":47062185511100,"fiber_id":47062165300880,"process_id":15535,"file":"/var/vcap/packages/cloud_controller_ng/cloud_controller_ng/vendor/bundle/ruby/2.3.0/gems/statsd-ruby-1.2.1/lib/statsd.rb","lineno":254,"method":"send_to_socket"}

2016-09-29T19:58:46.967370+00:00 bfc626ef-a2eb-4bad-8f71-fa1d6d0f927f - - - [NXLOG@14506 bosh_deployment="cf-warden" bosh_job_name="loggregator_trafficcontroller_z1" bosh_job_index="0" filename="/var/vcap/data/sys/log/route_registrar/route_registrar.stdout.log"] {"timestamp":"1475179126.734774351","source":"Route Registrar","message":"Route Registrar.no healthchecker found for route","log_level":1,"data":{"route":{"Name":"doppler","Port":8081,"Tags":null,"URIs":["doppler.bosh-lite.com"],"RouteServiceUrl":"","RegistrationInterval":20000000000,"HealthCheck":null}}}

2016-09-29T19:58:46.967613+00:00 bfc626ef-a2eb-4bad-8f71-fa1d6d0f927f - - - [NXLOG@14506 bosh_deployment="cf-warden" bosh_job_name="loggregator_trafficcontroller_z1" bosh_job_index="0" filename="/var/vcap/data/sys/log/route_registrar/route_registrar.stdout.log"] {"timestamp":"1475179126.734935045","source":"Route Registrar","message":"Route Registrar.Registering route","log_level":1,"data":{"route":{"Name":"doppler","Port":8081,"Tags":null,"URIs":["doppler.bosh-lite.com"],"RouteServiceUrl":"","RegistrationInterval":20000000000,"HealthCheck":null}}}

2016-09-29T19:58:46.967769+00:00 bfc626ef-a2eb-4bad-8f71-fa1d6d0f927f - - - [NXLOG@14506 bosh_deployment="cf-warden" bosh_job_name="loggregator_trafficcontroller_z1" bosh_job_index="0" filename="/var/vcap/data/sys/log/route_registrar/route_registrar.stdout.log"] {"timestamp":"1475179126.735032558","source":"Route Registrar","message":"Route Registrar.Registered routes successfully","log_level":1,"data":{}}

2016-09-29T19:58:56.970324+00:00 fc52b791-0068-48d0-b63d-a9600b8fa32e - - - [NXLOG@14506 bosh_deployment="cf-warden" bosh_job_name="runner_z1" bosh_job_index="0" filename="/var/vcap/data/sys/log/dea_next/dea_next.log"] {"timestamp":1475179131.7665217,"message":"hm9000.heartbeat.accepted","log_level":"debug","source":"Dea::Bootstrap","data":{},"thread_id":47241047596160,"fiber_id":47241049873700,"process_id":6941,"file":"/var/vcap/packages/dea_next/lib/dea/utils/hm9000.rb","lineno":49,"method":"handle_http_response"}

2016-09-29T19:58:57.099301+00:00 f0562343-642f-42d4-aca5-293abe675815 - - - [NXLOG@14506 bosh_deployment="cf-warden" bosh_job_name="blobstore_z1" bosh_job_index="0" filename="/var/vcap/data/sys/log/route_registrar/route_registrar.stdout.log"] {"timestamp":"1475179128.514081717","source":"Route Registrar","message":"Route Registrar.no healthchecker found for route","log_level":1,"data":{"route":{"Name":"blobstore","Port":80,"Tags":{"component":"blobstore"},"URIs":["blobstore.bosh-lite.com"],"RouteServiceUrl":"","RegistrationInterval":20000000000,"HealthCheck":null}}}

2016-09-29T19:58:57.099428+00:00 f0562343-642f-42d4-aca5-293abe675815 - - - [NXLOG@14506 bosh_deployment="cf-warden" bosh_job_name="blobstore_z1" bosh_job_index="0" filename="/var/vcap/data/sys/log/route_registrar/route_registrar.stdout.log"] {"timestamp":"1475179128.514222145","source":"Route Registrar","message":"Route Registrar.Registering route","log_level":1,"data":{"route":{"Name":"blobstore","Port":80,"Tags":{"component":"blobstore"},"URIs":["blobstore.bosh-lite.com"],"RouteServiceUrl":"","RegistrationInterval":20000000000,"HealthCheck":null}}}

2016-09-29T19:58:57.099595+00:00 f0562343-642f-42d4-aca5-293abe675815 - - - [NXLOG@14506 bosh_deployment="cf-warden" bosh_job_name="blobstore_z1" bosh_job_index="0" filename="/var/vcap/data/sys/log/route_registrar/route_registrar.stdout.log"] {"timestamp":"1475179128.514333010","source":"Route Registrar","message":"Route Registrar.Registered routes successfully","log_level":1,"data":{}}

2016-09-29T19:58:57.102944+00:00 152ab062-1f32-4789-910a-13bdc79651b2 - - - [NXLOG@14506 bosh_deployment="cf-warden" bosh_job_name="hm9000_z1" bosh_job_index="0" filename="/var/vcap/data/sys/log/hm9000/hm9000_listener.log"] {"timestamp":"1475179131.765956163","source":"listener","message":"listener.Received a heartbeat","log_level":1,"data":{"Heartbeats Pending Save":"1"}}

2016-09-29T19:58:57.103059+00:00 152ab062-1f32-4789-910a-13bdc79651b2 - - - [NXLOG@14506 bosh_deployment="cf-warden" bosh_job_name="hm9000_z1" bosh_job_index="0" filename="/var/vcap/data/sys/log/hm9000/hm9000_listener.log"] {"timestamp":"1475179131.816811562","source":"listener","message":"listener.Saving Heartbeats","log_level":1,"data":{"Heartbeats to Save":"1"}}

2016-09-29T19:58:57.103142+00:00 152ab062-1f32-4789-910a-13bdc79651b2 - - - [NXLOG@14506 bosh_deployment="cf-warden" bosh_job_name="hm9000_z1" bosh_job_index="0" filename="/var/vcap/data/sys/log/hm9000/hm9000_listener.log"] {"timestamp":"1475179131.823430538","source":"listener","message":"listener.Bumped freshness","log_level":1,"data":{}}

2016-09-29T19:58:57.103192+00:00 152ab062-1f32-4789-910a-13bdc79651b2 - - - [NXLOG@14506 bosh_deployment="cf-warden" bosh_job_name="hm9000_z1" bosh_job_index="0" filename="/var/vcap/data/sys/log/hm9000/hm9000_listener.log"] {"timestamp":"1475179131.823654413","source":"listener","message":"listener.Saved Heartbeats","log_level":1,"data":{"Duration":"6.481447ms","Heartbeats to Save":"1"}}

2016-09-29T19:58:57.103634+00:00 05bf1627-ae2f-400c-b1ce-31973a9ff23f - - - [NXLOG@14506 bosh_deployment="cf-warden" bosh_job_name="uaa_z1" bosh_job_index="0" filename="/var/vcap/data/sys/log/uaa/localhost_access.log"] 127.0.0.1 - - [29/Sep/2016:19:58:38 +0000] "GET /healthz HTTP/1.1" 200 3

2016-09-29T19:58:57.103731+00:00 05bf1627-ae2f-400c-b1ce-31973a9ff23f - - - [NXLOG@14506 bosh_deployment="cf-warden" bosh_job_name="uaa_z1" bosh_job_index="0" filename="/var/vcap/data/sys/log/uaa/localhost_access.log"] 127.0.0.1 - - [29/Sep/2016:19:58:40 +0000] "GET /healthz HTTP/1.1" 200 3

2016-09-29T19:58:57.103790+00:00 05bf1627-ae2f-400c-b1ce-31973a9ff23f - - - [NXLOG@14506 bosh_deployment="cf-warden" bosh_job_name="uaa_z1" bosh_job_index="0" filename="/var/vcap/data/sys/log/uaa/localhost_access.log"] 127.0.0.1 - - [29/Sep/2016:19:58:42 +0000] "GET /healthz HTTP/1.1" 200 3

2016-09-29T19:58:57.103938+00:00 05bf1627-ae2f-400c-b1ce-31973a9ff23f - - - [NXLOG@14506 bosh_deployment="cf-warden" bosh_job_name="uaa_z1" bosh_job_index="0" filename="/var/vcap/data/sys/log/uaa/localhost_access.log"] 127.0.0.1 - - [29/Sep/2016:19:58:46 +0000] "GET /healthz HTTP/1.1" 200 3

2016-09-29T19:58:57.103974+00:00 05bf1627-ae2f-400c-b1ce-31973a9ff23f - - - [NXLOG@14506 bosh_deployment="cf-warden" bosh_job_name="uaa_z1" bosh_job_index="0" filename="/var/vcap/data/sys/log/route_registrar/route_registrar.stdout.log"] {"timestamp":"1475179130.808088303","source":"Route Registrar","message":"Route Registrar.Executing script","log_level":1,"data":{"scriptPath":"/var/vcap/jobs/uaa/bin/health_check"}}

2016-09-29T19:58:57.104039+00:00 05bf1627-ae2f-400c-b1ce-31973a9ff23f - - - [NXLOG@14506 bosh_deployment="cf-warden" bosh_job_name="uaa_z1" bosh_job_index="0" filename="/var/vcap/data/sys/log/route_registrar/route_registrar.stdout.log"] {"timestamp":"1475179130.818235159","source":"Route Registrar","message":"Route Registrar.Script exited without error","log_level":1,"data":{"script":"/var/vcap/jobs/uaa/bin/health_check","stderr":"  % Total    % Received % Xferd  Average Speed   Time    Time     Time  Current\n                                 Dload  Upload   Total   Spent    Left  Speed\n\r  0     0    0     0    0     0      0      0 --:--:-- --:--:-- --:--:--     0\r100     3  100     3    0     0   3562      0 --:--:-- --:--:-- --:--:--  3000\n","stdout":""}}

2016-09-29T19:58:57.104068+00:00 05bf1627-ae2f-400c-b1ce-31973a9ff23f - - - [NXLOG@14506 bosh_deployment="cf-warden" bosh_job_name="uaa_z1" bosh_job_index="0" filename="/var/vcap/data/sys/log/route_registrar/route_registrar.stdout.log"] {"timestamp":"1475179130.818336964","source":"Route Registrar","message":"Route Registrar.healthchecker returned healthy for route","log_level":1,"data":{"route":{"Name":"uaa","Port":8080,"Tags":{"component":"uaa"},"URIs":["uaa.bosh-lite.com","*.uaa.bosh-lite.com","login.bosh-lite.com","*.login.bosh-lite.com"],"RouteServiceUrl":"","RegistrationInterval":4000000000,"HealthCheck":{"Name":"uaa-healthcheck","ScriptPath":"/var/vcap/jobs/uaa/bin/health_check","Timeout":2000000000}}}}

2016-09-29T19:58:57.104079+00:00 05bf1627-ae2f-400c-b1ce-31973a9ff23f - - - [NXLOG@14506 bosh_deployment="cf-warden" bosh_job_name="uaa_z1" bosh_job_index="0" filename="/var/vcap/data/sys/log/route_registrar/route_registrar.stdout.log"] {"timestamp":"1475179130.818361044","source":"Route Registrar","message":"Route Registrar.Registering route","log_level":1,"data":{"route":{"Name":"uaa","Port":8080,"Tags":{"component":"uaa"},"URIs":["uaa.bosh-lite.com","*.uaa.bosh-lite.com","login.bosh-lite.com","*.login.bosh-lite.com"],"RouteServiceUrl":"","RegistrationInterval":4000000000,"HealthCheck":{"Name":"uaa-healthcheck","ScriptPath":"/var/vcap/jobs/uaa/bin/health_check","Timeout":2000000000}}}}

2016-09-29T19:58:57.104488+00:00 05bf1627-ae2f-400c-b1ce-31973a9ff23f - - - [NXLOG@14506 bosh_deployment="cf-warden" bosh_job_name="uaa_z1" bosh_job_index="0" filename="/var/vcap/data/sys/log/route_registrar/route_registrar.stdout.log"] {"timestamp":"1475179130.818432093","source":"Route Registrar","message":"Route Registrar.Registered routes successfully","log_level":1,"data":{}}

2016-09-29T19:58:57.104583+00:00 05bf1627-ae2f-400c-b1ce-31973a9ff23f - - - [NXLOG@14506 bosh_deployment="cf-warden" bosh_job_name="uaa_z1" bosh_job_index="0" filename="/var/vcap/data/sys/log/route_registrar/route_registrar.stdout.log"] {"timestamp":"1475179134.808284998","source":"Route Registrar","message":"Route Registrar.Executing script","log_level":1,"data":{"scriptPath":"/var/vcap/jobs/uaa/bin/health_check"}}

2016-09-29T19:58:57.105391+00:00 05bf1627-ae2f-400c-b1ce-31973a9ff23f - - - [NXLOG@14506 bosh_deployment="cf-warden" bosh_job_name="uaa_z1" bosh_job_index="0" filename="/var/vcap/data/sys/log/route_registrar/route_registrar.stdout.log"] {"timestamp":"1475179134.818480015","source":"Route Registrar","message":"Route Registrar.Script exited without error","log_level":1,"data":{"script":"/var/vcap/jobs/uaa/bin/health_check","stderr":"  % Total    % Received % Xferd  Average Speed   Time    Time     Time  Current\n                                 Dload  Upload   Total   Spent    Left  Speed\n\r  0     0    0     0    0     0      0      0 --:--:-- --:--:-- --:--:--     0\r100     3  100     3    0     0   2384      0 --:--:-- --:--:-- --:--:--  3000\n","stdout":""}}

2016-09-29T19:58:57.105607+00:00 05bf1627-ae2f-400c-b1ce-31973a9ff23f - - - [NXLOG@14506 bosh_deployment="cf-warden" bosh_job_name="uaa_z1" bosh_job_index="0" filename="/var/vcap/data/sys/log/route_registrar/route_registrar.stdout.log"] {"timestamp":"1475179134.818561554","source":"Route Registrar","message":"Route Registrar.healthchecker returned healthy for route","log_level":1,"data":{"route":{"Name":"uaa","Port":8080,"Tags":{"component":"uaa"},"URIs":["uaa.bosh-lite.com","*.uaa.bosh-lite.com","login.bosh-lite.com","*.login.bosh-lite.com"],"RouteServiceUrl":"","RegistrationInterval":4000000000,"HealthCheck":{"Name":"uaa-healthcheck","ScriptPath":"/var/vcap/jobs/uaa/bin/health_check","Timeout":2000000000}}}}

2016-09-29T19:58:57.105689+00:00 05bf1627-ae2f-400c-b1ce-31973a9ff23f - - - [NXLOG@14506 bosh_deployment="cf-warden" bosh_job_name="uaa_z1" bosh_job_index="0" filename="/var/vcap/data/sys/log/route_registrar/route_registrar.stdout.log"] {"timestamp":"1475179134.818585873","source":"Route Registrar","message":"Route Registrar.Registering route","log_level":1,"data":{"route":{"Name":"uaa","Port":8080,"Tags":{"component":"uaa"},"URIs":["uaa.bosh-lite.com","*.uaa.bosh-lite.com","login.bosh-lite.com","*.login.bosh-lite.com"],"RouteServiceUrl":"","RegistrationInterval":4000000000,"HealthCheck":{"Name":"uaa-healthcheck","ScriptPath":"/var/vcap/jobs/uaa/bin/health_check","Timeout":2000000000}}}}

2016-09-29T19:58:57.105750+00:00 05bf1627-ae2f-400c-b1ce-31973a9ff23f - - - [NXLOG@14506 bosh_deployment="cf-warden" bosh_job_name="uaa_z1" bosh_job_index="0" filename="/var/vcap/data/sys/log/route_registrar/route_registrar.stdout.log"] {"timestamp":"1475179134.818667173","source":"Route Registrar","message":"Route Registrar.Registered routes successfully","log_level":1,"data":{}}

2016-09-29T19:58:57.105793+00:00 05bf1627-ae2f-400c-b1ce-31973a9ff23f - - - [NXLOG@14506 bosh_deployment="cf-warden" bosh_job_name="uaa_z1" bosh_job_index="0" filename="/var/vcap/data/sys/log/uaa/uaa.log"] [2016-09-29 19:58:50.578] uaa - 19013 [http-nio-127.0.0.1-8989-exec-10] .... DEBUG --- AntPathRequestMatcher: Checking match of request : '/healthz'; against '/resources/**'

2016-09-29T19:58:57.105851+00:00 05bf1627-ae2f-400c-b1ce-31973a9ff23f - - - [NXLOG@14506 bosh_deployment="cf-warden" bosh_job_name="uaa_z1" bosh_job_index="0" filename="/var/vcap/data/sys/log/uaa/uaa.log"] [2016-09-29 19:58:50.578] uaa - 19013 [http-nio-127.0.0.1-8989-exec-10] .... DEBUG --- AntPathRequestMatcher: Checking match of request : '/healthz'; against '/square-logo.png'

2016-09-29T19:58:57.105893+00:00 05bf1627-ae2f-400c-b1ce-31973a9ff23f - - - [NXLOG@14506 bosh_deployment="cf-warden" bosh_job_name="uaa_z1" bosh_job_index="0" filename="/var/vcap/data/sys/log/uaa/uaa.log"] [2016-09-29 19:58:50.578] uaa - 19013 [http-nio-127.0.0.1-8989-exec-10] .... DEBUG --- AntPathRequestMatcher: Checking match of request : '/healthz'; against '/info'

2016-09-29T19:58:57.105915+00:00 05bf1627-ae2f-400c-b1ce-31973a9ff23f - - - [NXLOG@14506 bosh_deployment="cf-warden" bosh_job_name="uaa_z1" bosh_job_index="0" filename="/var/vcap/data/sys/log/uaa/uaa.log"] [2016-09-29 19:58:50.578] uaa - 19013 [http-nio-127.0.0.1-8989-exec-10] .... DEBUG --- AntPathRequestMatcher: Checking match of request : '/healthz'; against '/password/**'

2016-09-29T19:58:57.105927+00:00 05bf1627-ae2f-400c-b1ce-31973a9ff23f - - - [NXLOG@14506 bosh_deployment="cf-warden" bosh_job_name="uaa_z1" bosh_job_index="0" filename="/var/vcap/data/sys/log/uaa/uaa.log"] [2016-09-29 19:58:50.578] uaa - 19013 [http-nio-127.0.0.1-8989-exec-10] .... DEBUG --- AntPathRequestMatcher: Checking match of request : '/healthz'; against '/healthz/**'

2016-09-29T19:58:57.105945+00:00 05bf1627-ae2f-400c-b1ce-31973a9ff23f - - - [NXLOG@14506 bosh_deployment="cf-warden" bosh_job_name="uaa_z1" bosh_job_index="0" filename="/var/vcap/data/sys/log/uaa/uaa.log"] [2016-09-29 19:58:50.578] uaa - 19013 [http-nio-127.0.0.1-8989-exec-10] .... DEBUG --- FilterChainProxy: /healthz has an empty filter list

2016-09-29T19:58:57.105954+00:00 05bf1627-ae2f-400c-b1ce-31973a9ff23f - - - [NXLOG@14506 bosh_deployment="cf-warden" bosh_job_name="uaa_z1" bosh_job_index="0" filename="/var/vcap/data/sys/log/uaa/uaa.log"] [2016-09-29 19:58:50.578] uaa - 19013 [http-nio-127.0.0.1-8989-exec-10] .... DEBUG --- DispatcherServlet: DispatcherServlet with name 'spring' processing GET request for [/healthz]

2016-09-29T19:58:57.105977+00:00 05bf1627-ae2f-400c-b1ce-31973a9ff23f - - - [NXLOG@14506 bosh_deployment="cf-warden" bosh_job_name="uaa_z1" bosh_job_index="0" filename="/var/vcap/data/sys/log/uaa/uaa.log"] [2016-09-29 19:58:50.578] uaa - 19013 [http-nio-127.0.0.1-8989-exec-10] .... DEBUG --- DispatcherServlet: Last-Modified value for [/healthz] is: -1

2016-09-29T19:58:57.106018+00:00 05bf1627-ae2f-400c-b1ce-31973a9ff23f - - - [NXLOG@14506 bosh_deployment="cf-warden" bosh_job_name="uaa_z1" bosh_job_index="0" filename="/var/vcap/data/sys/log/uaa/uaa.log"] [2016-09-29 19:58:50.578] uaa - 19013 [http-nio-127.0.0.1-8989-exec-10] .... DEBUG --- RequestResponseBodyMethodProcessor: Written [ok

2016-09-29T19:58:57.106028+00:00 05bf1627-ae2f-400c-b1ce-31973a9ff23f - - - [NXLOG@14506 bosh_deployment="cf-warden" bosh_job_name="uaa_z1" bosh_job_index="0" filename="/var/vcap/data/sys/log/uaa/uaa.log"] ] as "text/plain;charset=ISO-8859-1" using [org.springframework.http.converter.StringHttpMessageConverter@178b2baf]

2016-09-29T19:58:57.106036+00:00 05bf1627-ae2f-400c-b1ce-31973a9ff23f - - - [NXLOG@14506 bosh_deployment="cf-warden" bosh_job_name="uaa_z1" bosh_job_index="0" filename="/var/vcap/data/sys/log/uaa/uaa.log"] [2016-09-29 19:58:50.578] uaa - 19013 [http-nio-127.0.0.1-8989-exec-10] .... DEBUG --- DispatcherServlet: Null ModelAndView returned to DispatcherServlet with name 'spring': assuming HandlerAdapter completed request handling

2016-09-29T19:58:57.106058+00:00 05bf1627-ae2f-400c-b1ce-31973a9ff23f - - - [NXLOG@14506 bosh_deployment="cf-warden" bosh_job_name="uaa_z1" bosh_job_index="0" filename="/var/vcap/data/sys/log/uaa/uaa.log"] [2016-09-29 19:58:50.578] uaa - 19013 [http-nio-127.0.0.1-8989-exec-10] .... DEBUG --- DispatcherServlet: Successfully completed request

2016-09-29T19:58:57.106066+00:00 05bf1627-ae2f-400c-b1ce-31973a9ff23f - - - [NXLOG@14506 bosh_deployment="cf-warden" bosh_job_name="uaa_z1" bosh_job_index="0" filename="/var/vcap/data/sys/log/uaa/uaa.log"] [2016-09-29 19:58:50.816] uaa - 19013 [http-nio-127.0.0.1-8989-exec-4] .... DEBUG --- AntPathRequestMatcher: Checking match of request : '/healthz'; against '/resources/**'

2016-09-29T19:58:57.106074+00:00 05bf1627-ae2f-400c-b1ce-31973a9ff23f - - - [NXLOG@14506 bosh_deployment="cf-warden" bosh_job_name="uaa_z1" bosh_job_index="0" filename="/var/vcap/data/sys/log/uaa/uaa.log"] [2016-09-29 19:58:50.816] uaa - 19013 [http-nio-127.0.0.1-8989-exec-4] .... DEBUG --- AntPathRequestMatcher: Checking match of request : '/healthz'; against '/square-logo.png'

2016-09-29T19:58:57.106109+00:00 05bf1627-ae2f-400c-b1ce-31973a9ff23f - - - [NXLOG@14506 bosh_deployment="cf-warden" bosh_job_name="uaa_z1" bosh_job_index="0" filename="/var/vcap/data/sys/log/uaa/uaa.log"] [2016-09-29 19:58:50.816] uaa - 19013 [http-nio-127.0.0.1-8989-exec-4] .... DEBUG --- AntPathRequestMatcher: Checking match of request : '/healthz'; against '/info'

2016-09-29T19:58:57.106130+00:00 05bf1627-ae2f-400c-b1ce-31973a9ff23f - - - [NXLOG@14506 bosh_deployment="cf-warden" bosh_job_name="uaa_z1" bosh_job_index="0" filename="/var/vcap/data/sys/log/uaa/uaa.log"] [2016-09-29 19:58:50.816] uaa - 19013 [http-nio-127.0.0.1-8989-exec-4] .... DEBUG --- AntPathRequestMatcher: Checking match of request : '/healthz'; against '/password/**'

2016-09-29T19:58:57.106150+00:00 05bf1627-ae2f-400c-b1ce-31973a9ff23f - - - [NXLOG@14506 bosh_deployment="cf-warden" bosh_job_name="uaa_z1" bosh_job_index="0" filename="/var/vcap/data/sys/log/uaa/uaa.log"] [2016-09-29 19:58:50.816] uaa - 19013 [http-nio-127.0.0.1-8989-exec-4] .... DEBUG --- AntPathRequestMatcher: Checking match of request : '/healthz'; against '/healthz/**'

2016-09-29T19:58:57.106169+00:00 05bf1627-ae2f-400c-b1ce-31973a9ff23f - - - [NXLOG@14506 bosh_deployment="cf-warden" bosh_job_name="uaa_z1" bosh_job_index="0" filename="/var/vcap/data/sys/log/uaa/uaa.log"] [2016-09-29 19:58:50.816] uaa - 19013 [http-nio-127.0.0.1-8989-exec-4] .... DEBUG --- FilterChainProxy: /healthz has an empty filter list

2016-09-29T19:58:57.106177+00:00 05bf1627-ae2f-400c-b1ce-31973a9ff23f - - - [NXLOG@14506 bosh_deployment="cf-warden" bosh_job_name="uaa_z1" bosh_job_index="0" filename="/var/vcap/data/sys/log/uaa/uaa.log"] [2016-09-29 19:58:50.816] uaa - 19013 [http-nio-127.0.0.1-8989-exec-4] .... DEBUG --- DispatcherServlet: DispatcherServlet with name 'spring' processing GET request for [/healthz]

2016-09-29T19:58:57.106213+00:00 05bf1627-ae2f-400c-b1ce-31973a9ff23f - - - [NXLOG@14506 bosh_deployment="cf-warden" bosh_job_name="uaa_z1" bosh_job_index="0" filename="/var/vcap/data/sys/log/uaa/uaa.log"] [2016-09-29 19:58:50.816] uaa - 19013 [http-nio-127.0.0.1-8989-exec-4] .... DEBUG --- DispatcherServlet: Last-Modified value for [/healthz] is: -1

2016-09-29T19:58:57.106258+00:00 05bf1627-ae2f-400c-b1ce-31973a9ff23f - - - [NXLOG@14506 bosh_deployment="cf-warden" bosh_job_name="uaa_z1" bosh_job_index="0" filename="/var/vcap/data/sys/log/uaa/uaa.log"] [2016-09-29 19:58:50.816] uaa - 19013 [http-nio-127.0.0.1-8989-exec-4] .... DEBUG --- RequestResponseBodyMethodProcessor: Written [ok

2016-09-29T19:58:57.106266+00:00 05bf1627-ae2f-400c-b1ce-31973a9ff23f - - - [NXLOG@14506 bosh_deployment="cf-warden" bosh_job_name="uaa_z1" bosh_job_index="0" filename="/var/vcap/data/sys/log/uaa/uaa.log"] ] as "text/plain;charset=ISO-8859-1" using [org.springframework.http.converter.StringHttpMessageConverter@178b2baf]

2016-09-29T19:58:57.106274+00:00 05bf1627-ae2f-400c-b1ce-31973a9ff23f - - - [NXLOG@14506 bosh_deployment="cf-warden" bosh_job_name="uaa_z1" bosh_job_index="0" filename="/var/vcap/data/sys/log/uaa/uaa.log"] [2016-09-29 19:58:50.816] uaa - 19013 [http-nio-127.0.0.1-8989-exec-4] .... DEBUG --- DispatcherServlet: Null ModelAndView returned to DispatcherServlet with name 'spring': assuming HandlerAdapter completed request handling

2016-09-29T19:58:57.106293+00:00 05bf1627-ae2f-400c-b1ce-31973a9ff23f - - - [NXLOG@14506 bosh_deployment="cf-warden" bosh_job_name="uaa_z1" bosh_job_index="0" filename="/var/vcap/data/sys/log/uaa/uaa.log"] [2016-09-29 19:58:50.816] uaa - 19013 [http-nio-127.0.0.1-8989-exec-4] .... DEBUG --- DispatcherServlet: Successfully completed request

2016-09-29T19:58:57.106302+00:00 05bf1627-ae2f-400c-b1ce-31973a9ff23f - - - [NXLOG@14506 bosh_deployment="cf-warden" bosh_job_name="uaa_z1" bosh_job_index="0" filename="/var/vcap/data/sys/log/uaa/uaa.log"] [2016-09-29 19:58:51.156] uaa - 19013 [pool-2-thread-1] .... DEBUG --- JdbcTemplate: Executing SQL query [select count(*) from oauth_client_details]

2016-09-29T19:58:57.106341+00:00 05bf1627-ae2f-400c-b1ce-31973a9ff23f - - - [NXLOG@14506 bosh_deployment="cf-warden" bosh_job_name="uaa_z1" bosh_job_index="0" filename="/var/vcap/data/sys/log/uaa/uaa.log"] [2016-09-29 19:58:51.158] uaa - 19013 [pool-2-thread-1] .... DEBUG --- JdbcTemplate: Executing SQL query [select count(*) from users]

2016-09-29T19:58:57.106350+00:00 05bf1627-ae2f-400c-b1ce-31973a9ff23f - - - [NXLOG@14506 bosh_deployment="cf-warden" bosh_job_name="uaa_z1" bosh_job_index="0" filename="/var/vcap/data/sys/log/uaa/uaa.log"] [2016-09-29 19:58:54.816] uaa - 19013 [http-nio-127.0.0.1-8989-exec-2] .... DEBUG --- AntPathRequestMatcher: Checking match of request : '/healthz'; against '/resources/**'

2016-09-29T19:58:57.106372+00:00 05bf1627-ae2f-400c-b1ce-31973a9ff23f - - - [NXLOG@14506 bosh_deployment="cf-warden" bosh_job_name="uaa_z1" bosh_job_index="0" filename="/var/vcap/data/sys/log/uaa/uaa.log"] [2016-09-29 19:58:54.816] uaa - 19013 [http-nio-127.0.0.1-8989-exec-2] .... DEBUG --- AntPathRequestMatcher: Checking match of request : '/healthz'; against '/square-logo.png'

2016-09-29T19:58:57.106381+00:00 05bf1627-ae2f-400c-b1ce-31973a9ff23f - - - [NXLOG@14506 bosh_deployment="cf-warden" bosh_job_name="uaa_z1" bosh_job_index="0" filename="/var/vcap/data/sys/log/uaa/uaa.log"] [2016-09-29 19:58:54.816] uaa - 19013 [http-nio-127.0.0.1-8989-exec-2] .... DEBUG --- AntPathRequestMatcher: Checking match of request : '/healthz'; against '/info'

2016-09-29T19:58:57.106401+00:00 05bf1627-ae2f-400c-b1ce-31973a9ff23f - - - [NXLOG@14506 bosh_deployment="cf-warden" bosh_job_name="uaa_z1" bosh_job_index="0" filename="/var/vcap/data/sys/log/uaa/uaa.log"] [2016-09-29 19:58:54.816] uaa - 19013 [http-nio-127.0.0.1-8989-exec-2] .... DEBUG --- AntPathRequestMatcher: Checking match of request : '/healthz'; against '/password/**'

2016-09-29T19:58:57.106409+00:00 05bf1627-ae2f-400c-b1ce-31973a9ff23f - - - [NXLOG@14506 bosh_deployment="cf-warden" bosh_job_name="uaa_z1" bosh_job_index="0" filename="/var/vcap/data/sys/log/uaa/uaa.log"] [2016-09-29 19:58:54.816] uaa - 19013 [http-nio-127.0.0.1-8989-exec-2] .... DEBUG --- AntPathRequestMatcher: Checking match of request : '/healthz'; against '/healthz/**'

2016-09-29T19:58:57.106429+00:00 05bf1627-ae2f-400c-b1ce-31973a9ff23f - - - [NXLOG@14506 bosh_deployment="cf-warden" bosh_job_name="uaa_z1" bosh_job_index="0" filename="/var/vcap/data/sys/log/uaa/uaa.log"] [2016-09-29 19:58:54.816] uaa - 19013 [http-nio-127.0.0.1-8989-exec-2] .... DEBUG --- FilterChainProxy: /healthz has an empty filter list

2016-09-29T19:58:57.106438+00:00 05bf1627-ae2f-400c-b1ce-31973a9ff23f - - - [NXLOG@14506 bosh_deployment="cf-warden" bosh_job_name="uaa_z1" bosh_job_index="0" filename="/var/vcap/data/sys/log/uaa/uaa.log"] [2016-09-29 19:58:54.816] uaa - 19013 [http-nio-127.0.0.1-8989-exec-2] .... DEBUG --- DispatcherServlet: DispatcherServlet with name 'spring' processing GET request for [/healthz]

2016-09-29T19:58:57.106446+00:00 05bf1627-ae2f-400c-b1ce-31973a9ff23f - - - [NXLOG@14506 bosh_deployment="cf-warden" bosh_job_name="uaa_z1" bosh_job_index="0" filename="/var/vcap/data/sys/log/uaa/uaa.log"] [2016-09-29 19:58:54.816] uaa - 19013 [http-nio-127.0.0.1-8989-exec-2] .... DEBUG --- DispatcherServlet: Last-Modified value for [/healthz] is: -1

2016-09-29T19:58:57.106453+00:00 05bf1627-ae2f-400c-b1ce-31973a9ff23f - - - [NXLOG@14506 bosh_deployment="cf-warden" bosh_job_name="uaa_z1" bosh_job_index="0" filename="/var/vcap/data/sys/log/uaa/uaa.log"] [2016-09-29 19:58:54.816] uaa - 19013 [http-nio-127.0.0.1-8989-exec-2] .... DEBUG --- RequestResponseBodyMethodProcessor: Written [ok

2016-09-29T19:58:57.106481+00:00 05bf1627-ae2f-400c-b1ce-31973a9ff23f - - - [NXLOG@14506 bosh_deployment="cf-warden" bosh_job_name="uaa_z1" bosh_job_index="0" filename="/var/vcap/data/sys/log/uaa/uaa.log"] ] as "text/plain;charset=ISO-8859-1" using [org.springframework.http.converter.StringHttpMessageConverter@178b2baf]

2016-09-29T19:58:57.106490+00:00 05bf1627-ae2f-400c-b1ce-31973a9ff23f - - - [NXLOG@14506 bosh_deployment="cf-warden" bosh_job_name="uaa_z1" bosh_job_index="0" filename="/var/vcap/data/sys/log/uaa/uaa.log"] [2016-09-29 19:58:54.816] uaa - 19013 [http-nio-127.0.0.1-8989-exec-2] .... DEBUG --- DispatcherServlet: Null ModelAndView returned to DispatcherServlet with name 'spring': assuming HandlerAdapter completed request handling

2016-09-29T19:58:57.106497+00:00 05bf1627-ae2f-400c-b1ce-31973a9ff23f - - - [NXLOG@14506 bosh_deployment="cf-warden" bosh_job_name="uaa_z1" bosh_job_index="0" filename="/var/vcap/data/sys/log/uaa/uaa.log"] [2016-09-29 19:58:54.816] uaa - 19013 [http-nio-127.0.0.1-8989-exec-2] .... DEBUG --- DispatcherServlet: Successfully completed request

2016-09-29T19:58:57.106505+00:00 05bf1627-ae2f-400c-b1ce-31973a9ff23f - - - [NXLOG@14506 bosh_deployment="cf-warden" bosh_job_name="uaa_z1" bosh_job_index="0" filename="/var/vcap/data/sys/log/uaa/uaa.log"] [2016-09-29 19:58:56.156] uaa - 19013 [pool-2-thread-1] .... DEBUG --- JdbcTemplate: Executing SQL query [select count(*) from oauth_client_details]

2016-09-29T19:58:57.106573+00:00 05bf1627-ae2f-400c-b1ce-31973a9ff23f - - - [NXLOG@14506 bosh_deployment="cf-warden" bosh_job_name="uaa_z1" bosh_job_index="0" filename="/var/vcap/data/sys/log/uaa/uaa.log"] [2016-09-29 19:58:56.158] uaa - 19013 [pool-2-thread-1] .... DEBUG --- JdbcTemplate: Executing SQL query [select count(*) from users]

2016-09-29T19:58:57.118150+00:00 b0fa19c0-86de-4447-a670-3f7adbd0b3c1 - - - [NXLOG@14506 bosh_deployment="cf-warden" bosh_job_name="api_z1" bosh_job_index="0" filename="/var/vcap/data/sys/log/cloud_controller_worker/cloud_controller_worker.log"] {"timestamp":1475179130.8064077,"message":"(0.000706s) SELECT * FROM \"delayed_jobs\" WHERE ((((\"run_at\" <= '2016-09-29 19:58:50.804984+0000') AND (\"locked_at\" IS NULL)) OR (\"locked_by\" = 'cc_global_worker.api_z1.0.1')) AND (\"failed_at\" IS NULL) AND (\"queue\" IN ('cc-generic'))) ORDER BY \"priority\" ASC, \"run_at\" ASC LIMIT 5","log_level":"debug2","source":"cc.background","data":{},"thread_id":47193737007380,"fiber_id":47193773841900,"process_id":15807,"file":"/var/vcap/packages/cloud_controller_ng/cloud_controller_ng/vendor/bundle/ruby/2.3.0/gems/sequel-4.29.0/lib/sequel/database/logging.rb","lineno":70,"method":"block in log_each"}

2016-09-29T19:58:57.118261+00:00 b0fa19c0-86de-4447-a670-3f7adbd0b3c1 - - - [NXLOG@14506 bosh_deployment="cf-warden" bosh_job_name="api_z1" bosh_job_index="0" filename="/var/vcap/data/sys/log/cloud_controller_worker/cloud_controller_worker.log"] {"timestamp":1475179135.8258326,"message":"(0.000624s) SELECT * FROM \"delayed_jobs\" WHERE ((((\"run_at\" <= '2016-09-29 19:58:55.824643+0000') AND (\"locked_at\" IS NULL)) OR (\"locked_by\" = 'cc_global_worker.api_z1.0.1')) AND (\"failed_at\" IS NULL) AND (\"queue\" IN ('cc-generic'))) ORDER BY \"priority\" ASC, \"run_at\" ASC LIMIT 5","log_level":"debug2","source":"cc.background","data":{},"thread_id":47193737007380,"fiber_id":47193773841900,"process_id":15807,"file":"/var/vcap/packages/cloud_controller_ng/cloud_controller_ng/vendor/bundle/ruby/2.3.0/gems/sequel-4.29.0/lib/sequel/database/logging.rb","lineno":70,"method":"block in log_each"}

2016-09-29T19:58:57.118309+00:00 b0fa19c0-86de-4447-a670-3f7adbd0b3c1 - - - [NXLOG@14506 bosh_deployment="cf-warden" bosh_job_name="api_z1" bosh_job_index="0" filename="/var/vcap/data/sys/log/nginx_cc/nginx.access.log"] 10.244.0.138 - [29/Sep/2016:19:58:56 +0000] "GET /v2/info HTTP/1.1" 200 802 "-" "monit/5.2.5" 10.244.0.138 vcap_request_id:49a8f682-d778-4ed1-ab63-b100647955a5 response_time:0.004

2016-09-29T19:58:57.118348+00:00 b0fa19c0-86de-4447-a670-3f7adbd0b3c1 - - - [NXLOG@14506 bosh_deployment="cf-warden" bosh_job_name="api_z1" bosh_job_index="0" filename="/var/vcap/data/sys/log/cloud_controller_ng/cloud_controller_ng.log"] {"timestamp":1475179127.2573247,"message":"(0.000526s) SELECT * FROM \"delayed_jobs\" WHERE ((((\"run_at\" <= '2016-09-29 19:58:47.256281+0000') AND (\"locked_at\" IS NULL)) OR (\"locked_by\" = 'cc_api_worker.api_z1.0.1')) AND (\"failed_at\" IS NULL) AND (\"queue\" IN ('cc-api_z1-0'))) ORDER BY \"priority\" ASC, \"run_at\" ASC LIMIT 5","log_level":"debug2","source":"cc.background","data":{},"thread_id":47452862460180,"fiber_id":47452899698480,"process_id":15587,"file":"/var/vcap/packages/cloud_controller_ng/cloud_controller_ng/vendor/bundle/ruby/2.3.0/gems/sequel-4.29.0/lib/sequel/database/logging.rb","lineno":70,"method":"block in log_each"}

2016-09-29T19:58:57.118387+00:00 b0fa19c0-86de-4447-a670-3f7adbd0b3c1 - - - [NXLOG@14506 bosh_deployment="cf-warden" bosh_job_name="api_z1" bosh_job_index="0" filename="/var/vcap/data/sys/log/cloud_controller_ng/cloud_controller_ng.log"] {"timestamp":1475179130.8577166,"message":"(0.000489s) SELECT * FROM \"delayed_jobs\" WHERE ((((\"run_at\" <= '2016-09-29 19:58:50.856925+0000') AND (\"locked_at\" IS NULL)) OR (\"locked_by\" = 'cc_api_worker.api_z1.0.2')) AND (\"failed_at\" IS NULL) AND (\"queue\" IN ('cc-api_z1-0'))) ORDER BY \"priority\" ASC, \"run_at\" ASC LIMIT 5","log_level":"debug2","source":"cc.background","data":{},"thread_id":47118928261380,"fiber_id":47118965175380,"process_id":15629,"file":"/var/vcap/packages/cloud_controller_ng/cloud_controller_ng/vendor/bundle/ruby/2.3.0/gems/sequel-4.29.0/lib/sequel/database/logging.rb","lineno":70,"method":"block in log_each"}

2016-09-29T19:58:57.118426+00:00 b0fa19c0-86de-4447-a670-3f7adbd0b3c1 - - - [NXLOG@14506 bosh_deployment="cf-warden" bosh_job_name="api_z1" bosh_job_index="0" filename="/var/vcap/data/sys/log/cloud_controller_ng/cloud_controller_ng.log"] {"timestamp":1475179132.2988844,"message":"(0.000616s) SELECT * FROM \"delayed_jobs\" WHERE ((((\"run_at\" <= '2016-09-29 19:58:52.297646+0000') AND (\"locked_at\" IS NULL)) OR (\"locked_by\" = 'cc_api_worker.api_z1.0.1')) AND (\"failed_at\" IS NULL) AND (\"queue\" IN ('cc-api_z1-0'))) ORDER BY \"priority\" ASC, \"run_at\" ASC LIMIT 5","log_level":"debug2","source":"cc.background","data":{},"thread_id":47452862460180,"fiber_id":47452899698480,"process_id":15587,"file":"/var/vcap/packages/cloud_controller_ng/cloud_controller_ng/vendor/bundle/ruby/2.3.0/gems/sequel-4.29.0/lib/sequel/database/logging.rb","lineno":70,"method":"block in log_each"}

2016-09-29T19:58:57.118465+00:00 b0fa19c0-86de-4447-a670-3f7adbd0b3c1 - - - [NXLOG@14506 bosh_deployment="cf-warden" bosh_job_name="api_z1" bosh_job_index="0" filename="/var/vcap/data/sys/log/cloud_controller_ng/cloud_controller_ng.log"] {"timestamp":1475179135.88172,"message":"(0.000520s) SELECT * FROM \"delayed_jobs\" WHERE ((((\"run_at\" <= '2016-09-29 19:58:55.880938+0000') AND (\"locked_at\" IS NULL)) OR (\"locked_by\" = 'cc_api_worker.api_z1.0.2')) AND (\"failed_at\" IS NULL) AND (\"queue\" IN ('cc-api_z1-0'))) ORDER BY \"priority\" ASC, \"run_at\" ASC LIMIT 5","log_level":"debug2","source":"cc.background","data":{},"thread_id":47118928261380,"fiber_id":47118965175380,"process_id":15629,"file":"/var/vcap/packages/cloud_controller_ng/cloud_controller_ng/vendor/bundle/ruby/2.3.0/gems/sequel-4.29.0/lib/sequel/database/logging.rb","lineno":70,"method":"block in log_each"}

2016-09-29T19:58:57.118502+00:00 b0fa19c0-86de-4447-a670-3f7adbd0b3c1 - - - [NXLOG@14506 bosh_deployment="cf-warden" bosh_job_name="api_z1" bosh_job_index="0" filename="/var/vcap/data/sys/log/cloud_controller_ng/cloud_controller_ng.log"] {"timestamp":1475179136.9087694,"message":"Statsd: cc.requests.outstanding:1|c","log_level":"debug","source":"statsd.client","data":{},"thread_id":47062185510700,"fiber_id":47062157081500,"process_id":15535,"file":"/var/vcap/packages/cloud_controller_ng/cloud_controller_ng/vendor/bundle/ruby/2.3.0/gems/statsd-ruby-1.2.1/lib/statsd.rb","lineno":254,"method":"send_to_socket"}

2016-09-29T19:58:57.118538+00:00 b0fa19c0-86de-4447-a670-3f7adbd0b3c1 - - - [NXLOG@14506 bosh_deployment="cf-warden" bosh_job_name="api_z1" bosh_job_index="0" filename="/var/vcap/data/sys/log/cloud_controller_ng/cloud_controller_ng.log"] {"timestamp":1475179136.9094253,"message":"Started GET \"/v2/info\" for user: , ip: 127.0.0.1 with vcap-request-id: 49a8f682-d778-4ed1-ab63-b100647955a5 at 2016-09-29 19:58:56 UTC","log_level":"info","source":"cc.api","data":{},"thread_id":47062185510700,"fiber_id":47062157081500,"process_id":15535,"file":"/var/vcap/packages/cloud_controller_ng/cloud_controller_ng/middleware/request_logs.rb","lineno":12,"method":"call"}

2016-09-29T19:58:57.118575+00:00 b0fa19c0-86de-4447-a670-3f7adbd0b3c1 - - - [NXLOG@14506 bosh_deployment="cf-warden" bosh_job_name="api_z1" bosh_job_index="0" filename="/var/vcap/data/sys/log/cloud_controller_ng/cloud_controller_ng.log"] {"timestamp":1475179136.9102564,"message":"dispatch VCAP::CloudController::InfoController get /v2/info","log_level":"debug","source":"cc.api","data":{"request_guid":"49a8f682-d778-4ed1-ab63-b100647955a5"},"thread_id":47062185510700,"fiber_id":47062157081500,"process_id":15535,"file":"/var/vcap/data/packages/cloud_controller_ng/f87cb49aa2cd87792cb9c2211a79e1542502be4d.1-b1a5f3c830cb6c32ae9e685628b24aa967f5ae54/cloud_controller_ng/lib/cloud_controller/rest_controller/routes.rb","lineno":12,"method":"block in define_route"}

2016-09-29T19:58:57.118611+00:00 b0fa19c0-86de-4447-a670-3f7adbd0b3c1 - - - [NXLOG@14506 bosh_deployment="cf-warden" bosh_job_name="api_z1" bosh_job_index="0" filename="/var/vcap/data/sys/log/cloud_controller_ng/cloud_controller_ng.log"] {"timestamp":1475179136.9104385,"message":"parse_params: {} ","log_level":"debug","source":"cc.api","data":{"request_guid":"49a8f682-d778-4ed1-ab63-b100647955a5"},"thread_id":47062185510700,"fiber_id":47062157081500,"process_id":15535,"file":"/var/vcap/data/packages/cloud_controller_ng/f87cb49aa2cd87792cb9c2211a79e1542502be4d.1-b1a5f3c830cb6c32ae9e685628b24aa967f5ae54/cloud_controller_ng/lib/cloud_controller/rest_controller/common_params.rb","lineno":10,"method":"parse"}

2016-09-29T19:58:57.118648+00:00 b0fa19c0-86de-4447-a670-3f7adbd0b3c1 - - - [NXLOG@14506 bosh_deployment="cf-warden" bosh_job_name="api_z1" bosh_job_index="0" filename="/var/vcap/data/sys/log/cloud_controller_ng/cloud_controller_ng.log"] {"timestamp":1475179136.9105992,"message":"cc.dispatch","log_level":"debug","source":"cc.api","data":{"request_guid":"49a8f682-d778-4ed1-ab63-b100647955a5","endpoint":"read","args":[]},"thread_id":47062185510700,"fiber_id":47062157081500,"process_id":15535,"file":"/var/vcap/data/packages/cloud_controller_ng/f87cb49aa2cd87792cb9c2211a79e1542502be4d.1-b1a5f3c830cb6c32ae9e685628b24aa967f5ae54/cloud_controller_ng/app/controllers/base/base_controller.rb","lineno":78,"method":"dispatch"}

2016-09-29T19:58:57.118685+00:00 b0fa19c0-86de-4447-a670-3f7adbd0b3c1 - - - [NXLOG@14506 bosh_deployment="cf-warden" bosh_job_name="api_z1" bosh_job_index="0" filename="/var/vcap/data/sys/log/cloud_controller_ng/cloud_controller_ng.log"] {"timestamp":1475179136.910908,"message":"Completed 200 vcap-request-id: 49a8f682-d778-4ed1-ab63-b100647955a5","log_level":"info","source":"cc.api","data":{},"thread_id":47062185510700,"fiber_id":47062157081500,"process_id":15535,"file":"/var/vcap/packages/cloud_controller_ng/cloud_controller_ng/middleware/request_logs.rb","lineno":24,"method":"call"}

2016-09-29T19:58:57.118720+00:00 b0fa19c0-86de-4447-a670-3f7adbd0b3c1 - - - [NXLOG@14506 bosh_deployment="cf-warden" bosh_job_name="api_z1" bosh_job_index="0" filename="/var/vcap/data/sys/log/cloud_controller_ng/cloud_controller_ng.log"] {"timestamp":1475179136.9110818,"message":"Statsd: cc.requests.outstanding:-1|c\ncc.requests.completed:1|c\ncc.http_status.2XX:1|c","log_level":"debug","source":"statsd.client","data":{},"thread_id":47062185510700,"fiber_id":47062157081500,"process_id":15535,"file":"/var/vcap/packages/cloud_controller_ng/cloud_controller_ng/vendor/bundle/ruby/2.3.0/gems/statsd-ruby-1.2.1/lib/statsd.rb","lineno":254,"method":"send_to_socket"}

2016-09-29T19:59:06.968107+00:00 bfc626ef-a2eb-4bad-8f71-fa1d6d0f927f - - - [NXLOG@14506 bosh_deployment="cf-warden" bosh_job_name="loggregator_trafficcontroller_z1" bosh_job_index="0" filename="/var/vcap/data/sys/log/route_registrar/route_registrar.stdout.log"] {"timestamp":"1475179146.733685017","source":"Route Registrar","message":"Route Registrar.no healthchecker found for route","log_level":1,"data":{"route":{"Name":"doppler","Port":8081,"Tags":null,"URIs":["doppler.bosh-lite.com"],"RouteServiceUrl":"","RegistrationInterval":20000000000,"HealthCheck":null}}}

2016-09-29T19:59:06.968415+00:00 bfc626ef-a2eb-4bad-8f71-fa1d6d0f927f - - - [NXLOG@14506 bosh_deployment="cf-warden" bosh_job_name="loggregator_trafficcontroller_z1" bosh_job_index="0" filename="/var/vcap/data/sys/log/route_registrar/route_registrar.stdout.log"] {"timestamp":"1475179146.733868122","source":"Route Registrar","message":"Route Registrar.Registering route","log_level":1,"data":{"route":{"Name":"doppler","Port":8081,"Tags":null,"URIs":["doppler.bosh-lite.com"],"RouteServiceUrl":"","RegistrationInterval":20000000000,"HealthCheck":null}}}

2016-09-29T19:59:06.968585+00:00 bfc626ef-a2eb-4bad-8f71-fa1d6d0f927f - - - [NXLOG@14506 bosh_deployment="cf-warden" bosh_job_name="loggregator_trafficcontroller_z1" bosh_job_index="0" filename="/var/vcap/data/sys/log/route_registrar/route_registrar.stdout.log"] {"timestamp":"1475179146.733947754","source":"Route Registrar","message":"Route Registrar.Registered routes successfully","log_level":1,"data":{}}

2016-09-29T19:59:06.968630+00:00 bfc626ef-a2eb-4bad-8f71-fa1d6d0f927f - - - [NXLOG@14506 bosh_deployment="cf-warden" bosh_job_name="loggregator_trafficcontroller_z1" bosh_job_index="0" filename="/var/vcap/data/sys/log/route_registrar/route_registrar.stdout.log"] {"timestamp":"1475179146.733966112","source":"Route Registrar","message":"Route Registrar.no healthchecker found for route","log_level":1,"data":{"route":{"Name":"loggregator","Port":8080,"Tags":null,"URIs":["loggregator.bosh-lite.com"],"RouteServiceUrl":"","RegistrationInterval":20000000000,"HealthCheck":null}}}

2016-09-29T19:59:06.968678+00:00 bfc626ef-a2eb-4bad-8f71-fa1d6d0f927f - - - [NXLOG@14506 bosh_deployment="cf-warden" bosh_job_name="loggregator_trafficcontroller_z1" bosh_job_index="0" filename="/var/vcap/data/sys/log/route_registrar/route_registrar.stdout.log"] {"timestamp":"1475179146.733982325","source":"Route Registrar","message":"Route Registrar.Registering route","log_level":1,"data":{"route":{"Name":"loggregator","Port":8080,"Tags":null,"URIs":["loggregator.bosh-lite.com"],"RouteServiceUrl":"","RegistrationInterval":20000000000,"HealthCheck":null}}}

2016-09-29T19:59:06.968734+00:00 bfc626ef-a2eb-4bad-8f71-fa1d6d0f927f - - - [NXLOG@14506 bosh_deployment="cf-warden" bosh_job_name="loggregator_trafficcontroller_z1" bosh_job_index="0" filename="/var/vcap/data/sys/log/route_registrar/route_registrar.stdout.log"] {"timestamp":"1475179146.734167337","source":"Route Registrar","message":"Route Registrar.Registered routes successfully","log_level":1,"data":{}}

2016-09-29T19:59:06.968902+00:00 81da04d2-3e1d-4a50-80cd-e5b2e7a3a719 - - - [NXLOG@14506 bosh_deployment="cf-warden" bosh_job_name="router_z1" bosh_job_index="0" filename="/var/vcap/data/sys/log/gorouter/access.log"] api.bosh-lite.com - [29/09/2016:19:59:00.905 +0000] "GET /v2/syslog_drain_urls?batch_size=1000 HTTP/1.1" 200 0 42 "-" "Go-http-client/1.1" 10.244.0.34:43524 x_forwarded_for:"10.244.0.146" x_forwarded_proto:"https" vcap_request_id:8410a6ff-90dd-403a-6b6a-7637530ff6ab response_time:0.005555898 app_id:

2016-09-29T19:59:06.971178+00:00 fc52b791-0068-48d0-b63d-a9600b8fa32e - - - [NXLOG@14506 bosh_deployment="cf-warden" bosh_job_name="runner_z1" bosh_job_index="0" filename="/var/vcap/data/sys/log/dea_next/dea_next.log"] {"timestamp":1475179141.750914,"message":"hm9000.heartbeat.sending","log_level":"debug","source":"Dea::Bootstrap","data":{"destination":"https://listener-hm9000.service.cf.internal:5335/dea/heartbeat"},"thread_id":47241037142420,"fiber_id":47241050325380,"process_id":6941,"file":"/var/vcap/packages/dea_next/lib/dea/utils/hm9000.rb","lineno":29,"method":"send_heartbeat"}

2016-09-29T19:59:06.971283+00:00 fc52b791-0068-48d0-b63d-a9600b8fa32e - - - [NXLOG@14506 bosh_deployment="cf-warden" bosh_job_name="runner_z1" bosh_job_index="0" filename="/var/vcap/data/sys/log/dea_next/dea_next.log"] {"timestamp":1475179141.752596,"message":"hm9000.heartbeat.accepted","log_level":"debug","source":"Dea::Bootstrap","data":{},"thread_id":47241047596300,"fiber_id":47241049561000,"process_id":6941,"file":"/var/vcap/packages/dea_next/lib/dea/utils/hm9000.rb","lineno":49,"method":"handle_http_response"}

2016-09-29T19:59:06.971338+00:00 fc52b791-0068-48d0-b63d-a9600b8fa32e - - - [NXLOG@14506 bosh_deployment="cf-warden" bosh_job_name="runner_z1" bosh_job_index="0" filename="/var/vcap/data/sys/log/dea_next/dea_next.log"] {"timestamp":1475179146.1341333,"message":"Reaping orphaned containers","log_level":"debug","source":"Dea::Bootstrap","data":{},"thread_id":47241037142420,"fiber_id":47241050325380,"process_id":6941,"file":"/var/vcap/packages/dea_next/lib/dea/bootstrap.rb","lineno":236,"method":"reap_orphaned_containers"}

2016-09-29T19:59:07.100721+00:00 05bf1627-ae2f-400c-b1ce-31973a9ff23f - - - [NXLOG@14506 bosh_deployment="cf-warden" bosh_job_name="uaa_z1" bosh_job_index="0" filename="/var/vcap/data/sys/log/uaa/localhost_access.log"] 127.0.0.1 - - [29/Sep/2016:19:58:50 +0000] "GET /healthz HTTP/1.1" 200 3

2016-09-29T19:59:07.100833+00:00 05bf1627-ae2f-400c-b1ce-31973a9ff23f - - - [NXLOG@14506 bosh_deployment="cf-warden" bosh_job_name="uaa_z1" bosh_job_index="0" filename="/var/vcap/data/sys/log/uaa/localhost_access.log"] 127.0.0.1 - - [29/Sep/2016:19:58:50 +0000] "GET /healthz HTTP/1.1" 200 3

2016-09-29T19:59:07.100868+00:00 05bf1627-ae2f-400c-b1ce-31973a9ff23f - - - [NXLOG@14506 bosh_deployment="cf-warden" bosh_job_name="uaa_z1" bosh_job_index="0" filename="/var/vcap/data/sys/log/uaa/localhost_access.log"] 127.0.0.1 - - [29/Sep/2016:19:58:54 +0000] "GET /healthz HTTP/1.1" 200 3

2016-09-29T19:59:07.100897+00:00 05bf1627-ae2f-400c-b1ce-31973a9ff23f - - - [NXLOG@14506 bosh_deployment="cf-warden" bosh_job_name="uaa_z1" bosh_job_index="0" filename="/var/vcap/data/sys/log/route_registrar/route_registrar.stdout.log"] {"timestamp":"1475179138.808102369","source":"Route Registrar","message":"Route Registrar.Executing script","log_level":1,"data":{"scriptPath":"/var/vcap/jobs/uaa/bin/health_check"}}

2016-09-29T19:59:07.100925+00:00 05bf1627-ae2f-400c-b1ce-31973a9ff23f - - - [NXLOG@14506 bosh_deployment="cf-warden" bosh_job_name="uaa_z1" bosh_job_index="0" filename="/var/vcap/data/sys/log/route_registrar/route_registrar.stdout.log"] {"timestamp":"1475179138.818287849","source":"Route Registrar","message":"Route Registrar.Script exited without error","log_level":1,"data":{"script":"/var/vcap/jobs/uaa/bin/health_check","stderr":"  % Total    % Received % Xferd  Average Speed   Time    Time     Time  Current\n                                 Dload  Upload   Total   Spent    Left  Speed\n\r  0     0    0     0    0     0      0      0 --:--:-- --:--:-- --:--:--     0\r100     3  100     3    0     0   2394      0 --:--:-- --:--:-- --:--:--  3000\n","stdout":""}}

2016-09-29T19:59:07.101440+00:00 05bf1627-ae2f-400c-b1ce-31973a9ff23f - - - [NXLOG@14506 bosh_deployment="cf-warden" bosh_job_name="uaa_z1" bosh_job_index="0" filename="/var/vcap/data/sys/log/route_registrar/route_registrar.stdout.log"] {"timestamp":"1475179138.818352461","source":"Route Registrar","message":"Route Registrar.healthchecker returned healthy for route","log_level":1,"data":{"route":{"Name":"uaa","Port":8080,"Tags":{"component":"uaa"},"URIs":["uaa.bosh-lite.com","*.uaa.bosh-lite.com","login.bosh-lite.com","*.login.bosh-lite.com"],"RouteServiceUrl":"","RegistrationInterval":4000000000,"HealthCheck":{"Name":"uaa-healthcheck","ScriptPath":"/var/vcap/jobs/uaa/bin/health_check","Timeout":2000000000}}}}

2016-09-29T19:59:07.101491+00:00 05bf1627-ae2f-400c-b1ce-31973a9ff23f - - - [NXLOG@14506 bosh_deployment="cf-warden" bosh_job_name="uaa_z1" bosh_job_index="0" filename="/var/vcap/data/sys/log/route_registrar/route_registrar.stdout.log"] {"timestamp":"1475179138.818378210","source":"Route Registrar","message":"Route Registrar.Registering route","log_level":1,"data":{"route":{"Name":"uaa","Port":8080,"Tags":{"component":"uaa"},"URIs":["uaa.bosh-lite.com","*.uaa.bosh-lite.com","login.bosh-lite.com","*.login.bosh-lite.com"],"RouteServiceUrl":"","RegistrationInterval":4000000000,"HealthCheck":{"Name":"uaa-healthcheck","ScriptPath":"/var/vcap/jobs/uaa/bin/health_check","Timeout":2000000000}}}}

2016-09-29T19:59:07.101525+00:00 05bf1627-ae2f-400c-b1ce-31973a9ff23f - - - [NXLOG@14506 bosh_deployment="cf-warden" bosh_job_name="uaa_z1" bosh_job_index="0" filename="/var/vcap/data/sys/log/route_registrar/route_registrar.stdout.log"] {"timestamp":"1475179138.818441629","source":"Route Registrar","message":"Route Registrar.Registered routes successfully","log_level":1,"data":{}}

2016-09-29T19:59:07.101555+00:00 05bf1627-ae2f-400c-b1ce-31973a9ff23f - - - [NXLOG@14506 bosh_deployment="cf-warden" bosh_job_name="uaa_z1" bosh_job_index="0" filename="/var/vcap/data/sys/log/route_registrar/route_registrar.stdout.log"] {"timestamp":"1475179142.808130741","source":"Route Registrar","message":"Route Registrar.Executing script","log_level":1,"data":{"scriptPath":"/var/vcap/jobs/uaa/bin/health_check"}}

2016-09-29T19:59:07.101584+00:00 05bf1627-ae2f-400c-b1ce-31973a9ff23f - - - [NXLOG@14506 bosh_deployment="cf-warden" bosh_job_name="uaa_z1" bosh_job_index="0" filename="/var/vcap/data/sys/log/route_registrar/route_registrar.stdout.log"] {"timestamp":"1475179142.820044994","source":"Route Registrar","message":"Route Registrar.Script exited without error","log_level":1,"data":{"script":"/var/vcap/jobs/uaa/bin/health_check","stderr":"  % Total    % Received % Xferd  Average Speed   Time    Time     Time  Current\n                                 Dload  Upload   Total   Spent    Left  Speed\n\r  0     0    0     0    0     0      0      0 --:--:-- --:--:-- --:--:--     0\r100     3  100     3    0     0   1166      0 --:--:-- --:--:-- --:--:--  1500\n","stdout":""}}

2016-09-29T19:59:07.101432+00:00 152ab062-1f32-4789-910a-13bdc79651b2 - - - [NXLOG@14506 bosh_deployment="cf-warden" bosh_job_name="hm9000_z1" bosh_job_index="0" filename="/var/vcap/data/sys/log/hm9000/hm9000_listener.log"] {"timestamp":"1475179141.752176285","source":"listener","message":"listener.Received a heartbeat","log_level":1,"data":{"Heartbeats Pending Save":"1"}}

2016-09-29T19:59:07.101504+00:00 152ab062-1f32-4789-910a-13bdc79651b2 - - - [NXLOG@14506 bosh_deployment="cf-warden" bosh_job_name="hm9000_z1" bosh_job_index="0" filename="/var/vcap/data/sys/log/hm9000/hm9000_listener.log"] {"timestamp":"1475179141.815944672","source":"listener","message":"listener.Saving Heartbeats","log_level":1,"data":{"Heartbeats to Save":"1"}}

2016-09-29T19:59:07.101540+00:00 152ab062-1f32-4789-910a-13bdc79651b2 - - - [NXLOG@14506 bosh_deployment="cf-warden" bosh_job_name="hm9000_z1" bosh_job_index="0" filename="/var/vcap/data/sys/log/hm9000/hm9000_listener.log"] {"timestamp":"1475179141.824727774","source":"listener","message":"listener.Bumped freshness","log_level":1,"data":{}}

2016-09-29T19:59:07.101869+00:00 05bf1627-ae2f-400c-b1ce-31973a9ff23f - - - [NXLOG@14506 bosh_deployment="cf-warden" bosh_job_name="uaa_z1" bosh_job_index="0" filename="/var/vcap/data/sys/log/route_registrar/route_registrar.stdout.log"] {"timestamp":"1475179142.820137978","source":"Route Registrar","message":"Route Registrar.healthchecker returned healthy for route","log_level":1,"data":{"route":{"Name":"uaa","Port":8080,"Tags":{"component":"uaa"},"URIs":["uaa.bosh-lite.com","*.uaa.bosh-lite.com","login.bosh-lite.com","*.login.bosh-lite.com"],"RouteServiceUrl":"","RegistrationInterval":4000000000,"HealthCheck":{"Name":"uaa-healthcheck","ScriptPath":"/var/vcap/jobs/uaa/bin/health_check","Timeout":2000000000}}}}

2016-09-29T19:59:16.971126+00:00 fc52b791-0068-48d0-b63d-a9600b8fa32e - - - [NXLOG@14506 bosh_deployment="cf-warden" bosh_job_name="runner_z1" bosh_job_index="0" filename="/var/vcap/data/sys/log/dea_next/dea_next.log"] {"timestamp":1475179151.752458,"message":"hm9000.heartbeat.sending","log_level":"debug","source":"Dea::Bootstrap","data":{"destination":"https://listener-hm9000.service.cf.internal:5335/dea/heartbeat"},"thread_id":47241037142420,"fiber_id":47241050325380,"process_id":6941,"file":"/var/vcap/packages/dea_next/lib/dea/utils/hm9000.rb","lineno":29,"method":"send_heartbeat"}

2016-09-29T19:59:16.971300+00:00 fc52b791-0068-48d0-b63d-a9600b8fa32e - - - [NXLOG@14506 bosh_deployment="cf-warden" bosh_job_name="runner_z1" bosh_job_index="0" filename="/var/vcap/data/sys/log/dea_next/dea_next.log"] {"timestamp":1475179151.7691984,"message":"hm9000.heartbeat.accepted","log_level":"debug","source":"Dea::Bootstrap","data":{},"thread_id":47241037004060,"fiber_id":47241049518080,"process_id":6941,"file":"/var/vcap/packages/dea_next/lib/dea/utils/hm9000.rb","lineno":49,"method":"handle_http_response"}

2016-09-29T19:59:17.100710+00:00 f0562343-642f-42d4-aca5-293abe675815 - - - [NXLOG@14506 bosh_deployment="cf-warden" bosh_job_name="blobstore_z1" bosh_job_index="0" filename="/var/vcap/data/sys/log/route_registrar/route_registrar.stdout.log"] {"timestamp":"1475179148.513227463","source":"Route Registrar","message":"Route Registrar.no healthchecker found for route","log_level":1,"data":{"route":{"Name":"blobstore","Port":80,"Tags":{"component":"blobstore"},"URIs":["blobstore.bosh-lite.com"],"RouteServiceUrl":"","RegistrationInterval":20000000000,"HealthCheck":null}}}

2016-09-29T19:59:17.100864+00:00 f0562343-642f-42d4-aca5-293abe675815 - - - [NXLOG@14506 bosh_deployment="cf-warden" bosh_job_name="blobstore_z1" bosh_job_index="0" filename="/var/vcap/data/sys/log/route_registrar/route_registrar.stdout.log"] {"timestamp":"1475179148.513330460","source":"Route Registrar","message":"Route Registrar.Registering route","log_level":1,"data":{"route":{"Name":"blobstore","Port":80,"Tags":{"component":"blobstore"},"URIs":["blobstore.bosh-lite.com"],"RouteServiceUrl":"","RegistrationInterval":20000000000,"HealthCheck":null}}}

2016-09-29T19:59:17.101064+00:00 05bf1627-ae2f-400c-b1ce-31973a9ff23f - - - [NXLOG@14506 bosh_deployment="cf-warden" bosh_job_name="uaa_z1" bosh_job_index="0" filename="/var/vcap/data/sys/log/uaa/localhost_access.log"] 127.0.0.1 - - [29/Sep/2016:19:58:58 +0000] "GET /healthz HTTP/1.1" 200 3

2016-09-29T19:59:17.101131+00:00 05bf1627-ae2f-400c-b1ce-31973a9ff23f - - - [NXLOG@14506 bosh_deployment="cf-warden" bosh_job_name="uaa_z1" bosh_job_index="0" filename="/var/vcap/data/sys/log/uaa/localhost_access.log"] 127.0.0.1 - - [29/Sep/2016:19:59:00 +0000] "GET /healthz HTTP/1.1" 200 3

2016-09-29T19:59:17.101176+00:00 05bf1627-ae2f-400c-b1ce-31973a9ff23f - - - [NXLOG@14506 bosh_deployment="cf-warden" bosh_job_name="uaa_z1" bosh_job_index="0" filename="/var/vcap/data/sys/log/uaa/localhost_access.log"] 127.0.0.1 - - [29/Sep/2016:19:59:02 +0000] "GET /healthz HTTP/1.1" 200 3

2016-09-29T19:59:17.101216+00:00 05bf1627-ae2f-400c-b1ce-31973a9ff23f - - - [NXLOG@14506 bosh_deployment="cf-warden" bosh_job_name="uaa_z1" bosh_job_index="0" filename="/var/vcap/data/sys/log/uaa/localhost_access.log"] 127.0.0.1 - - [29/Sep/2016:19:59:06 +0000] "GET /healthz HTTP/1.1" 200 3

2016-09-29T19:59:17.101262+00:00 05bf1627-ae2f-400c-b1ce-31973a9ff23f - - - [NXLOG@14506 bosh_deployment="cf-warden" bosh_job_name="uaa_z1" bosh_job_index="0" filename="/var/vcap/data/sys/log/route_registrar/route_registrar.stdout.log"] {"timestamp":"1475179150.808455706","source":"Route Registrar","message":"Route Registrar.Executing script","log_level":1,"data":{"scriptPath":"/var/vcap/jobs/uaa/bin/health_check"}}

2016-09-29T19:59:17.101303+00:00 05bf1627-ae2f-400c-b1ce-31973a9ff23f - - - [NXLOG@14506 bosh_deployment="cf-warden" bosh_job_name="uaa_z1" bosh_job_index="0" filename="/var/vcap/data/sys/log/route_registrar/route_registrar.stdout.log"] {"timestamp":"1475179150.821989775","source":"Route Registrar","message":"Route Registrar.Script exited without error","log_level":1,"data":{"script":"/var/vcap/jobs/uaa/bin/health_check","stderr":"  % Total    % Received % Xferd  Average Speed   Time    Time     Time  Current\n                                 Dload  Upload   Total   Spent    Left  Speed\n\r  0     0    0     0    0     0      0      0 --:--:-- --:--:-- --:--:--     0\r100     3  100     3    0     0    777      0 --:--:-- --:--:-- --:--:--  1000\n","stdout":""}}

2016-09-29T19:59:17.101400+00:00 05bf1627-ae2f-400c-b1ce-31973a9ff23f - - - [NXLOG@14506 bosh_deployment="cf-warden" bosh_job_name="uaa_z1" bosh_job_index="0" filename="/var/vcap/data/sys/log/route_registrar/route_registrar.stdout.log"] {"timestamp":"1475179150.821998119","source":"Route Registrar","message":"Route Registrar.healthchecker returned healthy for route","log_level":1,"data":{"route":{"Name":"uaa","Port":8080,"Tags":{"component":"uaa"},"URIs":["uaa.bosh-lite.com","*.uaa.bosh-lite.com","login.bosh-lite.com","*.login.bosh-lite.com"],"RouteServiceUrl":"","RegistrationInterval":4000000000,"HealthCheck":{"Name":"uaa-healthcheck","ScriptPath":"/var/vcap/jobs/uaa/bin/health_check","Timeout":2000000000}}}}

2016-09-29T19:59:17.101440+00:00 05bf1627-ae2f-400c-b1ce-31973a9ff23f - - - [NXLOG@14506 bosh_deployment="cf-warden" bosh_job_name="uaa_z1" bosh_job_index="0" filename="/var/vcap/data/sys/log/route_registrar/route_registrar.stdout.log"] {"timestamp":"1475179150.822140455","source":"Route Registrar","message":"Route Registrar.Registering route","log_level":1,"data":{"route":{"Name":"uaa","Port":8080,"Tags":{"component":"uaa"},"URIs":["uaa.bosh-lite.com","*.uaa.bosh-lite.com","login.bosh-lite.com","*.login.bosh-lite.com"],"RouteServiceUrl":"","RegistrationInterval":4000000000,"HealthCheck":{"Name":"uaa-healthcheck","ScriptPath":"/var/vcap/jobs/uaa/bin/health_check","Timeout":2000000000}}}}

2016-09-29T19:59:17.101479+00:00 05bf1627-ae2f-400c-b1ce-31973a9ff23f - - - [NXLOG@14506 bosh_deployment="cf-warden" bosh_job_name="uaa_z1" bosh_job_index="0" filename="/var/vcap/data/sys/log/route_registrar/route_registrar.stdout.log"] {"timestamp":"1475179150.822229862","source":"Route Registrar","message":"Route Registrar.Registered routes successfully","log_level":1,"data":{}}

2016-09-29T19:59:17.101518+00:00 05bf1627-ae2f-400c-b1ce-31973a9ff23f - - - [NXLOG@14506 bosh_deployment="cf-warden" bosh_job_name="uaa_z1" bosh_job_index="0" filename="/var/vcap/data/sys/log/route_registrar/route_registrar.stdout.log"] {"timestamp":"1475179154.808181047","source":"Route Registrar","message":"Route Registrar.Executing script","log_level":1,"data":{"scriptPath":"/var/vcap/jobs/uaa/bin/health_check"}}

2016-09-29T19:59:17.101558+00:00 05bf1627-ae2f-400c-b1ce-31973a9ff23f - - - [NXLOG@14506 bosh_deployment="cf-warden" bosh_job_name="uaa_z1" bosh_job_index="0" filename="/var/vcap/data/sys/log/route_registrar/route_registrar.stdout.log"] {"timestamp":"1475179154.819654226","source":"Route Registrar","message":"Route Registrar.Script exited without error","log_level":1,"data":{"script":"/var/vcap/jobs/uaa/bin/health_check","stderr":"  % Total    % Received % Xferd  Average Speed   Time    Time     Time  Current\n                                 Dload  Upload   Total   Spent    Left  Speed\n\r  0     0    0     0    0     0      0      0 --:--:-- --:--:-- --:--:--     0\r100     3  100     3    0     0   2271      0 --:--:-- --:--:-- --:--:--  3000\n","stdout":""}}

2016-09-29T19:59:17.101601+00:00 05bf1627-ae2f-400c-b1ce-31973a9ff23f - - - [NXLOG@14506 bosh_deployment="cf-warden" bosh_job_name="uaa_z1" bosh_job_index="0" filename="/var/vcap/data/sys/log/route_registrar/route_registrar.stdout.log"] {"timestamp":"1475179154.819754601","source":"Route Registrar","message":"Route Registrar.healthchecker returned healthy for route","log_level":1,"data":{"route":{"Name":"uaa","Port":8080,"Tags":{"component":"uaa"},"URIs":["uaa.bosh-lite.com","*.uaa.bosh-lite.com","login.bosh-lite.com","*.login.bosh-lite.com"],"RouteServiceUrl":"","RegistrationInterval":4000000000,"HealthCheck":{"Name":"uaa-healthcheck","ScriptPath":"/var/vcap/jobs/uaa/bin/health_check","Timeout":2000000000}}}}

2016-09-29T19:59:17.101663+00:00 05bf1627-ae2f-400c-b1ce-31973a9ff23f - - - [NXLOG@14506 bosh_deployment="cf-warden" bosh_job_name="uaa_z1" bosh_job_index="0" filename="/var/vcap/data/sys/log/route_registrar/route_registrar.stdout.log"] {"timestamp":"1475179154.819779396","source":"Route Registrar","message":"Route Registrar.Registering route","log_level":1,"data":{"route":{"Name":"uaa","Port":8080,"Tags":{"component":"uaa"},"URIs":["uaa.bosh-lite.com","*.uaa.bosh-lite.com","login.bosh-lite.com","*.login.bosh-lite.com"],"RouteServiceUrl":"","RegistrationInterval":4000000000,"HealthCheck":{"Name":"uaa-healthcheck","ScriptPath":"/var/vcap/jobs/uaa/bin/health_check","Timeout":2000000000}}}}

2016-09-29T19:59:17.101702+00:00 05bf1627-ae2f-400c-b1ce-31973a9ff23f - - - [NXLOG@14506 bosh_deployment="cf-warden" bosh_job_name="uaa_z1" bosh_job_index="0" filename="/var/vcap/data/sys/log/route_registrar/route_registrar.stdout.log"] {"timestamp":"1475179154.819844961","source":"Route Registrar","message":"Route Registrar.Registered routes successfully","log_level":1,"data":{}}

2016-09-29T19:59:17.101741+00:00 05bf1627-ae2f-400c-b1ce-31973a9ff23f - - - [NXLOG@14506 bosh_deployment="cf-warden" bosh_job_name="uaa_z1" bosh_job_index="0" filename="/var/vcap/data/sys/log/uaa/uaa.log"] [2016-09-29 19:59:10.590] uaa - 19013 [http-nio-127.0.0.1-8989-exec-9] .... DEBUG --- AntPathRequestMatcher: Checking match of request : '/healthz'; against '/resources/**'

2016-09-29T19:59:17.101781+00:00 05bf1627-ae2f-400c-b1ce-31973a9ff23f - - - [NXLOG@14506 bosh_deployment="cf-warden" bosh_job_name="uaa_z1" bosh_job_index="0" filename="/var/vcap/data/sys/log/uaa/uaa.log"] [2016-09-29 19:59:10.590] uaa - 19013 [http-nio-127.0.0.1-8989-exec-9] .... DEBUG --- AntPathRequestMatcher: Checking match of request : '/healthz'; against '/square-logo.png'

2016-09-29T19:59:17.101994+00:00 05bf1627-ae2f-400c-b1ce-31973a9ff23f - - - [NXLOG@14506 bosh_deployment="cf-warden" bosh_job_name="uaa_z1" bosh_job_index="0" filename="/var/vcap/data/sys/log/uaa/uaa.log"] [2016-09-29 19:59:10.591] uaa - 19013 [http-nio-127.0.0.1-8989-exec-9] .... DEBUG --- AntPathRequestMatcher: Checking match of request : '/healthz'; against '/info'

2016-09-29T19:59:17.102033+00:00 05bf1627-ae2f-400c-b1ce-31973a9ff23f - - - [NXLOG@14506 bosh_deployment="cf-warden" bosh_job_name="uaa_z1" bosh_job_index="0" filename="/var/vcap/data/sys/log/uaa/uaa.log"] [2016-09-29 19:59:10.591] uaa - 19013 [http-nio-127.0.0.1-8989-exec-9] .... DEBUG --- AntPathRequestMatcher: Checking match of request : '/healthz'; against '/password/**'

2016-09-29T19:59:17.102046+00:00 05bf1627-ae2f-400c-b1ce-31973a9ff23f - - - [NXLOG@14506 bosh_deployment="cf-warden" bosh_job_name="uaa_z1" bosh_job_index="0" filename="/var/vcap/data/sys/log/uaa/uaa.log"] [2016-09-29 19:59:10.591] uaa - 19013 [http-nio-127.0.0.1-8989-exec-9] .... DEBUG --- AntPathRequestMatcher: Checking match of request : '/healthz'; against '/healthz/**'

2016-09-29T19:59:17.102057+00:00 05bf1627-ae2f-400c-b1ce-31973a9ff23f - - - [NXLOG@14506 bosh_deployment="cf-warden" bosh_job_name="uaa_z1" bosh_job_index="0" filename="/var/vcap/data/sys/log/uaa/uaa.log"] [2016-09-29 19:59:10.591] uaa - 19013 [http-nio-127.0.0.1-8989-exec-9] .... DEBUG --- FilterChainProxy: /healthz has an empty filter list

2016-09-29T19:59:17.102067+00:00 05bf1627-ae2f-400c-b1ce-31973a9ff23f - - - [NXLOG@14506 bosh_deployment="cf-warden" bosh_job_name="uaa_z1" bosh_job_index="0" filename="/var/vcap/data/sys/log/uaa/uaa.log"] [2016-09-29 19:59:10.591] uaa - 19013 [http-nio-127.0.0.1-8989-exec-9] .... DEBUG --- DispatcherServlet: DispatcherServlet with name 'spring' processing GET request for [/healthz]

2016-09-29T19:59:17.102119+00:00 05bf1627-ae2f-400c-b1ce-31973a9ff23f - - - [NXLOG@14506 bosh_deployment="cf-warden" bosh_job_name="uaa_z1" bosh_job_index="0" filename="/var/vcap/data/sys/log/uaa/uaa.log"] [2016-09-29 19:59:10.591] uaa - 19013 [http-nio-127.0.0.1-8989-exec-9] .... DEBUG --- DispatcherServlet: Last-Modified value for [/healthz] is: -1

2016-09-29T19:59:17.102148+00:00 05bf1627-ae2f-400c-b1ce-31973a9ff23f - - - [NXLOG@14506 bosh_deployment="cf-warden" bosh_job_name="uaa_z1" bosh_job_index="0" filename="/var/vcap/data/sys/log/uaa/uaa.log"] [2016-09-29 19:59:10.591] uaa - 19013 [http-nio-127.0.0.1-8989-exec-9] .... DEBUG --- RequestResponseBodyMethodProcessor: Written [ok

2016-09-29T19:59:17.102160+00:00 05bf1627-ae2f-400c-b1ce-31973a9ff23f - - - [NXLOG@14506 bosh_deployment="cf-warden" bosh_job_name="uaa_z1" bosh_job_index="0" filename="/var/vcap/data/sys/log/uaa/uaa.log"] ] as "text/plain;charset=ISO-8859-1" using [org.springframework.http.converter.StringHttpMessageConverter@178b2baf]

2016-09-29T19:59:17.102176+00:00 05bf1627-ae2f-400c-b1ce-31973a9ff23f - - - [NXLOG@14506 bosh_deployment="cf-warden" bosh_job_name="uaa_z1" bosh_job_index="0" filename="/var/vcap/data/sys/log/uaa/uaa.log"] [2016-09-29 19:59:10.591] uaa - 19013 [http-nio-127.0.0.1-8989-exec-9] .... DEBUG --- DispatcherServlet: Null ModelAndView returned to DispatcherServlet with name 'spring': assuming HandlerAdapter completed request handling

2016-09-29T19:59:17.102233+00:00 05bf1627-ae2f-400c-b1ce-31973a9ff23f - - - [NXLOG@14506 bosh_deployment="cf-warden" bosh_job_name="uaa_z1" bosh_job_index="0" filename="/var/vcap/data/sys/log/uaa/uaa.log"] [2016-09-29 19:59:10.591] uaa - 19013 [http-nio-127.0.0.1-8989-exec-9] .... DEBUG --- DispatcherServlet: Successfully completed request

2016-09-29T19:59:17.102260+00:00 05bf1627-ae2f-400c-b1ce-31973a9ff23f - - - [NXLOG@14506 bosh_deployment="cf-warden" bosh_job_name="uaa_z1" bosh_job_index="0" filename="/var/vcap/data/sys/log/uaa/uaa.log"] [2016-09-29 19:59:10.819] uaa - 19013 [http-nio-127.0.0.1-8989-exec-2] .... DEBUG --- AntPathRequestMatcher: Checking match of request : '/healthz'; against '/resources/**'

2016-09-29T19:59:17.102288+00:00 05bf1627-ae2f-400c-b1ce-31973a9ff23f - - - [NXLOG@14506 bosh_deployment="cf-warden" bosh_job_name="uaa_z1" bosh_job_index="0" filename="/var/vcap/data/sys/log/uaa/uaa.log"] [2016-09-29 19:59:10.819] uaa - 19013 [http-nio-127.0.0.1-8989-exec-2] .... DEBUG --- AntPathRequestMatcher: Checking match of request : '/healthz'; against '/square-logo.png'

2016-09-29T19:59:17.102325+00:00 05bf1627-ae2f-400c-b1ce-31973a9ff23f - - - [NXLOG@14506 bosh_deployment="cf-warden" bosh_job_name="uaa_z1" bosh_job_index="0" filename="/var/vcap/data/sys/log/uaa/uaa.log"] [2016-09-29 19:59:10.819] uaa - 19013 [http-nio-127.0.0.1-8989-exec-2] .... DEBUG --- AntPathRequestMatcher: Checking match of request : '/healthz'; against '/info'

2016-09-29T19:59:17.102335+00:00 05bf1627-ae2f-400c-b1ce-31973a9ff23f - - - [NXLOG@14506 bosh_deployment="cf-warden" bosh_job_name="uaa_z1" bosh_job_index="0" filename="/var/vcap/data/sys/log/uaa/uaa.log"] [2016-09-29 19:59:10.819] uaa - 19013 [http-nio-127.0.0.1-8989-exec-2] .... DEBUG --- AntPathRequestMatcher: Checking match of request : '/healthz'; against '/password/**'

2016-09-29T19:59:17.102345+00:00 05bf1627-ae2f-400c-b1ce-31973a9ff23f - - - [NXLOG@14506 bosh_deployment="cf-warden" bosh_job_name="uaa_z1" bosh_job_index="0" filename="/var/vcap/data/sys/log/uaa/uaa.log"] [2016-09-29 19:59:10.819] uaa - 19013 [http-nio-127.0.0.1-8989-exec-2] .... DEBUG --- AntPathRequestMatcher: Checking match of request : '/healthz'; against '/healthz/**'

2016-09-29T19:59:17.102373+00:00 05bf1627-ae2f-400c-b1ce-31973a9ff23f - - - [NXLOG@14506 bosh_deployment="cf-warden" bosh_job_name="uaa_z1" bosh_job_index="0" filename="/var/vcap/data/sys/log/uaa/uaa.log"] [2016-09-29 19:59:10.819] uaa - 19013 [http-nio-127.0.0.1-8989-exec-2] .... DEBUG --- FilterChainProxy: /healthz has an empty filter list

2016-09-29T19:59:17.102384+00:00 05bf1627-ae2f-400c-b1ce-31973a9ff23f - - - [NXLOG@14506 bosh_deployment="cf-warden" bosh_job_name="uaa_z1" bosh_job_index="0" filename="/var/vcap/data/sys/log/uaa/uaa.log"] [2016-09-29 19:59:10.819] uaa - 19013 [http-nio-127.0.0.1-8989-exec-2] .... DEBUG --- DispatcherServlet: DispatcherServlet with name 'spring' processing GET request for [/healthz]

2016-09-29T19:59:17.102394+00:00 05bf1627-ae2f-400c-b1ce-31973a9ff23f - - - [NXLOG@14506 bosh_deployment="cf-warden" bosh_job_name="uaa_z1" bosh_job_index="0" filename="/var/vcap/data/sys/log/uaa/uaa.log"] [2016-09-29 19:59:10.819] uaa - 19013 [http-nio-127.0.0.1-8989-exec-2] .... DEBUG --- DispatcherServlet: Last-Modified value for [/healthz] is: -1

2016-09-29T19:59:17.102403+00:00 05bf1627-ae2f-400c-b1ce-31973a9ff23f - - - [NXLOG@14506 bosh_deployment="cf-warden" bosh_job_name="uaa_z1" bosh_job_index="0" filename="/var/vcap/data/sys/log/uaa/uaa.log"] [2016-09-29 19:59:10.820] uaa - 19013 [http-nio-127.0.0.1-8989-exec-2] .... DEBUG --- RequestResponseBodyMethodProcessor: Written [ok

2016-09-29T19:59:17.102449+00:00 05bf1627-ae2f-400c-b1ce-31973a9ff23f - - - [NXLOG@14506 bosh_deployment="cf-warden" bosh_job_name="uaa_z1" bosh_job_index="0" filename="/var/vcap/data/sys/log/uaa/uaa.log"] ] as "text/plain;charset=ISO-8859-1" using [org.springframework.http.converter.StringHttpMessageConverter@178b2baf]

2016-09-29T19:59:17.102471+00:00 05bf1627-ae2f-400c-b1ce-31973a9ff23f - - - [NXLOG@14506 bosh_deployment="cf-warden" bosh_job_name="uaa_z1" bosh_job_index="0" filename="/var/vcap/data/sys/log/uaa/uaa.log"] [2016-09-29 19:59:10.820] uaa - 19013 [http-nio-127.0.0.1-8989-exec-2] .... DEBUG --- DispatcherServlet: Null ModelAndView returned to DispatcherServlet with name 'spring': assuming HandlerAdapter completed request handling

2016-09-29T19:59:17.102481+00:00 05bf1627-ae2f-400c-b1ce-31973a9ff23f - - - [NXLOG@14506 bosh_deployment="cf-warden" bosh_job_name="uaa_z1" bosh_job_index="0" filename="/var/vcap/data/sys/log/uaa/uaa.log"] [2016-09-29 19:59:10.820] uaa - 19013 [http-nio-127.0.0.1-8989-exec-2] .... DEBUG --- DispatcherServlet: Successfully completed request

2016-09-29T19:59:17.102491+00:00 05bf1627-ae2f-400c-b1ce-31973a9ff23f - - - [NXLOG@14506 bosh_deployment="cf-warden" bosh_job_name="uaa_z1" bosh_job_index="0" filename="/var/vcap/data/sys/log/uaa/uaa.log"] [2016-09-29 19:59:11.156] uaa - 19013 [pool-2-thread-1] .... DEBUG --- JdbcTemplate: Executing SQL query [select count(*) from oauth_client_details]

2016-09-29T19:59:17.102499+00:00 05bf1627-ae2f-400c-b1ce-31973a9ff23f - - - [NXLOG@14506 bosh_deployment="cf-warden" bosh_job_name="uaa_z1" bosh_job_index="0" filename="/var/vcap/data/sys/log/uaa/uaa.log"] [2016-09-29 19:59:11.158] uaa - 19013 [pool-2-thread-1] .... DEBUG --- JdbcTemplate: Executing SQL query [select count(*) from users]

2016-09-29T19:59:17.102520+00:00 05bf1627-ae2f-400c-b1ce-31973a9ff23f - - - [NXLOG@14506 bosh_deployment="cf-warden" bosh_job_name="uaa_z1" bosh_job_index="0" filename="/var/vcap/data/sys/log/uaa/uaa.log"] [2016-09-29 19:59:14.817] uaa - 19013 [http-nio-127.0.0.1-8989-exec-1] .... DEBUG --- AntPathRequestMatcher: Checking match of request : '/healthz'; against '/resources/**'

2016-09-29T19:59:17.102530+00:00 05bf1627-ae2f-400c-b1ce-31973a9ff23f - - - [NXLOG@14506 bosh_deployment="cf-warden" bosh_job_name="uaa_z1" bosh_job_index="0" filename="/var/vcap/data/sys/log/uaa/uaa.log"] [2016-09-29 19:59:14.817] uaa - 19013 [http-nio-127.0.0.1-8989-exec-1] .... DEBUG --- AntPathRequestMatcher: Checking match of request : '/healthz'; against '/square-logo.png'

2016-09-29T19:59:17.102539+00:00 05bf1627-ae2f-400c-b1ce-31973a9ff23f - - - [NXLOG@14506 bosh_deployment="cf-warden" bosh_job_name="uaa_z1" bosh_job_index="0" filename="/var/vcap/data/sys/log/uaa/uaa.log"] [2016-09-29 19:59:14.817] uaa - 19013 [http-nio-127.0.0.1-8989-exec-1] .... DEBUG --- AntPathRequestMatcher: Checking match of request : '/healthz'; against '/info'

2016-09-29T19:59:17.102549+00:00 05bf1627-ae2f-400c-b1ce-31973a9ff23f - - - [NXLOG@14506 bosh_deployment="cf-warden" bosh_job_name="uaa_z1" bosh_job_index="0" filename="/var/vcap/data/sys/log/uaa/uaa.log"] [2016-09-29 19:59:14.817] uaa - 19013 [http-nio-127.0.0.1-8989-exec-1] .... DEBUG --- AntPathRequestMatcher: Checking match of request : '/healthz'; against '/password/**'

2016-09-29T19:59:17.102569+00:00 05bf1627-ae2f-400c-b1ce-31973a9ff23f - - - [NXLOG@14506 bosh_deployment="cf-warden" bosh_job_name="uaa_z1" bosh_job_index="0" filename="/var/vcap/data/sys/log/uaa/uaa.log"] [2016-09-29 19:59:14.817] uaa - 19013 [http-nio-127.0.0.1-8989-exec-1] .... DEBUG --- AntPathRequestMatcher: Checking match of request : '/healthz'; against '/healthz/**'

2016-09-29T19:59:17.102579+00:00 05bf1627-ae2f-400c-b1ce-31973a9ff23f - - - [NXLOG@14506 bosh_deployment="cf-warden" bosh_job_name="uaa_z1" bosh_job_index="0" filename="/var/vcap/data/sys/log/uaa/uaa.log"] [2016-09-29 19:59:14.817] uaa - 19013 [http-nio-127.0.0.1-8989-exec-1] .... DEBUG --- FilterChainProxy: /healthz has an empty filter list

2016-09-29T19:59:17.102588+00:00 05bf1627-ae2f-400c-b1ce-31973a9ff23f - - - [NXLOG@14506 bosh_deployment="cf-warden" bosh_job_name="uaa_z1" bosh_job_index="0" filename="/var/vcap/data/sys/log/uaa/uaa.log"] [2016-09-29 19:59:14.817] uaa - 19013 [http-nio-127.0.0.1-8989-exec-1] .... DEBUG --- DispatcherServlet: DispatcherServlet with name 'spring' processing GET request for [/healthz]

2016-09-29T19:59:17.102597+00:00 05bf1627-ae2f-400c-b1ce-31973a9ff23f - - - [NXLOG@14506 bosh_deployment="cf-warden" bosh_job_name="uaa_z1" bosh_job_index="0" filename="/var/vcap/data/sys/log/uaa/uaa.log"] [2016-09-29 19:59:14.817] uaa - 19013 [http-nio-127.0.0.1-8989-exec-1] .... DEBUG --- DispatcherServlet: Last-Modified value for [/healthz] is: -1

2016-09-29T19:59:17.102618+00:00 05bf1627-ae2f-400c-b1ce-31973a9ff23f - - - [NXLOG@14506 bosh_deployment="cf-warden" bosh_job_name="uaa_z1" bosh_job_index="0" filename="/var/vcap/data/sys/log/uaa/uaa.log"] [2016-09-29 19:59:14.817] uaa - 19013 [http-nio-127.0.0.1-8989-exec-1] .... DEBUG --- RequestResponseBodyMethodProcessor: Written [ok

2016-09-29T19:59:17.102628+00:00 05bf1627-ae2f-400c-b1ce-31973a9ff23f - - - [NXLOG@14506 bosh_deployment="cf-warden" bosh_job_name="uaa_z1" bosh_job_index="0" filename="/var/vcap/data/sys/log/uaa/uaa.log"] ] as "text/plain;charset=ISO-8859-1" using [org.springframework.http.converter.StringHttpMessageConverter@178b2baf]

2016-09-29T19:59:17.102638+00:00 05bf1627-ae2f-400c-b1ce-31973a9ff23f - - - [NXLOG@14506 bosh_deployment="cf-warden" bosh_job_name="uaa_z1" bosh_job_index="0" filename="/var/vcap/data/sys/log/uaa/uaa.log"] [2016-09-29 19:59:14.817] uaa - 19013 [http-nio-127.0.0.1-8989-exec-1] .... DEBUG --- DispatcherServlet: Null ModelAndView returned to DispatcherServlet with name 'spring': assuming HandlerAdapter completed request handling

2016-09-29T19:59:17.102647+00:00 05bf1627-ae2f-400c-b1ce-31973a9ff23f - - - [NXLOG@14506 bosh_deployment="cf-warden" bosh_job_name="uaa_z1" bosh_job_index="0" filename="/var/vcap/data/sys/log/uaa/uaa.log"] [2016-09-29 19:59:14.817] uaa - 19013 [http-nio-127.0.0.1-8989-exec-1] .... DEBUG --- DispatcherServlet: Successfully completed request

2016-09-29T19:59:17.102690+00:00 05bf1627-ae2f-400c-b1ce-31973a9ff23f - - - [NXLOG@14506 bosh_deployment="cf-warden" bosh_job_name="uaa_z1" bosh_job_index="0" filename="/var/vcap/data/sys/log/uaa/uaa.log"] [2016-09-29 19:59:16.156] uaa - 19013 [pool-2-thread-1] .... DEBUG --- JdbcTemplate: Executing SQL query [select count(*) from oauth_client_details]

2016-09-29T19:59:17.102711+00:00 05bf1627-ae2f-400c-b1ce-31973a9ff23f - - - [NXLOG@14506 bosh_deployment="cf-warden" bosh_job_name="uaa_z1" bosh_job_index="0" filename="/var/vcap/data/sys/log/uaa/uaa.log"] [2016-09-29 19:59:16.158] uaa - 19013 [pool-2-thread-1] .... DEBUG --- JdbcTemplate: Executing SQL query [select count(*) from users]

2016-09-29T19:59:17.101954+00:00 f0562343-642f-42d4-aca5-293abe675815 - - - [NXLOG@14506 bosh_deployment="cf-warden" bosh_job_name="blobstore_z1" bosh_job_index="0" filename="/var/vcap/data/sys/log/route_registrar/route_registrar.stdout.log"] {"timestamp":"1475179148.513401031","source":"Route Registrar","message":"Route Registrar.Registered routes successfully","log_level":1,"data":{}}

2016-09-29T19:59:17.102339+00:00 152ab062-1f32-4789-910a-13bdc79651b2 - - - [NXLOG@14506 bosh_deployment="cf-warden" bosh_job_name="hm9000_z1" bosh_job_index="0" filename="/var/vcap/data/sys/log/hm9000/hm9000_listener.log"] {"timestamp":"1475179151.768347979","source":"listener","message":"listener.Received a heartbeat","log_level":1,"data":{"Heartbeats Pending Save":"1"}}

2016-09-29T19:59:17.102464+00:00 152ab062-1f32-4789-910a-13bdc79651b2 - - - [NXLOG@14506 bosh_deployment="cf-warden" bosh_job_name="hm9000_z1" bosh_job_index="0" filename="/var/vcap/data/sys/log/hm9000/hm9000_listener.log"] {"timestamp":"1475179151.815902233","source":"listener","message":"listener.Saving Heartbeats","log_level":1,"data":{"Heartbeats to Save":"1"}}

2016-09-29T19:59:17.102508+00:00 152ab062-1f32-4789-910a-13bdc79651b2 - - - [NXLOG@14506 bosh_deployment="cf-warden" bosh_job_name="hm9000_z1" bosh_job_index="0" filename="/var/vcap/data/sys/log/hm9000/hm9000_listener.log"] {"timestamp":"1475179151.823078156","source":"listener","message":"listener.Bumped freshness","log_level":1,"data":{}}

2016-09-29T19:59:17.102556+00:00 152ab062-1f32-4789-910a-13bdc79651b2 - - - [NXLOG@14506 bosh_deployment="cf-warden" bosh_job_name="hm9000_z1" bosh_job_index="0" filename="/var/vcap/data/sys/log/hm9000/hm9000_listener.log"] {"timestamp":"1475179151.823104858","source":"listener","message":"listener.Saved Heartbeats","log_level":1,"data":{"Duration":"7.140664ms","Heartbeats to Save":"1"}}

2016-09-29T19:59:17.116573+00:00 b0fa19c0-86de-4447-a670-3f7adbd0b3c1 - - - [NXLOG@14506 bosh_deployment="cf-warden" bosh_job_name="api_z1" bosh_job_index="0" filename="/var/vcap/data/sys/log/cloud_controller_worker/cloud_controller_worker.log"] {"timestamp":1475179150.8909922,"message":"(0.000654s) SELECT * FROM \"delayed_jobs\" WHERE ((((\"run_at\" <= '2016-09-29 19:59:10.889801+0000') AND (\"locked_at\" IS NULL)) OR (\"locked_by\" = 'cc_global_worker.api_z1.0.1')) AND (\"failed_at\" IS NULL) AND (\"queue\" IN ('cc-generic'))) ORDER BY \"priority\" ASC, \"run_at\" ASC LIMIT 5","log_level":"debug2","source":"cc.background","data":{},"thread_id":47193737007380,"fiber_id":47193773841900,"process_id":15807,"file":"/var/vcap/packages/cloud_controller_ng/cloud_controller_ng/vendor/bundle/ruby/2.3.0/gems/sequel-4.29.0/lib/sequel/database/logging.rb","lineno":70,"method":"block in log_each"}

2016-09-29T19:59:17.116808+00:00 b0fa19c0-86de-4447-a670-3f7adbd0b3c1 - - - [NXLOG@14506 bosh_deployment="cf-warden" bosh_job_name="api_z1" bosh_job_index="0" filename="/var/vcap/data/sys/log/cloud_controller_worker/cloud_controller_worker.log"] {"timestamp":1475179155.922753,"message":"(0.000758s) SELECT * FROM \"delayed_jobs\" WHERE ((((\"run_at\" <= '2016-09-29 19:59:15.921235+0000') AND (\"locked_at\" IS NULL)) OR (\"locked_by\" = 'cc_global_worker.api_z1.0.1')) AND (\"failed_at\" IS NULL) AND (\"queue\" IN ('cc-generic'))) ORDER BY \"priority\" ASC, \"run_at\" ASC LIMIT 5","log_level":"debug2","source":"cc.background","data":{},"thread_id":47193737007380,"fiber_id":47193773841900,"process_id":15807,"file":"/var/vcap/packages/cloud_controller_ng/cloud_controller_ng/vendor/bundle/ruby/2.3.0/gems/sequel-4.29.0/lib/sequel/database/logging.rb","lineno":70,"method":"block in log_each"}

2016-09-29T19:59:17.116901+00:00 b0fa19c0-86de-4447-a670-3f7adbd0b3c1 - - - [NXLOG@14506 bosh_deployment="cf-warden" bosh_job_name="api_z1" bosh_job_index="0" filename="/var/vcap/data/sys/log/nginx_cc/nginx.access.log"] api.bosh-lite.com - [29/Sep/2016:19:59:15 +0000] "GET /v2/syslog_drain_urls?batch_size=1000 HTTP/1.1" 200 326 "-" "Go-http-client/1.1" 10.244.0.146, 10.244.0.34, 10.244.0.22 vcap_request_id:fd62ea27-8b88-409e-7446-4181573f7857::767c4eba-494d-40f9-988a-b97b9fcac089 response_time:0.010

2016-09-29T19:59:17.116946+00:00 b0fa19c0-86de-4447-a670-3f7adbd0b3c1 - - - [NXLOG@14506 bosh_deployment="cf-warden" bosh_job_name="api_z1" bosh_job_index="0" filename="/var/vcap/data/sys/log/nginx_cc/nginx.access.log"] 10.244.0.138 - [29/Sep/2016:19:59:16 +0000] "GET /v2/info HTTP/1.1" 200 802 "-" "monit/5.2.5" 10.244.0.138 vcap_request_id:ffba3ec1-cc13-4e0c-9589-d3236ad23f2b response_time:0.004

2016-09-29T19:59:17.117108+00:00 b0fa19c0-86de-4447-a670-3f7adbd0b3c1 - - - [NXLOG@14506 bosh_deployment="cf-warden" bosh_job_name="api_z1" bosh_job_index="0" filename="/var/vcap/data/sys/log/cloud_controller_ng/cloud_controller_ng.log"] {"timestamp":1475179147.3632228,"message":"(0.000708s) SELECT * FROM \"delayed_jobs\" WHERE ((((\"run_at\" <= '2016-09-29 19:59:07.362026+0000') AND (\"locked_at\" IS NULL)) OR (\"locked_by\" = 'cc_api_worker.api_z1.0.1')) AND (\"failed_at\" IS NULL) AND (\"queue\" IN ('cc-api_z1-0'))) ORDER BY \"priority\" ASC, \"run_at\" ASC LIMIT 5","log_level":"debug2","source":"cc.background","data":{},"thread_id":47452862460180,"fiber_id":47452899698480,"process_id":15587,"file":"/var/vcap/packages/cloud_controller_ng/cloud_controller_ng/vendor/bundle/ruby/2.3.0/gems/sequel-4.29.0/lib/sequel/database/logging.rb","lineno":70,"method":"block in log_each"}

2016-09-29T19:59:17.117153+00:00 b0fa19c0-86de-4447-a670-3f7adbd0b3c1 - - - [NXLOG@14506 bosh_deployment="cf-warden" bosh_job_name="api_z1" bosh_job_index="0" filename="/var/vcap/data/sys/log/cloud_controller_ng/cloud_controller_ng.log"] {"timestamp":1475179150.951478,"message":"(0.000505s) SELECT * FROM \"delayed_jobs\" WHERE ((((\"run_at\" <= '2016-09-29 19:59:10.950441+0000') AND (\"locked_at\" IS NULL)) OR (\"locked_by\" = 'cc_api_worker.api_z1.0.2')) AND (\"failed_at\" IS NULL) AND (\"queue\" IN ('cc-api_z1-0'))) ORDER BY \"priority\" ASC, \"run_at\" ASC LIMIT 5","log_level":"debug2","source":"cc.background","data":{},"thread_id":47118928261380,"fiber_id":47118965175380,"process_id":15629,"file":"/var/vcap/packages/cloud_controller_ng/cloud_controller_ng/vendor/bundle/ruby/2.3.0/gems/sequel-4.29.0/lib/sequel/database/logging.rb","lineno":70,"method":"block in log_each"}

2016-09-29T19:59:17.117193+00:00 b0fa19c0-86de-4447-a670-3f7adbd0b3c1 - - - [NXLOG@14506 bosh_deployment="cf-warden" bosh_job_name="api_z1" bosh_job_index="0" filename="/var/vcap/data/sys/log/cloud_controller_ng/cloud_controller_ng.log"] {"timestamp":1475179152.3841865,"message":"(0.000547s) SELECT * FROM \"delayed_jobs\" WHERE ((((\"run_at\" <= '2016-09-29 19:59:12.383131+0000') AND (\"locked_at\" IS NULL)) OR (\"locked_by\" = 'cc_api_worker.api_z1.0.1')) AND (\"failed_at\" IS NULL) AND (\"queue\" IN ('cc-api_z1-0'))) ORDER BY \"priority\" ASC, \"run_at\" ASC LIMIT 5","log_level":"debug2","source":"cc.background","data":{},"thread_id":47452862460180,"fiber_id":47452899698480,"process_id":15587,"file":"/var/vcap/packages/cloud_controller_ng/cloud_controller_ng/vendor/bundle/ruby/2.3.0/gems/sequel-4.29.0/lib/sequel/database/logging.rb","lineno":70,"method":"block in log_each"}

2016-09-29T19:59:17.117231+00:00 b0fa19c0-86de-4447-a670-3f7adbd0b3c1 - - - [NXLOG@14506 bosh_deployment="cf-warden" bosh_job_name="api_z1" bosh_job_index="0" filename="/var/vcap/data/sys/log/cloud_controller_ng/cloud_controller_ng.log"] {"timestamp":1475179155.91104,"message":"Statsd: cc.requests.outstanding:1|c","log_level":"debug","source":"statsd.client","data":{},"thread_id":47062185508760,"fiber_id":47062149606040,"process_id":15535,"file":"/var/vcap/packages/cloud_controller_ng/cloud_controller_ng/vendor/bundle/ruby/2.3.0/gems/statsd-ruby-1.2.1/lib/statsd.rb","lineno":254,"method":"send_to_socket"}

2016-09-29T19:59:17.117231+00:00 b0fa19c0-86de-4447-a670-3f7adbd0b3c1 - - - [NXLOG@14506 bosh_deployment="cf-warden" bosh_job_name="api_z1" bosh_job_index="0" filename="/var/vcap/data/sys/log/cloud_controller_ng/cloud_controller_ng.log"] {"timestamp":1475179155.9122329,"message":"Started GET \"/v2/syslog_drain_urls?batch_size=1000\" for user: , ip: 127.0.0.1 with vcap-request-id: fd62ea27-8b88-409e-7446-4181573f7857::767c4eba-494d-40f9-988a-b97b9fcac089 at 2016-09-29 19:59:15 UTC","log_level":"info","source":"cc.api","data":{},"thread_id":47062185508760,"fiber_id":47062149606040,"process_id":15535,"file":"/var/vcap/packages/cloud_controller_ng/cloud_controller_ng/middleware/request_logs.rb","lineno":12,"method":"call"}

2016-09-29T19:59:17.117231+00:00 b0fa19c0-86de-4447-a670-3f7adbd0b3c1 - - - [NXLOG@14506 bosh_deployment="cf-warden" bosh_job_name="api_z1" bosh_job_index="0" filename="/var/vcap/data/sys/log/cloud_controller_ng/cloud_controller_ng.log"] {"timestamp":1475179155.9141335,"message":"dispatch VCAP::CloudController::SyslogDrainUrlsController get /v2/syslog_drain_urls","log_level":"debug","source":"cc.api","data":{"request_guid":"fd62ea27-8b88-409e-7446-4181573f7857::767c4eba-494d-40f9-988a-b97b9fcac089"},"thread_id":47062185508760,"fiber_id":47062149606040,"process_id":15535,"file":"/var/vcap/data/packages/cloud_controller_ng/f87cb49aa2cd87792cb9c2211a79e1542502be4d.1-b1a5f3c830cb6c32ae9e685628b24aa967f5ae54/cloud_controller_ng/lib/cloud_controller/rest_controller/routes.rb","lineno":12,"method":"block in define_route"}

2016-09-29T19:59:17.117231+00:00 b0fa19c0-86de-4447-a670-3f7adbd0b3c1 - - - [NXLOG@14506 bosh_deployment="cf-warden" bosh_job_name="api_z1" bosh_job_index="0" filename="/var/vcap/data/sys/log/cloud_controller_ng/cloud_controller_ng.log"] {"timestamp":1475179155.914629,"message":"parse_params: {\"batch_size\"=>\"1000\"} batch_size=1000","log_level":"debug","source":"cc.api","data":{"request_guid":"fd62ea27-8b88-409e-7446-4181573f7857::767c4eba-494d-40f9-988a-b97b9fcac089"},"thread_id":47062185508760,"fiber_id":47062149606040,"process_id":15535,"file":"/var/vcap/data/packages/cloud_controller_ng/f87cb49aa2cd87792cb9c2211a79e1542502be4d.1-b1a5f3c830cb6c32ae9e685628b24aa967f5ae54/cloud_controller_ng/lib/cloud_controller/rest_controller/common_params.rb","lineno":10,"method":"parse"}

2016-09-29T19:59:17.117521+00:00 b0fa19c0-86de-4447-a670-3f7adbd0b3c1 - - - [NXLOG@14506 bosh_deployment="cf-warden" bosh_job_name="api_z1" bosh_job_index="0" filename="/var/vcap/data/sys/log/cloud_controller_ng/cloud_controller_ng.log"] {"timestamp":1475179155.9148471,"message":"cc.dispatch","log_level":"debug","source":"cc.api","data":{"request_guid":"fd62ea27-8b88-409e-7446-4181573f7857::767c4eba-494d-40f9-988a-b97b9fcac089","endpoint":"list","args":[]},"thread_id":47062185508760,"fiber_id":47062149606040,"process_id":15535,"file":"/var/vcap/data/packages/cloud_controller_ng/f87cb49aa2cd87792cb9c2211a79e1542502be4d.1-b1a5f3c830cb6c32ae9e685628b24aa967f5ae54/cloud_controller_ng/app/controllers/base/base_controller.rb","lineno":78,"method":"dispatch"}

2016-09-29T19:59:17.117622+00:00 b0fa19c0-86de-4447-a670-3f7adbd0b3c1 - - - [NXLOG@14506 bosh_deployment="cf-warden" bosh_job_name="api_z1" bosh_job_index="0" filename="/var/vcap/data/sys/log/cloud_controller_ng/cloud_controller_ng.log"] {"timestamp":1475179155.9194589,"message":"(0.003233s) SELECT \"apps\".\"guid\", string_agg(\"service_bindings\".\"syslog_drain_url\", ',') AS \"syslog_drain_urls\" FROM \"apps\" INNER JOIN \"service_bindings\" ON (\"service_bindings\".\"app_id\" = \"apps\".\"id\") WHERE ((syslog_drain_url IS NOT NULL) AND (syslog_drain_url != '')) GROUP BY \"apps\".\"guid\" UNION ALL (SELECT \"apps_v3\".\"guid\", string_agg(\"v3_service_bindings\".\"syslog_drain_url\", ',') AS \"syslog_drain_urls\" FROM \"apps_v3\" INNER JOIN \"v3_service_bindings\" ON (\"v3_service_bindings\".\"app_id\" = \"apps_v3\".\"id\") WHERE ((syslog_drain_url IS NOT NULL) AND (syslog_drain_url != '')) GROUP BY \"apps_v3\".\"guid\") ORDER BY \"guid\" LIMIT 1000 OFFSET 0","log_level":"debug2","source":"cc.db","data":{"request_guid":"fd62ea27-8b88-409e-7446-4181573f7857::767c4eba-494d-40f9-988a-b97b9fcac089"},"thread_id":47062185508760,"fiber_id":47062149606040,"process_id":15535,"file":"/var/vcap/packages/cloud_controller_ng/cloud_controller_ng/vendor/bundle/ruby/2.3.0/gems/sequel-4.29.0/lib/sequel/database/logging.rb","lineno":70,"method":"block in log_each"}

2016-09-29T19:59:17.117702+00:00 b0fa19c0-86de-4447-a670-3f7adbd0b3c1 - - - [NXLOG@14506 bosh_deployment="cf-warden" bosh_job_name="api_z1" bosh_job_index="0" filename="/var/vcap/data/sys/log/cloud_controller_ng/cloud_controller_ng.log"] {"timestamp":1475179155.9198012,"message":"Completed 200 vcap-request-id: fd62ea27-8b88-409e-7446-4181573f7857::767c4eba-494d-40f9-988a-b97b9fcac089","log_level":"info","source":"cc.api","data":{},"thread_id":47062185508760,"fiber_id":47062149606040,"process_id":15535,"file":"/var/vcap/packages/cloud_controller_ng/cloud_controller_ng/middleware/request_logs.rb","lineno":24,"method":"call"}

2016-09-29T19:59:17.117791+00:00 b0fa19c0-86de-4447-a670-3f7adbd0b3c1 - - - [NXLOG@14506 bosh_deployment="cf-warden" bosh_job_name="api_z1" bosh_job_index="0" filename="/var/vcap/data/sys/log/cloud_controller_ng/cloud_controller_ng.log"] {"timestamp":1475179155.9199648,"message":"Statsd: cc.requests.outstanding:-1|c\ncc.requests.completed:1|c\ncc.http_status.2XX:1|c","log_level":"debug","source":"statsd.client","data":{},"thread_id":47062185508760,"fiber_id":47062149606040,"process_id":15535,"file":"/var/vcap/packages/cloud_controller_ng/cloud_controller_ng/vendor/bundle/ruby/2.3.0/gems/statsd-ruby-1.2.1/lib/statsd.rb","lineno":254,"method":"send_to_socket"}

2016-09-29T19:59:17.117866+00:00 b0fa19c0-86de-4447-a670-3f7adbd0b3c1 - - - [NXLOG@14506 bosh_deployment="cf-warden" bosh_job_name="api_z1" bosh_job_index="0" filename="/var/vcap/data/sys/log/cloud_controller_ng/cloud_controller_ng.log"] {"timestamp":1475179155.977303,"message":"(0.000402s) SELECT * FROM \"delayed_jobs\" WHERE ((((\"run_at\" <= '2016-09-29 19:59:15.976394+0000') AND (\"locked_at\" IS NULL)) OR (\"locked_by\" = 'cc_api_worker.api_z1.0.2')) AND (\"failed_at\" IS NULL) AND (\"queue\" IN ('cc-api_z1-0'))) ORDER BY \"priority\" ASC, \"run_at\" ASC LIMIT 5","log_level":"debug2","source":"cc.background","data":{},"thread_id":47118928261380,"fiber_id":47118965175380,"process_id":15629,"file":"/var/vcap/packages/cloud_controller_ng/cloud_controller_ng/vendor/bundle/ruby/2.3.0/gems/sequel-4.29.0/lib/sequel/database/logging.rb","lineno":70,"method":"block in log_each"}

2016-09-29T19:59:17.117973+00:00 b0fa19c0-86de-4447-a670-3f7adbd0b3c1 - - - [NXLOG@14506 bosh_deployment="cf-warden" bosh_job_name="api_z1" bosh_job_index="0" filename="/var/vcap/data/sys/log/cloud_controller_ng/cloud_controller_ng.log"] {"timestamp":1475179156.9283133,"message":"Statsd: cc.requests.outstanding:1|c","log_level":"debug","source":"statsd.client","data":{},"thread_id":47062185515280,"fiber_id":47062186433920,"process_id":15535,"file":"/var/vcap/packages/cloud_controller_ng/cloud_controller_ng/vendor/bundle/ruby/2.3.0/gems/statsd-ruby-1.2.1/lib/statsd.rb","lineno":254,"method":"send_to_socket"}

2016-09-29T19:59:17.118042+00:00 b0fa19c0-86de-4447-a670-3f7adbd0b3c1 - - - [NXLOG@14506 bosh_deployment="cf-warden" bosh_job_name="api_z1" bosh_job_index="0" filename="/var/vcap/data/sys/log/cloud_controller_ng/cloud_controller_ng.log"] {"timestamp":1475179156.9288564,"message":"Started GET \"/v2/info\" for user: , ip: 127.0.0.1 with vcap-request-id: ffba3ec1-cc13-4e0c-9589-d3236ad23f2b at 2016-09-29 19:59:16 UTC","log_level":"info","source":"cc.api","data":{},"thread_id":47062185515280,"fiber_id":47062186433920,"process_id":15535,"file":"/var/vcap/packages/cloud_controller_ng/cloud_controller_ng/middleware/request_logs.rb","lineno":12,"method":"call"}

2016-09-29T19:59:17.118245+00:00 b0fa19c0-86de-4447-a670-3f7adbd0b3c1 - - - [NXLOG@14506 bosh_deployment="cf-warden" bosh_job_name="api_z1" bosh_job_index="0" filename="/var/vcap/data/sys/log/cloud_controller_ng/cloud_controller_ng.log"] {"timestamp":1475179156.930253,"message":"dispatch VCAP::CloudController::InfoController get /v2/info","log_level":"debug","source":"cc.api","data":{"request_guid":"ffba3ec1-cc13-4e0c-9589-d3236ad23f2b"},"thread_id":47062185515280,"fiber_id":47062186433920,"process_id":15535,"file":"/var/vcap/data/packages/cloud_controller_ng/f87cb49aa2cd87792cb9c2211a79e1542502be4d.1-b1a5f3c830cb6c32ae9e685628b24aa967f5ae54/cloud_controller_ng/lib/cloud_controller/rest_controller/routes.rb","lineno":12,"method":"block in define_route"}

2016-09-29T19:59:17.118307+00:00 b0fa19c0-86de-4447-a670-3f7adbd0b3c1 - - - [NXLOG@14506 bosh_deployment="cf-warden" bosh_job_name="api_z1" bosh_job_index="0" filename="/var/vcap/data/sys/log/cloud_controller_ng/cloud_controller_ng.log"] {"timestamp":1475179156.9304612,"message":"parse_params: {} ","log_level":"debug","source":"cc.api","data":{"request_guid":"ffba3ec1-cc13-4e0c-9589-d3236ad23f2b"},"thread_id":47062185515280,"fiber_id":47062186433920,"process_id":15535,"file":"/var/vcap/data/packages/cloud_controller_ng/f87cb49aa2cd87792cb9c2211a79e1542502be4d.1-b1a5f3c830cb6c32ae9e685628b24aa967f5ae54/cloud_controller_ng/lib/cloud_controller/rest_controller/common_params.rb","lineno":10,"method":"parse"}

2016-09-29T19:59:17.118413+00:00 b0fa19c0-86de-4447-a670-3f7adbd0b3c1 - - - [NXLOG@14506 bosh_deployment="cf-warden" bosh_job_name="api_z1" bosh_job_index="0" filename="/var/vcap/data/sys/log/cloud_controller_ng/cloud_controller_ng.log"] {"timestamp":1475179156.9306107,"message":"cc.dispatch","log_level":"debug","source":"cc.api","data":{"request_guid":"ffba3ec1-cc13-4e0c-9589-d3236ad23f2b","endpoint":"read","args":[]},"thread_id":47062185515280,"fiber_id":47062186433920,"process_id":15535,"file":"/var/vcap/data/packages/cloud_controller_ng/f87cb49aa2cd87792cb9c2211a79e1542502be4d.1-b1a5f3c830cb6c32ae9e685628b24aa967f5ae54/cloud_controller_ng/app/controllers/base/base_controller.rb","lineno":78,"method":"dispatch"}

2016-09-29T19:59:17.118435+00:00 b0fa19c0-86de-4447-a670-3f7adbd0b3c1 - - - [NXLOG@14506 bosh_deployment="cf-warden" bosh_job_name="api_z1" bosh_job_index="0" filename="/var/vcap/data/sys/log/cloud_controller_ng/cloud_controller_ng.log"] {"timestamp":1475179156.9309514,"message":"Completed 200 vcap-request-id: ffba3ec1-cc13-4e0c-9589-d3236ad23f2b","log_level":"info","source":"cc.api","data":{},"thread_id":47062185515280,"fiber_id":47062186433920,"process_id":15535,"file":"/var/vcap/packages/cloud_controller_ng/cloud_controller_ng/middleware/request_logs.rb","lineno":24,"method":"call"}

2016-09-29T19:59:17.118452+00:00 b0fa19c0-86de-4447-a670-3f7adbd0b3c1 - - - [NXLOG@14506 bosh_deployment="cf-warden" bosh_job_name="api_z1" bosh_job_index="0" filename="/var/vcap/data/sys/log/cloud_controller_ng/cloud_controller_ng.log"] {"timestamp":1475179156.931078,"message":"Statsd: cc.requests.outstanding:-1|c\ncc.requests.completed:1|c\ncc.http_status.2XX:1|c","log_level":"debug","source":"statsd.client","data":{},"thread_id":47062185515280,"fiber_id":47062186433920,"process_id":15535,"file":"/var/vcap/packages/cloud_controller_ng/cloud_controller_ng/vendor/bundle/ruby/2.3.0/gems/statsd-ruby-1.2.1/lib/statsd.rb","lineno":254,"method":"send_to_socket"}

2016-09-29T19:59:26.968388+00:00 bfc626ef-a2eb-4bad-8f71-fa1d6d0f927f - - - [NXLOG@14506 bosh_deployment="cf-warden" bosh_job_name="loggregator_trafficcontroller_z1" bosh_job_index="0" filename="/var/vcap/data/sys/log/route_registrar/route_registrar.stdout.log"] {"timestamp":"1475179166.733638763","source":"Route Registrar","message":"Route Registrar.no healthchecker found for route","log_level":1,"data":{"route":{"Name":"doppler","Port":8081,"Tags":null,"URIs":["doppler.bosh-lite.com"],"RouteServiceUrl":"","RegistrationInterval":20000000000,"HealthCheck":null}}}

2016-09-29T19:59:26.968491+00:00 bfc626ef-a2eb-4bad-8f71-fa1d6d0f927f - - - [NXLOG@14506 bosh_deployment="cf-warden" bosh_job_name="loggregator_trafficcontroller_z1" bosh_job_index="0" filename="/var/vcap/data/sys/log/route_registrar/route_registrar.stdout.log"] {"timestamp":"1475179166.733751297","source":"Route Registrar","message":"Route Registrar.Registering route","log_level":1,"data":{"route":{"Name":"doppler","Port":8081,"Tags":null,"URIs":["doppler.bosh-lite.com"],"RouteServiceUrl":"","RegistrationInterval":20000000000,"HealthCheck":null}}}

2016-09-29T19:59:26.968534+00:00 bfc626ef-a2eb-4bad-8f71-fa1d6d0f927f - - - [NXLOG@14506 bosh_deployment="cf-warden" bosh_job_name="loggregator_trafficcontroller_z1" bosh_job_index="0" filename="/var/vcap/data/sys/log/route_registrar/route_registrar.stdout.log"] {"timestamp":"1475179166.733867407","source":"Route Registrar","message":"Route Registrar.Registered routes successfully","log_level":1,"data":{}}

2016-09-29T19:59:26.968572+00:00 bfc626ef-a2eb-4bad-8f71-fa1d6d0f927f - - - [NXLOG@14506 bosh_deployment="cf-warden" bosh_job_name="loggregator_trafficcontroller_z1" bosh_job_index="0" filename="/var/vcap/data/sys/log/route_registrar/route_registrar.stdout.log"] {"timestamp":"1475179166.733892202","source":"Route Registrar","message":"Route Registrar.no healthchecker found for route","log_level":1,"data":{"route":{"Name":"loggregator","Port":8080,"Tags":null,"URIs":["loggregator.bosh-lite.com"],"RouteServiceUrl":"","RegistrationInterval":20000000000,"HealthCheck":null}}}

2016-09-29T19:59:26.968610+00:00 bfc626ef-a2eb-4bad-8f71-fa1d6d0f927f - - - [NXLOG@14506 bosh_deployment="cf-warden" bosh_job_name="loggregator_trafficcontroller_z1" bosh_job_index="0" filename="/var/vcap/data/sys/log/route_registrar/route_registrar.stdout.log"] {"timestamp":"1475179166.733915567","source":"Route Registrar","message":"Route Registrar.Registering route","log_level":1,"data":{"route":{"Name":"loggregator","Port":8080,"Tags":null,"URIs":["loggregator.bosh-lite.com"],"RouteServiceUrl":"","RegistrationInterval":20000000000,"HealthCheck":null}}}

2016-09-29T19:59:26.968700+00:00 bfc626ef-a2eb-4bad-8f71-fa1d6d0f927f - - - [NXLOG@14506 bosh_deployment="cf-warden" bosh_job_name="loggregator_trafficcontroller_z1" bosh_job_index="0" filename="/var/vcap/data/sys/log/route_registrar/route_registrar.stdout.log"] {"timestamp":"1475179166.734155178","source":"Route Registrar","message":"Route Registrar.Registered routes successfully","log_level":1,"data":{}}

2016-09-29T19:59:26.971300+00:00 fc52b791-0068-48d0-b63d-a9600b8fa32e - - - [NXLOG@14506 bosh_deployment="cf-warden" bosh_job_name="runner_z1" bosh_job_index="0" filename="/var/vcap/data/sys/log/dea_next/dea_next.log"] {"timestamp":1475179161.754919,"message":"hm9000.heartbeat.sending","log_level":"debug","source":"Dea::Bootstrap","data":{"destination":"https://listener-hm9000.service.cf.internal:5335/dea/heartbeat"},"thread_id":47241037142420,"fiber_id":47241050325380,"process_id":6941,"file":"/var/vcap/packages/dea_next/lib/dea/utils/hm9000.rb","lineno":29,"method":"send_heartbeat"}

2016-09-29T19:59:26.971418+00:00 fc52b791-0068-48d0-b63d-a9600b8fa32e - - - [NXLOG@14506 bosh_deployment="cf-warden" bosh_job_name="runner_z1" bosh_job_index="0" filename="/var/vcap/data/sys/log/dea_next/dea_next.log"] {"timestamp":1475179161.758343,"message":"hm9000.heartbeat.accepted","log_level":"debug","source":"Dea::Bootstrap","data":{},"thread_id":47241050154600,"fiber_id":47241049451020,"process_id":6941,"file":"/var/vcap/packages/dea_next/lib/dea/utils/hm9000.rb","lineno":49,"method":"handle_http_response"}

2016-09-29T19:59:27.100653+00:00 05bf1627-ae2f-400c-b1ce-31973a9ff23f - - - [NXLOG@14506 bosh_deployment="cf-warden" bosh_job_name="uaa_z1" bosh_job_index="0" filename="/var/vcap/data/sys/log/uaa/localhost_access.log"] 127.0.0.1 - - [29/Sep/2016:19:59:10 +0000] "GET /healthz HTTP/1.1" 200 3

2016-09-29T19:59:27.100860+00:00 05bf1627-ae2f-400c-b1ce-31973a9ff23f - - - [NXLOG@14506 bosh_deployment="cf-warden" bosh_job_name="uaa_z1" bosh_job_index="0" filename="/var/vcap/data/sys/log/uaa/localhost_access.log"] 127.0.0.1 - - [29/Sep/2016:19:59:10 +0000] "GET /healthz HTTP/1.1" 200 3

2016-09-29T19:59:27.100908+00:00 05bf1627-ae2f-400c-b1ce-31973a9ff23f - - - [NXLOG@14506 bosh_deployment="cf-warden" bosh_job_name="uaa_z1" bosh_job_index="0" filename="/var/vcap/data/sys/log/uaa/localhost_access.log"] 127.0.0.1 - - [29/Sep/2016:19:59:14 +0000] "GET /healthz HTTP/1.1" 200 3

2016-09-29T19:59:27.101008+00:00 05bf1627-ae2f-400c-b1ce-31973a9ff23f - - - [NXLOG@14506 bosh_deployment="cf-warden" bosh_job_name="uaa_z1" bosh_job_index="0" filename="/var/vcap/data/sys/log/route_registrar/route_registrar.stdout.log"] {"timestamp":"1475179158.808154345","source":"Route Registrar","message":"Route Registrar.Executing script","log_level":1,"data":{"scriptPath":"/var/vcap/jobs/uaa/bin/health_check"}}

2016-09-29T19:59:27.101071+00:00 05bf1627-ae2f-400c-b1ce-31973a9ff23f - - - [NXLOG@14506 bosh_deployment="cf-warden" bosh_job_name="uaa_z1" bosh_job_index="0" filename="/var/vcap/data/sys/log/route_registrar/route_registrar.stdout.log"] {"timestamp":"1475179158.819186449","source":"Route Registrar","message":"Route Registrar.Script exited without error","log_level":1,"data":{"script":"/var/vcap/jobs/uaa/bin/health_check","stderr":"  % Total    % Received % Xferd  Average Speed   Time    Time     Time  Current\n                                 Dload  Upload   Total   Spent    Left  Speed\n\r  0     0    0     0    0     0      0      0 --:--:-- --:--:-- --:--:--     0\r100     3  100     3    0     0   3121      0 --:--:-- --:--:-- --:--:--  3000\n","stdout":""}}

2016-09-29T19:59:27.101151+00:00 05bf1627-ae2f-400c-b1ce-31973a9ff23f - - - [NXLOG@14506 bosh_deployment="cf-warden" bosh_job_name="uaa_z1" bosh_job_index="0" filename="/var/vcap/data/sys/log/route_registrar/route_registrar.stdout.log"] {"timestamp":"1475179158.819234848","source":"Route Registrar","message":"Route Registrar.healthchecker returned healthy for route","log_level":1,"data":{"route":{"Name":"uaa","Port":8080,"Tags":{"component":"uaa"},"URIs":["uaa.bosh-lite.com","*.uaa.bosh-lite.com","login.bosh-lite.com","*.login.bosh-lite.com"],"RouteServiceUrl":"","RegistrationInterval":4000000000,"HealthCheck":{"Name":"uaa-healthcheck","ScriptPath":"/var/vcap/jobs/uaa/bin/health_check","Timeout":2000000000}}}}

2016-09-29T19:59:36.972341+00:00 fc52b791-0068-48d0-b63d-a9600b8fa32e - - - [NXLOG@14506 bosh_deployment="cf-warden" bosh_job_name="runner_z1" bosh_job_index="0" filename="/var/vcap/data/sys/log/dea_next/dea_next.log"] {"timestamp":1475179171.7574303,"message":"hm9000.heartbeat.sending","log_level":"debug","source":"Dea::Bootstrap","data":{"destination":"https://listener-hm9000.service.cf.internal:5335/dea/heartbeat"},"thread_id":47241037142420,"fiber_id":47241050325380,"process_id":6941,"file":"/var/vcap/packages/dea_next/lib/dea/utils/hm9000.rb","lineno":29,"method":"send_heartbeat"}

2016-09-29T19:59:36.972640+00:00 fc52b791-0068-48d0-b63d-a9600b8fa32e - - - [NXLOG@14506 bosh_deployment="cf-warden" bosh_job_name="runner_z1" bosh_job_index="0" filename="/var/vcap/data/sys/log/dea_next/dea_next.log"] {"timestamp":1475179171.7738059,"message":"hm9000.heartbeat.accepted","log_level":"debug","source":"Dea::Bootstrap","data":{},"thread_id":47241050153600,"fiber_id":47241049165100,"process_id":6941,"file":"/var/vcap/packages/dea_next/lib/dea/utils/hm9000.rb","lineno":49,"method":"handle_http_response"}

2016-09-29T19:59:36.972693+00:00 fc52b791-0068-48d0-b63d-a9600b8fa32e - - - [NXLOG@14506 bosh_deployment="cf-warden" bosh_job_name="runner_z1" bosh_job_index="0" filename="/var/vcap/data/sys/log/dea_next/dea_next.log"] {"timestamp":1475179176.1364357,"message":"Reaping orphaned containers","log_level":"debug","source":"Dea::Bootstrap","data":{},"thread_id":47241037142420,"fiber_id":47241050325380,"process_id":6941,"file":"/var/vcap/packages/dea_next/lib/dea/bootstrap.rb","lineno":236,"method":"reap_orphaned_containers"}

2016-09-29T19:59:37.100815+00:00 f0562343-642f-42d4-aca5-293abe675815 - - - [NXLOG@14506 bosh_deployment="cf-warden" bosh_job_name="blobstore_z1" bosh_job_index="0" filename="/var/vcap/data/sys/log/route_registrar/route_registrar.stdout.log"] {"timestamp":"1475179168.512998819","source":"Route Registrar","message":"Route Registrar.no healthchecker found for route","log_level":1,"data":{"route":{"Name":"blobstore","Port":80,"Tags":{"component":"blobstore"},"URIs":["blobstore.bosh-lite.com"],"RouteServiceUrl":"","RegistrationInterval":20000000000,"HealthCheck":null}}}

2016-09-29T19:59:37.101582+00:00 f0562343-642f-42d4-aca5-293abe675815 - - - [NXLOG@14506 bosh_deployment="cf-warden" bosh_job_name="blobstore_z1" bosh_job_index="0" filename="/var/vcap/data/sys/log/route_registrar/route_registrar.stdout.log"] {"timestamp":"1475179168.513084650","source":"Route Registrar","message":"Route Registrar.Registering route","log_level":1,"data":{"route":{"Name":"blobstore","Port":80,"Tags":{"component":"blobstore"},"URIs":["blobstore.bosh-lite.com"],"RouteServiceUrl":"","RegistrationInterval":20000000000,"HealthCheck":null}}}

2016-09-29T19:59:37.102008+00:00 f0562343-642f-42d4-aca5-293abe675815 - - - [NXLOG@14506 bosh_deployment="cf-warden" bosh_job_name="blobstore_z1" bosh_job_index="0" filename="/var/vcap/data/sys/log/route_registrar/route_registrar.stdout.log"] {"timestamp":"1475179168.513158798","source":"Route Registrar","message":"Route Registrar.Registered routes successfully","log_level":1,"data":{}}

2016-09-29T19:59:37.102200+00:00 05bf1627-ae2f-400c-b1ce-31973a9ff23f - - - [NXLOG@14506 bosh_deployment="cf-warden" bosh_job_name="uaa_z1" bosh_job_index="0" filename="/var/vcap/data/sys/log/uaa/localhost_access.log"] 127.0.0.1 - - [29/Sep/2016:19:59:18 +0000] "GET /healthz HTTP/1.1" 200 3

2016-09-29T19:59:37.102274+00:00 05bf1627-ae2f-400c-b1ce-31973a9ff23f - - - [NXLOG@14506 bosh_deployment="cf-warden" bosh_job_name="uaa_z1" bosh_job_index="0" filename="/var/vcap/data/sys/log/uaa/localhost_access.log"] 127.0.0.1 - - [29/Sep/2016:19:59:20 +0000] "GET /healthz HTTP/1.1" 200 3

2016-09-29T19:59:37.102323+00:00 05bf1627-ae2f-400c-b1ce-31973a9ff23f - - - [NXLOG@14506 bosh_deployment="cf-warden" bosh_job_name="uaa_z1" bosh_job_index="0" filename="/var/vcap/data/sys/log/uaa/localhost_access.log"] 127.0.0.1 - - [29/Sep/2016:19:59:22 +0000] "GET /healthz HTTP/1.1" 200 3

2016-09-29T19:59:37.102404+00:00 05bf1627-ae2f-400c-b1ce-31973a9ff23f - - - [NXLOG@14506 bosh_deployment="cf-warden" bosh_job_name="uaa_z1" bosh_job_index="0" filename="/var/vcap/data/sys/log/uaa/localhost_access.log"] 127.0.0.1 - - [29/Sep/2016:19:59:26 +0000] "GET /healthz HTTP/1.1" 200 3

2016-09-29T19:59:37.102445+00:00 05bf1627-ae2f-400c-b1ce-31973a9ff23f - - - [NXLOG@14506 bosh_deployment="cf-warden" bosh_job_name="uaa_z1" bosh_job_index="0" filename="/var/vcap/data/sys/log/route_registrar/route_registrar.stdout.log"] {"timestamp":"1475179170.808230877","source":"Route Registrar","message":"Route Registrar.Executing script","log_level":1,"data":{"scriptPath":"/var/vcap/jobs/uaa/bin/health_check"}}

2016-09-29T19:59:37.102499+00:00 05bf1627-ae2f-400c-b1ce-31973a9ff23f - - - [NXLOG@14506 bosh_deployment="cf-warden" bosh_job_name="uaa_z1" bosh_job_index="0" filename="/var/vcap/data/sys/log/route_registrar/route_registrar.stdout.log"] {"timestamp":"1475179170.819859743","source":"Route Registrar","message":"Route Registrar.Script exited without error","log_level":1,"data":{"script":"/var/vcap/jobs/uaa/bin/health_check","stderr":"  % Total    % Received % Xferd  Average Speed   Time    Time     Time  Current\n                                 Dload  Upload   Total   Spent    Left  Speed\n\r  0     0    0     0    0     0      0      0 --:--:-- --:--:-- --:--:--     0\r100     3  100     3    0     0   2380      0 --:--:-- --:--:-- --:--:--  3000\n","stdout":""}}

2016-09-29T19:59:37.102630+00:00 05bf1627-ae2f-400c-b1ce-31973a9ff23f - - - [NXLOG@14506 bosh_deployment="cf-warden" bosh_job_name="uaa_z1" bosh_job_index="0" filename="/var/vcap/data/sys/log/route_registrar/route_registrar.stdout.log"] {"timestamp":"1475179170.819938660","source":"Route Registrar","message":"Route Registrar.healthchecker returned healthy for route","log_level":1,"data":{"route":{"Name":"uaa","Port":8080,"Tags":{"component":"uaa"},"URIs":["uaa.bosh-lite.com","*.uaa.bosh-lite.com","login.bosh-lite.com","*.login.bosh-lite.com"],"RouteServiceUrl":"","RegistrationInterval":4000000000,"HealthCheck":{"Name":"uaa-healthcheck","ScriptPath":"/var/vcap/jobs/uaa/bin/health_check","Timeout":2000000000}}}}

2016-09-29T19:59:37.102662+00:00 05bf1627-ae2f-400c-b1ce-31973a9ff23f - - - [NXLOG@14506 bosh_deployment="cf-warden" bosh_job_name="uaa_z1" bosh_job_index="0" filename="/var/vcap/data/sys/log/route_registrar/route_registrar.stdout.log"] {"timestamp":"1475179170.819951534","source":"Route Registrar","message":"Route Registrar.Registering route","log_level":1,"data":{"route":{"Name":"uaa","Port":8080,"Tags":{"component":"uaa"},"URIs":["uaa.bosh-lite.com","*.uaa.bosh-lite.com","login.bosh-lite.com","*.login.bosh-lite.com"],"RouteServiceUrl":"","RegistrationInterval":4000000000,"HealthCheck":{"Name":"uaa-healthcheck","ScriptPath":"/var/vcap/jobs/uaa/bin/health_check","Timeout":2000000000}}}}

2016-09-29T19:59:37.102689+00:00 05bf1627-ae2f-400c-b1ce-31973a9ff23f - - - [NXLOG@14506 bosh_deployment="cf-warden" bosh_job_name="uaa_z1" bosh_job_index="0" filename="/var/vcap/data/sys/log/route_registrar/route_registrar.stdout.log"] {"timestamp":"1475179170.820026398","source":"Route Registrar","message":"Route Registrar.Registered routes successfully","log_level":1,"data":{}}

2016-09-29T19:59:37.102716+00:00 05bf1627-ae2f-400c-b1ce-31973a9ff23f - - - [NXLOG@14506 bosh_deployment="cf-warden" bosh_job_name="uaa_z1" bosh_job_index="0" filename="/var/vcap/data/sys/log/route_registrar/route_registrar.stdout.log"] {"timestamp":"1475179174.808304310","source":"Route Registrar","message":"Route Registrar.Executing script","log_level":1,"data":{"scriptPath":"/var/vcap/jobs/uaa/bin/health_check"}}

2016-09-29T19:59:37.102743+00:00 05bf1627-ae2f-400c-b1ce-31973a9ff23f - - - [NXLOG@14506 bosh_deployment="cf-warden" bosh_job_name="uaa_z1" bosh_job_index="0" filename="/var/vcap/data/sys/log/route_registrar/route_registrar.stdout.log"] {"timestamp":"1475179174.819751740","source":"Route Registrar","message":"Route Registrar.Script exited without error","log_level":1,"data":{"script":"/var/vcap/jobs/uaa/bin/health_check","stderr":"  % Total    % Received % Xferd  Average Speed   Time    Time     Time  Current\n                                 Dload  Upload   Total   Spent    Left  Speed\n\r  0     0    0     0    0     0      0      0 --:--:-- --:--:-- --:--:--     0\r100     3  100     3    0     0   1405      0 --:--:-- --:--:-- --:--:--  3000\n","stdout":""}}

2016-09-29T19:59:37.102774+00:00 05bf1627-ae2f-400c-b1ce-31973a9ff23f - - - [NXLOG@14506 bosh_deployment="cf-warden" bosh_job_name="uaa_z1" bosh_job_index="0" filename="/var/vcap/data/sys/log/route_registrar/route_registrar.stdout.log"] {"timestamp":"1475179174.819786310","source":"Route Registrar","message":"Route Registrar.healthchecker returned healthy for route","log_level":1,"data":{"route":{"Name":"uaa","Port":8080,"Tags":{"component":"uaa"},"URIs":["uaa.bosh-lite.com","*.uaa.bosh-lite.com","login.bosh-lite.com","*.login.bosh-lite.com"],"RouteServiceUrl":"","RegistrationInterval":4000000000,"HealthCheck":{"Name":"uaa-healthcheck","ScriptPath":"/var/vcap/jobs/uaa/bin/health_check","Timeout":2000000000}}}}

2016-09-29T19:59:37.102802+00:00 05bf1627-ae2f-400c-b1ce-31973a9ff23f - - - [NXLOG@14506 bosh_deployment="cf-warden" bosh_job_name="uaa_z1" bosh_job_index="0" filename="/var/vcap/data/sys/log/route_registrar/route_registrar.stdout.log"] {"timestamp":"1475179174.819914579","source":"Route Registrar","message":"Route Registrar.Registering route","log_level":1,"data":{"route":{"Name":"uaa","Port":8080,"Tags":{"component":"uaa"},"URIs":["uaa.bosh-lite.com","*.uaa.bosh-lite.com","login.bosh-lite.com","*.login.bosh-lite.com"],"RouteServiceUrl":"","RegistrationInterval":4000000000,"HealthCheck":{"Name":"uaa-healthcheck","ScriptPath":"/var/vcap/jobs/uaa/bin/health_check","Timeout":2000000000}}}}

2016-09-29T19:59:37.102830+00:00 05bf1627-ae2f-400c-b1ce-31973a9ff23f - - - [NXLOG@14506 bosh_deployment="cf-warden" bosh_job_name="uaa_z1" bosh_job_index="0" filename="/var/vcap/data/sys/log/route_registrar/route_registrar.stdout.log"] {"timestamp":"1475179174.819990873","source":"Route Registrar","message":"Route Registrar.Registered routes successfully","log_level":1,"data":{}}

2016-09-29T19:59:37.102867+00:00 05bf1627-ae2f-400c-b1ce-31973a9ff23f - - - [NXLOG@14506 bosh_deployment="cf-warden" bosh_job_name="uaa_z1" bosh_job_index="0" filename="/var/vcap/data/sys/log/uaa/uaa.log"] [2016-09-29 19:59:30.606] uaa - 19013 [http-nio-127.0.0.1-8989-exec-3] .... DEBUG --- AntPathRequestMatcher: Checking match of request : '/healthz'; against '/resources/**'

2016-09-29T19:59:37.102928+00:00 05bf1627-ae2f-400c-b1ce-31973a9ff23f - - - [NXLOG@14506 bosh_deployment="cf-warden" bosh_job_name="uaa_z1" bosh_job_index="0" filename="/var/vcap/data/sys/log/uaa/uaa.log"] [2016-09-29 19:59:30.606] uaa - 19013 [http-nio-127.0.0.1-8989-exec-3] .... DEBUG --- AntPathRequestMatcher: Checking match of request : '/healthz'; against '/square-logo.png'

2016-09-29T19:59:37.102980+00:00 05bf1627-ae2f-400c-b1ce-31973a9ff23f - - - [NXLOG@14506 bosh_deployment="cf-warden" bosh_job_name="uaa_z1" bosh_job_index="0" filename="/var/vcap/data/sys/log/uaa/uaa.log"] [2016-09-29 19:59:30.606] uaa - 19013 [http-nio-127.0.0.1-8989-exec-3] .... DEBUG --- AntPathRequestMatcher: Checking match of request : '/healthz'; against '/info'

2016-09-29T19:59:37.103014+00:00 05bf1627-ae2f-400c-b1ce-31973a9ff23f - - - [NXLOG@14506 bosh_deployment="cf-warden" bosh_job_name="uaa_z1" bosh_job_index="0" filename="/var/vcap/data/sys/log/uaa/uaa.log"] [2016-09-29 19:59:30.606] uaa - 19013 [http-nio-127.0.0.1-8989-exec-3] .... DEBUG --- AntPathRequestMatcher: Checking match of request : '/healthz'; against '/password/**'

2016-09-29T19:59:37.103030+00:00 05bf1627-ae2f-400c-b1ce-31973a9ff23f - - - [NXLOG@14506 bosh_deployment="cf-warden" bosh_job_name="uaa_z1" bosh_job_index="0" filename="/var/vcap/data/sys/log/uaa/uaa.log"] [2016-09-29 19:59:30.606] uaa - 19013 [http-nio-127.0.0.1-8989-exec-3] .... DEBUG --- AntPathRequestMatcher: Checking match of request : '/healthz'; against '/healthz/**'

2016-09-29T19:59:37.102656+00:00 152ab062-1f32-4789-910a-13bdc79651b2 - - - [NXLOG@14506 bosh_deployment="cf-warden" bosh_job_name="hm9000_z1" bosh_job_index="0" filename="/var/vcap/data/sys/log/hm9000/hm9000_listener.log"] {"timestamp":"1475179171.772223234","source":"listener","message":"listener.Received a heartbeat","log_level":1,"data":{"Heartbeats Pending Save":"1"}}

2016-09-29T19:59:37.102770+00:00 152ab062-1f32-4789-910a-13bdc79651b2 - - - [NXLOG@14506 bosh_deployment="cf-warden" bosh_job_name="hm9000_z1" bosh_job_index="0" filename="/var/vcap/data/sys/log/hm9000/hm9000_listener.log"] {"timestamp":"1475179171.815903902","source":"listener","message":"listener.Saving Heartbeats","log_level":1,"data":{"Heartbeats to Save":"1"}}

2016-09-29T19:59:37.102859+00:00 152ab062-1f32-4789-910a-13bdc79651b2 - - - [NXLOG@14506 bosh_deployment="cf-warden" bosh_job_name="hm9000_z1" bosh_job_index="0" filename="/var/vcap/data/sys/log/hm9000/hm9000_listener.log"] {"timestamp":"1475179171.823433638","source":"listener","message":"listener.Bumped freshness","log_level":1,"data":{}}

2016-09-29T19:59:37.103051+00:00 152ab062-1f32-4789-910a-13bdc79651b2 - - - [NXLOG@14506 bosh_deployment="cf-warden" bosh_job_name="hm9000_z1" bosh_job_index="0" filename="/var/vcap/data/sys/log/hm9000/hm9000_listener.log"] {"timestamp":"1475179171.823457956","source":"listener","message":"listener.Saved Heartbeats","log_level":1,"data":{"Duration":"7.362268ms","Heartbeats to Save":"1"}}

2016-09-29T19:59:37.103955+00:00 05bf1627-ae2f-400c-b1ce-31973a9ff23f - - - [NXLOG@14506 bosh_deployment="cf-warden" bosh_job_name="uaa_z1" bosh_job_index="0" filename="/var/vcap/data/sys/log/uaa/uaa.log"] [2016-09-29 19:59:30.606] uaa - 19013 [http-nio-127.0.0.1-8989-exec-3] .... DEBUG --- FilterChainProxy: /healthz has an empty filter list

2016-09-29T19:59:37.104156+00:00 05bf1627-ae2f-400c-b1ce-31973a9ff23f - - - [NXLOG@14506 bosh_deployment="cf-warden" bosh_job_name="uaa_z1" bosh_job_index="0" filename="/var/vcap/data/sys/log/uaa/uaa.log"] [2016-09-29 19:59:30.606] uaa - 19013 [http-nio-127.0.0.1-8989-exec-3] .... DEBUG --- DispatcherServlet: DispatcherServlet with name 'spring' processing GET request for [/healthz]

2016-09-29T19:59:37.104181+00:00 05bf1627-ae2f-400c-b1ce-31973a9ff23f - - - [NXLOG@14506 bosh_deployment="cf-warden" bosh_job_name="uaa_z1" bosh_job_index="0" filename="/var/vcap/data/sys/log/uaa/uaa.log"] [2016-09-29 19:59:30.606] uaa - 19013 [http-nio-127.0.0.1-8989-exec-3] .... DEBUG --- DispatcherServlet: Last-Modified value for [/healthz] is: -1

2016-09-29T19:59:37.104215+00:00 05bf1627-ae2f-400c-b1ce-31973a9ff23f - - - [NXLOG@14506 bosh_deployment="cf-warden" bosh_job_name="uaa_z1" bosh_job_index="0" filename="/var/vcap/data/sys/log/uaa/uaa.log"] [2016-09-29 19:59:30.607] uaa - 19013 [http-nio-127.0.0.1-8989-exec-3] .... DEBUG --- RequestResponseBodyMethodProcessor: Written [ok

2016-09-29T19:59:37.104232+00:00 05bf1627-ae2f-400c-b1ce-31973a9ff23f - - - [NXLOG@14506 bosh_deployment="cf-warden" bosh_job_name="uaa_z1" bosh_job_index="0" filename="/var/vcap/data/sys/log/uaa/uaa.log"] ] as "text/plain;charset=ISO-8859-1" using [org.springframework.http.converter.StringHttpMessageConverter@178b2baf]

2016-09-29T19:59:37.104265+00:00 05bf1627-ae2f-400c-b1ce-31973a9ff23f - - - [NXLOG@14506 bosh_deployment="cf-warden" bosh_job_name="uaa_z1" bosh_job_index="0" filename="/var/vcap/data/sys/log/uaa/uaa.log"] [2016-09-29 19:59:30.607] uaa - 19013 [http-nio-127.0.0.1-8989-exec-3] .... DEBUG --- DispatcherServlet: Null ModelAndView returned to DispatcherServlet with name 'spring': assuming HandlerAdapter completed request handling

2016-09-29T19:59:37.104335+00:00 05bf1627-ae2f-400c-b1ce-31973a9ff23f - - - [NXLOG@14506 bosh_deployment="cf-warden" bosh_job_name="uaa_z1" bosh_job_index="0" filename="/var/vcap/data/sys/log/uaa/uaa.log"] [2016-09-29 19:59:30.607] uaa - 19013 [http-nio-127.0.0.1-8989-exec-3] .... DEBUG --- DispatcherServlet: Successfully completed request

2016-09-29T19:59:37.104353+00:00 05bf1627-ae2f-400c-b1ce-31973a9ff23f - - - [NXLOG@14506 bosh_deployment="cf-warden" bosh_job_name="uaa_z1" bosh_job_index="0" filename="/var/vcap/data/sys/log/uaa/uaa.log"] [2016-09-29 19:59:30.817] uaa - 19013 [http-nio-127.0.0.1-8989-exec-1] .... DEBUG --- AntPathRequestMatcher: Checking match of request : '/healthz'; against '/resources/**'

2016-09-29T19:59:37.104385+00:00 05bf1627-ae2f-400c-b1ce-31973a9ff23f - - - [NXLOG@14506 bosh_deployment="cf-warden" bosh_job_name="uaa_z1" bosh_job_index="0" filename="/var/vcap/data/sys/log/uaa/uaa.log"] [2016-09-29 19:59:30.817] uaa - 19013 [http-nio-127.0.0.1-8989-exec-1] .... DEBUG --- AntPathRequestMatcher: Checking match of request : '/healthz'; against '/square-logo.png'

2016-09-29T19:59:37.104461+00:00 05bf1627-ae2f-400c-b1ce-31973a9ff23f - - - [NXLOG@14506 bosh_deployment="cf-warden" bosh_job_name="uaa_z1" bosh_job_index="0" filename="/var/vcap/data/sys/log/uaa/uaa.log"] [2016-09-29 19:59:30.817] uaa - 19013 [http-nio-127.0.0.1-8989-exec-1] .... DEBUG --- AntPathRequestMatcher: Checking match of request : '/healthz'; against '/info'

2016-09-29T19:59:37.104481+00:00 05bf1627-ae2f-400c-b1ce-31973a9ff23f - - - [NXLOG@14506 bosh_deployment="cf-warden" bosh_job_name="uaa_z1" bosh_job_index="0" filename="/var/vcap/data/sys/log/uaa/uaa.log"] [2016-09-29 19:59:30.817] uaa - 19013 [http-nio-127.0.0.1-8989-exec-1] .... DEBUG --- AntPathRequestMatcher: Checking match of request : '/healthz'; against '/password/**'

2016-09-29T19:59:37.104495+00:00 05bf1627-ae2f-400c-b1ce-31973a9ff23f - - - [NXLOG@14506 bosh_deployment="cf-warden" bosh_job_name="uaa_z1" bosh_job_index="0" filename="/var/vcap/data/sys/log/uaa/uaa.log"] [2016-09-29 19:59:30.817] uaa - 19013 [http-nio-127.0.0.1-8989-exec-1] .... DEBUG --- AntPathRequestMatcher: Checking match of request : '/healthz'; against '/healthz/**'

2016-09-29T19:59:37.104548+00:00 05bf1627-ae2f-400c-b1ce-31973a9ff23f - - - [NXLOG@14506 bosh_deployment="cf-warden" bosh_job_name="uaa_z1" bosh_job_index="0" filename="/var/vcap/data/sys/log/uaa/uaa.log"] [2016-09-29 19:59:30.817] uaa - 19013 [http-nio-127.0.0.1-8989-exec-1] .... DEBUG --- FilterChainProxy: /healthz has an empty filter list

2016-09-29T19:59:37.104592+00:00 05bf1627-ae2f-400c-b1ce-31973a9ff23f - - - [NXLOG@14506 bosh_deployment="cf-warden" bosh_job_name="uaa_z1" bosh_job_index="0" filename="/var/vcap/data/sys/log/uaa/uaa.log"] [2016-09-29 19:59:30.817] uaa - 19013 [http-nio-127.0.0.1-8989-exec-1] .... DEBUG --- DispatcherServlet: DispatcherServlet with name 'spring' processing GET request for [/healthz]

2016-09-29T19:59:37.104630+00:00 05bf1627-ae2f-400c-b1ce-31973a9ff23f - - - [NXLOG@14506 bosh_deployment="cf-warden" bosh_job_name="uaa_z1" bosh_job_index="0" filename="/var/vcap/data/sys/log/uaa/uaa.log"] [2016-09-29 19:59:30.818] uaa - 19013 [http-nio-127.0.0.1-8989-exec-1] .... DEBUG --- DispatcherServlet: Last-Modified value for [/healthz] is: -1

2016-09-29T19:59:37.104647+00:00 05bf1627-ae2f-400c-b1ce-31973a9ff23f - - - [NXLOG@14506 bosh_deployment="cf-warden" bosh_job_name="uaa_z1" bosh_job_index="0" filename="/var/vcap/data/sys/log/uaa/uaa.log"] [2016-09-29 19:59:30.818] uaa - 19013 [http-nio-127.0.0.1-8989-exec-1] .... DEBUG --- RequestResponseBodyMethodProcessor: Written [ok

2016-09-29T19:59:37.104677+00:00 05bf1627-ae2f-400c-b1ce-31973a9ff23f - - - [NXLOG@14506 bosh_deployment="cf-warden" bosh_job_name="uaa_z1" bosh_job_index="0" filename="/var/vcap/data/sys/log/uaa/uaa.log"] ] as "text/plain;charset=ISO-8859-1" using [org.springframework.http.converter.StringHttpMessageConverter@178b2baf]

2016-09-29T19:59:37.104734+00:00 05bf1627-ae2f-400c-b1ce-31973a9ff23f - - - [NXLOG@14506 bosh_deployment="cf-warden" bosh_job_name="uaa_z1" bosh_job_index="0" filename="/var/vcap/data/sys/log/uaa/uaa.log"] [2016-09-29 19:59:30.818] uaa - 19013 [http-nio-127.0.0.1-8989-exec-1] .... DEBUG --- DispatcherServlet: Null ModelAndView returned to DispatcherServlet with name 'spring': assuming HandlerAdapter completed request handling

2016-09-29T19:59:37.104751+00:00 05bf1627-ae2f-400c-b1ce-31973a9ff23f - - - [NXLOG@14506 bosh_deployment="cf-warden" bosh_job_name="uaa_z1" bosh_job_index="0" filename="/var/vcap/data/sys/log/uaa/uaa.log"] [2016-09-29 19:59:30.818] uaa - 19013 [http-nio-127.0.0.1-8989-exec-1] .... DEBUG --- DispatcherServlet: Successfully completed request

2016-09-29T19:59:37.104768+00:00 05bf1627-ae2f-400c-b1ce-31973a9ff23f - - - [NXLOG@14506 bosh_deployment="cf-warden" bosh_job_name="uaa_z1" bosh_job_index="0" filename="/var/vcap/data/sys/log/uaa/uaa.log"] [2016-09-29 19:59:31.156] uaa - 19013 [pool-2-thread-1] .... DEBUG --- JdbcTemplate: Executing SQL query [select count(*) from oauth_client_details]

2016-09-29T19:59:37.104798+00:00 05bf1627-ae2f-400c-b1ce-31973a9ff23f - - - [NXLOG@14506 bosh_deployment="cf-warden" bosh_job_name="uaa_z1" bosh_job_index="0" filename="/var/vcap/data/sys/log/uaa/uaa.log"] [2016-09-29 19:59:31.159] uaa - 19013 [pool-2-thread-1] .... DEBUG --- JdbcTemplate: Executing SQL query [select count(*) from users]

2016-09-29T19:59:37.105097+00:00 05bf1627-ae2f-400c-b1ce-31973a9ff23f - - - [NXLOG@14506 bosh_deployment="cf-warden" bosh_job_name="uaa_z1" bosh_job_index="0" filename="/var/vcap/data/sys/log/uaa/uaa.log"] [2016-09-29 19:59:34.817] uaa - 19013 [http-nio-127.0.0.1-8989-exec-6] .... DEBUG --- AntPathRequestMatcher: Checking match of request : '/healthz'; against '/resources/**'

2016-09-29T19:59:37.105249+00:00 05bf1627-ae2f-400c-b1ce-31973a9ff23f - - - [NXLOG@14506 bosh_deployment="cf-warden" bosh_job_name="uaa_z1" bosh_job_index="0" filename="/var/vcap/data/sys/log/uaa/uaa.log"] [2016-09-29 19:59:34.817] uaa - 19013 [http-nio-127.0.0.1-8989-exec-6] .... DEBUG --- AntPathRequestMatcher: Checking match of request : '/healthz'; against '/square-logo.png'

2016-09-29T19:59:37.105272+00:00 05bf1627-ae2f-400c-b1ce-31973a9ff23f - - - [NXLOG@14506 bosh_deployment="cf-warden" bosh_job_name="uaa_z1" bosh_job_index="0" filename="/var/vcap/data/sys/log/uaa/uaa.log"] [2016-09-29 19:59:34.817] uaa - 19013 [http-nio-127.0.0.1-8989-exec-6] .... DEBUG --- AntPathRequestMatcher: Checking match of request : '/healthz'; against '/info'

2016-09-29T19:59:37.105337+00:00 05bf1627-ae2f-400c-b1ce-31973a9ff23f - - - [NXLOG@14506 bosh_deployment="cf-warden" bosh_job_name="uaa_z1" bosh_job_index="0" filename="/var/vcap/data/sys/log/uaa/uaa.log"] [2016-09-29 19:59:34.817] uaa - 19013 [http-nio-127.0.0.1-8989-exec-6] .... DEBUG --- AntPathRequestMatcher: Checking match of request : '/healthz'; against '/password/**'

2016-09-29T19:59:37.105408+00:00 05bf1627-ae2f-400c-b1ce-31973a9ff23f - - - [NXLOG@14506 bosh_deployment="cf-warden" bosh_job_name="uaa_z1" bosh_job_index="0" filename="/var/vcap/data/sys/log/uaa/uaa.log"] [2016-09-29 19:59:34.817] uaa - 19013 [http-nio-127.0.0.1-8989-exec-6] .... DEBUG --- AntPathRequestMatcher: Checking match of request : '/healthz'; against '/healthz/**'

2016-09-29T19:59:37.105427+00:00 05bf1627-ae2f-400c-b1ce-31973a9ff23f - - - [NXLOG@14506 bosh_deployment="cf-warden" bosh_job_name="uaa_z1" bosh_job_index="0" filename="/var/vcap/data/sys/log/uaa/uaa.log"] [2016-09-29 19:59:34.817] uaa - 19013 [http-nio-127.0.0.1-8989-exec-6] .... DEBUG --- FilterChainProxy: /healthz has an empty filter list

2016-09-29T19:59:37.105437+00:00 05bf1627-ae2f-400c-b1ce-31973a9ff23f - - - [NXLOG@14506 bosh_deployment="cf-warden" bosh_job_name="uaa_z1" bosh_job_index="0" filename="/var/vcap/data/sys/log/uaa/uaa.log"] [2016-09-29 19:59:34.818] uaa - 19013 [http-nio-127.0.0.1-8989-exec-6] .... DEBUG --- DispatcherServlet: DispatcherServlet with name 'spring' processing GET request for [/healthz]

2016-09-29T19:59:37.105477+00:00 05bf1627-ae2f-400c-b1ce-31973a9ff23f - - - [NXLOG@14506 bosh_deployment="cf-warden" bosh_job_name="uaa_z1" bosh_job_index="0" filename="/var/vcap/data/sys/log/uaa/uaa.log"] [2016-09-29 19:59:34.818] uaa - 19013 [http-nio-127.0.0.1-8989-exec-6] .... DEBUG --- DispatcherServlet: Last-Modified value for [/healthz] is: -1

2016-09-29T19:59:37.105518+00:00 05bf1627-ae2f-400c-b1ce-31973a9ff23f - - - [NXLOG@14506 bosh_deployment="cf-warden" bosh_job_name="uaa_z1" bosh_job_index="0" filename="/var/vcap/data/sys/log/uaa/uaa.log"] [2016-09-29 19:59:34.818] uaa - 19013 [http-nio-127.0.0.1-8989-exec-6] .... DEBUG --- RequestResponseBodyMethodProcessor: Written [ok

2016-09-29T19:59:37.105531+00:00 05bf1627-ae2f-400c-b1ce-31973a9ff23f - - - [NXLOG@14506 bosh_deployment="cf-warden" bosh_job_name="uaa_z1" bosh_job_index="0" filename="/var/vcap/data/sys/log/uaa/uaa.log"] ] as "text/plain;charset=ISO-8859-1" using [org.springframework.http.converter.StringHttpMessageConverter@178b2baf]

2016-09-29T19:59:37.105541+00:00 05bf1627-ae2f-400c-b1ce-31973a9ff23f - - - [NXLOG@14506 bosh_deployment="cf-warden" bosh_job_name="uaa_z1" bosh_job_index="0" filename="/var/vcap/data/sys/log/uaa/uaa.log"] [2016-09-29 19:59:34.818] uaa - 19013 [http-nio-127.0.0.1-8989-exec-6] .... DEBUG --- DispatcherServlet: Null ModelAndView returned to DispatcherServlet with name 'spring': assuming HandlerAdapter completed request handling

2016-09-29T19:59:37.105550+00:00 05bf1627-ae2f-400c-b1ce-31973a9ff23f - - - [NXLOG@14506 bosh_deployment="cf-warden" bosh_job_name="uaa_z1" bosh_job_index="0" filename="/var/vcap/data/sys/log/uaa/uaa.log"] [2016-09-29 19:59:34.818] uaa - 19013 [http-nio-127.0.0.1-8989-exec-6] .... DEBUG --- DispatcherServlet: Successfully completed request

2016-09-29T19:59:37.105559+00:00 05bf1627-ae2f-400c-b1ce-31973a9ff23f - - - [NXLOG@14506 bosh_deployment="cf-warden" bosh_job_name="uaa_z1" bosh_job_index="0" filename="/var/vcap/data/sys/log/uaa/uaa.log"] [2016-09-29 19:59:36.156] uaa - 19013 [pool-2-thread-1] .... DEBUG --- JdbcTemplate: Executing SQL query [select count(*) from oauth_client_details]

2016-09-29T19:59:37.105567+00:00 05bf1627-ae2f-400c-b1ce-31973a9ff23f - - - [NXLOG@14506 bosh_deployment="cf-warden" bosh_job_name="uaa_z1" bosh_job_index="0" filename="/var/vcap/data/sys/log/uaa/uaa.log"] [2016-09-29 19:59:36.157] uaa - 19013 [pool-2-thread-1] .... DEBUG --- JdbcTemplate: Executing SQL query [select count(*) from users]

2016-09-29T19:59:37.118185+00:00 b0fa19c0-86de-4447-a670-3f7adbd0b3c1 - - - [NXLOG@14506 bosh_deployment="cf-warden" bosh_job_name="api_z1" bosh_job_index="0" filename="/var/vcap/data/sys/log/cloud_controller_worker/cloud_controller_worker.log"] {"timestamp":1475179171.0022538,"message":"(0.001237s) SELECT * FROM \"delayed_jobs\" WHERE ((((\"run_at\" <= '2016-09-29 19:59:31.000229+0000') AND (\"locked_at\" IS NULL)) OR (\"locked_by\" = 'cc_global_worker.api_z1.0.1')) AND (\"failed_at\" IS NULL) AND (\"queue\" IN ('cc-generic'))) ORDER BY \"priority\" ASC, \"run_at\" ASC LIMIT 5","log_level":"debug2","source":"cc.background","data":{},"thread_id":47193737007380,"fiber_id":47193773841900,"process_id":15807,"file":"/var/vcap/packages/cloud_controller_ng/cloud_controller_ng/vendor/bundle/ruby/2.3.0/gems/sequel-4.29.0/lib/sequel/database/logging.rb","lineno":70,"method":"block in log_each"}

2016-09-29T19:59:37.118343+00:00 b0fa19c0-86de-4447-a670-3f7adbd0b3c1 - - - [NXLOG@14506 bosh_deployment="cf-warden" bosh_job_name="api_z1" bosh_job_index="0" filename="/var/vcap/data/sys/log/cloud_controller_worker/cloud_controller_worker.log"] {"timestamp":1475179171.007286,"message":"(0.002898s) UPDATE \"delayed_jobs\" SET \"locked_at\" = '2016-09-29 19:59:31.003269+0000', \"locked_by\" = 'cc_global_worker.api_z1.0.1' WHERE ((((\"run_at\" <= '2016-09-29 19:59:31.003378+0000') AND (\"locked_at\" IS NULL)) OR (\"locked_by\" = 'cc_global_worker.api_z1.0.1')) AND (\"failed_at\" IS NULL) AND (\"id\" = 584))","log_level":"debug2","source":"cc.background","data":{},"thread_id":47193737007380,"fiber_id":47193773841900,"process_id":15807,"file":"/var/vcap/packages/cloud_controller_ng/cloud_controller_ng/vendor/bundle/ruby/2.3.0/gems/sequel-4.29.0/lib/sequel/database/logging.rb","lineno":70,"method":"block in log_each"}

2016-09-29T19:59:37.118493+00:00 b0fa19c0-86de-4447-a670-3f7adbd0b3c1 - - - [NXLOG@14506 bosh_deployment="cf-warden" bosh_job_name="api_z1" bosh_job_index="0" filename="/var/vcap/data/sys/log/cloud_controller_worker/cloud_controller_worker.log"] {"timestamp":1475179171.013523,"message":"(0.000502s) UPDATE \"apps\" SET \"package_state\" = 'FAILED', \"staging_failed_reason\" = 'StagingTimeExpired', \"package_pending_since\" = NULL WHERE (package_pending_since < CURRENT_TIMESTAMP - INTERVAL '1200' SECOND)","log_level":"debug2","source":"cc.background","data":{},"thread_id":47193737007380,"fiber_id":47193773841900,"process_id":15807,"file":"/var/vcap/packages/cloud_controller_ng/cloud_controller_ng/vendor/bundle/ruby/2.3.0/gems/sequel-4.29.0/lib/sequel/database/logging.rb","lineno":70,"method":"block in log_each"}

2016-09-29T19:59:37.118781+00:00 b0fa19c0-86de-4447-a670-3f7adbd0b3c1 - - - [NXLOG@14506 bosh_deployment="cf-warden" bosh_job_name="api_z1" bosh_job_index="0" filename="/var/vcap/data/sys/log/cloud_controller_worker/cloud_controller_worker.log"] {"timestamp":1475179171.0143042,"message":"(0.000130s) BEGIN","log_level":"debug2","source":"cc.background","data":{},"thread_id":47193737007380,"fiber_id":47193773841900,"process_id":15807,"file":"/var/vcap/packages/cloud_controller_ng/cloud_controller_ng/vendor/bundle/ruby/2.3.0/gems/sequel-4.29.0/lib/sequel/database/logging.rb","lineno":70,"method":"block in log_each"}

2016-09-29T19:59:37.118906+00:00 b0fa19c0-86de-4447-a670-3f7adbd0b3c1 - - - [NXLOG@14506 bosh_deployment="cf-warden" bosh_job_name="api_z1" bosh_job_index="0" filename="/var/vcap/data/sys/log/cloud_controller_worker/cloud_controller_worker.log"] {"timestamp":1475179171.0148768,"message":"(0.000214s) DELETE FROM \"delayed_jobs\" WHERE \"id\" = 584","log_level":"debug2","source":"cc.background","data":{},"thread_id":47193737007380,"fiber_id":47193773841900,"process_id":15807,"file":"/var/vcap/packages/cloud_controller_ng/cloud_controller_ng/vendor/bundle/ruby/2.3.0/gems/sequel-4.29.0/lib/sequel/database/logging.rb","lineno":70,"method":"block in log_each"}

2016-09-29T19:59:37.119588+00:00 b0fa19c0-86de-4447-a670-3f7adbd0b3c1 - - - [NXLOG@14506 bosh_deployment="cf-warden" bosh_job_name="api_z1" bosh_job_index="0" filename="/var/vcap/data/sys/log/cloud_controller_worker/cloud_controller_worker.log"] {"timestamp":1475179171.0163798,"message":"(0.001245s) COMMIT","log_level":"debug2","source":"cc.background","data":{},"thread_id":47193737007380,"fiber_id":47193773841900,"process_id":15807,"file":"/var/vcap/packages/cloud_controller_ng/cloud_controller_ng/vendor/bundle/ruby/2.3.0/gems/sequel-4.29.0/lib/sequel/database/logging.rb","lineno":70,"method":"block in log_each"}

2016-09-29T19:59:37.121625+00:00 b0fa19c0-86de-4447-a670-3f7adbd0b3c1 - - - [NXLOG@14506 bosh_deployment="cf-warden" bosh_job_name="api_z1" bosh_job_index="0" filename="/var/vcap/data/sys/log/cloud_controller_worker/cloud_controller_worker.log"] {"timestamp":1475179171.0176115,"message":"(0.000382s) SELECT * FROM \"delayed_jobs\" WHERE ((((\"run_at\" <= '2016-09-29 19:59:31.016596+0000') AND (\"locked_at\" IS NULL)) OR (\"locked_by\" = 'cc_global_worker.api_z1.0.1')) AND (\"failed_at\" IS NULL) AND (\"queue\" IN ('cc-generic'))) ORDER BY \"priority\" ASC, \"run_at\" ASC LIMIT 5","log_level":"debug2","source":"cc.background","data":{},"thread_id":47193737007380,"fiber_id":47193773841900,"process_id":15807,"file":"/var/vcap/packages/cloud_controller_ng/cloud_controller_ng/vendor/bundle/ruby/2.3.0/gems/sequel-4.29.0/lib/sequel/database/logging.rb","lineno":70,"method":"block in log_each"}

2016-09-29T19:59:37.122129+00:00 b0fa19c0-86de-4447-a670-3f7adbd0b3c1 - - - [NXLOG@14506 bosh_deployment="cf-warden" bosh_job_name="api_z1" bosh_job_index="0" filename="/var/vcap/data/sys/log/cloud_controller_worker/cloud_controller_worker.log"] {"timestamp":1475179171.0195384,"message":"(0.000858s) SELECT * FROM \"delayed_jobs\" WHERE ((((\"run_at\" <= '2016-09-29 19:59:31.018123+0000') AND (\"locked_at\" IS NULL)) OR (\"locked_by\" = 'cc_global_worker.api_z1.0.1')) AND (\"failed_at\" IS NULL) AND (\"queue\" IN ('cc-generic'))) ORDER BY \"priority\" ASC, \"run_at\" ASC LIMIT 5","log_level":"debug2","source":"cc.background","data":{},"thread_id":47193737007380,"fiber_id":47193773841900,"process_id":15807,"file":"/var/vcap/packages/cloud_controller_ng/cloud_controller_ng/vendor/bundle/ruby/2.3.0/gems/sequel-4.29.0/lib/sequel/database/logging.rb","lineno":70,"method":"block in log_each"}

2016-09-29T19:59:37.122256+00:00 b0fa19c0-86de-4447-a670-3f7adbd0b3c1 - - - [NXLOG@14506 bosh_deployment="cf-warden" bosh_job_name="api_z1" bosh_job_index="0" filename="/var/vcap/data/sys/log/cloud_controller_worker/cloud_controller_worker.log"] {"timestamp":1475179176.045864,"message":"(0.000812s) SELECT * FROM \"delayed_jobs\" WHERE ((((\"run_at\" <= '2016-09-29 19:59:36.044523+0000') AND (\"locked_at\" IS NULL)) OR (\"locked_by\" = 'cc_global_worker.api_z1.0.1')) AND (\"failed_at\" IS NULL) AND (\"queue\" IN ('cc-generic'))) ORDER BY \"priority\" ASC, \"run_at\" ASC LIMIT 5","log_level":"debug2","source":"cc.background","data":{},"thread_id":47193737007380,"fiber_id":47193773841900,"process_id":15807,"file":"/var/vcap/packages/cloud_controller_ng/cloud_controller_ng/vendor/bundle/ruby/2.3.0/gems/sequel-4.29.0/lib/sequel/database/logging.rb","lineno":70,"method":"block in log_each"}

2016-09-29T19:59:37.122339+00:00 b0fa19c0-86de-4447-a670-3f7adbd0b3c1 - - - [NXLOG@14506 bosh_deployment="cf-warden" bosh_job_name="api_z1" bosh_job_index="0" filename="/var/vcap/data/sys/log/nginx_cc/nginx.access.log"] api.bosh-lite.com - [29/Sep/2016:19:59:30 +0000] "GET /v2/syslog_drain_urls?batch_size=1000 HTTP/1.1" 200 326 "-" "Go-http-client/1.1" 10.244.0.146, 10.244.0.34, 10.244.0.22 vcap_request_id:c15bd156-a9eb-4eb4-54de-16c917e8d0b4::ecb55797-893b-4e8d-a858-13087b8ab798 response_time:0.006

2016-09-29T19:59:37.122505+00:00 b0fa19c0-86de-4447-a670-3f7adbd0b3c1 - - - [NXLOG@14506 bosh_deployment="cf-warden" bosh_job_name="api_z1" bosh_job_index="0" filename="/var/vcap/data/sys/log/nginx_cc/nginx.access.log"] 10.244.0.138 - [29/Sep/2016:19:59:36 +0000] "GET /v2/info HTTP/1.1" 200 802 "-" "monit/5.2.5" 10.244.0.138 vcap_request_id:8d16d8c1-bf4d-4853-9123-2c8c3872f138 response_time:0.006

2016-09-29T19:59:37.122540+00:00 b0fa19c0-86de-4447-a670-3f7adbd0b3c1 - - - [NXLOG@14506 bosh_deployment="cf-warden" bosh_job_name="api_z1" bosh_job_index="0" filename="/var/vcap/data/sys/log/cloud_controller_ng/cloud_controller_ng.log"] {"timestamp":1475179167.4530153,"message":"(0.000652s) SELECT * FROM \"delayed_jobs\" WHERE ((((\"run_at\" <= '2016-09-29 19:59:27.451734+0000') AND (\"locked_at\" IS NULL)) OR (\"locked_by\" = 'cc_api_worker.api_z1.0.1')) AND (\"failed_at\" IS NULL) AND (\"queue\" IN ('cc-api_z1-0'))) ORDER BY \"priority\" ASC, \"run_at\" ASC LIMIT 5","log_level":"debug2","source":"cc.background","data":{},"thread_id":47452862460180,"fiber_id":47452899698480,"process_id":15587,"file":"/var/vcap/packages/cloud_controller_ng/cloud_controller_ng/vendor/bundle/ruby/2.3.0/gems/sequel-4.29.0/lib/sequel/database/logging.rb","lineno":70,"method":"block in log_each"}

2016-09-29T19:59:37.122648+00:00 b0fa19c0-86de-4447-a670-3f7adbd0b3c1 - - - [NXLOG@14506 bosh_deployment="cf-warden" bosh_job_name="api_z1" bosh_job_index="0" filename="/var/vcap/data/sys/log/cloud_controller_ng/cloud_controller_ng.log"] {"timestamp":1475179170.9176698,"message":"Statsd: cc.requests.outstanding:1|c","log_level":"debug","source":"statsd.client","data":{},"thread_id":47062185509080,"fiber_id":47062165012380,"process_id":15535,"file":"/var/vcap/packages/cloud_controller_ng/cloud_controller_ng/vendor/bundle/ruby/2.3.0/gems/statsd-ruby-1.2.1/lib/statsd.rb","lineno":254,"method":"send_to_socket"}

2016-09-29T19:59:37.122687+00:00 b0fa19c0-86de-4447-a670-3f7adbd0b3c1 - - - [NXLOG@14506 bosh_deployment="cf-warden" bosh_job_name="api_z1" bosh_job_index="0" filename="/var/vcap/data/sys/log/cloud_controller_ng/cloud_controller_ng.log"] {"timestamp":1475179170.9182377,"message":"Started GET \"/v2/syslog_drain_urls?batch_size=1000\" for user: , ip: 127.0.0.1 with vcap-request-id: c15bd156-a9eb-4eb4-54de-16c917e8d0b4::ecb55797-893b-4e8d-a858-13087b8ab798 at 2016-09-29 19:59:30 UTC","log_level":"info","source":"cc.api","data":{},"thread_id":47062185509080,"fiber_id":47062165012380,"process_id":15535,"file":"/var/vcap/packages/cloud_controller_ng/cloud_controller_ng/middleware/request_logs.rb","lineno":12,"method":"call"}

2016-09-29T19:59:37.122720+00:00 b0fa19c0-86de-4447-a670-3f7adbd0b3c1 - - - [NXLOG@14506 bosh_deployment="cf-warden" bosh_job_name="api_z1" bosh_job_index="0" filename="/var/vcap/data/sys/log/cloud_controller_ng/cloud_controller_ng.log"] {"timestamp":1475179170.918773,"message":"dispatch VCAP::CloudController::SyslogDrainUrlsController get /v2/syslog_drain_urls","log_level":"debug","source":"cc.api","data":{"request_guid":"c15bd156-a9eb-4eb4-54de-16c917e8d0b4::ecb55797-893b-4e8d-a858-13087b8ab798"},"thread_id":47062185509080,"fiber_id":47062165012380,"process_id":15535,"file":"/var/vcap/data/packages/cloud_controller_ng/f87cb49aa2cd87792cb9c2211a79e1542502be4d.1-b1a5f3c830cb6c32ae9e685628b24aa967f5ae54/cloud_controller_ng/lib/cloud_controller/rest_controller/routes.rb","lineno":12,"method":"block in define_route"}

2016-09-29T19:59:37.122762+00:00 b0fa19c0-86de-4447-a670-3f7adbd0b3c1 - - - [NXLOG@14506 bosh_deployment="cf-warden" bosh_job_name="api_z1" bosh_job_index="0" filename="/var/vcap/data/sys/log/cloud_controller_ng/cloud_controller_ng.log"] {"timestamp":1475179170.9189599,"message":"parse_params: {\"batch_size\"=>\"1000\"} batch_size=1000","log_level":"debug","source":"cc.api","data":{"request_guid":"c15bd156-a9eb-4eb4-54de-16c917e8d0b4::ecb55797-893b-4e8d-a858-13087b8ab798"},"thread_id":47062185509080,"fiber_id":47062165012380,"process_id":15535,"file":"/var/vcap/data/packages/cloud_controller_ng/f87cb49aa2cd87792cb9c2211a79e1542502be4d.1-b1a5f3c830cb6c32ae9e685628b24aa967f5ae54/cloud_controller_ng/lib/cloud_controller/rest_controller/common_params.rb","lineno":10,"method":"parse"}

2016-09-29T19:59:37.122861+00:00 b0fa19c0-86de-4447-a670-3f7adbd0b3c1 - - - [NXLOG@14506 bosh_deployment="cf-warden" bosh_job_name="api_z1" bosh_job_index="0" filename="/var/vcap/data/sys/log/cloud_controller_ng/cloud_controller_ng.log"] {"timestamp":1475179170.9190657,"message":"cc.dispatch","log_level":"debug","source":"cc.api","data":{"request_guid":"c15bd156-a9eb-4eb4-54de-16c917e8d0b4::ecb55797-893b-4e8d-a858-13087b8ab798","endpoint":"list","args":[]},"thread_id":47062185509080,"fiber_id":47062165012380,"process_id":15535,"file":"/var/vcap/data/packages/cloud_controller_ng/f87cb49aa2cd87792cb9c2211a79e1542502be4d.1-b1a5f3c830cb6c32ae9e685628b24aa967f5ae54/cloud_controller_ng/app/controllers/base/base_controller.rb","lineno":78,"method":"dispatch"}

2016-09-29T19:59:37.123334+00:00 b0fa19c0-86de-4447-a670-3f7adbd0b3c1 - - - [NXLOG@14506 bosh_deployment="cf-warden" bosh_job_name="api_z1" bosh_job_index="0" filename="/var/vcap/data/sys/log/cloud_controller_ng/cloud_controller_ng.log"] {"timestamp":1475179170.9206336,"message":"(0.000870s) SELECT \"apps\".\"guid\", string_agg(\"service_bindings\".\"syslog_drain_url\", ',') AS \"syslog_drain_urls\" FROM \"apps\" INNER JOIN \"service_bindings\" ON (\"service_bindings\".\"app_id\" = \"apps\".\"id\") WHERE ((syslog_drain_url IS NOT NULL) AND (syslog_drain_url != '')) GROUP BY \"apps\".\"guid\" UNION ALL (SELECT \"apps_v3\".\"guid\", string_agg(\"v3_service_bindings\".\"syslog_drain_url\", ',') AS \"syslog_drain_urls\" FROM \"apps_v3\" INNER JOIN \"v3_service_bindings\" ON (\"v3_service_bindings\".\"app_id\" = \"apps_v3\".\"id\") WHERE ((syslog_drain_url IS NOT NULL) AND (syslog_drain_url != '')) GROUP BY \"apps_v3\".\"guid\") ORDER BY \"guid\" LIMIT 1000 OFFSET 0","log_level":"debug2","source":"cc.db","data":{"request_guid":"c15bd156-a9eb-4eb4-54de-16c917e8d0b4::ecb55797-893b-4e8d-a858-13087b8ab798"},"thread_id":47062185509080,"fiber_id":47062165012380,"process_id":15535,"file":"/var/vcap/packages/cloud_controller_ng/cloud_controller_ng/vendor/bundle/ruby/2.3.0/gems/sequel-4.29.0/lib/sequel/database/logging.rb","lineno":70,"method":"block in log_each"}

2016-09-29T19:59:37.123375+00:00 b0fa19c0-86de-4447-a670-3f7adbd0b3c1 - - - [NXLOG@14506 bosh_deployment="cf-warden" bosh_job_name="api_z1" bosh_job_index="0" filename="/var/vcap/data/sys/log/cloud_controller_ng/cloud_controller_ng.log"] {"timestamp":1475179170.921791,"message":"Completed 200 vcap-request-id: c15bd156-a9eb-4eb4-54de-16c917e8d0b4::ecb55797-893b-4e8d-a858-13087b8ab798","log_level":"info","source":"cc.api","data":{},"thread_id":47062185509080,"fiber_id":47062165012380,"process_id":15535,"file":"/var/vcap/packages/cloud_controller_ng/cloud_controller_ng/middleware/request_logs.rb","lineno":24,"method":"call"}

2016-09-29T19:59:37.123388+00:00 b0fa19c0-86de-4447-a670-3f7adbd0b3c1 - - - [NXLOG@14506 bosh_deployment="cf-warden" bosh_job_name="api_z1" bosh_job_index="0" filename="/var/vcap/data/sys/log/cloud_controller_ng/cloud_controller_ng.log"] {"timestamp":1475179170.9219317,"message":"Statsd: cc.requests.outstanding:-1|c\ncc.requests.completed:1|c\ncc.http_status.2XX:1|c","log_level":"debug","source":"statsd.client","data":{},"thread_id":47062185509080,"fiber_id":47062165012380,"process_id":15535,"file":"/var/vcap/packages/cloud_controller_ng/cloud_controller_ng/vendor/bundle/ruby/2.3.0/gems/statsd-ruby-1.2.1/lib/statsd.rb","lineno":254,"method":"send_to_socket"}

2016-09-29T19:59:37.123398+00:00 b0fa19c0-86de-4447-a670-3f7adbd0b3c1 - - - [NXLOG@14506 bosh_deployment="cf-warden" bosh_job_name="api_z1" bosh_job_index="0" filename="/var/vcap/data/sys/log/cloud_controller_ng/cloud_controller_ng.log"] {"timestamp":1475179171.059457,"message":"(0.000560s) SELECT * FROM \"delayed_jobs\" WHERE ((((\"run_at\" <= '2016-09-29 19:59:31.058286+0000') AND (\"locked_at\" IS NULL)) OR (\"locked_by\" = 'cc_api_worker.api_z1.0.2')) AND (\"failed_at\" IS NULL) AND (\"queue\" IN ('cc-api_z1-0'))) ORDER BY \"priority\" ASC, \"run_at\" ASC LIMIT 5","log_level":"debug2","source":"cc.background","data":{},"thread_id":47118928261380,"fiber_id":47118965175380,"process_id":15629,"file":"/var/vcap/packages/cloud_controller_ng/cloud_controller_ng/vendor/bundle/ruby/2.3.0/gems/sequel-4.29.0/lib/sequel/database/logging.rb","lineno":70,"method":"block in log_each"}

2016-09-29T19:59:37.123420+00:00 b0fa19c0-86de-4447-a670-3f7adbd0b3c1 - - - [NXLOG@14506 bosh_deployment="cf-warden" bosh_job_name="api_z1" bosh_job_index="0" filename="/var/vcap/data/sys/log/cloud_controller_ng/cloud_controller_ng.log"] {"timestamp":1475179172.4725468,"message":"(0.000577s) SELECT * FROM \"delayed_jobs\" WHERE ((((\"run_at\" <= '2016-09-29 19:59:32.471455+0000') AND (\"locked_at\" IS NULL)) OR (\"locked_by\" = 'cc_api_worker.api_z1.0.1')) AND (\"failed_at\" IS NULL) AND (\"queue\" IN ('cc-api_z1-0'))) ORDER BY \"priority\" ASC, \"run_at\" ASC LIMIT 5","log_level":"debug2","source":"cc.background","data":{},"thread_id":47452862460180,"fiber_id":47452899698480,"process_id":15587,"file":"/var/vcap/packages/cloud_controller_ng/cloud_controller_ng/vendor/bundle/ruby/2.3.0/gems/sequel-4.29.0/lib/sequel/database/logging.rb","lineno":70,"method":"block in log_each"}

2016-09-29T19:59:37.123441+00:00 b0fa19c0-86de-4447-a670-3f7adbd0b3c1 - - - [NXLOG@14506 bosh_deployment="cf-warden" bosh_job_name="api_z1" bosh_job_index="0" filename="/var/vcap/data/sys/log/cloud_controller_ng/cloud_controller_ng.log"] {"timestamp":1475179174.3419554,"message":"Statsd: cc.vitals.uptime:1899446|g\ncc.vitals.cpu:0.0|g\ncc.vitals.mem_bytes:150700032|g\ncc.vitals.cpu_load_avg:0.27|g\ncc.vitals.mem_used_bytes:4025880576|g\ncc.vitals.mem_free_bytes:2232168448|g\ncc.vitals.num_cores:4|g","log_level":"debug","source":"statsd.client","data":{},"thread_id":47062143684880,"fiber_id":47062184032460,"process_id":15535,"file":"/var/vcap/packages/cloud_controller_ng/cloud_controller_ng/vendor/bundle/ruby/2.3.0/gems/statsd-ruby-1.2.1/lib/statsd.rb","lineno":254,"method":"send_to_socket"}

2016-09-29T19:59:37.123452+00:00 b0fa19c0-86de-4447-a670-3f7adbd0b3c1 - - - [NXLOG@14506 bosh_deployment="cf-warden" bosh_job_name="api_z1" bosh_job_index="0" filename="/var/vcap/data/sys/log/cloud_controller_ng/cloud_controller_ng.log"] {"timestamp":1475179174.3422678,"message":"Statsd: cc.log_count.off:0|g\ncc.log_count.fatal:0|g\ncc.log_count.error:0|g\ncc.log_count.warn:0|g\ncc.log_count.info:45682|g\ncc.log_count.debug:139393|g\ncc.log_count.debug1:0|g\ncc.log_count.debug2:27291|g\ncc.log_count.all:0|g","log_level":"debug","source":"statsd.client","data":{},"thread_id":47062143684880,"fiber_id":47062184032460,"process_id":15535,"file":"/var/vcap/packages/cloud_controller_ng/cloud_controller_ng/vendor/bundle/ruby/2.3.0/gems/statsd-ruby-1.2.1/lib/statsd.rb","lineno":254,"method":"send_to_socket"}

2016-09-29T19:59:37.123588+00:00 b0fa19c0-86de-4447-a670-3f7adbd0b3c1 - - - [NXLOG@14506 bosh_deployment="cf-warden" bosh_job_name="api_z1" bosh_job_index="0" filename="/var/vcap/data/sys/log/cloud_controller_ng/cloud_controller_ng.log"] {"timestamp":1475179174.3433185,"message":"(0.000507s) SELECT count(*) AS \"count\" FROM \"tasks\" WHERE (\"state\" = 'RUNNING') LIMIT 1","log_level":"debug2","source":"cc.db","data":{},"thread_id":47062143684880,"fiber_id":47062184032460,"process_id":15535,"file":"/var/vcap/packages/cloud_controller_ng/cloud_controller_ng/vendor/bundle/ruby/2.3.0/gems/sequel-4.29.0/lib/sequel/database/logging.rb","lineno":70,"method":"block in log_each"}

2016-09-29T19:59:37.123931+00:00 b0fa19c0-86de-4447-a670-3f7adbd0b3c1 - - - [NXLOG@14506 bosh_deployment="cf-warden" bosh_job_name="api_z1" bosh_job_index="0" filename="/var/vcap/data/sys/log/cloud_controller_ng/cloud_controller_ng.log"] {"timestamp":1475179174.3441448,"message":"(0.000243s) SELECT sum(\"memory_in_mb\") AS \"sum\" FROM \"tasks\" WHERE (\"state\" = 'RUNNING') LIMIT 1","log_level":"debug2","source":"cc.db","data":{},"thread_id":47062143684880,"fiber_id":47062184032460,"process_id":15535,"file":"/var/vcap/packages/cloud_controller_ng/cloud_controller_ng/vendor/bundle/ruby/2.3.0/gems/sequel-4.29.0/lib/sequel/database/logging.rb","lineno":70,"method":"block in log_each"}

2016-09-29T19:59:37.124030+00:00 b0fa19c0-86de-4447-a670-3f7adbd0b3c1 - - - [NXLOG@14506 bosh_deployment="cf-warden" bosh_job_name="api_z1" bosh_job_index="0" filename="/var/vcap/data/sys/log/cloud_controller_ng/cloud_controller_ng.log"] {"timestamp":1475179174.3444002,"message":"Statsd: cc.tasks_running.count:0|g\ncc.tasks_running.memory_in_mb:0|g","log_level":"debug","source":"statsd.client","data":{},"thread_id":47062143684880,"fiber_id":47062184032460,"process_id":15535,"file":"/var/vcap/packages/cloud_controller_ng/cloud_controller_ng/vendor/bundle/ruby/2.3.0/gems/statsd-ruby-1.2.1/lib/statsd.rb","lineno":254,"method":"send_to_socket"}

2016-09-29T19:59:37.124041+00:00 b0fa19c0-86de-4447-a670-3f7adbd0b3c1 - - - [NXLOG@14506 bosh_deployment="cf-warden" bosh_job_name="api_z1" bosh_job_index="0" filename="/var/vcap/data/sys/log/cloud_controller_ng/cloud_controller_ng.log"] {"timestamp":1475179176.0793135,"message":"(0.000764s) SELECT * FROM \"delayed_jobs\" WHERE ((((\"run_at\" <= '2016-09-29 19:59:36.077682+0000') AND (\"locked_at\" IS NULL)) OR (\"locked_by\" = 'cc_api_worker.api_z1.0.2')) AND (\"failed_at\" IS NULL) AND (\"queue\" IN ('cc-api_z1-0'))) ORDER BY \"priority\" ASC, \"run_at\" ASC LIMIT 5","log_level":"debug2","source":"cc.background","data":{},"thread_id":47118928261380,"fiber_id":47118965175380,"process_id":15629,"file":"/var/vcap/packages/cloud_controller_ng/cloud_controller_ng/vendor/bundle/ruby/2.3.0/gems/sequel-4.29.0/lib/sequel/database/logging.rb","lineno":70,"method":"block in log_each"}

2016-09-29T19:59:37.124067+00:00 b0fa19c0-86de-4447-a670-3f7adbd0b3c1 - - - [NXLOG@14506 bosh_deployment="cf-warden" bosh_job_name="api_z1" bosh_job_index="0" filename="/var/vcap/data/sys/log/cloud_controller_ng/cloud_controller_ng.log"] {"timestamp":1475179176.518665,"message":"(0.000475s) SELECT \"queue\", count(*) AS \"count\" FROM \"delayed_jobs\" WHERE (\"attempts\" = 0) GROUP BY \"queue\"","log_level":"debug2","source":"cc.db","data":{},"thread_id":47062143684880,"fiber_id":47062184032460,"process_id":15535,"file":"/var/vcap/packages/cloud_controller_ng/cloud_controller_ng/vendor/bundle/ruby/2.3.0/gems/sequel-4.29.0/lib/sequel/database/logging.rb","lineno":70,"method":"block in log_each"}

2016-09-29T19:59:37.124089+00:00 b0fa19c0-86de-4447-a670-3f7adbd0b3c1 - - - [NXLOG@14506 bosh_deployment="cf-warden" bosh_job_name="api_z1" bosh_job_index="0" filename="/var/vcap/data/sys/log/cloud_controller_ng/cloud_controller_ng.log"] {"timestamp":1475179176.5190687,"message":"Statsd: cc.job_queue_length.total:0|g\ncc.job_queue_length.total:0|g","log_level":"debug","source":"statsd.client","data":{},"thread_id":47062143684880,"fiber_id":47062184032460,"process_id":15535,"file":"/var/vcap/packages/cloud_controller_ng/cloud_controller_ng/vendor/bundle/ruby/2.3.0/gems/statsd-ruby-1.2.1/lib/statsd.rb","lineno":254,"method":"send_to_socket"}

2016-09-29T19:59:37.124099+00:00 b0fa19c0-86de-4447-a670-3f7adbd0b3c1 - - - [NXLOG@14506 bosh_deployment="cf-warden" bosh_job_name="api_z1" bosh_job_index="0" filename="/var/vcap/data/sys/log/cloud_controller_ng/cloud_controller_ng.log"] {"timestamp":1475179176.5193403,"message":"Statsd: cc.thread_info.thread_count:21|g\ncc.thread_info.event_machine.connection_count:3|g\ncc.thread_info.event_machine.threadqueue.size:0|g\ncc.thread_info.event_machine.threadqueue.num_waiting:20|g\ncc.thread_info.event_machine.resultqueue.size:0|g\ncc.thread_info.event_machine.resultqueue.num_waiting:0|g","log_level":"debug","source":"statsd.client","data":{},"thread_id":47062143684880,"fiber_id":47062184032460,"process_id":15535,"file":"/var/vcap/packages/cloud_controller_ng/cloud_controller_ng/vendor/bundle/ruby/2.3.0/gems/statsd-ruby-1.2.1/lib/statsd.rb","lineno":254,"method":"send_to_socket"}

2016-09-29T19:59:37.124118+00:00 b0fa19c0-86de-4447-a670-3f7adbd0b3c1 - - - [NXLOG@14506 bosh_deployment="cf-warden" bosh_job_name="api_z1" bosh_job_index="0" filename="/var/vcap/data/sys/log/cloud_controller_ng/cloud_controller_ng.log"] {"timestamp":1475179176.5202532,"message":"(0.000590s) SELECT \"queue\", count(*) AS \"count\" FROM \"delayed_jobs\" WHERE (failed_at IS NOT NULL) GROUP BY \"queue\"","log_level":"debug2","source":"cc.db","data":{},"thread_id":47062143684880,"fiber_id":47062184032460,"process_id":15535,"file":"/var/vcap/packages/cloud_controller_ng/cloud_controller_ng/vendor/bundle/ruby/2.3.0/gems/sequel-4.29.0/lib/sequel/database/logging.rb","lineno":70,"method":"block in log_each"}

2016-09-29T19:59:37.124128+00:00 b0fa19c0-86de-4447-a670-3f7adbd0b3c1 - - - [NXLOG@14506 bosh_deployment="cf-warden" bosh_job_name="api_z1" bosh_job_index="0" filename="/var/vcap/data/sys/log/cloud_controller_ng/cloud_controller_ng.log"] {"timestamp":1475179176.5206442,"message":"Statsd: cc.failed_job_count.cc-api_z1-0:2|g\ncc.failed_job_count.total:2|g\ncc.failed_job_count.total:2|g","log_level":"debug","source":"statsd.client","data":{},"thread_id":47062143684880,"fiber_id":47062184032460,"process_id":15535,"file":"/var/vcap/packages/cloud_controller_ng/cloud_controller_ng/vendor/bundle/ruby/2.3.0/gems/statsd-ruby-1.2.1/lib/statsd.rb","lineno":254,"method":"send_to_socket"}

2016-09-29T19:59:37.124145+00:00 b0fa19c0-86de-4447-a670-3f7adbd0b3c1 - - - [NXLOG@14506 bosh_deployment="cf-warden" bosh_job_name="api_z1" bosh_job_index="0" filename="/var/vcap/data/sys/log/cloud_controller_ng/cloud_controller_ng.log"] {"timestamp":1475179176.9466927,"message":"Statsd: cc.requests.outstanding:1|c","log_level":"debug","source":"statsd.client","data":{},"thread_id":47062185509880,"fiber_id":47062155394860,"process_id":15535,"file":"/var/vcap/packages/cloud_controller_ng/cloud_controller_ng/vendor/bundle/ruby/2.3.0/gems/statsd-ruby-1.2.1/lib/statsd.rb","lineno":254,"method":"send_to_socket"}

2016-09-29T19:59:37.124155+00:00 b0fa19c0-86de-4447-a670-3f7adbd0b3c1 - - - [NXLOG@14506 bosh_deployment="cf-warden" bosh_job_name="api_z1" bosh_job_index="0" filename="/var/vcap/data/sys/log/cloud_controller_ng/cloud_controller_ng.log"] {"timestamp":1475179176.9475162,"message":"Started GET \"/v2/info\" for user: , ip: 127.0.0.1 with vcap-request-id: 8d16d8c1-bf4d-4853-9123-2c8c3872f138 at 2016-09-29 19:59:36 UTC","log_level":"info","source":"cc.api","data":{},"thread_id":47062185509880,"fiber_id":47062155394860,"process_id":15535,"file":"/var/vcap/packages/cloud_controller_ng/cloud_controller_ng/middleware/request_logs.rb","lineno":12,"method":"call"}

2016-09-29T19:59:37.124203+00:00 b0fa19c0-86de-4447-a670-3f7adbd0b3c1 - - - [NXLOG@14506 bosh_deployment="cf-warden" bosh_job_name="api_z1" bosh_job_index="0" filename="/var/vcap/data/sys/log/cloud_controller_ng/cloud_controller_ng.log"] {"timestamp":1475179176.9492452,"message":"dispatch VCAP::CloudController::InfoController get /v2/info","log_level":"debug","source":"cc.api","data":{"request_guid":"8d16d8c1-bf4d-4853-9123-2c8c3872f138"},"thread_id":47062185509880,"fiber_id":47062155394860,"process_id":15535,"file":"/var/vcap/data/packages/cloud_controller_ng/f87cb49aa2cd87792cb9c2211a79e1542502be4d.1-b1a5f3c830cb6c32ae9e685628b24aa967f5ae54/cloud_controller_ng/lib/cloud_controller/rest_controller/routes.rb","lineno":12,"method":"block in define_route"}

2016-09-29T19:59:46.968821+00:00 bfc626ef-a2eb-4bad-8f71-fa1d6d0f927f - - - [NXLOG@14506 bosh_deployment="cf-warden" bosh_job_name="loggregator_trafficcontroller_z1" bosh_job_index="0" filename="/var/vcap/data/sys/log/route_registrar/route_registrar.stdout.log"] {"timestamp":"1475179186.735006094","source":"Route Registrar","message":"Route Registrar.Registering route","log_level":1,"data":{"route":{"Name":"loggregator","Port":8080,"Tags":null,"URIs":["loggregator.bosh-lite.com"],"RouteServiceUrl":"","RegistrationInterval":20000000000,"HealthCheck":null}}}

2016-09-29T19:59:46.968877+00:00 bfc626ef-a2eb-4bad-8f71-fa1d6d0f927f - - - [NXLOG@14506 bosh_deployment="cf-warden" bosh_job_name="loggregator_trafficcontroller_z1" bosh_job_index="0" filename="/var/vcap/data/sys/log/route_registrar/route_registrar.stdout.log"] {"timestamp":"1475179186.735114574","source":"Route Registrar","message":"Route Registrar.Registered routes successfully","log_level":1,"data":{}}

2016-09-29T19:59:46.968926+00:00 bfc626ef-a2eb-4bad-8f71-fa1d6d0f927f - - - [NXLOG@14506 bosh_deployment="cf-warden" bosh_job_name="loggregator_trafficcontroller_z1" bosh_job_index="0" filename="/var/vcap/data/sys/log/route_registrar/route_registrar.stdout.log"] {"timestamp":"1475179186.735323668","source":"Route Registrar","message":"Route Registrar.no healthchecker found for route","log_level":1,"data":{"route":{"Name":"doppler","Port":8081,"Tags":null,"URIs":["doppler.bosh-lite.com"],"RouteServiceUrl":"","RegistrationInterval":20000000000,"HealthCheck":null}}}

2016-09-29T19:59:46.969067+00:00 bfc626ef-a2eb-4bad-8f71-fa1d6d0f927f - - - [NXLOG@14506 bosh_deployment="cf-warden" bosh_job_name="loggregator_trafficcontroller_z1" bosh_job_index="0" filename="/var/vcap/data/sys/log/route_registrar/route_registrar.stdout.log"] {"timestamp":"1475179186.735361814","source":"Route Registrar","message":"Route Registrar.Registering route","log_level":1,"data":{"route":{"Name":"doppler","Port":8081,"Tags":null,"URIs":["doppler.bosh-lite.com"],"RouteServiceUrl":"","RegistrationInterval":20000000000,"HealthCheck":null}}}

2016-09-29T19:59:46.969120+00:00 bfc626ef-a2eb-4bad-8f71-fa1d6d0f927f - - - [NXLOG@14506 bosh_deployment="cf-warden" bosh_job_name="loggregator_trafficcontroller_z1" bosh_job_index="0" filename="/var/vcap/data/sys/log/route_registrar/route_registrar.stdout.log"] {"timestamp":"1475179186.735433578","source":"Route Registrar","message":"Route Registrar.Registered routes successfully","log_level":1,"data":{}}

2016-09-29T19:59:46.969903+00:00 81da04d2-3e1d-4a50-80cd-e5b2e7a3a719 - - - [NXLOG@14506 bosh_deployment="cf-warden" bosh_job_name="router_z1" bosh_job_index="0" filename="/var/vcap/data/sys/log/gorouter/access.log"] api.bosh-lite.com - [29/09/2016:19:59:38.392 +0000] "GET /bulk/apps?batch_size=5000&bulk_token={} HTTP/1.1" 200 0 39 "-" "Go-http-client/1.1" 10.244.0.34:46920 x_forwarded_for:"10.244.0.142, 10.244.0.34" x_forwarded_proto:"https" vcap_request_id:f5338ffa-d3a6-496f-6dad-df97504094b7 response_time:0.008182763 app_id:

2016-09-29T19:59:46.969993+00:00 81da04d2-3e1d-4a50-80cd-e5b2e7a3a719 - - - [NXLOG@14506 bosh_deployment="cf-warden" bosh_job_name="router_z1" bosh_job_index="0" filename="/var/vcap/data/sys/log/gorouter/access.log"] api.bosh-lite.com - [29/09/2016:19:59:46.209 +0000] "GET /v2/syslog_drain_urls?batch_size=1000 HTTP/1.1" 200 0 42 "-" "Go-http-client/1.1" 10.244.0.34:44376 x_forwarded_for:"10.244.0.146" x_forwarded_proto:"https" vcap_request_id:3d1ed8c0-6161-46d2-4693-e427a6d85003 response_time:0.007556106 app_id:

2016-09-29T19:59:46.973128+00:00 fc52b791-0068-48d0-b63d-a9600b8fa32e - - - [NXLOG@14506 bosh_deployment="cf-warden" bosh_job_name="runner_z1" bosh_job_index="0" filename="/var/vcap/data/sys/log/dea_next/dea_next.log"] {"timestamp":1475179181.760567,"message":"hm9000.heartbeat.sending","log_level":"debug","source":"Dea::Bootstrap","data":{"destination":"https://listener-hm9000.service.cf.internal:5335/dea/heartbeat"},"thread_id":47241037142420,"fiber_id":47241050325380,"process_id":6941,"file":"/var/vcap/packages/dea_next/lib/dea/utils/hm9000.rb","lineno":29,"method":"send_heartbeat"}

2016-09-29T19:59:46.973218+00:00 fc52b791-0068-48d0-b63d-a9600b8fa32e - - - [NXLOG@14506 bosh_deployment="cf-warden" bosh_job_name="runner_z1" bosh_job_index="0" filename="/var/vcap/data/sys/log/dea_next/dea_next.log"] {"timestamp":1475179181.7630157,"message":"hm9000.heartbeat.accepted","log_level":"debug","source":"Dea::Bootstrap","data":{},"thread_id":47241047596740,"fiber_id":47241049126240,"process_id":6941,"file":"/var/vcap/packages/dea_next/lib/dea/utils/hm9000.rb","lineno":49,"method":"handle_http_response"}

2016-09-29T19:59:47.103453+00:00 152ab062-1f32-4789-910a-13bdc79651b2 - - - [NXLOG@14506 bosh_deployment="cf-warden" bosh_job_name="hm9000_z1" bosh_job_index="0" filename="/var/vcap/data/sys/log/hm9000/hm9000_listener.log"] {"timestamp":"1475179181.762092113","source":"listener","message":"listener.Received a heartbeat","log_level":1,"data":{"Heartbeats Pending Save":"1"}}

2016-09-29T19:59:47.103650+00:00 152ab062-1f32-4789-910a-13bdc79651b2 - - - [NXLOG@14506 bosh_deployment="cf-warden" bosh_job_name="hm9000_z1" bosh_job_index="0" filename="/var/vcap/data/sys/log/hm9000/hm9000_listener.log"] {"timestamp":"1475179181.817395926","source":"listener","message":"listener.Saving Heartbeats","log_level":1,"data":{"Heartbeats to Save":"1"}}

2016-09-29T19:59:47.103722+00:00 152ab062-1f32-4789-910a-13bdc79651b2 - - - [NXLOG@14506 bosh_deployment="cf-warden" bosh_job_name="hm9000_z1" bosh_job_index="0" filename="/var/vcap/data/sys/log/hm9000/hm9000_listener.log"] {"timestamp":"1475179181.826633692","source":"listener","message":"listener.Bumped freshness","log_level":1,"data":{}}

2016-09-29T19:59:47.103800+00:00 152ab062-1f32-4789-910a-13bdc79651b2 - - - [NXLOG@14506 bosh_deployment="cf-warden" bosh_job_name="hm9000_z1" bosh_job_index="0" filename="/var/vcap/data/sys/log/hm9000/hm9000_listener.log"] {"timestamp":"1475179181.826663494","source":"listener","message":"listener.Saved Heartbeats","log_level":1,"data":{"Duration":"9.184512ms","Heartbeats to Save":"1"}}

2016-09-29T19:59:47.103864+00:00 152ab062-1f32-4789-910a-13bdc79651b2 - - - [NXLOG@14506 bosh_deployment="cf-warden" bosh_job_name="hm9000_z1" bosh_job_index="0" filename="/var/vcap/data/sys/log/route_registrar/route_registrar.stdout.log"] {"timestamp":"1475179182.323426962","source":"Route Registrar","message":"Route Registrar.no healthchecker found for route","log_level":1,"data":{"route":{"Name":"hm9000","Port":5155,"Tags":{"component":"HM9K"},"URIs":["hm9000.bosh-lite.com"],"RouteServiceUrl":"","RegistrationInterval":20000000000,"HealthCheck":null}}}

2016-09-29T19:59:47.103915+00:00 152ab062-1f32-4789-910a-13bdc79651b2 - - - [NXLOG@14506 bosh_deployment="cf-warden" bosh_job_name="hm9000_z1" bosh_job_index="0" filename="/var/vcap/data/sys/log/route_registrar/route_registrar.stdout.log"] {"timestamp":"1475179182.323542833","source":"Route Registrar","message":"Route Registrar.Registering route","log_level":1,"data":{"route":{"Name":"hm9000","Port":5155,"Tags":{"component":"HM9K"},"URIs":["hm9000.bosh-lite.com"],"RouteServiceUrl":"","RegistrationInterval":20000000000,"HealthCheck":null}}}

2016-09-29T19:59:47.104110+00:00 152ab062-1f32-4789-910a-13bdc79651b2 - - - [NXLOG@14506 bosh_deployment="cf-warden" bosh_job_name="hm9000_z1" bosh_job_index="0" filename="/var/vcap/data/sys/log/route_registrar/route_registrar.stdout.log"] {"timestamp":"1475179182.323662996","source":"Route Registrar","message":"Route Registrar.Registered routes successfully","log_level":1,"data":{}}

2016-09-29T19:59:47.104172+00:00 152ab062-1f32-4789-910a-13bdc79651b2 - - - [NXLOG@14506 bosh_deployment="cf-warden" bosh_job_name="hm9000_z1" bosh_job_index="0" filename="/var/vcap/data/sys/log/hm9000/hm9000_analyzer.log"] {"timestamp":"1475179178.391921997","source":"fetcher","message":"fetcher.Fetching Desired State","log_level":1,"data":{}}

2016-09-29T19:59:47.104315+00:00 152ab062-1f32-4789-910a-13bdc79651b2 - - - [NXLOG@14506 bosh_deployment="cf-warden" bosh_job_name="hm9000_z1" bosh_job_index="0" filename="/var/vcap/data/sys/log/hm9000/hm9000_analyzer.log"] {"timestamp":"1475179178.408181190","source":"fetcher","message":"fetcher.Success","log_level":1,"data":{"Number of Desired Apps Fetched":"0"}}

2016-09-29T19:59:47.104441+00:00 152ab062-1f32-4789-910a-13bdc79651b2 - - - [NXLOG@14506 bosh_deployment="cf-warden" bosh_job_name="hm9000_z1" bosh_job_index="0" filename="/var/vcap/data/sys/log/hm9000/hm9000_analyzer.log"] {"timestamp":"1475179178.408225536","source":"analyzer","message":"analyzer.Analyzing...","log_level":1,"data":{}}

2016-09-29T19:59:47.104526+00:00 152ab062-1f32-4789-910a-13bdc79651b2 - - - [NXLOG@14506 bosh_deployment="cf-warden" bosh_job_name="hm9000_z1" bosh_job_index="0" filename="/var/vcap/data/sys/log/hm9000/hm9000_analyzer.log"] {"timestamp":"1475179178.416787863","source":"analyzer","message":"analyzer.Analyzer completed succesfully","log_level":1,"data":{"Duration":"0.0086"}}

2016-09-29T19:59:47.104589+00:00 152ab062-1f32-4789-910a-13bdc79651b2 - - - [NXLOG@14506 bosh_deployment="cf-warden" bosh_job_name="hm9000_z1" bosh_job_index="0" filename="/var/vcap/data/sys/log/hm9000/hm9000_analyzer.log"] {"timestamp":"1475179178.416804075","source":"sender","message":"sender.Sending...","log_level":1,"data":{}}

2016-09-29T19:59:47.104684+00:00 152ab062-1f32-4789-910a-13bdc79651b2 - - - [NXLOG@14506 bosh_deployment="cf-warden" bosh_job_name="hm9000_z1" bosh_job_index="0" filename="/var/vcap/data/sys/log/hm9000/hm9000_analyzer.log"] {"timestamp":"1475179178.424738646","source":"sender","message":"sender.Sender completed succesfully","log_level":1,"data":{}}

2016-09-29T19:59:47.105125+00:00 05bf1627-ae2f-400c-b1ce-31973a9ff23f - - - [NXLOG@14506 bosh_deployment="cf-warden" bosh_job_name="uaa_z1" bosh_job_index="0" filename="/var/vcap/data/sys/log/uaa/localhost_access.log"] 127.0.0.1 - - [29/Sep/2016:19:59:30 +0000] "GET /healthz HTTP/1.1" 200 3

2016-09-29T19:59:47.105263+00:00 05bf1627-ae2f-400c-b1ce-31973a9ff23f - - - [NXLOG@14506 bosh_deployment="cf-warden" bosh_job_name="uaa_z1" bosh_job_index="0" filename="/var/vcap/data/sys/log/uaa/localhost_access.log"] 127.0.0.1 - - [29/Sep/2016:19:59:30 +0000] "GET /healthz HTTP/1.1" 200 3

2016-09-29T19:59:47.105420+00:00 05bf1627-ae2f-400c-b1ce-31973a9ff23f - - - [NXLOG@14506 bosh_deployment="cf-warden" bosh_job_name="uaa_z1" bosh_job_index="0" filename="/var/vcap/data/sys/log/uaa/localhost_access.log"] 127.0.0.1 - - [29/Sep/2016:19:59:34 +0000] "GET /healthz HTTP/1.1" 200 3

2016-09-29T19:59:47.105619+00:00 05bf1627-ae2f-400c-b1ce-31973a9ff23f - - - [NXLOG@14506 bosh_deployment="cf-warden" bosh_job_name="uaa_z1" bosh_job_index="0" filename="/var/vcap/data/sys/log/route_registrar/route_registrar.stdout.log"] {"timestamp":"1475179178.808178186","source":"Route Registrar","message":"Route Registrar.Executing script","log_level":1,"data":{"scriptPath":"/var/vcap/jobs/uaa/bin/health_check"}}

2016-09-29T19:59:47.105729+00:00 05bf1627-ae2f-400c-b1ce-31973a9ff23f - - - [NXLOG@14506 bosh_deployment="cf-warden" bosh_job_name="uaa_z1" bosh_job_index="0" filename="/var/vcap/data/sys/log/route_registrar/route_registrar.stdout.log"] {"timestamp":"1475179178.818846941","source":"Route Registrar","message":"Route Registrar.Script exited without error","log_level":1,"data":{"script":"/var/vcap/jobs/uaa/bin/health_check","stderr":"  % Total    % Received % Xferd  Average Speed   Time    Time     Time  Current\n                                 Dload  Upload   Total   Spent    Left  Speed\n\r  0     0    0     0    0     0      0      0 --:--:-- --:--:-- --:--:--     0\r100     3  100     3    0     0   2479      0 --:--:-- --:--:-- --:--:--  3000\n","stdout":""}}

2016-09-29T19:59:47.105884+00:00 05bf1627-ae2f-400c-b1ce-31973a9ff23f - - - [NXLOG@14506 bosh_deployment="cf-warden" bosh_job_name="uaa_z1" bosh_job_index="0" filename="/var/vcap/data/sys/log/route_registrar/route_registrar.stdout.log"] {"timestamp":"1475179178.818927050","source":"Route Registrar","message":"Route Registrar.healthchecker returned healthy for route","log_level":1,"data":{"route":{"Name":"uaa","Port":8080,"Tags":{"component":"uaa"},"URIs":["uaa.bosh-lite.com","*.uaa.bosh-lite.com","login.bosh-lite.com","*.login.bosh-lite.com"],"RouteServiceUrl":"","RegistrationInterval":4000000000,"HealthCheck":{"Name":"uaa-healthcheck","ScriptPath":"/var/vcap/jobs/uaa/bin/health_check","Timeout":2000000000}}}}

2016-09-29T19:59:47.105939+00:00 05bf1627-ae2f-400c-b1ce-31973a9ff23f - - - [NXLOG@14506 bosh_deployment="cf-warden" bosh_job_name="uaa_z1" bosh_job_index="0" filename="/var/vcap/data/sys/log/route_registrar/route_registrar.stdout.log"] {"timestamp":"1475179178.818951845","source":"Route Registrar","message":"Route Registrar.Registering route","log_level":1,"data":{"route":{"Name":"uaa","Port":8080,"Tags":{"component":"uaa"},"URIs":["uaa.bosh-lite.com","*.uaa.bosh-lite.com","login.bosh-lite.com","*.login.bosh-lite.com"],"RouteServiceUrl":"","RegistrationInterval":4000000000,"HealthCheck":{"Name":"uaa-healthcheck","ScriptPath":"/var/vcap/jobs/uaa/bin/health_check","Timeout":2000000000}}}}

2016-09-29T19:59:47.105996+00:00 05bf1627-ae2f-400c-b1ce-31973a9ff23f - - - [NXLOG@14506 bosh_deployment="cf-warden" bosh_job_name="uaa_z1" bosh_job_index="0" filename="/var/vcap/data/sys/log/route_registrar/route_registrar.stdout.log"] {"timestamp":"1475179178.819020271","source":"Route Registrar","message":"Route Registrar.Registered routes successfully","log_level":1,"data":{}}

2016-09-29T19:59:47.106099+00:00 05bf1627-ae2f-400c-b1ce-31973a9ff23f - - - [NXLOG@14506 bosh_deployment="cf-warden" bosh_job_name="uaa_z1" bosh_job_index="0" filename="/var/vcap/data/sys/log/route_registrar/route_registrar.stdout.log"] {"timestamp":"1475179182.808265448","source":"Route Registrar","message":"Route Registrar.Executing script","log_level":1,"data":{"scriptPath":"/var/vcap/jobs/uaa/bin/health_check"}}

2016-09-29T19:59:47.106281+00:00 05bf1627-ae2f-400c-b1ce-31973a9ff23f - - - [NXLOG@14506 bosh_deployment="cf-warden" bosh_job_name="uaa_z1" bosh_job_index="0" filename="/var/vcap/data/sys/log/route_registrar/route_registrar.stdout.log"] {"timestamp":"1475179182.820138454","source":"Route Registrar","message":"Route Registrar.Script exited without error","log_level":1,"data":{"script":"/var/vcap/jobs/uaa/bin/health_check","stderr":"  % Total    % Received % Xferd  Average Speed   Time    Time     Time  Current\n                                 Dload  Upload   Total   Spent    Left  Speed\n\r  0     0    0     0    0     0      0      0 --:--:-- --:--:-- --:--:--     0\r100     3  100     3    0     0   3243      0 --:--:-- --:--:-- --:--:--  3000\n","stdout":""}}

2016-09-29T19:59:47.106385+00:00 05bf1627-ae2f-400c-b1ce-31973a9ff23f - - - [NXLOG@14506 bosh_deployment="cf-warden" bosh_job_name="uaa_z1" bosh_job_index="0" filename="/var/vcap/data/sys/log/route_registrar/route_registrar.stdout.log"] {"timestamp":"1475179182.820246935","source":"Route Registrar","message":"Route Registrar.healthchecker returned healthy for route","log_level":1,"data":{"route":{"Name":"uaa","Port":8080,"Tags":{"component":"uaa"},"URIs":["uaa.bosh-lite.com","*.uaa.bosh-lite.com","login.bosh-lite.com","*.login.bosh-lite.com"],"RouteServiceUrl":"","RegistrationInterval":4000000000,"HealthCheck":{"Name":"uaa-healthcheck","ScriptPath":"/var/vcap/jobs/uaa/bin/health_check","Timeout":2000000000}}}}

2016-09-29T19:59:47.106433+00:00 05bf1627-ae2f-400c-b1ce-31973a9ff23f - - - [NXLOG@14506 bosh_deployment="cf-warden" bosh_job_name="uaa_z1" bosh_job_index="0" filename="/var/vcap/data/sys/log/route_registrar/route_registrar.stdout.log"] {"timestamp":"1475179182.820271015","source":"Route Registrar","message":"Route Registrar.Registering route","log_level":1,"data":{"route":{"Name":"uaa","Port":8080,"Tags":{"component":"uaa"},"URIs":["uaa.bosh-lite.com","*.uaa.bosh-lite.com","login.bosh-lite.com","*.login.bosh-lite.com"],"RouteServiceUrl":"","RegistrationInterval":4000000000,"HealthCheck":{"Name":"uaa-healthcheck","ScriptPath":"/var/vcap/jobs/uaa/bin/health_check","Timeout":2000000000}}}}

2016-09-29T19:59:47.106530+00:00 05bf1627-ae2f-400c-b1ce-31973a9ff23f - - - [NXLOG@14506 bosh_deployment="cf-warden" bosh_job_name="uaa_z1" bosh_job_index="0" filename="/var/vcap/data/sys/log/route_registrar/route_registrar.stdout.log"] {"timestamp":"1475179182.820353031","source":"Route Registrar","message":"Route Registrar.Registered routes successfully","log_level":1,"data":{}}

2016-09-29T19:59:47.106612+00:00 05bf1627-ae2f-400c-b1ce-31973a9ff23f - - - [NXLOG@14506 bosh_deployment="cf-warden" bosh_job_name="uaa_z1" bosh_job_index="0" filename="/var/vcap/data/sys/log/route_registrar/route_registrar.stdout.log"] {"timestamp":"1475179186.808641434","source":"Route Registrar","message":"Route Registrar.Executing script","log_level":1,"data":{"scriptPath":"/var/vcap/jobs/uaa/bin/health_check"}}

2016-09-29T19:59:47.106748+00:00 05bf1627-ae2f-400c-b1ce-31973a9ff23f - - - [NXLOG@14506 bosh_deployment="cf-warden" bosh_job_name="uaa_z1" bosh_job_index="0" filename="/var/vcap/data/sys/log/route_registrar/route_registrar.stdout.log"] {"timestamp":"1475179186.821517229","source":"Route Registrar","message":"Route Registrar.Script exited without error","log_level":1,"data":{"script":"/var/vcap/jobs/uaa/bin/health_check","stderr":"  % Total    % Received % Xferd  Average Speed   Time    Time     Time  Current\n                                 Dload  Upload   Total   Spent    Left  Speed\n\r  0     0    0     0    0     0      0      0 --:--:-- --:--:-- --:--:--     0\r100     3  100     3    0     0   1208      0 --:--:-- --:--:-- --:--:--  1500\n","stdout":""}}

2016-09-29T19:59:47.106855+00:00 05bf1627-ae2f-400c-b1ce-31973a9ff23f - - - [NXLOG@14506 bosh_deployment="cf-warden" bosh_job_name="uaa_z1" bosh_job_index="0" filename="/var/vcap/data/sys/log/route_registrar/route_registrar.stdout.log"] {"timestamp":"1475179186.821594954","source":"Route Registrar","message":"Route Registrar.healthchecker returned healthy for route","log_level":1,"data":{"route":{"Name":"uaa","Port":8080,"Tags":{"component":"uaa"},"URIs":["uaa.bosh-lite.com","*.uaa.bosh-lite.com","login.bosh-lite.com","*.login.bosh-lite.com"],"RouteServiceUrl":"","RegistrationInterval":4000000000,"HealthCheck":{"Name":"uaa-healthcheck","ScriptPath":"/var/vcap/jobs/uaa/bin/health_check","Timeout":2000000000}}}}

2016-09-29T19:59:47.106953+00:00 05bf1627-ae2f-400c-b1ce-31973a9ff23f - - - [NXLOG@14506 bosh_deployment="cf-warden" bosh_job_name="uaa_z1" bosh_job_index="0" filename="/var/vcap/data/sys/log/route_registrar/route_registrar.stdout.log"] {"timestamp":"1475179186.821618319","source":"Route Registrar","message":"Route Registrar.Registering route","log_level":1,"data":{"route":{"Name":"uaa","Port":8080,"Tags":{"component":"uaa"},"URIs":["uaa.bosh-lite.com","*.uaa.bosh-lite.com","login.bosh-lite.com","*.login.bosh-lite.com"],"RouteServiceUrl":"","RegistrationInterval":4000000000,"HealthCheck":{"Name":"uaa-healthcheck","ScriptPath":"/var/vcap/jobs/uaa/bin/health_check","Timeout":2000000000}}}}

2016-09-29T19:59:47.107009+00:00 05bf1627-ae2f-400c-b1ce-31973a9ff23f - - - [NXLOG@14506 bosh_deployment="cf-warden" bosh_job_name="uaa_z1" bosh_job_index="0" filename="/var/vcap/data/sys/log/route_registrar/route_registrar.stdout.log"] {"timestamp":"1475179186.821678877","source":"Route Registrar","message":"Route Registrar.Registered routes successfully","log_level":1,"data":{}}

2016-09-29T19:59:47.107023+00:00 05bf1627-ae2f-400c-b1ce-31973a9ff23f - - - [NXLOG@14506 bosh_deployment="cf-warden" bosh_job_name="uaa_z1" bosh_job_index="0" filename="/var/vcap/data/sys/log/uaa/uaa.log"] [2016-09-29 19:59:38.817] uaa - 19013 [http-nio-127.0.0.1-8989-exec-7] .... DEBUG --- AntPathRequestMatcher: Checking match of request : '/healthz'; against '/resources/**'

2016-09-29T19:59:47.107035+00:00 05bf1627-ae2f-400c-b1ce-31973a9ff23f - - - [NXLOG@14506 bosh_deployment="cf-warden" bosh_job_name="uaa_z1" bosh_job_index="0" filename="/var/vcap/data/sys/log/uaa/uaa.log"] [2016-09-29 19:59:38.817] uaa - 19013 [http-nio-127.0.0.1-8989-exec-7] .... DEBUG --- AntPathRequestMatcher: Checking match of request : '/healthz'; against '/square-logo.png'

2016-09-29T19:59:47.107046+00:00 05bf1627-ae2f-400c-b1ce-31973a9ff23f - - - [NXLOG@14506 bosh_deployment="cf-warden" bosh_job_name="uaa_z1" bosh_job_index="0" filename="/var/vcap/data/sys/log/uaa/uaa.log"] [2016-09-29 19:59:38.817] uaa - 19013 [http-nio-127.0.0.1-8989-exec-7] .... DEBUG --- AntPathRequestMatcher: Checking match of request : '/healthz'; against '/info'

2016-09-29T19:59:47.107091+00:00 05bf1627-ae2f-400c-b1ce-31973a9ff23f - - - [NXLOG@14506 bosh_deployment="cf-warden" bosh_job_name="uaa_z1" bosh_job_index="0" filename="/var/vcap/data/sys/log/uaa/uaa.log"] [2016-09-29 19:59:38.817] uaa - 19013 [http-nio-127.0.0.1-8989-exec-7] .... DEBUG --- AntPathRequestMatcher: Checking match of request : '/healthz'; against '/password/**'

2016-09-29T19:59:47.107104+00:00 05bf1627-ae2f-400c-b1ce-31973a9ff23f - - - [NXLOG@14506 bosh_deployment="cf-warden" bosh_job_name="uaa_z1" bosh_job_index="0" filename="/var/vcap/data/sys/log/uaa/uaa.log"] [2016-09-29 19:59:38.817] uaa - 19013 [http-nio-127.0.0.1-8989-exec-7] .... DEBUG --- AntPathRequestMatcher: Checking match of request : '/healthz'; against '/healthz/**'

2016-09-29T19:59:47.107121+00:00 05bf1627-ae2f-400c-b1ce-31973a9ff23f - - - [NXLOG@14506 bosh_deployment="cf-warden" bosh_job_name="uaa_z1" bosh_job_index="0" filename="/var/vcap/data/sys/log/uaa/uaa.log"] [2016-09-29 19:59:38.817] uaa - 19013 [http-nio-127.0.0.1-8989-exec-7] .... DEBUG --- FilterChainProxy: /healthz has an empty filter list

2016-09-29T19:59:47.107132+00:00 05bf1627-ae2f-400c-b1ce-31973a9ff23f - - - [NXLOG@14506 bosh_deployment="cf-warden" bosh_job_name="uaa_z1" bosh_job_index="0" filename="/var/vcap/data/sys/log/uaa/uaa.log"] [2016-09-29 19:59:38.817] uaa - 19013 [http-nio-127.0.0.1-8989-exec-7] .... DEBUG --- DispatcherServlet: DispatcherServlet with name 'spring' processing GET request for [/healthz]

2016-09-29T19:59:47.107163+00:00 05bf1627-ae2f-400c-b1ce-31973a9ff23f - - - [NXLOG@14506 bosh_deployment="cf-warden" bosh_job_name="uaa_z1" bosh_job_index="0" filename="/var/vcap/data/sys/log/uaa/uaa.log"] [2016-09-29 19:59:38.817] uaa - 19013 [http-nio-127.0.0.1-8989-exec-7] .... DEBUG --- DispatcherServlet: Last-Modified value for [/healthz] is: -1

2016-09-29T19:59:47.107191+00:00 05bf1627-ae2f-400c-b1ce-31973a9ff23f - - - [NXLOG@14506 bosh_deployment="cf-warden" bosh_job_name="uaa_z1" bosh_job_index="0" filename="/var/vcap/data/sys/log/uaa/uaa.log"] [2016-09-29 19:59:38.817] uaa - 19013 [http-nio-127.0.0.1-8989-exec-7] .... DEBUG --- RequestResponseBodyMethodProcessor: Written [ok

2016-09-29T19:59:47.107251+00:00 05bf1627-ae2f-400c-b1ce-31973a9ff23f - - - [NXLOG@14506 bosh_deployment="cf-warden" bosh_job_name="uaa_z1" bosh_job_index="0" filename="/var/vcap/data/sys/log/uaa/uaa.log"] ] as "text/plain;charset=ISO-8859-1" using [org.springframework.http.converter.StringHttpMessageConverter@178b2baf]

2016-09-29T19:59:47.107265+00:00 05bf1627-ae2f-400c-b1ce-31973a9ff23f - - - [NXLOG@14506 bosh_deployment="cf-warden" bosh_job_name="uaa_z1" bosh_job_index="0" filename="/var/vcap/data/sys/log/uaa/uaa.log"] [2016-09-29 19:59:38.817] uaa - 19013 [http-nio-127.0.0.1-8989-exec-7] .... DEBUG --- DispatcherServlet: Null ModelAndView returned to DispatcherServlet with name 'spring': assuming HandlerAdapter completed request handling

2016-09-29T19:59:47.107275+00:00 05bf1627-ae2f-400c-b1ce-31973a9ff23f - - - [NXLOG@14506 bosh_deployment="cf-warden" bosh_job_name="uaa_z1" bosh_job_index="0" filename="/var/vcap/data/sys/log/uaa/uaa.log"] [2016-09-29 19:59:38.817] uaa - 19013 [http-nio-127.0.0.1-8989-exec-7] .... DEBUG --- DispatcherServlet: Successfully completed request

2016-09-29T19:59:47.107318+00:00 05bf1627-ae2f-400c-b1ce-31973a9ff23f - - - [NXLOG@14506 bosh_deployment="cf-warden" bosh_job_name="uaa_z1" bosh_job_index="0" filename="/var/vcap/data/sys/log/uaa/uaa.log"] [2016-09-29 19:59:40.610] uaa - 19013 [http-nio-127.0.0.1-8989-exec-4] .... DEBUG --- AntPathRequestMatcher: Checking match of request : '/healthz'; against '/resources/**'

2016-09-29T19:59:47.107332+00:00 05bf1627-ae2f-400c-b1ce-31973a9ff23f - - - [NXLOG@14506 bosh_deployment="cf-warden" bosh_job_name="uaa_z1" bosh_job_index="0" filename="/var/vcap/data/sys/log/uaa/uaa.log"] [2016-09-29 19:59:40.610] uaa - 19013 [http-nio-127.0.0.1-8989-exec-4] .... DEBUG --- AntPathRequestMatcher: Checking match of request : '/healthz'; against '/square-logo.png'

2016-09-29T19:59:47.107342+00:00 05bf1627-ae2f-400c-b1ce-31973a9ff23f - - - [NXLOG@14506 bosh_deployment="cf-warden" bosh_job_name="uaa_z1" bosh_job_index="0" filename="/var/vcap/data/sys/log/uaa/uaa.log"] [2016-09-29 19:59:40.610] uaa - 19013 [http-nio-127.0.0.1-8989-exec-4] .... DEBUG --- AntPathRequestMatcher: Checking match of request : '/healthz'; against '/info'

2016-09-29T19:59:47.107352+00:00 05bf1627-ae2f-400c-b1ce-31973a9ff23f - - - [NXLOG@14506 bosh_deployment="cf-warden" bosh_job_name="uaa_z1" bosh_job_index="0" filename="/var/vcap/data/sys/log/uaa/uaa.log"] [2016-09-29 19:59:40.610] uaa - 19013 [http-nio-127.0.0.1-8989-exec-4] .... DEBUG --- AntPathRequestMatcher: Checking match of request : '/healthz'; against '/password/**'

2016-09-29T19:59:47.107378+00:00 05bf1627-ae2f-400c-b1ce-31973a9ff23f - - - [NXLOG@14506 bosh_deployment="cf-warden" bosh_job_name="uaa_z1" bosh_job_index="0" filename="/var/vcap/data/sys/log/uaa/uaa.log"] [2016-09-29 19:59:40.610] uaa - 19013 [http-nio-127.0.0.1-8989-exec-4] .... DEBUG --- AntPathRequestMatcher: Checking match of request : '/healthz'; against '/healthz/**'

2016-09-29T19:59:47.107390+00:00 05bf1627-ae2f-400c-b1ce-31973a9ff23f - - - [NXLOG@14506 bosh_deployment="cf-warden" bosh_job_name="uaa_z1" bosh_job_index="0" filename="/var/vcap/data/sys/log/uaa/uaa.log"] [2016-09-29 19:59:40.610] uaa - 19013 [http-nio-127.0.0.1-8989-exec-4] .... DEBUG --- FilterChainProxy: /healthz has an empty filter list

2016-09-29T19:59:47.107418+00:00 05bf1627-ae2f-400c-b1ce-31973a9ff23f - - - [NXLOG@14506 bosh_deployment="cf-warden" bosh_job_name="uaa_z1" bosh_job_index="0" filename="/var/vcap/data/sys/log/uaa/uaa.log"] [2016-09-29 19:59:40.610] uaa - 19013 [http-nio-127.0.0.1-8989-exec-4] .... DEBUG --- DispatcherServlet: DispatcherServlet with name 'spring' processing GET request for [/healthz]

2016-09-29T19:59:47.107431+00:00 05bf1627-ae2f-400c-b1ce-31973a9ff23f - - - [NXLOG@14506 bosh_deployment="cf-warden" bosh_job_name="uaa_z1" bosh_job_index="0" filename="/var/vcap/data/sys/log/uaa/uaa.log"] [2016-09-29 19:59:40.610] uaa - 19013 [http-nio-127.0.0.1-8989-exec-4] .... DEBUG --- DispatcherServlet: Last-Modified value for [/healthz] is: -1

2016-09-29T19:59:47.107441+00:00 05bf1627-ae2f-400c-b1ce-31973a9ff23f - - - [NXLOG@14506 bosh_deployment="cf-warden" bosh_job_name="uaa_z1" bosh_job_index="0" filename="/var/vcap/data/sys/log/uaa/uaa.log"] [2016-09-29 19:59:40.610] uaa - 19013 [http-nio-127.0.0.1-8989-exec-4] .... DEBUG --- RequestResponseBodyMethodProcessor: Written [ok

2016-09-29T19:59:47.107451+00:00 05bf1627-ae2f-400c-b1ce-31973a9ff23f - - - [NXLOG@14506 bosh_deployment="cf-warden" bosh_job_name="uaa_z1" bosh_job_index="0" filename="/var/vcap/data/sys/log/uaa/uaa.log"] ] as "text/plain;charset=ISO-8859-1" using [org.springframework.http.converter.StringHttpMessageConverter@178b2baf]

2016-09-29T19:59:47.107462+00:00 05bf1627-ae2f-400c-b1ce-31973a9ff23f - - - [NXLOG@14506 bosh_deployment="cf-warden" bosh_job_name="uaa_z1" bosh_job_index="0" filename="/var/vcap/data/sys/log/uaa/uaa.log"] [2016-09-29 19:59:40.610] uaa - 19013 [http-nio-127.0.0.1-8989-exec-4] .... DEBUG --- DispatcherServlet: Null ModelAndView returned to DispatcherServlet with name 'spring': assuming HandlerAdapter completed request handling

2016-09-29T19:59:47.107517+00:00 05bf1627-ae2f-400c-b1ce-31973a9ff23f - - - [NXLOG@14506 bosh_deployment="cf-warden" bosh_job_name="uaa_z1" bosh_job_index="0" filename="/var/vcap/data/sys/log/uaa/uaa.log"] [2016-09-29 19:59:40.610] uaa - 19013 [http-nio-127.0.0.1-8989-exec-4] .... DEBUG --- DispatcherServlet: Successfully completed request

2016-09-29T19:59:47.107529+00:00 05bf1627-ae2f-400c-b1ce-31973a9ff23f - - - [NXLOG@14506 bosh_deployment="cf-warden" bosh_job_name="uaa_z1" bosh_job_index="0" filename="/var/vcap/data/sys/log/uaa/uaa.log"] [2016-09-29 19:59:41.157] uaa - 19013 [pool-2-thread-1] .... DEBUG --- JdbcTemplate: Executing SQL query [select count(*) from oauth_client_details]

2016-09-29T19:59:47.107540+00:00 05bf1627-ae2f-400c-b1ce-31973a9ff23f - - - [NXLOG@14506 bosh_deployment="cf-warden" bosh_job_name="uaa_z1" bosh_job_index="0" filename="/var/vcap/data/sys/log/uaa/uaa.log"] [2016-09-29 19:59:41.159] uaa - 19013 [pool-2-thread-1] .... DEBUG --- JdbcTemplate: Executing SQL query [select count(*) from users]

2016-09-29T19:59:47.107588+00:00 05bf1627-ae2f-400c-b1ce-31973a9ff23f - - - [NXLOG@14506 bosh_deployment="cf-warden" bosh_job_name="uaa_z1" bosh_job_index="0" filename="/var/vcap/data/sys/log/uaa/uaa.log"] [2016-09-29 19:59:42.818] uaa - 19013 [http-nio-127.0.0.1-8989-exec-9] .... DEBUG --- AntPathRequestMatcher: Checking match of request : '/healthz'; against '/resources/**'

2016-09-29T19:59:47.107604+00:00 05bf1627-ae2f-400c-b1ce-31973a9ff23f - - - [NXLOG@14506 bosh_deployment="cf-warden" bosh_job_name="uaa_z1" bosh_job_index="0" filename="/var/vcap/data/sys/log/uaa/uaa.log"] [2016-09-29 19:59:42.818] uaa - 19013 [http-nio-127.0.0.1-8989-exec-9] .... DEBUG --- AntPathRequestMatcher: Checking match of request : '/healthz'; against '/square-logo.png'

2016-09-29T19:59:47.107617+00:00 05bf1627-ae2f-400c-b1ce-31973a9ff23f - - - [NXLOG@14506 bosh_deployment="cf-warden" bosh_job_name="uaa_z1" bosh_job_index="0" filename="/var/vcap/data/sys/log/uaa/uaa.log"] [2016-09-29 19:59:42.818] uaa - 19013 [http-nio-127.0.0.1-8989-exec-9] .... DEBUG --- AntPathRequestMatcher: Checking match of request : '/healthz'; against '/info'

2016-09-29T19:59:47.107627+00:00 05bf1627-ae2f-400c-b1ce-31973a9ff23f - - - [NXLOG@14506 bosh_deployment="cf-warden" bosh_job_name="uaa_z1" bosh_job_index="0" filename="/var/vcap/data/sys/log/uaa/uaa.log"] [2016-09-29 19:59:42.818] uaa - 19013 [http-nio-127.0.0.1-8989-exec-9] .... DEBUG --- AntPathRequestMatcher: Checking match of request : '/healthz'; against '/password/**'

2016-09-29T19:59:47.107657+00:00 05bf1627-ae2f-400c-b1ce-31973a9ff23f - - - [NXLOG@14506 bosh_deployment="cf-warden" bosh_job_name="uaa_z1" bosh_job_index="0" filename="/var/vcap/data/sys/log/uaa/uaa.log"] [2016-09-29 19:59:42.818] uaa - 19013 [http-nio-127.0.0.1-8989-exec-9] .... DEBUG --- AntPathRequestMatcher: Checking match of request : '/healthz'; against '/healthz/**'

2016-09-29T19:59:47.107669+00:00 05bf1627-ae2f-400c-b1ce-31973a9ff23f - - - [NXLOG@14506 bosh_deployment="cf-warden" bosh_job_name="uaa_z1" bosh_job_index="0" filename="/var/vcap/data/sys/log/uaa/uaa.log"] [2016-09-29 19:59:42.818] uaa - 19013 [http-nio-127.0.0.1-8989-exec-9] .... DEBUG --- FilterChainProxy: /healthz has an empty filter list

2016-09-29T19:59:47.107679+00:00 05bf1627-ae2f-400c-b1ce-31973a9ff23f - - - [NXLOG@14506 bosh_deployment="cf-warden" bosh_job_name="uaa_z1" bosh_job_index="0" filename="/var/vcap/data/sys/log/uaa/uaa.log"] [2016-09-29 19:59:42.818] uaa - 19013 [http-nio-127.0.0.1-8989-exec-9] .... DEBUG --- DispatcherServlet: DispatcherServlet with name 'spring' processing GET request for [/healthz]

2016-09-29T19:59:47.107706+00:00 05bf1627-ae2f-400c-b1ce-31973a9ff23f - - - [NXLOG@14506 bosh_deployment="cf-warden" bosh_job_name="uaa_z1" bosh_job_index="0" filename="/var/vcap/data/sys/log/uaa/uaa.log"] [2016-09-29 19:59:42.818] uaa - 19013 [http-nio-127.0.0.1-8989-exec-9] .... DEBUG --- DispatcherServlet: Last-Modified value for [/healthz] is: -1

2016-09-29T19:59:47.107718+00:00 05bf1627-ae2f-400c-b1ce-31973a9ff23f - - - [NXLOG@14506 bosh_deployment="cf-warden" bosh_job_name="uaa_z1" bosh_job_index="0" filename="/var/vcap/data/sys/log/uaa/uaa.log"] [2016-09-29 19:59:42.818] uaa - 19013 [http-nio-127.0.0.1-8989-exec-9] .... DEBUG --- RequestResponseBodyMethodProcessor: Written [ok

2016-09-29T19:59:47.107729+00:00 05bf1627-ae2f-400c-b1ce-31973a9ff23f - - - [NXLOG@14506 bosh_deployment="cf-warden" bosh_job_name="uaa_z1" bosh_job_index="0" filename="/var/vcap/data/sys/log/uaa/uaa.log"] ] as "text/plain;charset=ISO-8859-1" using [org.springframework.http.converter.StringHttpMessageConverter@178b2baf]

2016-09-29T19:59:47.107739+00:00 05bf1627-ae2f-400c-b1ce-31973a9ff23f - - - [NXLOG@14506 bosh_deployment="cf-warden" bosh_job_name="uaa_z1" bosh_job_index="0" filename="/var/vcap/data/sys/log/uaa/uaa.log"] [2016-09-29 19:59:42.818] uaa - 19013 [http-nio-127.0.0.1-8989-exec-9] .... DEBUG --- DispatcherServlet: Null ModelAndView returned to DispatcherServlet with name 'spring': assuming HandlerAdapter completed request handling

2016-09-29T19:59:47.107780+00:00 05bf1627-ae2f-400c-b1ce-31973a9ff23f - - - [NXLOG@14506 bosh_deployment="cf-warden" bosh_job_name="uaa_z1" bosh_job_index="0" filename="/var/vcap/data/sys/log/uaa/uaa.log"] [2016-09-29 19:59:42.818] uaa - 19013 [http-nio-127.0.0.1-8989-exec-9] .... DEBUG --- DispatcherServlet: Successfully completed request

2016-09-29T19:59:47.107792+00:00 05bf1627-ae2f-400c-b1ce-31973a9ff23f - - - [NXLOG@14506 bosh_deployment="cf-warden" bosh_job_name="uaa_z1" bosh_job_index="0" filename="/var/vcap/data/sys/log/uaa/uaa.log"] [2016-09-29 19:59:46.157] uaa - 19013 [pool-2-thread-1] .... DEBUG --- JdbcTemplate: Executing SQL query [select count(*) from oauth_client_details]

2016-09-29T19:59:47.107802+00:00 05bf1627-ae2f-400c-b1ce-31973a9ff23f - - - [NXLOG@14506 bosh_deployment="cf-warden" bosh_job_name="uaa_z1" bosh_job_index="0" filename="/var/vcap/data/sys/log/uaa/uaa.log"] [2016-09-29 19:59:46.159] uaa - 19013 [pool-2-thread-1] .... DEBUG --- JdbcTemplate: Executing SQL query [select count(*) from users]

2016-09-29T19:59:47.107812+00:00 05bf1627-ae2f-400c-b1ce-31973a9ff23f - - - [NXLOG@14506 bosh_deployment="cf-warden" bosh_job_name="uaa_z1" bosh_job_index="0" filename="/var/vcap/data/sys/log/uaa/uaa.log"] [2016-09-29 19:59:46.818] uaa - 19013 [http-nio-127.0.0.1-8989-exec-3] .... DEBUG --- AntPathRequestMatcher: Checking match of request : '/healthz'; against '/resources/**'

2016-09-29T19:59:47.107858+00:00 05bf1627-ae2f-400c-b1ce-31973a9ff23f - - - [NXLOG@14506 bosh_deployment="cf-warden" bosh_job_name="uaa_z1" bosh_job_index="0" filename="/var/vcap/data/sys/log/uaa/uaa.log"] [2016-09-29 19:59:46.819] uaa - 19013 [http-nio-127.0.0.1-8989-exec-3] .... DEBUG --- AntPathRequestMatcher: Checking match of request : '/healthz'; against '/square-logo.png'

2016-09-29T19:59:47.107871+00:00 05bf1627-ae2f-400c-b1ce-31973a9ff23f - - - [NXLOG@14506 bosh_deployment="cf-warden" bosh_job_name="uaa_z1" bosh_job_index="0" filename="/var/vcap/data/sys/log/uaa/uaa.log"] [2016-09-29 19:59:46.819] uaa - 19013 [http-nio-127.0.0.1-8989-exec-3] .... DEBUG --- AntPathRequestMatcher: Checking match of request : '/healthz'; against '/info'

2016-09-29T19:59:47.107882+00:00 05bf1627-ae2f-400c-b1ce-31973a9ff23f - - - [NXLOG@14506 bosh_deployment="cf-warden" bosh_job_name="uaa_z1" bosh_job_index="0" filename="/var/vcap/data/sys/log/uaa/uaa.log"] [2016-09-29 19:59:46.819] uaa - 19013 [http-nio-127.0.0.1-8989-exec-3] .... DEBUG --- AntPathRequestMatcher: Checking match of request : '/healthz'; against '/password/**'

2016-09-29T19:59:47.107893+00:00 05bf1627-ae2f-400c-b1ce-31973a9ff23f - - - [NXLOG@14506 bosh_deployment="cf-warden" bosh_job_name="uaa_z1" bosh_job_index="0" filename="/var/vcap/data/sys/log/uaa/uaa.log"] [2016-09-29 19:59:46.819] uaa - 19013 [http-nio-127.0.0.1-8989-exec-3] .... DEBUG --- AntPathRequestMatcher: Checking match of request : '/healthz'; against '/healthz/**'

2016-09-29T19:59:47.107933+00:00 05bf1627-ae2f-400c-b1ce-31973a9ff23f - - - [NXLOG@14506 bosh_deployment="cf-warden" bosh_job_name="uaa_z1" bosh_job_index="0" filename="/var/vcap/data/sys/log/uaa/uaa.log"] [2016-09-29 19:59:46.819] uaa - 19013 [http-nio-127.0.0.1-8989-exec-3] .... DEBUG --- FilterChainProxy: /healthz has an empty filter list

2016-09-29T19:59:47.107945+00:00 05bf1627-ae2f-400c-b1ce-31973a9ff23f - - - [NXLOG@14506 bosh_deployment="cf-warden" bosh_job_name="uaa_z1" bosh_job_index="0" filename="/var/vcap/data/sys/log/uaa/uaa.log"] [2016-09-29 19:59:46.819] uaa - 19013 [http-nio-127.0.0.1-8989-exec-3] .... DEBUG --- DispatcherServlet: DispatcherServlet with name 'spring' processing GET request for [/healthz]

2016-09-29T19:59:47.107968+00:00 05bf1627-ae2f-400c-b1ce-31973a9ff23f - - - [NXLOG@14506 bosh_deployment="cf-warden" bosh_job_name="uaa_z1" bosh_job_index="0" filename="/var/vcap/data/sys/log/uaa/uaa.log"] [2016-09-29 19:59:46.819] uaa - 19013 [http-nio-127.0.0.1-8989-exec-3] .... DEBUG --- DispatcherServlet: Last-Modified value for [/healthz] is: -1

2016-09-29T19:59:47.107977+00:00 05bf1627-ae2f-400c-b1ce-31973a9ff23f - - - [NXLOG@14506 bosh_deployment="cf-warden" bosh_job_name="uaa_z1" bosh_job_index="0" filename="/var/vcap/data/sys/log/uaa/uaa.log"] [2016-09-29 19:59:46.819] uaa - 19013 [http-nio-127.0.0.1-8989-exec-3] .... DEBUG --- RequestResponseBodyMethodProcessor: Written [ok

2016-09-29T19:59:47.108021+00:00 05bf1627-ae2f-400c-b1ce-31973a9ff23f - - - [NXLOG@14506 bosh_deployment="cf-warden" bosh_job_name="uaa_z1" bosh_job_index="0" filename="/var/vcap/data/sys/log/uaa/uaa.log"] ] as "text/plain;charset=ISO-8859-1" using [org.springframework.http.converter.StringHttpMessageConverter@178b2baf]

2016-09-29T19:59:47.108033+00:00 05bf1627-ae2f-400c-b1ce-31973a9ff23f - - - [NXLOG@14506 bosh_deployment="cf-warden" bosh_job_name="uaa_z1" bosh_job_index="0" filename="/var/vcap/data/sys/log/uaa/uaa.log"] [2016-09-29 19:59:46.819] uaa - 19013 [http-nio-127.0.0.1-8989-exec-3] .... DEBUG --- DispatcherServlet: Null ModelAndView returned to DispatcherServlet with name 'spring': assuming HandlerAdapter completed request handling

2016-09-29T19:59:47.108043+00:00 05bf1627-ae2f-400c-b1ce-31973a9ff23f - - - [NXLOG@14506 bosh_deployment="cf-warden" bosh_job_name="uaa_z1" bosh_job_index="0" filename="/var/vcap/data/sys/log/uaa/uaa.log"] [2016-09-29 19:59:46.819] uaa - 19013 [http-nio-127.0.0.1-8989-exec-3] .... DEBUG --- DispatcherServlet: Successfully completed request

2016-09-29T19:59:47.117709+00:00 b0fa19c0-86de-4447-a670-3f7adbd0b3c1 - - - [NXLOG@14506 bosh_deployment="cf-warden" bosh_job_name="api_z1" bosh_job_index="0" filename="/var/vcap/data/sys/log/route_registrar/route_registrar.stdout.log"] {"timestamp":"1475179187.087793589","source":"Route Registrar","message":"Route Registrar.no healthchecker found for route","log_level":1,"data":{"route":{"Name":"api","Port":9022,"Tags":{"component":"CloudController"},"URIs":["api.bosh-lite.com"],"RouteServiceUrl":"","RegistrationInterval":20000000000,"HealthCheck":null}}}

2016-09-29T19:59:47.117860+00:00 b0fa19c0-86de-4447-a670-3f7adbd0b3c1 - - - [NXLOG@14506 bosh_deployment="cf-warden" bosh_job_name="api_z1" bosh_job_index="0" filename="/var/vcap/data/sys/log/route_registrar/route_registrar.stdout.log"] {"timestamp":"1475179187.087881804","source":"Route Registrar","message":"Route Registrar.Registering route","log_level":1,"data":{"route":{"Name":"api","Port":9022,"Tags":{"component":"CloudController"},"URIs":["api.bosh-lite.com"],"RouteServiceUrl":"","RegistrationInterval":20000000000,"HealthCheck":null}}}

2016-09-29T19:59:47.117932+00:00 b0fa19c0-86de-4447-a670-3f7adbd0b3c1 - - - [NXLOG@14506 bosh_deployment="cf-warden" bosh_job_name="api_z1" bosh_job_index="0" filename="/var/vcap/data/sys/log/route_registrar/route_registrar.stdout.log"] {"timestamp":"1475179187.087957859","source":"Route Registrar","message":"Route Registrar.Registered routes successfully","log_level":1,"data":{}}

2016-09-29T19:59:47.118046+00:00 b0fa19c0-86de-4447-a670-3f7adbd0b3c1 - - - [NXLOG@14506 bosh_deployment="cf-warden" bosh_job_name="api_z1" bosh_job_index="0" filename="/var/vcap/data/sys/log/cloud_controller_worker/cloud_controller_worker.log"] {"timestamp":1475179181.068269,"message":"(0.000588s) SELECT * FROM \"delayed_jobs\" WHERE ((((\"run_at\" <= '2016-09-29 19:59:41.067190+0000') AND (\"locked_at\" IS NULL)) OR (\"locked_by\" = 'cc_global_worker.api_z1.0.1')) AND (\"failed_at\" IS NULL) AND (\"queue\" IN ('cc-generic'))) ORDER BY \"priority\" ASC, \"run_at\" ASC LIMIT 5","log_level":"debug2","source":"cc.background","data":{},"thread_id":47193737007380,"fiber_id":47193773841900,"process_id":15807,"file":"/var/vcap/packages/cloud_controller_ng/cloud_controller_ng/vendor/bundle/ruby/2.3.0/gems/sequel-4.29.0/lib/sequel/database/logging.rb","lineno":70,"method":"block in log_each"}

2016-09-29T19:59:47.118088+00:00 b0fa19c0-86de-4447-a670-3f7adbd0b3c1 - - - [NXLOG@14506 bosh_deployment="cf-warden" bosh_job_name="api_z1" bosh_job_index="0" filename="/var/vcap/data/sys/log/cloud_controller_worker/cloud_controller_worker.log"] {"timestamp":1475179186.0958898,"message":"(0.000933s) SELECT * FROM \"delayed_jobs\" WHERE ((((\"run_at\" <= '2016-09-29 19:59:46.094400+0000') AND (\"locked_at\" IS NULL)) OR (\"locked_by\" = 'cc_global_worker.api_z1.0.1')) AND (\"failed_at\" IS NULL) AND (\"queue\" IN ('cc-generic'))) ORDER BY \"priority\" ASC, \"run_at\" ASC LIMIT 5","log_level":"debug2","source":"cc.background","data":{},"thread_id":47193737007380,"fiber_id":47193773841900,"process_id":15807,"file":"/var/vcap/packages/cloud_controller_ng/cloud_controller_ng/vendor/bundle/ruby/2.3.0/gems/sequel-4.29.0/lib/sequel/database/logging.rb","lineno":70,"method":"block in log_each"}

2016-09-29T19:59:47.118157+00:00 b0fa19c0-86de-4447-a670-3f7adbd0b3c1 - - - [NXLOG@14506 bosh_deployment="cf-warden" bosh_job_name="api_z1" bosh_job_index="0" filename="/var/vcap/data/sys/log/nginx_cc/nginx.access.log"] api.bosh-lite.com - [29/Sep/2016:19:59:38 +0000] "GET /bulk/apps?batch_size=5000&bulk_token={} HTTP/1.1" 200 323 "-" "Go-http-client/1.1" 10.244.0.142, 10.244.0.34, 10.244.0.22 vcap_request_id:f5338ffa-d3a6-496f-6dad-df97504094b7::df95893a-398f-4bb3-8945-155add871401 response_time:0.008

2016-09-29T19:59:47.118214+00:00 b0fa19c0-86de-4447-a670-3f7adbd0b3c1 - - - [NXLOG@14506 bosh_deployment="cf-warden" bosh_job_name="api_z1" bosh_job_index="0" filename="/var/vcap/data/sys/log/nginx_cc/nginx.access.log"] api.bosh-lite.com - [29/Sep/2016:19:59:46 +0000] "GET /v2/syslog_drain_urls?batch_size=1000 HTTP/1.1" 200 326 "-" "Go-http-client/1.1" 10.244.0.146, 10.244.0.34, 10.244.0.22 vcap_request_id:3d1ed8c0-6161-46d2-4693-e427a6d85003::b9c6189a-47a7-458a-be0d-9541d55ee163 response_time:0.006

2016-09-29T19:59:47.118252+00:00 b0fa19c0-86de-4447-a670-3f7adbd0b3c1 - - - [NXLOG@14506 bosh_deployment="cf-warden" bosh_job_name="api_z1" bosh_job_index="0" filename="/var/vcap/data/sys/log/nginx_cc/nginx.access.log"] 10.244.0.138 - [29/Sep/2016:19:59:46 +0000] "GET /v2/info HTTP/1.1" 200 802 "-" "monit/5.2.5" 10.244.0.138 vcap_request_id:0fd09787-8764-4819-bf69-997f6c61f75c response_time:0.004

2016-09-29T19:59:56.973558+00:00 fc52b791-0068-48d0-b63d-a9600b8fa32e - - - [NXLOG@14506 bosh_deployment="cf-warden" bosh_job_name="runner_z1" bosh_job_index="0" filename="/var/vcap/data/sys/log/dea_next/dea_next.log"] {"timestamp":1475179191.778035,"message":"hm9000.heartbeat.accepted","log_level":"debug","source":"Dea::Bootstrap","data":{},"thread_id":47241037002940,"fiber_id":47241047587280,"process_id":6941,"file":"/var/vcap/packages/dea_next/lib/dea/utils/hm9000.rb","lineno":49,"method":"handle_http_response"}

2016-09-29T19:59:57.104254+00:00 152ab062-1f32-4789-910a-13bdc79651b2 - - - [NXLOG@14506 bosh_deployment="cf-warden" bosh_job_name="hm9000_z1" bosh_job_index="0" filename="/var/vcap/data/sys/log/hm9000/hm9000_listener.log"] {"timestamp":"1475179191.777193069","source":"listener","message":"listener.Received a heartbeat","log_level":1,"data":{"Heartbeats Pending Save":"1"}}

2016-09-29T19:59:57.104399+00:00 152ab062-1f32-4789-910a-13bdc79651b2 - - - [NXLOG@14506 bosh_deployment="cf-warden" bosh_job_name="hm9000_z1" bosh_job_index="0" filename="/var/vcap/data/sys/log/hm9000/hm9000_listener.log"] {"timestamp":"1475179191.816058874","source":"listener","message":"listener.Saving Heartbeats","log_level":1,"data":{"Heartbeats to Save":"1"}}

2016-09-29T19:59:57.104466+00:00 152ab062-1f32-4789-910a-13bdc79651b2 - - - [NXLOG@14506 bosh_deployment="cf-warden" bosh_job_name="hm9000_z1" bosh_job_index="0" filename="/var/vcap/data/sys/log/hm9000/hm9000_listener.log"] {"timestamp":"1475179191.823585272","source":"listener","message":"listener.Bumped freshness","log_level":1,"data":{}}

2016-09-29T19:59:57.104504+00:00 152ab062-1f32-4789-910a-13bdc79651b2 - - - [NXLOG@14506 bosh_deployment="cf-warden" bosh_job_name="hm9000_z1" bosh_job_index="0" filename="/var/vcap/data/sys/log/hm9000/hm9000_listener.log"] {"timestamp":"1475179191.823618412","source":"listener","message":"listener.Saved Heartbeats","log_level":1,"data":{"Duration":"7.479869ms","Heartbeats to Save":"1"}}

2016-09-29T19:59:57.104292+00:00 f0562343-642f-42d4-aca5-293abe675815 - - - [NXLOG@14506 bosh_deployment="cf-warden" bosh_job_name="blobstore_z1" bosh_job_index="0" filename="/var/vcap/data/sys/log/route_registrar/route_registrar.stdout.log"] {"timestamp":"1475179188.514823198","source":"Route Registrar","message":"Route Registrar.no healthchecker found for route","log_level":1,"data":{"route":{"Name":"blobstore","Port":80,"Tags":{"component":"blobstore"},"URIs":["blobstore.bosh-lite.com"],"RouteServiceUrl":"","RegistrationInterval":20000000000,"HealthCheck":null}}}

2016-09-29T19:59:57.104435+00:00 f0562343-642f-42d4-aca5-293abe675815 - - - [NXLOG@14506 bosh_deployment="cf-warden" bosh_job_name="blobstore_z1" bosh_job_index="0" filename="/var/vcap/data/sys/log/route_registrar/route_registrar.stdout.log"] {"timestamp":"1475179188.514938593","source":"Route Registrar","message":"Route Registrar.Registering route","log_level":1,"data":{"route":{"Name":"blobstore","Port":80,"Tags":{"component":"blobstore"},"URIs":["blobstore.bosh-lite.com"],"RouteServiceUrl":"","RegistrationInterval":20000000000,"HealthCheck":null}}}

2016-09-29T19:59:57.104516+00:00 f0562343-642f-42d4-aca5-293abe675815 - - - [NXLOG@14506 bosh_deployment="cf-warden" bosh_job_name="blobstore_z1" bosh_job_index="0" filename="/var/vcap/data/sys/log/route_registrar/route_registrar.stdout.log"] {"timestamp":"1475179188.515078306","source":"Route Registrar","message":"Route Registrar.Registered routes successfully","log_level":1,"data":{}}

2016-09-29T19:59:57.106651+00:00 05bf1627-ae2f-400c-b1ce-31973a9ff23f - - - [NXLOG@14506 bosh_deployment="cf-warden" bosh_job_name="uaa_z1" bosh_job_index="0" filename="/var/vcap/data/sys/log/uaa/localhost_access.log"] 127.0.0.1 - - [29/Sep/2016:19:59:38 +0000] "GET /healthz HTTP/1.1" 200 3

2016-09-29T19:59:57.106746+00:00 05bf1627-ae2f-400c-b1ce-31973a9ff23f - - - [NXLOG@14506 bosh_deployment="cf-warden" bosh_job_name="uaa_z1" bosh_job_index="0" filename="/var/vcap/data/sys/log/uaa/localhost_access.log"] 127.0.0.1 - - [29/Sep/2016:19:59:40 +0000] "GET /healthz HTTP/1.1" 200 3

2016-09-29T19:59:57.106808+00:00 05bf1627-ae2f-400c-b1ce-31973a9ff23f - - - [NXLOG@14506 bosh_deployment="cf-warden" bosh_job_name="uaa_z1" bosh_job_index="0" filename="/var/vcap/data/sys/log/uaa/localhost_access.log"] 127.0.0.1 - - [29/Sep/2016:19:59:42 +0000] "GET /healthz HTTP/1.1" 200 3

2016-09-29T19:59:57.106851+00:00 05bf1627-ae2f-400c-b1ce-31973a9ff23f - - - [NXLOG@14506 bosh_deployment="cf-warden" bosh_job_name="uaa_z1" bosh_job_index="0" filename="/var/vcap/data/sys/log/uaa/localhost_access.log"] 127.0.0.1 - - [29/Sep/2016:19:59:46 +0000] "GET /healthz HTTP/1.1" 200 3

2016-09-29T19:59:57.106901+00:00 05bf1627-ae2f-400c-b1ce-31973a9ff23f - - - [NXLOG@14506 bosh_deployment="cf-warden" bosh_job_name="uaa_z1" bosh_job_index="0" filename="/var/vcap/data/sys/log/route_registrar/route_registrar.stdout.log"] {"timestamp":"1475179190.808240652","source":"Route Registrar","message":"Route Registrar.Executing script","log_level":1,"data":{"scriptPath":"/var/vcap/jobs/uaa/bin/health_check"}}

2016-09-29T19:59:57.106957+00:00 05bf1627-ae2f-400c-b1ce-31973a9ff23f - - - [NXLOG@14506 bosh_deployment="cf-warden" bosh_job_name="uaa_z1" bosh_job_index="0" filename="/var/vcap/data/sys/log/route_registrar/route_registrar.stdout.log"] {"timestamp":"1475179190.822323084","source":"Route Registrar","message":"Route Registrar.Script exited without error","log_level":1,"data":{"script":"/var/vcap/jobs/uaa/bin/health_check","stderr":"  % Total    % Received % Xferd  Average Speed   Time    Time     Time  Current\n                                 Dload  Upload   Total   Spent    Left  Speed\n\r  0     0    0     0    0     0      0      0 --:--:-- --:--:-- --:--:--     0\r100     3  100     3    0     0   2332      0 --:--:-- --:--:-- --:--:--  3000\n","stdout":""}}

2016-09-29T19:59:57.107005+00:00 05bf1627-ae2f-400c-b1ce-31973a9ff23f - - - [NXLOG@14506 bosh_deployment="cf-warden" bosh_job_name="uaa_z1" bosh_job_index="0" filename="/var/vcap/data/sys/log/route_registrar/route_registrar.stdout.log"] {"timestamp":"1475179190.822397709","source":"Route Registrar","message":"Route Registrar.healthchecker returned healthy for route","log_level":1,"data":{"route":{"Name":"uaa","Port":8080,"Tags":{"component":"uaa"},"URIs":["uaa.bosh-lite.com","*.uaa.bosh-lite.com","login.bosh-lite.com","*.login.bosh-lite.com"],"RouteServiceUrl":"","RegistrationInterval":4000000000,"HealthCheck":{"Name":"uaa-healthcheck","ScriptPath":"/var/vcap/jobs/uaa/bin/health_check","Timeout":2000000000}}}}

2016-09-29T19:59:57.107029+00:00 05bf1627-ae2f-400c-b1ce-31973a9ff23f - - - [NXLOG@14506 bosh_deployment="cf-warden" bosh_job_name="uaa_z1" bosh_job_index="0" filename="/var/vcap/data/sys/log/route_registrar/route_registrar.stdout.log"] {"timestamp":"1475179190.822423458","source":"Route Registrar","message":"Route Registrar.Registering route","log_level":1,"data":{"route":{"Name":"uaa","Port":8080,"Tags":{"component":"uaa"},"URIs":["uaa.bosh-lite.com","*.uaa.bosh-lite.com","login.bosh-lite.com","*.login.bosh-lite.com"],"RouteServiceUrl":"","RegistrationInterval":4000000000,"HealthCheck":{"Name":"uaa-healthcheck","ScriptPath":"/var/vcap/jobs/uaa/bin/health_check","Timeout":2000000000}}}}

2016-09-29T19:59:57.107044+00:00 05bf1627-ae2f-400c-b1ce-31973a9ff23f - - - [NXLOG@14506 bosh_deployment="cf-warden" bosh_job_name="uaa_z1" bosh_job_index="0" filename="/var/vcap/data/sys/log/route_registrar/route_registrar.stdout.log"] {"timestamp":"1475179190.822486162","source":"Route Registrar","message":"Route Registrar.Registered routes successfully","log_level":1,"data":{}}

2016-09-29T19:59:57.107056+00:00 05bf1627-ae2f-400c-b1ce-31973a9ff23f - - - [NXLOG@14506 bosh_deployment="cf-warden" bosh_job_name="uaa_z1" bosh_job_index="0" filename="/var/vcap/data/sys/log/route_registrar/route_registrar.stdout.log"] {"timestamp":"1475179194.809091806","source":"Route Registrar","message":"Route Registrar.Executing script","log_level":1,"data":{"scriptPath":"/var/vcap/jobs/uaa/bin/health_check"}}

2016-09-29T19:59:57.107119+00:00 05bf1627-ae2f-400c-b1ce-31973a9ff23f - - - [NXLOG@14506 bosh_deployment="cf-warden" bosh_job_name="uaa_z1" bosh_job_index="0" filename="/var/vcap/data/sys/log/route_registrar/route_registrar.stdout.log"] {"timestamp":"1475179194.821093798","source":"Route Registrar","message":"Route Registrar.Script exited without error","log_level":1,"data":{"script":"/var/vcap/jobs/uaa/bin/health_check","stderr":"  % Total    % Received % Xferd  Average Speed   Time    Time     Time  Current\n                                 Dload  Upload   Total   Spent    Left  Speed\n\r  0     0    0     0    0     0      0      0 --:--:-- --:--:-- --:--:--     0\r100     3  100     3    0     0   2123      0 --:--:-- --:--:-- --:--:--  3000\n","stdout":""}}

2016-09-29T19:59:57.107159+00:00 05bf1627-ae2f-400c-b1ce-31973a9ff23f - - - [NXLOG@14506 bosh_deployment="cf-warden" bosh_job_name="uaa_z1" bosh_job_index="0" filename="/var/vcap/data/sys/log/route_registrar/route_registrar.stdout.log"] {"timestamp":"1475179194.821188688","source":"Route Registrar","message":"Route Registrar.healthchecker returned healthy for route","log_level":1,"data":{"route":{"Name":"uaa","Port":8080,"Tags":{"component":"uaa"},"URIs":["uaa.bosh-lite.com","*.uaa.bosh-lite.com","login.bosh-lite.com","*.login.bosh-lite.com"],"RouteServiceUrl":"","RegistrationInterval":4000000000,"HealthCheck":{"Name":"uaa-healthcheck","ScriptPath":"/var/vcap/jobs/uaa/bin/health_check","Timeout":2000000000}}}}

2016-09-29T19:59:57.107197+00:00 05bf1627-ae2f-400c-b1ce-31973a9ff23f - - - [NXLOG@14506 bosh_deployment="cf-warden" bosh_job_name="uaa_z1" bosh_job_index="0" filename="/var/vcap/data/sys/log/route_registrar/route_registrar.stdout.log"] {"timestamp":"1475179194.821214914","source":"Route Registrar","message":"Route Registrar.Registering route","log_level":1,"data":{"route":{"Name":"uaa","Port":8080,"Tags":{"component":"uaa"},"URIs":["uaa.bosh-lite.com","*.uaa.bosh-lite.com","login.bosh-lite.com","*.login.bosh-lite.com"],"RouteServiceUrl":"","RegistrationInterval":4000000000,"HealthCheck":{"Name":"uaa-healthcheck","ScriptPath":"/var/vcap/jobs/uaa/bin/health_check","Timeout":2000000000}}}}

2016-09-29T19:59:57.107263+00:00 05bf1627-ae2f-400c-b1ce-31973a9ff23f - - - [NXLOG@14506 bosh_deployment="cf-warden" bosh_job_name="uaa_z1" bosh_job_index="0" filename="/var/vcap/data/sys/log/route_registrar/route_registrar.stdout.log"] {"timestamp":"1475179194.821288586","source":"Route Registrar","message":"Route Registrar.Registered routes successfully","log_level":1,"data":{}}

2016-09-29T19:59:57.107387+00:00 05bf1627-ae2f-400c-b1ce-31973a9ff23f - - - [NXLOG@14506 bosh_deployment="cf-warden" bosh_job_name="uaa_z1" bosh_job_index="0" filename="/var/vcap/data/sys/log/uaa/uaa.log"] [2016-09-29 19:59:50.615] uaa - 19013 [http-nio-127.0.0.1-8989-exec-5] .... DEBUG --- AntPathRequestMatcher: Checking match of request : '/healthz'; against '/resources/**'

2016-09-29T19:59:57.107466+00:00 05bf1627-ae2f-400c-b1ce-31973a9ff23f - - - [NXLOG@14506 bosh_deployment="cf-warden" bosh_job_name="uaa_z1" bosh_job_index="0" filename="/var/vcap/data/sys/log/uaa/uaa.log"] [2016-09-29 19:59:50.615] uaa - 19013 [http-nio-127.0.0.1-8989-exec-5] .... DEBUG --- AntPathRequestMatcher: Checking match of request : '/healthz'; against '/square-logo.png'

2016-09-29T19:59:57.107524+00:00 05bf1627-ae2f-400c-b1ce-31973a9ff23f - - - [NXLOG@14506 bosh_deployment="cf-warden" bosh_job_name="uaa_z1" bosh_job_index="0" filename="/var/vcap/data/sys/log/uaa/uaa.log"] [2016-09-29 19:59:50.615] uaa - 19013 [http-nio-127.0.0.1-8989-exec-5] .... DEBUG --- AntPathRequestMatcher: Checking match of request : '/healthz'; against '/info'

2016-09-29T19:59:57.107568+00:00 05bf1627-ae2f-400c-b1ce-31973a9ff23f - - - [NXLOG@14506 bosh_deployment="cf-warden" bosh_job_name="uaa_z1" bosh_job_index="0" filename="/var/vcap/data/sys/log/uaa/uaa.log"] [2016-09-29 19:59:50.615] uaa - 19013 [http-nio-127.0.0.1-8989-exec-5] .... DEBUG --- AntPathRequestMatcher: Checking match of request : '/healthz'; against '/password/**'

2016-09-29T19:59:57.107608+00:00 05bf1627-ae2f-400c-b1ce-31973a9ff23f - - - [NXLOG@14506 bosh_deployment="cf-warden" bosh_job_name="uaa_z1" bosh_job_index="0" filename="/var/vcap/data/sys/log/uaa/uaa.log"] [2016-09-29 19:59:50.615] uaa - 19013 [http-nio-127.0.0.1-8989-exec-5] .... DEBUG --- AntPathRequestMatcher: Checking match of request : '/healthz'; against '/healthz/**'

2016-09-29T19:59:57.107637+00:00 05bf1627-ae2f-400c-b1ce-31973a9ff23f - - - [NXLOG@14506 bosh_deployment="cf-warden" bosh_job_name="uaa_z1" bosh_job_index="0" filename="/var/vcap/data/sys/log/uaa/uaa.log"] [2016-09-29 19:59:50.615] uaa - 19013 [http-nio-127.0.0.1-8989-exec-5] .... DEBUG --- FilterChainProxy: /healthz has an empty filter list

2016-09-29T19:59:57.107649+00:00 05bf1627-ae2f-400c-b1ce-31973a9ff23f - - - [NXLOG@14506 bosh_deployment="cf-warden" bosh_job_name="uaa_z1" bosh_job_index="0" filename="/var/vcap/data/sys/log/uaa/uaa.log"] [2016-09-29 19:59:50.615] uaa - 19013 [http-nio-127.0.0.1-8989-exec-5] .... DEBUG --- DispatcherServlet: DispatcherServlet with name 'spring' processing GET request for [/healthz]

2016-09-29T19:59:57.107660+00:00 05bf1627-ae2f-400c-b1ce-31973a9ff23f - - - [NXLOG@14506 bosh_deployment="cf-warden" bosh_job_name="uaa_z1" bosh_job_index="0" filename="/var/vcap/data/sys/log/uaa/uaa.log"] [2016-09-29 19:59:50.615] uaa - 19013 [http-nio-127.0.0.1-8989-exec-5] .... DEBUG --- DispatcherServlet: Last-Modified value for [/healthz] is: -1

2016-09-29T19:59:57.107687+00:00 05bf1627-ae2f-400c-b1ce-31973a9ff23f - - - [NXLOG@14506 bosh_deployment="cf-warden" bosh_job_name="uaa_z1" bosh_job_index="0" filename="/var/vcap/data/sys/log/uaa/uaa.log"] [2016-09-29 19:59:50.615] uaa - 19013 [http-nio-127.0.0.1-8989-exec-5] .... DEBUG --- RequestResponseBodyMethodProcessor: Written [ok

2016-09-29T19:59:57.107712+00:00 05bf1627-ae2f-400c-b1ce-31973a9ff23f - - - [NXLOG@14506 bosh_deployment="cf-warden" bosh_job_name="uaa_z1" bosh_job_index="0" filename="/var/vcap/data/sys/log/uaa/uaa.log"] ] as "text/plain;charset=ISO-8859-1" using [org.springframework.http.converter.StringHttpMessageConverter@178b2baf]

2016-09-29T19:59:57.107739+00:00 05bf1627-ae2f-400c-b1ce-31973a9ff23f - - - [NXLOG@14506 bosh_deployment="cf-warden" bosh_job_name="uaa_z1" bosh_job_index="0" filename="/var/vcap/data/sys/log/uaa/uaa.log"] [2016-09-29 19:59:50.615] uaa - 19013 [http-nio-127.0.0.1-8989-exec-5] .... DEBUG --- DispatcherServlet: Null ModelAndView returned to DispatcherServlet with name 'spring': assuming HandlerAdapter completed request handling

2016-09-29T19:59:57.107752+00:00 05bf1627-ae2f-400c-b1ce-31973a9ff23f - - - [NXLOG@14506 bosh_deployment="cf-warden" bosh_job_name="uaa_z1" bosh_job_index="0" filename="/var/vcap/data/sys/log/uaa/uaa.log"] [2016-09-29 19:59:50.615] uaa - 19013 [http-nio-127.0.0.1-8989-exec-5] .... DEBUG --- DispatcherServlet: Successfully completed request

2016-09-29T19:59:57.107795+00:00 05bf1627-ae2f-400c-b1ce-31973a9ff23f - - - [NXLOG@14506 bosh_deployment="cf-warden" bosh_job_name="uaa_z1" bosh_job_index="0" filename="/var/vcap/data/sys/log/uaa/uaa.log"] [2016-09-29 19:59:50.820] uaa - 19013 [http-nio-127.0.0.1-8989-exec-6] .... DEBUG --- AntPathRequestMatcher: Checking match of request : '/healthz'; against '/resources/**'

2016-09-29T19:59:57.107808+00:00 05bf1627-ae2f-400c-b1ce-31973a9ff23f - - - [NXLOG@14506 bosh_deployment="cf-warden" bosh_job_name="uaa_z1" bosh_job_index="0" filename="/var/vcap/data/sys/log/uaa/uaa.log"] [2016-09-29 19:59:50.820] uaa - 19013 [http-nio-127.0.0.1-8989-exec-6] .... DEBUG --- AntPathRequestMatcher: Checking match of request : '/healthz'; against '/square-logo.png'

2016-09-29T19:59:57.107870+00:00 05bf1627-ae2f-400c-b1ce-31973a9ff23f - - - [NXLOG@14506 bosh_deployment="cf-warden" bosh_job_name="uaa_z1" bosh_job_index="0" filename="/var/vcap/data/sys/log/uaa/uaa.log"] [2016-09-29 19:59:50.820] uaa - 19013 [http-nio-127.0.0.1-8989-exec-6] .... DEBUG --- AntPathRequestMatcher: Checking match of request : '/healthz'; against '/info'

2016-09-29T19:59:57.107883+00:00 05bf1627-ae2f-400c-b1ce-31973a9ff23f - - - [NXLOG@14506 bosh_deployment="cf-warden" bosh_job_name="uaa_z1" bosh_job_index="0" filename="/var/vcap/data/sys/log/uaa/uaa.log"] [2016-09-29 19:59:50.820] uaa - 19013 [http-nio-127.0.0.1-8989-exec-6] .... DEBUG --- AntPathRequestMatcher: Checking match of request : '/healthz'; against '/password/**'

2016-09-29T19:59:57.107893+00:00 05bf1627-ae2f-400c-b1ce-31973a9ff23f - - - [NXLOG@14506 bosh_deployment="cf-warden" bosh_job_name="uaa_z1" bosh_job_index="0" filename="/var/vcap/data/sys/log/uaa/uaa.log"] [2016-09-29 19:59:50.820] uaa - 19013 [http-nio-127.0.0.1-8989-exec-6] .... DEBUG --- AntPathRequestMatcher: Checking match of request : '/healthz'; against '/healthz/**'

2016-09-29T19:59:57.107922+00:00 05bf1627-ae2f-400c-b1ce-31973a9ff23f - - - [NXLOG@14506 bosh_deployment="cf-warden" bosh_job_name="uaa_z1" bosh_job_index="0" filename="/var/vcap/data/sys/log/uaa/uaa.log"] [2016-09-29 19:59:50.820] uaa - 19013 [http-nio-127.0.0.1-8989-exec-6] .... DEBUG --- FilterChainProxy: /healthz has an empty filter list

2016-09-29T19:59:57.107948+00:00 05bf1627-ae2f-400c-b1ce-31973a9ff23f - - - [NXLOG@14506 bosh_deployment="cf-warden" bosh_job_name="uaa_z1" bosh_job_index="0" filename="/var/vcap/data/sys/log/uaa/uaa.log"] [2016-09-29 19:59:50.820] uaa - 19013 [http-nio-127.0.0.1-8989-exec-6] .... DEBUG --- DispatcherServlet: DispatcherServlet with name 'spring' processing GET request for [/healthz]

2016-09-29T19:59:57.107975+00:00 05bf1627-ae2f-400c-b1ce-31973a9ff23f - - - [NXLOG@14506 bosh_deployment="cf-warden" bosh_job_name="uaa_z1" bosh_job_index="0" filename="/var/vcap/data/sys/log/uaa/uaa.log"] [2016-09-29 19:59:50.820] uaa - 19013 [http-nio-127.0.0.1-8989-exec-6] .... DEBUG --- DispatcherServlet: Last-Modified value for [/healthz] is: -1

2016-09-29T19:59:57.107986+00:00 05bf1627-ae2f-400c-b1ce-31973a9ff23f - - - [NXLOG@14506 bosh_deployment="cf-warden" bosh_job_name="uaa_z1" bosh_job_index="0" filename="/var/vcap/data/sys/log/uaa/uaa.log"] [2016-09-29 19:59:50.820] uaa - 19013 [http-nio-127.0.0.1-8989-exec-6] .... DEBUG --- RequestResponseBodyMethodProcessor: Written [ok

2016-09-29T19:59:57.108026+00:00 05bf1627-ae2f-400c-b1ce-31973a9ff23f - - - [NXLOG@14506 bosh_deployment="cf-warden" bosh_job_name="uaa_z1" bosh_job_index="0" filename="/var/vcap/data/sys/log/uaa/uaa.log"] ] as "text/plain;charset=ISO-8859-1" using [org.springframework.http.converter.StringHttpMessageConverter@178b2baf]

2016-09-29T19:59:57.108054+00:00 05bf1627-ae2f-400c-b1ce-31973a9ff23f - - - [NXLOG@14506 bosh_deployment="cf-warden" bosh_job_name="uaa_z1" bosh_job_index="0" filename="/var/vcap/data/sys/log/uaa/uaa.log"] [2016-09-29 19:59:50.820] uaa - 19013 [http-nio-127.0.0.1-8989-exec-6] .... DEBUG --- DispatcherServlet: Null ModelAndView returned to DispatcherServlet with name 'spring': assuming HandlerAdapter completed request handling

2016-09-29T19:59:57.108067+00:00 05bf1627-ae2f-400c-b1ce-31973a9ff23f - - - [NXLOG@14506 bosh_deployment="cf-warden" bosh_job_name="uaa_z1" bosh_job_index="0" filename="/var/vcap/data/sys/log/uaa/uaa.log"] [2016-09-29 19:59:50.820] uaa - 19013 [http-nio-127.0.0.1-8989-exec-6] .... DEBUG --- DispatcherServlet: Successfully completed request

2016-09-29T19:59:57.108078+00:00 05bf1627-ae2f-400c-b1ce-31973a9ff23f - - - [NXLOG@14506 bosh_deployment="cf-warden" bosh_job_name="uaa_z1" bosh_job_index="0" filename="/var/vcap/data/sys/log/uaa/uaa.log"] [2016-09-29 19:59:51.156] uaa - 19013 [pool-2-thread-1] .... DEBUG --- JdbcTemplate: Executing SQL query [select count(*) from oauth_client_details]

2016-09-29T19:59:57.108088+00:00 05bf1627-ae2f-400c-b1ce-31973a9ff23f - - - [NXLOG@14506 bosh_deployment="cf-warden" bosh_job_name="uaa_z1" bosh_job_index="0" filename="/var/vcap/data/sys/log/uaa/uaa.log"] [2016-09-29 19:59:51.158] uaa - 19013 [pool-2-thread-1] .... DEBUG --- JdbcTemplate: Executing SQL query [select count(*) from users]

2016-09-29T19:59:57.108126+00:00 05bf1627-ae2f-400c-b1ce-31973a9ff23f - - - [NXLOG@14506 bosh_deployment="cf-warden" bosh_job_name="uaa_z1" bosh_job_index="0" filename="/var/vcap/data/sys/log/uaa/uaa.log"] [2016-09-29 19:59:54.819] uaa - 19013 [http-nio-127.0.0.1-8989-exec-7] .... DEBUG --- AntPathRequestMatcher: Checking match of request : '/healthz'; against '/resources/**'

2016-09-29T19:59:57.108152+00:00 05bf1627-ae2f-400c-b1ce-31973a9ff23f - - - [NXLOG@14506 bosh_deployment="cf-warden" bosh_job_name="uaa_z1" bosh_job_index="0" filename="/var/vcap/data/sys/log/uaa/uaa.log"] [2016-09-29 19:59:54.819] uaa - 19013 [http-nio-127.0.0.1-8989-exec-7] .... DEBUG --- AntPathRequestMatcher: Checking match of request : '/healthz'; against '/square-logo.png'

2016-09-29T19:59:57.108177+00:00 05bf1627-ae2f-400c-b1ce-31973a9ff23f - - - [NXLOG@14506 bosh_deployment="cf-warden" bosh_job_name="uaa_z1" bosh_job_index="0" filename="/var/vcap/data/sys/log/uaa/uaa.log"] [2016-09-29 19:59:54.819] uaa - 19013 [http-nio-127.0.0.1-8989-exec-7] .... DEBUG --- AntPathRequestMatcher: Checking match of request : '/healthz'; against '/info'

2016-09-29T19:59:57.108189+00:00 05bf1627-ae2f-400c-b1ce-31973a9ff23f - - - [NXLOG@14506 bosh_deployment="cf-warden" bosh_job_name="uaa_z1" bosh_job_index="0" filename="/var/vcap/data/sys/log/uaa/uaa.log"] [2016-09-29 19:59:54.819] uaa - 19013 [http-nio-127.0.0.1-8989-exec-7] .... DEBUG --- AntPathRequestMatcher: Checking match of request : '/healthz'; against '/password/**'

2016-09-29T19:59:57.108214+00:00 05bf1627-ae2f-400c-b1ce-31973a9ff23f - - - [NXLOG@14506 bosh_deployment="cf-warden" bosh_job_name="uaa_z1" bosh_job_index="0" filename="/var/vcap/data/sys/log/uaa/uaa.log"] [2016-09-29 19:59:54.819] uaa - 19013 [http-nio-127.0.0.1-8989-exec-7] .... DEBUG --- AntPathRequestMatcher: Checking match of request : '/healthz'; against '/healthz/**'

2016-09-29T19:59:57.108225+00:00 05bf1627-ae2f-400c-b1ce-31973a9ff23f - - - [NXLOG@14506 bosh_deployment="cf-warden" bosh_job_name="uaa_z1" bosh_job_index="0" filename="/var/vcap/data/sys/log/uaa/uaa.log"] [2016-09-29 19:59:54.819] uaa - 19013 [http-nio-127.0.0.1-8989-exec-7] .... DEBUG --- FilterChainProxy: /healthz has an empty filter list

2016-09-29T19:59:57.108245+00:00 05bf1627-ae2f-400c-b1ce-31973a9ff23f - - - [NXLOG@14506 bosh_deployment="cf-warden" bosh_job_name="uaa_z1" bosh_job_index="0" filename="/var/vcap/data/sys/log/uaa/uaa.log"] [2016-09-29 19:59:54.819] uaa - 19013 [http-nio-127.0.0.1-8989-exec-7] .... DEBUG --- DispatcherServlet: DispatcherServlet with name 'spring' processing GET request for [/healthz]

2016-09-29T19:59:57.108256+00:00 05bf1627-ae2f-400c-b1ce-31973a9ff23f - - - [NXLOG@14506 bosh_deployment="cf-warden" bosh_job_name="uaa_z1" bosh_job_index="0" filename="/var/vcap/data/sys/log/uaa/uaa.log"] [2016-09-29 19:59:54.819] uaa - 19013 [http-nio-127.0.0.1-8989-exec-7] .... DEBUG --- DispatcherServlet: Last-Modified value for [/healthz] is: -1

2016-09-29T19:59:57.108354+00:00 05bf1627-ae2f-400c-b1ce-31973a9ff23f - - - [NXLOG@14506 bosh_deployment="cf-warden" bosh_job_name="uaa_z1" bosh_job_index="0" filename="/var/vcap/data/sys/log/uaa/uaa.log"] [2016-09-29 19:59:54.819] uaa - 19013 [http-nio-127.0.0.1-8989-exec-7] .... DEBUG --- RequestResponseBodyMethodProcessor: Written [ok

2016-09-29T19:59:57.108376+00:00 05bf1627-ae2f-400c-b1ce-31973a9ff23f - - - [NXLOG@14506 bosh_deployment="cf-warden" bosh_job_name="uaa_z1" bosh_job_index="0" filename="/var/vcap/data/sys/log/uaa/uaa.log"] ] as "text/plain;charset=ISO-8859-1" using [org.springframework.http.converter.StringHttpMessageConverter@178b2baf]

2016-09-29T19:59:57.108387+00:00 05bf1627-ae2f-400c-b1ce-31973a9ff23f - - - [NXLOG@14506 bosh_deployment="cf-warden" bosh_job_name="uaa_z1" bosh_job_index="0" filename="/var/vcap/data/sys/log/uaa/uaa.log"] [2016-09-29 19:59:54.819] uaa - 19013 [http-nio-127.0.0.1-8989-exec-7] .... DEBUG --- DispatcherServlet: Null ModelAndView returned to DispatcherServlet with name 'spring': assuming HandlerAdapter completed request handling

2016-09-29T19:59:57.108397+00:00 05bf1627-ae2f-400c-b1ce-31973a9ff23f - - - [NXLOG@14506 bosh_deployment="cf-warden" bosh_job_name="uaa_z1" bosh_job_index="0" filename="/var/vcap/data/sys/log/uaa/uaa.log"] [2016-09-29 19:59:54.819] uaa - 19013 [http-nio-127.0.0.1-8989-exec-7] .... DEBUG --- DispatcherServlet: Successfully completed request

2016-09-29T19:59:57.108440+00:00 05bf1627-ae2f-400c-b1ce-31973a9ff23f - - - [NXLOG@14506 bosh_deployment="cf-warden" bosh_job_name="uaa_z1" bosh_job_index="0" filename="/var/vcap/data/sys/log/uaa/uaa.log"] [2016-09-29 19:59:56.156] uaa - 19013 [pool-2-thread-1] .... DEBUG --- JdbcTemplate: Executing SQL query [select count(*) from oauth_client_details]

2016-09-29T19:59:57.108468+00:00 05bf1627-ae2f-400c-b1ce-31973a9ff23f - - - [NXLOG@14506 bosh_deployment="cf-warden" bosh_job_name="uaa_z1" bosh_job_index="0" filename="/var/vcap/data/sys/log/uaa/uaa.log"] [2016-09-29 19:59:56.157] uaa - 19013 [pool-2-thread-1] .... DEBUG --- JdbcTemplate: Executing SQL query [select count(*) from users]

2016-09-29T19:59:57.125383+00:00 b0fa19c0-86de-4447-a670-3f7adbd0b3c1 - - - [NXLOG@14506 bosh_deployment="cf-warden" bosh_job_name="api_z1" bosh_job_index="0" filename="/var/vcap/data/sys/log/cloud_controller_worker/cloud_controller_worker.log"] {"timestamp":1475179191.115759,"message":"(0.000617s) SELECT * FROM \"delayed_jobs\" WHERE ((((\"run_at\" <= '2016-09-29 19:59:51.114646+0000') AND (\"locked_at\" IS NULL)) OR (\"locked_by\" = 'cc_global_worker.api_z1.0.1')) AND (\"failed_at\" IS NULL) AND (\"queue\" IN ('cc-generic'))) ORDER BY \"priority\" ASC, \"run_at\" ASC LIMIT 5","log_level":"debug2","source":"cc.background","data":{},"thread_id":47193737007380,"fiber_id":47193773841900,"process_id":15807,"file":"/var/vcap/packages/cloud_controller_ng/cloud_controller_ng/vendor/bundle/ruby/2.3.0/gems/sequel-4.29.0/lib/sequel/database/logging.rb","lineno":70,"method":"block in log_each"}

2016-09-29T19:59:57.125565+00:00 b0fa19c0-86de-4447-a670-3f7adbd0b3c1 - - - [NXLOG@14506 bosh_deployment="cf-warden" bosh_job_name="api_z1" bosh_job_index="0" filename="/var/vcap/data/sys/log/cloud_controller_worker/cloud_controller_worker.log"] {"timestamp":1475179196.1405418,"message":"(0.000565s) SELECT * FROM \"delayed_jobs\" WHERE ((((\"run_at\" <= '2016-09-29 19:59:56.139503+0000') AND (\"locked_at\" IS NULL)) OR (\"locked_by\" = 'cc_global_worker.api_z1.0.1')) AND (\"failed_at\" IS NULL) AND (\"queue\" IN ('cc-generic'))) ORDER BY \"priority\" ASC, \"run_at\" ASC LIMIT 5","log_level":"debug2","source":"cc.background","data":{},"thread_id":47193737007380,"fiber_id":47193773841900,"process_id":15807,"file":"/var/vcap/packages/cloud_controller_ng/cloud_controller_ng/vendor/bundle/ruby/2.3.0/gems/sequel-4.29.0/lib/sequel/database/logging.rb","lineno":70,"method":"block in log_each"}

2016-09-29T19:59:57.125663+00:00 b0fa19c0-86de-4447-a670-3f7adbd0b3c1 - - - [NXLOG@14506 bosh_deployment="cf-warden" bosh_job_name="api_z1" bosh_job_index="0" filename="/var/vcap/data/sys/log/nginx_cc/nginx.access.log"] 10.244.0.138 - [29/Sep/2016:19:59:56 +0000] "GET /v2/info HTTP/1.1" 200 802 "-" "monit/5.2.5" 10.244.0.138 vcap_request_id:9162615c-95eb-4ddb-8597-76a1d5880e1b response_time:0.004

2016-09-29T19:59:57.125771+00:00 b0fa19c0-86de-4447-a670-3f7adbd0b3c1 - - - [NXLOG@14506 bosh_deployment="cf-warden" bosh_job_name="api_z1" bosh_job_index="0" filename="/var/vcap/data/sys/log/cloud_controller_ng/cloud_controller_ng.log"] {"timestamp":1475179187.5622535,"message":"(0.000593s) SELECT * FROM \"delayed_jobs\" WHERE ((((\"run_at\" <= '2016-09-29 19:59:47.561130+0000') AND (\"locked_at\" IS NULL)) OR (\"locked_by\" = 'cc_api_worker.api_z1.0.1')) AND (\"failed_at\" IS NULL) AND (\"queue\" IN ('cc-api_z1-0'))) ORDER BY \"priority\" ASC, \"run_at\" ASC LIMIT 5","log_level":"debug2","source":"cc.background","data":{},"thread_id":47452862460180,"fiber_id":47452899698480,"process_id":15587,"file":"/var/vcap/packages/cloud_controller_ng/cloud_controller_ng/vendor/bundle/ruby/2.3.0/gems/sequel-4.29.0/lib/sequel/database/logging.rb","lineno":70,"method":"block in log_each"}

2016-09-29T19:59:57.125848+00:00 b0fa19c0-86de-4447-a670-3f7adbd0b3c1 - - - [NXLOG@14506 bosh_deployment="cf-warden" bosh_job_name="api_z1" bosh_job_index="0" filename="/var/vcap/data/sys/log/cloud_controller_ng/cloud_controller_ng.log"] {"timestamp":1475179191.1380856,"message":"(0.000527s) SELECT * FROM \"delayed_jobs\" WHERE ((((\"run_at\" <= '2016-09-29 19:59:51.136997+0000') AND (\"locked_at\" IS NULL)) OR (\"locked_by\" = 'cc_api_worker.api_z1.0.2')) AND (\"failed_at\" IS NULL) AND (\"queue\" IN ('cc-api_z1-0'))) ORDER BY \"priority\" ASC, \"run_at\" ASC LIMIT 5","log_level":"debug2","source":"cc.background","data":{},"thread_id":47118928261380,"fiber_id":47118965175380,"process_id":15629,"file":"/var/vcap/packages/cloud_controller_ng/cloud_controller_ng/vendor/bundle/ruby/2.3.0/gems/sequel-4.29.0/lib/sequel/database/logging.rb","lineno":70,"method":"block in log_each"}

2016-09-29T19:59:57.125906+00:00 b0fa19c0-86de-4447-a670-3f7adbd0b3c1 - - - [NXLOG@14506 bosh_deployment="cf-warden" bosh_job_name="api_z1" bosh_job_index="0" filename="/var/vcap/data/sys/log/cloud_controller_ng/cloud_controller_ng.log"] {"timestamp":1475179192.5814505,"message":"(0.000582s) SELECT * FROM \"delayed_jobs\" WHERE ((((\"run_at\" <= '2016-09-29 19:59:52.578512+0000') AND (\"locked_at\" IS NULL)) OR (\"locked_by\" = 'cc_api_worker.api_z1.0.1')) AND (\"failed_at\" IS NULL) AND (\"queue\" IN ('cc-api_z1-0'))) ORDER BY \"priority\" ASC, \"run_at\" ASC LIMIT 5","log_level":"debug2","source":"cc.background","data":{},"thread_id":47452862460180,"fiber_id":47452899698480,"process_id":15587,"file":"/var/vcap/packages/cloud_controller_ng/cloud_controller_ng/vendor/bundle/ruby/2.3.0/gems/sequel-4.29.0/lib/sequel/database/logging.rb","lineno":70,"method":"block in log_each"}

2016-09-29T19:59:57.125963+00:00 b0fa19c0-86de-4447-a670-3f7adbd0b3c1 - - - [NXLOG@14506 bosh_deployment="cf-warden" bosh_job_name="api_z1" bosh_job_index="0" filename="/var/vcap/data/sys/log/cloud_controller_ng/cloud_controller_ng.log"] {"timestamp":1475179196.15765,"message":"(0.000419s) SELECT * FROM \"delayed_jobs\" WHERE ((((\"run_at\" <= '2016-09-29 19:59:56.156752+0000') AND (\"locked_at\" IS NULL)) OR (\"locked_by\" = 'cc_api_worker.api_z1.0.2')) AND (\"failed_at\" IS NULL) AND (\"queue\" IN ('cc-api_z1-0'))) ORDER BY \"priority\" ASC, \"run_at\" ASC LIMIT 5","log_level":"debug2","source":"cc.background","data":{},"thread_id":47118928261380,"fiber_id":47118965175380,"process_id":15629,"file":"/var/vcap/packages/cloud_controller_ng/cloud_controller_ng/vendor/bundle/ruby/2.3.0/gems/sequel-4.29.0/lib/sequel/database/logging.rb","lineno":70,"method":"block in log_each"}

2016-09-29T19:59:57.126018+00:00 b0fa19c0-86de-4447-a670-3f7adbd0b3c1 - - - [NXLOG@14506 bosh_deployment="cf-warden" bosh_job_name="api_z1" bosh_job_index="0" filename="/var/vcap/data/sys/log/cloud_controller_ng/cloud_controller_ng.log"] {"timestamp":1475179196.9685235,"message":"Statsd: cc.requests.outstanding:1|c","log_level":"debug","source":"statsd.client","data":{},"thread_id":47062185508520,"fiber_id":47062184490200,"process_id":15535,"file":"/var/vcap/packages/cloud_controller_ng/cloud_controller_ng/vendor/bundle/ruby/2.3.0/gems/statsd-ruby-1.2.1/lib/statsd.rb","lineno":254,"method":"send_to_socket"}

2016-09-29T19:59:57.126071+00:00 b0fa19c0-86de-4447-a670-3f7adbd0b3c1 - - - [NXLOG@14506 bosh_deployment="cf-warden" bosh_job_name="api_z1" bosh_job_index="0" filename="/var/vcap/data/sys/log/cloud_controller_ng/cloud_controller_ng.log"] {"timestamp":1475179196.9691408,"message":"Started GET \"/v2/info\" for user: , ip: 127.0.0.1 with vcap-request-id: 9162615c-95eb-4ddb-8597-76a1d5880e1b at 2016-09-29 19:59:56 UTC","log_level":"info","source":"cc.api","data":{},"thread_id":47062185508520,"fiber_id":47062184490200,"process_id":15535,"file":"/var/vcap/packages/cloud_controller_ng/cloud_controller_ng/middleware/request_logs.rb","lineno":12,"method":"call"}

2016-09-29T19:59:57.126126+00:00 b0fa19c0-86de-4447-a670-3f7adbd0b3c1 - - - [NXLOG@14506 bosh_deployment="cf-warden" bosh_job_name="api_z1" bosh_job_index="0" filename="/var/vcap/data/sys/log/cloud_controller_ng/cloud_controller_ng.log"] {"timestamp":1475179196.9700127,"message":"dispatch VCAP::CloudController::InfoController get /v2/info","log_level":"debug","source":"cc.api","data":{"request_guid":"9162615c-95eb-4ddb-8597-76a1d5880e1b"},"thread_id":47062185508520,"fiber_id":47062184490200,"process_id":15535,"file":"/var/vcap/data/packages/cloud_controller_ng/f87cb49aa2cd87792cb9c2211a79e1542502be4d.1-b1a5f3c830cb6c32ae9e685628b24aa967f5ae54/cloud_controller_ng/lib/cloud_controller/rest_controller/routes.rb","lineno":12,"method":"block in define_route"}

2016-09-29T19:59:57.126180+00:00 b0fa19c0-86de-4447-a670-3f7adbd0b3c1 - - - [NXLOG@14506 bosh_deployment="cf-warden" bosh_job_name="api_z1" bosh_job_index="0" filename="/var/vcap/data/sys/log/cloud_controller_ng/cloud_controller_ng.log"] {"timestamp":1475179196.970221,"message":"parse_params: {} ","log_level":"debug","source":"cc.api","data":{"request_guid":"9162615c-95eb-4ddb-8597-76a1d5880e1b"},"thread_id":47062185508520,"fiber_id":47062184490200,"process_id":15535,"file":"/var/vcap/data/packages/cloud_controller_ng/f87cb49aa2cd87792cb9c2211a79e1542502be4d.1-b1a5f3c830cb6c32ae9e685628b24aa967f5ae54/cloud_controller_ng/lib/cloud_controller/rest_controller/common_params.rb","lineno":10,"method":"parse"}

2016-09-29T19:59:57.126231+00:00 b0fa19c0-86de-4447-a670-3f7adbd0b3c1 - - - [NXLOG@14506 bosh_deployment="cf-warden" bosh_job_name="api_z1" bosh_job_index="0" filename="/var/vcap/data/sys/log/cloud_controller_ng/cloud_controller_ng.log"] {"timestamp":1475179196.9703374,"message":"cc.dispatch","log_level":"debug","source":"cc.api","data":{"request_guid":"9162615c-95eb-4ddb-8597-76a1d5880e1b","endpoint":"read","args":[]},"thread_id":47062185508520,"fiber_id":47062184490200,"process_id":15535,"file":"/var/vcap/data/packages/cloud_controller_ng/f87cb49aa2cd87792cb9c2211a79e1542502be4d.1-b1a5f3c830cb6c32ae9e685628b24aa967f5ae54/cloud_controller_ng/app/controllers/base/base_controller.rb","lineno":78,"method":"dispatch"}

2016-09-29T19:59:57.126285+00:00 b0fa19c0-86de-4447-a670-3f7adbd0b3c1 - - - [NXLOG@14506 bosh_deployment="cf-warden" bosh_job_name="api_z1" bosh_job_index="0" filename="/var/vcap/data/sys/log/cloud_controller_ng/cloud_controller_ng.log"] {"timestamp":1475179196.970645,"message":"Completed 200 vcap-request-id: 9162615c-95eb-4ddb-8597-76a1d5880e1b","log_level":"info","source":"cc.api","data":{},"thread_id":47062185508520,"fiber_id":47062184490200,"process_id":15535,"file":"/var/vcap/packages/cloud_controller_ng/cloud_controller_ng/middleware/request_logs.rb","lineno":24,"method":"call"}

2016-09-29T19:59:57.126339+00:00 b0fa19c0-86de-4447-a670-3f7adbd0b3c1 - - - [NXLOG@14506 bosh_deployment="cf-warden" bosh_job_name="api_z1" bosh_job_index="0" filename="/var/vcap/data/sys/log/cloud_controller_ng/cloud_controller_ng.log"] {"timestamp":1475179196.970802,"message":"Statsd: cc.requests.outstanding:-1|c\ncc.requests.completed:1|c\ncc.http_status.2XX:1|c","log_level":"debug","source":"statsd.client","data":{},"thread_id":47062185508520,"fiber_id":47062184490200,"process_id":15535,"file":"/var/vcap/packages/cloud_controller_ng/cloud_controller_ng/vendor/bundle/ruby/2.3.0/gems/statsd-ruby-1.2.1/lib/statsd.rb","lineno":254,"method":"send_to_socket"}

2016-09-29T20:00:06.969302+00:00 bfc626ef-a2eb-4bad-8f71-fa1d6d0f927f - - - [NXLOG@14506 bosh_deployment="cf-warden" bosh_job_name="loggregator_trafficcontroller_z1" bosh_job_index="0" filename="/var/vcap/data/sys/log/route_registrar/route_registrar.stdout.log"] {"timestamp":"1475179206.733106375","source":"Route Registrar","message":"Route Registrar.no healthchecker found for route","log_level":1,"data":{"route":{"Name":"doppler","Port":8081,"Tags":null,"URIs":["doppler.bosh-lite.com"],"RouteServiceUrl":"","RegistrationInterval":20000000000,"HealthCheck":null}}}

2016-09-29T20:00:06.969400+00:00 bfc626ef-a2eb-4bad-8f71-fa1d6d0f927f - - - [NXLOG@14506 bosh_deployment="cf-warden" bosh_job_name="loggregator_trafficcontroller_z1" bosh_job_index="0" filename="/var/vcap/data/sys/log/route_registrar/route_registrar.stdout.log"] {"timestamp":"1475179206.733186960","source":"Route Registrar","message":"Route Registrar.Registering route","log_level":1,"data":{"route":{"Name":"doppler","Port":8081,"Tags":null,"URIs":["doppler.bosh-lite.com"],"RouteServiceUrl":"","RegistrationInterval":20000000000,"HealthCheck":null}}}

2016-09-29T20:00:06.969441+00:00 bfc626ef-a2eb-4bad-8f71-fa1d6d0f927f - - - [NXLOG@14506 bosh_deployment="cf-warden" bosh_job_name="loggregator_trafficcontroller_z1" bosh_job_index="0" filename="/var/vcap/data/sys/log/route_registrar/route_registrar.stdout.log"] {"timestamp":"1475179206.733330011","source":"Route Registrar","message":"Route Registrar.Registered routes successfully","log_level":1,"data":{}}

2016-09-29T20:00:06.969474+00:00 bfc626ef-a2eb-4bad-8f71-fa1d6d0f927f - - - [NXLOG@14506 bosh_deployment="cf-warden" bosh_job_name="loggregator_trafficcontroller_z1" bosh_job_index="0" filename="/var/vcap/data/sys/log/route_registrar/route_registrar.stdout.log"] {"timestamp":"1475179206.733347893","source":"Route Registrar","message":"Route Registrar.no healthchecker found for route","log_level":1,"data":{"route":{"Name":"loggregator","Port":8080,"Tags":null,"URIs":["loggregator.bosh-lite.com"],"RouteServiceUrl":"","RegistrationInterval":20000000000,"HealthCheck":null}}}

2016-09-29T20:00:06.969507+00:00 bfc626ef-a2eb-4bad-8f71-fa1d6d0f927f - - - [NXLOG@14506 bosh_deployment="cf-warden" bosh_job_name="loggregator_trafficcontroller_z1" bosh_job_index="0" filename="/var/vcap/data/sys/log/route_registrar/route_registrar.stdout.log"] {"timestamp":"1475179206.733354568","source":"Route Registrar","message":"Route Registrar.Registering route","log_level":1,"data":{"route":{"Name":"loggregator","Port":8080,"Tags":null,"URIs":["loggregator.bosh-lite.com"],"RouteServiceUrl":"","RegistrationInterval":20000000000,"HealthCheck":null}}}

2016-09-29T20:00:06.969539+00:00 bfc626ef-a2eb-4bad-8f71-fa1d6d0f927f - - - [NXLOG@14506 bosh_deployment="cf-warden" bosh_job_name="loggregator_trafficcontroller_z1" bosh_job_index="0" filename="/var/vcap/data/sys/log/route_registrar/route_registrar.stdout.log"] {"timestamp":"1475179206.733404636","source":"Route Registrar","message":"Route Registrar.Registered routes successfully","log_level":1,"data":{}}

2016-09-29T20:00:06.970119+00:00 81da04d2-3e1d-4a50-80cd-e5b2e7a3a719 - - - [NXLOG@14506 bosh_deployment="cf-warden" bosh_job_name="router_z1" bosh_job_index="0" filename="/var/vcap/data/sys/log/gorouter/access.log"] api.bosh-lite.com - [29/09/2016:20:00:00.904 +0000] "GET /v2/syslog_drain_urls?batch_size=1000 HTTP/1.1" 200 0 42 "-" "Go-http-client/1.1" 10.244.0.34:44662 x_forwarded_for:"10.244.0.146" x_forwarded_proto:"https" vcap_request_id:7270b8da-b75d-45b6-46e1-9a0b17250378 response_time:0.006736775 app_id:

2016-09-29T20:00:06.973874+00:00 fc52b791-0068-48d0-b63d-a9600b8fa32e - - - [NXLOG@14506 bosh_deployment="cf-warden" bosh_job_name="runner_z1" bosh_job_index="0" filename="/var/vcap/data/sys/log/dea_next/dea_next.log"] {"timestamp":1475179201.7663593,"message":"hm9000.heartbeat.sending","log_level":"debug","source":"Dea::Bootstrap","data":{"destination":"https://listener-hm9000.service.cf.internal:5335/dea/heartbeat"},"thread_id":47241037142420,"fiber_id":47241050325380,"process_id":6941,"file":"/var/vcap/packages/dea_next/lib/dea/utils/hm9000.rb","lineno":29,"method":"send_heartbeat"}

2016-09-29T20:00:06.974014+00:00 fc52b791-0068-48d0-b63d-a9600b8fa32e - - - [NXLOG@14506 bosh_deployment="cf-warden" bosh_job_name="runner_z1" bosh_job_index="0" filename="/var/vcap/data/sys/log/dea_next/dea_next.log"] {"timestamp":1475179201.7690928,"message":"hm9000.heartbeat.accepted","log_level":"debug","source":"Dea::Bootstrap","data":{},"thread_id":47241050154440,"fiber_id":47241051798960,"process_id":6941,"file":"/var/vcap/packages/dea_next/lib/dea/utils/hm9000.rb","lineno":49,"method":"handle_http_response"}

2016-09-29T20:00:06.974071+00:00 fc52b791-0068-48d0-b63d-a9600b8fa32e - - - [NXLOG@14506 bosh_deployment="cf-warden" bosh_job_name="runner_z1" bosh_job_index="0" filename="/var/vcap/data/sys/log/dea_next/dea_next.log"] {"timestamp":1475179206.1371891,"message":"Reaping orphaned containers","log_level":"debug","source":"Dea::Bootstrap","data":{},"thread_id":47241037142420,"fiber_id":47241050325380,"process_id":6941,"file":"/var/vcap/packages/dea_next/lib/dea/bootstrap.rb","lineno":236,"method":"reap_orphaned_containers"}

2016-09-29T20:00:07.103987+00:00 152ab062-1f32-4789-910a-13bdc79651b2 - - - [NXLOG@14506 bosh_deployment="cf-warden" bosh_job_name="hm9000_z1" bosh_job_index="0" filename="/var/vcap/data/sys/log/hm9000/hm9000_listener.log"] {"timestamp":"1475179201.768198490","source":"listener","message":"listener.Received a heartbeat","log_level":1,"data":{"Heartbeats Pending Save":"1"}}

2016-09-29T20:00:07.104106+00:00 152ab062-1f32-4789-910a-13bdc79651b2 - - - [NXLOG@14506 bosh_deployment="cf-warden" bosh_job_name="hm9000_z1" bosh_job_index="0" filename="/var/vcap/data/sys/log/hm9000/hm9000_listener.log"] {"timestamp":"1475179201.816190243","source":"listener","message":"listener.Saving Heartbeats","log_level":1,"data":{"Heartbeats to Save":"1"}}

2016-09-29T20:00:07.104188+00:00 152ab062-1f32-4789-910a-13bdc79651b2 - - - [NXLOG@14506 bosh_deployment="cf-warden" bosh_job_name="hm9000_z1" bosh_job_index="0" filename="/var/vcap/data/sys/log/hm9000/hm9000_listener.log"] {"timestamp":"1475179201.825739622","source":"listener","message":"listener.Bumped freshness","log_level":1,"data":{}}

2016-09-29T20:00:07.104267+00:00 152ab062-1f32-4789-910a-13bdc79651b2 - - - [NXLOG@14506 bosh_deployment="cf-warden" bosh_job_name="hm9000_z1" bosh_job_index="0" filename="/var/vcap/data/sys/log/hm9000/hm9000_listener.log"] {"timestamp":"1475179201.825991392","source":"listener","message":"listener.Saved Heartbeats","log_level":1,"data":{"Duration":"9.735684ms","Heartbeats to Save":"1"}}

2016-09-29T20:00:07.104310+00:00 152ab062-1f32-4789-910a-13bdc79651b2 - - - [NXLOG@14506 bosh_deployment="cf-warden" bosh_job_name="hm9000_z1" bosh_job_index="0" filename="/var/vcap/data/sys/log/route_registrar/route_registrar.stdout.log"] {"timestamp":"1475179202.324294329","source":"Route Registrar","message":"Route Registrar.no healthchecker found for route","log_level":1,"data":{"route":{"Name":"hm9000","Port":5155,"Tags":{"component":"HM9K"},"URIs":["hm9000.bosh-lite.com"],"RouteServiceUrl":"","RegistrationInterval":20000000000,"HealthCheck":null}}}

2016-09-29T20:00:07.104370+00:00 152ab062-1f32-4789-910a-13bdc79651b2 - - - [NXLOG@14506 bosh_deployment="cf-warden" bosh_job_name="hm9000_z1" bosh_job_index="0" filename="/var/vcap/data/sys/log/route_registrar/route_registrar.stdout.log"] {"timestamp":"1475179202.324438095","source":"Route Registrar","message":"Route Registrar.Registering route","log_level":1,"data":{"route":{"Name":"hm9000","Port":5155,"Tags":{"component":"HM9K"},"URIs":["hm9000.bosh-lite.com"],"RouteServiceUrl":"","RegistrationInterval":20000000000,"HealthCheck":null}}}

2016-09-29T20:00:07.104409+00:00 152ab062-1f32-4789-910a-13bdc79651b2 - - - [NXLOG@14506 bosh_deployment="cf-warden" bosh_job_name="hm9000_z1" bosh_job_index="0" filename="/var/vcap/data/sys/log/route_registrar/route_registrar.stdout.log"] {"timestamp":"1475179202.324539423","source":"Route Registrar","message":"Route Registrar.Registered routes successfully","log_level":1,"data":{}}

2016-09-29T20:00:07.104404+00:00 05bf1627-ae2f-400c-b1ce-31973a9ff23f - - - [NXLOG@14506 bosh_deployment="cf-warden" bosh_job_name="uaa_z1" bosh_job_index="0" filename="/var/vcap/data/sys/log/uaa/localhost_access.log"] 127.0.0.1 - - [29/Sep/2016:19:59:50 +0000] "GET /healthz HTTP/1.1" 200 3

2016-09-29T20:00:07.104485+00:00 05bf1627-ae2f-400c-b1ce-31973a9ff23f - - - [NXLOG@14506 bosh_deployment="cf-warden" bosh_job_name="uaa_z1" bosh_job_index="0" filename="/var/vcap/data/sys/log/uaa/localhost_access.log"] 127.0.0.1 - - [29/Sep/2016:19:59:50 +0000] "GET /healthz HTTP/1.1" 200 3

2016-09-29T20:00:07.104529+00:00 05bf1627-ae2f-400c-b1ce-31973a9ff23f - - - [NXLOG@14506 bosh_deployment="cf-warden" bosh_job_name="uaa_z1" bosh_job_index="0" filename="/var/vcap/data/sys/log/uaa/localhost_access.log"] 127.0.0.1 - - [29/Sep/2016:19:59:54 +0000] "GET /healthz HTTP/1.1" 200 3

2016-09-29T20:00:07.104594+00:00 05bf1627-ae2f-400c-b1ce-31973a9ff23f - - - [NXLOG@14506 bosh_deployment="cf-warden" bosh_job_name="uaa_z1" bosh_job_index="0" filename="/var/vcap/data/sys/log/route_registrar/route_registrar.stdout.log"] {"timestamp":"1475179198.808173656","source":"Route Registrar","message":"Route Registrar.Executing script","log_level":1,"data":{"scriptPath":"/var/vcap/jobs/uaa/bin/health_check"}}

2016-09-29T20:00:07.104634+00:00 05bf1627-ae2f-400c-b1ce-31973a9ff23f - - - [NXLOG@14506 bosh_deployment="cf-warden" bosh_job_name="uaa_z1" bosh_job_index="0" filename="/var/vcap/data/sys/log/route_registrar/route_registrar.stdout.log"] {"timestamp":"1475179198.821284056","source":"Route Registrar","message":"Route Registrar.Script exited without error","log_level":1,"data":{"script":"/var/vcap/jobs/uaa/bin/health_check","stderr":"  % Total    % Received % Xferd  Average Speed   Time    Time     Time  Current\n                                 Dload  Upload   Total   Spent    Left  Speed\n\r  0     0    0     0    0     0      0      0 --:--:-- --:--:-- --:--:--     0\r100     3  100     3    0     0   2452      0 --:--:-- --:--:-- --:--:--  3000\n","stdout":""}}

2016-09-29T20:00:07.104690+00:00 05bf1627-ae2f-400c-b1ce-31973a9ff23f - - - [NXLOG@14506 bosh_deployment="cf-warden" bosh_job_name="uaa_z1" bosh_job_index="0" filename="/var/vcap/data/sys/log/route_registrar/route_registrar.stdout.log"] {"timestamp":"1475179198.821399927","source":"Route Registrar","message":"Route Registrar.healthchecker returned healthy for route","log_level":1,"data":{"route":{"Name":"uaa","Port":8080,"Tags":{"component":"uaa"},"URIs":["uaa.bosh-lite.com","*.uaa.bosh-lite.com","login.bosh-lite.com","*.login.bosh-lite.com"],"RouteServiceUrl":"","RegistrationInterval":4000000000,"HealthCheck":{"Name":"uaa-healthcheck","ScriptPath":"/var/vcap/jobs/uaa/bin/health_check","Timeout":2000000000}}}}

2016-09-29T20:00:07.104741+00:00 05bf1627-ae2f-400c-b1ce-31973a9ff23f - - - [NXLOG@14506 bosh_deployment="cf-warden" bosh_job_name="uaa_z1" bosh_job_index="0" filename="/var/vcap/data/sys/log/route_registrar/route_registrar.stdout.log"] {"timestamp":"1475179198.821423769","source":"Route Registrar","message":"Route Registrar.Registering route","log_level":1,"data":{"route":{"Name":"uaa","Port":8080,"Tags":{"component":"uaa"},"URIs":["uaa.bosh-lite.com","*.uaa.bosh-lite.com","login.bosh-lite.com","*.login.bosh-lite.com"],"RouteServiceUrl":"","RegistrationInterval":4000000000,"HealthCheck":{"Name":"uaa-healthcheck","ScriptPath":"/var/vcap/jobs/uaa/bin/health_check","Timeout":2000000000}}}}

2016-09-29T20:00:16.974060+00:00 fc52b791-0068-48d0-b63d-a9600b8fa32e - - - [NXLOG@14506 bosh_deployment="cf-warden" bosh_job_name="runner_z1" bosh_job_index="0" filename="/var/vcap/data/sys/log/dea_next/dea_next.log"] {"timestamp":1475179211.7681584,"message":"hm9000.heartbeat.sending","log_level":"debug","source":"Dea::Bootstrap","data":{"destination":"https://listener-hm9000.service.cf.internal:5335/dea/heartbeat"},"thread_id":47241037142420,"fiber_id":47241050325380,"process_id":6941,"file":"/var/vcap/packages/dea_next/lib/dea/utils/hm9000.rb","lineno":29,"method":"send_heartbeat"}

2016-09-29T20:00:16.974212+00:00 fc52b791-0068-48d0-b63d-a9600b8fa32e - - - [NXLOG@14506 bosh_deployment="cf-warden" bosh_job_name="runner_z1" bosh_job_index="0" filename="/var/vcap/data/sys/log/dea_next/dea_next.log"] {"timestamp":1475179211.7823277,"message":"hm9000.heartbeat.accepted","log_level":"debug","source":"Dea::Bootstrap","data":{},"thread_id":47241050154260,"fiber_id":47241051787100,"process_id":6941,"file":"/var/vcap/packages/dea_next/lib/dea/utils/hm9000.rb","lineno":49,"method":"handle_http_response"}

2016-09-29T20:00:17.105539+00:00 f0562343-642f-42d4-aca5-293abe675815 - - - [NXLOG@14506 bosh_deployment="cf-warden" bosh_job_name="blobstore_z1" bosh_job_index="0" filename="/var/vcap/data/sys/log/route_registrar/route_registrar.stdout.log"] {"timestamp":"1475179208.514089823","source":"Route Registrar","message":"Route Registrar.no healthchecker found for route","log_level":1,"data":{"route":{"Name":"blobstore","Port":80,"Tags":{"component":"blobstore"},"URIs":["blobstore.bosh-lite.com"],"RouteServiceUrl":"","RegistrationInterval":20000000000,"HealthCheck":null}}}

2016-09-29T20:00:17.105661+00:00 f0562343-642f-42d4-aca5-293abe675815 - - - [NXLOG@14506 bosh_deployment="cf-warden" bosh_job_name="blobstore_z1" bosh_job_index="0" filename="/var/vcap/data/sys/log/route_registrar/route_registrar.stdout.log"] {"timestamp":"1475179208.514220953","source":"Route Registrar","message":"Route Registrar.Registering route","log_level":1,"data":{"route":{"Name":"blobstore","Port":80,"Tags":{"component":"blobstore"},"URIs":["blobstore.bosh-lite.com"],"RouteServiceUrl":"","RegistrationInterval":20000000000,"HealthCheck":null}}}

2016-09-29T20:00:17.105661+00:00 f0562343-642f-42d4-aca5-293abe675815 - - - [NXLOG@14506 bosh_deployment="cf-warden" bosh_job_name="blobstore_z1" bosh_job_index="0" filename="/var/vcap/data/sys/log/route_registrar/route_registrar.stdout.log"] {"timestamp":"1475179208.514340162","source":"Route Registrar","message":"Route Registrar.Registered routes successfully","log_level":1,"data":{}}

2016-09-29T20:00:17.105272+00:00 152ab062-1f32-4789-910a-13bdc79651b2 - - - [NXLOG@14506 bosh_deployment="cf-warden" bosh_job_name="hm9000_z1" bosh_job_index="0" filename="/var/vcap/data/sys/log/hm9000/hm9000_listener.log"] {"timestamp":"1475179211.781544209","source":"listener","message":"listener.Received a heartbeat","log_level":1,"data":{"Heartbeats Pending Save":"1"}}

2016-09-29T20:00:17.105510+00:00 152ab062-1f32-4789-910a-13bdc79651b2 - - - [NXLOG@14506 bosh_deployment="cf-warden" bosh_job_name="hm9000_z1" bosh_job_index="0" filename="/var/vcap/data/sys/log/hm9000/hm9000_listener.log"] {"timestamp":"1475179211.816761017","source":"listener","message":"listener.Saving Heartbeats","log_level":1,"data":{"Heartbeats to Save":"1"}}

2016-09-29T20:00:17.105563+00:00 152ab062-1f32-4789-910a-13bdc79651b2 - - - [NXLOG@14506 bosh_deployment="cf-warden" bosh_job_name="hm9000_z1" bosh_job_index="0" filename="/var/vcap/data/sys/log/hm9000/hm9000_listener.log"] {"timestamp":"1475179211.821613312","source":"listener","message":"listener.Bumped freshness","log_level":1,"data":{}}

2016-09-29T20:00:17.105623+00:00 152ab062-1f32-4789-910a-13bdc79651b2 - - - [NXLOG@14506 bosh_deployment="cf-warden" bosh_job_name="hm9000_z1" bosh_job_index="0" filename="/var/vcap/data/sys/log/hm9000/hm9000_listener.log"] {"timestamp":"1475179211.821639776","source":"listener","message":"listener.Saved Heartbeats","log_level":1,"data":{"Duration":"4.714125ms","Heartbeats to Save":"1"}}

2016-09-29T20:00:17.106961+00:00 05bf1627-ae2f-400c-b1ce-31973a9ff23f - - - [NXLOG@14506 bosh_deployment="cf-warden" bosh_job_name="uaa_z1" bosh_job_index="0" filename="/var/vcap/data/sys/log/uaa/localhost_access.log"] 127.0.0.1 - - [29/Sep/2016:19:59:58 +0000] "GET /healthz HTTP/1.1" 200 3

2016-09-29T20:00:17.107109+00:00 05bf1627-ae2f-400c-b1ce-31973a9ff23f - - - [NXLOG@14506 bosh_deployment="cf-warden" bosh_job_name="uaa_z1" bosh_job_index="0" filename="/var/vcap/data/sys/log/uaa/localhost_access.log"] 127.0.0.1 - - [29/Sep/2016:20:00:00 +0000] "GET /healthz HTTP/1.1" 200 3

2016-09-29T20:00:17.107210+00:00 05bf1627-ae2f-400c-b1ce-31973a9ff23f - - - [NXLOG@14506 bosh_deployment="cf-warden" bosh_job_name="uaa_z1" bosh_job_index="0" filename="/var/vcap/data/sys/log/uaa/localhost_access.log"] 127.0.0.1 - - [29/Sep/2016:20:00:02 +0000] "GET /healthz HTTP/1.1" 200 3

2016-09-29T20:00:17.107250+00:00 05bf1627-ae2f-400c-b1ce-31973a9ff23f - - - [NXLOG@14506 bosh_deployment="cf-warden" bosh_job_name="uaa_z1" bosh_job_index="0" filename="/var/vcap/data/sys/log/uaa/localhost_access.log"] 127.0.0.1 - - [29/Sep/2016:20:00:06 +0000] "GET /healthz HTTP/1.1" 200 3

2016-09-29T20:00:17.107288+00:00 05bf1627-ae2f-400c-b1ce-31973a9ff23f - - - [NXLOG@14506 bosh_deployment="cf-warden" bosh_job_name="uaa_z1" bosh_job_index="0" filename="/var/vcap/data/sys/log/route_registrar/route_registrar.stdout.log"] {"timestamp":"1475179210.809065104","source":"Route Registrar","message":"Route Registrar.Executing script","log_level":1,"data":{"scriptPath":"/var/vcap/jobs/uaa/bin/health_check"}}

2016-09-29T20:00:17.107337+00:00 05bf1627-ae2f-400c-b1ce-31973a9ff23f - - - [NXLOG@14506 bosh_deployment="cf-warden" bosh_job_name="uaa_z1" bosh_job_index="0" filename="/var/vcap/data/sys/log/route_registrar/route_registrar.stdout.log"] {"timestamp":"1475179210.820221424","source":"Route Registrar","message":"Route Registrar.Script exited without error","log_level":1,"data":{"script":"/var/vcap/jobs/uaa/bin/health_check","stderr":"  % Total    % Received % Xferd  Average Speed   Time    Time     Time  Current\n                                 Dload  Upload   Total   Spent    Left  Speed\n\r  0     0    0     0    0     0      0      0 --:--:-- --:--:-- --:--:--     0\r100     3  100     3    0     0   1770      0 --:--:-- --:--:-- --:--:--  3000\n","stdout":""}}

2016-09-29T20:00:17.107397+00:00 05bf1627-ae2f-400c-b1ce-31973a9ff23f - - - [NXLOG@14506 bosh_deployment="cf-warden" bosh_job_name="uaa_z1" bosh_job_index="0" filename="/var/vcap/data/sys/log/route_registrar/route_registrar.stdout.log"] {"timestamp":"1475179210.820404768","source":"Route Registrar","message":"Route Registrar.healthchecker returned healthy for route","log_level":1,"data":{"route":{"Name":"uaa","Port":8080,"Tags":{"component":"uaa"},"URIs":["uaa.bosh-lite.com","*.uaa.bosh-lite.com","login.bosh-lite.com","*.login.bosh-lite.com"],"RouteServiceUrl":"","RegistrationInterval":4000000000,"HealthCheck":{"Name":"uaa-healthcheck","ScriptPath":"/var/vcap/jobs/uaa/bin/health_check","Timeout":2000000000}}}}

2016-09-29T20:00:17.107447+00:00 05bf1627-ae2f-400c-b1ce-31973a9ff23f - - - [NXLOG@14506 bosh_deployment="cf-warden" bosh_job_name="uaa_z1" bosh_job_index="0" filename="/var/vcap/data/sys/log/route_registrar/route_registrar.stdout.log"] {"timestamp":"1475179210.820439577","source":"Route Registrar","message":"Route Registrar.Registering route","log_level":1,"data":{"route":{"Name":"uaa","Port":8080,"Tags":{"component":"uaa"},"URIs":["uaa.bosh-lite.com","*.uaa.bosh-lite.com","login.bosh-lite.com","*.login.bosh-lite.com"],"RouteServiceUrl":"","RegistrationInterval":4000000000,"HealthCheck":{"Name":"uaa-healthcheck","ScriptPath":"/var/vcap/jobs/uaa/bin/health_check","Timeout":2000000000}}}}

2016-09-29T20:00:17.107562+00:00 05bf1627-ae2f-400c-b1ce-31973a9ff23f - - - [NXLOG@14506 bosh_deployment="cf-warden" bosh_job_name="uaa_z1" bosh_job_index="0" filename="/var/vcap/data/sys/log/route_registrar/route_registrar.stdout.log"] {"timestamp":"1475179210.820572853","source":"Route Registrar","message":"Route Registrar.Registered routes successfully","log_level":1,"data":{}}

2016-09-29T20:00:17.107612+00:00 05bf1627-ae2f-400c-b1ce-31973a9ff23f - - - [NXLOG@14506 bosh_deployment="cf-warden" bosh_job_name="uaa_z1" bosh_job_index="0" filename="/var/vcap/data/sys/log/route_registrar/route_registrar.stdout.log"] {"timestamp":"1475179214.808157682","source":"Route Registrar","message":"Route Registrar.Executing script","log_level":1,"data":{"scriptPath":"/var/vcap/jobs/uaa/bin/health_check"}}

2016-09-29T20:00:17.107688+00:00 05bf1627-ae2f-400c-b1ce-31973a9ff23f - - - [NXLOG@14506 bosh_deployment="cf-warden" bosh_job_name="uaa_z1" bosh_job_index="0" filename="/var/vcap/data/sys/log/route_registrar/route_registrar.stdout.log"] {"timestamp":"1475179214.821781397","source":"Route Registrar","message":"Route Registrar.Script exited without error","log_level":1,"data":{"script":"/var/vcap/jobs/uaa/bin/health_check","stderr":"  % Total    % Received % Xferd  Average Speed   Time    Time     Time  Current\n                                 Dload  Upload   Total   Spent    Left  Speed\n\r  0     0    0     0    0     0      0      0 --:--:-- --:--:-- --:--:--     0\r100     3  100     3    0     0   3363      0 --:--:-- --:--:-- --:--:--  3000\n","stdout":""}}

2016-09-29T20:00:17.107731+00:00 05bf1627-ae2f-400c-b1ce-31973a9ff23f - - - [NXLOG@14506 bosh_deployment="cf-warden" bosh_job_name="uaa_z1" bosh_job_index="0" filename="/var/vcap/data/sys/log/route_registrar/route_registrar.stdout.log"] {"timestamp":"1475179214.821919680","source":"Route Registrar","message":"Route Registrar.healthchecker returned healthy for route","log_level":1,"data":{"route":{"Name":"uaa","Port":8080,"Tags":{"component":"uaa"},"URIs":["uaa.bosh-lite.com","*.uaa.bosh-lite.com","login.bosh-lite.com","*.login.bosh-lite.com"],"RouteServiceUrl":"","RegistrationInterval":4000000000,"HealthCheck":{"Name":"uaa-healthcheck","ScriptPath":"/var/vcap/jobs/uaa/bin/health_check","Timeout":2000000000}}}}

2016-09-29T20:00:17.107780+00:00 05bf1627-ae2f-400c-b1ce-31973a9ff23f - - - [NXLOG@14506 bosh_deployment="cf-warden" bosh_job_name="uaa_z1" bosh_job_index="0" filename="/var/vcap/data/sys/log/route_registrar/route_registrar.stdout.log"] {"timestamp":"1475179214.821942568","source":"Route Registrar","message":"Route Registrar.Registering route","log_level":1,"data":{"route":{"Name":"uaa","Port":8080,"Tags":{"component":"uaa"},"URIs":["uaa.bosh-lite.com","*.uaa.bosh-lite.com","login.bosh-lite.com","*.login.bosh-lite.com"],"RouteServiceUrl":"","RegistrationInterval":4000000000,"HealthCheck":{"Name":"uaa-healthcheck","ScriptPath":"/var/vcap/jobs/uaa/bin/health_check","Timeout":2000000000}}}}

2016-09-29T20:00:17.107831+00:00 05bf1627-ae2f-400c-b1ce-31973a9ff23f - - - [NXLOG@14506 bosh_deployment="cf-warden" bosh_job_name="uaa_z1" bosh_job_index="0" filename="/var/vcap/data/sys/log/route_registrar/route_registrar.stdout.log"] {"timestamp":"1475179214.822041035","source":"Route Registrar","message":"Route Registrar.Registered routes successfully","log_level":1,"data":{}}

2016-09-29T20:00:17.107878+00:00 05bf1627-ae2f-400c-b1ce-31973a9ff23f - - - [NXLOG@14506 bosh_deployment="cf-warden" bosh_job_name="uaa_z1" bosh_job_index="0" filename="/var/vcap/data/sys/log/uaa/uaa.log"] [2016-09-29 20:00:10.622] uaa - 19013 [http-nio-127.0.0.1-8989-exec-8] .... DEBUG --- AntPathRequestMatcher: Checking match of request : '/healthz'; against '/resources/**'

2016-09-29T20:00:17.107951+00:00 05bf1627-ae2f-400c-b1ce-31973a9ff23f - - - [NXLOG@14506 bosh_deployment="cf-warden" bosh_job_name="uaa_z1" bosh_job_index="0" filename="/var/vcap/data/sys/log/uaa/uaa.log"] [2016-09-29 20:00:10.622] uaa - 19013 [http-nio-127.0.0.1-8989-exec-8] .... DEBUG --- AntPathRequestMatcher: Checking match of request : '/healthz'; against '/square-logo.png'

2016-09-29T20:00:17.108011+00:00 05bf1627-ae2f-400c-b1ce-31973a9ff23f - - - [NXLOG@14506 bosh_deployment="cf-warden" bosh_job_name="uaa_z1" bosh_job_index="0" filename="/var/vcap/data/sys/log/uaa/uaa.log"] [2016-09-29 20:00:10.623] uaa - 19013 [http-nio-127.0.0.1-8989-exec-8] .... DEBUG --- AntPathRequestMatcher: Checking match of request : '/healthz'; against '/info'

2016-09-29T20:00:17.108049+00:00 05bf1627-ae2f-400c-b1ce-31973a9ff23f - - - [NXLOG@14506 bosh_deployment="cf-warden" bosh_job_name="uaa_z1" bosh_job_index="0" filename="/var/vcap/data/sys/log/uaa/uaa.log"] [2016-09-29 20:00:10.623] uaa - 19013 [http-nio-127.0.0.1-8989-exec-8] .... DEBUG --- AntPathRequestMatcher: Checking match of request : '/healthz'; against '/password/**'

2016-09-29T20:00:17.108062+00:00 05bf1627-ae2f-400c-b1ce-31973a9ff23f - - - [NXLOG@14506 bosh_deployment="cf-warden" bosh_job_name="uaa_z1" bosh_job_index="0" filename="/var/vcap/data/sys/log/uaa/uaa.log"] [2016-09-29 20:00:10.623] uaa - 19013 [http-nio-127.0.0.1-8989-exec-8] .... DEBUG --- AntPathRequestMatcher: Checking match of request : '/healthz'; against '/healthz/**'

2016-09-29T20:00:17.108075+00:00 05bf1627-ae2f-400c-b1ce-31973a9ff23f - - - [NXLOG@14506 bosh_deployment="cf-warden" bosh_job_name="uaa_z1" bosh_job_index="0" filename="/var/vcap/data/sys/log/uaa/uaa.log"] [2016-09-29 20:00:10.623] uaa - 19013 [http-nio-127.0.0.1-8989-exec-8] .... DEBUG --- FilterChainProxy: /healthz has an empty filter list

2016-09-29T20:00:17.108087+00:00 05bf1627-ae2f-400c-b1ce-31973a9ff23f - - - [NXLOG@14506 bosh_deployment="cf-warden" bosh_job_name="uaa_z1" bosh_job_index="0" filename="/var/vcap/data/sys/log/uaa/uaa.log"] [2016-09-29 20:00:10.623] uaa - 19013 [http-nio-127.0.0.1-8989-exec-8] .... DEBUG --- DispatcherServlet: DispatcherServlet with name 'spring' processing GET request for [/healthz]

2016-09-29T20:00:17.108124+00:00 05bf1627-ae2f-400c-b1ce-31973a9ff23f - - - [NXLOG@14506 bosh_deployment="cf-warden" bosh_job_name="uaa_z1" bosh_job_index="0" filename="/var/vcap/data/sys/log/uaa/uaa.log"] [2016-09-29 20:00:10.623] uaa - 19013 [http-nio-127.0.0.1-8989-exec-8] .... DEBUG --- DispatcherServlet: Last-Modified value for [/healthz] is: -1

2016-09-29T20:00:17.108144+00:00 05bf1627-ae2f-400c-b1ce-31973a9ff23f - - - [NXLOG@14506 bosh_deployment="cf-warden" bosh_job_name="uaa_z1" bosh_job_index="0" filename="/var/vcap/data/sys/log/uaa/uaa.log"] [2016-09-29 20:00:10.623] uaa - 19013 [http-nio-127.0.0.1-8989-exec-8] .... DEBUG --- RequestResponseBodyMethodProcessor: Written [ok

2016-09-29T20:00:17.108153+00:00 05bf1627-ae2f-400c-b1ce-31973a9ff23f - - - [NXLOG@14506 bosh_deployment="cf-warden" bosh_job_name="uaa_z1" bosh_job_index="0" filename="/var/vcap/data/sys/log/uaa/uaa.log"] ] as "text/plain;charset=ISO-8859-1" using [org.springframework.http.converter.StringHttpMessageConverter@178b2baf]

2016-09-29T20:00:17.108166+00:00 05bf1627-ae2f-400c-b1ce-31973a9ff23f - - - [NXLOG@14506 bosh_deployment="cf-warden" bosh_job_name="uaa_z1" bosh_job_index="0" filename="/var/vcap/data/sys/log/uaa/uaa.log"] [2016-09-29 20:00:10.623] uaa - 19013 [http-nio-127.0.0.1-8989-exec-8] .... DEBUG --- DispatcherServlet: Null ModelAndView returned to DispatcherServlet with name 'spring': assuming HandlerAdapter completed request handling

2016-09-29T20:00:17.108176+00:00 05bf1627-ae2f-400c-b1ce-31973a9ff23f - - - [NXLOG@14506 bosh_deployment="cf-warden" bosh_job_name="uaa_z1" bosh_job_index="0" filename="/var/vcap/data/sys/log/uaa/uaa.log"] [2016-09-29 20:00:10.623] uaa - 19013 [http-nio-127.0.0.1-8989-exec-8] .... DEBUG --- DispatcherServlet: Successfully completed request

2016-09-29T20:00:17.108317+00:00 05bf1627-ae2f-400c-b1ce-31973a9ff23f - - - [NXLOG@14506 bosh_deployment="cf-warden" bosh_job_name="uaa_z1" bosh_job_index="0" filename="/var/vcap/data/sys/log/uaa/uaa.log"] [2016-09-29 20:00:10.807] uaa - 19013 [ZoneAwareMetadataManager.Refresh[idpMetadataManager]] .... DEBUG --- ZoneAwareIdpMetadataManager: Running SAML SP refresh[ZoneAwareMetadataManager.Refresh[idpMetadataManager]-859022334] - ignoreTimestamp=false

2016-09-29T20:00:17.108401+00:00 05bf1627-ae2f-400c-b1ce-31973a9ff23f - - - [NXLOG@14506 bosh_deployment="cf-warden" bosh_job_name="uaa_z1" bosh_job_index="0" filename="/var/vcap/data/sys/log/uaa/uaa.log"] [2016-09-29 20:00:10.807] uaa - 19013 [ZoneAwareMetadataManager.Refresh[idpMetadataManager]] .... DEBUG --- JdbcTemplate: Executing SQL query [select id,version,created,lastmodified,name,subdomain,description,config from identity_zone ]

2016-09-29T20:00:17.108416+00:00 05bf1627-ae2f-400c-b1ce-31973a9ff23f - - - [NXLOG@14506 bosh_deployment="cf-warden" bosh_job_name="uaa_z1" bosh_job_index="0" filename="/var/vcap/data/sys/log/uaa/uaa.log"] [2016-09-29 20:00:10.808] uaa - 19013 [ZoneAwareMetadataManager.Refresh[idpMetadataManager]] .... DEBUG --- JdbcTemplate: Executing prepared SQL query

2016-09-29T20:00:17.108427+00:00 05bf1627-ae2f-400c-b1ce-31973a9ff23f - - - [NXLOG@14506 bosh_deployment="cf-warden" bosh_job_name="uaa_z1" bosh_job_index="0" filename="/var/vcap/data/sys/log/uaa/uaa.log"] [2016-09-29 20:00:10.809] uaa - 19013 [ZoneAwareMetadataManager.Refresh[idpMetadataManager]] .... DEBUG --- JdbcTemplate: Executing prepared SQL statement [select id,version,created,lastmodified,name,entity_id,config,identity_zone_id,active from service_provider where identity_zone_id=?]

2016-09-29T20:00:17.108439+00:00 05bf1627-ae2f-400c-b1ce-31973a9ff23f - - - [NXLOG@14506 bosh_deployment="cf-warden" bosh_job_name="uaa_z1" bosh_job_index="0" filename="/var/vcap/data/sys/log/uaa/uaa.log"] [2016-09-29 20:00:10.817] uaa - 19013 [http-nio-127.0.0.1-8989-exec-7] .... DEBUG --- AntPathRequestMatcher: Checking match of request : '/healthz'; against '/resources/**'

2016-09-29T20:00:17.108449+00:00 05bf1627-ae2f-400c-b1ce-31973a9ff23f - - - [NXLOG@14506 bosh_deployment="cf-warden" bosh_job_name="uaa_z1" bosh_job_index="0" filename="/var/vcap/data/sys/log/uaa/uaa.log"] [2016-09-29 20:00:10.817] uaa - 19013 [http-nio-127.0.0.1-8989-exec-7] .... DEBUG --- AntPathRequestMatcher: Checking match of request : '/healthz'; against '/square-logo.png'

2016-09-29T20:00:17.108465+00:00 05bf1627-ae2f-400c-b1ce-31973a9ff23f - - - [NXLOG@14506 bosh_deployment="cf-warden" bosh_job_name="uaa_z1" bosh_job_index="0" filename="/var/vcap/data/sys/log/uaa/uaa.log"] [2016-09-29 20:00:10.817] uaa - 19013 [http-nio-127.0.0.1-8989-exec-7] .... DEBUG --- AntPathRequestMatcher: Checking match of request : '/healthz'; against '/info'

2016-09-29T20:00:17.108478+00:00 05bf1627-ae2f-400c-b1ce-31973a9ff23f - - - [NXLOG@14506 bosh_deployment="cf-warden" bosh_job_name="uaa_z1" bosh_job_index="0" filename="/var/vcap/data/sys/log/uaa/uaa.log"] [2016-09-29 20:00:10.817] uaa - 19013 [http-nio-127.0.0.1-8989-exec-7] .... DEBUG --- AntPathRequestMatcher: Checking match of request : '/healthz'; against '/password/**'

2016-09-29T20:00:17.108505+00:00 05bf1627-ae2f-400c-b1ce-31973a9ff23f - - - [NXLOG@14506 bosh_deployment="cf-warden" bosh_job_name="uaa_z1" bosh_job_index="0" filename="/var/vcap/data/sys/log/uaa/uaa.log"] [2016-09-29 20:00:10.817] uaa - 19013 [http-nio-127.0.0.1-8989-exec-7] .... DEBUG --- AntPathRequestMatcher: Checking match of request : '/healthz'; against '/healthz/**'

2016-09-29T20:00:17.108518+00:00 05bf1627-ae2f-400c-b1ce-31973a9ff23f - - - [NXLOG@14506 bosh_deployment="cf-warden" bosh_job_name="uaa_z1" bosh_job_index="0" filename="/var/vcap/data/sys/log/uaa/uaa.log"] [2016-09-29 20:00:10.817] uaa - 19013 [http-nio-127.0.0.1-8989-exec-7] .... DEBUG --- FilterChainProxy: /healthz has an empty filter list

2016-09-29T20:00:17.108520+00:00 05bf1627-ae2f-400c-b1ce-31973a9ff23f - - - [NXLOG@14506 bosh_deployment="cf-warden" bosh_job_name="uaa_z1" bosh_job_index="0" filename="/var/vcap/data/sys/log/uaa/uaa.log"] [2016-09-29 20:00:10.817] uaa - 19013 [http-nio-127.0.0.1-8989-exec-7] .... DEBUG --- DispatcherServlet: DispatcherServlet with name 'spring' processing GET request for [/healthz]

2016-09-29T20:00:17.108625+00:00 05bf1627-ae2f-400c-b1ce-31973a9ff23f - - - [NXLOG@14506 bosh_deployment="cf-warden" bosh_job_name="uaa_z1" bosh_job_index="0" filename="/var/vcap/data/sys/log/uaa/uaa.log"] [2016-09-29 20:00:10.817] uaa - 19013 [http-nio-127.0.0.1-8989-exec-7] .... DEBUG --- DispatcherServlet: Last-Modified value for [/healthz] is: -1

2016-09-29T20:00:17.108657+00:00 05bf1627-ae2f-400c-b1ce-31973a9ff23f - - - [NXLOG@14506 bosh_deployment="cf-warden" bosh_job_name="uaa_z1" bosh_job_index="0" filename="/var/vcap/data/sys/log/uaa/uaa.log"] [2016-09-29 20:00:10.818] uaa - 19013 [http-nio-127.0.0.1-8989-exec-7] .... DEBUG --- RequestResponseBodyMethodProcessor: Written [ok

2016-09-29T20:00:17.109193+00:00 05bf1627-ae2f-400c-b1ce-31973a9ff23f - - - [NXLOG@14506 bosh_deployment="cf-warden" bosh_job_name="uaa_z1" bosh_job_index="0" filename="/var/vcap/data/sys/log/uaa/uaa.log"] ] as "text/plain;charset=ISO-8859-1" using [org.springframework.http.converter.StringHttpMessageConverter@178b2baf]

2016-09-29T20:00:17.109287+00:00 05bf1627-ae2f-400c-b1ce-31973a9ff23f - - - [NXLOG@14506 bosh_deployment="cf-warden" bosh_job_name="uaa_z1" bosh_job_index="0" filename="/var/vcap/data/sys/log/uaa/uaa.log"] [2016-09-29 20:00:10.818] uaa - 19013 [http-nio-127.0.0.1-8989-exec-7] .... DEBUG --- DispatcherServlet: Null ModelAndView returned to DispatcherServlet with name 'spring': assuming HandlerAdapter completed request handling

2016-09-29T20:00:17.109304+00:00 05bf1627-ae2f-400c-b1ce-31973a9ff23f - - - [NXLOG@14506 bosh_deployment="cf-warden" bosh_job_name="uaa_z1" bosh_job_index="0" filename="/var/vcap/data/sys/log/uaa/uaa.log"] [2016-09-29 20:00:10.818] uaa - 19013 [http-nio-127.0.0.1-8989-exec-7] .... DEBUG --- DispatcherServlet: Successfully completed request

2016-09-29T20:00:17.109359+00:00 05bf1627-ae2f-400c-b1ce-31973a9ff23f - - - [NXLOG@14506 bosh_deployment="cf-warden" bosh_job_name="uaa_z1" bosh_job_index="0" filename="/var/vcap/data/sys/log/uaa/uaa.log"] [2016-09-29 20:00:11.156] uaa - 19013 [pool-2-thread-1] .... DEBUG --- JdbcTemplate: Executing SQL query [select count(*) from oauth_client_details]

2016-09-29T20:00:17.109373+00:00 05bf1627-ae2f-400c-b1ce-31973a9ff23f - - - [NXLOG@14506 bosh_deployment="cf-warden" bosh_job_name="uaa_z1" bosh_job_index="0" filename="/var/vcap/data/sys/log/uaa/uaa.log"] [2016-09-29 20:00:11.159] uaa - 19013 [pool-2-thread-1] .... DEBUG --- JdbcTemplate: Executing SQL query [select count(*) from users]

2016-09-29T20:00:17.109471+00:00 05bf1627-ae2f-400c-b1ce-31973a9ff23f - - - [NXLOG@14506 bosh_deployment="cf-warden" bosh_job_name="uaa_z1" bosh_job_index="0" filename="/var/vcap/data/sys/log/uaa/uaa.log"] [2016-09-29 20:00:14.819] uaa - 19013 [http-nio-127.0.0.1-8989-exec-4] .... DEBUG --- AntPathRequestMatcher: Checking match of request : '/healthz'; against '/resources/**'

2016-09-29T20:00:17.109520+00:00 05bf1627-ae2f-400c-b1ce-31973a9ff23f - - - [NXLOG@14506 bosh_deployment="cf-warden" bosh_job_name="uaa_z1" bosh_job_index="0" filename="/var/vcap/data/sys/log/uaa/uaa.log"] [2016-09-29 20:00:14.820] uaa - 19013 [http-nio-127.0.0.1-8989-exec-4] .... DEBUG --- AntPathRequestMatcher: Checking match of request : '/healthz'; against '/square-logo.png'

2016-09-29T20:00:17.109534+00:00 05bf1627-ae2f-400c-b1ce-31973a9ff23f - - - [NXLOG@14506 bosh_deployment="cf-warden" bosh_job_name="uaa_z1" bosh_job_index="0" filename="/var/vcap/data/sys/log/uaa/uaa.log"] [2016-09-29 20:00:14.820] uaa - 19013 [http-nio-127.0.0.1-8989-exec-4] .... DEBUG --- AntPathRequestMatcher: Checking match of request : '/healthz'; against '/info'

2016-09-29T20:00:17.109557+00:00 05bf1627-ae2f-400c-b1ce-31973a9ff23f - - - [NXLOG@14506 bosh_deployment="cf-warden" bosh_job_name="uaa_z1" bosh_job_index="0" filename="/var/vcap/data/sys/log/uaa/uaa.log"] [2016-09-29 20:00:14.820] uaa - 19013 [http-nio-127.0.0.1-8989-exec-4] .... DEBUG --- AntPathRequestMatcher: Checking match of request : '/healthz'; against '/password/**'

2016-09-29T20:00:17.109567+00:00 05bf1627-ae2f-400c-b1ce-31973a9ff23f - - - [NXLOG@14506 bosh_deployment="cf-warden" bosh_job_name="uaa_z1" bosh_job_index="0" filename="/var/vcap/data/sys/log/uaa/uaa.log"] [2016-09-29 20:00:14.820] uaa - 19013 [http-nio-127.0.0.1-8989-exec-4] .... DEBUG --- AntPathRequestMatcher: Checking match of request : '/healthz'; against '/healthz/**'

2016-09-29T20:00:17.109605+00:00 05bf1627-ae2f-400c-b1ce-31973a9ff23f - - - [NXLOG@14506 bosh_deployment="cf-warden" bosh_job_name="uaa_z1" bosh_job_index="0" filename="/var/vcap/data/sys/log/uaa/uaa.log"] [2016-09-29 20:00:14.820] uaa - 19013 [http-nio-127.0.0.1-8989-exec-4] .... DEBUG --- FilterChainProxy: /healthz has an empty filter list

2016-09-29T20:00:17.109617+00:00 05bf1627-ae2f-400c-b1ce-31973a9ff23f - - - [NXLOG@14506 bosh_deployment="cf-warden" bosh_job_name="uaa_z1" bosh_job_index="0" filename="/var/vcap/data/sys/log/uaa/uaa.log"] [2016-09-29 20:00:14.820] uaa - 19013 [http-nio-127.0.0.1-8989-exec-4] .... DEBUG --- DispatcherServlet: DispatcherServlet with name 'spring' processing GET request for [/healthz]

2016-09-29T20:00:17.109626+00:00 05bf1627-ae2f-400c-b1ce-31973a9ff23f - - - [NXLOG@14506 bosh_deployment="cf-warden" bosh_job_name="uaa_z1" bosh_job_index="0" filename="/var/vcap/data/sys/log/uaa/uaa.log"] [2016-09-29 20:00:14.820] uaa - 19013 [http-nio-127.0.0.1-8989-exec-4] .... DEBUG --- DispatcherServlet: Last-Modified value for [/healthz] is: -1

2016-09-29T20:00:17.109636+00:00 05bf1627-ae2f-400c-b1ce-31973a9ff23f - - - [NXLOG@14506 bosh_deployment="cf-warden" bosh_job_name="uaa_z1" bosh_job_index="0" filename="/var/vcap/data/sys/log/uaa/uaa.log"] [2016-09-29 20:00:14.820] uaa - 19013 [http-nio-127.0.0.1-8989-exec-4] .... DEBUG --- RequestResponseBodyMethodProcessor: Written [ok

2016-09-29T20:00:17.109646+00:00 05bf1627-ae2f-400c-b1ce-31973a9ff23f - - - [NXLOG@14506 bosh_deployment="cf-warden" bosh_job_name="uaa_z1" bosh_job_index="0" filename="/var/vcap/data/sys/log/uaa/uaa.log"] ] as "text/plain;charset=ISO-8859-1" using [org.springframework.http.converter.StringHttpMessageConverter@178b2baf]

2016-09-29T20:00:17.109659+00:00 05bf1627-ae2f-400c-b1ce-31973a9ff23f - - - [NXLOG@14506 bosh_deployment="cf-warden" bosh_job_name="uaa_z1" bosh_job_index="0" filename="/var/vcap/data/sys/log/uaa/uaa.log"] [2016-09-29 20:00:14.820] uaa - 19013 [http-nio-127.0.0.1-8989-exec-4] .... DEBUG --- DispatcherServlet: Null ModelAndView returned to DispatcherServlet with name 'spring': assuming HandlerAdapter completed request handling

2016-09-29T20:00:17.109683+00:00 05bf1627-ae2f-400c-b1ce-31973a9ff23f - - - [NXLOG@14506 bosh_deployment="cf-warden" bosh_job_name="uaa_z1" bosh_job_index="0" filename="/var/vcap/data/sys/log/uaa/uaa.log"] [2016-09-29 20:00:14.820] uaa - 19013 [http-nio-127.0.0.1-8989-exec-4] .... DEBUG --- DispatcherServlet: Successfully completed request

2016-09-29T20:00:17.109726+00:00 05bf1627-ae2f-400c-b1ce-31973a9ff23f - - - [NXLOG@14506 bosh_deployment="cf-warden" bosh_job_name="uaa_z1" bosh_job_index="0" filename="/var/vcap/data/sys/log/uaa/uaa.log"] [2016-09-29 20:00:16.157] uaa - 19013 [pool-2-thread-1] .... DEBUG --- JdbcTemplate: Executing SQL query [select count(*) from oauth_client_details]

2016-09-29T20:00:17.109738+00:00 05bf1627-ae2f-400c-b1ce-31973a9ff23f - - - [NXLOG@14506 bosh_deployment="cf-warden" bosh_job_name="uaa_z1" bosh_job_index="0" filename="/var/vcap/data/sys/log/uaa/uaa.log"] [2016-09-29 20:00:16.159] uaa - 19013 [pool-2-thread-1] .... DEBUG --- JdbcTemplate: Executing SQL query [select count(*) from users]

2016-09-29T20:00:17.121498+00:00 b0fa19c0-86de-4447-a670-3f7adbd0b3c1 - - - [NXLOG@14506 bosh_deployment="cf-warden" bosh_job_name="api_z1" bosh_job_index="0" filename="/var/vcap/data/sys/log/cloud_controller_worker/cloud_controller_worker.log"] {"timestamp":1475179211.2359216,"message":"(0.001151s) SELECT * FROM \"delayed_jobs\" WHERE ((((\"run_at\" <= '2016-09-29 20:00:11.234212+0000') AND (\"locked_at\" IS NULL)) OR (\"locked_by\" = 'cc_global_worker.api_z1.0.1')) AND (\"failed_at\" IS NULL) AND (\"queue\" IN ('cc-generic'))) ORDER BY \"priority\" ASC, \"run_at\" ASC LIMIT 5","log_level":"debug2","source":"cc.background","data":{},"thread_id":47193737007380,"fiber_id":47193773841900,"process_id":15807,"file":"/var/vcap/packages/cloud_controller_ng/cloud_controller_ng/vendor/bundle/ruby/2.3.0/gems/sequel-4.29.0/lib/sequel/database/logging.rb","lineno":70,"method":"block in log_each"}

2016-09-29T20:00:17.122228+00:00 b0fa19c0-86de-4447-a670-3f7adbd0b3c1 - - - [NXLOG@14506 bosh_deployment="cf-warden" bosh_job_name="api_z1" bosh_job_index="0" filename="/var/vcap/data/sys/log/cloud_controller_worker/cloud_controller_worker.log"] {"timestamp":1475179216.2690935,"message":"(0.000598s) SELECT * FROM \"delayed_jobs\" WHERE ((((\"run_at\" <= '2016-09-29 20:00:16.267944+0000') AND (\"locked_at\" IS NULL)) OR (\"locked_by\" = 'cc_global_worker.api_z1.0.1')) AND (\"failed_at\" IS NULL) AND (\"queue\" IN ('cc-generic'))) ORDER BY \"priority\" ASC, \"run_at\" ASC LIMIT 5","log_level":"debug2","source":"cc.background","data":{},"thread_id":47193737007380,"fiber_id":47193773841900,"process_id":15807,"file":"/var/vcap/packages/cloud_controller_ng/cloud_controller_ng/vendor/bundle/ruby/2.3.0/gems/sequel-4.29.0/lib/sequel/database/logging.rb","lineno":70,"method":"block in log_each"}

2016-09-29T20:00:17.122339+00:00 b0fa19c0-86de-4447-a670-3f7adbd0b3c1 - - - [NXLOG@14506 bosh_deployment="cf-warden" bosh_job_name="api_z1" bosh_job_index="0" filename="/var/vcap/data/sys/log/nginx_cc/nginx.access.log"] api.bosh-lite.com - [29/Sep/2016:20:00:15 +0000] "GET /v2/syslog_drain_urls?batch_size=1000 HTTP/1.1" 200 326 "-" "Go-http-client/1.1" 10.244.0.146, 10.244.0.34, 10.244.0.22 vcap_request_id:9c3052f7-5134-41bf-692c-ce2c915741c5::5fa88df9-daba-4007-9023-461b13801255 response_time:0.005

2016-09-29T20:00:17.122407+00:00 b0fa19c0-86de-4447-a670-3f7adbd0b3c1 - - - [NXLOG@14506 bosh_deployment="cf-warden" bosh_job_name="api_z1" bosh_job_index="0" filename="/var/vcap/data/sys/log/nginx_cc/nginx.access.log"] 10.244.0.138 - [29/Sep/2016:20:00:16 +0000] "GET /v2/info HTTP/1.1" 200 802 "-" "monit/5.2.5" 10.244.0.138 vcap_request_id:ab60e1d9-f73b-4f76-9116-d65031b6af4d response_time:0.005

2016-09-29T20:00:17.122500+00:00 b0fa19c0-86de-4447-a670-3f7adbd0b3c1 - - - [NXLOG@14506 bosh_deployment="cf-warden" bosh_job_name="api_z1" bosh_job_index="0" filename="/var/vcap/data/sys/log/cloud_controller_ng/cloud_controller_ng.log"] {"timestamp":1475179207.6502967,"message":"(0.000699s) SELECT * FROM \"delayed_jobs\" WHERE ((((\"run_at\" <= '2016-09-29 20:00:07.649084+0000') AND (\"locked_at\" IS NULL)) OR (\"locked_by\" = 'cc_api_worker.api_z1.0.1')) AND (\"failed_at\" IS NULL) AND (\"queue\" IN ('cc-api_z1-0'))) ORDER BY \"priority\" ASC, \"run_at\" ASC LIMIT 5","log_level":"debug2","source":"cc.background","data":{},"thread_id":47452862460180,"fiber_id":47452899698480,"process_id":15587,"file":"/var/vcap/packages/cloud_controller_ng/cloud_controller_ng/vendor/bundle/ruby/2.3.0/gems/sequel-4.29.0/lib/sequel/database/logging.rb","lineno":70,"method":"block in log_each"}

2016-09-29T20:00:17.122611+00:00 b0fa19c0-86de-4447-a670-3f7adbd0b3c1 - - - [NXLOG@14506 bosh_deployment="cf-warden" bosh_job_name="api_z1" bosh_job_index="0" filename="/var/vcap/data/sys/log/cloud_controller_ng/cloud_controller_ng.log"] {"timestamp":1475179211.2353258,"message":"(0.000609s) SELECT * FROM \"delayed_jobs\" WHERE ((((\"run_at\" <= '2016-09-29 20:00:11.234111+0000') AND (\"locked_at\" IS NULL)) OR (\"locked_by\" = 'cc_api_worker.api_z1.0.2')) AND (\"failed_at\" IS NULL) AND (\"queue\" IN ('cc-api_z1-0'))) ORDER BY \"priority\" ASC, \"run_at\" ASC LIMIT 5","log_level":"debug2","source":"cc.background","data":{},"thread_id":47118928261380,"fiber_id":47118965175380,"process_id":15629,"file":"/var/vcap/packages/cloud_controller_ng/cloud_controller_ng/vendor/bundle/ruby/2.3.0/gems/sequel-4.29.0/lib/sequel/database/logging.rb","lineno":70,"method":"block in log_each"}

2016-09-29T20:00:17.122676+00:00 b0fa19c0-86de-4447-a670-3f7adbd0b3c1 - - - [NXLOG@14506 bosh_deployment="cf-warden" bosh_job_name="api_z1" bosh_job_index="0" filename="/var/vcap/data/sys/log/cloud_controller_ng/cloud_controller_ng.log"] {"timestamp":1475179212.669323,"message":"(0.000635s) SELECT * FROM \"delayed_jobs\" WHERE ((((\"run_at\" <= '2016-09-29 20:00:12.668175+0000') AND (\"locked_at\" IS NULL)) OR (\"locked_by\" = 'cc_api_worker.api_z1.0.1')) AND (\"failed_at\" IS NULL) AND (\"queue\" IN ('cc-api_z1-0'))) ORDER BY \"priority\" ASC, \"run_at\" ASC LIMIT 5","log_level":"debug2","source":"cc.background","data":{},"thread_id":47452862460180,"fiber_id":47452899698480,"process_id":15587,"file":"/var/vcap/packages/cloud_controller_ng/cloud_controller_ng/vendor/bundle/ruby/2.3.0/gems/sequel-4.29.0/lib/sequel/database/logging.rb","lineno":70,"method":"block in log_each"}

2016-09-29T20:00:17.122787+00:00 b0fa19c0-86de-4447-a670-3f7adbd0b3c1 - - - [NXLOG@14506 bosh_deployment="cf-warden" bosh_job_name="api_z1" bosh_job_index="0" filename="/var/vcap/data/sys/log/cloud_controller_ng/cloud_controller_ng.log"] {"timestamp":1475179215.9093025,"message":"Statsd: cc.requests.outstanding:1|c","log_level":"debug","source":"statsd.client","data":{},"thread_id":47062185508640,"fiber_id":47062164151860,"process_id":15535,"file":"/var/vcap/packages/cloud_controller_ng/cloud_controller_ng/vendor/bundle/ruby/2.3.0/gems/statsd-ruby-1.2.1/lib/statsd.rb","lineno":254,"method":"send_to_socket"}

2016-09-29T20:00:17.122944+00:00 b0fa19c0-86de-4447-a670-3f7adbd0b3c1 - - - [NXLOG@14506 bosh_deployment="cf-warden" bosh_job_name="api_z1" bosh_job_index="0" filename="/var/vcap/data/sys/log/cloud_controller_ng/cloud_controller_ng.log"] {"timestamp":1475179215.9100695,"message":"Started GET \"/v2/syslog_drain_urls?batch_size=1000\" for user: , ip: 127.0.0.1 with vcap-request-id: 9c3052f7-5134-41bf-692c-ce2c915741c5::5fa88df9-daba-4007-9023-461b13801255 at 2016-09-29 20:00:15 UTC","log_level":"info","source":"cc.api","data":{},"thread_id":47062185508640,"fiber_id":47062164151860,"process_id":15535,"file":"/var/vcap/packages/cloud_controller_ng/cloud_controller_ng/middleware/request_logs.rb","lineno":12,"method":"call"}

2016-09-29T20:00:17.123014+00:00 b0fa19c0-86de-4447-a670-3f7adbd0b3c1 - - - [NXLOG@14506 bosh_deployment="cf-warden" bosh_job_name="api_z1" bosh_job_index="0" filename="/var/vcap/data/sys/log/cloud_controller_ng/cloud_controller_ng.log"] {"timestamp":1475179215.9108293,"message":"dispatch VCAP::CloudController::SyslogDrainUrlsController get /v2/syslog_drain_urls","log_level":"debug","source":"cc.api","data":{"request_guid":"9c3052f7-5134-41bf-692c-ce2c915741c5::5fa88df9-daba-4007-9023-461b13801255"},"thread_id":47062185508640,"fiber_id":47062164151860,"process_id":15535,"file":"/var/vcap/data/packages/cloud_controller_ng/f87cb49aa2cd87792cb9c2211a79e1542502be4d.1-b1a5f3c830cb6c32ae9e685628b24aa967f5ae54/cloud_controller_ng/lib/cloud_controller/rest_controller/routes.rb","lineno":12,"method":"block in define_route"}

2016-09-29T20:00:17.123151+00:00 b0fa19c0-86de-4447-a670-3f7adbd0b3c1 - - - [NXLOG@14506 bosh_deployment="cf-warden" bosh_job_name="api_z1" bosh_job_index="0" filename="/var/vcap/data/sys/log/cloud_controller_ng/cloud_controller_ng.log"] {"timestamp":1475179215.9110274,"message":"parse_params: {\"batch_size\"=>\"1000\"} batch_size=1000","log_level":"debug","source":"cc.api","data":{"request_guid":"9c3052f7-5134-41bf-692c-ce2c915741c5::5fa88df9-daba-4007-9023-461b13801255"},"thread_id":47062185508640,"fiber_id":47062164151860,"process_id":15535,"file":"/var/vcap/data/packages/cloud_controller_ng/f87cb49aa2cd87792cb9c2211a79e1542502be4d.1-b1a5f3c830cb6c32ae9e685628b24aa967f5ae54/cloud_controller_ng/lib/cloud_controller/rest_controller/common_params.rb","lineno":10,"method":"parse"}

2016-09-29T20:00:17.123244+00:00 b0fa19c0-86de-4447-a670-3f7adbd0b3c1 - - - [NXLOG@14506 bosh_deployment="cf-warden" bosh_job_name="api_z1" bosh_job_index="0" filename="/var/vcap/data/sys/log/cloud_controller_ng/cloud_controller_ng.log"] {"timestamp":1475179215.9111435,"message":"cc.dispatch","log_level":"debug","source":"cc.api","data":{"request_guid":"9c3052f7-5134-41bf-692c-ce2c915741c5::5fa88df9-daba-4007-9023-461b13801255","endpoint":"list","args":[]},"thread_id":47062185508640,"fiber_id":47062164151860,"process_id":15535,"file":"/var/vcap/data/packages/cloud_controller_ng/f87cb49aa2cd87792cb9c2211a79e1542502be4d.1-b1a5f3c830cb6c32ae9e685628b24aa967f5ae54/cloud_controller_ng/app/controllers/base/base_controller.rb","lineno":78,"method":"dispatch"}

2016-09-29T20:00:17.123337+00:00 b0fa19c0-86de-4447-a670-3f7adbd0b3c1 - - - [NXLOG@14506 bosh_deployment="cf-warden" bosh_job_name="api_z1" bosh_job_index="0" filename="/var/vcap/data/sys/log/cloud_controller_ng/cloud_controller_ng.log"] {"timestamp":1475179215.912819,"message":"(0.000914s) SELECT \"apps\".\"guid\", string_agg(\"service_bindings\".\"syslog_drain_url\", ',') AS \"syslog_drain_urls\" FROM \"apps\" INNER JOIN \"service_bindings\" ON (\"service_bindings\".\"app_id\" = \"apps\".\"id\") WHERE ((syslog_drain_url IS NOT NULL) AND (syslog_drain_url != '')) GROUP BY \"apps\".\"guid\" UNION ALL (SELECT \"apps_v3\".\"guid\", string_agg(\"v3_service_bindings\".\"syslog_drain_url\", ',') AS \"syslog_drain_urls\" FROM \"apps_v3\" INNER JOIN \"v3_service_bindings\" ON (\"v3_service_bindings\".\"app_id\" = \"apps_v3\".\"id\") WHERE ((syslog_drain_url IS NOT NULL) AND (syslog_drain_url != '')) GROUP BY \"apps_v3\".\"guid\") ORDER BY \"guid\" LIMIT 1000 OFFSET 0","log_level":"debug2","source":"cc.db","data":{"request_guid":"9c3052f7-5134-41bf-692c-ce2c915741c5::5fa88df9-daba-4007-9023-461b13801255"},"thread_id":47062185508640,"fiber_id":47062164151860,"process_id":15535,"file":"/var/vcap/packages/cloud_controller_ng/cloud_controller_ng/vendor/bundle/ruby/2.3.0/gems/sequel-4.29.0/lib/sequel/database/logging.rb","lineno":70,"method":"block in log_each"}

2016-09-29T20:00:17.123427+00:00 b0fa19c0-86de-4447-a670-3f7adbd0b3c1 - - - [NXLOG@14506 bosh_deployment="cf-warden" bosh_job_name="api_z1" bosh_job_index="0" filename="/var/vcap/data/sys/log/cloud_controller_ng/cloud_controller_ng.log"] {"timestamp":1475179215.913228,"message":"Completed 200 vcap-request-id: 9c3052f7-5134-41bf-692c-ce2c915741c5::5fa88df9-daba-4007-9023-461b13801255","log_level":"info","source":"cc.api","data":{},"thread_id":47062185508640,"fiber_id":47062164151860,"process_id":15535,"file":"/var/vcap/packages/cloud_controller_ng/cloud_controller_ng/middleware/request_logs.rb","lineno":24,"method":"call"}

2016-09-29T20:00:17.123512+00:00 b0fa19c0-86de-4447-a670-3f7adbd0b3c1 - - - [NXLOG@14506 bosh_deployment="cf-warden" bosh_job_name="api_z1" bosh_job_index="0" filename="/var/vcap/data/sys/log/cloud_controller_ng/cloud_controller_ng.log"] {"timestamp":1475179215.9133744,"message":"Statsd: cc.requests.outstanding:-1|c\ncc.requests.completed:1|c\ncc.http_status.2XX:1|c","log_level":"debug","source":"statsd.client","data":{},"thread_id":47062185508640,"fiber_id":47062164151860,"process_id":15535,"file":"/var/vcap/packages/cloud_controller_ng/cloud_controller_ng/vendor/bundle/ruby/2.3.0/gems/statsd-ruby-1.2.1/lib/statsd.rb","lineno":254,"method":"send_to_socket"}

2016-09-29T20:00:17.123601+00:00 b0fa19c0-86de-4447-a670-3f7adbd0b3c1 - - - [NXLOG@14506 bosh_deployment="cf-warden" bosh_job_name="api_z1" bosh_job_index="0" filename="/var/vcap/data/sys/log/cloud_controller_ng/cloud_controller_ng.log"] {"timestamp":1475179216.2698605,"message":"(0.000458s) SELECT * FROM \"delayed_jobs\" WHERE ((((\"run_at\" <= '2016-09-29 20:00:16.268919+0000') AND (\"locked_at\" IS NULL)) OR (\"locked_by\" = 'cc_api_worker.api_z1.0.2')) AND (\"failed_at\" IS NULL) AND (\"queue\" IN ('cc-api_z1-0'))) ORDER BY \"priority\" ASC, \"run_at\" ASC LIMIT 5","log_level":"debug2","source":"cc.background","data":{},"thread_id":47118928261380,"fiber_id":47118965175380,"process_id":15629,"file":"/var/vcap/packages/cloud_controller_ng/cloud_controller_ng/vendor/bundle/ruby/2.3.0/gems/sequel-4.29.0/lib/sequel/database/logging.rb","lineno":70,"method":"block in log_each"}

2016-09-29T20:00:17.123708+00:00 b0fa19c0-86de-4447-a670-3f7adbd0b3c1 - - - [NXLOG@14506 bosh_deployment="cf-warden" bosh_job_name="api_z1" bosh_job_index="0" filename="/var/vcap/data/sys/log/cloud_controller_ng/cloud_controller_ng.log"] {"timestamp":1475179216.987652,"message":"Statsd: cc.requests.outstanding:1|c","log_level":"debug","source":"statsd.client","data":{},"thread_id":47062185508960,"fiber_id":47062150331380,"process_id":15535,"file":"/var/vcap/packages/cloud_controller_ng/cloud_controller_ng/vendor/bundle/ruby/2.3.0/gems/statsd-ruby-1.2.1/lib/statsd.rb","lineno":254,"method":"send_to_socket"}

2016-09-29T20:00:17.123757+00:00 b0fa19c0-86de-4447-a670-3f7adbd0b3c1 - - - [NXLOG@14506 bosh_deployment="cf-warden" bosh_job_name="api_z1" bosh_job_index="0" filename="/var/vcap/data/sys/log/cloud_controller_ng/cloud_controller_ng.log"] {"timestamp":1475179216.9881718,"message":"Started GET \"/v2/info\" for user: , ip: 127.0.0.1 with vcap-request-id: ab60e1d9-f73b-4f76-9116-d65031b6af4d at 2016-09-29 20:00:16 UTC","log_level":"info","source":"cc.api","data":{},"thread_id":47062185508960,"fiber_id":47062150331380,"process_id":15535,"file":"/var/vcap/packages/cloud_controller_ng/cloud_controller_ng/middleware/request_logs.rb","lineno":12,"method":"call"}

2016-09-29T20:00:17.123797+00:00 b0fa19c0-86de-4447-a670-3f7adbd0b3c1 - - - [NXLOG@14506 bosh_deployment="cf-warden" bosh_job_name="api_z1" bosh_job_index="0" filename="/var/vcap/data/sys/log/cloud_controller_ng/cloud_controller_ng.log"] {"timestamp":1475179216.9888306,"message":"dispatch VCAP::CloudController::InfoController get /v2/info","log_level":"debug","source":"cc.api","data":{"request_guid":"ab60e1d9-f73b-4f76-9116-d65031b6af4d"},"thread_id":47062185508960,"fiber_id":47062150331380,"process_id":15535,"file":"/var/vcap/data/packages/cloud_controller_ng/f87cb49aa2cd87792cb9c2211a79e1542502be4d.1-b1a5f3c830cb6c32ae9e685628b24aa967f5ae54/cloud_controller_ng/lib/cloud_controller/rest_controller/routes.rb","lineno":12,"method":"block in define_route"}

2016-09-29T20:00:17.123812+00:00 b0fa19c0-86de-4447-a670-3f7adbd0b3c1 - - - [NXLOG@14506 bosh_deployment="cf-warden" bosh_job_name="api_z1" bosh_job_index="0" filename="/var/vcap/data/sys/log/cloud_controller_ng/cloud_controller_ng.log"] {"timestamp":1475179216.9893048,"message":"parse_params: {} ","log_level":"debug","source":"cc.api","data":{"request_guid":"ab60e1d9-f73b-4f76-9116-d65031b6af4d"},"thread_id":47062185508960,"fiber_id":47062150331380,"process_id":15535,"file":"/var/vcap/data/packages/cloud_controller_ng/f87cb49aa2cd87792cb9c2211a79e1542502be4d.1-b1a5f3c830cb6c32ae9e685628b24aa967f5ae54/cloud_controller_ng/lib/cloud_controller/rest_controller/common_params.rb","lineno":10,"method":"parse"}

2016-09-29T20:00:17.123839+00:00 b0fa19c0-86de-4447-a670-3f7adbd0b3c1 - - - [NXLOG@14506 bosh_deployment="cf-warden" bosh_job_name="api_z1" bosh_job_index="0" filename="/var/vcap/data/sys/log/cloud_controller_ng/cloud_controller_ng.log"] {"timestamp":1475179216.9894927,"message":"cc.dispatch","log_level":"debug","source":"cc.api","data":{"request_guid":"ab60e1d9-f73b-4f76-9116-d65031b6af4d","endpoint":"read","args":[]},"thread_id":47062185508960,"fiber_id":47062150331380,"process_id":15535,"file":"/var/vcap/data/packages/cloud_controller_ng/f87cb49aa2cd87792cb9c2211a79e1542502be4d.1-b1a5f3c830cb6c32ae9e685628b24aa967f5ae54/cloud_controller_ng/app/controllers/base/base_controller.rb","lineno":78,"method":"dispatch"}

2016-09-29T20:00:17.123965+00:00 b0fa19c0-86de-4447-a670-3f7adbd0b3c1 - - - [NXLOG@14506 bosh_deployment="cf-warden" bosh_job_name="api_z1" bosh_job_index="0" filename="/var/vcap/data/sys/log/cloud_controller_ng/cloud_controller_ng.log"] {"timestamp":1475179216.9899364,"message":"Completed 200 vcap-request-id: ab60e1d9-f73b-4f76-9116-d65031b6af4d","log_level":"info","source":"cc.api","data":{},"thread_id":47062185508960,"fiber_id":47062150331380,"process_id":15535,"file":"/var/vcap/packages/cloud_controller_ng/cloud_controller_ng/middleware/request_logs.rb","lineno":24,"method":"call"}

2016-09-29T20:00:17.124013+00:00 b0fa19c0-86de-4447-a670-3f7adbd0b3c1 - - - [NXLOG@14506 bosh_deployment="cf-warden" bosh_job_name="api_z1" bosh_job_index="0" filename="/var/vcap/data/sys/log/cloud_controller_ng/cloud_controller_ng.log"] {"timestamp":1475179216.9903119,"message":"Statsd: cc.requests.outstanding:-1|c\ncc.requests.completed:1|c\ncc.http_status.2XX:1|c","log_level":"debug","source":"statsd.client","data":{},"thread_id":47062185508960,"fiber_id":47062150331380,"process_id":15535,"file":"/var/vcap/packages/cloud_controller_ng/cloud_controller_ng/vendor/bundle/ruby/2.3.0/gems/statsd-ruby-1.2.1/lib/statsd.rb","lineno":254,"method":"send_to_socket"}

2016-09-29T20:00:26.969662+00:00 bfc626ef-a2eb-4bad-8f71-fa1d6d0f927f - - - [NXLOG@14506 bosh_deployment="cf-warden" bosh_job_name="loggregator_trafficcontroller_z1" bosh_job_index="0" filename="/var/vcap/data/sys/log/route_registrar/route_registrar.stdout.log"] {"timestamp":"1475179226.733169079","source":"Route Registrar","message":"Route Registrar.no healthchecker found for route","log_level":1,"data":{"route":{"Name":"doppler","Port":8081,"Tags":null,"URIs":["doppler.bosh-lite.com"],"RouteServiceUrl":"","RegistrationInterval":20000000000,"HealthCheck":null}}}

2016-09-29T20:00:26.969752+00:00 bfc626ef-a2eb-4bad-8f71-fa1d6d0f927f - - - [NXLOG@14506 bosh_deployment="cf-warden" bosh_job_name="loggregator_trafficcontroller_z1" bosh_job_index="0" filename="/var/vcap/data/sys/log/route_registrar/route_registrar.stdout.log"] {"timestamp":"1475179226.733256102","source":"Route Registrar","message":"Route Registrar.Registering route","log_level":1,"data":{"route":{"Name":"doppler","Port":8081,"Tags":null,"URIs":["doppler.bosh-lite.com"],"RouteServiceUrl":"","RegistrationInterval":20000000000,"HealthCheck":null}}}

2016-09-29T20:00:26.969786+00:00 bfc626ef-a2eb-4bad-8f71-fa1d6d0f927f - - - [NXLOG@14506 bosh_deployment="cf-warden" bosh_job_name="loggregator_trafficcontroller_z1" bosh_job_index="0" filename="/var/vcap/data/sys/log/route_registrar/route_registrar.stdout.log"] {"timestamp":"1475179226.733338118","source":"Route Registrar","message":"Route Registrar.Registered routes successfully","log_level":1,"data":{}}

2016-09-29T20:00:26.969814+00:00 bfc626ef-a2eb-4bad-8f71-fa1d6d0f927f - - - [NXLOG@14506 bosh_deployment="cf-warden" bosh_job_name="loggregator_trafficcontroller_z1" bosh_job_index="0" filename="/var/vcap/data/sys/log/route_registrar/route_registrar.stdout.log"] {"timestamp":"1475179226.733355284","source":"Route Registrar","message":"Route Registrar.no healthchecker found for route","log_level":1,"data":{"route":{"Name":"loggregator","Port":8080,"Tags":null,"URIs":["loggregator.bosh-lite.com"],"RouteServiceUrl":"","RegistrationInterval":20000000000,"HealthCheck":null}}}

2016-09-29T20:00:26.969840+00:00 bfc626ef-a2eb-4bad-8f71-fa1d6d0f927f - - - [NXLOG@14506 bosh_deployment="cf-warden" bosh_job_name="loggregator_trafficcontroller_z1" bosh_job_index="0" filename="/var/vcap/data/sys/log/route_registrar/route_registrar.stdout.log"] {"timestamp":"1475179226.733408451","source":"Route Registrar","message":"Route Registrar.Registering route","log_level":1,"data":{"route":{"Name":"loggregator","Port":8080,"Tags":null,"URIs":["loggregator.bosh-lite.com"],"RouteServiceUrl":"","RegistrationInterval":20000000000,"HealthCheck":null}}}

2016-09-29T20:00:26.969885+00:00 bfc626ef-a2eb-4bad-8f71-fa1d6d0f927f - - - [NXLOG@14506 bosh_deployment="cf-warden" bosh_job_name="loggregator_trafficcontroller_z1" bosh_job_index="0" filename="/var/vcap/data/sys/log/route_registrar/route_registrar.stdout.log"] {"timestamp":"1475179226.733456373","source":"Route Registrar","message":"Route Registrar.Registered routes successfully","log_level":1,"data":{}}

2016-09-29T20:00:26.973979+00:00 fc52b791-0068-48d0-b63d-a9600b8fa32e - - - [NXLOG@14506 bosh_deployment="cf-warden" bosh_job_name="runner_z1" bosh_job_index="0" filename="/var/vcap/data/sys/log/dea_next/dea_next.log"] {"timestamp":1475179221.7663717,"message":"hm9000.heartbeat.sending","log_level":"debug","source":"Dea::Bootstrap","data":{"destination":"https://listener-hm9000.service.cf.internal:5335/dea/heartbeat"},"thread_id":47241037142420,"fiber_id":47241050325380,"process_id":6941,"file":"/var/vcap/packages/dea_next/lib/dea/utils/hm9000.rb","lineno":29,"method":"send_heartbeat"}

2016-09-29T20:00:26.974121+00:00 fc52b791-0068-48d0-b63d-a9600b8fa32e - - - [NXLOG@14506 bosh_deployment="cf-warden" bosh_job_name="runner_z1" bosh_job_index="0" filename="/var/vcap/data/sys/log/dea_next/dea_next.log"] {"timestamp":1475179221.7683346,"message":"hm9000.heartbeat.accepted","log_level":"debug","source":"Dea::Bootstrap","data":{},"thread_id":47241050154140,"fiber_id":47241051666340,"process_id":6941,"file":"/var/vcap/packages/dea_next/lib/dea/utils/hm9000.rb","lineno":49,"method":"handle_http_response"}

2016-09-29T20:00:27.106034+00:00 05bf1627-ae2f-400c-b1ce-31973a9ff23f - - - [NXLOG@14506 bosh_deployment="cf-warden" bosh_job_name="uaa_z1" bosh_job_index="0" filename="/var/vcap/data/sys/log/uaa/localhost_access.log"] 127.0.0.1 - - [29/Sep/2016:20:00:10 +0000] "GET /healthz HTTP/1.1" 200 3

2016-09-29T20:00:27.106204+00:00 05bf1627-ae2f-400c-b1ce-31973a9ff23f - - - [NXLOG@14506 bosh_deployment="cf-warden" bosh_job_name="uaa_z1" bosh_job_index="0" filename="/var/vcap/data/sys/log/uaa/localhost_access.log"] 127.0.0.1 - - [29/Sep/2016:20:00:10 +0000] "GET /healthz HTTP/1.1" 200 3

2016-09-29T20:00:36.974222+00:00 fc52b791-0068-48d0-b63d-a9600b8fa32e - - - [NXLOG@14506 bosh_deployment="cf-warden" bosh_job_name="runner_z1" bosh_job_index="0" filename="/var/vcap/data/sys/log/dea_next/dea_next.log"] {"timestamp":1475179231.7639945,"message":"hm9000.heartbeat.sending","log_level":"debug","source":"Dea::Bootstrap","data":{"destination":"https://listener-hm9000.service.cf.internal:5335/dea/heartbeat"},"thread_id":47241037142420,"fiber_id":47241050325380,"process_id":6941,"file":"/var/vcap/packages/dea_next/lib/dea/utils/hm9000.rb","lineno":29,"method":"send_heartbeat"}

2016-09-29T20:00:36.974351+00:00 fc52b791-0068-48d0-b63d-a9600b8fa32e - - - [NXLOG@14506 bosh_deployment="cf-warden" bosh_job_name="runner_z1" bosh_job_index="0" filename="/var/vcap/data/sys/log/dea_next/dea_next.log"] {"timestamp":1475179231.7672465,"message":"hm9000.heartbeat.accepted","log_level":"debug","source":"Dea::Bootstrap","data":{},"thread_id":47241050153960,"fiber_id":47241051414980,"process_id":6941,"file":"/var/vcap/packages/dea_next/lib/dea/utils/hm9000.rb","lineno":49,"method":"handle_http_response"}

2016-09-29T20:00:36.974393+00:00 fc52b791-0068-48d0-b63d-a9600b8fa32e - - - [NXLOG@14506 bosh_deployment="cf-warden" bosh_job_name="runner_z1" bosh_job_index="0" filename="/var/vcap/data/sys/log/dea_next/dea_next.log"] {"timestamp":1475179236.1312554,"message":"Reaping orphaned containers","log_level":"debug","source":"Dea::Bootstrap","data":{},"thread_id":47241037142420,"fiber_id":47241050325380,"process_id":6941,"file":"/var/vcap/packages/dea_next/lib/dea/bootstrap.rb","lineno":236,"method":"reap_orphaned_containers"}

2016-09-29T20:00:37.106121+00:00 f0562343-642f-42d4-aca5-293abe675815 - - - [NXLOG@14506 bosh_deployment="cf-warden" bosh_job_name="blobstore_z1" bosh_job_index="0" filename="/var/vcap/data/sys/log/route_registrar/route_registrar.stdout.log"] {"timestamp":"1475179228.513195515","source":"Route Registrar","message":"Route Registrar.no healthchecker found for route","log_level":1,"data":{"route":{"Name":"blobstore","Port":80,"Tags":{"component":"blobstore"},"URIs":["blobstore.bosh-lite.com"],"RouteServiceUrl":"","RegistrationInterval":20000000000,"HealthCheck":null}}}

2016-09-29T20:00:37.106321+00:00 f0562343-642f-42d4-aca5-293abe675815 - - - [NXLOG@14506 bosh_deployment="cf-warden" bosh_job_name="blobstore_z1" bosh_job_index="0" filename="/var/vcap/data/sys/log/route_registrar/route_registrar.stdout.log"] {"timestamp":"1475179228.513328075","source":"Route Registrar","message":"Route Registrar.Registering route","log_level":1,"data":{"route":{"Name":"blobstore","Port":80,"Tags":{"component":"blobstore"},"URIs":["blobstore.bosh-lite.com"],"RouteServiceUrl":"","RegistrationInterval":20000000000,"HealthCheck":null}}}

2016-09-29T20:00:37.106378+00:00 f0562343-642f-42d4-aca5-293abe675815 - - - [NXLOG@14506 bosh_deployment="cf-warden" bosh_job_name="blobstore_z1" bosh_job_index="0" filename="/var/vcap/data/sys/log/route_registrar/route_registrar.stdout.log"] {"timestamp":"1475179228.513518095","source":"Route Registrar","message":"Route Registrar.Registered routes successfully","log_level":1,"data":{}}

2016-09-29T20:00:37.107083+00:00 152ab062-1f32-4789-910a-13bdc79651b2 - - - [NXLOG@14506 bosh_deployment="cf-warden" bosh_job_name="hm9000_z1" bosh_job_index="0" filename="/var/vcap/data/sys/log/hm9000/hm9000_listener.log"] {"timestamp":"1475179231.766002893","source":"listener","message":"listener.Received a heartbeat","log_level":1,"data":{"Heartbeats Pending Save":"1"}}

2016-09-29T20:00:37.107220+00:00 152ab062-1f32-4789-910a-13bdc79651b2 - - - [NXLOG@14506 bosh_deployment="cf-warden" bosh_job_name="hm9000_z1" bosh_job_index="0" filename="/var/vcap/data/sys/log/hm9000/hm9000_listener.log"] {"timestamp":"1475179231.816601753","source":"listener","message":"listener.Saving Heartbeats","log_level":1,"data":{"Heartbeats to Save":"1"}}

2016-09-29T20:00:37.107289+00:00 152ab062-1f32-4789-910a-13bdc79651b2 - - - [NXLOG@14506 bosh_deployment="cf-warden" bosh_job_name="hm9000_z1" bosh_job_index="0" filename="/var/vcap/data/sys/log/hm9000/hm9000_listener.log"] {"timestamp":"1475179231.824986935","source":"listener","message":"listener.Bumped freshness","log_level":1,"data":{}}

2016-09-29T20:00:37.107428+00:00 152ab062-1f32-4789-910a-13bdc79651b2 - - - [NXLOG@14506 bosh_deployment="cf-warden" bosh_job_name="hm9000_z1" bosh_job_index="0" filename="/var/vcap/data/sys/log/hm9000/hm9000_listener.log"] {"timestamp":"1475179231.825009346","source":"listener","message":"listener.Saved Heartbeats","log_level":1,"data":{"Duration":"8.242551ms","Heartbeats to Save":"1"}}

2016-09-29T20:00:37.110007+00:00 05bf1627-ae2f-400c-b1ce-31973a9ff23f - - - [NXLOG@14506 bosh_deployment="cf-warden" bosh_job_name="uaa_z1" bosh_job_index="0" filename="/var/vcap/data/sys/log/uaa/localhost_access.log"] 127.0.0.1 - - [29/Sep/2016:20:00:18 +0000] "GET /healthz HTTP/1.1" 200 3

2016-09-29T20:00:37.110148+00:00 05bf1627-ae2f-400c-b1ce-31973a9ff23f - - - [NXLOG@14506 bosh_deployment="cf-warden" bosh_job_name="uaa_z1" bosh_job_index="0" filename="/var/vcap/data/sys/log/uaa/localhost_access.log"] 127.0.0.1 - - [29/Sep/2016:20:00:20 +0000] "GET /healthz HTTP/1.1" 200 3

2016-09-29T20:00:37.110229+00:00 05bf1627-ae2f-400c-b1ce-31973a9ff23f - - - [NXLOG@14506 bosh_deployment="cf-warden" bosh_job_name="uaa_z1" bosh_job_index="0" filename="/var/vcap/data/sys/log/uaa/localhost_access.log"] 127.0.0.1 - - [29/Sep/2016:20:00:22 +0000] "GET /healthz HTTP/1.1" 200 3

2016-09-29T20:00:37.110374+00:00 05bf1627-ae2f-400c-b1ce-31973a9ff23f - - - [NXLOG@14506 bosh_deployment="cf-warden" bosh_job_name="uaa_z1" bosh_job_index="0" filename="/var/vcap/data/sys/log/uaa/localhost_access.log"] 127.0.0.1 - - [29/Sep/2016:20:00:26 +0000] "GET /healthz HTTP/1.1" 200 3

2016-09-29T20:00:37.110425+00:00 05bf1627-ae2f-400c-b1ce-31973a9ff23f - - - [NXLOG@14506 bosh_deployment="cf-warden" bosh_job_name="uaa_z1" bosh_job_index="0" filename="/var/vcap/data/sys/log/route_registrar/route_registrar.stdout.log"] {"timestamp":"1475179230.808144093","source":"Route Registrar","message":"Route Registrar.Executing script","log_level":1,"data":{"scriptPath":"/var/vcap/jobs/uaa/bin/health_check"}}

2016-09-29T20:00:37.110470+00:00 05bf1627-ae2f-400c-b1ce-31973a9ff23f - - - [NXLOG@14506 bosh_deployment="cf-warden" bosh_job_name="uaa_z1" bosh_job_index="0" filename="/var/vcap/data/sys/log/route_registrar/route_registrar.stdout.log"] {"timestamp":"1475179230.820299625","source":"Route Registrar","message":"Route Registrar.Script exited without error","log_level":1,"data":{"script":"/var/vcap/jobs/uaa/bin/health_check","stderr":"  % Total    % Received % Xferd  Average Speed   Time    Time     Time  Current\n                                 Dload  Upload   Total   Spent    Left  Speed\n\r  0     0    0     0    0     0      0      0 --:--:-- --:--:-- --:--:--     0\r100     3  100     3    0     0   1107      0 --:--:-- --:--:-- --:--:--  1500\n","stdout":""}}

2016-09-29T20:00:37.110516+00:00 05bf1627-ae2f-400c-b1ce-31973a9ff23f - - - [NXLOG@14506 bosh_deployment="cf-warden" bosh_job_name="uaa_z1" bosh_job_index="0" filename="/var/vcap/data/sys/log/route_registrar/route_registrar.stdout.log"] {"timestamp":"1475179230.820367813","source":"Route Registrar","message":"Route Registrar.healthchecker returned healthy for route","log_level":1,"data":{"route":{"Name":"uaa","Port":8080,"Tags":{"component":"uaa"},"URIs":["uaa.bosh-lite.com","*.uaa.bosh-lite.com","login.bosh-lite.com","*.login.bosh-lite.com"],"RouteServiceUrl":"","RegistrationInterval":4000000000,"HealthCheck":{"Name":"uaa-healthcheck","ScriptPath":"/var/vcap/jobs/uaa/bin/health_check","Timeout":2000000000}}}}

2016-09-29T20:00:37.110560+00:00 05bf1627-ae2f-400c-b1ce-31973a9ff23f - - - [NXLOG@14506 bosh_deployment="cf-warden" bosh_job_name="uaa_z1" bosh_job_index="0" filename="/var/vcap/data/sys/log/route_registrar/route_registrar.stdout.log"] {"timestamp":"1475179230.820427895","source":"Route Registrar","message":"Route Registrar.Registering route","log_level":1,"data":{"route":{"Name":"uaa","Port":8080,"Tags":{"component":"uaa"},"URIs":["uaa.bosh-lite.com","*.uaa.bosh-lite.com","login.bosh-lite.com","*.login.bosh-lite.com"],"RouteServiceUrl":"","RegistrationInterval":4000000000,"HealthCheck":{"Name":"uaa-healthcheck","ScriptPath":"/var/vcap/jobs/uaa/bin/health_check","Timeout":2000000000}}}}

2016-09-29T20:00:37.110604+00:00 05bf1627-ae2f-400c-b1ce-31973a9ff23f - - - [NXLOG@14506 bosh_deployment="cf-warden" bosh_job_name="uaa_z1" bosh_job_index="0" filename="/var/vcap/data/sys/log/route_registrar/route_registrar.stdout.log"] {"timestamp":"1475179230.820566416","source":"Route Registrar","message":"Route Registrar.Registered routes successfully","log_level":1,"data":{}}

2016-09-29T20:00:37.110667+00:00 05bf1627-ae2f-400c-b1ce-31973a9ff23f - - - [NXLOG@14506 bosh_deployment="cf-warden" bosh_job_name="uaa_z1" bosh_job_index="0" filename="/var/vcap/data/sys/log/route_registrar/route_registrar.stdout.log"] {"timestamp":"1475179234.808149338","source":"Route Registrar","message":"Route Registrar.Executing script","log_level":1,"data":{"scriptPath":"/var/vcap/jobs/uaa/bin/health_check"}}

2016-09-29T20:00:37.110710+00:00 05bf1627-ae2f-400c-b1ce-31973a9ff23f - - - [NXLOG@14506 bosh_deployment="cf-warden" bosh_job_name="uaa_z1" bosh_job_index="0" filename="/var/vcap/data/sys/log/route_registrar/route_registrar.stdout.log"] {"timestamp":"1475179234.819765329","source":"Route Registrar","message":"Route Registrar.Script exited without error","log_level":1,"data":{"script":"/var/vcap/jobs/uaa/bin/health_check","stderr":"  % Total    % Received % Xferd  Average Speed   Time    Time     Time  Current\n                                 Dload  Upload   Total   Spent    Left  Speed\n\r  0     0    0     0    0     0      0      0 --:--:-- --:--:-- --:--:--     0\r100     3  100     3    0     0   2518      0 --:--:-- --:--:-- --:--:--  3000\n","stdout":""}}

2016-09-29T20:00:37.110820+00:00 05bf1627-ae2f-400c-b1ce-31973a9ff23f - - - [NXLOG@14506 bosh_deployment="cf-warden" bosh_job_name="uaa_z1" bosh_job_index="0" filename="/var/vcap/data/sys/log/route_registrar/route_registrar.stdout.log"] {"timestamp":"1475179234.819878101","source":"Route Registrar","message":"Route Registrar.healthchecker returned healthy for route","log_level":1,"data":{"route":{"Name":"uaa","Port":8080,"Tags":{"component":"uaa"},"URIs":["uaa.bosh-lite.com","*.uaa.bosh-lite.com","login.bosh-lite.com","*.login.bosh-lite.com"],"RouteServiceUrl":"","RegistrationInterval":4000000000,"HealthCheck":{"Name":"uaa-healthcheck","ScriptPath":"/var/vcap/jobs/uaa/bin/health_check","Timeout":2000000000}}}}

2016-09-29T20:00:37.110870+00:00 05bf1627-ae2f-400c-b1ce-31973a9ff23f - - - [NXLOG@14506 bosh_deployment="cf-warden" bosh_job_name="uaa_z1" bosh_job_index="0" filename="/var/vcap/data/sys/log/route_registrar/route_registrar.stdout.log"] {"timestamp":"1475179234.819884062","source":"Route Registrar","message":"Route Registrar.Registering route","log_level":1,"data":{"route":{"Name":"uaa","Port":8080,"Tags":{"component":"uaa"},"URIs":["uaa.bosh-lite.com","*.uaa.bosh-lite.com","login.bosh-lite.com","*.login.bosh-lite.com"],"RouteServiceUrl":"","RegistrationInterval":4000000000,"HealthCheck":{"Name":"uaa-healthcheck","ScriptPath":"/var/vcap/jobs/uaa/bin/health_check","Timeout":2000000000}}}}

2016-09-29T20:00:37.110915+00:00 05bf1627-ae2f-400c-b1ce-31973a9ff23f - - - [NXLOG@14506 bosh_deployment="cf-warden" bosh_job_name="uaa_z1" bosh_job_index="0" filename="/var/vcap/data/sys/log/route_registrar/route_registrar.stdout.log"] {"timestamp":"1475179234.819965124","source":"Route Registrar","message":"Route Registrar.Registered routes successfully","log_level":1,"data":{}}

2016-09-29T20:00:37.110955+00:00 05bf1627-ae2f-400c-b1ce-31973a9ff23f - - - [NXLOG@14506 bosh_deployment="cf-warden" bosh_job_name="uaa_z1" bosh_job_index="0" filename="/var/vcap/data/sys/log/uaa/uaa.log"] [2016-09-29 20:00:30.632] uaa - 19013 [http-nio-127.0.0.1-8989-exec-10] .... DEBUG --- AntPathRequestMatcher: Checking match of request : '/healthz'; against '/resources/**'

2016-09-29T20:00:37.111106+00:00 05bf1627-ae2f-400c-b1ce-31973a9ff23f - - - [NXLOG@14506 bosh_deployment="cf-warden" bosh_job_name="uaa_z1" bosh_job_index="0" filename="/var/vcap/data/sys/log/uaa/uaa.log"] [2016-09-29 20:00:30.632] uaa - 19013 [http-nio-127.0.0.1-8989-exec-10] .... DEBUG --- AntPathRequestMatcher: Checking match of request : '/healthz'; against '/square-logo.png'

2016-09-29T20:00:37.111198+00:00 05bf1627-ae2f-400c-b1ce-31973a9ff23f - - - [NXLOG@14506 bosh_deployment="cf-warden" bosh_job_name="uaa_z1" bosh_job_index="0" filename="/var/vcap/data/sys/log/uaa/uaa.log"] [2016-09-29 20:00:30.632] uaa - 19013 [http-nio-127.0.0.1-8989-exec-10] .... DEBUG --- AntPathRequestMatcher: Checking match of request : '/healthz'; against '/info'

2016-09-29T20:00:37.111239+00:00 05bf1627-ae2f-400c-b1ce-31973a9ff23f - - - [NXLOG@14506 bosh_deployment="cf-warden" bosh_job_name="uaa_z1" bosh_job_index="0" filename="/var/vcap/data/sys/log/uaa/uaa.log"] [2016-09-29 20:00:30.632] uaa - 19013 [http-nio-127.0.0.1-8989-exec-10] .... DEBUG --- AntPathRequestMatcher: Checking match of request : '/healthz'; against '/password/**'

2016-09-29T20:00:37.111268+00:00 05bf1627-ae2f-400c-b1ce-31973a9ff23f - - - [NXLOG@14506 bosh_deployment="cf-warden" bosh_job_name="uaa_z1" bosh_job_index="0" filename="/var/vcap/data/sys/log/uaa/uaa.log"] [2016-09-29 20:00:30.632] uaa - 19013 [http-nio-127.0.0.1-8989-exec-10] .... DEBUG --- AntPathRequestMatcher: Checking match of request : '/healthz'; against '/healthz/**'

2016-09-29T20:00:37.111278+00:00 05bf1627-ae2f-400c-b1ce-31973a9ff23f - - - [NXLOG@14506 bosh_deployment="cf-warden" bosh_job_name="uaa_z1" bosh_job_index="0" filename="/var/vcap/data/sys/log/uaa/uaa.log"] [2016-09-29 20:00:30.632] uaa - 19013 [http-nio-127.0.0.1-8989-exec-10] .... DEBUG --- FilterChainProxy: /healthz has an empty filter list

2016-09-29T20:00:37.111302+00:00 05bf1627-ae2f-400c-b1ce-31973a9ff23f - - - [NXLOG@14506 bosh_deployment="cf-warden" bosh_job_name="uaa_z1" bosh_job_index="0" filename="/var/vcap/data/sys/log/uaa/uaa.log"] [2016-09-29 20:00:30.632] uaa - 19013 [http-nio-127.0.0.1-8989-exec-10] .... DEBUG --- DispatcherServlet: DispatcherServlet with name 'spring' processing GET request for [/healthz]

2016-09-29T20:00:37.111337+00:00 05bf1627-ae2f-400c-b1ce-31973a9ff23f - - - [NXLOG@14506 bosh_deployment="cf-warden" bosh_job_name="uaa_z1" bosh_job_index="0" filename="/var/vcap/data/sys/log/uaa/uaa.log"] [2016-09-29 20:00:30.632] uaa - 19013 [http-nio-127.0.0.1-8989-exec-10] .... DEBUG --- DispatcherServlet: Last-Modified value for [/healthz] is: -1

2016-09-29T20:00:37.111353+00:00 05bf1627-ae2f-400c-b1ce-31973a9ff23f - - - [NXLOG@14506 bosh_deployment="cf-warden" bosh_job_name="uaa_z1" bosh_job_index="0" filename="/var/vcap/data/sys/log/uaa/uaa.log"] [2016-09-29 20:00:30.633] uaa - 19013 [http-nio-127.0.0.1-8989-exec-10] .... DEBUG --- RequestResponseBodyMethodProcessor: Written [ok

2016-09-29T20:00:37.111364+00:00 05bf1627-ae2f-400c-b1ce-31973a9ff23f - - - [NXLOG@14506 bosh_deployment="cf-warden" bosh_job_name="uaa_z1" bosh_job_index="0" filename="/var/vcap/data/sys/log/uaa/uaa.log"] ] as "text/plain;charset=ISO-8859-1" using [org.springframework.http.converter.StringHttpMessageConverter@178b2baf]

2016-09-29T20:00:37.111373+00:00 05bf1627-ae2f-400c-b1ce-31973a9ff23f - - - [NXLOG@14506 bosh_deployment="cf-warden" bosh_job_name="uaa_z1" bosh_job_index="0" filename="/var/vcap/data/sys/log/uaa/uaa.log"] [2016-09-29 20:00:30.633] uaa - 19013 [http-nio-127.0.0.1-8989-exec-10] .... DEBUG --- DispatcherServlet: Null ModelAndView returned to DispatcherServlet with name 'spring': assuming HandlerAdapter completed request handling

2016-09-29T20:00:37.111482+00:00 05bf1627-ae2f-400c-b1ce-31973a9ff23f - - - [NXLOG@14506 bosh_deployment="cf-warden" bosh_job_name="uaa_z1" bosh_job_index="0" filename="/var/vcap/data/sys/log/uaa/uaa.log"] [2016-09-29 20:00:30.633] uaa - 19013 [http-nio-127.0.0.1-8989-exec-10] .... DEBUG --- DispatcherServlet: Successfully completed request

2016-09-29T20:00:37.111493+00:00 05bf1627-ae2f-400c-b1ce-31973a9ff23f - - - [NXLOG@14506 bosh_deployment="cf-warden" bosh_job_name="uaa_z1" bosh_job_index="0" filename="/var/vcap/data/sys/log/uaa/uaa.log"] [2016-09-29 20:00:30.818] uaa - 19013 [http-nio-127.0.0.1-8989-exec-4] .... DEBUG --- AntPathRequestMatcher: Checking match of request : '/healthz'; against '/resources/**'

2016-09-29T20:00:37.111502+00:00 05bf1627-ae2f-400c-b1ce-31973a9ff23f - - - [NXLOG@14506 bosh_deployment="cf-warden" bosh_job_name="uaa_z1" bosh_job_index="0" filename="/var/vcap/data/sys/log/uaa/uaa.log"] [2016-09-29 20:00:30.818] uaa - 19013 [http-nio-127.0.0.1-8989-exec-4] .... DEBUG --- AntPathRequestMatcher: Checking match of request : '/healthz'; against '/square-logo.png'

2016-09-29T20:00:37.111522+00:00 05bf1627-ae2f-400c-b1ce-31973a9ff23f - - - [NXLOG@14506 bosh_deployment="cf-warden" bosh_job_name="uaa_z1" bosh_job_index="0" filename="/var/vcap/data/sys/log/uaa/uaa.log"] [2016-09-29 20:00:30.818] uaa - 19013 [http-nio-127.0.0.1-8989-exec-4] .... DEBUG --- AntPathRequestMatcher: Checking match of request : '/healthz'; against '/info'

2016-09-29T20:00:37.111555+00:00 05bf1627-ae2f-400c-b1ce-31973a9ff23f - - - [NXLOG@14506 bosh_deployment="cf-warden" bosh_job_name="uaa_z1" bosh_job_index="0" filename="/var/vcap/data/sys/log/uaa/uaa.log"] [2016-09-29 20:00:30.818] uaa - 19013 [http-nio-127.0.0.1-8989-exec-4] .... DEBUG --- AntPathRequestMatcher: Checking match of request : '/healthz'; against '/password/**'

2016-09-29T20:00:37.111618+00:00 05bf1627-ae2f-400c-b1ce-31973a9ff23f - - - [NXLOG@14506 bosh_deployment="cf-warden" bosh_job_name="uaa_z1" bosh_job_index="0" filename="/var/vcap/data/sys/log/uaa/uaa.log"] [2016-09-29 20:00:30.818] uaa - 19013 [http-nio-127.0.0.1-8989-exec-4] .... DEBUG --- AntPathRequestMatcher: Checking match of request : '/healthz'; against '/healthz/**'

2016-09-29T20:00:37.111639+00:00 05bf1627-ae2f-400c-b1ce-31973a9ff23f - - - [NXLOG@14506 bosh_deployment="cf-warden" bosh_job_name="uaa_z1" bosh_job_index="0" filename="/var/vcap/data/sys/log/uaa/uaa.log"] [2016-09-29 20:00:30.818] uaa - 19013 [http-nio-127.0.0.1-8989-exec-4] .... DEBUG --- FilterChainProxy: /healthz has an empty filter list

2016-09-29T20:00:37.111648+00:00 05bf1627-ae2f-400c-b1ce-31973a9ff23f - - - [NXLOG@14506 bosh_deployment="cf-warden" bosh_job_name="uaa_z1" bosh_job_index="0" filename="/var/vcap/data/sys/log/uaa/uaa.log"] [2016-09-29 20:00:30.818] uaa - 19013 [http-nio-127.0.0.1-8989-exec-4] .... DEBUG --- DispatcherServlet: DispatcherServlet with name 'spring' processing GET request for [/healthz]

2016-09-29T20:00:37.111671+00:00 05bf1627-ae2f-400c-b1ce-31973a9ff23f - - - [NXLOG@14506 bosh_deployment="cf-warden" bosh_job_name="uaa_z1" bosh_job_index="0" filename="/var/vcap/data/sys/log/uaa/uaa.log"] [2016-09-29 20:00:30.818] uaa - 19013 [http-nio-127.0.0.1-8989-exec-4] .... DEBUG --- DispatcherServlet: Last-Modified value for [/healthz] is: -1

2016-09-29T20:00:37.111691+00:00 05bf1627-ae2f-400c-b1ce-31973a9ff23f - - - [NXLOG@14506 bosh_deployment="cf-warden" bosh_job_name="uaa_z1" bosh_job_index="0" filename="/var/vcap/data/sys/log/uaa/uaa.log"] [2016-09-29 20:00:30.819] uaa - 19013 [http-nio-127.0.0.1-8989-exec-4] .... DEBUG --- RequestResponseBodyMethodProcessor: Written [ok

2016-09-29T20:00:37.111710+00:00 05bf1627-ae2f-400c-b1ce-31973a9ff23f - - - [NXLOG@14506 bosh_deployment="cf-warden" bosh_job_name="uaa_z1" bosh_job_index="0" filename="/var/vcap/data/sys/log/uaa/uaa.log"] ] as "text/plain;charset=ISO-8859-1" using [org.springframework.http.converter.StringHttpMessageConverter@178b2baf]

2016-09-29T20:00:37.111719+00:00 05bf1627-ae2f-400c-b1ce-31973a9ff23f - - - [NXLOG@14506 bosh_deployment="cf-warden" bosh_job_name="uaa_z1" bosh_job_index="0" filename="/var/vcap/data/sys/log/uaa/uaa.log"] [2016-09-29 20:00:30.819] uaa - 19013 [http-nio-127.0.0.1-8989-exec-4] .... DEBUG --- DispatcherServlet: Null ModelAndView returned to DispatcherServlet with name 'spring': assuming HandlerAdapter completed request handling

2016-09-29T20:00:37.111740+00:00 05bf1627-ae2f-400c-b1ce-31973a9ff23f - - - [NXLOG@14506 bosh_deployment="cf-warden" bosh_job_name="uaa_z1" bosh_job_index="0" filename="/var/vcap/data/sys/log/uaa/uaa.log"] [2016-09-29 20:00:30.819] uaa - 19013 [http-nio-127.0.0.1-8989-exec-4] .... DEBUG --- DispatcherServlet: Successfully completed request

2016-09-29T20:00:37.111752+00:00 05bf1627-ae2f-400c-b1ce-31973a9ff23f - - - [NXLOG@14506 bosh_deployment="cf-warden" bosh_job_name="uaa_z1" bosh_job_index="0" filename="/var/vcap/data/sys/log/uaa/uaa.log"] [2016-09-29 20:00:31.156] uaa - 19013 [pool-2-thread-1] .... DEBUG --- JdbcTemplate: Executing SQL query [select count(*) from oauth_client_details]

2016-09-29T20:00:37.111783+00:00 05bf1627-ae2f-400c-b1ce-31973a9ff23f - - - [NXLOG@14506 bosh_deployment="cf-warden" bosh_job_name="uaa_z1" bosh_job_index="0" filename="/var/vcap/data/sys/log/uaa/uaa.log"] [2016-09-29 20:00:31.158] uaa - 19013 [pool-2-thread-1] .... DEBUG --- JdbcTemplate: Executing SQL query [select count(*) from users]

2016-09-29T20:00:37.111811+00:00 05bf1627-ae2f-400c-b1ce-31973a9ff23f - - - [NXLOG@14506 bosh_deployment="cf-warden" bosh_job_name="uaa_z1" bosh_job_index="0" filename="/var/vcap/data/sys/log/uaa/uaa.log"] [2016-09-29 20:00:34.816] uaa - 19013 [http-nio-127.0.0.1-8989-exec-2] .... DEBUG --- AntPathRequestMatcher: Checking match of request : '/healthz'; against '/resources/**'

2016-09-29T20:00:37.111884+00:00 05bf1627-ae2f-400c-b1ce-31973a9ff23f - - - [NXLOG@14506 bosh_deployment="cf-warden" bosh_job_name="uaa_z1" bosh_job_index="0" filename="/var/vcap/data/sys/log/uaa/uaa.log"] [2016-09-29 20:00:34.816] uaa - 19013 [http-nio-127.0.0.1-8989-exec-2] .... DEBUG --- AntPathRequestMatcher: Checking match of request : '/healthz'; against '/square-logo.png'

2016-09-29T20:00:37.111928+00:00 05bf1627-ae2f-400c-b1ce-31973a9ff23f - - - [NXLOG@14506 bosh_deployment="cf-warden" bosh_job_name="uaa_z1" bosh_job_index="0" filename="/var/vcap/data/sys/log/uaa/uaa.log"] [2016-09-29 20:00:34.816] uaa - 19013 [http-nio-127.0.0.1-8989-exec-2] .... DEBUG --- AntPathRequestMatcher: Checking match of request : '/healthz'; against '/info'

2016-09-29T20:00:37.112378+00:00 05bf1627-ae2f-400c-b1ce-31973a9ff23f - - - [NXLOG@14506 bosh_deployment="cf-warden" bosh_job_name="uaa_z1" bosh_job_index="0" filename="/var/vcap/data/sys/log/uaa/uaa.log"] [2016-09-29 20:00:34.816] uaa - 19013 [http-nio-127.0.0.1-8989-exec-2] .... DEBUG --- AntPathRequestMatcher: Checking match of request : '/healthz'; against '/password/**'

2016-09-29T20:00:37.112443+00:00 05bf1627-ae2f-400c-b1ce-31973a9ff23f - - - [NXLOG@14506 bosh_deployment="cf-warden" bosh_job_name="uaa_z1" bosh_job_index="0" filename="/var/vcap/data/sys/log/uaa/uaa.log"] [2016-09-29 20:00:34.816] uaa - 19013 [http-nio-127.0.0.1-8989-exec-2] .... DEBUG --- AntPathRequestMatcher: Checking match of request : '/healthz'; against '/healthz/**'

2016-09-29T20:00:37.112467+00:00 05bf1627-ae2f-400c-b1ce-31973a9ff23f - - - [NXLOG@14506 bosh_deployment="cf-warden" bosh_job_name="uaa_z1" bosh_job_index="0" filename="/var/vcap/data/sys/log/uaa/uaa.log"] [2016-09-29 20:00:34.816] uaa - 19013 [http-nio-127.0.0.1-8989-exec-2] .... DEBUG --- FilterChainProxy: /healthz has an empty filter list

2016-09-29T20:00:37.112478+00:00 05bf1627-ae2f-400c-b1ce-31973a9ff23f - - - [NXLOG@14506 bosh_deployment="cf-warden" bosh_job_name="uaa_z1" bosh_job_index="0" filename="/var/vcap/data/sys/log/uaa/uaa.log"] [2016-09-29 20:00:34.816] uaa - 19013 [http-nio-127.0.0.1-8989-exec-2] .... DEBUG --- DispatcherServlet: DispatcherServlet with name 'spring' processing GET request for [/healthz]

2016-09-29T20:00:37.112536+00:00 05bf1627-ae2f-400c-b1ce-31973a9ff23f - - - [NXLOG@14506 bosh_deployment="cf-warden" bosh_job_name="uaa_z1" bosh_job_index="0" filename="/var/vcap/data/sys/log/uaa/uaa.log"] [2016-09-29 20:00:34.816] uaa - 19013 [http-nio-127.0.0.1-8989-exec-2] .... DEBUG --- DispatcherServlet: Last-Modified value for [/healthz] is: -1

2016-09-29T20:00:37.112572+00:00 05bf1627-ae2f-400c-b1ce-31973a9ff23f - - - [NXLOG@14506 bosh_deployment="cf-warden" bosh_job_name="uaa_z1" bosh_job_index="0" filename="/var/vcap/data/sys/log/uaa/uaa.log"] [2016-09-29 20:00:34.817] uaa - 19013 [http-nio-127.0.0.1-8989-exec-2] .... DEBUG --- RequestResponseBodyMethodProcessor: Written [ok

2016-09-29T20:00:37.112582+00:00 05bf1627-ae2f-400c-b1ce-31973a9ff23f - - - [NXLOG@14506 bosh_deployment="cf-warden" bosh_job_name="uaa_z1" bosh_job_index="0" filename="/var/vcap/data/sys/log/uaa/uaa.log"] ] as "text/plain;charset=ISO-8859-1" using [org.springframework.http.converter.StringHttpMessageConverter@178b2baf]

2016-09-29T20:00:37.112605+00:00 05bf1627-ae2f-400c-b1ce-31973a9ff23f - - - [NXLOG@14506 bosh_deployment="cf-warden" bosh_job_name="uaa_z1" bosh_job_index="0" filename="/var/vcap/data/sys/log/uaa/uaa.log"] [2016-09-29 20:00:34.817] uaa - 19013 [http-nio-127.0.0.1-8989-exec-2] .... DEBUG --- DispatcherServlet: Null ModelAndView returned to DispatcherServlet with name 'spring': assuming HandlerAdapter completed request handling

2016-09-29T20:00:37.112614+00:00 05bf1627-ae2f-400c-b1ce-31973a9ff23f - - - [NXLOG@14506 bosh_deployment="cf-warden" bosh_job_name="uaa_z1" bosh_job_index="0" filename="/var/vcap/data/sys/log/uaa/uaa.log"] [2016-09-29 20:00:34.817] uaa - 19013 [http-nio-127.0.0.1-8989-exec-2] .... DEBUG --- DispatcherServlet: Successfully completed request

2016-09-29T20:00:37.112655+00:00 05bf1627-ae2f-400c-b1ce-31973a9ff23f - - - [NXLOG@14506 bosh_deployment="cf-warden" bosh_job_name="uaa_z1" bosh_job_index="0" filename="/var/vcap/data/sys/log/uaa/uaa.log"] [2016-09-29 20:00:36.156] uaa - 19013 [pool-2-thread-1] .... DEBUG --- JdbcTemplate: Executing SQL query [select count(*) from oauth_client_details]

2016-09-29T20:00:37.112665+00:00 05bf1627-ae2f-400c-b1ce-31973a9ff23f - - - [NXLOG@14506 bosh_deployment="cf-warden" bosh_job_name="uaa_z1" bosh_job_index="0" filename="/var/vcap/data/sys/log/uaa/uaa.log"] [2016-09-29 20:00:36.158] uaa - 19013 [pool-2-thread-1] .... DEBUG --- JdbcTemplate: Executing SQL query [select count(*) from users]

2016-09-29T20:00:37.121011+00:00 b0fa19c0-86de-4447-a670-3f7adbd0b3c1 - - - [NXLOG@14506 bosh_deployment="cf-warden" bosh_job_name="api_z1" bosh_job_index="0" filename="/var/vcap/data/sys/log/cloud_controller_worker/cloud_controller_worker.log"] {"timestamp":1475179231.3386614,"message":"(0.000422s) SELECT * FROM \"delayed_jobs\" WHERE ((((\"run_at\" <= '2016-09-29 20:00:31.337734+0000') AND (\"locked_at\" IS NULL)) OR (\"locked_by\" = 'cc_global_worker.api_z1.0.1')) AND (\"failed_at\" IS NULL) AND (\"queue\" IN ('cc-generic'))) ORDER BY \"priority\" ASC, \"run_at\" ASC LIMIT 5","log_level":"debug2","source":"cc.background","data":{},"thread_id":47193737007380,"fiber_id":47193773841900,"process_id":15807,"file":"/var/vcap/packages/cloud_controller_ng/cloud_controller_ng/vendor/bundle/ruby/2.3.0/gems/sequel-4.29.0/lib/sequel/database/logging.rb","lineno":70,"method":"block in log_each"}

2016-09-29T20:00:37.121136+00:00 b0fa19c0-86de-4447-a670-3f7adbd0b3c1 - - - [NXLOG@14506 bosh_deployment="cf-warden" bosh_job_name="api_z1" bosh_job_index="0" filename="/var/vcap/data/sys/log/cloud_controller_worker/cloud_controller_worker.log"] {"timestamp":1475179236.3727925,"message":"(0.000570s) SELECT * FROM \"delayed_jobs\" WHERE ((((\"run_at\" <= '2016-09-29 20:00:36.371706+0000') AND (\"locked_at\" IS NULL)) OR (\"locked_by\" = 'cc_global_worker.api_z1.0.1')) AND (\"failed_at\" IS NULL) AND (\"queue\" IN ('cc-generic'))) ORDER BY \"priority\" ASC, \"run_at\" ASC LIMIT 5","log_level":"debug2","source":"cc.background","data":{},"thread_id":47193737007380,"fiber_id":47193773841900,"process_id":15807,"file":"/var/vcap/packages/cloud_controller_ng/cloud_controller_ng/vendor/bundle/ruby/2.3.0/gems/sequel-4.29.0/lib/sequel/database/logging.rb","lineno":70,"method":"block in log_each"}

2016-09-29T20:00:37.121179+00:00 b0fa19c0-86de-4447-a670-3f7adbd0b3c1 - - - [NXLOG@14506 bosh_deployment="cf-warden" bosh_job_name="api_z1" bosh_job_index="0" filename="/var/vcap/data/sys/log/nginx_cc/nginx.access.log"] api.bosh-lite.com - [29/Sep/2016:20:00:30 +0000] "GET /v2/syslog_drain_urls?batch_size=1000 HTTP/1.1" 200 326 "-" "Go-http-client/1.1" 10.244.0.146, 10.244.0.34, 10.244.0.22 vcap_request_id:aee4e608-86f5-4828-6883-216a7c6618bc::1e991efd-bbf0-4950-80bf-9e25367c4a71 response_time:0.005

2016-09-29T20:00:37.121237+00:00 b0fa19c0-86de-4447-a670-3f7adbd0b3c1 - - - [NXLOG@14506 bosh_deployment="cf-warden" bosh_job_name="api_z1" bosh_job_index="0" filename="/var/vcap/data/sys/log/nginx_cc/nginx.access.log"] 10.244.0.138 - [29/Sep/2016:20:00:37 +0000] "GET /v2/info HTTP/1.1" 200 802 "-" "monit/5.2.5" 10.244.0.138 vcap_request_id:043aef9f-3dc6-4de3-afeb-96835ef53ba3 response_time:0.003

2016-09-29T20:00:37.121273+00:00 b0fa19c0-86de-4447-a670-3f7adbd0b3c1 - - - [NXLOG@14506 bosh_deployment="cf-warden" bosh_job_name="api_z1" bosh_job_index="0" filename="/var/vcap/data/sys/log/cloud_controller_ng/cloud_controller_ng.log"] {"timestamp":1475179227.745752,"message":"(0.000589s) SELECT * FROM \"delayed_jobs\" WHERE ((((\"run_at\" <= '2016-09-29 20:00:27.744612+0000') AND (\"locked_at\" IS NULL)) OR (\"locked_by\" = 'cc_api_worker.api_z1.0.1')) AND (\"failed_at\" IS NULL) AND (\"queue\" IN ('cc-api_z1-0'))) ORDER BY \"priority\" ASC, \"run_at\" ASC LIMIT 5","log_level":"debug2","source":"cc.background","data":{},"thread_id":47452862460180,"fiber_id":47452899698480,"process_id":15587,"file":"/var/vcap/packages/cloud_controller_ng/cloud_controller_ng/vendor/bundle/ruby/2.3.0/gems/sequel-4.29.0/lib/sequel/database/logging.rb","lineno":70,"method":"block in log_each"}

2016-09-29T20:00:37.121332+00:00 b0fa19c0-86de-4447-a670-3f7adbd0b3c1 - - - [NXLOG@14506 bosh_deployment="cf-warden" bosh_job_name="api_z1" bosh_job_index="0" filename="/var/vcap/data/sys/log/cloud_controller_ng/cloud_controller_ng.log"] {"timestamp":1475179230.9064856,"message":"Statsd: cc.requests.outstanding:1|c","log_level":"debug","source":"statsd.client","data":{},"thread_id":47062185509680,"fiber_id":47062175221640,"process_id":15535,"file":"/var/vcap/packages/cloud_controller_ng/cloud_controller_ng/vendor/bundle/ruby/2.3.0/gems/statsd-ruby-1.2.1/lib/statsd.rb","lineno":254,"method":"send_to_socket"}

2016-09-29T20:00:37.121403+00:00 b0fa19c0-86de-4447-a670-3f7adbd0b3c1 - - - [NXLOG@14506 bosh_deployment="cf-warden" bosh_job_name="api_z1" bosh_job_index="0" filename="/var/vcap/data/sys/log/cloud_controller_ng/cloud_controller_ng.log"] {"timestamp":1475179230.907045,"message":"Started GET \"/v2/syslog_drain_urls?batch_size=1000\" for user: , ip: 127.0.0.1 with vcap-request-id: aee4e608-86f5-4828-6883-216a7c6618bc::1e991efd-bbf0-4950-80bf-9e25367c4a71 at 2016-09-29 20:00:30 UTC","log_level":"info","source":"cc.api","data":{},"thread_id":47062185509680,"fiber_id":47062175221640,"process_id":15535,"file":"/var/vcap/packages/cloud_controller_ng/cloud_controller_ng/middleware/request_logs.rb","lineno":12,"method":"call"}

2016-09-29T20:00:37.121435+00:00 b0fa19c0-86de-4447-a670-3f7adbd0b3c1 - - - [NXLOG@14506 bosh_deployment="cf-warden" bosh_job_name="api_z1" bosh_job_index="0" filename="/var/vcap/data/sys/log/cloud_controller_ng/cloud_controller_ng.log"] {"timestamp":1475179230.9078023,"message":"dispatch VCAP::CloudController::SyslogDrainUrlsController get /v2/syslog_drain_urls","log_level":"debug","source":"cc.api","data":{"request_guid":"aee4e608-86f5-4828-6883-216a7c6618bc::1e991efd-bbf0-4950-80bf-9e25367c4a71"},"thread_id":47062185509680,"fiber_id":47062175221640,"process_id":15535,"file":"/var/vcap/data/packages/cloud_controller_ng/f87cb49aa2cd87792cb9c2211a79e1542502be4d.1-b1a5f3c830cb6c32ae9e685628b24aa967f5ae54/cloud_controller_ng/lib/cloud_controller/rest_controller/routes.rb","lineno":12,"method":"block in define_route"}

2016-09-29T20:00:37.121490+00:00 b0fa19c0-86de-4447-a670-3f7adbd0b3c1 - - - [NXLOG@14506 bosh_deployment="cf-warden" bosh_job_name="api_z1" bosh_job_index="0" filename="/var/vcap/data/sys/log/cloud_controller_ng/cloud_controller_ng.log"] {"timestamp":1475179230.9079692,"message":"parse_params: {\"batch_size\"=>\"1000\"} batch_size=1000","log_level":"debug","source":"cc.api","data":{"request_guid":"aee4e608-86f5-4828-6883-216a7c6618bc::1e991efd-bbf0-4950-80bf-9e25367c4a71"},"thread_id":47062185509680,"fiber_id":47062175221640,"process_id":15535,"file":"/var/vcap/data/packages/cloud_controller_ng/f87cb49aa2cd87792cb9c2211a79e1542502be4d.1-b1a5f3c830cb6c32ae9e685628b24aa967f5ae54/cloud_controller_ng/lib/cloud_controller/rest_controller/common_params.rb","lineno":10,"method":"parse"}

2016-09-29T20:00:37.121856+00:00 b0fa19c0-86de-4447-a670-3f7adbd0b3c1 - - - [NXLOG@14506 bosh_deployment="cf-warden" bosh_job_name="api_z1" bosh_job_index="0" filename="/var/vcap/data/sys/log/cloud_controller_ng/cloud_controller_ng.log"] {"timestamp":1475179230.9081347,"message":"cc.dispatch","log_level":"debug","source":"cc.api","data":{"request_guid":"aee4e608-86f5-4828-6883-216a7c6618bc::1e991efd-bbf0-4950-80bf-9e25367c4a71","endpoint":"list","args":[]},"thread_id":47062185509680,"fiber_id":47062175221640,"process_id":15535,"file":"/var/vcap/data/packages/cloud_controller_ng/f87cb49aa2cd87792cb9c2211a79e1542502be4d.1-b1a5f3c830cb6c32ae9e685628b24aa967f5ae54/cloud_controller_ng/app/controllers/base/base_controller.rb","lineno":78,"method":"dispatch"}

2016-09-29T20:00:37.121910+00:00 b0fa19c0-86de-4447-a670-3f7adbd0b3c1 - - - [NXLOG@14506 bosh_deployment="cf-warden" bosh_job_name="api_z1" bosh_job_index="0" filename="/var/vcap/data/sys/log/cloud_controller_ng/cloud_controller_ng.log"] {"timestamp":1475179230.910059,"message":"(0.000902s) SELECT \"apps\".\"guid\", string_agg(\"service_bindings\".\"syslog_drain_url\", ',') AS \"syslog_drain_urls\" FROM \"apps\" INNER JOIN \"service_bindings\" ON (\"service_bindings\".\"app_id\" = \"apps\".\"id\") WHERE ((syslog_drain_url IS NOT NULL) AND (syslog_drain_url != '')) GROUP BY \"apps\".\"guid\" UNION ALL (SELECT \"apps_v3\".\"guid\", string_agg(\"v3_service_bindings\".\"syslog_drain_url\", ',') AS \"syslog_drain_urls\" FROM \"apps_v3\" INNER JOIN \"v3_service_bindings\" ON (\"v3_service_bindings\".\"app_id\" = \"apps_v3\".\"id\") WHERE ((syslog_drain_url IS NOT NULL) AND (syslog_drain_url != '')) GROUP BY \"apps_v3\".\"guid\") ORDER BY \"guid\" LIMIT 1000 OFFSET 0","log_level":"debug2","source":"cc.db","data":{"request_guid":"aee4e608-86f5-4828-6883-216a7c6618bc::1e991efd-bbf0-4950-80bf-9e25367c4a71"},"thread_id":47062185509680,"fiber_id":47062175221640,"process_id":15535,"file":"/var/vcap/packages/cloud_controller_ng/cloud_controller_ng/vendor/bundle/ruby/2.3.0/gems/sequel-4.29.0/lib/sequel/database/logging.rb","lineno":70,"method":"block in log_each"}

2016-09-29T20:00:37.121947+00:00 b0fa19c0-86de-4447-a670-3f7adbd0b3c1 - - - [NXLOG@14506 bosh_deployment="cf-warden" bosh_job_name="api_z1" bosh_job_index="0" filename="/var/vcap/data/sys/log/cloud_controller_ng/cloud_controller_ng.log"] {"timestamp":1475179230.910422,"message":"Completed 200 vcap-request-id: aee4e608-86f5-4828-6883-216a7c6618bc::1e991efd-bbf0-4950-80bf-9e25367c4a71","log_level":"info","source":"cc.api","data":{},"thread_id":47062185509680,"fiber_id":47062175221640,"process_id":15535,"file":"/var/vcap/packages/cloud_controller_ng/cloud_controller_ng/middleware/request_logs.rb","lineno":24,"method":"call"}

2016-09-29T20:00:37.121978+00:00 b0fa19c0-86de-4447-a670-3f7adbd0b3c1 - - - [NXLOG@14506 bosh_deployment="cf-warden" bosh_job_name="api_z1" bosh_job_index="0" filename="/var/vcap/data/sys/log/cloud_controller_ng/cloud_controller_ng.log"] {"timestamp":1475179230.9105785,"message":"Statsd: cc.requests.outstanding:-1|c\ncc.requests.completed:1|c\ncc.http_status.2XX:1|c","log_level":"debug","source":"statsd.client","data":{},"thread_id":47062185509680,"fiber_id":47062175221640,"process_id":15535,"file":"/var/vcap/packages/cloud_controller_ng/cloud_controller_ng/vendor/bundle/ruby/2.3.0/gems/statsd-ruby-1.2.1/lib/statsd.rb","lineno":254,"method":"send_to_socket"}

2016-09-29T20:00:37.122006+00:00 b0fa19c0-86de-4447-a670-3f7adbd0b3c1 - - - [NXLOG@14506 bosh_deployment="cf-warden" bosh_job_name="api_z1" bosh_job_index="0" filename="/var/vcap/data/sys/log/cloud_controller_ng/cloud_controller_ng.log"] {"timestamp":1475179231.339625,"message":"(0.000396s) SELECT * FROM \"delayed_jobs\" WHERE ((((\"run_at\" <= '2016-09-29 20:00:31.338679+0000') AND (\"locked_at\" IS NULL)) OR (\"locked_by\" = 'cc_api_worker.api_z1.0.2')) AND (\"failed_at\" IS NULL) AND (\"queue\" IN ('cc-api_z1-0'))) ORDER BY \"priority\" ASC, \"run_at\" ASC LIMIT 5","log_level":"debug2","source":"cc.background","data":{},"thread_id":47118928261380,"fiber_id":47118965175380,"process_id":15629,"file":"/var/vcap/packages/cloud_controller_ng/cloud_controller_ng/vendor/bundle/ruby/2.3.0/gems/sequel-4.29.0/lib/sequel/database/logging.rb","lineno":70,"method":"block in log_each"}

2016-09-29T20:00:37.122052+00:00 b0fa19c0-86de-4447-a670-3f7adbd0b3c1 - - - [NXLOG@14506 bosh_deployment="cf-warden" bosh_job_name="api_z1" bosh_job_index="0" filename="/var/vcap/data/sys/log/cloud_controller_ng/cloud_controller_ng.log"] {"timestamp":1475179232.767025,"message":"(0.000541s) SELECT * FROM \"delayed_jobs\" WHERE ((((\"run_at\" <= '2016-09-29 20:00:32.765986+0000') AND (\"locked_at\" IS NULL)) OR (\"locked_by\" = 'cc_api_worker.api_z1.0.1')) AND (\"failed_at\" IS NULL) AND (\"queue\" IN ('cc-api_z1-0'))) ORDER BY \"priority\" ASC, \"run_at\" ASC LIMIT 5","log_level":"debug2","source":"cc.background","data":{},"thread_id":47452862460180,"fiber_id":47452899698480,"process_id":15587,"file":"/var/vcap/packages/cloud_controller_ng/cloud_controller_ng/vendor/bundle/ruby/2.3.0/gems/sequel-4.29.0/lib/sequel/database/logging.rb","lineno":70,"method":"block in log_each"}

2016-09-29T20:00:37.122094+00:00 b0fa19c0-86de-4447-a670-3f7adbd0b3c1 - - - [NXLOG@14506 bosh_deployment="cf-warden" bosh_job_name="api_z1" bosh_job_index="0" filename="/var/vcap/data/sys/log/cloud_controller_ng/cloud_controller_ng.log"] {"timestamp":1475179234.3560984,"message":"Statsd: cc.vitals.uptime:1899506|g\ncc.vitals.cpu:0.0|g\ncc.vitals.mem_bytes:150700032|g\ncc.vitals.cpu_load_avg:0.18|g\ncc.vitals.mem_used_bytes:4026105856|g\ncc.vitals.mem_free_bytes:2231943168|g\ncc.vitals.num_cores:4|g","log_level":"debug","source":"statsd.client","data":{},"thread_id":47062143684880,"fiber_id":47062184032460,"process_id":15535,"file":"/var/vcap/packages/cloud_controller_ng/cloud_controller_ng/vendor/bundle/ruby/2.3.0/gems/statsd-ruby-1.2.1/lib/statsd.rb","lineno":254,"method":"send_to_socket"}

2016-09-29T20:00:37.122125+00:00 b0fa19c0-86de-4447-a670-3f7adbd0b3c1 - - - [NXLOG@14506 bosh_deployment="cf-warden" bosh_job_name="api_z1" bosh_job_index="0" filename="/var/vcap/data/sys/log/cloud_controller_ng/cloud_controller_ng.log"] {"timestamp":1475179234.3563974,"message":"Statsd: cc.log_count.off:0|g\ncc.log_count.fatal:0|g\ncc.log_count.error:0|g\ncc.log_count.warn:0|g\ncc.log_count.info:45704|g\ncc.log_count.debug:139460|g\ncc.log_count.debug1:0|g\ncc.log_count.debug2:27304|g\ncc.log_count.all:0|g","log_level":"debug","source":"statsd.client","data":{},"thread_id":47062143684880,"fiber_id":47062184032460,"process_id":15535,"file":"/var/vcap/packages/cloud_controller_ng/cloud_controller_ng/vendor/bundle/ruby/2.3.0/gems/statsd-ruby-1.2.1/lib/statsd.rb","lineno":254,"method":"send_to_socket"}

2016-09-29T20:00:37.122160+00:00 b0fa19c0-86de-4447-a670-3f7adbd0b3c1 - - - [NXLOG@14506 bosh_deployment="cf-warden" bosh_job_name="api_z1" bosh_job_index="0" filename="/var/vcap/data/sys/log/cloud_controller_ng/cloud_controller_ng.log"] {"timestamp":1475179234.3575065,"message":"(0.000593s) SELECT count(*) AS \"count\" FROM \"tasks\" WHERE (\"state\" = 'RUNNING') LIMIT 1","log_level":"debug2","source":"cc.db","data":{},"thread_id":47062143684880,"fiber_id":47062184032460,"process_id":15535,"file":"/var/vcap/packages/cloud_controller_ng/cloud_controller_ng/vendor/bundle/ruby/2.3.0/gems/sequel-4.29.0/lib/sequel/database/logging.rb","lineno":70,"method":"block in log_each"}

2016-09-29T20:00:37.122176+00:00 b0fa19c0-86de-4447-a670-3f7adbd0b3c1 - - - [NXLOG@14506 bosh_deployment="cf-warden" bosh_job_name="api_z1" bosh_job_index="0" filename="/var/vcap/data/sys/log/cloud_controller_ng/cloud_controller_ng.log"] {"timestamp":1475179234.358028,"message":"(0.000173s) SELECT sum(\"memory_in_mb\") AS \"sum\" FROM \"tasks\" WHERE (\"state\" = 'RUNNING') LIMIT 1","log_level":"debug2","source":"cc.db","data":{},"thread_id":47062143684880,"fiber_id":47062184032460,"process_id":15535,"file":"/var/vcap/packages/cloud_controller_ng/cloud_controller_ng/vendor/bundle/ruby/2.3.0/gems/sequel-4.29.0/lib/sequel/database/logging.rb","lineno":70,"method":"block in log_each"}

2016-09-29T20:00:37.122188+00:00 b0fa19c0-86de-4447-a670-3f7adbd0b3c1 - - - [NXLOG@14506 bosh_deployment="cf-warden" bosh_job_name="api_z1" bosh_job_index="0" filename="/var/vcap/data/sys/log/cloud_controller_ng/cloud_controller_ng.log"] {"timestamp":1475179234.358193,"message":"Statsd: cc.tasks_running.count:0|g\ncc.tasks_running.memory_in_mb:0|g","log_level":"debug","source":"statsd.client","data":{},"thread_id":47062143684880,"fiber_id":47062184032460,"process_id":15535,"file":"/var/vcap/packages/cloud_controller_ng/cloud_controller_ng/vendor/bundle/ruby/2.3.0/gems/statsd-ruby-1.2.1/lib/statsd.rb","lineno":254,"method":"send_to_socket"}

2016-09-29T20:00:37.122224+00:00 b0fa19c0-86de-4447-a670-3f7adbd0b3c1 - - - [NXLOG@14506 bosh_deployment="cf-warden" bosh_job_name="api_z1" bosh_job_index="0" filename="/var/vcap/data/sys/log/cloud_controller_ng/cloud_controller_ng.log"] {"timestamp":1475179236.372322,"message":"(0.000508s) SELECT * FROM \"delayed_jobs\" WHERE ((((\"run_at\" <= '2016-09-29 20:00:36.371298+0000') AND (\"locked_at\" IS NULL)) OR (\"locked_by\" = 'cc_api_worker.api_z1.0.2')) AND (\"failed_at\" IS NULL) AND (\"queue\" IN ('cc-api_z1-0'))) ORDER BY \"priority\" ASC, \"run_at\" ASC LIMIT 5","log_level":"debug2","source":"cc.background","data":{},"thread_id":47118928261380,"fiber_id":47118965175380,"process_id":15629,"file":"/var/vcap/packages/cloud_controller_ng/cloud_controller_ng/vendor/bundle/ruby/2.3.0/gems/sequel-4.29.0/lib/sequel/database/logging.rb","lineno":70,"method":"block in log_each"}

2016-09-29T20:00:37.122248+00:00 b0fa19c0-86de-4447-a670-3f7adbd0b3c1 - - - [NXLOG@14506 bosh_deployment="cf-warden" bosh_job_name="api_z1" bosh_job_index="0" filename="/var/vcap/data/sys/log/cloud_controller_ng/cloud_controller_ng.log"] {"timestamp":1475179236.5167506,"message":"(0.000207s) SELECT \"queue\", count(*) AS \"count\" FROM \"delayed_jobs\" WHERE (\"attempts\" = 0) GROUP BY \"queue\"","log_level":"debug2","source":"cc.db","data":{},"thread_id":47062143684880,"fiber_id":47062184032460,"process_id":15535,"file":"/var/vcap/packages/cloud_controller_ng/cloud_controller_ng/vendor/bundle/ruby/2.3.0/gems/sequel-4.29.0/lib/sequel/database/logging.rb","lineno":70,"method":"block in log_each"}

2016-09-29T20:00:37.122261+00:00 b0fa19c0-86de-4447-a670-3f7adbd0b3c1 - - - [NXLOG@14506 bosh_deployment="cf-warden" bosh_job_name="api_z1" bosh_job_index="0" filename="/var/vcap/data/sys/log/cloud_controller_ng/cloud_controller_ng.log"] {"timestamp":1475179236.5179718,"message":"Statsd: cc.job_queue_length.total:0|g\ncc.job_queue_length.total:0|g","log_level":"debug","source":"statsd.client","data":{},"thread_id":47062143684880,"fiber_id":47062184032460,"process_id":15535,"file":"/var/vcap/packages/cloud_controller_ng/cloud_controller_ng/vendor/bundle/ruby/2.3.0/gems/statsd-ruby-1.2.1/lib/statsd.rb","lineno":254,"method":"send_to_socket"}

2016-09-29T20:00:37.122281+00:00 b0fa19c0-86de-4447-a670-3f7adbd0b3c1 - - - [NXLOG@14506 bosh_deployment="cf-warden" bosh_job_name="api_z1" bosh_job_index="0" filename="/var/vcap/data/sys/log/cloud_controller_ng/cloud_controller_ng.log"] {"timestamp":1475179236.5182881,"message":"Statsd: cc.thread_info.thread_count:21|g\ncc.thread_info.event_machine.connection_count:3|g\ncc.thread_info.event_machine.threadqueue.size:0|g\ncc.thread_info.event_machine.threadqueue.num_waiting:20|g\ncc.thread_info.event_machine.resultqueue.size:0|g\ncc.thread_info.event_machine.resultqueue.num_waiting:0|g","log_level":"debug","source":"statsd.client","data":{},"thread_id":47062143684880,"fiber_id":47062184032460,"process_id":15535,"file":"/var/vcap/packages/cloud_controller_ng/cloud_controller_ng/vendor/bundle/ruby/2.3.0/gems/statsd-ruby-1.2.1/lib/statsd.rb","lineno":254,"method":"send_to_socket"}

2016-09-29T20:00:37.122320+00:00 b0fa19c0-86de-4447-a670-3f7adbd0b3c1 - - - [NXLOG@14506 bosh_deployment="cf-warden" bosh_job_name="api_z1" bosh_job_index="0" filename="/var/vcap/data/sys/log/cloud_controller_ng/cloud_controller_ng.log"] {"timestamp":1475179236.5194588,"message":"(0.000359s) SELECT \"queue\", count(*) AS \"count\" FROM \"delayed_jobs\" WHERE (failed_at IS NOT NULL) GROUP BY \"queue\"","log_level":"debug2","source":"cc.db","data":{},"thread_id":47062143684880,"fiber_id":47062184032460,"process_id":15535,"file":"/var/vcap/packages/cloud_controller_ng/cloud_controller_ng/vendor/bundle/ruby/2.3.0/gems/sequel-4.29.0/lib/sequel/database/logging.rb","lineno":70,"method":"block in log_each"}

2016-09-29T20:00:37.122377+00:00 b0fa19c0-86de-4447-a670-3f7adbd0b3c1 - - - [NXLOG@14506 bosh_deployment="cf-warden" bosh_job_name="api_z1" bosh_job_index="0" filename="/var/vcap/data/sys/log/cloud_controller_ng/cloud_controller_ng.log"] {"timestamp":1475179236.5197184,"message":"Statsd: cc.failed_job_count.cc-api_z1-0:2|g\ncc.failed_job_count.total:2|g\ncc.failed_job_count.total:2|g","log_level":"debug","source":"statsd.client","data":{},"thread_id":47062143684880,"fiber_id":47062184032460,"process_id":15535,"file":"/var/vcap/packages/cloud_controller_ng/cloud_controller_ng/vendor/bundle/ruby/2.3.0/gems/statsd-ruby-1.2.1/lib/statsd.rb","lineno":254,"method":"send_to_socket"}

2016-09-29T20:00:37.122392+00:00 b0fa19c0-86de-4447-a670-3f7adbd0b3c1 - - - [NXLOG@14506 bosh_deployment="cf-warden" bosh_job_name="api_z1" bosh_job_index="0" filename="/var/vcap/data/sys/log/cloud_controller_ng/cloud_controller_ng.log"] {"timestamp":1475179237.0058818,"message":"Statsd: cc.requests.outstanding:1|c","log_level":"debug","source":"statsd.client","data":{},"thread_id":47062185510160,"fiber_id":47062185096940,"process_id":15535,"file":"/var/vcap/packages/cloud_controller_ng/cloud_controller_ng/vendor/bundle/ruby/2.3.0/gems/statsd-ruby-1.2.1/lib/statsd.rb","lineno":254,"method":"send_to_socket"}

2016-09-29T20:00:37.122426+00:00 b0fa19c0-86de-4447-a670-3f7adbd0b3c1 - - - [NXLOG@14506 bosh_deployment="cf-warden" bosh_job_name="api_z1" bosh_job_index="0" filename="/var/vcap/data/sys/log/cloud_controller_ng/cloud_controller_ng.log"] {"timestamp":1475179237.0065053,"message":"Started GET \"/v2/info\" for user: , ip: 127.0.0.1 with vcap-request-id: 043aef9f-3dc6-4de3-afeb-96835ef53ba3 at 2016-09-29 20:00:37 UTC","log_level":"info","source":"cc.api","data":{},"thread_id":47062185510160,"fiber_id":47062185096940,"process_id":15535,"file":"/var/vcap/packages/cloud_controller_ng/cloud_controller_ng/middleware/request_logs.rb","lineno":12,"method":"call"}

2016-09-29T20:00:37.122438+00:00 b0fa19c0-86de-4447-a670-3f7adbd0b3c1 - - - [NXLOG@14506 bosh_deployment="cf-warden" bosh_job_name="api_z1" bosh_job_index="0" filename="/var/vcap/data/sys/log/cloud_controller_ng/cloud_controller_ng.log"] {"timestamp":1475179237.0071356,"message":"dispatch VCAP::CloudController::InfoController get /v2/info","log_level":"debug","source":"cc.api","data":{"request_guid":"043aef9f-3dc6-4de3-afeb-96835ef53ba3"},"thread_id":47062185510160,"fiber_id":47062185096940,"process_id":15535,"file":"/var/vcap/data/packages/cloud_controller_ng/f87cb49aa2cd87792cb9c2211a79e1542502be4d.1-b1a5f3c830cb6c32ae9e685628b24aa967f5ae54/cloud_controller_ng/lib/cloud_controller/rest_controller/routes.rb","lineno":12,"method":"block in define_route"}

2016-09-29T20:00:37.122461+00:00 b0fa19c0-86de-4447-a670-3f7adbd0b3c1 - - - [NXLOG@14506 bosh_deployment="cf-warden" bosh_job_name="api_z1" bosh_job_index="0" filename="/var/vcap/data/sys/log/cloud_controller_ng/cloud_controller_ng.log"] {"timestamp":1475179237.007281,"message":"parse_params: {} ","log_level":"debug","source":"cc.api","data":{"request_guid":"043aef9f-3dc6-4de3-afeb-96835ef53ba3"},"thread_id":47062185510160,"fiber_id":47062185096940,"process_id":15535,"file":"/var/vcap/data/packages/cloud_controller_ng/f87cb49aa2cd87792cb9c2211a79e1542502be4d.1-b1a5f3c830cb6c32ae9e685628b24aa967f5ae54/cloud_controller_ng/lib/cloud_controller/rest_controller/common_params.rb","lineno":10,"method":"parse"}

2016-09-29T20:00:37.122472+00:00 b0fa19c0-86de-4447-a670-3f7adbd0b3c1 - - - [NXLOG@14506 bosh_deployment="cf-warden" bosh_job_name="api_z1" bosh_job_index="0" filename="/var/vcap/data/sys/log/cloud_controller_ng/cloud_controller_ng.log"] {"timestamp":1475179237.007447,"message":"cc.dispatch","log_level":"debug","source":"cc.api","data":{"request_guid":"043aef9f-3dc6-4de3-afeb-96835ef53ba3","endpoint":"read","args":[]},"thread_id":47062185510160,"fiber_id":47062185096940,"process_id":15535,"file":"/var/vcap/data/packages/cloud_controller_ng/f87cb49aa2cd87792cb9c2211a79e1542502be4d.1-b1a5f3c830cb6c32ae9e685628b24aa967f5ae54/cloud_controller_ng/app/controllers/base/base_controller.rb","lineno":78,"method":"dispatch"}

2016-09-29T20:00:37.122492+00:00 b0fa19c0-86de-4447-a670-3f7adbd0b3c1 - - - [NXLOG@14506 bosh_deployment="cf-warden" bosh_job_name="api_z1" bosh_job_index="0" filename="/var/vcap/data/sys/log/cloud_controller_ng/cloud_controller_ng.log"] {"timestamp":1475179237.0077481,"message":"Completed 200 vcap-request-id: 043aef9f-3dc6-4de3-afeb-96835ef53ba3","log_level":"info","source":"cc.api","data":{},"thread_id":47062185510160,"fiber_id":47062185096940,"process_id":15535,"file":"/var/vcap/packages/cloud_controller_ng/cloud_controller_ng/middleware/request_logs.rb","lineno":24,"method":"call"}

2016-09-29T20:00:37.122502+00:00 b0fa19c0-86de-4447-a670-3f7adbd0b3c1 - - - [NXLOG@14506 bosh_deployment="cf-warden" bosh_job_name="api_z1" bosh_job_index="0" filename="/var/vcap/data/sys/log/cloud_controller_ng/cloud_controller_ng.log"] {"timestamp":1475179237.0078623,"message":"Statsd: cc.requests.outstanding:-1|c\ncc.requests.completed:1|c\ncc.http_status.2XX:1|c","log_level":"debug","source":"statsd.client","data":{},"thread_id":47062185510160,"fiber_id":47062185096940,"process_id":15535,"file":"/var/vcap/packages/cloud_controller_ng/cloud_controller_ng/vendor/bundle/ruby/2.3.0/gems/statsd-ruby-1.2.1/lib/statsd.rb","lineno":254,"method":"send_to_socket"}

2016-09-29T20:00:46.969836+00:00 bfc626ef-a2eb-4bad-8f71-fa1d6d0f927f - - - [NXLOG@14506 bosh_deployment="cf-warden" bosh_job_name="loggregator_trafficcontroller_z1" bosh_job_index="0" filename="/var/vcap/data/sys/log/route_registrar/route_registrar.stdout.log"] {"timestamp":"1475179246.734581232","source":"Route Registrar","message":"Route Registrar.no healthchecker found for route","log_level":1,"data":{"route":{"Name":"doppler","Port":8081,"Tags":null,"URIs":["doppler.bosh-lite.com"],"RouteServiceUrl":"","RegistrationInterval":20000000000,"HealthCheck":null}}}

2016-09-29T20:00:46.970031+00:00 bfc626ef-a2eb-4bad-8f71-fa1d6d0f927f - - - [NXLOG@14506 bosh_deployment="cf-warden" bosh_job_name="loggregator_trafficcontroller_z1" bosh_job_index="0" filename="/var/vcap/data/sys/log/route_registrar/route_registrar.stdout.log"] {"timestamp":"1475179246.734930277","source":"Route Registrar","message":"Route Registrar.Registering route","log_level":1,"data":{"route":{"Name":"doppler","Port":8081,"Tags":null,"URIs":["doppler.bosh-lite.com"],"RouteServiceUrl":"","RegistrationInterval":20000000000,"HealthCheck":null}}}

2016-09-29T20:00:46.970064+00:00 bfc626ef-a2eb-4bad-8f71-fa1d6d0f927f - - - [NXLOG@14506 bosh_deployment="cf-warden" bosh_job_name="loggregator_trafficcontroller_z1" bosh_job_index="0" filename="/var/vcap/data/sys/log/route_registrar/route_registrar.stdout.log"] {"timestamp":"1475179246.735010386","source":"Route Registrar","message":"Route Registrar.Registered routes successfully","log_level":1,"data":{}}

2016-09-29T20:00:56.976288+00:00 fc52b791-0068-48d0-b63d-a9600b8fa32e - - - [NXLOG@14506 bosh_deployment="cf-warden" bosh_job_name="runner_z1" bosh_job_index="0" filename="/var/vcap/data/sys/log/dea_next/dea_next.log"] {"timestamp":1475179251.7661138,"message":"hm9000.heartbeat.accepted","log_level":"debug","source":"Dea::Bootstrap","data":{},"thread_id":47241050154720,"fiber_id":47241051243860,"process_id":6941,"file":"/var/vcap/packages/dea_next/lib/dea/utils/hm9000.rb","lineno":49,"method":"handle_http_response"}

2016-09-29T20:00:57.109109+00:00 f0562343-642f-42d4-aca5-293abe675815 - - - [NXLOG@14506 bosh_deployment="cf-warden" bosh_job_name="blobstore_z1" bosh_job_index="0" filename="/var/vcap/data/sys/log/route_registrar/route_registrar.stdout.log"] {"timestamp":"1475179248.513674736","source":"Route Registrar","message":"Route Registrar.no healthchecker found for route","log_level":1,"data":{"route":{"Name":"blobstore","Port":80,"Tags":{"component":"blobstore"},"URIs":["blobstore.bosh-lite.com"],"RouteServiceUrl":"","RegistrationInterval":20000000000,"HealthCheck":null}}}

2016-09-29T20:00:57.109236+00:00 f0562343-642f-42d4-aca5-293abe675815 - - - [NXLOG@14506 bosh_deployment="cf-warden" bosh_job_name="blobstore_z1" bosh_job_index="0" filename="/var/vcap/data/sys/log/route_registrar/route_registrar.stdout.log"] {"timestamp":"1475179248.513746738","source":"Route Registrar","message":"Route Registrar.Registering route","log_level":1,"data":{"route":{"Name":"blobstore","Port":80,"Tags":{"component":"blobstore"},"URIs":["blobstore.bosh-lite.com"],"RouteServiceUrl":"","RegistrationInterval":20000000000,"HealthCheck":null}}}

2016-09-29T20:00:57.109300+00:00 f0562343-642f-42d4-aca5-293abe675815 - - - [NXLOG@14506 bosh_deployment="cf-warden" bosh_job_name="blobstore_z1" bosh_job_index="0" filename="/var/vcap/data/sys/log/route_registrar/route_registrar.stdout.log"] {"timestamp":"1475179248.513811111","source":"Route Registrar","message":"Route Registrar.Registered routes successfully","log_level":1,"data":{}}

2016-09-29T20:00:57.109185+00:00 152ab062-1f32-4789-910a-13bdc79651b2 - - - [NXLOG@14506 bosh_deployment="cf-warden" bosh_job_name="hm9000_z1" bosh_job_index="0" filename="/var/vcap/data/sys/log/hm9000/hm9000_listener.log"] {"timestamp":"1475179251.764662504","source":"listener","message":"listener.Received a heartbeat","log_level":1,"data":{"Heartbeats Pending Save":"1"}}

2016-09-29T20:00:57.109296+00:00 152ab062-1f32-4789-910a-13bdc79651b2 - - - [NXLOG@14506 bosh_deployment="cf-warden" bosh_job_name="hm9000_z1" bosh_job_index="0" filename="/var/vcap/data/sys/log/hm9000/hm9000_listener.log"] {"timestamp":"1475179251.821242809","source":"listener","message":"listener.Saving Heartbeats","log_level":1,"data":{"Heartbeats to Save":"1"}}

2016-09-29T20:00:57.109354+00:00 152ab062-1f32-4789-910a-13bdc79651b2 - - - [NXLOG@14506 bosh_deployment="cf-warden" bosh_job_name="hm9000_z1" bosh_job_index="0" filename="/var/vcap/data/sys/log/hm9000/hm9000_listener.log"] {"timestamp":"1475179251.828393459","source":"listener","message":"listener.Bumped freshness","log_level":1,"data":{}}

2016-09-29T20:00:57.109413+00:00 152ab062-1f32-4789-910a-13bdc79651b2 - - - [NXLOG@14506 bosh_deployment="cf-warden" bosh_job_name="hm9000_z1" bosh_job_index="0" filename="/var/vcap/data/sys/log/hm9000/hm9000_listener.log"] {"timestamp":"1475179251.828430414","source":"listener","message":"listener.Saved Heartbeats","log_level":1,"data":{"Duration":"7.114316ms","Heartbeats to Save":"1"}}

2016-09-29T20:00:57.111296+00:00 05bf1627-ae2f-400c-b1ce-31973a9ff23f - - - [NXLOG@14506 bosh_deployment="cf-warden" bosh_job_name="uaa_z1" bosh_job_index="0" filename="/var/vcap/data/sys/log/uaa/localhost_access.log"] 127.0.0.1 - - [29/Sep/2016:20:00:38 +0000] "GET /healthz HTTP/1.1" 200 3

2016-09-29T20:00:57.111363+00:00 05bf1627-ae2f-400c-b1ce-31973a9ff23f - - - [NXLOG@14506 bosh_deployment="cf-warden" bosh_job_name="uaa_z1" bosh_job_index="0" filename="/var/vcap/data/sys/log/uaa/localhost_access.log"] 127.0.0.1 - - [29/Sep/2016:20:00:40 +0000] "GET /healthz HTTP/1.1" 200 3

2016-09-29T20:00:57.111405+00:00 05bf1627-ae2f-400c-b1ce-31973a9ff23f - - - [NXLOG@14506 bosh_deployment="cf-warden" bosh_job_name="uaa_z1" bosh_job_index="0" filename="/var/vcap/data/sys/log/uaa/localhost_access.log"] 127.0.0.1 - - [29/Sep/2016:20:00:42 +0000] "GET /healthz HTTP/1.1" 200 3

2016-09-29T20:00:57.111442+00:00 05bf1627-ae2f-400c-b1ce-31973a9ff23f - - - [NXLOG@14506 bosh_deployment="cf-warden" bosh_job_name="uaa_z1" bosh_job_index="0" filename="/var/vcap/data/sys/log/uaa/localhost_access.log"] 127.0.0.1 - - [29/Sep/2016:20:00:46 +0000] "GET /healthz HTTP/1.1" 200 3

2016-09-29T20:00:57.111476+00:00 05bf1627-ae2f-400c-b1ce-31973a9ff23f - - - [NXLOG@14506 bosh_deployment="cf-warden" bosh_job_name="uaa_z1" bosh_job_index="0" filename="/var/vcap/data/sys/log/route_registrar/route_registrar.stdout.log"] {"timestamp":"1475179250.808491468","source":"Route Registrar","message":"Route Registrar.Executing script","log_level":1,"data":{"scriptPath":"/var/vcap/jobs/uaa/bin/health_check"}}

2016-09-29T20:00:57.111518+00:00 05bf1627-ae2f-400c-b1ce-31973a9ff23f - - - [NXLOG@14506 bosh_deployment="cf-warden" bosh_job_name="uaa_z1" bosh_job_index="0" filename="/var/vcap/data/sys/log/route_registrar/route_registrar.stdout.log"] {"timestamp":"1475179250.820438623","source":"Route Registrar","message":"Route Registrar.Script exited without error","log_level":1,"data":{"script":"/var/vcap/jobs/uaa/bin/health_check","stderr":"  % Total    % Received % Xferd  Average Speed   Time    Time     Time  Current\n                                 Dload  Upload   Total   Spent    Left  Speed\n\r  0     0    0     0    0     0      0      0 --:--:-- --:--:-- --:--:--     0\r100     3  100     3    0     0   3089      0 --:--:-- --:--:-- --:--:--  3000\n","stdout":""}}

2016-09-29T20:00:57.111559+00:00 05bf1627-ae2f-400c-b1ce-31973a9ff23f - - - [NXLOG@14506 bosh_deployment="cf-warden" bosh_job_name="uaa_z1" bosh_job_index="0" filename="/var/vcap/data/sys/log/route_registrar/route_registrar.stdout.log"] {"timestamp":"1475179250.820503473","source":"Route Registrar","message":"Route Registrar.healthchecker returned healthy for route","log_level":1,"data":{"route":{"Name":"uaa","Port":8080,"Tags":{"component":"uaa"},"URIs":["uaa.bosh-lite.com","*.uaa.bosh-lite.com","login.bosh-lite.com","*.login.bosh-lite.com"],"RouteServiceUrl":"","RegistrationInterval":4000000000,"HealthCheck":{"Name":"uaa-healthcheck","ScriptPath":"/var/vcap/jobs/uaa/bin/health_check","Timeout":2000000000}}}}

2016-09-29T20:00:57.111627+00:00 05bf1627-ae2f-400c-b1ce-31973a9ff23f - - - [NXLOG@14506 bosh_deployment="cf-warden" bosh_job_name="uaa_z1" bosh_job_index="0" filename="/var/vcap/data/sys/log/route_registrar/route_registrar.stdout.log"] {"timestamp":"1475179250.820541620","source":"Route Registrar","message":"Route Registrar.Registering route","log_level":1,"data":{"route":{"Name":"uaa","Port":8080,"Tags":{"component":"uaa"},"URIs":["uaa.bosh-lite.com","*.uaa.bosh-lite.com","login.bosh-lite.com","*.login.bosh-lite.com"],"RouteServiceUrl":"","RegistrationInterval":4000000000,"HealthCheck":{"Name":"uaa-healthcheck","ScriptPath":"/var/vcap/jobs/uaa/bin/health_check","Timeout":2000000000}}}}

2016-09-29T20:00:57.111719+00:00 05bf1627-ae2f-400c-b1ce-31973a9ff23f - - - [NXLOG@14506 bosh_deployment="cf-warden" bosh_job_name="uaa_z1" bosh_job_index="0" filename="/var/vcap/data/sys/log/route_registrar/route_registrar.stdout.log"] {"timestamp":"1475179250.820614338","source":"Route Registrar","message":"Route Registrar.Registered routes successfully","log_level":1,"data":{}}

2016-09-29T20:00:57.111774+00:00 05bf1627-ae2f-400c-b1ce-31973a9ff23f - - - [NXLOG@14506 bosh_deployment="cf-warden" bosh_job_name="uaa_z1" bosh_job_index="0" filename="/var/vcap/data/sys/log/route_registrar/route_registrar.stdout.log"] {"timestamp":"1475179254.808084488","source":"Route Registrar","message":"Route Registrar.Executing script","log_level":1,"data":{"scriptPath":"/var/vcap/jobs/uaa/bin/health_check"}}

2016-09-29T20:00:57.111821+00:00 05bf1627-ae2f-400c-b1ce-31973a9ff23f - - - [NXLOG@14506 bosh_deployment="cf-warden" bosh_job_name="uaa_z1" bosh_job_index="0" filename="/var/vcap/data/sys/log/route_registrar/route_registrar.stdout.log"] {"timestamp":"1475179254.820068598","source":"Route Registrar","message":"Route Registrar.Script exited without error","log_level":1,"data":{"script":"/var/vcap/jobs/uaa/bin/health_check","stderr":"  % Total    % Received % Xferd  Average Speed   Time    Time     Time  Current\n                                 Dload  Upload   Total   Spent    Left  Speed\n\r  0     0    0     0    0     0      0      0 --:--:-- --:--:-- --:--:--     0\r100     3  100     3    0     0   1300      0 --:--:-- --:--:-- --:--:--  1500\n","stdout":""}}

2016-09-29T20:00:57.111860+00:00 05bf1627-ae2f-400c-b1ce-31973a9ff23f - - - [NXLOG@14506 bosh_deployment="cf-warden" bosh_job_name="uaa_z1" bosh_job_index="0" filename="/var/vcap/data/sys/log/route_registrar/route_registrar.stdout.log"] {"timestamp":"1475179254.820083857","source":"Route Registrar","message":"Route Registrar.healthchecker returned healthy for route","log_level":1,"data":{"route":{"Name":"uaa","Port":8080,"Tags":{"component":"uaa"},"URIs":["uaa.bosh-lite.com","*.uaa.bosh-lite.com","login.bosh-lite.com","*.login.bosh-lite.com"],"RouteServiceUrl":"","RegistrationInterval":4000000000,"HealthCheck":{"Name":"uaa-healthcheck","ScriptPath":"/var/vcap/jobs/uaa/bin/health_check","Timeout":2000000000}}}}

2016-09-29T20:00:57.111905+00:00 05bf1627-ae2f-400c-b1ce-31973a9ff23f - - - [NXLOG@14506 bosh_deployment="cf-warden" bosh_job_name="uaa_z1" bosh_job_index="0" filename="/var/vcap/data/sys/log/route_registrar/route_registrar.stdout.log"] {"timestamp":"1475179254.820119381","source":"Route Registrar","message":"Route Registrar.Registering route","log_level":1,"data":{"route":{"Name":"uaa","Port":8080,"Tags":{"component":"uaa"},"URIs":["uaa.bosh-lite.com","*.uaa.bosh-lite.com","login.bosh-lite.com","*.login.bosh-lite.com"],"RouteServiceUrl":"","RegistrationInterval":4000000000,"HealthCheck":{"Name":"uaa-healthcheck","ScriptPath":"/var/vcap/jobs/uaa/bin/health_check","Timeout":2000000000}}}}

2016-09-29T20:00:57.111954+00:00 05bf1627-ae2f-400c-b1ce-31973a9ff23f - - - [NXLOG@14506 bosh_deployment="cf-warden" bosh_job_name="uaa_z1" bosh_job_index="0" filename="/var/vcap/data/sys/log/route_registrar/route_registrar.stdout.log"] {"timestamp":"1475179254.820187330","source":"Route Registrar","message":"Route Registrar.Registered routes successfully","log_level":1,"data":{}}

2016-09-29T20:00:57.111989+00:00 05bf1627-ae2f-400c-b1ce-31973a9ff23f - - - [NXLOG@14506 bosh_deployment="cf-warden" bosh_job_name="uaa_z1" bosh_job_index="0" filename="/var/vcap/data/sys/log/uaa/uaa.log"] [2016-09-29 20:00:50.642] uaa - 19013 [http-nio-127.0.0.1-8989-exec-9] .... DEBUG --- AntPathRequestMatcher: Checking match of request : '/healthz'; against '/resources/**'

2016-09-29T20:00:57.112033+00:00 05bf1627-ae2f-400c-b1ce-31973a9ff23f - - - [NXLOG@14506 bosh_deployment="cf-warden" bosh_job_name="uaa_z1" bosh_job_index="0" filename="/var/vcap/data/sys/log/uaa/uaa.log"] [2016-09-29 20:00:50.642] uaa - 19013 [http-nio-127.0.0.1-8989-exec-9] .... DEBUG --- AntPathRequestMatcher: Checking match of request : '/healthz'; against '/square-logo.png'

2016-09-29T20:00:57.112078+00:00 05bf1627-ae2f-400c-b1ce-31973a9ff23f - - - [NXLOG@14506 bosh_deployment="cf-warden" bosh_job_name="uaa_z1" bosh_job_index="0" filename="/var/vcap/data/sys/log/uaa/uaa.log"] [2016-09-29 20:00:50.642] uaa - 19013 [http-nio-127.0.0.1-8989-exec-9] .... DEBUG --- AntPathRequestMatcher: Checking match of request : '/healthz'; against '/info'

2016-09-29T20:00:57.112103+00:00 05bf1627-ae2f-400c-b1ce-31973a9ff23f - - - [NXLOG@14506 bosh_deployment="cf-warden" bosh_job_name="uaa_z1" bosh_job_index="0" filename="/var/vcap/data/sys/log/uaa/uaa.log"] [2016-09-29 20:00:50.642] uaa - 19013 [http-nio-127.0.0.1-8989-exec-9] .... DEBUG --- AntPathRequestMatcher: Checking match of request : '/healthz'; against '/password/**'

2016-09-29T20:00:57.112114+00:00 05bf1627-ae2f-400c-b1ce-31973a9ff23f - - - [NXLOG@14506 bosh_deployment="cf-warden" bosh_job_name="uaa_z1" bosh_job_index="0" filename="/var/vcap/data/sys/log/uaa/uaa.log"] [2016-09-29 20:00:50.642] uaa - 19013 [http-nio-127.0.0.1-8989-exec-9] .... DEBUG --- AntPathRequestMatcher: Checking match of request : '/healthz'; against '/healthz/**'

2016-09-29T20:00:57.112123+00:00 05bf1627-ae2f-400c-b1ce-31973a9ff23f - - - [NXLOG@14506 bosh_deployment="cf-warden" bosh_job_name="uaa_z1" bosh_job_index="0" filename="/var/vcap/data/sys/log/uaa/uaa.log"] [2016-09-29 20:00:50.642] uaa - 19013 [http-nio-127.0.0.1-8989-exec-9] .... DEBUG --- FilterChainProxy: /healthz has an empty filter list

2016-09-29T20:00:57.112132+00:00 05bf1627-ae2f-400c-b1ce-31973a9ff23f - - - [NXLOG@14506 bosh_deployment="cf-warden" bosh_job_name="uaa_z1" bosh_job_index="0" filename="/var/vcap/data/sys/log/uaa/uaa.log"] [2016-09-29 20:00:50.642] uaa - 19013 [http-nio-127.0.0.1-8989-exec-9] .... DEBUG --- DispatcherServlet: DispatcherServlet with name 'spring' processing GET request for [/healthz]

2016-09-29T20:00:57.112167+00:00 05bf1627-ae2f-400c-b1ce-31973a9ff23f - - - [NXLOG@14506 bosh_deployment="cf-warden" bosh_job_name="uaa_z1" bosh_job_index="0" filename="/var/vcap/data/sys/log/uaa/uaa.log"] [2016-09-29 20:00:50.642] uaa - 19013 [http-nio-127.0.0.1-8989-exec-9] .... DEBUG --- DispatcherServlet: Last-Modified value for [/healthz] is: -1

2016-09-29T20:00:57.112191+00:00 05bf1627-ae2f-400c-b1ce-31973a9ff23f - - - [NXLOG@14506 bosh_deployment="cf-warden" bosh_job_name="uaa_z1" bosh_job_index="0" filename="/var/vcap/data/sys/log/uaa/uaa.log"] [2016-09-29 20:00:50.642] uaa - 19013 [http-nio-127.0.0.1-8989-exec-9] .... DEBUG --- RequestResponseBodyMethodProcessor: Written [ok

2016-09-29T20:00:57.112201+00:00 05bf1627-ae2f-400c-b1ce-31973a9ff23f - - - [NXLOG@14506 bosh_deployment="cf-warden" bosh_job_name="uaa_z1" bosh_job_index="0" filename="/var/vcap/data/sys/log/uaa/uaa.log"] ] as "text/plain;charset=ISO-8859-1" using [org.springframework.http.converter.StringHttpMessageConverter@178b2baf]

2016-09-29T20:00:57.112210+00:00 05bf1627-ae2f-400c-b1ce-31973a9ff23f - - - [NXLOG@14506 bosh_deployment="cf-warden" bosh_job_name="uaa_z1" bosh_job_index="0" filename="/var/vcap/data/sys/log/uaa/uaa.log"] [2016-09-29 20:00:50.642] uaa - 19013 [http-nio-127.0.0.1-8989-exec-9] .... DEBUG --- DispatcherServlet: Null ModelAndView returned to DispatcherServlet with name 'spring': assuming HandlerAdapter completed request handling

2016-09-29T20:00:57.112234+00:00 05bf1627-ae2f-400c-b1ce-31973a9ff23f - - - [NXLOG@14506 bosh_deployment="cf-warden" bosh_job_name="uaa_z1" bosh_job_index="0" filename="/var/vcap/data/sys/log/uaa/uaa.log"] [2016-09-29 20:00:50.642] uaa - 19013 [http-nio-127.0.0.1-8989-exec-9] .... DEBUG --- DispatcherServlet: Successfully completed request

2016-09-29T20:00:57.112244+00:00 05bf1627-ae2f-400c-b1ce-31973a9ff23f - - - [NXLOG@14506 bosh_deployment="cf-warden" bosh_job_name="uaa_z1" bosh_job_index="0" filename="/var/vcap/data/sys/log/uaa/uaa.log"] [2016-09-29 20:00:50.818] uaa - 19013 [http-nio-127.0.0.1-8989-exec-2] .... DEBUG --- AntPathRequestMatcher: Checking match of request : '/healthz'; against '/resources/**'

2016-09-29T20:00:57.112263+00:00 05bf1627-ae2f-400c-b1ce-31973a9ff23f - - - [NXLOG@14506 bosh_deployment="cf-warden" bosh_job_name="uaa_z1" bosh_job_index="0" filename="/var/vcap/data/sys/log/uaa/uaa.log"] [2016-09-29 20:00:50.818] uaa - 19013 [http-nio-127.0.0.1-8989-exec-2] .... DEBUG --- AntPathRequestMatcher: Checking match of request : '/healthz'; against '/square-logo.png'

2016-09-29T20:00:57.112272+00:00 05bf1627-ae2f-400c-b1ce-31973a9ff23f - - - [NXLOG@14506 bosh_deployment="cf-warden" bosh_job_name="uaa_z1" bosh_job_index="0" filename="/var/vcap/data/sys/log/uaa/uaa.log"] [2016-09-29 20:00:50.818] uaa - 19013 [http-nio-127.0.0.1-8989-exec-2] .... DEBUG --- AntPathRequestMatcher: Checking match of request : '/healthz'; against '/info'

2016-09-29T20:00:57.112321+00:00 05bf1627-ae2f-400c-b1ce-31973a9ff23f - - - [NXLOG@14506 bosh_deployment="cf-warden" bosh_job_name="uaa_z1" bosh_job_index="0" filename="/var/vcap/data/sys/log/uaa/uaa.log"] [2016-09-29 20:00:50.818] uaa - 19013 [http-nio-127.0.0.1-8989-exec-2] .... DEBUG --- AntPathRequestMatcher: Checking match of request : '/healthz'; against '/password/**'

2016-09-29T20:00:57.112332+00:00 05bf1627-ae2f-400c-b1ce-31973a9ff23f - - - [NXLOG@14506 bosh_deployment="cf-warden" bosh_job_name="uaa_z1" bosh_job_index="0" filename="/var/vcap/data/sys/log/uaa/uaa.log"] [2016-09-29 20:00:50.818] uaa - 19013 [http-nio-127.0.0.1-8989-exec-2] .... DEBUG --- AntPathRequestMatcher: Checking match of request : '/healthz'; against '/healthz/**'

2016-09-29T20:00:57.112341+00:00 05bf1627-ae2f-400c-b1ce-31973a9ff23f - - - [NXLOG@14506 bosh_deployment="cf-warden" bosh_job_name="uaa_z1" bosh_job_index="0" filename="/var/vcap/data/sys/log/uaa/uaa.log"] [2016-09-29 20:00:50.818] uaa - 19013 [http-nio-127.0.0.1-8989-exec-2] .... DEBUG --- FilterChainProxy: /healthz has an empty filter list

2016-09-29T20:00:57.112350+00:00 05bf1627-ae2f-400c-b1ce-31973a9ff23f - - - [NXLOG@14506 bosh_deployment="cf-warden" bosh_job_name="uaa_z1" bosh_job_index="0" filename="/var/vcap/data/sys/log/uaa/uaa.log"] [2016-09-29 20:00:50.818] uaa - 19013 [http-nio-127.0.0.1-8989-exec-2] .... DEBUG --- DispatcherServlet: DispatcherServlet with name 'spring' processing GET request for [/healthz]

2016-09-29T20:00:57.112386+00:00 05bf1627-ae2f-400c-b1ce-31973a9ff23f - - - [NXLOG@14506 bosh_deployment="cf-warden" bosh_job_name="uaa_z1" bosh_job_index="0" filename="/var/vcap/data/sys/log/uaa/uaa.log"] [2016-09-29 20:00:50.818] uaa - 19013 [http-nio-127.0.0.1-8989-exec-2] .... DEBUG --- DispatcherServlet: Last-Modified value for [/healthz] is: -1

2016-09-29T20:00:57.112409+00:00 05bf1627-ae2f-400c-b1ce-31973a9ff23f - - - [NXLOG@14506 bosh_deployment="cf-warden" bosh_job_name="uaa_z1" bosh_job_index="0" filename="/var/vcap/data/sys/log/uaa/uaa.log"] [2016-09-29 20:00:50.818] uaa - 19013 [http-nio-127.0.0.1-8989-exec-2] .... DEBUG --- RequestResponseBodyMethodProcessor: Written [ok

2016-09-29T20:00:57.112419+00:00 05bf1627-ae2f-400c-b1ce-31973a9ff23f - - - [NXLOG@14506 bosh_deployment="cf-warden" bosh_job_name="uaa_z1" bosh_job_index="0" filename="/var/vcap/data/sys/log/uaa/uaa.log"] ] as "text/plain;charset=ISO-8859-1" using [org.springframework.http.converter.StringHttpMessageConverter@178b2baf]

2016-09-29T20:00:57.112428+00:00 05bf1627-ae2f-400c-b1ce-31973a9ff23f - - - [NXLOG@14506 bosh_deployment="cf-warden" bosh_job_name="uaa_z1" bosh_job_index="0" filename="/var/vcap/data/sys/log/uaa/uaa.log"] [2016-09-29 20:00:50.818] uaa - 19013 [http-nio-127.0.0.1-8989-exec-2] .... DEBUG --- DispatcherServlet: Null ModelAndView returned to DispatcherServlet with name 'spring': assuming HandlerAdapter completed request handling

2016-09-29T20:00:57.112451+00:00 05bf1627-ae2f-400c-b1ce-31973a9ff23f - - - [NXLOG@14506 bosh_deployment="cf-warden" bosh_job_name="uaa_z1" bosh_job_index="0" filename="/var/vcap/data/sys/log/uaa/uaa.log"] [2016-09-29 20:00:50.818] uaa - 19013 [http-nio-127.0.0.1-8989-exec-2] .... DEBUG --- DispatcherServlet: Successfully completed request

2016-09-29T20:00:57.112462+00:00 05bf1627-ae2f-400c-b1ce-31973a9ff23f - - - [NXLOG@14506 bosh_deployment="cf-warden" bosh_job_name="uaa_z1" bosh_job_index="0" filename="/var/vcap/data/sys/log/uaa/uaa.log"] [2016-09-29 20:00:51.156] uaa - 19013 [pool-2-thread-1] .... DEBUG --- JdbcTemplate: Executing SQL query [select count(*) from oauth_client_details]

2016-09-29T20:00:57.112480+00:00 05bf1627-ae2f-400c-b1ce-31973a9ff23f - - - [NXLOG@14506 bosh_deployment="cf-warden" bosh_job_name="uaa_z1" bosh_job_index="0" filename="/var/vcap/data/sys/log/uaa/uaa.log"] [2016-09-29 20:00:51.159] uaa - 19013 [pool-2-thread-1] .... DEBUG --- JdbcTemplate: Executing SQL query [select count(*) from users]

2016-09-29T20:00:57.112490+00:00 05bf1627-ae2f-400c-b1ce-31973a9ff23f - - - [NXLOG@14506 bosh_deployment="cf-warden" bosh_job_name="uaa_z1" bosh_job_index="0" filename="/var/vcap/data/sys/log/uaa/uaa.log"] [2016-09-29 20:00:54.817] uaa - 19013 [http-nio-127.0.0.1-8989-exec-1] .... DEBUG --- AntPathRequestMatcher: Checking match of request : '/healthz'; against '/resources/**'

2016-09-29T20:00:57.112559+00:00 05bf1627-ae2f-400c-b1ce-31973a9ff23f - - - [NXLOG@14506 bosh_deployment="cf-warden" bosh_job_name="uaa_z1" bosh_job_index="0" filename="/var/vcap/data/sys/log/uaa/uaa.log"] [2016-09-29 20:00:54.817] uaa - 19013 [http-nio-127.0.0.1-8989-exec-1] .... DEBUG --- AntPathRequestMatcher: Checking match of request : '/healthz'; against '/square-logo.png'

2016-09-29T20:00:57.112571+00:00 05bf1627-ae2f-400c-b1ce-31973a9ff23f - - - [NXLOG@14506 bosh_deployment="cf-warden" bosh_job_name="uaa_z1" bosh_job_index="0" filename="/var/vcap/data/sys/log/uaa/uaa.log"] [2016-09-29 20:00:54.817] uaa - 19013 [http-nio-127.0.0.1-8989-exec-1] .... DEBUG --- AntPathRequestMatcher: Checking match of request : '/healthz'; against '/info'

2016-09-29T20:00:57.112580+00:00 05bf1627-ae2f-400c-b1ce-31973a9ff23f - - - [NXLOG@14506 bosh_deployment="cf-warden" bosh_job_name="uaa_z1" bosh_job_index="0" filename="/var/vcap/data/sys/log/uaa/uaa.log"] [2016-09-29 20:00:54.818] uaa - 19013 [http-nio-127.0.0.1-8989-exec-1] .... DEBUG --- AntPathRequestMatcher: Checking match of request : '/healthz'; against '/password/**'

2016-09-29T20:00:57.112590+00:00 05bf1627-ae2f-400c-b1ce-31973a9ff23f - - - [NXLOG@14506 bosh_deployment="cf-warden" bosh_job_name="uaa_z1" bosh_job_index="0" filename="/var/vcap/data/sys/log/uaa/uaa.log"] [2016-09-29 20:00:54.818] uaa - 19013 [http-nio-127.0.0.1-8989-exec-1] .... DEBUG --- AntPathRequestMatcher: Checking match of request : '/healthz'; against '/healthz/**'

2016-09-29T20:00:57.112600+00:00 05bf1627-ae2f-400c-b1ce-31973a9ff23f - - - [NXLOG@14506 bosh_deployment="cf-warden" bosh_job_name="uaa_z1" bosh_job_index="0" filename="/var/vcap/data/sys/log/uaa/uaa.log"] [2016-09-29 20:00:54.818] uaa - 19013 [http-nio-127.0.0.1-8989-exec-1] .... DEBUG --- FilterChainProxy: /healthz has an empty filter list

2016-09-29T20:00:57.112611+00:00 05bf1627-ae2f-400c-b1ce-31973a9ff23f - - - [NXLOG@14506 bosh_deployment="cf-warden" bosh_job_name="uaa_z1" bosh_job_index="0" filename="/var/vcap/data/sys/log/uaa/uaa.log"] [2016-09-29 20:00:54.818] uaa - 19013 [http-nio-127.0.0.1-8989-exec-1] .... DEBUG --- DispatcherServlet: DispatcherServlet with name 'spring' processing GET request for [/healthz]

2016-09-29T20:00:57.112630+00:00 05bf1627-ae2f-400c-b1ce-31973a9ff23f - - - [NXLOG@14506 bosh_deployment="cf-warden" bosh_job_name="uaa_z1" bosh_job_index="0" filename="/var/vcap/data/sys/log/uaa/uaa.log"] [2016-09-29 20:00:54.818] uaa - 19013 [http-nio-127.0.0.1-8989-exec-1] .... DEBUG --- DispatcherServlet: Last-Modified value for [/healthz] is: -1

2016-09-29T20:00:57.112642+00:00 05bf1627-ae2f-400c-b1ce-31973a9ff23f - - - [NXLOG@14506 bosh_deployment="cf-warden" bosh_job_name="uaa_z1" bosh_job_index="0" filename="/var/vcap/data/sys/log/uaa/uaa.log"] [2016-09-29 20:00:54.818] uaa - 19013 [http-nio-127.0.0.1-8989-exec-1] .... DEBUG --- RequestResponseBodyMethodProcessor: Written [ok

2016-09-29T20:00:57.112692+00:00 05bf1627-ae2f-400c-b1ce-31973a9ff23f - - - [NXLOG@14506 bosh_deployment="cf-warden" bosh_job_name="uaa_z1" bosh_job_index="0" filename="/var/vcap/data/sys/log/uaa/uaa.log"] ] as "text/plain;charset=ISO-8859-1" using [org.springframework.http.converter.StringHttpMessageConverter@178b2baf]

2016-09-29T20:00:57.112704+00:00 05bf1627-ae2f-400c-b1ce-31973a9ff23f - - - [NXLOG@14506 bosh_deployment="cf-warden" bosh_job_name="uaa_z1" bosh_job_index="0" filename="/var/vcap/data/sys/log/uaa/uaa.log"] [2016-09-29 20:00:54.818] uaa - 19013 [http-nio-127.0.0.1-8989-exec-1] .... DEBUG --- DispatcherServlet: Null ModelAndView returned to DispatcherServlet with name 'spring': assuming HandlerAdapter completed request handling

2016-09-29T20:00:57.112715+00:00 05bf1627-ae2f-400c-b1ce-31973a9ff23f - - - [NXLOG@14506 bosh_deployment="cf-warden" bosh_job_name="uaa_z1" bosh_job_index="0" filename="/var/vcap/data/sys/log/uaa/uaa.log"] [2016-09-29 20:00:54.818] uaa - 19013 [http-nio-127.0.0.1-8989-exec-1] .... DEBUG --- DispatcherServlet: Successfully completed request

2016-09-29T20:00:57.112725+00:00 05bf1627-ae2f-400c-b1ce-31973a9ff23f - - - [NXLOG@14506 bosh_deployment="cf-warden" bosh_job_name="uaa_z1" bosh_job_index="0" filename="/var/vcap/data/sys/log/uaa/uaa.log"] [2016-09-29 20:00:56.156] uaa - 19013 [pool-2-thread-1] .... DEBUG --- JdbcTemplate: Executing SQL query [select count(*) from oauth_client_details]

2016-09-29T20:00:57.112735+00:00 05bf1627-ae2f-400c-b1ce-31973a9ff23f - - - [NXLOG@14506 bosh_deployment="cf-warden" bosh_job_name="uaa_z1" bosh_job_index="0" filename="/var/vcap/data/sys/log/uaa/uaa.log"] [2016-09-29 20:00:56.158] uaa - 19013 [pool-2-thread-1] .... DEBUG --- JdbcTemplate: Executing SQL query [select count(*) from users]

2016-09-29T20:00:57.122008+00:00 b0fa19c0-86de-4447-a670-3f7adbd0b3c1 - - - [NXLOG@14506 bosh_deployment="cf-warden" bosh_job_name="api_z1" bosh_job_index="0" filename="/var/vcap/data/sys/log/cloud_controller_worker/cloud_controller_worker.log"] {"timestamp":1475179251.4487715,"message":"(0.000472s) SELECT * FROM \"delayed_jobs\" WHERE ((((\"run_at\" <= '2016-09-29 20:00:51.447826+0000') AND (\"locked_at\" IS NULL)) OR (\"locked_by\" = 'cc_global_worker.api_z1.0.1')) AND (\"failed_at\" IS NULL) AND (\"queue\" IN ('cc-generic'))) ORDER BY \"priority\" ASC, \"run_at\" ASC LIMIT 5","log_level":"debug2","source":"cc.background","data":{},"thread_id":47193737007380,"fiber_id":47193773841900,"process_id":15807,"file":"/var/vcap/packages/cloud_controller_ng/cloud_controller_ng/vendor/bundle/ruby/2.3.0/gems/sequel-4.29.0/lib/sequel/database/logging.rb","lineno":70,"method":"block in log_each"}

2016-09-29T20:00:57.122117+00:00 b0fa19c0-86de-4447-a670-3f7adbd0b3c1 - - - [NXLOG@14506 bosh_deployment="cf-warden" bosh_job_name="api_z1" bosh_job_index="0" filename="/var/vcap/data/sys/log/cloud_controller_worker/cloud_controller_worker.log"] {"timestamp":1475179256.474384,"message":"(0.000627s) SELECT * FROM \"delayed_jobs\" WHERE ((((\"run_at\" <= '2016-09-29 20:00:56.473133+0000') AND (\"locked_at\" IS NULL)) OR (\"locked_by\" = 'cc_global_worker.api_z1.0.1')) AND (\"failed_at\" IS NULL) AND (\"queue\" IN ('cc-generic'))) ORDER BY \"priority\" ASC, \"run_at\" ASC LIMIT 5","log_level":"debug2","source":"cc.background","data":{},"thread_id":47193737007380,"fiber_id":47193773841900,"process_id":15807,"file":"/var/vcap/packages/cloud_controller_ng/cloud_controller_ng/vendor/bundle/ruby/2.3.0/gems/sequel-4.29.0/lib/sequel/database/logging.rb","lineno":70,"method":"block in log_each"}

2016-09-29T20:00:57.122154+00:00 b0fa19c0-86de-4447-a670-3f7adbd0b3c1 - - - [NXLOG@14506 bosh_deployment="cf-warden" bosh_job_name="api_z1" bosh_job_index="0" filename="/var/vcap/data/sys/log/nginx_cc/nginx.access.log"] 10.244.0.138 - [29/Sep/2016:20:00:57 +0000] "GET /v2/info HTTP/1.1" 200 802 "-" "monit/5.2.5" 10.244.0.138 vcap_request_id:2a962008-1031-4fa8-9ec7-efff310edaad response_time:0.003

2016-09-29T20:00:57.122193+00:00 b0fa19c0-86de-4447-a670-3f7adbd0b3c1 - - - [NXLOG@14506 bosh_deployment="cf-warden" bosh_job_name="api_z1" bosh_job_index="0" filename="/var/vcap/data/sys/log/cloud_controller_ng/cloud_controller_ng.log"] {"timestamp":1475179247.8378081,"message":"(0.000598s) SELECT * FROM \"delayed_jobs\" WHERE ((((\"run_at\" <= '2016-09-29 20:00:47.836914+0000') AND (\"locked_at\" IS NULL)) OR (\"locked_by\" = 'cc_api_worker.api_z1.0.1')) AND (\"failed_at\" IS NULL) AND (\"queue\" IN ('cc-api_z1-0'))) ORDER BY \"priority\" ASC, \"run_at\" ASC LIMIT 5","log_level":"debug2","source":"cc.background","data":{},"thread_id":47452862460180,"fiber_id":47452899698480,"process_id":15587,"file":"/var/vcap/packages/cloud_controller_ng/cloud_controller_ng/vendor/bundle/ruby/2.3.0/gems/sequel-4.29.0/lib/sequel/database/logging.rb","lineno":70,"method":"block in log_each"}

2016-09-29T20:00:57.122240+00:00 b0fa19c0-86de-4447-a670-3f7adbd0b3c1 - - - [NXLOG@14506 bosh_deployment="cf-warden" bosh_job_name="api_z1" bosh_job_index="0" filename="/var/vcap/data/sys/log/cloud_controller_ng/cloud_controller_ng.log"] {"timestamp":1475179251.4464118,"message":"(0.000819s) SELECT * FROM \"delayed_jobs\" WHERE ((((\"run_at\" <= '2016-09-29 20:00:51.445106+0000') AND (\"locked_at\" IS NULL)) OR (\"locked_by\" = 'cc_api_worker.api_z1.0.2')) AND (\"failed_at\" IS NULL) AND (\"queue\" IN ('cc-api_z1-0'))) ORDER BY \"priority\" ASC, \"run_at\" ASC LIMIT 5","log_level":"debug2","source":"cc.background","data":{},"thread_id":47118928261380,"fiber_id":47118965175380,"process_id":15629,"file":"/var/vcap/packages/cloud_controller_ng/cloud_controller_ng/vendor/bundle/ruby/2.3.0/gems/sequel-4.29.0/lib/sequel/database/logging.rb","lineno":70,"method":"block in log_each"}

2016-09-29T20:00:57.122283+00:00 b0fa19c0-86de-4447-a670-3f7adbd0b3c1 - - - [NXLOG@14506 bosh_deployment="cf-warden" bosh_job_name="api_z1" bosh_job_index="0" filename="/var/vcap/data/sys/log/cloud_controller_ng/cloud_controller_ng.log"] {"timestamp":1475179252.8571823,"message":"(0.000671s) SELECT * FROM \"delayed_jobs\" WHERE ((((\"run_at\" <= '2016-09-29 20:00:52.856016+0000') AND (\"locked_at\" IS NULL)) OR (\"locked_by\" = 'cc_api_worker.api_z1.0.1')) AND (\"failed_at\" IS NULL) AND (\"queue\" IN ('cc-api_z1-0'))) ORDER BY \"priority\" ASC, \"run_at\" ASC LIMIT 5","log_level":"debug2","source":"cc.background","data":{},"thread_id":47452862460180,"fiber_id":47452899698480,"process_id":15587,"file":"/var/vcap/packages/cloud_controller_ng/cloud_controller_ng/vendor/bundle/ruby/2.3.0/gems/sequel-4.29.0/lib/sequel/database/logging.rb","lineno":70,"method":"block in log_each"}

2016-09-29T20:00:57.122319+00:00 b0fa19c0-86de-4447-a670-3f7adbd0b3c1 - - - [NXLOG@14506 bosh_deployment="cf-warden" bosh_job_name="api_z1" bosh_job_index="0" filename="/var/vcap/data/sys/log/cloud_controller_ng/cloud_controller_ng.log"] {"timestamp":1475179256.4733744,"message":"(0.000613s) SELECT * FROM \"delayed_jobs\" WHERE ((((\"run_at\" <= '2016-09-29 20:00:56.472214+0000') AND (\"locked_at\" IS NULL)) OR (\"locked_by\" = 'cc_api_worker.api_z1.0.2')) AND (\"failed_at\" IS NULL) AND (\"queue\" IN ('cc-api_z1-0'))) ORDER BY \"priority\" ASC, \"run_at\" ASC LIMIT 5","log_level":"debug2","source":"cc.background","data":{},"thread_id":47118928261380,"fiber_id":47118965175380,"process_id":15629,"file":"/var/vcap/packages/cloud_controller_ng/cloud_controller_ng/vendor/bundle/ruby/2.3.0/gems/sequel-4.29.0/lib/sequel/database/logging.rb","lineno":70,"method":"block in log_each"}

2016-09-29T20:00:57.122351+00:00 b0fa19c0-86de-4447-a670-3f7adbd0b3c1 - - - [NXLOG@14506 bosh_deployment="cf-warden" bosh_job_name="api_z1" bosh_job_index="0" filename="/var/vcap/data/sys/log/cloud_controller_ng/cloud_controller_ng.log"] {"timestamp":1475179257.0214336,"message":"Statsd: cc.requests.outstanding:1|c","log_level":"debug","source":"statsd.client","data":{},"thread_id":47062185507980,"fiber_id":47062184611840,"process_id":15535,"file":"/var/vcap/packages/cloud_controller_ng/cloud_controller_ng/vendor/bundle/ruby/2.3.0/gems/statsd-ruby-1.2.1/lib/statsd.rb","lineno":254,"method":"send_to_socket"}

2016-09-29T20:00:57.122371+00:00 b0fa19c0-86de-4447-a670-3f7adbd0b3c1 - - - [NXLOG@14506 bosh_deployment="cf-warden" bosh_job_name="api_z1" bosh_job_index="0" filename="/var/vcap/data/sys/log/cloud_controller_ng/cloud_controller_ng.log"] {"timestamp":1475179257.022044,"message":"Started GET \"/v2/info\" for user: , ip: 127.0.0.1 with vcap-request-id: 2a962008-1031-4fa8-9ec7-efff310edaad at 2016-09-29 20:00:57 UTC","log_level":"info","source":"cc.api","data":{},"thread_id":47062185507980,"fiber_id":47062184611840,"process_id":15535,"file":"/var/vcap/packages/cloud_controller_ng/cloud_controller_ng/middleware/request_logs.rb","lineno":12,"method":"call"}

2016-09-29T20:00:57.122383+00:00 b0fa19c0-86de-4447-a670-3f7adbd0b3c1 - - - [NXLOG@14506 bosh_deployment="cf-warden" bosh_job_name="api_z1" bosh_job_index="0" filename="/var/vcap/data/sys/log/cloud_controller_ng/cloud_controller_ng.log"] {"timestamp":1475179257.0227282,"message":"dispatch VCAP::CloudController::InfoController get /v2/info","log_level":"debug","source":"cc.api","data":{"request_guid":"2a962008-1031-4fa8-9ec7-efff310edaad"},"thread_id":47062185507980,"fiber_id":47062184611840,"process_id":15535,"file":"/var/vcap/data/packages/cloud_controller_ng/f87cb49aa2cd87792cb9c2211a79e1542502be4d.1-b1a5f3c830cb6c32ae9e685628b24aa967f5ae54/cloud_controller_ng/lib/cloud_controller/rest_controller/routes.rb","lineno":12,"method":"block in define_route"}

2016-09-29T20:00:57.122400+00:00 b0fa19c0-86de-4447-a670-3f7adbd0b3c1 - - - [NXLOG@14506 bosh_deployment="cf-warden" bosh_job_name="api_z1" bosh_job_index="0" filename="/var/vcap/data/sys/log/cloud_controller_ng/cloud_controller_ng.log"] {"timestamp":1475179257.0228975,"message":"parse_params: {} ","log_level":"debug","source":"cc.api","data":{"request_guid":"2a962008-1031-4fa8-9ec7-efff310edaad"},"thread_id":47062185507980,"fiber_id":47062184611840,"process_id":15535,"file":"/var/vcap/data/packages/cloud_controller_ng/f87cb49aa2cd87792cb9c2211a79e1542502be4d.1-b1a5f3c830cb6c32ae9e685628b24aa967f5ae54/cloud_controller_ng/lib/cloud_controller/rest_controller/common_params.rb","lineno":10,"method":"parse"}

2016-09-29T20:00:57.122442+00:00 b0fa19c0-86de-4447-a670-3f7adbd0b3c1 - - - [NXLOG@14506 bosh_deployment="cf-warden" bosh_job_name="api_z1" bosh_job_index="0" filename="/var/vcap/data/sys/log/cloud_controller_ng/cloud_controller_ng.log"] {"timestamp":1475179257.023032,"message":"cc.dispatch","log_level":"debug","source":"cc.api","data":{"request_guid":"2a962008-1031-4fa8-9ec7-efff310edaad","endpoint":"read","args":[]},"thread_id":47062185507980,"fiber_id":47062184611840,"process_id":15535,"file":"/var/vcap/data/packages/cloud_controller_ng/f87cb49aa2cd87792cb9c2211a79e1542502be4d.1-b1a5f3c830cb6c32ae9e685628b24aa967f5ae54/cloud_controller_ng/app/controllers/base/base_controller.rb","lineno":78,"method":"dispatch"}

2016-09-29T20:00:57.122472+00:00 b0fa19c0-86de-4447-a670-3f7adbd0b3c1 - - - [NXLOG@14506 bosh_deployment="cf-warden" bosh_job_name="api_z1" bosh_job_index="0" filename="/var/vcap/data/sys/log/cloud_controller_ng/cloud_controller_ng.log"] {"timestamp":1475179257.0233538,"message":"Completed 200 vcap-request-id: 2a962008-1031-4fa8-9ec7-efff310edaad","log_level":"info","source":"cc.api","data":{},"thread_id":47062185507980,"fiber_id":47062184611840,"process_id":15535,"file":"/var/vcap/packages/cloud_controller_ng/cloud_controller_ng/middleware/request_logs.rb","lineno":24,"method":"call"}

2016-09-29T20:00:57.122508+00:00 b0fa19c0-86de-4447-a670-3f7adbd0b3c1 - - - [NXLOG@14506 bosh_deployment="cf-warden" bosh_job_name="api_z1" bosh_job_index="0" filename="/var/vcap/data/sys/log/cloud_controller_ng/cloud_controller_ng.log"] {"timestamp":1475179257.0234907,"message":"Statsd: cc.requests.outstanding:-1|c\ncc.requests.completed:1|c\ncc.http_status.2XX:1|c","log_level":"debug","source":"statsd.client","data":{},"thread_id":47062185507980,"fiber_id":47062184611840,"process_id":15535,"file":"/var/vcap/packages/cloud_controller_ng/cloud_controller_ng/vendor/bundle/ruby/2.3.0/gems/statsd-ruby-1.2.1/lib/statsd.rb","lineno":254,"method":"send_to_socket"}

2016-09-29T20:01:06.970699+00:00 bfc626ef-a2eb-4bad-8f71-fa1d6d0f927f - - - [NXLOG@14506 bosh_deployment="cf-warden" bosh_job_name="loggregator_trafficcontroller_z1" bosh_job_index="0" filename="/var/vcap/data/sys/log/route_registrar/route_registrar.stdout.log"] {"timestamp":"1475179266.733141184","source":"Route Registrar","message":"Route Registrar.no healthchecker found for route","log_level":1,"data":{"route":{"Name":"loggregator","Port":8080,"Tags":null,"URIs":["loggregator.bosh-lite.com"],"RouteServiceUrl":"","RegistrationInterval":20000000000,"HealthCheck":null}}}

2016-09-29T20:01:06.970917+00:00 bfc626ef-a2eb-4bad-8f71-fa1d6d0f927f - - - [NXLOG@14506 bosh_deployment="cf-warden" bosh_job_name="loggregator_trafficcontroller_z1" bosh_job_index="0" filename="/var/vcap/data/sys/log/route_registrar/route_registrar.stdout.log"] {"timestamp":"1475179266.733229876","source":"Route Registrar","message":"Route Registrar.Registering route","log_level":1,"data":{"route":{"Name":"loggregator","Port":8080,"Tags":null,"URIs":["loggregator.bosh-lite.com"],"RouteServiceUrl":"","RegistrationInterval":20000000000,"HealthCheck":null}}}

2016-09-29T20:01:06.970993+00:00 bfc626ef-a2eb-4bad-8f71-fa1d6d0f927f - - - [NXLOG@14506 bosh_deployment="cf-warden" bosh_job_name="loggregator_trafficcontroller_z1" bosh_job_index="0" filename="/var/vcap/data/sys/log/route_registrar/route_registrar.stdout.log"] {"timestamp":"1475179266.733281374","source":"Route Registrar","message":"Route Registrar.Registered routes successfully","log_level":1,"data":{}}

2016-09-29T20:01:06.971051+00:00 bfc626ef-a2eb-4bad-8f71-fa1d6d0f927f - - - [NXLOG@14506 bosh_deployment="cf-warden" bosh_job_name="loggregator_trafficcontroller_z1" bosh_job_index="0" filename="/var/vcap/data/sys/log/route_registrar/route_registrar.stdout.log"] {"timestamp":"1475179266.733317137","source":"Route Registrar","message":"Route Registrar.no healthchecker found for route","log_level":1,"data":{"route":{"Name":"doppler","Port":8081,"Tags":null,"URIs":["doppler.bosh-lite.com"],"RouteServiceUrl":"","RegistrationInterval":20000000000,"HealthCheck":null}}}

2016-09-29T20:01:06.971106+00:00 bfc626ef-a2eb-4bad-8f71-fa1d6d0f927f - - - [NXLOG@14506 bosh_deployment="cf-warden" bosh_job_name="loggregator_trafficcontroller_z1" bosh_job_index="0" filename="/var/vcap/data/sys/log/route_registrar/route_registrar.stdout.log"] {"timestamp":"1475179266.733334780","source":"Route Registrar","message":"Route Registrar.Registering route","log_level":1,"data":{"route":{"Name":"doppler","Port":8081,"Tags":null,"URIs":["doppler.bosh-lite.com"],"RouteServiceUrl":"","RegistrationInterval":20000000000,"HealthCheck":null}}}

2016-09-29T20:01:06.971159+00:00 bfc626ef-a2eb-4bad-8f71-fa1d6d0f927f - - - [NXLOG@14506 bosh_deployment="cf-warden" bosh_job_name="loggregator_trafficcontroller_z1" bosh_job_index="0" filename="/var/vcap/data/sys/log/route_registrar/route_registrar.stdout.log"] {"timestamp":"1475179266.733376741","source":"Route Registrar","message":"Route Registrar.Registered routes successfully","log_level":1,"data":{}}

2016-09-29T20:01:06.972517+00:00 81da04d2-3e1d-4a50-80cd-e5b2e7a3a719 - - - [NXLOG@14506 bosh_deployment="cf-warden" bosh_job_name="router_z1" bosh_job_index="0" filename="/var/vcap/data/sys/log/gorouter/access.log"] api.bosh-lite.com - [29/09/2016:20:01:01.260 +0000] "GET /v2/syslog_drain_urls?batch_size=1000 HTTP/1.1" 200 0 42 "-" "Go-http-client/1.1" 10.244.0.34:45794 x_forwarded_for:"10.244.0.146" x_forwarded_proto:"https" vcap_request_id:041e7bf5-6b26-4d63-68ee-dc0114165f4f response_time:0.005696848 app_id:

2016-09-29T20:01:06.977126+00:00 fc52b791-0068-48d0-b63d-a9600b8fa32e - - - [NXLOG@14506 bosh_deployment="cf-warden" bosh_job_name="runner_z1" bosh_job_index="0" filename="/var/vcap/data/sys/log/dea_next/dea_next.log"] {"timestamp":1475179261.7629395,"message":"hm9000.heartbeat.sending","log_level":"debug","source":"Dea::Bootstrap","data":{"destination":"https://listener-hm9000.service.cf.internal:5335/dea/heartbeat"},"thread_id":47241037142420,"fiber_id":47241050325380,"process_id":6941,"file":"/var/vcap/packages/dea_next/lib/dea/utils/hm9000.rb","lineno":29,"method":"send_heartbeat"}

2016-09-29T20:01:06.977298+00:00 fc52b791-0068-48d0-b63d-a9600b8fa32e - - - [NXLOG@14506 bosh_deployment="cf-warden" bosh_job_name="runner_z1" bosh_job_index="0" filename="/var/vcap/data/sys/log/dea_next/dea_next.log"] {"timestamp":1475179261.7654424,"message":"hm9000.heartbeat.accepted","log_level":"debug","source":"Dea::Bootstrap","data":{},"thread_id":47241050154880,"fiber_id":47241051015860,"process_id":6941,"file":"/var/vcap/packages/dea_next/lib/dea/utils/hm9000.rb","lineno":49,"method":"handle_http_response"}

2016-09-29T20:01:06.977346+00:00 fc52b791-0068-48d0-b63d-a9600b8fa32e - - - [NXLOG@14506 bosh_deployment="cf-warden" bosh_job_name="runner_z1" bosh_job_index="0" filename="/var/vcap/data/sys/log/dea_next/dea_next.log"] {"timestamp":1475179266.1184285,"message":"Reaping orphaned containers","log_level":"debug","source":"Dea::Bootstrap","data":{},"thread_id":47241037142420,"fiber_id":47241050325380,"process_id":6941,"file":"/var/vcap/packages/dea_next/lib/dea/bootstrap.rb","lineno":236,"method":"reap_orphaned_containers"}

2016-09-29T20:01:07.109632+00:00 152ab062-1f32-4789-910a-13bdc79651b2 - - - [NXLOG@14506 bosh_deployment="cf-warden" bosh_job_name="hm9000_z1" bosh_job_index="0" filename="/var/vcap/data/sys/log/hm9000/hm9000_listener.log"] {"timestamp":"1475179261.764770508","source":"listener","message":"listener.Received a heartbeat","log_level":1,"data":{"Heartbeats Pending Save":"1"}}

2016-09-29T20:01:07.109872+00:00 152ab062-1f32-4789-910a-13bdc79651b2 - - - [NXLOG@14506 bosh_deployment="cf-warden" bosh_job_name="hm9000_z1" bosh_job_index="0" filename="/var/vcap/data/sys/log/hm9000/hm9000_listener.log"] {"timestamp":"1475179261.816201448","source":"listener","message":"listener.Saving Heartbeats","log_level":1,"data":{"Heartbeats to Save":"1"}}

2016-09-29T20:01:07.109941+00:00 152ab062-1f32-4789-910a-13bdc79651b2 - - - [NXLOG@14506 bosh_deployment="cf-warden" bosh_job_name="hm9000_z1" bosh_job_index="0" filename="/var/vcap/data/sys/log/hm9000/hm9000_listener.log"] {"timestamp":"1475179261.823580742","source":"listener","message":"listener.Bumped freshness","log_level":1,"data":{}}

2016-09-29T20:01:07.110046+00:00 152ab062-1f32-4789-910a-13bdc79651b2 - - - [NXLOG@14506 bosh_deployment="cf-warden" bosh_job_name="hm9000_z1" bosh_job_index="0" filename="/var/vcap/data/sys/log/hm9000/hm9000_listener.log"] {"timestamp":"1475179261.823860645","source":"listener","message":"listener.Saved Heartbeats","log_level":1,"data":{"Duration":"7.550709ms","Heartbeats to Save":"1"}}

2016-09-29T20:01:07.110105+00:00 152ab062-1f32-4789-910a-13bdc79651b2 - - - [NXLOG@14506 bosh_deployment="cf-warden" bosh_job_name="hm9000_z1" bosh_job_index="0" filename="/var/vcap/data/sys/log/route_registrar/route_registrar.stdout.log"] {"timestamp":"1475179262.328419924","source":"Route Registrar","message":"Route Registrar.no healthchecker found for route","log_level":1,"data":{"route":{"Name":"hm9000","Port":5155,"Tags":{"component":"HM9K"},"URIs":["hm9000.bosh-lite.com"],"RouteServiceUrl":"","RegistrationInterval":20000000000,"HealthCheck":null}}}

2016-09-29T20:01:07.110161+00:00 152ab062-1f32-4789-910a-13bdc79651b2 - - - [NXLOG@14506 bosh_deployment="cf-warden" bosh_job_name="hm9000_z1" bosh_job_index="0" filename="/var/vcap/data/sys/log/route_registrar/route_registrar.stdout.log"] {"timestamp":"1475179262.328538418","source":"Route Registrar","message":"Route Registrar.Registering route","log_level":1,"data":{"route":{"Name":"hm9000","Port":5155,"Tags":{"component":"HM9K"},"URIs":["hm9000.bosh-lite.com"],"RouteServiceUrl":"","RegistrationInterval":20000000000,"HealthCheck":null}}}

2016-09-29T20:01:07.110216+00:00 152ab062-1f32-4789-910a-13bdc79651b2 - - - [NXLOG@14506 bosh_deployment="cf-warden" bosh_job_name="hm9000_z1" bosh_job_index="0" filename="/var/vcap/data/sys/log/route_registrar/route_registrar.stdout.log"] {"timestamp":"1475179262.328666925","source":"Route Registrar","message":"Route Registrar.Registered routes successfully","log_level":1,"data":{}}

2016-09-29T20:01:07.110478+00:00 05bf1627-ae2f-400c-b1ce-31973a9ff23f - - - [NXLOG@14506 bosh_deployment="cf-warden" bosh_job_name="uaa_z1" bosh_job_index="0" filename="/var/vcap/data/sys/log/uaa/localhost_access.log"] 127.0.0.1 - - [29/Sep/2016:20:00:50 +0000] "GET /healthz HTTP/1.1" 200 3

2016-09-29T20:01:07.110572+00:00 05bf1627-ae2f-400c-b1ce-31973a9ff23f - - - [NXLOG@14506 bosh_deployment="cf-warden" bosh_job_name="uaa_z1" bosh_job_index="0" filename="/var/vcap/data/sys/log/uaa/localhost_access.log"] 127.0.0.1 - - [29/Sep/2016:20:00:50 +0000] "GET /healthz HTTP/1.1" 200 3

2016-09-29T20:01:07.110635+00:00 05bf1627-ae2f-400c-b1ce-31973a9ff23f - - - [NXLOG@14506 bosh_deployment="cf-warden" bosh_job_name="uaa_z1" bosh_job_index="0" filename="/var/vcap/data/sys/log/uaa/localhost_access.log"] 127.0.0.1 - - [29/Sep/2016:20:00:54 +0000] "GET /healthz HTTP/1.1" 200 3

2016-09-29T20:01:07.110698+00:00 05bf1627-ae2f-400c-b1ce-31973a9ff23f - - - [NXLOG@14506 bosh_deployment="cf-warden" bosh_job_name="uaa_z1" bosh_job_index="0" filename="/var/vcap/data/sys/log/route_registrar/route_registrar.stdout.log"] {"timestamp":"1475179258.808170319","source":"Route Registrar","message":"Route Registrar.Executing script","log_level":1,"data":{"scriptPath":"/var/vcap/jobs/uaa/bin/health_check"}}

2016-09-29T20:01:07.110760+00:00 05bf1627-ae2f-400c-b1ce-31973a9ff23f - - - [NXLOG@14506 bosh_deployment="cf-warden" bosh_job_name="uaa_z1" bosh_job_index="0" filename="/var/vcap/data/sys/log/route_registrar/route_registrar.stdout.log"] {"timestamp":"1475179258.819980383","source":"Route Registrar","message":"Route Registrar.Script exited without error","log_level":1,"data":{"script":"/var/vcap/jobs/uaa/bin/health_check","stderr":"  % Total    % Received % Xferd  Average Speed   Time    Time     Time  Current\n                                 Dload  Upload   Total   Spent    Left  Speed\n\r  0     0    0     0    0     0      0      0 --:--:-- --:--:-- --:--:--     0\r100     3  100     3    0     0   2808      0 --:--:-- --:--:-- --:--:--  3000\n","stdout":""}}

2016-09-29T20:01:07.110862+00:00 05bf1627-ae2f-400c-b1ce-31973a9ff23f - - - [NXLOG@14506 bosh_deployment="cf-warden" bosh_job_name="uaa_z1" bosh_job_index="0" filename="/var/vcap/data/sys/log/route_registrar/route_registrar.stdout.log"] {"timestamp":"1475179258.820087194","source":"Route Registrar","message":"Route Registrar.healthchecker returned healthy for route","log_level":1,"data":{"route":{"Name":"uaa","Port":8080,"Tags":{"component":"uaa"},"URIs":["uaa.bosh-lite.com","*.uaa.bosh-lite.com","login.bosh-lite.com","*.login.bosh-lite.com"],"RouteServiceUrl":"","RegistrationInterval":4000000000,"HealthCheck":{"Name":"uaa-healthcheck","ScriptPath":"/var/vcap/jobs/uaa/bin/health_check","Timeout":2000000000}}}}

2016-09-29T20:01:07.110936+00:00 05bf1627-ae2f-400c-b1ce-31973a9ff23f - - - [NXLOG@14506 bosh_deployment="cf-warden" bosh_job_name="uaa_z1" bosh_job_index="0" filename="/var/vcap/data/sys/log/route_registrar/route_registrar.stdout.log"] {"timestamp":"1475179258.820110798","source":"Route Registrar","message":"Route Registrar.Registering route","log_level":1,"data":{"route":{"Name":"uaa","Port":8080,"Tags":{"component":"uaa"},"URIs":["uaa.bosh-lite.com","*.uaa.bosh-lite.com","login.bosh-lite.com","*.login.bosh-lite.com"],"RouteServiceUrl":"","RegistrationInterval":4000000000,"HealthCheck":{"Name":"uaa-healthcheck","ScriptPath":"/var/vcap/jobs/uaa/bin/health_check","Timeout":2000000000}}}}

2016-09-29T20:01:16.977823+00:00 fc52b791-0068-48d0-b63d-a9600b8fa32e - - - [NXLOG@14506 bosh_deployment="cf-warden" bosh_job_name="runner_z1" bosh_job_index="0" filename="/var/vcap/data/sys/log/dea_next/dea_next.log"] {"timestamp":1475179271.7612708,"message":"hm9000.heartbeat.sending","log_level":"debug","source":"Dea::Bootstrap","data":{"destination":"https://listener-hm9000.service.cf.internal:5335/dea/heartbeat"},"thread_id":47241037142420,"fiber_id":47241050325380,"process_id":6941,"file":"/var/vcap/packages/dea_next/lib/dea/utils/hm9000.rb","lineno":29,"method":"send_heartbeat"}

2016-09-29T20:01:16.977998+00:00 fc52b791-0068-48d0-b63d-a9600b8fa32e - - - [NXLOG@14506 bosh_deployment="cf-warden" bosh_job_name="runner_z1" bosh_job_index="0" filename="/var/vcap/data/sys/log/dea_next/dea_next.log"] {"timestamp":1475179271.763451,"message":"hm9000.heartbeat.accepted","log_level":"debug","source":"Dea::Bootstrap","data":{},"thread_id":47241050155040,"fiber_id":47241050974060,"process_id":6941,"file":"/var/vcap/packages/dea_next/lib/dea/utils/hm9000.rb","lineno":49,"method":"handle_http_response"}

2016-09-29T20:01:17.111305+00:00 f0562343-642f-42d4-aca5-293abe675815 - - - [NXLOG@14506 bosh_deployment="cf-warden" bosh_job_name="blobstore_z1" bosh_job_index="0" filename="/var/vcap/data/sys/log/route_registrar/route_registrar.stdout.log"] {"timestamp":"1475179268.513261557","source":"Route Registrar","message":"Route Registrar.no healthchecker found for route","log_level":1,"data":{"route":{"Name":"blobstore","Port":80,"Tags":{"component":"blobstore"},"URIs":["blobstore.bosh-lite.com"],"RouteServiceUrl":"","RegistrationInterval":20000000000,"HealthCheck":null}}}

2016-09-29T20:01:17.111481+00:00 f0562343-642f-42d4-aca5-293abe675815 - - - [NXLOG@14506 bosh_deployment="cf-warden" bosh_job_name="blobstore_z1" bosh_job_index="0" filename="/var/vcap/data/sys/log/route_registrar/route_registrar.stdout.log"] {"timestamp":"1475179268.513489485","source":"Route Registrar","message":"Route Registrar.Registering route","log_level":1,"data":{"route":{"Name":"blobstore","Port":80,"Tags":{"component":"blobstore"},"URIs":["blobstore.bosh-lite.com"],"RouteServiceUrl":"","RegistrationInterval":20000000000,"HealthCheck":null}}}

2016-09-29T20:01:17.111542+00:00 f0562343-642f-42d4-aca5-293abe675815 - - - [NXLOG@14506 bosh_deployment="cf-warden" bosh_job_name="blobstore_z1" bosh_job_index="0" filename="/var/vcap/data/sys/log/route_registrar/route_registrar.stdout.log"] {"timestamp":"1475179268.513574123","source":"Route Registrar","message":"Route Registrar.Registered routes successfully","log_level":1,"data":{}}

2016-09-29T20:01:17.111395+00:00 152ab062-1f32-4789-910a-13bdc79651b2 - - - [NXLOG@14506 bosh_deployment="cf-warden" bosh_job_name="hm9000_z1" bosh_job_index="0" filename="/var/vcap/data/sys/log/hm9000/hm9000_listener.log"] {"timestamp":"1475179271.762753963","source":"listener","message":"listener.Received a heartbeat","log_level":1,"data":{"Heartbeats Pending Save":"1"}}

2016-09-29T20:01:17.111503+00:00 152ab062-1f32-4789-910a-13bdc79651b2 - - - [NXLOG@14506 bosh_deployment="cf-warden" bosh_job_name="hm9000_z1" bosh_job_index="0" filename="/var/vcap/data/sys/log/hm9000/hm9000_listener.log"] {"timestamp":"1475179271.816789389","source":"listener","message":"listener.Saving Heartbeats","log_level":1,"data":{"Heartbeats to Save":"1"}}

2016-09-29T20:01:17.111552+00:00 152ab062-1f32-4789-910a-13bdc79651b2 - - - [NXLOG@14506 bosh_deployment="cf-warden" bosh_job_name="hm9000_z1" bosh_job_index="0" filename="/var/vcap/data/sys/log/hm9000/hm9000_listener.log"] {"timestamp":"1475179271.822599888","source":"listener","message":"listener.Bumped freshness","log_level":1,"data":{}}

2016-09-29T20:01:17.111626+00:00 152ab062-1f32-4789-910a-13bdc79651b2 - - - [NXLOG@14506 bosh_deployment="cf-warden" bosh_job_name="hm9000_z1" bosh_job_index="0" filename="/var/vcap/data/sys/log/hm9000/hm9000_listener.log"] {"timestamp":"1475179271.822637081","source":"listener","message":"listener.Saved Heartbeats","log_level":1,"data":{"Duration":"5.762128ms","Heartbeats to Save":"1"}}

2016-09-29T20:01:17.112062+00:00 05bf1627-ae2f-400c-b1ce-31973a9ff23f - - - [NXLOG@14506 bosh_deployment="cf-warden" bosh_job_name="uaa_z1" bosh_job_index="0" filename="/var/vcap/data/sys/log/uaa/localhost_access.log"] 127.0.0.1 - - [29/Sep/2016:20:00:58 +0000] "GET /healthz HTTP/1.1" 200 3

2016-09-29T20:01:17.112160+00:00 05bf1627-ae2f-400c-b1ce-31973a9ff23f - - - [NXLOG@14506 bosh_deployment="cf-warden" bosh_job_name="uaa_z1" bosh_job_index="0" filename="/var/vcap/data/sys/log/uaa/localhost_access.log"] 127.0.0.1 - - [29/Sep/2016:20:01:00 +0000] "GET /healthz HTTP/1.1" 200 3

2016-09-29T20:01:17.112207+00:00 05bf1627-ae2f-400c-b1ce-31973a9ff23f - - - [NXLOG@14506 bosh_deployment="cf-warden" bosh_job_name="uaa_z1" bosh_job_index="0" filename="/var/vcap/data/sys/log/uaa/localhost_access.log"] 127.0.0.1 - - [29/Sep/2016:20:01:02 +0000] "GET /healthz HTTP/1.1" 200 3

2016-09-29T20:01:17.112245+00:00 05bf1627-ae2f-400c-b1ce-31973a9ff23f - - - [NXLOG@14506 bosh_deployment="cf-warden" bosh_job_name="uaa_z1" bosh_job_index="0" filename="/var/vcap/data/sys/log/uaa/localhost_access.log"] 127.0.0.1 - - [29/Sep/2016:20:01:06 +0000] "GET /healthz HTTP/1.1" 200 3

2016-09-29T20:01:17.112285+00:00 05bf1627-ae2f-400c-b1ce-31973a9ff23f - - - [NXLOG@14506 bosh_deployment="cf-warden" bosh_job_name="uaa_z1" bosh_job_index="0" filename="/var/vcap/data/sys/log/route_registrar/route_registrar.stdout.log"] {"timestamp":"1475179270.808340073","source":"Route Registrar","message":"Route Registrar.Executing script","log_level":1,"data":{"scriptPath":"/var/vcap/jobs/uaa/bin/health_check"}}

2016-09-29T20:01:17.112325+00:00 05bf1627-ae2f-400c-b1ce-31973a9ff23f - - - [NXLOG@14506 bosh_deployment="cf-warden" bosh_job_name="uaa_z1" bosh_job_index="0" filename="/var/vcap/data/sys/log/route_registrar/route_registrar.stdout.log"] {"timestamp":"1475179270.819527864","source":"Route Registrar","message":"Route Registrar.Script exited without error","log_level":1,"data":{"script":"/var/vcap/jobs/uaa/bin/health_check","stderr":"  % Total    % Received % Xferd  Average Speed   Time    Time     Time  Current\n                                 Dload  Upload   Total   Spent    Left  Speed\n\r  0     0    0     0    0     0      0      0 --:--:-- --:--:-- --:--:--     0\r100     3  100     3    0     0   1476      0 --:--:-- --:--:-- --:--:--  3000\n","stdout":""}}

2016-09-29T20:01:17.112428+00:00 05bf1627-ae2f-400c-b1ce-31973a9ff23f - - - [NXLOG@14506 bosh_deployment="cf-warden" bosh_job_name="uaa_z1" bosh_job_index="0" filename="/var/vcap/data/sys/log/route_registrar/route_registrar.stdout.log"] {"timestamp":"1475179270.819545746","source":"Route Registrar","message":"Route Registrar.healthchecker returned healthy for route","log_level":1,"data":{"route":{"Name":"uaa","Port":8080,"Tags":{"component":"uaa"},"URIs":["uaa.bosh-lite.com","*.uaa.bosh-lite.com","login.bosh-lite.com","*.login.bosh-lite.com"],"RouteServiceUrl":"","RegistrationInterval":4000000000,"HealthCheck":{"Name":"uaa-healthcheck","ScriptPath":"/var/vcap/jobs/uaa/bin/health_check","Timeout":2000000000}}}}

2016-09-29T20:01:17.112469+00:00 05bf1627-ae2f-400c-b1ce-31973a9ff23f - - - [NXLOG@14506 bosh_deployment="cf-warden" bosh_job_name="uaa_z1" bosh_job_index="0" filename="/var/vcap/data/sys/log/route_registrar/route_registrar.stdout.log"] {"timestamp":"1475179270.819590092","source":"Route Registrar","message":"Route Registrar.Registering route","log_level":1,"data":{"route":{"Name":"uaa","Port":8080,"Tags":{"component":"uaa"},"URIs":["uaa.bosh-lite.com","*.uaa.bosh-lite.com","login.bosh-lite.com","*.login.bosh-lite.com"],"RouteServiceUrl":"","RegistrationInterval":4000000000,"HealthCheck":{"Name":"uaa-healthcheck","ScriptPath":"/var/vcap/jobs/uaa/bin/health_check","Timeout":2000000000}}}}

2016-09-29T20:01:17.112511+00:00 05bf1627-ae2f-400c-b1ce-31973a9ff23f - - - [NXLOG@14506 bosh_deployment="cf-warden" bosh_job_name="uaa_z1" bosh_job_index="0" filename="/var/vcap/data/sys/log/route_registrar/route_registrar.stdout.log"] {"timestamp":"1475179270.819656610","source":"Route Registrar","message":"Route Registrar.Registered routes successfully","log_level":1,"data":{}}

2016-09-29T20:01:17.112552+00:00 05bf1627-ae2f-400c-b1ce-31973a9ff23f - - - [NXLOG@14506 bosh_deployment="cf-warden" bosh_job_name="uaa_z1" bosh_job_index="0" filename="/var/vcap/data/sys/log/route_registrar/route_registrar.stdout.log"] {"timestamp":"1475179274.808215141","source":"Route Registrar","message":"Route Registrar.Executing script","log_level":1,"data":{"scriptPath":"/var/vcap/jobs/uaa/bin/health_check"}}

2016-09-29T20:01:17.112593+00:00 05bf1627-ae2f-400c-b1ce-31973a9ff23f - - - [NXLOG@14506 bosh_deployment="cf-warden" bosh_job_name="uaa_z1" bosh_job_index="0" filename="/var/vcap/data/sys/log/route_registrar/route_registrar.stdout.log"] {"timestamp":"1475179274.819080353","source":"Route Registrar","message":"Route Registrar.Script exited without error","log_level":1,"data":{"script":"/var/vcap/jobs/uaa/bin/health_check","stderr":"  % Total    % Received % Xferd  Average Speed   Time    Time     Time  Current\n                                 Dload  Upload   Total   Spent    Left  Speed\n\r  0     0    0     0    0     0      0      0 --:--:-- --:--:-- --:--:--     0\r100     3  100     3    0     0   2145      0 --:--:-- --:--:-- --:--:--  3000\n","stdout":""}}

2016-09-29T20:01:17.112635+00:00 05bf1627-ae2f-400c-b1ce-31973a9ff23f - - - [NXLOG@14506 bosh_deployment="cf-warden" bosh_job_name="uaa_z1" bosh_job_index="0" filename="/var/vcap/data/sys/log/route_registrar/route_registrar.stdout.log"] {"timestamp":"1475179274.819215059","source":"Route Registrar","message":"Route Registrar.healthchecker returned healthy for route","log_level":1,"data":{"route":{"Name":"uaa","Port":8080,"Tags":{"component":"uaa"},"URIs":["uaa.bosh-lite.com","*.uaa.bosh-lite.com","login.bosh-lite.com","*.login.bosh-lite.com"],"RouteServiceUrl":"","RegistrationInterval":4000000000,"HealthCheck":{"Name":"uaa-healthcheck","ScriptPath":"/var/vcap/jobs/uaa/bin/health_check","Timeout":2000000000}}}}

2016-09-29T20:01:17.112675+00:00 05bf1627-ae2f-400c-b1ce-31973a9ff23f - - - [NXLOG@14506 bosh_deployment="cf-warden" bosh_job_name="uaa_z1" bosh_job_index="0" filename="/var/vcap/data/sys/log/route_registrar/route_registrar.stdout.log"] {"timestamp":"1475179274.819271326","source":"Route Registrar","message":"Route Registrar.Registering route","log_level":1,"data":{"route":{"Name":"uaa","Port":8080,"Tags":{"component":"uaa"},"URIs":["uaa.bosh-lite.com","*.uaa.bosh-lite.com","login.bosh-lite.com","*.login.bosh-lite.com"],"RouteServiceUrl":"","RegistrationInterval":4000000000,"HealthCheck":{"Name":"uaa-healthcheck","ScriptPath":"/var/vcap/jobs/uaa/bin/health_check","Timeout":2000000000}}}}

2016-09-29T20:01:17.112714+00:00 05bf1627-ae2f-400c-b1ce-31973a9ff23f - - - [NXLOG@14506 bosh_deployment="cf-warden" bosh_job_name="uaa_z1" bosh_job_index="0" filename="/var/vcap/data/sys/log/route_registrar/route_registrar.stdout.log"] {"timestamp":"1475179274.819349527","source":"Route Registrar","message":"Route Registrar.Registered routes successfully","log_level":1,"data":{}}

2016-09-29T20:01:17.113036+00:00 05bf1627-ae2f-400c-b1ce-31973a9ff23f - - - [NXLOG@14506 bosh_deployment="cf-warden" bosh_job_name="uaa_z1" bosh_job_index="0" filename="/var/vcap/data/sys/log/uaa/uaa.log"] [2016-09-29 20:01:10.650] uaa - 19013 [http-nio-127.0.0.1-8989-exec-3] .... DEBUG --- AntPathRequestMatcher: Checking match of request : '/healthz'; against '/resources/**'

2016-09-29T20:01:17.113109+00:00 05bf1627-ae2f-400c-b1ce-31973a9ff23f - - - [NXLOG@14506 bosh_deployment="cf-warden" bosh_job_name="uaa_z1" bosh_job_index="0" filename="/var/vcap/data/sys/log/uaa/uaa.log"] [2016-09-29 20:01:10.650] uaa - 19013 [http-nio-127.0.0.1-8989-exec-3] .... DEBUG --- AntPathRequestMatcher: Checking match of request : '/healthz'; against '/square-logo.png'

2016-09-29T20:01:17.113153+00:00 05bf1627-ae2f-400c-b1ce-31973a9ff23f - - - [NXLOG@14506 bosh_deployment="cf-warden" bosh_job_name="uaa_z1" bosh_job_index="0" filename="/var/vcap/data/sys/log/uaa/uaa.log"] [2016-09-29 20:01:10.650] uaa - 19013 [http-nio-127.0.0.1-8989-exec-3] .... DEBUG --- AntPathRequestMatcher: Checking match of request : '/healthz'; against '/info'

2016-09-29T20:01:17.113194+00:00 05bf1627-ae2f-400c-b1ce-31973a9ff23f - - - [NXLOG@14506 bosh_deployment="cf-warden" bosh_job_name="uaa_z1" bosh_job_index="0" filename="/var/vcap/data/sys/log/uaa/uaa.log"] [2016-09-29 20:01:10.650] uaa - 19013 [http-nio-127.0.0.1-8989-exec-3] .... DEBUG --- AntPathRequestMatcher: Checking match of request : '/healthz'; against '/password/**'

2016-09-29T20:01:17.113223+00:00 05bf1627-ae2f-400c-b1ce-31973a9ff23f - - - [NXLOG@14506 bosh_deployment="cf-warden" bosh_job_name="uaa_z1" bosh_job_index="0" filename="/var/vcap/data/sys/log/uaa/uaa.log"] [2016-09-29 20:01:10.650] uaa - 19013 [http-nio-127.0.0.1-8989-exec-3] .... DEBUG --- AntPathRequestMatcher: Checking match of request : '/healthz'; against '/healthz/**'

2016-09-29T20:01:17.113236+00:00 05bf1627-ae2f-400c-b1ce-31973a9ff23f - - - [NXLOG@14506 bosh_deployment="cf-warden" bosh_job_name="uaa_z1" bosh_job_index="0" filename="/var/vcap/data/sys/log/uaa/uaa.log"] [2016-09-29 20:01:10.650] uaa - 19013 [http-nio-127.0.0.1-8989-exec-3] .... DEBUG --- FilterChainProxy: /healthz has an empty filter list

2016-09-29T20:01:17.113246+00:00 05bf1627-ae2f-400c-b1ce-31973a9ff23f - - - [NXLOG@14506 bosh_deployment="cf-warden" bosh_job_name="uaa_z1" bosh_job_index="0" filename="/var/vcap/data/sys/log/uaa/uaa.log"] [2016-09-29 20:01:10.650] uaa - 19013 [http-nio-127.0.0.1-8989-exec-3] .... DEBUG --- DispatcherServlet: DispatcherServlet with name 'spring' processing GET request for [/healthz]

2016-09-29T20:01:17.113275+00:00 05bf1627-ae2f-400c-b1ce-31973a9ff23f - - - [NXLOG@14506 bosh_deployment="cf-warden" bosh_job_name="uaa_z1" bosh_job_index="0" filename="/var/vcap/data/sys/log/uaa/uaa.log"] [2016-09-29 20:01:10.650] uaa - 19013 [http-nio-127.0.0.1-8989-exec-3] .... DEBUG --- DispatcherServlet: Last-Modified value for [/healthz] is: -1

2016-09-29T20:01:17.113351+00:00 05bf1627-ae2f-400c-b1ce-31973a9ff23f - - - [NXLOG@14506 bosh_deployment="cf-warden" bosh_job_name="uaa_z1" bosh_job_index="0" filename="/var/vcap/data/sys/log/uaa/uaa.log"] [2016-09-29 20:01:10.651] uaa - 19013 [http-nio-127.0.0.1-8989-exec-3] .... DEBUG --- RequestResponseBodyMethodProcessor: Written [ok

2016-09-29T20:01:17.113427+00:00 05bf1627-ae2f-400c-b1ce-31973a9ff23f - - - [NXLOG@14506 bosh_deployment="cf-warden" bosh_job_name="uaa_z1" bosh_job_index="0" filename="/var/vcap/data/sys/log/uaa/uaa.log"] ] as "text/plain;charset=ISO-8859-1" using [org.springframework.http.converter.StringHttpMessageConverter@178b2baf]

2016-09-29T20:01:17.113442+00:00 05bf1627-ae2f-400c-b1ce-31973a9ff23f - - - [NXLOG@14506 bosh_deployment="cf-warden" bosh_job_name="uaa_z1" bosh_job_index="0" filename="/var/vcap/data/sys/log/uaa/uaa.log"] [2016-09-29 20:01:10.651] uaa - 19013 [http-nio-127.0.0.1-8989-exec-3] .... DEBUG --- DispatcherServlet: Null ModelAndView returned to DispatcherServlet with name 'spring': assuming HandlerAdapter completed request handling

2016-09-29T20:01:17.113452+00:00 05bf1627-ae2f-400c-b1ce-31973a9ff23f - - - [NXLOG@14506 bosh_deployment="cf-warden" bosh_job_name="uaa_z1" bosh_job_index="0" filename="/var/vcap/data/sys/log/uaa/uaa.log"] [2016-09-29 20:01:10.651] uaa - 19013 [http-nio-127.0.0.1-8989-exec-3] .... DEBUG --- DispatcherServlet: Successfully completed request

2016-09-29T20:01:17.113462+00:00 05bf1627-ae2f-400c-b1ce-31973a9ff23f - - - [NXLOG@14506 bosh_deployment="cf-warden" bosh_job_name="uaa_z1" bosh_job_index="0" filename="/var/vcap/data/sys/log/uaa/uaa.log"] [2016-09-29 20:01:10.818] uaa - 19013 [http-nio-127.0.0.1-8989-exec-1] .... DEBUG --- AntPathRequestMatcher: Checking match of request : '/healthz'; against '/resources/**'

2016-09-29T20:01:17.113505+00:00 05bf1627-ae2f-400c-b1ce-31973a9ff23f - - - [NXLOG@14506 bosh_deployment="cf-warden" bosh_job_name="uaa_z1" bosh_job_index="0" filename="/var/vcap/data/sys/log/uaa/uaa.log"] [2016-09-29 20:01:10.818] uaa - 19013 [http-nio-127.0.0.1-8989-exec-1] .... DEBUG --- AntPathRequestMatcher: Checking match of request : '/healthz'; against '/square-logo.png'

2016-09-29T20:01:17.113533+00:00 05bf1627-ae2f-400c-b1ce-31973a9ff23f - - - [NXLOG@14506 bosh_deployment="cf-warden" bosh_job_name="uaa_z1" bosh_job_index="0" filename="/var/vcap/data/sys/log/uaa/uaa.log"] [2016-09-29 20:01:10.818] uaa - 19013 [http-nio-127.0.0.1-8989-exec-1] .... DEBUG --- AntPathRequestMatcher: Checking match of request : '/healthz'; against '/info'

2016-09-29T20:01:17.113545+00:00 05bf1627-ae2f-400c-b1ce-31973a9ff23f - - - [NXLOG@14506 bosh_deployment="cf-warden" bosh_job_name="uaa_z1" bosh_job_index="0" filename="/var/vcap/data/sys/log/uaa/uaa.log"] [2016-09-29 20:01:10.818] uaa - 19013 [http-nio-127.0.0.1-8989-exec-1] .... DEBUG --- AntPathRequestMatcher: Checking match of request : '/healthz'; against '/password/**'

2016-09-29T20:01:17.113556+00:00 05bf1627-ae2f-400c-b1ce-31973a9ff23f - - - [NXLOG@14506 bosh_deployment="cf-warden" bosh_job_name="uaa_z1" bosh_job_index="0" filename="/var/vcap/data/sys/log/uaa/uaa.log"] [2016-09-29 20:01:10.818] uaa - 19013 [http-nio-127.0.0.1-8989-exec-1] .... DEBUG --- AntPathRequestMatcher: Checking match of request : '/healthz'; against '/healthz/**'

2016-09-29T20:01:17.113566+00:00 05bf1627-ae2f-400c-b1ce-31973a9ff23f - - - [NXLOG@14506 bosh_deployment="cf-warden" bosh_job_name="uaa_z1" bosh_job_index="0" filename="/var/vcap/data/sys/log/uaa/uaa.log"] [2016-09-29 20:01:10.818] uaa - 19013 [http-nio-127.0.0.1-8989-exec-1] .... DEBUG --- FilterChainProxy: /healthz has an empty filter list

2016-09-29T20:01:17.113642+00:00 05bf1627-ae2f-400c-b1ce-31973a9ff23f - - - [NXLOG@14506 bosh_deployment="cf-warden" bosh_job_name="uaa_z1" bosh_job_index="0" filename="/var/vcap/data/sys/log/uaa/uaa.log"] [2016-09-29 20:01:10.818] uaa - 19013 [http-nio-127.0.0.1-8989-exec-1] .... DEBUG --- DispatcherServlet: DispatcherServlet with name 'spring' processing GET request for [/healthz]

2016-09-29T20:01:17.113671+00:00 05bf1627-ae2f-400c-b1ce-31973a9ff23f - - - [NXLOG@14506 bosh_deployment="cf-warden" bosh_job_name="uaa_z1" bosh_job_index="0" filename="/var/vcap/data/sys/log/uaa/uaa.log"] [2016-09-29 20:01:10.818] uaa - 19013 [http-nio-127.0.0.1-8989-exec-1] .... DEBUG --- DispatcherServlet: Last-Modified value for [/healthz] is: -1

2016-09-29T20:01:17.113682+00:00 05bf1627-ae2f-400c-b1ce-31973a9ff23f - - - [NXLOG@14506 bosh_deployment="cf-warden" bosh_job_name="uaa_z1" bosh_job_index="0" filename="/var/vcap/data/sys/log/uaa/uaa.log"] [2016-09-29 20:01:10.818] uaa - 19013 [http-nio-127.0.0.1-8989-exec-1] .... DEBUG --- RequestResponseBodyMethodProcessor: Written [ok

2016-09-29T20:01:17.113693+00:00 05bf1627-ae2f-400c-b1ce-31973a9ff23f - - - [NXLOG@14506 bosh_deployment="cf-warden" bosh_job_name="uaa_z1" bosh_job_index="0" filename="/var/vcap/data/sys/log/uaa/uaa.log"] ] as "text/plain;charset=ISO-8859-1" using [org.springframework.http.converter.StringHttpMessageConverter@178b2baf]

2016-09-29T20:01:17.113720+00:00 05bf1627-ae2f-400c-b1ce-31973a9ff23f - - - [NXLOG@14506 bosh_deployment="cf-warden" bosh_job_name="uaa_z1" bosh_job_index="0" filename="/var/vcap/data/sys/log/uaa/uaa.log"] [2016-09-29 20:01:10.818] uaa - 19013 [http-nio-127.0.0.1-8989-exec-1] .... DEBUG --- DispatcherServlet: Null ModelAndView returned to DispatcherServlet with name 'spring': assuming HandlerAdapter completed request handling

2016-09-29T20:01:17.113747+00:00 05bf1627-ae2f-400c-b1ce-31973a9ff23f - - - [NXLOG@14506 bosh_deployment="cf-warden" bosh_job_name="uaa_z1" bosh_job_index="0" filename="/var/vcap/data/sys/log/uaa/uaa.log"] [2016-09-29 20:01:10.818] uaa - 19013 [http-nio-127.0.0.1-8989-exec-1] .... DEBUG --- DispatcherServlet: Successfully completed request

2016-09-29T20:01:17.113773+00:00 05bf1627-ae2f-400c-b1ce-31973a9ff23f - - - [NXLOG@14506 bosh_deployment="cf-warden" bosh_job_name="uaa_z1" bosh_job_index="0" filename="/var/vcap/data/sys/log/uaa/uaa.log"] [2016-09-29 20:01:11.157] uaa - 19013 [pool-2-thread-1] .... DEBUG --- JdbcTemplate: Executing SQL query [select count(*) from oauth_client_details]

2016-09-29T20:01:17.113785+00:00 05bf1627-ae2f-400c-b1ce-31973a9ff23f - - - [NXLOG@14506 bosh_deployment="cf-warden" bosh_job_name="uaa_z1" bosh_job_index="0" filename="/var/vcap/data/sys/log/uaa/uaa.log"] [2016-09-29 20:01:11.158] uaa - 19013 [pool-2-thread-1] .... DEBUG --- JdbcTemplate: Executing SQL query [select count(*) from users]

2016-09-29T20:01:17.113811+00:00 05bf1627-ae2f-400c-b1ce-31973a9ff23f - - - [NXLOG@14506 bosh_deployment="cf-warden" bosh_job_name="uaa_z1" bosh_job_index="0" filename="/var/vcap/data/sys/log/uaa/uaa.log"] [2016-09-29 20:01:14.817] uaa - 19013 [http-nio-127.0.0.1-8989-exec-6] .... DEBUG --- AntPathRequestMatcher: Checking match of request : '/healthz'; against '/resources/**'

2016-09-29T20:01:17.113823+00:00 05bf1627-ae2f-400c-b1ce-31973a9ff23f - - - [NXLOG@14506 bosh_deployment="cf-warden" bosh_job_name="uaa_z1" bosh_job_index="0" filename="/var/vcap/data/sys/log/uaa/uaa.log"] [2016-09-29 20:01:14.817] uaa - 19013 [http-nio-127.0.0.1-8989-exec-6] .... DEBUG --- AntPathRequestMatcher: Checking match of request : '/healthz'; against '/square-logo.png'

2016-09-29T20:01:17.113848+00:00 05bf1627-ae2f-400c-b1ce-31973a9ff23f - - - [NXLOG@14506 bosh_deployment="cf-warden" bosh_job_name="uaa_z1" bosh_job_index="0" filename="/var/vcap/data/sys/log/uaa/uaa.log"] [2016-09-29 20:01:14.817] uaa - 19013 [http-nio-127.0.0.1-8989-exec-6] .... DEBUG --- AntPathRequestMatcher: Checking match of request : '/healthz'; against '/info'

2016-09-29T20:01:17.113875+00:00 05bf1627-ae2f-400c-b1ce-31973a9ff23f - - - [NXLOG@14506 bosh_deployment="cf-warden" bosh_job_name="uaa_z1" bosh_job_index="0" filename="/var/vcap/data/sys/log/uaa/uaa.log"] [2016-09-29 20:01:14.817] uaa - 19013 [http-nio-127.0.0.1-8989-exec-6] .... DEBUG --- AntPathRequestMatcher: Checking match of request : '/healthz'; against '/password/**'

2016-09-29T20:01:17.113887+00:00 05bf1627-ae2f-400c-b1ce-31973a9ff23f - - - [NXLOG@14506 bosh_deployment="cf-warden" bosh_job_name="uaa_z1" bosh_job_index="0" filename="/var/vcap/data/sys/log/uaa/uaa.log"] [2016-09-29 20:01:14.817] uaa - 19013 [http-nio-127.0.0.1-8989-exec-6] .... DEBUG --- AntPathRequestMatcher: Checking match of request : '/healthz'; against '/healthz/**'

2016-09-29T20:01:17.113897+00:00 05bf1627-ae2f-400c-b1ce-31973a9ff23f - - - [NXLOG@14506 bosh_deployment="cf-warden" bosh_job_name="uaa_z1" bosh_job_index="0" filename="/var/vcap/data/sys/log/uaa/uaa.log"] [2016-09-29 20:01:14.817] uaa - 19013 [http-nio-127.0.0.1-8989-exec-6] .... DEBUG --- FilterChainProxy: /healthz has an empty filter list

2016-09-29T20:01:17.113924+00:00 05bf1627-ae2f-400c-b1ce-31973a9ff23f - - - [NXLOG@14506 bosh_deployment="cf-warden" bosh_job_name="uaa_z1" bosh_job_index="0" filename="/var/vcap/data/sys/log/uaa/uaa.log"] [2016-09-29 20:01:14.817] uaa - 19013 [http-nio-127.0.0.1-8989-exec-6] .... DEBUG --- DispatcherServlet: DispatcherServlet with name 'spring' processing GET request for [/healthz]

2016-09-29T20:01:17.113946+00:00 05bf1627-ae2f-400c-b1ce-31973a9ff23f - - - [NXLOG@14506 bosh_deployment="cf-warden" bosh_job_name="uaa_z1" bosh_job_index="0" filename="/var/vcap/data/sys/log/uaa/uaa.log"] [2016-09-29 20:01:14.817] uaa - 19013 [http-nio-127.0.0.1-8989-exec-6] .... DEBUG --- DispatcherServlet: Last-Modified value for [/healthz] is: -1

2016-09-29T20:01:17.113957+00:00 05bf1627-ae2f-400c-b1ce-31973a9ff23f - - - [NXLOG@14506 bosh_deployment="cf-warden" bosh_job_name="uaa_z1" bosh_job_index="0" filename="/var/vcap/data/sys/log/uaa/uaa.log"] [2016-09-29 20:01:14.817] uaa - 19013 [http-nio-127.0.0.1-8989-exec-6] .... DEBUG --- RequestResponseBodyMethodProcessor: Written [ok

2016-09-29T20:01:17.114013+00:00 05bf1627-ae2f-400c-b1ce-31973a9ff23f - - - [NXLOG@14506 bosh_deployment="cf-warden" bosh_job_name="uaa_z1" bosh_job_index="0" filename="/var/vcap/data/sys/log/uaa/uaa.log"] ] as "text/plain;charset=ISO-8859-1" using [org.springframework.http.converter.StringHttpMessageConverter@178b2baf]

2016-09-29T20:01:17.114043+00:00 05bf1627-ae2f-400c-b1ce-31973a9ff23f - - - [NXLOG@14506 bosh_deployment="cf-warden" bosh_job_name="uaa_z1" bosh_job_index="0" filename="/var/vcap/data/sys/log/uaa/uaa.log"] [2016-09-29 20:01:14.817] uaa - 19013 [http-nio-127.0.0.1-8989-exec-6] .... DEBUG --- DispatcherServlet: Null ModelAndView returned to DispatcherServlet with name 'spring': assuming HandlerAdapter completed request handling

2016-09-29T20:01:17.114079+00:00 05bf1627-ae2f-400c-b1ce-31973a9ff23f - - - [NXLOG@14506 bosh_deployment="cf-warden" bosh_job_name="uaa_z1" bosh_job_index="0" filename="/var/vcap/data/sys/log/uaa/uaa.log"] [2016-09-29 20:01:14.817] uaa - 19013 [http-nio-127.0.0.1-8989-exec-6] .... DEBUG --- DispatcherServlet: Successfully completed request

2016-09-29T20:01:17.114139+00:00 05bf1627-ae2f-400c-b1ce-31973a9ff23f - - - [NXLOG@14506 bosh_deployment="cf-warden" bosh_job_name="uaa_z1" bosh_job_index="0" filename="/var/vcap/data/sys/log/uaa/uaa.log"] [2016-09-29 20:01:16.156] uaa - 19013 [pool-2-thread-1] .... DEBUG --- JdbcTemplate: Executing SQL query [select count(*) from oauth_client_details]

2016-09-29T20:01:17.114166+00:00 05bf1627-ae2f-400c-b1ce-31973a9ff23f - - - [NXLOG@14506 bosh_deployment="cf-warden" bosh_job_name="uaa_z1" bosh_job_index="0" filename="/var/vcap/data/sys/log/uaa/uaa.log"] [2016-09-29 20:01:16.158] uaa - 19013 [pool-2-thread-1] .... DEBUG --- JdbcTemplate: Executing SQL query [select count(*) from users]

2016-09-29T20:01:17.123422+00:00 b0fa19c0-86de-4447-a670-3f7adbd0b3c1 - - - [NXLOG@14506 bosh_deployment="cf-warden" bosh_job_name="api_z1" bosh_job_index="0" filename="/var/vcap/data/sys/log/cloud_controller_worker/cloud_controller_worker.log"] {"timestamp":1475179271.5738723,"message":"(0.000678s) SELECT * FROM \"delayed_jobs\" WHERE ((((\"run_at\" <= '2016-09-29 20:01:11.572610+0000') AND (\"locked_at\" IS NULL)) OR (\"locked_by\" = 'cc_global_worker.api_z1.0.1')) AND (\"failed_at\" IS NULL) AND (\"queue\" IN ('cc-generic'))) ORDER BY \"priority\" ASC, \"run_at\" ASC LIMIT 5","log_level":"debug2","source":"cc.background","data":{},"thread_id":47193737007380,"fiber_id":47193773841900,"process_id":15807,"file":"/var/vcap/packages/cloud_controller_ng/cloud_controller_ng/vendor/bundle/ruby/2.3.0/gems/sequel-4.29.0/lib/sequel/database/logging.rb","lineno":70,"method":"block in log_each"}

2016-09-29T20:01:17.123592+00:00 b0fa19c0-86de-4447-a670-3f7adbd0b3c1 - - - [NXLOG@14506 bosh_deployment="cf-warden" bosh_job_name="api_z1" bosh_job_index="0" filename="/var/vcap/data/sys/log/cloud_controller_worker/cloud_controller_worker.log"] {"timestamp":1475179276.6014364,"message":"(0.000713s) SELECT * FROM \"delayed_jobs\" WHERE ((((\"run_at\" <= '2016-09-29 20:01:16.600192+0000') AND (\"locked_at\" IS NULL)) OR (\"locked_by\" = 'cc_global_worker.api_z1.0.1')) AND (\"failed_at\" IS NULL) AND (\"queue\" IN ('cc-generic'))) ORDER BY \"priority\" ASC, \"run_at\" ASC LIMIT 5","log_level":"debug2","source":"cc.background","data":{},"thread_id":47193737007380,"fiber_id":47193773841900,"process_id":15807,"file":"/var/vcap/packages/cloud_controller_ng/cloud_controller_ng/vendor/bundle/ruby/2.3.0/gems/sequel-4.29.0/lib/sequel/database/logging.rb","lineno":70,"method":"block in log_each"}

2016-09-29T20:01:17.123647+00:00 b0fa19c0-86de-4447-a670-3f7adbd0b3c1 - - - [NXLOG@14506 bosh_deployment="cf-warden" bosh_job_name="api_z1" bosh_job_index="0" filename="/var/vcap/data/sys/log/nginx_cc/nginx.access.log"] api.bosh-lite.com - [29/Sep/2016:20:01:15 +0000] "GET /v2/syslog_drain_urls?batch_size=1000 HTTP/1.1" 200 326 "-" "Go-http-client/1.1" 10.244.0.146, 10.244.0.34, 10.244.0.22 vcap_request_id:734062df-159d-4a16-4cae-370c902195ca::92e15d09-a3ed-46d3-8c25-cf53d6a4134d response_time:0.005

2016-09-29T20:01:17.123739+00:00 b0fa19c0-86de-4447-a670-3f7adbd0b3c1 - - - [NXLOG@14506 bosh_deployment="cf-warden" bosh_job_name="api_z1" bosh_job_index="0" filename="/var/vcap/data/sys/log/nginx_cc/nginx.access.log"] 10.244.0.138 - [29/Sep/2016:20:01:17 +0000] "GET /v2/info HTTP/1.1" 200 802 "-" "monit/5.2.5" 10.244.0.138 vcap_request_id:7f60cc6d-b9b4-47f5-8f81-9493262be061 response_time:0.003

2016-09-29T20:01:17.123802+00:00 b0fa19c0-86de-4447-a670-3f7adbd0b3c1 - - - [NXLOG@14506 bosh_deployment="cf-warden" bosh_job_name="api_z1" bosh_job_index="0" filename="/var/vcap/data/sys/log/cloud_controller_ng/cloud_controller_ng.log"] {"timestamp":1475179267.9182143,"message":"(0.000603s) SELECT * FROM \"delayed_jobs\" WHERE ((((\"run_at\" <= '2016-09-29 20:01:07.917090+0000') AND (\"locked_at\" IS NULL)) OR (\"locked_by\" = 'cc_api_worker.api_z1.0.1')) AND (\"failed_at\" IS NULL) AND (\"queue\" IN ('cc-api_z1-0'))) ORDER BY \"priority\" ASC, \"run_at\" ASC LIMIT 5","log_level":"debug2","source":"cc.background","data":{},"thread_id":47452862460180,"fiber_id":47452899698480,"process_id":15587,"file":"/var/vcap/packages/cloud_controller_ng/cloud_controller_ng/vendor/bundle/ruby/2.3.0/gems/sequel-4.29.0/lib/sequel/database/logging.rb","lineno":70,"method":"block in log_each"}

2016-09-29T20:01:17.123861+00:00 b0fa19c0-86de-4447-a670-3f7adbd0b3c1 - - - [NXLOG@14506 bosh_deployment="cf-warden" bosh_job_name="api_z1" bosh_job_index="0" filename="/var/vcap/data/sys/log/cloud_controller_ng/cloud_controller_ng.log"] {"timestamp":1475179271.5739021,"message":"(0.000422s) SELECT * FROM \"delayed_jobs\" WHERE ((((\"run_at\" <= '2016-09-29 20:01:11.572852+0000') AND (\"locked_at\" IS NULL)) OR (\"locked_by\" = 'cc_api_worker.api_z1.0.2')) AND (\"failed_at\" IS NULL) AND (\"queue\" IN ('cc-api_z1-0'))) ORDER BY \"priority\" ASC, \"run_at\" ASC LIMIT 5","log_level":"debug2","source":"cc.background","data":{},"thread_id":47118928261380,"fiber_id":47118965175380,"process_id":15629,"file":"/var/vcap/packages/cloud_controller_ng/cloud_controller_ng/vendor/bundle/ruby/2.3.0/gems/sequel-4.29.0/lib/sequel/database/logging.rb","lineno":70,"method":"block in log_each"}

2016-09-29T20:01:17.123903+00:00 b0fa19c0-86de-4447-a670-3f7adbd0b3c1 - - - [NXLOG@14506 bosh_deployment="cf-warden" bosh_job_name="api_z1" bosh_job_index="0" filename="/var/vcap/data/sys/log/cloud_controller_ng/cloud_controller_ng.log"] {"timestamp":1475179272.9469957,"message":"(0.001171s) SELECT * FROM \"delayed_jobs\" WHERE ((((\"run_at\" <= '2016-09-29 20:01:12.944844+0000') AND (\"locked_at\" IS NULL)) OR (\"locked_by\" = 'cc_api_worker.api_z1.0.1')) AND (\"failed_at\" IS NULL) AND (\"queue\" IN ('cc-api_z1-0'))) ORDER BY \"priority\" ASC, \"run_at\" ASC LIMIT 5","log_level":"debug2","source":"cc.background","data":{},"thread_id":47452862460180,"fiber_id":47452899698480,"process_id":15587,"file":"/var/vcap/packages/cloud_controller_ng/cloud_controller_ng/vendor/bundle/ruby/2.3.0/gems/sequel-4.29.0/lib/sequel/database/logging.rb","lineno":70,"method":"block in log_each"}

2016-09-29T20:01:17.123958+00:00 b0fa19c0-86de-4447-a670-3f7adbd0b3c1 - - - [NXLOG@14506 bosh_deployment="cf-warden" bosh_job_name="api_z1" bosh_job_index="0" filename="/var/vcap/data/sys/log/cloud_controller_ng/cloud_controller_ng.log"] {"timestamp":1475179275.9101484,"message":"Statsd: cc.requests.outstanding:1|c","log_level":"debug","source":"statsd.client","data":{},"thread_id":47062185509080,"fiber_id":47062165012380,"process_id":15535,"file":"/var/vcap/packages/cloud_controller_ng/cloud_controller_ng/vendor/bundle/ruby/2.3.0/gems/statsd-ruby-1.2.1/lib/statsd.rb","lineno":254,"method":"send_to_socket"}

2016-09-29T20:01:17.124014+00:00 b0fa19c0-86de-4447-a670-3f7adbd0b3c1 - - - [NXLOG@14506 bosh_deployment="cf-warden" bosh_job_name="api_z1" bosh_job_index="0" filename="/var/vcap/data/sys/log/cloud_controller_ng/cloud_controller_ng.log"] {"timestamp":1475179275.9108946,"message":"Started GET \"/v2/syslog_drain_urls?batch_size=1000\" for user: , ip: 127.0.0.1 with vcap-request-id: 734062df-159d-4a16-4cae-370c902195ca::92e15d09-a3ed-46d3-8c25-cf53d6a4134d at 2016-09-29 20:01:15 UTC","log_level":"info","source":"cc.api","data":{},"thread_id":47062185509080,"fiber_id":47062165012380,"process_id":15535,"file":"/var/vcap/packages/cloud_controller_ng/cloud_controller_ng/middleware/request_logs.rb","lineno":12,"method":"call"}

2016-09-29T20:01:17.124058+00:00 b0fa19c0-86de-4447-a670-3f7adbd0b3c1 - - - [NXLOG@14506 bosh_deployment="cf-warden" bosh_job_name="api_z1" bosh_job_index="0" filename="/var/vcap/data/sys/log/cloud_controller_ng/cloud_controller_ng.log"] {"timestamp":1475179275.9114122,"message":"dispatch VCAP::CloudController::SyslogDrainUrlsController get /v2/syslog_drain_urls","log_level":"debug","source":"cc.api","data":{"request_guid":"734062df-159d-4a16-4cae-370c902195ca::92e15d09-a3ed-46d3-8c25-cf53d6a4134d"},"thread_id":47062185509080,"fiber_id":47062165012380,"process_id":15535,"file":"/var/vcap/data/packages/cloud_controller_ng/f87cb49aa2cd87792cb9c2211a79e1542502be4d.1-b1a5f3c830cb6c32ae9e685628b24aa967f5ae54/cloud_controller_ng/lib/cloud_controller/rest_controller/routes.rb","lineno":12,"method":"block in define_route"}

2016-09-29T20:01:17.124110+00:00 b0fa19c0-86de-4447-a670-3f7adbd0b3c1 - - - [NXLOG@14506 bosh_deployment="cf-warden" bosh_job_name="api_z1" bosh_job_index="0" filename="/var/vcap/data/sys/log/cloud_controller_ng/cloud_controller_ng.log"] {"timestamp":1475179275.9116201,"message":"parse_params: {\"batch_size\"=>\"1000\"} batch_size=1000","log_level":"debug","source":"cc.api","data":{"request_guid":"734062df-159d-4a16-4cae-370c902195ca::92e15d09-a3ed-46d3-8c25-cf53d6a4134d"},"thread_id":47062185509080,"fiber_id":47062165012380,"process_id":15535,"file":"/var/vcap/data/packages/cloud_controller_ng/f87cb49aa2cd87792cb9c2211a79e1542502be4d.1-b1a5f3c830cb6c32ae9e685628b24aa967f5ae54/cloud_controller_ng/lib/cloud_controller/rest_controller/common_params.rb","lineno":10,"method":"parse"}

2016-09-29T20:01:17.124164+00:00 b0fa19c0-86de-4447-a670-3f7adbd0b3c1 - - - [NXLOG@14506 bosh_deployment="cf-warden" bosh_job_name="api_z1" bosh_job_index="0" filename="/var/vcap/data/sys/log/cloud_controller_ng/cloud_controller_ng.log"] {"timestamp":1475179275.911739,"message":"cc.dispatch","log_level":"debug","source":"cc.api","data":{"request_guid":"734062df-159d-4a16-4cae-370c902195ca::92e15d09-a3ed-46d3-8c25-cf53d6a4134d","endpoint":"list","args":[]},"thread_id":47062185509080,"fiber_id":47062165012380,"process_id":15535,"file":"/var/vcap/data/packages/cloud_controller_ng/f87cb49aa2cd87792cb9c2211a79e1542502be4d.1-b1a5f3c830cb6c32ae9e685628b24aa967f5ae54/cloud_controller_ng/app/controllers/base/base_controller.rb","lineno":78,"method":"dispatch"}

2016-09-29T20:01:17.124208+00:00 b0fa19c0-86de-4447-a670-3f7adbd0b3c1 - - - [NXLOG@14506 bosh_deployment="cf-warden" bosh_job_name="api_z1" bosh_job_index="0" filename="/var/vcap/data/sys/log/cloud_controller_ng/cloud_controller_ng.log"] {"timestamp":1475179275.9132564,"message":"(0.000754s) SELECT \"apps\".\"guid\", string_agg(\"service_bindings\".\"syslog_drain_url\", ',') AS \"syslog_drain_urls\" FROM \"apps\" INNER JOIN \"service_bindings\" ON (\"service_bindings\".\"app_id\" = \"apps\".\"id\") WHERE ((syslog_drain_url IS NOT NULL) AND (syslog_drain_url != '')) GROUP BY \"apps\".\"guid\" UNION ALL (SELECT \"apps_v3\".\"guid\", string_agg(\"v3_service_bindings\".\"syslog_drain_url\", ',') AS \"syslog_drain_urls\" FROM \"apps_v3\" INNER JOIN \"v3_service_bindings\" ON (\"v3_service_bindings\".\"app_id\" = \"apps_v3\".\"id\") WHERE ((syslog_drain_url IS NOT NULL) AND (syslog_drain_url != '')) GROUP BY \"apps_v3\".\"guid\") ORDER BY \"guid\" LIMIT 1000 OFFSET 0","log_level":"debug2","source":"cc.db","data":{"request_guid":"734062df-159d-4a16-4cae-370c902195ca::92e15d09-a3ed-46d3-8c25-cf53d6a4134d"},"thread_id":47062185509080,"fiber_id":47062165012380,"process_id":15535,"file":"/var/vcap/packages/cloud_controller_ng/cloud_controller_ng/vendor/bundle/ruby/2.3.0/gems/sequel-4.29.0/lib/sequel/database/logging.rb","lineno":70,"method":"block in log_each"}

2016-09-29T20:01:17.124264+00:00 b0fa19c0-86de-4447-a670-3f7adbd0b3c1 - - - [NXLOG@14506 bosh_deployment="cf-warden" bosh_job_name="api_z1" bosh_job_index="0" filename="/var/vcap/data/sys/log/cloud_controller_ng/cloud_controller_ng.log"] {"timestamp":1475179275.9136267,"message":"Completed 200 vcap-request-id: 734062df-159d-4a16-4cae-370c902195ca::92e15d09-a3ed-46d3-8c25-cf53d6a4134d","log_level":"info","source":"cc.api","data":{},"thread_id":47062185509080,"fiber_id":47062165012380,"process_id":15535,"file":"/var/vcap/packages/cloud_controller_ng/cloud_controller_ng/middleware/request_logs.rb","lineno":24,"method":"call"}

2016-09-29T20:01:17.124321+00:00 b0fa19c0-86de-4447-a670-3f7adbd0b3c1 - - - [NXLOG@14506 bosh_deployment="cf-warden" bosh_job_name="api_z1" bosh_job_index="0" filename="/var/vcap/data/sys/log/cloud_controller_ng/cloud_controller_ng.log"] {"timestamp":1475179275.913751,"message":"Statsd: cc.requests.outstanding:-1|c\ncc.requests.completed:1|c\ncc.http_status.2XX:1|c","log_level":"debug","source":"statsd.client","data":{},"thread_id":47062185509080,"fiber_id":47062165012380,"process_id":15535,"file":"/var/vcap/packages/cloud_controller_ng/cloud_controller_ng/vendor/bundle/ruby/2.3.0/gems/statsd-ruby-1.2.1/lib/statsd.rb","lineno":254,"method":"send_to_socket"}

2016-09-29T20:01:17.124362+00:00 b0fa19c0-86de-4447-a670-3f7adbd0b3c1 - - - [NXLOG@14506 bosh_deployment="cf-warden" bosh_job_name="api_z1" bosh_job_index="0" filename="/var/vcap/data/sys/log/cloud_controller_ng/cloud_controller_ng.log"] {"timestamp":1475179276.6072705,"message":"(0.000569s) SELECT * FROM \"delayed_jobs\" WHERE ((((\"run_at\" <= '2016-09-29 20:01:16.606115+0000') AND (\"locked_at\" IS NULL)) OR (\"locked_by\" = 'cc_api_worker.api_z1.0.2')) AND (\"failed_at\" IS NULL) AND (\"queue\" IN ('cc-api_z1-0'))) ORDER BY \"priority\" ASC, \"run_at\" ASC LIMIT 5","log_level":"debug2","source":"cc.background","data":{},"thread_id":47118928261380,"fiber_id":47118965175380,"process_id":15629,"file":"/var/vcap/packages/cloud_controller_ng/cloud_controller_ng/vendor/bundle/ruby/2.3.0/gems/sequel-4.29.0/lib/sequel/database/logging.rb","lineno":70,"method":"block in log_each"}

2016-09-29T20:01:17.124416+00:00 b0fa19c0-86de-4447-a670-3f7adbd0b3c1 - - - [NXLOG@14506 bosh_deployment="cf-warden" bosh_job_name="api_z1" bosh_job_index="0" filename="/var/vcap/data/sys/log/cloud_controller_ng/cloud_controller_ng.log"] {"timestamp":1475179277.047886,"message":"Statsd: cc.requests.outstanding:1|c","log_level":"debug","source":"statsd.client","data":{},"thread_id":47062185510360,"fiber_id":47062169423560,"process_id":15535,"file":"/var/vcap/packages/cloud_controller_ng/cloud_controller_ng/vendor/bundle/ruby/2.3.0/gems/statsd-ruby-1.2.1/lib/statsd.rb","lineno":254,"method":"send_to_socket"}

2016-09-29T20:01:17.124461+00:00 b0fa19c0-86de-4447-a670-3f7adbd0b3c1 - - - [NXLOG@14506 bosh_deployment="cf-warden" bosh_job_name="api_z1" bosh_job_index="0" filename="/var/vcap/data/sys/log/cloud_controller_ng/cloud_controller_ng.log"] {"timestamp":1475179277.0484781,"message":"Started GET \"/v2/info\" for user: , ip: 127.0.0.1 with vcap-request-id: 7f60cc6d-b9b4-47f5-8f81-9493262be061 at 2016-09-29 20:01:17 UTC","log_level":"info","source":"cc.api","data":{},"thread_id":47062185510360,"fiber_id":47062169423560,"process_id":15535,"file":"/var/vcap/packages/cloud_controller_ng/cloud_controller_ng/middleware/request_logs.rb","lineno":12,"method":"call"}

2016-09-29T20:01:17.124474+00:00 b0fa19c0-86de-4447-a670-3f7adbd0b3c1 - - - [NXLOG@14506 bosh_deployment="cf-warden" bosh_job_name="api_z1" bosh_job_index="0" filename="/var/vcap/data/sys/log/cloud_controller_ng/cloud_controller_ng.log"] {"timestamp":1475179277.0491505,"message":"dispatch VCAP::CloudController::InfoController get /v2/info","log_level":"debug","source":"cc.api","data":{"request_guid":"7f60cc6d-b9b4-47f5-8f81-9493262be061"},"thread_id":47062185510360,"fiber_id":47062169423560,"process_id":15535,"file":"/var/vcap/data/packages/cloud_controller_ng/f87cb49aa2cd87792cb9c2211a79e1542502be4d.1-b1a5f3c830cb6c32ae9e685628b24aa967f5ae54/cloud_controller_ng/lib/cloud_controller/rest_controller/routes.rb","lineno":12,"method":"block in define_route"}

2016-09-29T20:01:17.124740+00:00 b0fa19c0-86de-4447-a670-3f7adbd0b3c1 - - - [NXLOG@14506 bosh_deployment="cf-warden" bosh_job_name="api_z1" bosh_job_index="0" filename="/var/vcap/data/sys/log/cloud_controller_ng/cloud_controller_ng.log"] {"timestamp":1475179277.0493639,"message":"parse_params: {} ","log_level":"debug","source":"cc.api","data":{"request_guid":"7f60cc6d-b9b4-47f5-8f81-9493262be061"},"thread_id":47062185510360,"fiber_id":47062169423560,"process_id":15535,"file":"/var/vcap/data/packages/cloud_controller_ng/f87cb49aa2cd87792cb9c2211a79e1542502be4d.1-b1a5f3c830cb6c32ae9e685628b24aa967f5ae54/cloud_controller_ng/lib/cloud_controller/rest_controller/common_params.rb","lineno":10,"method":"parse"}

2016-09-29T20:01:17.124821+00:00 b0fa19c0-86de-4447-a670-3f7adbd0b3c1 - - - [NXLOG@14506 bosh_deployment="cf-warden" bosh_job_name="api_z1" bosh_job_index="0" filename="/var/vcap/data/sys/log/cloud_controller_ng/cloud_controller_ng.log"] {"timestamp":1475179277.0495408,"message":"cc.dispatch","log_level":"debug","source":"cc.api","data":{"request_guid":"7f60cc6d-b9b4-47f5-8f81-9493262be061","endpoint":"read","args":[]},"thread_id":47062185510360,"fiber_id":47062169423560,"process_id":15535,"file":"/var/vcap/data/packages/cloud_controller_ng/f87cb49aa2cd87792cb9c2211a79e1542502be4d.1-b1a5f3c830cb6c32ae9e685628b24aa967f5ae54/cloud_controller_ng/app/controllers/base/base_controller.rb","lineno":78,"method":"dispatch"}

2016-09-29T20:01:17.124839+00:00 b0fa19c0-86de-4447-a670-3f7adbd0b3c1 - - - [NXLOG@14506 bosh_deployment="cf-warden" bosh_job_name="api_z1" bosh_job_index="0" filename="/var/vcap/data/sys/log/cloud_controller_ng/cloud_controller_ng.log"] {"timestamp":1475179277.0498383,"message":"Completed 200 vcap-request-id: 7f60cc6d-b9b4-47f5-8f81-9493262be061","log_level":"info","source":"cc.api","data":{},"thread_id":47062185510360,"fiber_id":47062169423560,"process_id":15535,"file":"/var/vcap/packages/cloud_controller_ng/cloud_controller_ng/middleware/request_logs.rb","lineno":24,"method":"call"}

2016-09-29T20:01:17.124851+00:00 b0fa19c0-86de-4447-a670-3f7adbd0b3c1 - - - [NXLOG@14506 bosh_deployment="cf-warden" bosh_job_name="api_z1" bosh_job_index="0" filename="/var/vcap/data/sys/log/cloud_controller_ng/cloud_controller_ng.log"] {"timestamp":1475179277.0500655,"message":"Statsd: cc.requests.outstanding:-1|c\ncc.requests.completed:1|c\ncc.http_status.2XX:1|c","log_level":"debug","source":"statsd.client","data":{},"thread_id":47062185510360,"fiber_id":47062169423560,"process_id":15535,"file":"/var/vcap/packages/cloud_controller_ng/cloud_controller_ng/vendor/bundle/ruby/2.3.0/gems/statsd-ruby-1.2.1/lib/statsd.rb","lineno":254,"method":"send_to_socket"}

2016-09-29T20:01:26.970835+00:00 bfc626ef-a2eb-4bad-8f71-fa1d6d0f927f - - - [NXLOG@14506 bosh_deployment="cf-warden" bosh_job_name="loggregator_trafficcontroller_z1" bosh_job_index="0" filename="/var/vcap/data/sys/log/route_registrar/route_registrar.stdout.log"] {"timestamp":"1475179286.733104467","source":"Route Registrar","message":"Route Registrar.no healthchecker found for route","log_level":1,"data":{"route":{"Name":"doppler","Port":8081,"Tags":null,"URIs":["doppler.bosh-lite.com"],"RouteServiceUrl":"","RegistrationInterval":20000000000,"HealthCheck":null}}}

2016-09-29T20:01:26.971011+00:00 bfc626ef-a2eb-4bad-8f71-fa1d6d0f927f - - - [NXLOG@14506 bosh_deployment="cf-warden" bosh_job_name="loggregator_trafficcontroller_z1" bosh_job_index="0" filename="/var/vcap/data/sys/log/route_registrar/route_registrar.stdout.log"] {"timestamp":"1475179286.733186007","source":"Route Registrar","message":"Route Registrar.Registering route","log_level":1,"data":{"route":{"Name":"doppler","Port":8081,"Tags":null,"URIs":["doppler.bosh-lite.com"],"RouteServiceUrl":"","RegistrationInterval":20000000000,"HealthCheck":null}}}

2016-09-29T20:01:26.971046+00:00 bfc626ef-a2eb-4bad-8f71-fa1d6d0f927f - - - [NXLOG@14506 bosh_deployment="cf-warden" bosh_job_name="loggregator_trafficcontroller_z1" bosh_job_index="0" filename="/var/vcap/data/sys/log/route_registrar/route_registrar.stdout.log"] {"timestamp":"1475179286.733243704","source":"Route Registrar","message":"Route Registrar.Registered routes successfully","log_level":1,"data":{}}

2016-09-29T20:01:26.971073+00:00 bfc626ef-a2eb-4bad-8f71-fa1d6d0f927f - - - [NXLOG@14506 bosh_deployment="cf-warden" bosh_job_name="loggregator_trafficcontroller_z1" bosh_job_index="0" filename="/var/vcap/data/sys/log/route_registrar/route_registrar.stdout.log"] {"timestamp":"1475179286.733260393","source":"Route Registrar","message":"Route Registrar.no healthchecker found for route","log_level":1,"data":{"route":{"Name":"loggregator","Port":8080,"Tags":null,"URIs":["loggregator.bosh-lite.com"],"RouteServiceUrl":"","RegistrationInterval":20000000000,"HealthCheck":null}}}

2016-09-29T20:01:26.971099+00:00 bfc626ef-a2eb-4bad-8f71-fa1d6d0f927f - - - [NXLOG@14506 bosh_deployment="cf-warden" bosh_job_name="loggregator_trafficcontroller_z1" bosh_job_index="0" filename="/var/vcap/data/sys/log/route_registrar/route_registrar.stdout.log"] {"timestamp":"1475179286.733290911","source":"Route Registrar","message":"Route Registrar.Registering route","log_level":1,"data":{"route":{"Name":"loggregator","Port":8080,"Tags":null,"URIs":["loggregator.bosh-lite.com"],"RouteServiceUrl":"","RegistrationInterval":20000000000,"HealthCheck":null}}}

2016-09-29T20:01:26.971124+00:00 bfc626ef-a2eb-4bad-8f71-fa1d6d0f927f - - - [NXLOG@14506 bosh_deployment="cf-warden" bosh_job_name="loggregator_trafficcontroller_z1" bosh_job_index="0" filename="/var/vcap/data/sys/log/route_registrar/route_registrar.stdout.log"] {"timestamp":"1475179286.733332634","source":"Route Registrar","message":"Route Registrar.Registered routes successfully","log_level":1,"data":{}}

2016-09-29T20:01:26.977689+00:00 fc52b791-0068-48d0-b63d-a9600b8fa32e - - - [NXLOG@14506 bosh_deployment="cf-warden" bosh_job_name="runner_z1" bosh_job_index="0" filename="/var/vcap/data/sys/log/dea_next/dea_next.log"] {"timestamp":1475179281.758834,"message":"hm9000.heartbeat.sending","log_level":"debug","source":"Dea::Bootstrap","data":{"destination":"https://listener-hm9000.service.cf.internal:5335/dea/heartbeat"},"thread_id":47241037142420,"fiber_id":47241050325380,"process_id":6941,"file":"/var/vcap/packages/dea_next/lib/dea/utils/hm9000.rb","lineno":29,"method":"send_heartbeat"}

2016-09-29T20:01:26.977835+00:00 fc52b791-0068-48d0-b63d-a9600b8fa32e - - - [NXLOG@14506 bosh_deployment="cf-warden" bosh_job_name="runner_z1" bosh_job_index="0" filename="/var/vcap/data/sys/log/dea_next/dea_next.log"] {"timestamp":1475179281.760509,"message":"hm9000.heartbeat.accepted","log_level":"debug","source":"Dea::Bootstrap","data":{},"thread_id":47241050155280,"fiber_id":47241050574880,"process_id":6941,"file":"/var/vcap/packages/dea_next/lib/dea/utils/hm9000.rb","lineno":49,"method":"handle_http_response"}

2016-09-29T20:01:27.110544+00:00 152ab062-1f32-4789-910a-13bdc79651b2 - - - [NXLOG@14506 bosh_deployment="cf-warden" bosh_job_name="hm9000_z1" bosh_job_index="0" filename="/var/vcap/data/sys/log/hm9000/hm9000_listener.log"] {"timestamp":"1475179281.759932041","source":"listener","message":"listener.Received a heartbeat","log_level":1,"data":{"Heartbeats Pending Save":"1"}}

2016-09-29T20:01:27.110955+00:00 05bf1627-ae2f-400c-b1ce-31973a9ff23f - - - [NXLOG@14506 bosh_deployment="cf-warden" bosh_job_name="uaa_z1" bosh_job_index="0" filename="/var/vcap/data/sys/log/uaa/localhost_access.log"] 127.0.0.1 - - [29/Sep/2016:20:01:10 +0000] "GET /healthz HTTP/1.1" 200 3

2016-09-29T20:01:27.111211+00:00 05bf1627-ae2f-400c-b1ce-31973a9ff23f - - - [NXLOG@14506 bosh_deployment="cf-warden" bosh_job_name="uaa_z1" bosh_job_index="0" filename="/var/vcap/data/sys/log/uaa/localhost_access.log"] 127.0.0.1 - - [29/Sep/2016:20:01:10 +0000] "GET /healthz HTTP/1.1" 200 3

2016-09-29T20:01:27.111359+00:00 05bf1627-ae2f-400c-b1ce-31973a9ff23f - - - [NXLOG@14506 bosh_deployment="cf-warden" bosh_job_name="uaa_z1" bosh_job_index="0" filename="/var/vcap/data/sys/log/uaa/localhost_access.log"] 127.0.0.1 - - [29/Sep/2016:20:01:14 +0000] "GET /healthz HTTP/1.1" 200 3

2016-09-29T20:01:27.111429+00:00 05bf1627-ae2f-400c-b1ce-31973a9ff23f - - - [NXLOG@14506 bosh_deployment="cf-warden" bosh_job_name="uaa_z1" bosh_job_index="0" filename="/var/vcap/data/sys/log/route_registrar/route_registrar.stdout.log"] {"timestamp":"1475179278.808191061","source":"Route Registrar","message":"Route Registrar.Executing script","log_level":1,"data":{"scriptPath":"/var/vcap/jobs/uaa/bin/health_check"}}

2016-09-29T20:01:27.111485+00:00 05bf1627-ae2f-400c-b1ce-31973a9ff23f - - - [NXLOG@14506 bosh_deployment="cf-warden" bosh_job_name="uaa_z1" bosh_job_index="0" filename="/var/vcap/data/sys/log/route_registrar/route_registrar.stdout.log"] {"timestamp":"1475179278.819481134","source":"Route Registrar","message":"Route Registrar.Script exited without error","log_level":1,"data":{"script":"/var/vcap/jobs/uaa/bin/health_check","stderr":"  % Total    % Received % Xferd  Average Speed   Time    Time     Time  Current\n                                 Dload  Upload   Total   Spent    Left  Speed\n\r  0     0    0     0    0     0      0      0 --:--:-- --:--:-- --:--:--     0\r100     3  100     3    0     0   2413      0 --:--:-- --:--:-- --:--:--  3000\n","stdout":""}}

2016-09-29T20:01:36.978150+00:00 fc52b791-0068-48d0-b63d-a9600b8fa32e - - - [NXLOG@14506 bosh_deployment="cf-warden" bosh_job_name="runner_z1" bosh_job_index="0" filename="/var/vcap/data/sys/log/dea_next/dea_next.log"] {"timestamp":1475179291.7567785,"message":"hm9000.heartbeat.sending","log_level":"debug","source":"Dea::Bootstrap","data":{"destination":"https://listener-hm9000.service.cf.internal:5335/dea/heartbeat"},"thread_id":47241037142420,"fiber_id":47241050325380,"process_id":6941,"file":"/var/vcap/packages/dea_next/lib/dea/utils/hm9000.rb","lineno":29,"method":"send_heartbeat"}

2016-09-29T20:01:36.978339+00:00 fc52b791-0068-48d0-b63d-a9600b8fa32e - - - [NXLOG@14506 bosh_deployment="cf-warden" bosh_job_name="runner_z1" bosh_job_index="0" filename="/var/vcap/data/sys/log/dea_next/dea_next.log"] {"timestamp":1475179291.7596948,"message":"hm9000.heartbeat.accepted","log_level":"debug","source":"Dea::Bootstrap","data":{},"thread_id":47241050155580,"fiber_id":47241050513920,"process_id":6941,"file":"/var/vcap/packages/dea_next/lib/dea/utils/hm9000.rb","lineno":49,"method":"handle_http_response"}

2016-09-29T20:01:36.978380+00:00 fc52b791-0068-48d0-b63d-a9600b8fa32e - - - [NXLOG@14506 bosh_deployment="cf-warden" bosh_job_name="runner_z1" bosh_job_index="0" filename="/var/vcap/data/sys/log/dea_next/dea_next.log"] {"timestamp":1475179296.1051977,"message":"Reaping orphaned containers","log_level":"debug","source":"Dea::Bootstrap","data":{},"thread_id":47241037142420,"fiber_id":47241050325380,"process_id":6941,"file":"/var/vcap/packages/dea_next/lib/dea/bootstrap.rb","lineno":236,"method":"reap_orphaned_containers"}

2016-09-29T20:01:37.110684+00:00 f0562343-642f-42d4-aca5-293abe675815 - - - [NXLOG@14506 bosh_deployment="cf-warden" bosh_job_name="blobstore_z1" bosh_job_index="0" filename="/var/vcap/data/sys/log/route_registrar/route_registrar.stdout.log"] {"timestamp":"1475179288.513010025","source":"Route Registrar","message":"Route Registrar.no healthchecker found for route","log_level":1,"data":{"route":{"Name":"blobstore","Port":80,"Tags":{"component":"blobstore"},"URIs":["blobstore.bosh-lite.com"],"RouteServiceUrl":"","RegistrationInterval":20000000000,"HealthCheck":null}}}

2016-09-29T20:01:37.110820+00:00 f0562343-642f-42d4-aca5-293abe675815 - - - [NXLOG@14506 bosh_deployment="cf-warden" bosh_job_name="blobstore_z1" bosh_job_index="0" filename="/var/vcap/data/sys/log/route_registrar/route_registrar.stdout.log"] {"timestamp":"1475179288.513079882","source":"Route Registrar","message":"Route Registrar.Registering route","log_level":1,"data":{"route":{"Name":"blobstore","Port":80,"Tags":{"component":"blobstore"},"URIs":["blobstore.bosh-lite.com"],"RouteServiceUrl":"","RegistrationInterval":20000000000,"HealthCheck":null}}}

2016-09-29T20:01:37.110878+00:00 f0562343-642f-42d4-aca5-293abe675815 - - - [NXLOG@14506 bosh_deployment="cf-warden" bosh_job_name="blobstore_z1" bosh_job_index="0" filename="/var/vcap/data/sys/log/route_registrar/route_registrar.stdout.log"] {"timestamp":"1475179288.513163567","source":"Route Registrar","message":"Route Registrar.Registered routes successfully","log_level":1,"data":{}}

2016-09-29T20:01:37.111145+00:00 152ab062-1f32-4789-910a-13bdc79651b2 - - - [NXLOG@14506 bosh_deployment="cf-warden" bosh_job_name="hm9000_z1" bosh_job_index="0" filename="/var/vcap/data/sys/log/hm9000/hm9000_listener.log"] {"timestamp":"1475179291.758532286","source":"listener","message":"listener.Received a heartbeat","log_level":1,"data":{"Heartbeats Pending Save":"1"}}

2016-09-29T20:01:37.111264+00:00 152ab062-1f32-4789-910a-13bdc79651b2 - - - [NXLOG@14506 bosh_deployment="cf-warden" bosh_job_name="hm9000_z1" bosh_job_index="0" filename="/var/vcap/data/sys/log/hm9000/hm9000_listener.log"] {"timestamp":"1475179291.817643166","source":"listener","message":"listener.Saving Heartbeats","log_level":1,"data":{"Heartbeats to Save":"1"}}

2016-09-29T20:01:37.111310+00:00 152ab062-1f32-4789-910a-13bdc79651b2 - - - [NXLOG@14506 bosh_deployment="cf-warden" bosh_job_name="hm9000_z1" bosh_job_index="0" filename="/var/vcap/data/sys/log/hm9000/hm9000_listener.log"] {"timestamp":"1475179291.825114727","source":"listener","message":"listener.Bumped freshness","log_level":1,"data":{}}

2016-09-29T20:01:37.111350+00:00 152ab062-1f32-4789-910a-13bdc79651b2 - - - [NXLOG@14506 bosh_deployment="cf-warden" bosh_job_name="hm9000_z1" bosh_job_index="0" filename="/var/vcap/data/sys/log/hm9000/hm9000_listener.log"] {"timestamp":"1475179291.825160265","source":"listener","message":"listener.Saved Heartbeats","log_level":1,"data":{"Duration":"7.409489ms","Heartbeats to Save":"1"}}

2016-09-29T20:01:37.114246+00:00 05bf1627-ae2f-400c-b1ce-31973a9ff23f - - - [NXLOG@14506 bosh_deployment="cf-warden" bosh_job_name="uaa_z1" bosh_job_index="0" filename="/var/vcap/data/sys/log/uaa/localhost_access.log"] 127.0.0.1 - - [29/Sep/2016:20:01:18 +0000] "GET /healthz HTTP/1.1" 200 3

2016-09-29T20:01:37.114387+00:00 05bf1627-ae2f-400c-b1ce-31973a9ff23f - - - [NXLOG@14506 bosh_deployment="cf-warden" bosh_job_name="uaa_z1" bosh_job_index="0" filename="/var/vcap/data/sys/log/uaa/localhost_access.log"] 127.0.0.1 - - [29/Sep/2016:20:01:20 +0000] "GET /healthz HTTP/1.1" 200 3

2016-09-29T20:01:37.114448+00:00 05bf1627-ae2f-400c-b1ce-31973a9ff23f - - - [NXLOG@14506 bosh_deployment="cf-warden" bosh_job_name="uaa_z1" bosh_job_index="0" filename="/var/vcap/data/sys/log/uaa/localhost_access.log"] 127.0.0.1 - - [29/Sep/2016:20:01:22 +0000] "GET /healthz HTTP/1.1" 200 3

2016-09-29T20:01:37.114488+00:00 05bf1627-ae2f-400c-b1ce-31973a9ff23f - - - [NXLOG@14506 bosh_deployment="cf-warden" bosh_job_name="uaa_z1" bosh_job_index="0" filename="/var/vcap/data/sys/log/uaa/localhost_access.log"] 127.0.0.1 - - [29/Sep/2016:20:01:26 +0000] "GET /healthz HTTP/1.1" 200 3

2016-09-29T20:01:37.114524+00:00 05bf1627-ae2f-400c-b1ce-31973a9ff23f - - - [NXLOG@14506 bosh_deployment="cf-warden" bosh_job_name="uaa_z1" bosh_job_index="0" filename="/var/vcap/data/sys/log/route_registrar/route_registrar.stdout.log"] {"timestamp":"1475179290.810866833","source":"Route Registrar","message":"Route Registrar.Executing script","log_level":1,"data":{"scriptPath":"/var/vcap/jobs/uaa/bin/health_check"}}

2016-09-29T20:01:37.114572+00:00 05bf1627-ae2f-400c-b1ce-31973a9ff23f - - - [NXLOG@14506 bosh_deployment="cf-warden" bosh_job_name="uaa_z1" bosh_job_index="0" filename="/var/vcap/data/sys/log/route_registrar/route_registrar.stdout.log"] {"timestamp":"1475179290.823675871","source":"Route Registrar","message":"Route Registrar.Script exited without error","log_level":1,"data":{"script":"/var/vcap/jobs/uaa/bin/health_check","stderr":"  % Total    % Received % Xferd  Average Speed   Time    Time     Time  Current\n                                 Dload  Upload   Total   Spent    Left  Speed\n\r  0     0    0     0    0     0      0      0 --:--:-- --:--:-- --:--:--     0\r100     3  100     3    0     0   1014      0 --:--:-- --:--:-- --:--:--  1500\n","stdout":""}}

2016-09-29T20:01:37.114650+00:00 05bf1627-ae2f-400c-b1ce-31973a9ff23f - - - [NXLOG@14506 bosh_deployment="cf-warden" bosh_job_name="uaa_z1" bosh_job_index="0" filename="/var/vcap/data/sys/log/route_registrar/route_registrar.stdout.log"] {"timestamp":"1475179290.823750257","source":"Route Registrar","message":"Route Registrar.healthchecker returned healthy for route","log_level":1,"data":{"route":{"Name":"uaa","Port":8080,"Tags":{"component":"uaa"},"URIs":["uaa.bosh-lite.com","*.uaa.bosh-lite.com","login.bosh-lite.com","*.login.bosh-lite.com"],"RouteServiceUrl":"","RegistrationInterval":4000000000,"HealthCheck":{"Name":"uaa-healthcheck","ScriptPath":"/var/vcap/jobs/uaa/bin/health_check","Timeout":2000000000}}}}

2016-09-29T20:01:37.114740+00:00 05bf1627-ae2f-400c-b1ce-31973a9ff23f - - - [NXLOG@14506 bosh_deployment="cf-warden" bosh_job_name="uaa_z1" bosh_job_index="0" filename="/var/vcap/data/sys/log/route_registrar/route_registrar.stdout.log"] {"timestamp":"1475179290.823759556","source":"Route Registrar","message":"Route Registrar.Registering route","log_level":1,"data":{"route":{"Name":"uaa","Port":8080,"Tags":{"component":"uaa"},"URIs":["uaa.bosh-lite.com","*.uaa.bosh-lite.com","login.bosh-lite.com","*.login.bosh-lite.com"],"RouteServiceUrl":"","RegistrationInterval":4000000000,"HealthCheck":{"Name":"uaa-healthcheck","ScriptPath":"/var/vcap/jobs/uaa/bin/health_check","Timeout":2000000000}}}}

2016-09-29T20:01:37.114780+00:00 05bf1627-ae2f-400c-b1ce-31973a9ff23f - - - [NXLOG@14506 bosh_deployment="cf-warden" bosh_job_name="uaa_z1" bosh_job_index="0" filename="/var/vcap/data/sys/log/route_registrar/route_registrar.stdout.log"] {"timestamp":"1475179290.824557543","source":"Route Registrar","message":"Route Registrar.Registered routes successfully","log_level":1,"data":{}}

2016-09-29T20:01:37.114813+00:00 05bf1627-ae2f-400c-b1ce-31973a9ff23f - - - [NXLOG@14506 bosh_deployment="cf-warden" bosh_job_name="uaa_z1" bosh_job_index="0" filename="/var/vcap/data/sys/log/route_registrar/route_registrar.stdout.log"] {"timestamp":"1475179294.808485270","source":"Route Registrar","message":"Route Registrar.Executing script","log_level":1,"data":{"scriptPath":"/var/vcap/jobs/uaa/bin/health_check"}}

2016-09-29T20:01:37.114845+00:00 05bf1627-ae2f-400c-b1ce-31973a9ff23f - - - [NXLOG@14506 bosh_deployment="cf-warden" bosh_job_name="uaa_z1" bosh_job_index="0" filename="/var/vcap/data/sys/log/route_registrar/route_registrar.stdout.log"] {"timestamp":"1475179294.818428993","source":"Route Registrar","message":"Route Registrar.Script exited without error","log_level":1,"data":{"script":"/var/vcap/jobs/uaa/bin/health_check","stderr":"  % Total    % Received % Xferd  Average Speed   Time    Time     Time  Current\n                                 Dload  Upload   Total   Spent    Left  Speed\n\r  0     0    0     0    0     0      0      0 --:--:-- --:--:-- --:--:--     0\r100     3  100     3    0     0   3243      0 --:--:-- --:--:-- --:--:--  3000\n","stdout":""}}

2016-09-29T20:01:37.114881+00:00 05bf1627-ae2f-400c-b1ce-31973a9ff23f - - - [NXLOG@14506 bosh_deployment="cf-warden" bosh_job_name="uaa_z1" bosh_job_index="0" filename="/var/vcap/data/sys/log/route_registrar/route_registrar.stdout.log"] {"timestamp":"1475179294.818528175","source":"Route Registrar","message":"Route Registrar.healthchecker returned healthy for route","log_level":1,"data":{"route":{"Name":"uaa","Port":8080,"Tags":{"component":"uaa"},"URIs":["uaa.bosh-lite.com","*.uaa.bosh-lite.com","login.bosh-lite.com","*.login.bosh-lite.com"],"RouteServiceUrl":"","RegistrationInterval":4000000000,"HealthCheck":{"Name":"uaa-healthcheck","ScriptPath":"/var/vcap/jobs/uaa/bin/health_check","Timeout":2000000000}}}}

2016-09-29T20:01:37.114913+00:00 05bf1627-ae2f-400c-b1ce-31973a9ff23f - - - [NXLOG@14506 bosh_deployment="cf-warden" bosh_job_name="uaa_z1" bosh_job_index="0" filename="/var/vcap/data/sys/log/route_registrar/route_registrar.stdout.log"] {"timestamp":"1475179294.818565607","source":"Route Registrar","message":"Route Registrar.Registering route","log_level":1,"data":{"route":{"Name":"uaa","Port":8080,"Tags":{"component":"uaa"},"URIs":["uaa.bosh-lite.com","*.uaa.bosh-lite.com","login.bosh-lite.com","*.login.bosh-lite.com"],"RouteServiceUrl":"","RegistrationInterval":4000000000,"HealthCheck":{"Name":"uaa-healthcheck","ScriptPath":"/var/vcap/jobs/uaa/bin/health_check","Timeout":2000000000}}}}

2016-09-29T20:01:37.114947+00:00 05bf1627-ae2f-400c-b1ce-31973a9ff23f - - - [NXLOG@14506 bosh_deployment="cf-warden" bosh_job_name="uaa_z1" bosh_job_index="0" filename="/var/vcap/data/sys/log/route_registrar/route_registrar.stdout.log"] {"timestamp":"1475179294.818643808","source":"Route Registrar","message":"Route Registrar.Registered routes successfully","log_level":1,"data":{}}

2016-09-29T20:01:37.114978+00:00 05bf1627-ae2f-400c-b1ce-31973a9ff23f - - - [NXLOG@14506 bosh_deployment="cf-warden" bosh_job_name="uaa_z1" bosh_job_index="0" filename="/var/vcap/data/sys/log/uaa/uaa.log"] [2016-09-29 20:01:30.658] uaa - 19013 [http-nio-127.0.0.1-8989-exec-5] .... DEBUG --- AntPathRequestMatcher: Checking match of request : '/healthz'; against '/resources/**'

2016-09-29T20:01:37.115010+00:00 05bf1627-ae2f-400c-b1ce-31973a9ff23f - - - [NXLOG@14506 bosh_deployment="cf-warden" bosh_job_name="uaa_z1" bosh_job_index="0" filename="/var/vcap/data/sys/log/uaa/uaa.log"] [2016-09-29 20:01:30.658] uaa - 19013 [http-nio-127.0.0.1-8989-exec-5] .... DEBUG --- AntPathRequestMatcher: Checking match of request : '/healthz'; against '/square-logo.png'

2016-09-29T20:01:37.115040+00:00 05bf1627-ae2f-400c-b1ce-31973a9ff23f - - - [NXLOG@14506 bosh_deployment="cf-warden" bosh_job_name="uaa_z1" bosh_job_index="0" filename="/var/vcap/data/sys/log/uaa/uaa.log"] [2016-09-29 20:01:30.658] uaa - 19013 [http-nio-127.0.0.1-8989-exec-5] .... DEBUG --- AntPathRequestMatcher: Checking match of request : '/healthz'; against '/info'

2016-09-29T20:01:37.115061+00:00 05bf1627-ae2f-400c-b1ce-31973a9ff23f - - - [NXLOG@14506 bosh_deployment="cf-warden" bosh_job_name="uaa_z1" bosh_job_index="0" filename="/var/vcap/data/sys/log/uaa/uaa.log"] [2016-09-29 20:01:30.658] uaa - 19013 [http-nio-127.0.0.1-8989-exec-5] .... DEBUG --- AntPathRequestMatcher: Checking match of request : '/healthz'; against '/password/**'

2016-09-29T20:01:37.115071+00:00 05bf1627-ae2f-400c-b1ce-31973a9ff23f - - - [NXLOG@14506 bosh_deployment="cf-warden" bosh_job_name="uaa_z1" bosh_job_index="0" filename="/var/vcap/data/sys/log/uaa/uaa.log"] [2016-09-29 20:01:30.658] uaa - 19013 [http-nio-127.0.0.1-8989-exec-5] .... DEBUG --- AntPathRequestMatcher: Checking match of request : '/healthz'; against '/healthz/**'

2016-09-29T20:01:37.115080+00:00 05bf1627-ae2f-400c-b1ce-31973a9ff23f - - - [NXLOG@14506 bosh_deployment="cf-warden" bosh_job_name="uaa_z1" bosh_job_index="0" filename="/var/vcap/data/sys/log/uaa/uaa.log"] [2016-09-29 20:01:30.658] uaa - 19013 [http-nio-127.0.0.1-8989-exec-5] .... DEBUG --- FilterChainProxy: /healthz has an empty filter list

2016-09-29T20:01:37.115089+00:00 05bf1627-ae2f-400c-b1ce-31973a9ff23f - - - [NXLOG@14506 bosh_deployment="cf-warden" bosh_job_name="uaa_z1" bosh_job_index="0" filename="/var/vcap/data/sys/log/uaa/uaa.log"] [2016-09-29 20:01:30.658] uaa - 19013 [http-nio-127.0.0.1-8989-exec-5] .... DEBUG --- DispatcherServlet: DispatcherServlet with name 'spring' processing GET request for [/healthz]

2016-09-29T20:01:37.115111+00:00 05bf1627-ae2f-400c-b1ce-31973a9ff23f - - - [NXLOG@14506 bosh_deployment="cf-warden" bosh_job_name="uaa_z1" bosh_job_index="0" filename="/var/vcap/data/sys/log/uaa/uaa.log"] [2016-09-29 20:01:30.658] uaa - 19013 [http-nio-127.0.0.1-8989-exec-5] .... DEBUG --- DispatcherServlet: Last-Modified value for [/healthz] is: -1

2016-09-29T20:01:37.115121+00:00 05bf1627-ae2f-400c-b1ce-31973a9ff23f - - - [NXLOG@14506 bosh_deployment="cf-warden" bosh_job_name="uaa_z1" bosh_job_index="0" filename="/var/vcap/data/sys/log/uaa/uaa.log"] [2016-09-29 20:01:30.658] uaa - 19013 [http-nio-127.0.0.1-8989-exec-5] .... DEBUG --- RequestResponseBodyMethodProcessor: Written [ok

2016-09-29T20:01:37.115130+00:00 05bf1627-ae2f-400c-b1ce-31973a9ff23f - - - [NXLOG@14506 bosh_deployment="cf-warden" bosh_job_name="uaa_z1" bosh_job_index="0" filename="/var/vcap/data/sys/log/uaa/uaa.log"] ] as "text/plain;charset=ISO-8859-1" using [org.springframework.http.converter.StringHttpMessageConverter@178b2baf]

2016-09-29T20:01:37.115139+00:00 05bf1627-ae2f-400c-b1ce-31973a9ff23f - - - [NXLOG@14506 bosh_deployment="cf-warden" bosh_job_name="uaa_z1" bosh_job_index="0" filename="/var/vcap/data/sys/log/uaa/uaa.log"] [2016-09-29 20:01:30.658] uaa - 19013 [http-nio-127.0.0.1-8989-exec-5] .... DEBUG --- DispatcherServlet: Null ModelAndView returned to DispatcherServlet with name 'spring': assuming HandlerAdapter completed request handling

2016-09-29T20:01:37.115169+00:00 05bf1627-ae2f-400c-b1ce-31973a9ff23f - - - [NXLOG@14506 bosh_deployment="cf-warden" bosh_job_name="uaa_z1" bosh_job_index="0" filename="/var/vcap/data/sys/log/uaa/uaa.log"] [2016-09-29 20:01:30.658] uaa - 19013 [http-nio-127.0.0.1-8989-exec-5] .... DEBUG --- DispatcherServlet: Successfully completed request

2016-09-29T20:01:37.115179+00:00 05bf1627-ae2f-400c-b1ce-31973a9ff23f - - - [NXLOG@14506 bosh_deployment="cf-warden" bosh_job_name="uaa_z1" bosh_job_index="0" filename="/var/vcap/data/sys/log/uaa/uaa.log"] [2016-09-29 20:01:30.822] uaa - 19013 [http-nio-127.0.0.1-8989-exec-6] .... DEBUG --- AntPathRequestMatcher: Checking match of request : '/healthz'; against '/resources/**'

2016-09-29T20:01:37.115188+00:00 05bf1627-ae2f-400c-b1ce-31973a9ff23f - - - [NXLOG@14506 bosh_deployment="cf-warden" bosh_job_name="uaa_z1" bosh_job_index="0" filename="/var/vcap/data/sys/log/uaa/uaa.log"] [2016-09-29 20:01:30.822] uaa - 19013 [http-nio-127.0.0.1-8989-exec-6] .... DEBUG --- AntPathRequestMatcher: Checking match of request : '/healthz'; against '/square-logo.png'

2016-09-29T20:01:37.115197+00:00 05bf1627-ae2f-400c-b1ce-31973a9ff23f - - - [NXLOG@14506 bosh_deployment="cf-warden" bosh_job_name="uaa_z1" bosh_job_index="0" filename="/var/vcap/data/sys/log/uaa/uaa.log"] [2016-09-29 20:01:30.822] uaa - 19013 [http-nio-127.0.0.1-8989-exec-6] .... DEBUG --- AntPathRequestMatcher: Checking match of request : '/healthz'; against '/info'

2016-09-29T20:01:37.115217+00:00 05bf1627-ae2f-400c-b1ce-31973a9ff23f - - - [NXLOG@14506 bosh_deployment="cf-warden" bosh_job_name="uaa_z1" bosh_job_index="0" filename="/var/vcap/data/sys/log/uaa/uaa.log"] [2016-09-29 20:01:30.822] uaa - 19013 [http-nio-127.0.0.1-8989-exec-6] .... DEBUG --- AntPathRequestMatcher: Checking match of request : '/healthz'; against '/password/**'

2016-09-29T20:01:37.115227+00:00 05bf1627-ae2f-400c-b1ce-31973a9ff23f - - - [NXLOG@14506 bosh_deployment="cf-warden" bosh_job_name="uaa_z1" bosh_job_index="0" filename="/var/vcap/data/sys/log/uaa/uaa.log"] [2016-09-29 20:01:30.822] uaa - 19013 [http-nio-127.0.0.1-8989-exec-6] .... DEBUG --- AntPathRequestMatcher: Checking match of request : '/healthz'; against '/healthz/**'

2016-09-29T20:01:37.115236+00:00 05bf1627-ae2f-400c-b1ce-31973a9ff23f - - - [NXLOG@14506 bosh_deployment="cf-warden" bosh_job_name="uaa_z1" bosh_job_index="0" filename="/var/vcap/data/sys/log/uaa/uaa.log"] [2016-09-29 20:01:30.822] uaa - 19013 [http-nio-127.0.0.1-8989-exec-6] .... DEBUG --- FilterChainProxy: /healthz has an empty filter list

2016-09-29T20:01:37.115252+00:00 05bf1627-ae2f-400c-b1ce-31973a9ff23f - - - [NXLOG@14506 bosh_deployment="cf-warden" bosh_job_name="uaa_z1" bosh_job_index="0" filename="/var/vcap/data/sys/log/uaa/uaa.log"] [2016-09-29 20:01:30.822] uaa - 19013 [http-nio-127.0.0.1-8989-exec-6] .... DEBUG --- DispatcherServlet: DispatcherServlet with name 'spring' processing GET request for [/healthz]

2016-09-29T20:01:37.115261+00:00 05bf1627-ae2f-400c-b1ce-31973a9ff23f - - - [NXLOG@14506 bosh_deployment="cf-warden" bosh_job_name="uaa_z1" bosh_job_index="0" filename="/var/vcap/data/sys/log/uaa/uaa.log"] [2016-09-29 20:01:30.822] uaa - 19013 [http-nio-127.0.0.1-8989-exec-6] .... DEBUG --- DispatcherServlet: Last-Modified value for [/healthz] is: -1

2016-09-29T20:01:37.115270+00:00 05bf1627-ae2f-400c-b1ce-31973a9ff23f - - - [NXLOG@14506 bosh_deployment="cf-warden" bosh_job_name="uaa_z1" bosh_job_index="0" filename="/var/vcap/data/sys/log/uaa/uaa.log"] [2016-09-29 20:01:30.822] uaa - 19013 [http-nio-127.0.0.1-8989-exec-6] .... DEBUG --- RequestResponseBodyMethodProcessor: Written [ok

2016-09-29T20:01:37.115279+00:00 05bf1627-ae2f-400c-b1ce-31973a9ff23f - - - [NXLOG@14506 bosh_deployment="cf-warden" bosh_job_name="uaa_z1" bosh_job_index="0" filename="/var/vcap/data/sys/log/uaa/uaa.log"] ] as "text/plain;charset=ISO-8859-1" using [org.springframework.http.converter.StringHttpMessageConverter@178b2baf]

2016-09-29T20:01:37.115299+00:00 05bf1627-ae2f-400c-b1ce-31973a9ff23f - - - [NXLOG@14506 bosh_deployment="cf-warden" bosh_job_name="uaa_z1" bosh_job_index="0" filename="/var/vcap/data/sys/log/uaa/uaa.log"] [2016-09-29 20:01:30.822] uaa - 19013 [http-nio-127.0.0.1-8989-exec-6] .... DEBUG --- DispatcherServlet: Null ModelAndView returned to DispatcherServlet with name 'spring': assuming HandlerAdapter completed request handling

2016-09-29T20:01:37.115309+00:00 05bf1627-ae2f-400c-b1ce-31973a9ff23f - - - [NXLOG@14506 bosh_deployment="cf-warden" bosh_job_name="uaa_z1" bosh_job_index="0" filename="/var/vcap/data/sys/log/uaa/uaa.log"] [2016-09-29 20:01:30.822] uaa - 19013 [http-nio-127.0.0.1-8989-exec-6] .... DEBUG --- DispatcherServlet: Successfully completed request

2016-09-29T20:01:37.115318+00:00 05bf1627-ae2f-400c-b1ce-31973a9ff23f - - - [NXLOG@14506 bosh_deployment="cf-warden" bosh_job_name="uaa_z1" bosh_job_index="0" filename="/var/vcap/data/sys/log/uaa/uaa.log"] [2016-09-29 20:01:31.156] uaa - 19013 [pool-2-thread-1] .... DEBUG --- JdbcTemplate: Executing SQL query [select count(*) from oauth_client_details]

2016-09-29T20:01:37.115341+00:00 05bf1627-ae2f-400c-b1ce-31973a9ff23f - - - [NXLOG@14506 bosh_deployment="cf-warden" bosh_job_name="uaa_z1" bosh_job_index="0" filename="/var/vcap/data/sys/log/uaa/uaa.log"] [2016-09-29 20:01:31.158] uaa - 19013 [pool-2-thread-1] .... DEBUG --- JdbcTemplate: Executing SQL query [select count(*) from users]

2016-09-29T20:01:37.115352+00:00 05bf1627-ae2f-400c-b1ce-31973a9ff23f - - - [NXLOG@14506 bosh_deployment="cf-warden" bosh_job_name="uaa_z1" bosh_job_index="0" filename="/var/vcap/data/sys/log/uaa/uaa.log"] [2016-09-29 20:01:34.816] uaa - 19013 [http-nio-127.0.0.1-8989-exec-7] .... DEBUG --- AntPathRequestMatcher: Checking match of request : '/healthz'; against '/resources/**'

2016-09-29T20:01:37.115362+00:00 05bf1627-ae2f-400c-b1ce-31973a9ff23f - - - [NXLOG@14506 bosh_deployment="cf-warden" bosh_job_name="uaa_z1" bosh_job_index="0" filename="/var/vcap/data/sys/log/uaa/uaa.log"] [2016-09-29 20:01:34.816] uaa - 19013 [http-nio-127.0.0.1-8989-exec-7] .... DEBUG --- AntPathRequestMatcher: Checking match of request : '/healthz'; against '/square-logo.png'

2016-09-29T20:01:37.115371+00:00 05bf1627-ae2f-400c-b1ce-31973a9ff23f - - - [NXLOG@14506 bosh_deployment="cf-warden" bosh_job_name="uaa_z1" bosh_job_index="0" filename="/var/vcap/data/sys/log/uaa/uaa.log"] [2016-09-29 20:01:34.816] uaa - 19013 [http-nio-127.0.0.1-8989-exec-7] .... DEBUG --- AntPathRequestMatcher: Checking match of request : '/healthz'; against '/info'

2016-09-29T20:01:37.115391+00:00 05bf1627-ae2f-400c-b1ce-31973a9ff23f - - - [NXLOG@14506 bosh_deployment="cf-warden" bosh_job_name="uaa_z1" bosh_job_index="0" filename="/var/vcap/data/sys/log/uaa/uaa.log"] [2016-09-29 20:01:34.816] uaa - 19013 [http-nio-127.0.0.1-8989-exec-7] .... DEBUG --- AntPathRequestMatcher: Checking match of request : '/healthz'; against '/password/**'

2016-09-29T20:01:37.115401+00:00 05bf1627-ae2f-400c-b1ce-31973a9ff23f - - - [NXLOG@14506 bosh_deployment="cf-warden" bosh_job_name="uaa_z1" bosh_job_index="0" filename="/var/vcap/data/sys/log/uaa/uaa.log"] [2016-09-29 20:01:34.816] uaa - 19013 [http-nio-127.0.0.1-8989-exec-7] .... DEBUG --- AntPathRequestMatcher: Checking match of request : '/healthz'; against '/healthz/**'

2016-09-29T20:01:37.115410+00:00 05bf1627-ae2f-400c-b1ce-31973a9ff23f - - - [NXLOG@14506 bosh_deployment="cf-warden" bosh_job_name="uaa_z1" bosh_job_index="0" filename="/var/vcap/data/sys/log/uaa/uaa.log"] [2016-09-29 20:01:34.816] uaa - 19013 [http-nio-127.0.0.1-8989-exec-7] .... DEBUG --- FilterChainProxy: /healthz has an empty filter list

2016-09-29T20:01:37.115418+00:00 05bf1627-ae2f-400c-b1ce-31973a9ff23f - - - [NXLOG@14506 bosh_deployment="cf-warden" bosh_job_name="uaa_z1" bosh_job_index="0" filename="/var/vcap/data/sys/log/uaa/uaa.log"] [2016-09-29 20:01:34.816] uaa - 19013 [http-nio-127.0.0.1-8989-exec-7] .... DEBUG --- DispatcherServlet: DispatcherServlet with name 'spring' processing GET request for [/healthz]

2016-09-29T20:01:37.115438+00:00 05bf1627-ae2f-400c-b1ce-31973a9ff23f - - - [NXLOG@14506 bosh_deployment="cf-warden" bosh_job_name="uaa_z1" bosh_job_index="0" filename="/var/vcap/data/sys/log/uaa/uaa.log"] [2016-09-29 20:01:34.816] uaa - 19013 [http-nio-127.0.0.1-8989-exec-7] .... DEBUG --- DispatcherServlet: Last-Modified value for [/healthz] is: -1

2016-09-29T20:01:37.115447+00:00 05bf1627-ae2f-400c-b1ce-31973a9ff23f - - - [NXLOG@14506 bosh_deployment="cf-warden" bosh_job_name="uaa_z1" bosh_job_index="0" filename="/var/vcap/data/sys/log/uaa/uaa.log"] [2016-09-29 20:01:34.817] uaa - 19013 [http-nio-127.0.0.1-8989-exec-7] .... DEBUG --- RequestResponseBodyMethodProcessor: Written [ok

2016-09-29T20:01:37.115456+00:00 05bf1627-ae2f-400c-b1ce-31973a9ff23f - - - [NXLOG@14506 bosh_deployment="cf-warden" bosh_job_name="uaa_z1" bosh_job_index="0" filename="/var/vcap/data/sys/log/uaa/uaa.log"] ] as "text/plain;charset=ISO-8859-1" using [org.springframework.http.converter.StringHttpMessageConverter@178b2baf]

2016-09-29T20:01:37.115465+00:00 05bf1627-ae2f-400c-b1ce-31973a9ff23f - - - [NXLOG@14506 bosh_deployment="cf-warden" bosh_job_name="uaa_z1" bosh_job_index="0" filename="/var/vcap/data/sys/log/uaa/uaa.log"] [2016-09-29 20:01:34.817] uaa - 19013 [http-nio-127.0.0.1-8989-exec-7] .... DEBUG --- DispatcherServlet: Null ModelAndView returned to DispatcherServlet with name 'spring': assuming HandlerAdapter completed request handling

2016-09-29T20:01:37.115485+00:00 05bf1627-ae2f-400c-b1ce-31973a9ff23f - - - [NXLOG@14506 bosh_deployment="cf-warden" bosh_job_name="uaa_z1" bosh_job_index="0" filename="/var/vcap/data/sys/log/uaa/uaa.log"] [2016-09-29 20:01:34.817] uaa - 19013 [http-nio-127.0.0.1-8989-exec-7] .... DEBUG --- DispatcherServlet: Successfully completed request

2016-09-29T20:01:37.115495+00:00 05bf1627-ae2f-400c-b1ce-31973a9ff23f - - - [NXLOG@14506 bosh_deployment="cf-warden" bosh_job_name="uaa_z1" bosh_job_index="0" filename="/var/vcap/data/sys/log/uaa/uaa.log"] [2016-09-29 20:01:36.156] uaa - 19013 [pool-2-thread-1] .... DEBUG --- JdbcTemplate: Executing SQL query [select count(*) from oauth_client_details]

2016-09-29T20:01:37.115517+00:00 05bf1627-ae2f-400c-b1ce-31973a9ff23f - - - [NXLOG@14506 bosh_deployment="cf-warden" bosh_job_name="uaa_z1" bosh_job_index="0" filename="/var/vcap/data/sys/log/uaa/uaa.log"] [2016-09-29 20:01:36.157] uaa - 19013 [pool-2-thread-1] .... DEBUG --- JdbcTemplate: Executing SQL query [select count(*) from users]

2016-09-29T20:01:37.123774+00:00 b0fa19c0-86de-4447-a670-3f7adbd0b3c1 - - - [NXLOG@14506 bosh_deployment="cf-warden" bosh_job_name="api_z1" bosh_job_index="0" filename="/var/vcap/data/sys/log/cloud_controller_worker/cloud_controller_worker.log"] {"timestamp":1475179291.6708777,"message":"(0.000505s) SELECT * FROM \"delayed_jobs\" WHERE ((((\"run_at\" <= '2016-09-29 20:01:31.669881+0000') AND (\"locked_at\" IS NULL)) OR (\"locked_by\" = 'cc_global_worker.api_z1.0.1')) AND (\"failed_at\" IS NULL) AND (\"queue\" IN ('cc-generic'))) ORDER BY \"priority\" ASC, \"run_at\" ASC LIMIT 5","log_level":"debug2","source":"cc.background","data":{},"thread_id":47193737007380,"fiber_id":47193773841900,"process_id":15807,"file":"/var/vcap/packages/cloud_controller_ng/cloud_controller_ng/vendor/bundle/ruby/2.3.0/gems/sequel-4.29.0/lib/sequel/database/logging.rb","lineno":70,"method":"block in log_each"}

2016-09-29T20:01:37.123916+00:00 b0fa19c0-86de-4447-a670-3f7adbd0b3c1 - - - [NXLOG@14506 bosh_deployment="cf-warden" bosh_job_name="api_z1" bosh_job_index="0" filename="/var/vcap/data/sys/log/cloud_controller_worker/cloud_controller_worker.log"] {"timestamp":1475179296.7017696,"message":"(0.000710s) SELECT * FROM \"delayed_jobs\" WHERE ((((\"run_at\" <= '2016-09-29 20:01:36.700471+0000') AND (\"locked_at\" IS NULL)) OR (\"locked_by\" = 'cc_global_worker.api_z1.0.1')) AND (\"failed_at\" IS NULL) AND (\"queue\" IN ('cc-generic'))) ORDER BY \"priority\" ASC, \"run_at\" ASC LIMIT 5","log_level":"debug2","source":"cc.background","data":{},"thread_id":47193737007380,"fiber_id":47193773841900,"process_id":15807,"file":"/var/vcap/packages/cloud_controller_ng/cloud_controller_ng/vendor/bundle/ruby/2.3.0/gems/sequel-4.29.0/lib/sequel/database/logging.rb","lineno":70,"method":"block in log_each"}

2016-09-29T20:01:37.123968+00:00 b0fa19c0-86de-4447-a670-3f7adbd0b3c1 - - - [NXLOG@14506 bosh_deployment="cf-warden" bosh_job_name="api_z1" bosh_job_index="0" filename="/var/vcap/data/sys/log/nginx_cc/nginx.access.log"] api.bosh-lite.com - [29/Sep/2016:20:01:30 +0000] "GET /v2/syslog_drain_urls?batch_size=1000 HTTP/1.1" 200 326 "-" "Go-http-client/1.1" 10.244.0.146, 10.244.0.34, 10.244.0.22 vcap_request_id:1f3f0e66-2085-40c3-4823-d5346574cffa::e372e516-3b84-465c-a014-7eb39812e9ce response_time:0.005

2016-09-29T20:01:37.124012+00:00 b0fa19c0-86de-4447-a670-3f7adbd0b3c1 - - - [NXLOG@14506 bosh_deployment="cf-warden" bosh_job_name="api_z1" bosh_job_index="0" filename="/var/vcap/data/sys/log/nginx_cc/nginx.access.log"] 10.244.0.138 - [29/Sep/2016:20:01:37 +0000] "GET /v2/info HTTP/1.1" 200 802 "-" "monit/5.2.5" 10.244.0.138 vcap_request_id:1fa9874d-79fd-4476-9995-ad54f9608532 response_time:0.003

2016-09-29T20:01:37.124048+00:00 b0fa19c0-86de-4447-a670-3f7adbd0b3c1 - - - [NXLOG@14506 bosh_deployment="cf-warden" bosh_job_name="api_z1" bosh_job_index="0" filename="/var/vcap/data/sys/log/cloud_controller_ng/cloud_controller_ng.log"] {"timestamp":1475179288.0118666,"message":"(0.000530s) SELECT * FROM \"delayed_jobs\" WHERE ((((\"run_at\" <= '2016-09-29 20:01:28.010830+0000') AND (\"locked_at\" IS NULL)) OR (\"locked_by\" = 'cc_api_worker.api_z1.0.1')) AND (\"failed_at\" IS NULL) AND (\"queue\" IN ('cc-api_z1-0'))) ORDER BY \"priority\" ASC, \"run_at\" ASC LIMIT 5","log_level":"debug2","source":"cc.background","data":{},"thread_id":47452862460180,"fiber_id":47452899698480,"process_id":15587,"file":"/var/vcap/packages/cloud_controller_ng/cloud_controller_ng/vendor/bundle/ruby/2.3.0/gems/sequel-4.29.0/lib/sequel/database/logging.rb","lineno":70,"method":"block in log_each"}

2016-09-29T20:01:37.124092+00:00 b0fa19c0-86de-4447-a670-3f7adbd0b3c1 - - - [NXLOG@14506 bosh_deployment="cf-warden" bosh_job_name="api_z1" bosh_job_index="0" filename="/var/vcap/data/sys/log/cloud_controller_ng/cloud_controller_ng.log"] {"timestamp":1475179290.9123912,"message":"Statsd: cc.requests.outstanding:1|c","log_level":"debug","source":"statsd.client","data":{},"thread_id":47062185511380,"fiber_id":47062167101080,"process_id":15535,"file":"/var/vcap/packages/cloud_controller_ng/cloud_controller_ng/vendor/bundle/ruby/2.3.0/gems/statsd-ruby-1.2.1/lib/statsd.rb","lineno":254,"method":"send_to_socket"}

2016-09-29T20:01:37.124132+00:00 b0fa19c0-86de-4447-a670-3f7adbd0b3c1 - - - [NXLOG@14506 bosh_deployment="cf-warden" bosh_job_name="api_z1" bosh_job_index="0" filename="/var/vcap/data/sys/log/cloud_controller_ng/cloud_controller_ng.log"] {"timestamp":1475179290.913048,"message":"Started GET \"/v2/syslog_drain_urls?batch_size=1000\" for user: , ip: 127.0.0.1 with vcap-request-id: 1f3f0e66-2085-40c3-4823-d5346574cffa::e372e516-3b84-465c-a014-7eb39812e9ce at 2016-09-29 20:01:30 UTC","log_level":"info","source":"cc.api","data":{},"thread_id":47062185511380,"fiber_id":47062167101080,"process_id":15535,"file":"/var/vcap/packages/cloud_controller_ng/cloud_controller_ng/middleware/request_logs.rb","lineno":12,"method":"call"}

2016-09-29T20:01:37.124214+00:00 b0fa19c0-86de-4447-a670-3f7adbd0b3c1 - - - [NXLOG@14506 bosh_deployment="cf-warden" bosh_job_name="api_z1" bosh_job_index="0" filename="/var/vcap/data/sys/log/cloud_controller_ng/cloud_controller_ng.log"] {"timestamp":1475179290.9137616,"message":"dispatch VCAP::CloudController::SyslogDrainUrlsController get /v2/syslog_drain_urls","log_level":"debug","source":"cc.api","data":{"request_guid":"1f3f0e66-2085-40c3-4823-d5346574cffa::e372e516-3b84-465c-a014-7eb39812e9ce"},"thread_id":47062185511380,"fiber_id":47062167101080,"process_id":15535,"file":"/var/vcap/data/packages/cloud_controller_ng/f87cb49aa2cd87792cb9c2211a79e1542502be4d.1-b1a5f3c830cb6c32ae9e685628b24aa967f5ae54/cloud_controller_ng/lib/cloud_controller/rest_controller/routes.rb","lineno":12,"method":"block in define_route"}

2016-09-29T20:01:37.124276+00:00 b0fa19c0-86de-4447-a670-3f7adbd0b3c1 - - - [NXLOG@14506 bosh_deployment="cf-warden" bosh_job_name="api_z1" bosh_job_index="0" filename="/var/vcap/data/sys/log/cloud_controller_ng/cloud_controller_ng.log"] {"timestamp":1475179290.9139512,"message":"parse_params: {\"batch_size\"=>\"1000\"} batch_size=1000","log_level":"debug","source":"cc.api","data":{"request_guid":"1f3f0e66-2085-40c3-4823-d5346574cffa::e372e516-3b84-465c-a014-7eb39812e9ce"},"thread_id":47062185511380,"fiber_id":47062167101080,"process_id":15535,"file":"/var/vcap/data/packages/cloud_controller_ng/f87cb49aa2cd87792cb9c2211a79e1542502be4d.1-b1a5f3c830cb6c32ae9e685628b24aa967f5ae54/cloud_controller_ng/lib/cloud_controller/rest_controller/common_params.rb","lineno":10,"method":"parse"}

2016-09-29T20:01:37.124319+00:00 b0fa19c0-86de-4447-a670-3f7adbd0b3c1 - - - [NXLOG@14506 bosh_deployment="cf-warden" bosh_job_name="api_z1" bosh_job_index="0" filename="/var/vcap/data/sys/log/cloud_controller_ng/cloud_controller_ng.log"] {"timestamp":1475179290.9140716,"message":"cc.dispatch","log_level":"debug","source":"cc.api","data":{"request_guid":"1f3f0e66-2085-40c3-4823-d5346574cffa::e372e516-3b84-465c-a014-7eb39812e9ce","endpoint":"list","args":[]},"thread_id":47062185511380,"fiber_id":47062167101080,"process_id":15535,"file":"/var/vcap/data/packages/cloud_controller_ng/f87cb49aa2cd87792cb9c2211a79e1542502be4d.1-b1a5f3c830cb6c32ae9e685628b24aa967f5ae54/cloud_controller_ng/app/controllers/base/base_controller.rb","lineno":78,"method":"dispatch"}

2016-09-29T20:01:37.124379+00:00 b0fa19c0-86de-4447-a670-3f7adbd0b3c1 - - - [NXLOG@14506 bosh_deployment="cf-warden" bosh_job_name="api_z1" bosh_job_index="0" filename="/var/vcap/data/sys/log/cloud_controller_ng/cloud_controller_ng.log"] {"timestamp":1475179290.9156625,"message":"(0.000821s) SELECT \"apps\".\"guid\", string_agg(\"service_bindings\".\"syslog_drain_url\", ',') AS \"syslog_drain_urls\" FROM \"apps\" INNER JOIN \"service_bindings\" ON (\"service_bindings\".\"app_id\" = \"apps\".\"id\") WHERE ((syslog_drain_url IS NOT NULL) AND (syslog_drain_url != '')) GROUP BY \"apps\".\"guid\" UNION ALL (SELECT \"apps_v3\".\"guid\", string_agg(\"v3_service_bindings\".\"syslog_drain_url\", ',') AS \"syslog_drain_urls\" FROM \"apps_v3\" INNER JOIN \"v3_service_bindings\" ON (\"v3_service_bindings\".\"app_id\" = \"apps_v3\".\"id\") WHERE ((syslog_drain_url IS NOT NULL) AND (syslog_drain_url != '')) GROUP BY \"apps_v3\".\"guid\") ORDER BY \"guid\" LIMIT 1000 OFFSET 0","log_level":"debug2","source":"cc.db","data":{"request_guid":"1f3f0e66-2085-40c3-4823-d5346574cffa::e372e516-3b84-465c-a014-7eb39812e9ce"},"thread_id":47062185511380,"fiber_id":47062167101080,"process_id":15535,"file":"/var/vcap/packages/cloud_controller_ng/cloud_controller_ng/vendor/bundle/ruby/2.3.0/gems/sequel-4.29.0/lib/sequel/database/logging.rb","lineno":70,"method":"block in log_each"}

2016-09-29T20:01:37.124431+00:00 b0fa19c0-86de-4447-a670-3f7adbd0b3c1 - - - [NXLOG@14506 bosh_deployment="cf-warden" bosh_job_name="api_z1" bosh_job_index="0" filename="/var/vcap/data/sys/log/cloud_controller_ng/cloud_controller_ng.log"] {"timestamp":1475179290.9160054,"message":"Completed 200 vcap-request-id: 1f3f0e66-2085-40c3-4823-d5346574cffa::e372e516-3b84-465c-a014-7eb39812e9ce","log_level":"info","source":"cc.api","data":{},"thread_id":47062185511380,"fiber_id":47062167101080,"process_id":15535,"file":"/var/vcap/packages/cloud_controller_ng/cloud_controller_ng/middleware/request_logs.rb","lineno":24,"method":"call"}

2016-09-29T20:01:37.124485+00:00 b0fa19c0-86de-4447-a670-3f7adbd0b3c1 - - - [NXLOG@14506 bosh_deployment="cf-warden" bosh_job_name="api_z1" bosh_job_index="0" filename="/var/vcap/data/sys/log/cloud_controller_ng/cloud_controller_ng.log"] {"timestamp":1475179290.9161768,"message":"Statsd: cc.requests.outstanding:-1|c\ncc.requests.completed:1|c\ncc.http_status.2XX:1|c","log_level":"debug","source":"statsd.client","data":{},"thread_id":47062185511380,"fiber_id":47062167101080,"process_id":15535,"file":"/var/vcap/packages/cloud_controller_ng/cloud_controller_ng/vendor/bundle/ruby/2.3.0/gems/statsd-ruby-1.2.1/lib/statsd.rb","lineno":254,"method":"send_to_socket"}

2016-09-29T20:01:37.124539+00:00 b0fa19c0-86de-4447-a670-3f7adbd0b3c1 - - - [NXLOG@14506 bosh_deployment="cf-warden" bosh_job_name="api_z1" bosh_job_index="0" filename="/var/vcap/data/sys/log/cloud_controller_ng/cloud_controller_ng.log"] {"timestamp":1475179291.670482,"message":"(0.000547s) SELECT * FROM \"delayed_jobs\" WHERE ((((\"run_at\" <= '2016-09-29 20:01:31.669363+0000') AND (\"locked_at\" IS NULL)) OR (\"locked_by\" = 'cc_api_worker.api_z1.0.2')) AND (\"failed_at\" IS NULL) AND (\"queue\" IN ('cc-api_z1-0'))) ORDER BY \"priority\" ASC, \"run_at\" ASC LIMIT 5","log_level":"debug2","source":"cc.background","data":{},"thread_id":47118928261380,"fiber_id":47118965175380,"process_id":15629,"file":"/var/vcap/packages/cloud_controller_ng/cloud_controller_ng/vendor/bundle/ruby/2.3.0/gems/sequel-4.29.0/lib/sequel/database/logging.rb","lineno":70,"method":"block in log_each"}

2016-09-29T20:01:37.124594+00:00 b0fa19c0-86de-4447-a670-3f7adbd0b3c1 - - - [NXLOG@14506 bosh_deployment="cf-warden" bosh_job_name="api_z1" bosh_job_index="0" filename="/var/vcap/data/sys/log/cloud_controller_ng/cloud_controller_ng.log"] {"timestamp":1475179293.0316153,"message":"(0.000599s) SELECT * FROM \"delayed_jobs\" WHERE ((((\"run_at\" <= '2016-09-29 20:01:33.030474+0000') AND (\"locked_at\" IS NULL)) OR (\"locked_by\" = 'cc_api_worker.api_z1.0.1')) AND (\"failed_at\" IS NULL) AND (\"queue\" IN ('cc-api_z1-0'))) ORDER BY \"priority\" ASC, \"run_at\" ASC LIMIT 5","log_level":"debug2","source":"cc.background","data":{},"thread_id":47452862460180,"fiber_id":47452899698480,"process_id":15587,"file":"/var/vcap/packages/cloud_controller_ng/cloud_controller_ng/vendor/bundle/ruby/2.3.0/gems/sequel-4.29.0/lib/sequel/database/logging.rb","lineno":70,"method":"block in log_each"}

2016-09-29T20:01:37.124648+00:00 b0fa19c0-86de-4447-a670-3f7adbd0b3c1 - - - [NXLOG@14506 bosh_deployment="cf-warden" bosh_job_name="api_z1" bosh_job_index="0" filename="/var/vcap/data/sys/log/cloud_controller_ng/cloud_controller_ng.log"] {"timestamp":1475179294.3552194,"message":"Statsd: cc.vitals.uptime:1899566|g\ncc.vitals.cpu:0.0|g\ncc.vitals.mem_bytes:150700032|g\ncc.vitals.cpu_load_avg:0.18|g\ncc.vitals.mem_used_bytes:4026245120|g\ncc.vitals.mem_free_bytes:2231803904|g\ncc.vitals.num_cores:4|g","log_level":"debug","source":"statsd.client","data":{},"thread_id":47062143684880,"fiber_id":47062184032460,"process_id":15535,"file":"/var/vcap/packages/cloud_controller_ng/cloud_controller_ng/vendor/bundle/ruby/2.3.0/gems/statsd-ruby-1.2.1/lib/statsd.rb","lineno":254,"method":"send_to_socket"}

2016-09-29T20:01:37.124705+00:00 b0fa19c0-86de-4447-a670-3f7adbd0b3c1 - - - [NXLOG@14506 bosh_deployment="cf-warden" bosh_job_name="api_z1" bosh_job_index="0" filename="/var/vcap/data/sys/log/cloud_controller_ng/cloud_controller_ng.log"] {"timestamp":1475179294.3557312,"message":"Statsd: cc.log_count.off:0|g\ncc.log_count.fatal:0|g\ncc.log_count.error:0|g\ncc.log_count.warn:0|g\ncc.log_count.info:45726|g\ncc.log_count.debug:139527|g\ncc.log_count.debug1:0|g\ncc.log_count.debug2:27317|g\ncc.log_count.all:0|g","log_level":"debug","source":"statsd.client","data":{},"thread_id":47062143684880,"fiber_id":47062184032460,"process_id":15535,"file":"/var/vcap/packages/cloud_controller_ng/cloud_controller_ng/vendor/bundle/ruby/2.3.0/gems/statsd-ruby-1.2.1/lib/statsd.rb","lineno":254,"method":"send_to_socket"}

2016-09-29T20:01:37.124739+00:00 b0fa19c0-86de-4447-a670-3f7adbd0b3c1 - - - [NXLOG@14506 bosh_deployment="cf-warden" bosh_job_name="api_z1" bosh_job_index="0" filename="/var/vcap/data/sys/log/cloud_controller_ng/cloud_controller_ng.log"] {"timestamp":1475179294.3567834,"message":"(0.000449s) SELECT count(*) AS \"count\" FROM \"tasks\" WHERE (\"state\" = 'RUNNING') LIMIT 1","log_level":"debug2","source":"cc.db","data":{},"thread_id":47062143684880,"fiber_id":47062184032460,"process_id":15535,"file":"/var/vcap/packages/cloud_controller_ng/cloud_controller_ng/vendor/bundle/ruby/2.3.0/gems/sequel-4.29.0/lib/sequel/database/logging.rb","lineno":70,"method":"block in log_each"}

2016-09-29T20:01:37.124755+00:00 b0fa19c0-86de-4447-a670-3f7adbd0b3c1 - - - [NXLOG@14506 bosh_deployment="cf-warden" bosh_job_name="api_z1" bosh_job_index="0" filename="/var/vcap/data/sys/log/cloud_controller_ng/cloud_controller_ng.log"] {"timestamp":1475179294.3576694,"message":"(0.000214s) SELECT sum(\"memory_in_mb\") AS \"sum\" FROM \"tasks\" WHERE (\"state\" = 'RUNNING') LIMIT 1","log_level":"debug2","source":"cc.db","data":{},"thread_id":47062143684880,"fiber_id":47062184032460,"process_id":15535,"file":"/var/vcap/packages/cloud_controller_ng/cloud_controller_ng/vendor/bundle/ruby/2.3.0/gems/sequel-4.29.0/lib/sequel/database/logging.rb","lineno":70,"method":"block in log_each"}

2016-09-29T20:01:37.124769+00:00 b0fa19c0-86de-4447-a670-3f7adbd0b3c1 - - - [NXLOG@14506 bosh_deployment="cf-warden" bosh_job_name="api_z1" bosh_job_index="0" filename="/var/vcap/data/sys/log/cloud_controller_ng/cloud_controller_ng.log"] {"timestamp":1475179294.357862,"message":"Statsd: cc.tasks_running.count:0|g\ncc.tasks_running.memory_in_mb:0|g","log_level":"debug","source":"statsd.client","data":{},"thread_id":47062143684880,"fiber_id":47062184032460,"process_id":15535,"file":"/var/vcap/packages/cloud_controller_ng/cloud_controller_ng/vendor/bundle/ruby/2.3.0/gems/statsd-ruby-1.2.1/lib/statsd.rb","lineno":254,"method":"send_to_socket"}

2016-09-29T20:01:37.124837+00:00 b0fa19c0-86de-4447-a670-3f7adbd0b3c1 - - - [NXLOG@14506 bosh_deployment="cf-warden" bosh_job_name="api_z1" bosh_job_index="0" filename="/var/vcap/data/sys/log/cloud_controller_ng/cloud_controller_ng.log"] {"timestamp":1475179296.5003095,"message":"(0.000598s) SELECT \"queue\", count(*) AS \"count\" FROM \"delayed_jobs\" WHERE (\"attempts\" = 0) GROUP BY \"queue\"","log_level":"debug2","source":"cc.db","data":{},"thread_id":47062143684880,"fiber_id":47062184032460,"process_id":15535,"file":"/var/vcap/packages/cloud_controller_ng/cloud_controller_ng/vendor/bundle/ruby/2.3.0/gems/sequel-4.29.0/lib/sequel/database/logging.rb","lineno":70,"method":"block in log_each"}

2016-09-29T20:01:37.124893+00:00 b0fa19c0-86de-4447-a670-3f7adbd0b3c1 - - - [NXLOG@14506 bosh_deployment="cf-warden" bosh_job_name="api_z1" bosh_job_index="0" filename="/var/vcap/data/sys/log/cloud_controller_ng/cloud_controller_ng.log"] {"timestamp":1475179296.500702,"message":"Statsd: cc.job_queue_length.total:0|g\ncc.job_queue_length.total:0|g","log_level":"debug","source":"statsd.client","data":{},"thread_id":47062143684880,"fiber_id":47062184032460,"process_id":15535,"file":"/var/vcap/packages/cloud_controller_ng/cloud_controller_ng/vendor/bundle/ruby/2.3.0/gems/statsd-ruby-1.2.1/lib/statsd.rb","lineno":254,"method":"send_to_socket"}

2016-09-29T20:01:37.125050+00:00 b0fa19c0-86de-4447-a670-3f7adbd0b3c1 - - - [NXLOG@14506 bosh_deployment="cf-warden" bosh_job_name="api_z1" bosh_job_index="0" filename="/var/vcap/data/sys/log/cloud_controller_ng/cloud_controller_ng.log"] {"timestamp":1475179296.5011325,"message":"Statsd: cc.thread_info.thread_count:21|g\ncc.thread_info.event_machine.connection_count:3|g\ncc.thread_info.event_machine.threadqueue.size:0|g\ncc.thread_info.event_machine.threadqueue.num_waiting:20|g\ncc.thread_info.event_machine.resultqueue.size:0|g\ncc.thread_info.event_machine.resultqueue.num_waiting:0|g","log_level":"debug","source":"statsd.client","data":{},"thread_id":47062143684880,"fiber_id":47062184032460,"process_id":15535,"file":"/var/vcap/packages/cloud_controller_ng/cloud_controller_ng/vendor/bundle/ruby/2.3.0/gems/statsd-ruby-1.2.1/lib/statsd.rb","lineno":254,"method":"send_to_socket"}

2016-09-29T20:01:37.125100+00:00 b0fa19c0-86de-4447-a670-3f7adbd0b3c1 - - - [NXLOG@14506 bosh_deployment="cf-warden" bosh_job_name="api_z1" bosh_job_index="0" filename="/var/vcap/data/sys/log/cloud_controller_ng/cloud_controller_ng.log"] {"timestamp":1475179296.5020454,"message":"(0.000524s) SELECT \"queue\", count(*) AS \"count\" FROM \"delayed_jobs\" WHERE (failed_at IS NOT NULL) GROUP BY \"queue\"","log_level":"debug2","source":"cc.db","data":{},"thread_id":47062143684880,"fiber_id":47062184032460,"process_id":15535,"file":"/var/vcap/packages/cloud_controller_ng/cloud_controller_ng/vendor/bundle/ruby/2.3.0/gems/sequel-4.29.0/lib/sequel/database/logging.rb","lineno":70,"method":"block in log_each"}

2016-09-29T20:01:37.125116+00:00 b0fa19c0-86de-4447-a670-3f7adbd0b3c1 - - - [NXLOG@14506 bosh_deployment="cf-warden" bosh_job_name="api_z1" bosh_job_index="0" filename="/var/vcap/data/sys/log/cloud_controller_ng/cloud_controller_ng.log"] {"timestamp":1475179296.5023227,"message":"Statsd: cc.failed_job_count.cc-api_z1-0:2|g\ncc.failed_job_count.total:2|g\ncc.failed_job_count.total:2|g","log_level":"debug","source":"statsd.client","data":{},"thread_id":47062143684880,"fiber_id":47062184032460,"process_id":15535,"file":"/var/vcap/packages/cloud_controller_ng/cloud_controller_ng/vendor/bundle/ruby/2.3.0/gems/statsd-ruby-1.2.1/lib/statsd.rb","lineno":254,"method":"send_to_socket"}

2016-09-29T20:01:37.125154+00:00 b0fa19c0-86de-4447-a670-3f7adbd0b3c1 - - - [NXLOG@14506 bosh_deployment="cf-warden" bosh_job_name="api_z1" bosh_job_index="0" filename="/var/vcap/data/sys/log/cloud_controller_ng/cloud_controller_ng.log"] {"timestamp":1475179296.7018278,"message":"(0.000434s) SELECT * FROM \"delayed_jobs\" WHERE ((((\"run_at\" <= '2016-09-29 20:01:36.700771+0000') AND (\"locked_at\" IS NULL)) OR (\"locked_by\" = 'cc_api_worker.api_z1.0.2')) AND (\"failed_at\" IS NULL) AND (\"queue\" IN ('cc-api_z1-0'))) ORDER BY \"priority\" ASC, \"run_at\" ASC LIMIT 5","log_level":"debug2","source":"cc.background","data":{},"thread_id":47118928261380,"fiber_id":47118965175380,"process_id":15629,"file":"/var/vcap/packages/cloud_controller_ng/cloud_controller_ng/vendor/bundle/ruby/2.3.0/gems/sequel-4.29.0/lib/sequel/database/logging.rb","lineno":70,"method":"block in log_each"}

2016-09-29T20:01:37.125195+00:00 b0fa19c0-86de-4447-a670-3f7adbd0b3c1 - - - [NXLOG@14506 bosh_deployment="cf-warden" bosh_job_name="api_z1" bosh_job_index="0" filename="/var/vcap/data/sys/log/cloud_controller_ng/cloud_controller_ng.log"] {"timestamp":1475179297.0670083,"message":"Statsd: cc.requests.outstanding:1|c","log_level":"debug","source":"statsd.client","data":{},"thread_id":47062185510880,"fiber_id":47062184711880,"process_id":15535,"file":"/var/vcap/packages/cloud_controller_ng/cloud_controller_ng/vendor/bundle/ruby/2.3.0/gems/statsd-ruby-1.2.1/lib/statsd.rb","lineno":254,"method":"send_to_socket"}

2016-09-29T20:01:37.125235+00:00 b0fa19c0-86de-4447-a670-3f7adbd0b3c1 - - - [NXLOG@14506 bosh_deployment="cf-warden" bosh_job_name="api_z1" bosh_job_index="0" filename="/var/vcap/data/sys/log/cloud_controller_ng/cloud_controller_ng.log"] {"timestamp":1475179297.0676577,"message":"Started GET \"/v2/info\" for user: , ip: 127.0.0.1 with vcap-request-id: 1fa9874d-79fd-4476-9995-ad54f9608532 at 2016-09-29 20:01:37 UTC","log_level":"info","source":"cc.api","data":{},"thread_id":47062185510880,"fiber_id":47062184711880,"process_id":15535,"file":"/var/vcap/packages/cloud_controller_ng/cloud_controller_ng/middleware/request_logs.rb","lineno":12,"method":"call"}

2016-09-29T20:01:37.125249+00:00 b0fa19c0-86de-4447-a670-3f7adbd0b3c1 - - - [NXLOG@14506 bosh_deployment="cf-warden" bosh_job_name="api_z1" bosh_job_index="0" filename="/var/vcap/data/sys/log/cloud_controller_ng/cloud_controller_ng.log"] {"timestamp":1475179297.0681942,"message":"dispatch VCAP::CloudController::InfoController get /v2/info","log_level":"debug","source":"cc.api","data":{"request_guid":"1fa9874d-79fd-4476-9995-ad54f9608532"},"thread_id":47062185510880,"fiber_id":47062184711880,"process_id":15535,"file":"/var/vcap/data/packages/cloud_controller_ng/f87cb49aa2cd87792cb9c2211a79e1542502be4d.1-b1a5f3c830cb6c32ae9e685628b24aa967f5ae54/cloud_controller_ng/lib/cloud_controller/rest_controller/routes.rb","lineno":12,"method":"block in define_route"}

2016-09-29T20:01:37.125288+00:00 b0fa19c0-86de-4447-a670-3f7adbd0b3c1 - - - [NXLOG@14506 bosh_deployment="cf-warden" bosh_job_name="api_z1" bosh_job_index="0" filename="/var/vcap/data/sys/log/cloud_controller_ng/cloud_controller_ng.log"] {"timestamp":1475179297.0681942,"message":"parse_params: {} ","log_level":"debug","source":"cc.api","data":{"request_guid":"1fa9874d-79fd-4476-9995-ad54f9608532"},"thread_id":47062185510880,"fiber_id":47062184711880,"process_id":15535,"file":"/var/vcap/data/packages/cloud_controller_ng/f87cb49aa2cd87792cb9c2211a79e1542502be4d.1-b1a5f3c830cb6c32ae9e685628b24aa967f5ae54/cloud_controller_ng/lib/cloud_controller/rest_controller/common_params.rb","lineno":10,"method":"parse"}

2016-09-29T20:01:37.125296+00:00 b0fa19c0-86de-4447-a670-3f7adbd0b3c1 - - - [NXLOG@14506 bosh_deployment="cf-warden" bosh_job_name="api_z1" bosh_job_index="0" filename="/var/vcap/data/sys/log/cloud_controller_ng/cloud_controller_ng.log"] {"timestamp":1475179297.0681942,"message":"cc.dispatch","log_level":"debug","source":"cc.api","data":{"request_guid":"1fa9874d-79fd-4476-9995-ad54f9608532","endpoint":"read","args":[]},"thread_id":47062185510880,"fiber_id":47062184711880,"process_id":15535,"file":"/var/vcap/data/packages/cloud_controller_ng/f87cb49aa2cd87792cb9c2211a79e1542502be4d.1-b1a5f3c830cb6c32ae9e685628b24aa967f5ae54/cloud_controller_ng/app/controllers/base/base_controller.rb","lineno":78,"method":"dispatch"}

2016-09-29T20:01:37.125415+00:00 b0fa19c0-86de-4447-a670-3f7adbd0b3c1 - - - [NXLOG@14506 bosh_deployment="cf-warden" bosh_job_name="api_z1" bosh_job_index="0" filename="/var/vcap/data/sys/log/cloud_controller_ng/cloud_controller_ng.log"] {"timestamp":1475179297.068646,"message":"Completed 200 vcap-request-id: 1fa9874d-79fd-4476-9995-ad54f9608532","log_level":"info","source":"cc.api","data":{},"thread_id":47062185510880,"fiber_id":47062184711880,"process_id":15535,"file":"/var/vcap/packages/cloud_controller_ng/cloud_controller_ng/middleware/request_logs.rb","lineno":24,"method":"call"}

2016-09-29T20:01:37.125431+00:00 b0fa19c0-86de-4447-a670-3f7adbd0b3c1 - - - [NXLOG@14506 bosh_deployment="cf-warden" bosh_job_name="api_z1" bosh_job_index="0" filename="/var/vcap/data/sys/log/cloud_controller_ng/cloud_controller_ng.log"] {"timestamp":1475179297.0687857,"message":"Statsd: cc.requests.outstanding:-1|c\ncc.requests.completed:1|c\ncc.http_status.2XX:1|c","log_level":"debug","source":"statsd.client","data":{},"thread_id":47062185510880,"fiber_id":47062184711880,"process_id":15535,"file":"/var/vcap/packages/cloud_controller_ng/cloud_controller_ng/vendor/bundle/ruby/2.3.0/gems/statsd-ruby-1.2.1/lib/statsd.rb","lineno":254,"method":"send_to_socket"}

2016-09-29T20:01:46.971917+00:00 bfc626ef-a2eb-4bad-8f71-fa1d6d0f927f - - - [NXLOG@14506 bosh_deployment="cf-warden" bosh_job_name="loggregator_trafficcontroller_z1" bosh_job_index="0" filename="/var/vcap/data/sys/log/route_registrar/route_registrar.stdout.log"] {"timestamp":"1475179306.732931614","source":"Route Registrar","message":"Route Registrar.no healthchecker found for route","log_level":1,"data":{"route":{"Name":"doppler","Port":8081,"Tags":null,"URIs":["doppler.bosh-lite.com"],"RouteServiceUrl":"","RegistrationInterval":20000000000,"HealthCheck":null}}}

2016-09-29T20:01:46.972092+00:00 bfc626ef-a2eb-4bad-8f71-fa1d6d0f927f - - - [NXLOG@14506 bosh_deployment="cf-warden" bosh_job_name="loggregator_trafficcontroller_z1" bosh_job_index="0" filename="/var/vcap/data/sys/log/route_registrar/route_registrar.stdout.log"] {"timestamp":"1475179306.732945681","source":"Route Registrar","message":"Route Registrar.Registering route","log_level":1,"data":{"route":{"Name":"doppler","Port":8081,"Tags":null,"URIs":["doppler.bosh-lite.com"],"RouteServiceUrl":"","RegistrationInterval":20000000000,"HealthCheck":null}}}

2016-09-29T20:01:46.972177+00:00 bfc626ef-a2eb-4bad-8f71-fa1d6d0f927f - - - [NXLOG@14506 bosh_deployment="cf-warden" bosh_job_name="loggregator_trafficcontroller_z1" bosh_job_index="0" filename="/var/vcap/data/sys/log/route_registrar/route_registrar.stdout.log"] {"timestamp":"1475179306.733021259","source":"Route Registrar","message":"Route Registrar.Registered routes successfully","log_level":1,"data":{}}

2016-09-29T20:01:56.979627+00:00 fc52b791-0068-48d0-b63d-a9600b8fa32e - - - [NXLOG@14506 bosh_deployment="cf-warden" bosh_job_name="runner_z1" bosh_job_index="0" filename="/var/vcap/data/sys/log/dea_next/dea_next.log"] {"timestamp":1475179311.7575033,"message":"hm9000.heartbeat.accepted","log_level":"debug","source":"Dea::Bootstrap","data":{},"thread_id":47241047596600,"fiber_id":47241050003500,"process_id":6941,"file":"/var/vcap/packages/dea_next/lib/dea/utils/hm9000.rb","lineno":49,"method":"handle_http_response"}

2016-09-29T20:01:57.112832+00:00 f0562343-642f-42d4-aca5-293abe675815 - - - [NXLOG@14506 bosh_deployment="cf-warden" bosh_job_name="blobstore_z1" bosh_job_index="0" filename="/var/vcap/data/sys/log/route_registrar/route_registrar.stdout.log"] {"timestamp":"1475179308.517281771","source":"Route Registrar","message":"Route Registrar.no healthchecker found for route","log_level":1,"data":{"route":{"Name":"blobstore","Port":80,"Tags":{"component":"blobstore"},"URIs":["blobstore.bosh-lite.com"],"RouteServiceUrl":"","RegistrationInterval":20000000000,"HealthCheck":null}}}

2016-09-29T20:01:57.113168+00:00 f0562343-642f-42d4-aca5-293abe675815 - - - [NXLOG@14506 bosh_deployment="cf-warden" bosh_job_name="blobstore_z1" bosh_job_index="0" filename="/var/vcap/data/sys/log/route_registrar/route_registrar.stdout.log"] {"timestamp":"1475179308.517573357","source":"Route Registrar","message":"Route Registrar.Registering route","log_level":1,"data":{"route":{"Name":"blobstore","Port":80,"Tags":{"component":"blobstore"},"URIs":["blobstore.bosh-lite.com"],"RouteServiceUrl":"","RegistrationInterval":20000000000,"HealthCheck":null}}}

2016-09-29T20:01:57.113271+00:00 f0562343-642f-42d4-aca5-293abe675815 - - - [NXLOG@14506 bosh_deployment="cf-warden" bosh_job_name="blobstore_z1" bosh_job_index="0" filename="/var/vcap/data/sys/log/route_registrar/route_registrar.stdout.log"] {"timestamp":"1475179308.517910242","source":"Route Registrar","message":"Route Registrar.Registered routes successfully","log_level":1,"data":{}}

2016-09-29T20:01:57.112842+00:00 152ab062-1f32-4789-910a-13bdc79651b2 - - - [NXLOG@14506 bosh_deployment="cf-warden" bosh_job_name="hm9000_z1" bosh_job_index="0" filename="/var/vcap/data/sys/log/hm9000/hm9000_listener.log"] {"timestamp":"1475179311.756770134","source":"listener","message":"listener.Received a heartbeat","log_level":1,"data":{"Heartbeats Pending Save":"1"}}

2016-09-29T20:01:57.113116+00:00 152ab062-1f32-4789-910a-13bdc79651b2 - - - [NXLOG@14506 bosh_deployment="cf-warden" bosh_job_name="hm9000_z1" bosh_job_index="0" filename="/var/vcap/data/sys/log/hm9000/hm9000_listener.log"] {"timestamp":"1475179311.816084623","source":"listener","message":"listener.Saving Heartbeats","log_level":1,"data":{"Heartbeats to Save":"1"}}

2016-09-29T20:01:57.113234+00:00 152ab062-1f32-4789-910a-13bdc79651b2 - - - [NXLOG@14506 bosh_deployment="cf-warden" bosh_job_name="hm9000_z1" bosh_job_index="0" filename="/var/vcap/data/sys/log/hm9000/hm9000_listener.log"] {"timestamp":"1475179311.823267698","source":"listener","message":"listener.Bumped freshness","log_level":1,"data":{}}

2016-09-29T20:01:57.113296+00:00 152ab062-1f32-4789-910a-13bdc79651b2 - - - [NXLOG@14506 bosh_deployment="cf-warden" bosh_job_name="hm9000_z1" bosh_job_index="0" filename="/var/vcap/data/sys/log/hm9000/hm9000_listener.log"] {"timestamp":"1475179311.823489428","source":"listener","message":"listener.Saved Heartbeats","log_level":1,"data":{"Duration":"6.877514ms","Heartbeats to Save":"1"}}

2016-09-29T20:01:57.113930+00:00 05bf1627-ae2f-400c-b1ce-31973a9ff23f - - - [NXLOG@14506 bosh_deployment="cf-warden" bosh_job_name="uaa_z1" bosh_job_index="0" filename="/var/vcap/data/sys/log/uaa/localhost_access.log"] 127.0.0.1 - - [29/Sep/2016:20:01:38 +0000] "GET /healthz HTTP/1.1" 200 3

2016-09-29T20:01:57.114023+00:00 05bf1627-ae2f-400c-b1ce-31973a9ff23f - - - [NXLOG@14506 bosh_deployment="cf-warden" bosh_job_name="uaa_z1" bosh_job_index="0" filename="/var/vcap/data/sys/log/uaa/localhost_access.log"] 127.0.0.1 - - [29/Sep/2016:20:01:40 +0000] "GET /healthz HTTP/1.1" 200 3

2016-09-29T20:01:57.114065+00:00 05bf1627-ae2f-400c-b1ce-31973a9ff23f - - - [NXLOG@14506 bosh_deployment="cf-warden" bosh_job_name="uaa_z1" bosh_job_index="0" filename="/var/vcap/data/sys/log/uaa/localhost_access.log"] 127.0.0.1 - - [29/Sep/2016:20:01:42 +0000] "GET /healthz HTTP/1.1" 200 3

2016-09-29T20:01:57.114104+00:00 05bf1627-ae2f-400c-b1ce-31973a9ff23f - - - [NXLOG@14506 bosh_deployment="cf-warden" bosh_job_name="uaa_z1" bosh_job_index="0" filename="/var/vcap/data/sys/log/uaa/localhost_access.log"] 127.0.0.1 - - [29/Sep/2016:20:01:46 +0000] "GET /healthz HTTP/1.1" 200 3

2016-09-29T20:01:57.114165+00:00 05bf1627-ae2f-400c-b1ce-31973a9ff23f - - - [NXLOG@14506 bosh_deployment="cf-warden" bosh_job_name="uaa_z1" bosh_job_index="0" filename="/var/vcap/data/sys/log/route_registrar/route_registrar.stdout.log"] {"timestamp":"1475179310.808326006","source":"Route Registrar","message":"Route Registrar.Executing script","log_level":1,"data":{"scriptPath":"/var/vcap/jobs/uaa/bin/health_check"}}

2016-09-29T20:01:57.114204+00:00 05bf1627-ae2f-400c-b1ce-31973a9ff23f - - - [NXLOG@14506 bosh_deployment="cf-warden" bosh_job_name="uaa_z1" bosh_job_index="0" filename="/var/vcap/data/sys/log/route_registrar/route_registrar.stdout.log"] {"timestamp":"1475179310.821203470","source":"Route Registrar","message":"Route Registrar.Script exited without error","log_level":1,"data":{"script":"/var/vcap/jobs/uaa/bin/health_check","stderr":"  % Total    % Received % Xferd  Average Speed   Time    Time     Time  Current\n                                 Dload  Upload   Total   Spent    Left  Speed\n\r  0     0    0     0    0     0      0      0 --:--:-- --:--:-- --:--:--     0\r100     3  100     3    0     0   3164      0 --:--:-- --:--:-- --:--:--  3000\n","stdout":""}}

2016-09-29T20:01:57.114247+00:00 05bf1627-ae2f-400c-b1ce-31973a9ff23f - - - [NXLOG@14506 bosh_deployment="cf-warden" bosh_job_name="uaa_z1" bosh_job_index="0" filename="/var/vcap/data/sys/log/route_registrar/route_registrar.stdout.log"] {"timestamp":"1475179310.821390867","source":"Route Registrar","message":"Route Registrar.healthchecker returned healthy for route","log_level":1,"data":{"route":{"Name":"uaa","Port":8080,"Tags":{"component":"uaa"},"URIs":["uaa.bosh-lite.com","*.uaa.bosh-lite.com","login.bosh-lite.com","*.login.bosh-lite.com"],"RouteServiceUrl":"","RegistrationInterval":4000000000,"HealthCheck":{"Name":"uaa-healthcheck","ScriptPath":"/var/vcap/jobs/uaa/bin/health_check","Timeout":2000000000}}}}

2016-09-29T20:01:57.114311+00:00 05bf1627-ae2f-400c-b1ce-31973a9ff23f - - - [NXLOG@14506 bosh_deployment="cf-warden" bosh_job_name="uaa_z1" bosh_job_index="0" filename="/var/vcap/data/sys/log/route_registrar/route_registrar.stdout.log"] {"timestamp":"1475179310.821413994","source":"Route Registrar","message":"Route Registrar.Registering route","log_level":1,"data":{"route":{"Name":"uaa","Port":8080,"Tags":{"component":"uaa"},"URIs":["uaa.bosh-lite.com","*.uaa.bosh-lite.com","login.bosh-lite.com","*.login.bosh-lite.com"],"RouteServiceUrl":"","RegistrationInterval":4000000000,"HealthCheck":{"Name":"uaa-healthcheck","ScriptPath":"/var/vcap/jobs/uaa/bin/health_check","Timeout":2000000000}}}}

2016-09-29T20:01:57.114373+00:00 05bf1627-ae2f-400c-b1ce-31973a9ff23f - - - [NXLOG@14506 bosh_deployment="cf-warden" bosh_job_name="uaa_z1" bosh_job_index="0" filename="/var/vcap/data/sys/log/route_registrar/route_registrar.stdout.log"] {"timestamp":"1475179310.821583271","source":"Route Registrar","message":"Route Registrar.Registered routes successfully","log_level":1,"data":{}}

2016-09-29T20:01:57.114417+00:00 05bf1627-ae2f-400c-b1ce-31973a9ff23f - - - [NXLOG@14506 bosh_deployment="cf-warden" bosh_job_name="uaa_z1" bosh_job_index="0" filename="/var/vcap/data/sys/log/route_registrar/route_registrar.stdout.log"] {"timestamp":"1475179314.808452368","source":"Route Registrar","message":"Route Registrar.Executing script","log_level":1,"data":{"scriptPath":"/var/vcap/jobs/uaa/bin/health_check"}}

2016-09-29T20:01:57.114457+00:00 05bf1627-ae2f-400c-b1ce-31973a9ff23f - - - [NXLOG@14506 bosh_deployment="cf-warden" bosh_job_name="uaa_z1" bosh_job_index="0" filename="/var/vcap/data/sys/log/route_registrar/route_registrar.stdout.log"] {"timestamp":"1475179314.819225073","source":"Route Registrar","message":"Route Registrar.Script exited without error","log_level":1,"data":{"script":"/var/vcap/jobs/uaa/bin/health_check","stderr":"  % Total    % Received % Xferd  Average Speed   Time    Time     Time  Current\n                                 Dload  Upload   Total   Spent    Left  Speed\n\r  0     0    0     0    0     0      0      0 --:--:-- --:--:-- --:--:--     0\r100     3  100     3    0     0   3184      0 --:--:-- --:--:-- --:--:--  3000\n","stdout":""}}

2016-09-29T20:01:57.114515+00:00 05bf1627-ae2f-400c-b1ce-31973a9ff23f - - - [NXLOG@14506 bosh_deployment="cf-warden" bosh_job_name="uaa_z1" bosh_job_index="0" filename="/var/vcap/data/sys/log/route_registrar/route_registrar.stdout.log"] {"timestamp":"1475179314.819298029","source":"Route Registrar","message":"Route Registrar.healthchecker returned healthy for route","log_level":1,"data":{"route":{"Name":"uaa","Port":8080,"Tags":{"component":"uaa"},"URIs":["uaa.bosh-lite.com","*.uaa.bosh-lite.com","login.bosh-lite.com","*.login.bosh-lite.com"],"RouteServiceUrl":"","RegistrationInterval":4000000000,"HealthCheck":{"Name":"uaa-healthcheck","ScriptPath":"/var/vcap/jobs/uaa/bin/health_check","Timeout":2000000000}}}}

2016-09-29T20:01:57.114559+00:00 05bf1627-ae2f-400c-b1ce-31973a9ff23f - - - [NXLOG@14506 bosh_deployment="cf-warden" bosh_job_name="uaa_z1" bosh_job_index="0" filename="/var/vcap/data/sys/log/route_registrar/route_registrar.stdout.log"] {"timestamp":"1475179314.819326401","source":"Route Registrar","message":"Route Registrar.Registering route","log_level":1,"data":{"route":{"Name":"uaa","Port":8080,"Tags":{"component":"uaa"},"URIs":["uaa.bosh-lite.com","*.uaa.bosh-lite.com","login.bosh-lite.com","*.login.bosh-lite.com"],"RouteServiceUrl":"","RegistrationInterval":4000000000,"HealthCheck":{"Name":"uaa-healthcheck","ScriptPath":"/var/vcap/jobs/uaa/bin/health_check","Timeout":2000000000}}}}

2016-09-29T20:01:57.114613+00:00 05bf1627-ae2f-400c-b1ce-31973a9ff23f - - - [NXLOG@14506 bosh_deployment="cf-warden" bosh_job_name="uaa_z1" bosh_job_index="0" filename="/var/vcap/data/sys/log/route_registrar/route_registrar.stdout.log"] {"timestamp":"1475179314.819381952","source":"Route Registrar","message":"Route Registrar.Registered routes successfully","log_level":1,"data":{}}

2016-09-29T20:01:57.114670+00:00 05bf1627-ae2f-400c-b1ce-31973a9ff23f - - - [NXLOG@14506 bosh_deployment="cf-warden" bosh_job_name="uaa_z1" bosh_job_index="0" filename="/var/vcap/data/sys/log/uaa/uaa.log"] [2016-09-29 20:01:50.666] uaa - 19013 [http-nio-127.0.0.1-8989-exec-8] .... DEBUG --- AntPathRequestMatcher: Checking match of request : '/healthz'; against '/resources/**'

2016-09-29T20:01:57.114728+00:00 05bf1627-ae2f-400c-b1ce-31973a9ff23f - - - [NXLOG@14506 bosh_deployment="cf-warden" bosh_job_name="uaa_z1" bosh_job_index="0" filename="/var/vcap/data/sys/log/uaa/uaa.log"] [2016-09-29 20:01:50.666] uaa - 19013 [http-nio-127.0.0.1-8989-exec-8] .... DEBUG --- AntPathRequestMatcher: Checking match of request : '/healthz'; against '/square-logo.png'

2016-09-29T20:01:57.114759+00:00 05bf1627-ae2f-400c-b1ce-31973a9ff23f - - - [NXLOG@14506 bosh_deployment="cf-warden" bosh_job_name="uaa_z1" bosh_job_index="0" filename="/var/vcap/data/sys/log/uaa/uaa.log"] [2016-09-29 20:01:50.666] uaa - 19013 [http-nio-127.0.0.1-8989-exec-8] .... DEBUG --- AntPathRequestMatcher: Checking match of request : '/healthz'; against '/info'

2016-09-29T20:01:57.114780+00:00 05bf1627-ae2f-400c-b1ce-31973a9ff23f - - - [NXLOG@14506 bosh_deployment="cf-warden" bosh_job_name="uaa_z1" bosh_job_index="0" filename="/var/vcap/data/sys/log/uaa/uaa.log"] [2016-09-29 20:01:50.666] uaa - 19013 [http-nio-127.0.0.1-8989-exec-8] .... DEBUG --- AntPathRequestMatcher: Checking match of request : '/healthz'; against '/password/**'

2016-09-29T20:01:57.114797+00:00 05bf1627-ae2f-400c-b1ce-31973a9ff23f - - - [NXLOG@14506 bosh_deployment="cf-warden" bosh_job_name="uaa_z1" bosh_job_index="0" filename="/var/vcap/data/sys/log/uaa/uaa.log"] [2016-09-29 20:01:50.666] uaa - 19013 [http-nio-127.0.0.1-8989-exec-8] .... DEBUG --- AntPathRequestMatcher: Checking match of request : '/healthz'; against '/healthz/**'

2016-09-29T20:01:57.114814+00:00 05bf1627-ae2f-400c-b1ce-31973a9ff23f - - - [NXLOG@14506 bosh_deployment="cf-warden" bosh_job_name="uaa_z1" bosh_job_index="0" filename="/var/vcap/data/sys/log/uaa/uaa.log"] [2016-09-29 20:01:50.666] uaa - 19013 [http-nio-127.0.0.1-8989-exec-8] .... DEBUG --- FilterChainProxy: /healthz has an empty filter list

2016-09-29T20:01:57.114832+00:00 05bf1627-ae2f-400c-b1ce-31973a9ff23f - - - [NXLOG@14506 bosh_deployment="cf-warden" bosh_job_name="uaa_z1" bosh_job_index="0" filename="/var/vcap/data/sys/log/uaa/uaa.log"] [2016-09-29 20:01:50.666] uaa - 19013 [http-nio-127.0.0.1-8989-exec-8] .... DEBUG --- DispatcherServlet: DispatcherServlet with name 'spring' processing GET request for [/healthz]

2016-09-29T20:01:57.114861+00:00 05bf1627-ae2f-400c-b1ce-31973a9ff23f - - - [NXLOG@14506 bosh_deployment="cf-warden" bosh_job_name="uaa_z1" bosh_job_index="0" filename="/var/vcap/data/sys/log/uaa/uaa.log"] [2016-09-29 20:01:50.666] uaa - 19013 [http-nio-127.0.0.1-8989-exec-8] .... DEBUG --- DispatcherServlet: Last-Modified value for [/healthz] is: -1

2016-09-29T20:01:57.114880+00:00 05bf1627-ae2f-400c-b1ce-31973a9ff23f - - - [NXLOG@14506 bosh_deployment="cf-warden" bosh_job_name="uaa_z1" bosh_job_index="0" filename="/var/vcap/data/sys/log/uaa/uaa.log"] [2016-09-29 20:01:50.666] uaa - 19013 [http-nio-127.0.0.1-8989-exec-8] .... DEBUG --- RequestResponseBodyMethodProcessor: Written [ok

2016-09-29T20:01:57.114891+00:00 05bf1627-ae2f-400c-b1ce-31973a9ff23f - - - [NXLOG@14506 bosh_deployment="cf-warden" bosh_job_name="uaa_z1" bosh_job_index="0" filename="/var/vcap/data/sys/log/uaa/uaa.log"] ] as "text/plain;charset=ISO-8859-1" using [org.springframework.http.converter.StringHttpMessageConverter@178b2baf]

2016-09-29T20:01:57.114902+00:00 05bf1627-ae2f-400c-b1ce-31973a9ff23f - - - [NXLOG@14506 bosh_deployment="cf-warden" bosh_job_name="uaa_z1" bosh_job_index="0" filename="/var/vcap/data/sys/log/uaa/uaa.log"] [2016-09-29 20:01:50.666] uaa - 19013 [http-nio-127.0.0.1-8989-exec-8] .... DEBUG --- DispatcherServlet: Null ModelAndView returned to DispatcherServlet with name 'spring': assuming HandlerAdapter completed request handling

2016-09-29T20:01:57.114928+00:00 05bf1627-ae2f-400c-b1ce-31973a9ff23f - - - [NXLOG@14506 bosh_deployment="cf-warden" bosh_job_name="uaa_z1" bosh_job_index="0" filename="/var/vcap/data/sys/log/uaa/uaa.log"] [2016-09-29 20:01:50.666] uaa - 19013 [http-nio-127.0.0.1-8989-exec-8] .... DEBUG --- DispatcherServlet: Successfully completed request

2016-09-29T20:01:57.114958+00:00 05bf1627-ae2f-400c-b1ce-31973a9ff23f - - - [NXLOG@14506 bosh_deployment="cf-warden" bosh_job_name="uaa_z1" bosh_job_index="0" filename="/var/vcap/data/sys/log/uaa/uaa.log"] [2016-09-29 20:01:50.818] uaa - 19013 [http-nio-127.0.0.1-8989-exec-7] .... DEBUG --- AntPathRequestMatcher: Checking match of request : '/healthz'; against '/resources/**'

2016-09-29T20:01:57.114970+00:00 05bf1627-ae2f-400c-b1ce-31973a9ff23f - - - [NXLOG@14506 bosh_deployment="cf-warden" bosh_job_name="uaa_z1" bosh_job_index="0" filename="/var/vcap/data/sys/log/uaa/uaa.log"] [2016-09-29 20:01:50.819] uaa - 19013 [http-nio-127.0.0.1-8989-exec-7] .... DEBUG --- AntPathRequestMatcher: Checking match of request : '/healthz'; against '/square-logo.png'

2016-09-29T20:01:57.115015+00:00 05bf1627-ae2f-400c-b1ce-31973a9ff23f - - - [NXLOG@14506 bosh_deployment="cf-warden" bosh_job_name="uaa_z1" bosh_job_index="0" filename="/var/vcap/data/sys/log/uaa/uaa.log"] [2016-09-29 20:01:50.819] uaa - 19013 [http-nio-127.0.0.1-8989-exec-7] .... DEBUG --- AntPathRequestMatcher: Checking match of request : '/healthz'; against '/info'

2016-09-29T20:01:57.115065+00:00 05bf1627-ae2f-400c-b1ce-31973a9ff23f - - - [NXLOG@14506 bosh_deployment="cf-warden" bosh_job_name="uaa_z1" bosh_job_index="0" filename="/var/vcap/data/sys/log/uaa/uaa.log"] [2016-09-29 20:01:50.819] uaa - 19013 [http-nio-127.0.0.1-8989-exec-7] .... DEBUG --- AntPathRequestMatcher: Checking match of request : '/healthz'; against '/password/**'

2016-09-29T20:01:57.115080+00:00 05bf1627-ae2f-400c-b1ce-31973a9ff23f - - - [NXLOG@14506 bosh_deployment="cf-warden" bosh_job_name="uaa_z1" bosh_job_index="0" filename="/var/vcap/data/sys/log/uaa/uaa.log"] [2016-09-29 20:01:50.819] uaa - 19013 [http-nio-127.0.0.1-8989-exec-7] .... DEBUG --- AntPathRequestMatcher: Checking match of request : '/healthz'; against '/healthz/**'

2016-09-29T20:01:57.115105+00:00 05bf1627-ae2f-400c-b1ce-31973a9ff23f - - - [NXLOG@14506 bosh_deployment="cf-warden" bosh_job_name="uaa_z1" bosh_job_index="0" filename="/var/vcap/data/sys/log/uaa/uaa.log"] [2016-09-29 20:01:50.819] uaa - 19013 [http-nio-127.0.0.1-8989-exec-7] .... DEBUG --- FilterChainProxy: /healthz has an empty filter list

2016-09-29T20:01:57.115200+00:00 05bf1627-ae2f-400c-b1ce-31973a9ff23f - - - [NXLOG@14506 bosh_deployment="cf-warden" bosh_job_name="uaa_z1" bosh_job_index="0" filename="/var/vcap/data/sys/log/uaa/uaa.log"] [2016-09-29 20:01:50.819] uaa - 19013 [http-nio-127.0.0.1-8989-exec-7] .... DEBUG --- DispatcherServlet: DispatcherServlet with name 'spring' processing GET request for [/healthz]

2016-09-29T20:01:57.115247+00:00 05bf1627-ae2f-400c-b1ce-31973a9ff23f - - - [NXLOG@14506 bosh_deployment="cf-warden" bosh_job_name="uaa_z1" bosh_job_index="0" filename="/var/vcap/data/sys/log/uaa/uaa.log"] [2016-09-29 20:01:50.819] uaa - 19013 [http-nio-127.0.0.1-8989-exec-7] .... DEBUG --- DispatcherServlet: Last-Modified value for [/healthz] is: -1

2016-09-29T20:01:57.115276+00:00 05bf1627-ae2f-400c-b1ce-31973a9ff23f - - - [NXLOG@14506 bosh_deployment="cf-warden" bosh_job_name="uaa_z1" bosh_job_index="0" filename="/var/vcap/data/sys/log/uaa/uaa.log"] [2016-09-29 20:01:50.819] uaa - 19013 [http-nio-127.0.0.1-8989-exec-7] .... DEBUG --- RequestResponseBodyMethodProcessor: Written [ok

2016-09-29T20:01:57.115288+00:00 05bf1627-ae2f-400c-b1ce-31973a9ff23f - - - [NXLOG@14506 bosh_deployment="cf-warden" bosh_job_name="uaa_z1" bosh_job_index="0" filename="/var/vcap/data/sys/log/uaa/uaa.log"] ] as "text/plain;charset=ISO-8859-1" using [org.springframework.http.converter.StringHttpMessageConverter@178b2baf]

2016-09-29T20:01:57.115305+00:00 05bf1627-ae2f-400c-b1ce-31973a9ff23f - - - [NXLOG@14506 bosh_deployment="cf-warden" bosh_job_name="uaa_z1" bosh_job_index="0" filename="/var/vcap/data/sys/log/uaa/uaa.log"] [2016-09-29 20:01:50.819] uaa - 19013 [http-nio-127.0.0.1-8989-exec-7] .... DEBUG --- DispatcherServlet: Null ModelAndView returned to DispatcherServlet with name 'spring': assuming HandlerAdapter completed request handling

2016-09-29T20:01:57.115339+00:00 05bf1627-ae2f-400c-b1ce-31973a9ff23f - - - [NXLOG@14506 bosh_deployment="cf-warden" bosh_job_name="uaa_z1" bosh_job_index="0" filename="/var/vcap/data/sys/log/uaa/uaa.log"] [2016-09-29 20:01:50.819] uaa - 19013 [http-nio-127.0.0.1-8989-exec-7] .... DEBUG --- DispatcherServlet: Successfully completed request

2016-09-29T20:01:57.115351+00:00 05bf1627-ae2f-400c-b1ce-31973a9ff23f - - - [NXLOG@14506 bosh_deployment="cf-warden" bosh_job_name="uaa_z1" bosh_job_index="0" filename="/var/vcap/data/sys/log/uaa/uaa.log"] [2016-09-29 20:01:51.156] uaa - 19013 [pool-2-thread-1] .... DEBUG --- JdbcTemplate: Executing SQL query [select count(*) from oauth_client_details]

2016-09-29T20:01:57.115491+00:00 05bf1627-ae2f-400c-b1ce-31973a9ff23f - - - [NXLOG@14506 bosh_deployment="cf-warden" bosh_job_name="uaa_z1" bosh_job_index="0" filename="/var/vcap/data/sys/log/uaa/uaa.log"] [2016-09-29 20:01:51.157] uaa - 19013 [pool-2-thread-1] .... DEBUG --- JdbcTemplate: Executing SQL query [select count(*) from users]

2016-09-29T20:01:57.115579+00:00 05bf1627-ae2f-400c-b1ce-31973a9ff23f - - - [NXLOG@14506 bosh_deployment="cf-warden" bosh_job_name="uaa_z1" bosh_job_index="0" filename="/var/vcap/data/sys/log/uaa/uaa.log"] [2016-09-29 20:01:54.817] uaa - 19013 [http-nio-127.0.0.1-8989-exec-4] .... DEBUG --- AntPathRequestMatcher: Checking match of request : '/healthz'; against '/resources/**'

2016-09-29T20:01:57.115606+00:00 05bf1627-ae2f-400c-b1ce-31973a9ff23f - - - [NXLOG@14506 bosh_deployment="cf-warden" bosh_job_name="uaa_z1" bosh_job_index="0" filename="/var/vcap/data/sys/log/uaa/uaa.log"] [2016-09-29 20:01:54.817] uaa - 19013 [http-nio-127.0.0.1-8989-exec-4] .... DEBUG --- AntPathRequestMatcher: Checking match of request : '/healthz'; against '/square-logo.png'

2016-09-29T20:01:57.115747+00:00 05bf1627-ae2f-400c-b1ce-31973a9ff23f - - - [NXLOG@14506 bosh_deployment="cf-warden" bosh_job_name="uaa_z1" bosh_job_index="0" filename="/var/vcap/data/sys/log/uaa/uaa.log"] [2016-09-29 20:01:54.817] uaa - 19013 [http-nio-127.0.0.1-8989-exec-4] .... DEBUG --- AntPathRequestMatcher: Checking match of request : '/healthz'; against '/info'

2016-09-29T20:01:57.115809+00:00 05bf1627-ae2f-400c-b1ce-31973a9ff23f - - - [NXLOG@14506 bosh_deployment="cf-warden" bosh_job_name="uaa_z1" bosh_job_index="0" filename="/var/vcap/data/sys/log/uaa/uaa.log"] [2016-09-29 20:01:54.817] uaa - 19013 [http-nio-127.0.0.1-8989-exec-4] .... DEBUG --- AntPathRequestMatcher: Checking match of request : '/healthz'; against '/password/**'

2016-09-29T20:01:57.115821+00:00 05bf1627-ae2f-400c-b1ce-31973a9ff23f - - - [NXLOG@14506 bosh_deployment="cf-warden" bosh_job_name="uaa_z1" bosh_job_index="0" filename="/var/vcap/data/sys/log/uaa/uaa.log"] [2016-09-29 20:01:54.817] uaa - 19013 [http-nio-127.0.0.1-8989-exec-4] .... DEBUG --- AntPathRequestMatcher: Checking match of request : '/healthz'; against '/healthz/**'

2016-09-29T20:01:57.115831+00:00 05bf1627-ae2f-400c-b1ce-31973a9ff23f - - - [NXLOG@14506 bosh_deployment="cf-warden" bosh_job_name="uaa_z1" bosh_job_index="0" filename="/var/vcap/data/sys/log/uaa/uaa.log"] [2016-09-29 20:01:54.817] uaa - 19013 [http-nio-127.0.0.1-8989-exec-4] .... DEBUG --- FilterChainProxy: /healthz has an empty filter list

2016-09-29T20:01:57.115908+00:00 05bf1627-ae2f-400c-b1ce-31973a9ff23f - - - [NXLOG@14506 bosh_deployment="cf-warden" bosh_job_name="uaa_z1" bosh_job_index="0" filename="/var/vcap/data/sys/log/uaa/uaa.log"] [2016-09-29 20:01:54.817] uaa - 19013 [http-nio-127.0.0.1-8989-exec-4] .... DEBUG --- DispatcherServlet: DispatcherServlet with name 'spring' processing GET request for [/healthz]

2016-09-29T20:01:57.115967+00:00 05bf1627-ae2f-400c-b1ce-31973a9ff23f - - - [NXLOG@14506 bosh_deployment="cf-warden" bosh_job_name="uaa_z1" bosh_job_index="0" filename="/var/vcap/data/sys/log/uaa/uaa.log"] [2016-09-29 20:01:54.817] uaa - 19013 [http-nio-127.0.0.1-8989-exec-4] .... DEBUG --- DispatcherServlet: Last-Modified value for [/healthz] is: -1

2016-09-29T20:01:57.115989+00:00 05bf1627-ae2f-400c-b1ce-31973a9ff23f - - - [NXLOG@14506 bosh_deployment="cf-warden" bosh_job_name="uaa_z1" bosh_job_index="0" filename="/var/vcap/data/sys/log/uaa/uaa.log"] [2016-09-29 20:01:54.818] uaa - 19013 [http-nio-127.0.0.1-8989-exec-4] .... DEBUG --- RequestResponseBodyMethodProcessor: Written [ok

2016-09-29T20:01:57.116003+00:00 05bf1627-ae2f-400c-b1ce-31973a9ff23f - - - [NXLOG@14506 bosh_deployment="cf-warden" bosh_job_name="uaa_z1" bosh_job_index="0" filename="/var/vcap/data/sys/log/uaa/uaa.log"] ] as "text/plain;charset=ISO-8859-1" using [org.springframework.http.converter.StringHttpMessageConverter@178b2baf]

2016-09-29T20:01:57.116013+00:00 05bf1627-ae2f-400c-b1ce-31973a9ff23f - - - [NXLOG@14506 bosh_deployment="cf-warden" bosh_job_name="uaa_z1" bosh_job_index="0" filename="/var/vcap/data/sys/log/uaa/uaa.log"] [2016-09-29 20:01:54.818] uaa - 19013 [http-nio-127.0.0.1-8989-exec-4] .... DEBUG --- DispatcherServlet: Null ModelAndView returned to DispatcherServlet with name 'spring': assuming HandlerAdapter completed request handling

2016-09-29T20:01:57.116042+00:00 05bf1627-ae2f-400c-b1ce-31973a9ff23f - - - [NXLOG@14506 bosh_deployment="cf-warden" bosh_job_name="uaa_z1" bosh_job_index="0" filename="/var/vcap/data/sys/log/uaa/uaa.log"] [2016-09-29 20:01:54.818] uaa - 19013 [http-nio-127.0.0.1-8989-exec-4] .... DEBUG --- DispatcherServlet: Successfully completed request

2016-09-29T20:01:57.116101+00:00 05bf1627-ae2f-400c-b1ce-31973a9ff23f - - - [NXLOG@14506 bosh_deployment="cf-warden" bosh_job_name="uaa_z1" bosh_job_index="0" filename="/var/vcap/data/sys/log/uaa/uaa.log"] [2016-09-29 20:01:56.156] uaa - 19013 [pool-2-thread-1] .... DEBUG --- JdbcTemplate: Executing SQL query [select count(*) from oauth_client_details]

2016-09-29T20:01:57.116145+00:00 05bf1627-ae2f-400c-b1ce-31973a9ff23f - - - [NXLOG@14506 bosh_deployment="cf-warden" bosh_job_name="uaa_z1" bosh_job_index="0" filename="/var/vcap/data/sys/log/uaa/uaa.log"] [2016-09-29 20:01:56.158] uaa - 19013 [pool-2-thread-1] .... DEBUG --- JdbcTemplate: Executing SQL query [select count(*) from users]

2016-09-29T20:01:57.124127+00:00 b0fa19c0-86de-4447-a670-3f7adbd0b3c1 - - - [NXLOG@14506 bosh_deployment="cf-warden" bosh_job_name="api_z1" bosh_job_index="0" filename="/var/vcap/data/sys/log/cloud_controller_worker/cloud_controller_worker.log"] {"timestamp":1475179311.7764134,"message":"(0.000607s) SELECT * FROM \"delayed_jobs\" WHERE ((((\"run_at\" <= '2016-09-29 20:01:51.775294+0000') AND (\"locked_at\" IS NULL)) OR (\"locked_by\" = 'cc_global_worker.api_z1.0.1')) AND (\"failed_at\" IS NULL) AND (\"queue\" IN ('cc-generic'))) ORDER BY \"priority\" ASC, \"run_at\" ASC LIMIT 5","log_level":"debug2","source":"cc.background","data":{},"thread_id":47193737007380,"fiber_id":47193773841900,"process_id":15807,"file":"/var/vcap/packages/cloud_controller_ng/cloud_controller_ng/vendor/bundle/ruby/2.3.0/gems/sequel-4.29.0/lib/sequel/database/logging.rb","lineno":70,"method":"block in log_each"}

2016-09-29T20:01:57.124326+00:00 b0fa19c0-86de-4447-a670-3f7adbd0b3c1 - - - [NXLOG@14506 bosh_deployment="cf-warden" bosh_job_name="api_z1" bosh_job_index="0" filename="/var/vcap/data/sys/log/cloud_controller_worker/cloud_controller_worker.log"] {"timestamp":1475179316.8020506,"message":"(0.000484s) SELECT * FROM \"delayed_jobs\" WHERE ((((\"run_at\" <= '2016-09-29 20:01:56.801030+0000') AND (\"locked_at\" IS NULL)) OR (\"locked_by\" = 'cc_global_worker.api_z1.0.1')) AND (\"failed_at\" IS NULL) AND (\"queue\" IN ('cc-generic'))) ORDER BY \"priority\" ASC, \"run_at\" ASC LIMIT 5","log_level":"debug2","source":"cc.background","data":{},"thread_id":47193737007380,"fiber_id":47193773841900,"process_id":15807,"file":"/var/vcap/packages/cloud_controller_ng/cloud_controller_ng/vendor/bundle/ruby/2.3.0/gems/sequel-4.29.0/lib/sequel/database/logging.rb","lineno":70,"method":"block in log_each"}

2016-09-29T20:01:57.124423+00:00 b0fa19c0-86de-4447-a670-3f7adbd0b3c1 - - - [NXLOG@14506 bosh_deployment="cf-warden" bosh_job_name="api_z1" bosh_job_index="0" filename="/var/vcap/data/sys/log/nginx_cc/nginx.access.log"] 10.244.0.138 - [29/Sep/2016:20:01:57 +0000] "GET /v2/info HTTP/1.1" 200 802 "-" "monit/5.2.5" 10.244.0.138 vcap_request_id:4cbdad4b-3f2e-4dea-9a08-58ee95c713c1 response_time:0.005

2016-09-29T20:01:57.124485+00:00 b0fa19c0-86de-4447-a670-3f7adbd0b3c1 - - - [NXLOG@14506 bosh_deployment="cf-warden" bosh_job_name="api_z1" bosh_job_index="0" filename="/var/vcap/data/sys/log/cloud_controller_ng/cloud_controller_ng.log"] {"timestamp":1475179308.103332,"message":"(0.000779s) SELECT * FROM \"delayed_jobs\" WHERE ((((\"run_at\" <= '2016-09-29 20:01:48.101778+0000') AND (\"locked_at\" IS NULL)) OR (\"locked_by\" = 'cc_api_worker.api_z1.0.1')) AND (\"failed_at\" IS NULL) AND (\"queue\" IN ('cc-api_z1-0'))) ORDER BY \"priority\" ASC, \"run_at\" ASC LIMIT 5","log_level":"debug2","source":"cc.background","data":{},"thread_id":47452862460180,"fiber_id":47452899698480,"process_id":15587,"file":"/var/vcap/packages/cloud_controller_ng/cloud_controller_ng/vendor/bundle/ruby/2.3.0/gems/sequel-4.29.0/lib/sequel/database/logging.rb","lineno":70,"method":"block in log_each"}

2016-09-29T20:01:57.124594+00:00 b0fa19c0-86de-4447-a670-3f7adbd0b3c1 - - - [NXLOG@14506 bosh_deployment="cf-warden" bosh_job_name="api_z1" bosh_job_index="0" filename="/var/vcap/data/sys/log/cloud_controller_ng/cloud_controller_ng.log"] {"timestamp":1475179311.7765434,"message":"(0.000496s) SELECT * FROM \"delayed_jobs\" WHERE ((((\"run_at\" <= '2016-09-29 20:01:51.775527+0000') AND (\"locked_at\" IS NULL)) OR (\"locked_by\" = 'cc_api_worker.api_z1.0.2')) AND (\"failed_at\" IS NULL) AND (\"queue\" IN ('cc-api_z1-0'))) ORDER BY \"priority\" ASC, \"run_at\" ASC LIMIT 5","log_level":"debug2","source":"cc.background","data":{},"thread_id":47118928261380,"fiber_id":47118965175380,"process_id":15629,"file":"/var/vcap/packages/cloud_controller_ng/cloud_controller_ng/vendor/bundle/ruby/2.3.0/gems/sequel-4.29.0/lib/sequel/database/logging.rb","lineno":70,"method":"block in log_each"}

2016-09-29T20:01:57.124712+00:00 b0fa19c0-86de-4447-a670-3f7adbd0b3c1 - - - [NXLOG@14506 bosh_deployment="cf-warden" bosh_job_name="api_z1" bosh_job_index="0" filename="/var/vcap/data/sys/log/cloud_controller_ng/cloud_controller_ng.log"] {"timestamp":1475179313.1277964,"message":"(0.002805s) SELECT * FROM \"delayed_jobs\" WHERE ((((\"run_at\" <= '2016-09-29 20:01:53.124484+0000') AND (\"locked_at\" IS NULL)) OR (\"locked_by\" = 'cc_api_worker.api_z1.0.1')) AND (\"failed_at\" IS NULL) AND (\"queue\" IN ('cc-api_z1-0'))) ORDER BY \"priority\" ASC, \"run_at\" ASC LIMIT 5","log_level":"debug2","source":"cc.background","data":{},"thread_id":47452862460180,"fiber_id":47452899698480,"process_id":15587,"file":"/var/vcap/packages/cloud_controller_ng/cloud_controller_ng/vendor/bundle/ruby/2.3.0/gems/sequel-4.29.0/lib/sequel/database/logging.rb","lineno":70,"method":"block in log_each"}

2016-09-29T20:01:57.124776+00:00 b0fa19c0-86de-4447-a670-3f7adbd0b3c1 - - - [NXLOG@14506 bosh_deployment="cf-warden" bosh_job_name="api_z1" bosh_job_index="0" filename="/var/vcap/data/sys/log/cloud_controller_ng/cloud_controller_ng.log"] {"timestamp":1475179316.801875,"message":"(0.000544s) SELECT * FROM \"delayed_jobs\" WHERE ((((\"run_at\" <= '2016-09-29 20:01:56.800887+0000') AND (\"locked_at\" IS NULL)) OR (\"locked_by\" = 'cc_api_worker.api_z1.0.2')) AND (\"failed_at\" IS NULL) AND (\"queue\" IN ('cc-api_z1-0'))) ORDER BY \"priority\" ASC, \"run_at\" ASC LIMIT 5","log_level":"debug2","source":"cc.background","data":{},"thread_id":47118928261380,"fiber_id":47118965175380,"process_id":15629,"file":"/var/vcap/packages/cloud_controller_ng/cloud_controller_ng/vendor/bundle/ruby/2.3.0/gems/sequel-4.29.0/lib/sequel/database/logging.rb","lineno":70,"method":"block in log_each"}

2016-09-29T20:01:57.124860+00:00 b0fa19c0-86de-4447-a670-3f7adbd0b3c1 - - - [NXLOG@14506 bosh_deployment="cf-warden" bosh_job_name="api_z1" bosh_job_index="0" filename="/var/vcap/data/sys/log/cloud_controller_ng/cloud_controller_ng.log"] {"timestamp":1475179317.0864303,"message":"Statsd: cc.requests.outstanding:1|c","log_level":"debug","source":"statsd.client","data":{},"thread_id":47062185509200,"fiber_id":47062154523660,"process_id":15535,"file":"/var/vcap/packages/cloud_controller_ng/cloud_controller_ng/vendor/bundle/ruby/2.3.0/gems/statsd-ruby-1.2.1/lib/statsd.rb","lineno":254,"method":"send_to_socket"}

2016-09-29T20:01:57.125031+00:00 b0fa19c0-86de-4447-a670-3f7adbd0b3c1 - - - [NXLOG@14506 bosh_deployment="cf-warden" bosh_job_name="api_z1" bosh_job_index="0" filename="/var/vcap/data/sys/log/cloud_controller_ng/cloud_controller_ng.log"] {"timestamp":1475179317.0871496,"message":"Started GET \"/v2/info\" for user: , ip: 127.0.0.1 with vcap-request-id: 4cbdad4b-3f2e-4dea-9a08-58ee95c713c1 at 2016-09-29 20:01:57 UTC","log_level":"info","source":"cc.api","data":{},"thread_id":47062185509200,"fiber_id":47062154523660,"process_id":15535,"file":"/var/vcap/packages/cloud_controller_ng/cloud_controller_ng/middleware/request_logs.rb","lineno":12,"method":"call"}

2016-09-29T20:01:57.125132+00:00 b0fa19c0-86de-4447-a670-3f7adbd0b3c1 - - - [NXLOG@14506 bosh_deployment="cf-warden" bosh_job_name="api_z1" bosh_job_index="0" filename="/var/vcap/data/sys/log/cloud_controller_ng/cloud_controller_ng.log"] {"timestamp":1475179317.0879636,"message":"dispatch VCAP::CloudController::InfoController get /v2/info","log_level":"debug","source":"cc.api","data":{"request_guid":"4cbdad4b-3f2e-4dea-9a08-58ee95c713c1"},"thread_id":47062185509200,"fiber_id":47062154523660,"process_id":15535,"file":"/var/vcap/data/packages/cloud_controller_ng/f87cb49aa2cd87792cb9c2211a79e1542502be4d.1-b1a5f3c830cb6c32ae9e685628b24aa967f5ae54/cloud_controller_ng/lib/cloud_controller/rest_controller/routes.rb","lineno":12,"method":"block in define_route"}

2016-09-29T20:01:57.125180+00:00 b0fa19c0-86de-4447-a670-3f7adbd0b3c1 - - - [NXLOG@14506 bosh_deployment="cf-warden" bosh_job_name="api_z1" bosh_job_index="0" filename="/var/vcap/data/sys/log/cloud_controller_ng/cloud_controller_ng.log"] {"timestamp":1475179317.0881498,"message":"parse_params: {} ","log_level":"debug","source":"cc.api","data":{"request_guid":"4cbdad4b-3f2e-4dea-9a08-58ee95c713c1"},"thread_id":47062185509200,"fiber_id":47062154523660,"process_id":15535,"file":"/var/vcap/data/packages/cloud_controller_ng/f87cb49aa2cd87792cb9c2211a79e1542502be4d.1-b1a5f3c830cb6c32ae9e685628b24aa967f5ae54/cloud_controller_ng/lib/cloud_controller/rest_controller/common_params.rb","lineno":10,"method":"parse"}

2016-09-29T20:01:57.125225+00:00 b0fa19c0-86de-4447-a670-3f7adbd0b3c1 - - - [NXLOG@14506 bosh_deployment="cf-warden" bosh_job_name="api_z1" bosh_job_index="0" filename="/var/vcap/data/sys/log/cloud_controller_ng/cloud_controller_ng.log"] {"timestamp":1475179317.0882947,"message":"cc.dispatch","log_level":"debug","source":"cc.api","data":{"request_guid":"4cbdad4b-3f2e-4dea-9a08-58ee95c713c1","endpoint":"read","args":[]},"thread_id":47062185509200,"fiber_id":47062154523660,"process_id":15535,"file":"/var/vcap/data/packages/cloud_controller_ng/f87cb49aa2cd87792cb9c2211a79e1542502be4d.1-b1a5f3c830cb6c32ae9e685628b24aa967f5ae54/cloud_controller_ng/app/controllers/base/base_controller.rb","lineno":78,"method":"dispatch"}

2016-09-29T20:01:57.125280+00:00 b0fa19c0-86de-4447-a670-3f7adbd0b3c1 - - - [NXLOG@14506 bosh_deployment="cf-warden" bosh_job_name="api_z1" bosh_job_index="0" filename="/var/vcap/data/sys/log/cloud_controller_ng/cloud_controller_ng.log"] {"timestamp":1475179317.088635,"message":"Completed 200 vcap-request-id: 4cbdad4b-3f2e-4dea-9a08-58ee95c713c1","log_level":"info","source":"cc.api","data":{},"thread_id":47062185509200,"fiber_id":47062154523660,"process_id":15535,"file":"/var/vcap/packages/cloud_controller_ng/cloud_controller_ng/middleware/request_logs.rb","lineno":24,"method":"call"}

2016-09-29T20:01:57.125336+00:00 b0fa19c0-86de-4447-a670-3f7adbd0b3c1 - - - [NXLOG@14506 bosh_deployment="cf-warden" bosh_job_name="api_z1" bosh_job_index="0" filename="/var/vcap/data/sys/log/cloud_controller_ng/cloud_controller_ng.log"] {"timestamp":1475179317.0888069,"message":"Statsd: cc.requests.outstanding:-1|c\ncc.requests.completed:1|c\ncc.http_status.2XX:1|c","log_level":"debug","source":"statsd.client","data":{},"thread_id":47062185509200,"fiber_id":47062154523660,"process_id":15535,"file":"/var/vcap/packages/cloud_controller_ng/cloud_controller_ng/vendor/bundle/ruby/2.3.0/gems/statsd-ruby-1.2.1/lib/statsd.rb","lineno":254,"method":"send_to_socket"}

2016-09-29T20:02:06.972471+00:00 bfc626ef-a2eb-4bad-8f71-fa1d6d0f927f - - - [NXLOG@14506 bosh_deployment="cf-warden" bosh_job_name="loggregator_trafficcontroller_z1" bosh_job_index="0" filename="/var/vcap/data/sys/log/route_registrar/route_registrar.stdout.log"] {"timestamp":"1475179326.738305569","source":"Route Registrar","message":"Route Registrar.no healthchecker found for route","log_level":1,"data":{"route":{"Name":"loggregator","Port":8080,"Tags":null,"URIs":["loggregator.bosh-lite.com"],"RouteServiceUrl":"","RegistrationInterval":20000000000,"HealthCheck":null}}}

2016-09-29T20:02:06.972606+00:00 bfc626ef-a2eb-4bad-8f71-fa1d6d0f927f - - - [NXLOG@14506 bosh_deployment="cf-warden" bosh_job_name="loggregator_trafficcontroller_z1" bosh_job_index="0" filename="/var/vcap/data/sys/log/route_registrar/route_registrar.stdout.log"] {"timestamp":"1475179326.738383055","source":"Route Registrar","message":"Route Registrar.Registering route","log_level":1,"data":{"route":{"Name":"loggregator","Port":8080,"Tags":null,"URIs":["loggregator.bosh-lite.com"],"RouteServiceUrl":"","RegistrationInterval":20000000000,"HealthCheck":null}}}

2016-09-29T20:02:06.972676+00:00 bfc626ef-a2eb-4bad-8f71-fa1d6d0f927f - - - [NXLOG@14506 bosh_deployment="cf-warden" bosh_job_name="loggregator_trafficcontroller_z1" bosh_job_index="0" filename="/var/vcap/data/sys/log/route_registrar/route_registrar.stdout.log"] {"timestamp":"1475179326.738459349","source":"Route Registrar","message":"Route Registrar.Registered routes successfully","log_level":1,"data":{}}

2016-09-29T20:02:06.972719+00:00 bfc626ef-a2eb-4bad-8f71-fa1d6d0f927f - - - [NXLOG@14506 bosh_deployment="cf-warden" bosh_job_name="loggregator_trafficcontroller_z1" bosh_job_index="0" filename="/var/vcap/data/sys/log/route_registrar/route_registrar.stdout.log"] {"timestamp":"1475179326.738476753","source":"Route Registrar","message":"Route Registrar.no healthchecker found for route","log_level":1,"data":{"route":{"Name":"doppler","Port":8081,"Tags":null,"URIs":["doppler.bosh-lite.com"],"RouteServiceUrl":"","RegistrationInterval":20000000000,"HealthCheck":null}}}

2016-09-29T20:02:06.972756+00:00 bfc626ef-a2eb-4bad-8f71-fa1d6d0f927f - - - [NXLOG@14506 bosh_deployment="cf-warden" bosh_job_name="loggregator_trafficcontroller_z1" bosh_job_index="0" filename="/var/vcap/data/sys/log/route_registrar/route_registrar.stdout.log"] {"timestamp":"1475179326.738493204","source":"Route Registrar","message":"Route Registrar.Registering route","log_level":1,"data":{"route":{"Name":"doppler","Port":8081,"Tags":null,"URIs":["doppler.bosh-lite.com"],"RouteServiceUrl":"","RegistrationInterval":20000000000,"HealthCheck":null}}}

2016-09-29T20:02:06.972793+00:00 bfc626ef-a2eb-4bad-8f71-fa1d6d0f927f - - - [NXLOG@14506 bosh_deployment="cf-warden" bosh_job_name="loggregator_trafficcontroller_z1" bosh_job_index="0" filename="/var/vcap/data/sys/log/route_registrar/route_registrar.stdout.log"] {"timestamp":"1475179326.738605976","source":"Route Registrar","message":"Route Registrar.Registered routes successfully","log_level":1,"data":{}}

2016-09-29T20:02:06.974987+00:00 81da04d2-3e1d-4a50-80cd-e5b2e7a3a719 - - - [NXLOG@14506 bosh_deployment="cf-warden" bosh_job_name="router_z1" bosh_job_index="0" filename="/var/vcap/data/sys/log/gorouter/access.log"] api.bosh-lite.com - [29/09/2016:20:02:00.903 +0000] "GET /v2/syslog_drain_urls?batch_size=1000 HTTP/1.1" 200 0 42 "-" "Go-http-client/1.1" 10.244.0.34:46906 x_forwarded_for:"10.244.0.146" x_forwarded_proto:"https" vcap_request_id:2df8fa85-c7c5-436e-4071-b0b35f1a3a74 response_time:0.00639867 app_id:

2016-09-29T20:02:06.980636+00:00 fc52b791-0068-48d0-b63d-a9600b8fa32e - - - [NXLOG@14506 bosh_deployment="cf-warden" bosh_job_name="runner_z1" bosh_job_index="0" filename="/var/vcap/data/sys/log/dea_next/dea_next.log"] {"timestamp":1475179321.7540562,"message":"hm9000.heartbeat.sending","log_level":"debug","source":"Dea::Bootstrap","data":{"destination":"https://listener-hm9000.service.cf.internal:5335/dea/heartbeat"},"thread_id":47241037142420,"fiber_id":47241050325380,"process_id":6941,"file":"/var/vcap/packages/dea_next/lib/dea/utils/hm9000.rb","lineno":29,"method":"send_heartbeat"}

2016-09-29T20:02:06.980769+00:00 fc52b791-0068-48d0-b63d-a9600b8fa32e - - - [NXLOG@14506 bosh_deployment="cf-warden" bosh_job_name="runner_z1" bosh_job_index="0" filename="/var/vcap/data/sys/log/dea_next/dea_next.log"] {"timestamp":1475179321.7579002,"message":"hm9000.heartbeat.accepted","log_level":"debug","source":"Dea::Bootstrap","data":{},"thread_id":47241047596460,"fiber_id":47241049950740,"process_id":6941,"file":"/var/vcap/packages/dea_next/lib/dea/utils/hm9000.rb","lineno":49,"method":"handle_http_response"}

2016-09-29T20:02:06.980815+00:00 fc52b791-0068-48d0-b63d-a9600b8fa32e - - - [NXLOG@14506 bosh_deployment="cf-warden" bosh_job_name="runner_z1" bosh_job_index="0" filename="/var/vcap/data/sys/log/dea_next/dea_next.log"] {"timestamp":1475179326.0923553,"message":"Reaping orphaned containers","log_level":"debug","source":"Dea::Bootstrap","data":{},"thread_id":47241037142420,"fiber_id":47241050325380,"process_id":6941,"file":"/var/vcap/packages/dea_next/lib/dea/bootstrap.rb","lineno":236,"method":"reap_orphaned_containers"}

2016-09-29T20:02:07.112843+00:00 152ab062-1f32-4789-910a-13bdc79651b2 - - - [NXLOG@14506 bosh_deployment="cf-warden" bosh_job_name="hm9000_z1" bosh_job_index="0" filename="/var/vcap/data/sys/log/hm9000/hm9000_listener.log"] {"timestamp":"1475179321.755558252","source":"listener","message":"listener.Received a heartbeat","log_level":1,"data":{"Heartbeats Pending Save":"1"}}

2016-09-29T20:02:07.113937+00:00 152ab062-1f32-4789-910a-13bdc79651b2 - - - [NXLOG@14506 bosh_deployment="cf-warden" bosh_job_name="hm9000_z1" bosh_job_index="0" filename="/var/vcap/data/sys/log/hm9000/hm9000_listener.log"] {"timestamp":"1475179321.815863132","source":"listener","message":"listener.Saving Heartbeats","log_level":1,"data":{"Heartbeats to Save":"1"}}

2016-09-29T20:02:07.113997+00:00 152ab062-1f32-4789-910a-13bdc79651b2 - - - [NXLOG@14506 bosh_deployment="cf-warden" bosh_job_name="hm9000_z1" bosh_job_index="0" filename="/var/vcap/data/sys/log/hm9000/hm9000_listener.log"] {"timestamp":"1475179321.820690632","source":"listener","message":"listener.Bumped freshness","log_level":1,"data":{}}

2016-09-29T20:02:07.114049+00:00 152ab062-1f32-4789-910a-13bdc79651b2 - - - [NXLOG@14506 bosh_deployment="cf-warden" bosh_job_name="hm9000_z1" bosh_job_index="0" filename="/var/vcap/data/sys/log/hm9000/hm9000_listener.log"] {"timestamp":"1475179321.820929050","source":"listener","message":"listener.Saved Heartbeats","log_level":1,"data":{"Duration":"4.862505ms","Heartbeats to Save":"1"}}

2016-09-29T20:02:07.114079+00:00 152ab062-1f32-4789-910a-13bdc79651b2 - - - [NXLOG@14506 bosh_deployment="cf-warden" bosh_job_name="hm9000_z1" bosh_job_index="0" filename="/var/vcap/data/sys/log/route_registrar/route_registrar.stdout.log"] {"timestamp":"1475179322.323410034","source":"Route Registrar","message":"Route Registrar.no healthchecker found for route","log_level":1,"data":{"route":{"Name":"hm9000","Port":5155,"Tags":{"component":"HM9K"},"URIs":["hm9000.bosh-lite.com"],"RouteServiceUrl":"","RegistrationInterval":20000000000,"HealthCheck":null}}}

2016-09-29T20:02:07.116565+00:00 05bf1627-ae2f-400c-b1ce-31973a9ff23f - - - [NXLOG@14506 bosh_deployment="cf-warden" bosh_job_name="uaa_z1" bosh_job_index="0" filename="/var/vcap/data/sys/log/uaa/localhost_access.log"] 127.0.0.1 - - [29/Sep/2016:20:01:50 +0000] "GET /healthz HTTP/1.1" 200 3

2016-09-29T20:02:07.116657+00:00 05bf1627-ae2f-400c-b1ce-31973a9ff23f - - - [NXLOG@14506 bosh_deployment="cf-warden" bosh_job_name="uaa_z1" bosh_job_index="0" filename="/var/vcap/data/sys/log/uaa/localhost_access.log"] 127.0.0.1 - - [29/Sep/2016:20:01:50 +0000] "GET /healthz HTTP/1.1" 200 3

2016-09-29T20:02:07.116714+00:00 05bf1627-ae2f-400c-b1ce-31973a9ff23f - - - [NXLOG@14506 bosh_deployment="cf-warden" bosh_job_name="uaa_z1" bosh_job_index="0" filename="/var/vcap/data/sys/log/uaa/localhost_access.log"] 127.0.0.1 - - [29/Sep/2016:20:01:54 +0000] "GET /healthz HTTP/1.1" 200 3

2016-09-29T20:02:07.116752+00:00 05bf1627-ae2f-400c-b1ce-31973a9ff23f - - - [NXLOG@14506 bosh_deployment="cf-warden" bosh_job_name="uaa_z1" bosh_job_index="0" filename="/var/vcap/data/sys/log/route_registrar/route_registrar.stdout.log"] {"timestamp":"1475179318.808147192","source":"Route Registrar","message":"Route Registrar.Executing script","log_level":1,"data":{"scriptPath":"/var/vcap/jobs/uaa/bin/health_check"}}

2016-09-29T20:02:07.116793+00:00 05bf1627-ae2f-400c-b1ce-31973a9ff23f - - - [NXLOG@14506 bosh_deployment="cf-warden" bosh_job_name="uaa_z1" bosh_job_index="0" filename="/var/vcap/data/sys/log/route_registrar/route_registrar.stdout.log"] {"timestamp":"1475179318.819180012","source":"Route Registrar","message":"Route Registrar.Script exited without error","log_level":1,"data":{"script":"/var/vcap/jobs/uaa/bin/health_check","stderr":"  % Total    % Received % Xferd  Average Speed   Time    Time     Time  Current\n                                 Dload  Upload   Total   Spent    Left  Speed\n\r  0     0    0     0    0     0      0      0 --:--:-- --:--:-- --:--:--     0\r100     3  100     3    0     0   2970      0 --:--:-- --:--:-- --:--:--  3000\n","stdout":""}}

2016-09-29T20:02:07.116857+00:00 05bf1627-ae2f-400c-b1ce-31973a9ff23f - - - [NXLOG@14506 bosh_deployment="cf-warden" bosh_job_name="uaa_z1" bosh_job_index="0" filename="/var/vcap/data/sys/log/route_registrar/route_registrar.stdout.log"] {"timestamp":"1475179318.819302320","source":"Route Registrar","message":"Route Registrar.healthchecker returned healthy for route","log_level":1,"data":{"route":{"Name":"uaa","Port":8080,"Tags":{"component":"uaa"},"URIs":["uaa.bosh-lite.com","*.uaa.bosh-lite.com","login.bosh-lite.com","*.login.bosh-lite.com"],"RouteServiceUrl":"","RegistrationInterval":4000000000,"HealthCheck":{"Name":"uaa-healthcheck","ScriptPath":"/var/vcap/jobs/uaa/bin/health_check","Timeout":2000000000}}}}

2016-09-29T20:02:07.116904+00:00 05bf1627-ae2f-400c-b1ce-31973a9ff23f - - - [NXLOG@14506 bosh_deployment="cf-warden" bosh_job_name="uaa_z1" bosh_job_index="0" filename="/var/vcap/data/sys/log/route_registrar/route_registrar.stdout.log"] {"timestamp":"1475179318.819327116","source":"Route Registrar","message":"Route Registrar.Registering route","log_level":1,"data":{"route":{"Name":"uaa","Port":8080,"Tags":{"component":"uaa"},"URIs":["uaa.bosh-lite.com","*.uaa.bosh-lite.com","login.bosh-lite.com","*.login.bosh-lite.com"],"RouteServiceUrl":"","RegistrationInterval":4000000000,"HealthCheck":{"Name":"uaa-healthcheck","ScriptPath":"/var/vcap/jobs/uaa/bin/health_check","Timeout":2000000000}}}}

2016-09-29T20:02:07.117020+00:00 05bf1627-ae2f-400c-b1ce-31973a9ff23f - - - [NXLOG@14506 bosh_deployment="cf-warden" bosh_job_name="uaa_z1" bosh_job_index="0" filename="/var/vcap/data/sys/log/route_registrar/route_registrar.stdout.log"] {"timestamp":"1475179318.819412947","source":"Route Registrar","message":"Route Registrar.Registered routes successfully","log_level":1,"data":{}}

2016-09-29T20:02:07.117093+00:00 05bf1627-ae2f-400c-b1ce-31973a9ff23f - - - [NXLOG@14506 bosh_deployment="cf-warden" bosh_job_name="uaa_z1" bosh_job_index="0" filename="/var/vcap/data/sys/log/route_registrar/route_registrar.stdout.log"] {"timestamp":"1475179322.808153152","source":"Route Registrar","message":"Route Registrar.Executing script","log_level":1,"data":{"scriptPath":"/var/vcap/jobs/uaa/bin/health_check"}}

2016-09-29T20:02:16.981330+00:00 fc52b791-0068-48d0-b63d-a9600b8fa32e - - - [NXLOG@14506 bosh_deployment="cf-warden" bosh_job_name="runner_z1" bosh_job_index="0" filename="/var/vcap/data/sys/log/dea_next/dea_next.log"] {"timestamp":1475179331.7531145,"message":"hm9000.heartbeat.sending","log_level":"debug","source":"Dea::Bootstrap","data":{"destination":"https://listener-hm9000.service.cf.internal:5335/dea/heartbeat"},"thread_id":47241037142420,"fiber_id":47241050325380,"process_id":6941,"file":"/var/vcap/packages/dea_next/lib/dea/utils/hm9000.rb","lineno":29,"method":"send_heartbeat"}

2016-09-29T20:02:16.981485+00:00 fc52b791-0068-48d0-b63d-a9600b8fa32e - - - [NXLOG@14506 bosh_deployment="cf-warden" bosh_job_name="runner_z1" bosh_job_index="0" filename="/var/vcap/data/sys/log/dea_next/dea_next.log"] {"timestamp":1475179331.7551594,"message":"hm9000.heartbeat.accepted","log_level":"debug","source":"Dea::Bootstrap","data":{},"thread_id":47241047596160,"fiber_id":47241049873700,"process_id":6941,"file":"/var/vcap/packages/dea_next/lib/dea/utils/hm9000.rb","lineno":49,"method":"handle_http_response"}

2016-09-29T20:02:17.113161+00:00 f0562343-642f-42d4-aca5-293abe675815 - - - [NXLOG@14506 bosh_deployment="cf-warden" bosh_job_name="blobstore_z1" bosh_job_index="0" filename="/var/vcap/data/sys/log/route_registrar/route_registrar.stdout.log"] {"timestamp":"1475179328.512946129","source":"Route Registrar","message":"Route Registrar.no healthchecker found for route","log_level":1,"data":{"route":{"Name":"blobstore","Port":80,"Tags":{"component":"blobstore"},"URIs":["blobstore.bosh-lite.com"],"RouteServiceUrl":"","RegistrationInterval":20000000000,"HealthCheck":null}}}

2016-09-29T20:02:17.114135+00:00 f0562343-642f-42d4-aca5-293abe675815 - - - [NXLOG@14506 bosh_deployment="cf-warden" bosh_job_name="blobstore_z1" bosh_job_index="0" filename="/var/vcap/data/sys/log/route_registrar/route_registrar.stdout.log"] {"timestamp":"1475179328.513072968","source":"Route Registrar","message":"Route Registrar.Registering route","log_level":1,"data":{"route":{"Name":"blobstore","Port":80,"Tags":{"component":"blobstore"},"URIs":["blobstore.bosh-lite.com"],"RouteServiceUrl":"","RegistrationInterval":20000000000,"HealthCheck":null}}}

2016-09-29T20:02:17.114237+00:00 f0562343-642f-42d4-aca5-293abe675815 - - - [NXLOG@14506 bosh_deployment="cf-warden" bosh_job_name="blobstore_z1" bosh_job_index="0" filename="/var/vcap/data/sys/log/route_registrar/route_registrar.stdout.log"] {"timestamp":"1475179328.513154268","source":"Route Registrar","message":"Route Registrar.Registered routes successfully","log_level":1,"data":{}}

2016-09-29T20:02:17.116637+00:00 05bf1627-ae2f-400c-b1ce-31973a9ff23f - - - [NXLOG@14506 bosh_deployment="cf-warden" bosh_job_name="uaa_z1" bosh_job_index="0" filename="/var/vcap/data/sys/log/uaa/localhost_access.log"] 127.0.0.1 - - [29/Sep/2016:20:01:58 +0000] "GET /healthz HTTP/1.1" 200 3

2016-09-29T20:02:17.116810+00:00 05bf1627-ae2f-400c-b1ce-31973a9ff23f - - - [NXLOG@14506 bosh_deployment="cf-warden" bosh_job_name="uaa_z1" bosh_job_index="0" filename="/var/vcap/data/sys/log/uaa/localhost_access.log"] 127.0.0.1 - - [29/Sep/2016:20:02:00 +0000] "GET /healthz HTTP/1.1" 200 3

2016-09-29T20:02:17.116877+00:00 05bf1627-ae2f-400c-b1ce-31973a9ff23f - - - [NXLOG@14506 bosh_deployment="cf-warden" bosh_job_name="uaa_z1" bosh_job_index="0" filename="/var/vcap/data/sys/log/uaa/localhost_access.log"] 127.0.0.1 - - [29/Sep/2016:20:02:02 +0000] "GET /healthz HTTP/1.1" 200 3

2016-09-29T20:02:17.117058+00:00 05bf1627-ae2f-400c-b1ce-31973a9ff23f - - - [NXLOG@14506 bosh_deployment="cf-warden" bosh_job_name="uaa_z1" bosh_job_index="0" filename="/var/vcap/data/sys/log/uaa/localhost_access.log"] 127.0.0.1 - - [29/Sep/2016:20:02:06 +0000] "GET /healthz HTTP/1.1" 200 3

2016-09-29T20:02:17.117116+00:00 05bf1627-ae2f-400c-b1ce-31973a9ff23f - - - [NXLOG@14506 bosh_deployment="cf-warden" bosh_job_name="uaa_z1" bosh_job_index="0" filename="/var/vcap/data/sys/log/route_registrar/route_registrar.stdout.log"] {"timestamp":"1475179330.808172226","source":"Route Registrar","message":"Route Registrar.Executing script","log_level":1,"data":{"scriptPath":"/var/vcap/jobs/uaa/bin/health_check"}}

2016-09-29T20:02:17.117181+00:00 05bf1627-ae2f-400c-b1ce-31973a9ff23f - - - [NXLOG@14506 bosh_deployment="cf-warden" bosh_job_name="uaa_z1" bosh_job_index="0" filename="/var/vcap/data/sys/log/route_registrar/route_registrar.stdout.log"] {"timestamp":"1475179330.821799278","source":"Route Registrar","message":"Route Registrar.Script exited without error","log_level":1,"data":{"script":"/var/vcap/jobs/uaa/bin/health_check","stderr":"  % Total    % Received % Xferd  Average Speed   Time    Time     Time  Current\n                                 Dload  Upload   Total   Spent    Left  Speed\n\r  0     0    0     0    0     0      0      0 --:--:-- --:--:-- --:--:--     0\r100     3  100     3    0     0   1028      0 --:--:-- --:--:-- --:--:--  1500\n","stdout":""}}

2016-09-29T20:02:17.117264+00:00 05bf1627-ae2f-400c-b1ce-31973a9ff23f - - - [NXLOG@14506 bosh_deployment="cf-warden" bosh_job_name="uaa_z1" bosh_job_index="0" filename="/var/vcap/data/sys/log/route_registrar/route_registrar.stdout.log"] {"timestamp":"1475179330.821799278","source":"Route Registrar","message":"Route Registrar.healthchecker returned healthy for route","log_level":1,"data":{"route":{"Name":"uaa","Port":8080,"Tags":{"component":"uaa"},"URIs":["uaa.bosh-lite.com","*.uaa.bosh-lite.com","login.bosh-lite.com","*.login.bosh-lite.com"],"RouteServiceUrl":"","RegistrationInterval":4000000000,"HealthCheck":{"Name":"uaa-healthcheck","ScriptPath":"/var/vcap/jobs/uaa/bin/health_check","Timeout":2000000000}}}}

2016-09-29T20:02:17.117306+00:00 05bf1627-ae2f-400c-b1ce-31973a9ff23f - - - [NXLOG@14506 bosh_deployment="cf-warden" bosh_job_name="uaa_z1" bosh_job_index="0" filename="/var/vcap/data/sys/log/route_registrar/route_registrar.stdout.log"] {"timestamp":"1475179330.822340965","source":"Route Registrar","message":"Route Registrar.Registering route","log_level":1,"data":{"route":{"Name":"uaa","Port":8080,"Tags":{"component":"uaa"},"URIs":["uaa.bosh-lite.com","*.uaa.bosh-lite.com","login.bosh-lite.com","*.login.bosh-lite.com"],"RouteServiceUrl":"","RegistrationInterval":4000000000,"HealthCheck":{"Name":"uaa-healthcheck","ScriptPath":"/var/vcap/jobs/uaa/bin/health_check","Timeout":2000000000}}}}

2016-09-29T20:02:17.117347+00:00 05bf1627-ae2f-400c-b1ce-31973a9ff23f - - - [NXLOG@14506 bosh_deployment="cf-warden" bosh_job_name="uaa_z1" bosh_job_index="0" filename="/var/vcap/data/sys/log/route_registrar/route_registrar.stdout.log"] {"timestamp":"1475179330.822627068","source":"Route Registrar","message":"Route Registrar.Registered routes successfully","log_level":1,"data":{}}

2016-09-29T20:02:17.117386+00:00 05bf1627-ae2f-400c-b1ce-31973a9ff23f - - - [NXLOG@14506 bosh_deployment="cf-warden" bosh_job_name="uaa_z1" bosh_job_index="0" filename="/var/vcap/data/sys/log/route_registrar/route_registrar.stdout.log"] {"timestamp":"1475179334.808218956","source":"Route Registrar","message":"Route Registrar.Executing script","log_level":1,"data":{"scriptPath":"/var/vcap/jobs/uaa/bin/health_check"}}

2016-09-29T20:02:17.117465+00:00 05bf1627-ae2f-400c-b1ce-31973a9ff23f - - - [NXLOG@14506 bosh_deployment="cf-warden" bosh_job_name="uaa_z1" bosh_job_index="0" filename="/var/vcap/data/sys/log/route_registrar/route_registrar.stdout.log"] {"timestamp":"1475179334.819483042","source":"Route Registrar","message":"Route Registrar.Script exited without error","log_level":1,"data":{"script":"/var/vcap/jobs/uaa/bin/health_check","stderr":"  % Total    % Received % Xferd  Average Speed   Time    Time     Time  Current\n                                 Dload  Upload   Total   Spent    Left  Speed\n\r  0     0    0     0    0     0      0      0 --:--:-- --:--:-- --:--:--     0\r100     3  100     3    0     0   2467      0 --:--:-- --:--:-- --:--:--  3000\n","stdout":""}}

2016-09-29T20:02:17.117558+00:00 05bf1627-ae2f-400c-b1ce-31973a9ff23f - - - [NXLOG@14506 bosh_deployment="cf-warden" bosh_job_name="uaa_z1" bosh_job_index="0" filename="/var/vcap/data/sys/log/route_registrar/route_registrar.stdout.log"] {"timestamp":"1475179334.819575548","source":"Route Registrar","message":"Route Registrar.healthchecker returned healthy for route","log_level":1,"data":{"route":{"Name":"uaa","Port":8080,"Tags":{"component":"uaa"},"URIs":["uaa.bosh-lite.com","*.uaa.bosh-lite.com","login.bosh-lite.com","*.login.bosh-lite.com"],"RouteServiceUrl":"","RegistrationInterval":4000000000,"HealthCheck":{"Name":"uaa-healthcheck","ScriptPath":"/var/vcap/jobs/uaa/bin/health_check","Timeout":2000000000}}}}

2016-09-29T20:02:17.117606+00:00 05bf1627-ae2f-400c-b1ce-31973a9ff23f - - - [NXLOG@14506 bosh_deployment="cf-warden" bosh_job_name="uaa_z1" bosh_job_index="0" filename="/var/vcap/data/sys/log/route_registrar/route_registrar.stdout.log"] {"timestamp":"1475179334.819628239","source":"Route Registrar","message":"Route Registrar.Registering route","log_level":1,"data":{"route":{"Name":"uaa","Port":8080,"Tags":{"component":"uaa"},"URIs":["uaa.bosh-lite.com","*.uaa.bosh-lite.com","login.bosh-lite.com","*.login.bosh-lite.com"],"RouteServiceUrl":"","RegistrationInterval":4000000000,"HealthCheck":{"Name":"uaa-healthcheck","ScriptPath":"/var/vcap/jobs/uaa/bin/health_check","Timeout":2000000000}}}}

2016-09-29T20:02:17.117675+00:00 05bf1627-ae2f-400c-b1ce-31973a9ff23f - - - [NXLOG@14506 bosh_deployment="cf-warden" bosh_job_name="uaa_z1" bosh_job_index="0" filename="/var/vcap/data/sys/log/route_registrar/route_registrar.stdout.log"] {"timestamp":"1475179334.819690704","source":"Route Registrar","message":"Route Registrar.Registered routes successfully","log_level":1,"data":{}}

2016-09-29T20:02:17.117784+00:00 05bf1627-ae2f-400c-b1ce-31973a9ff23f - - - [NXLOG@14506 bosh_deployment="cf-warden" bosh_job_name="uaa_z1" bosh_job_index="0" filename="/var/vcap/data/sys/log/uaa/uaa.log"] [2016-09-29 20:02:10.674] uaa - 19013 [http-nio-127.0.0.1-8989-exec-10] .... DEBUG --- AntPathRequestMatcher: Checking match of request : '/healthz'; against '/resources/**'

2016-09-29T20:02:17.117853+00:00 05bf1627-ae2f-400c-b1ce-31973a9ff23f - - - [NXLOG@14506 bosh_deployment="cf-warden" bosh_job_name="uaa_z1" bosh_job_index="0" filename="/var/vcap/data/sys/log/uaa/uaa.log"] [2016-09-29 20:02:10.674] uaa - 19013 [http-nio-127.0.0.1-8989-exec-10] .... DEBUG --- AntPathRequestMatcher: Checking match of request : '/healthz'; against '/square-logo.png'

2016-09-29T20:02:17.117948+00:00 05bf1627-ae2f-400c-b1ce-31973a9ff23f - - - [NXLOG@14506 bosh_deployment="cf-warden" bosh_job_name="uaa_z1" bosh_job_index="0" filename="/var/vcap/data/sys/log/uaa/uaa.log"] [2016-09-29 20:02:10.674] uaa - 19013 [http-nio-127.0.0.1-8989-exec-10] .... DEBUG --- AntPathRequestMatcher: Checking match of request : '/healthz'; against '/info'

2016-09-29T20:02:17.117990+00:00 05bf1627-ae2f-400c-b1ce-31973a9ff23f - - - [NXLOG@14506 bosh_deployment="cf-warden" bosh_job_name="uaa_z1" bosh_job_index="0" filename="/var/vcap/data/sys/log/uaa/uaa.log"] [2016-09-29 20:02:10.674] uaa - 19013 [http-nio-127.0.0.1-8989-exec-10] .... DEBUG --- AntPathRequestMatcher: Checking match of request : '/healthz'; against '/password/**'

2016-09-29T20:02:17.118014+00:00 05bf1627-ae2f-400c-b1ce-31973a9ff23f - - - [NXLOG@14506 bosh_deployment="cf-warden" bosh_job_name="uaa_z1" bosh_job_index="0" filename="/var/vcap/data/sys/log/uaa/uaa.log"] [2016-09-29 20:02:10.674] uaa - 19013 [http-nio-127.0.0.1-8989-exec-10] .... DEBUG --- AntPathRequestMatcher: Checking match of request : '/healthz'; against '/healthz/**'

2016-09-29T20:02:17.118026+00:00 05bf1627-ae2f-400c-b1ce-31973a9ff23f - - - [NXLOG@14506 bosh_deployment="cf-warden" bosh_job_name="uaa_z1" bosh_job_index="0" filename="/var/vcap/data/sys/log/uaa/uaa.log"] [2016-09-29 20:02:10.674] uaa - 19013 [http-nio-127.0.0.1-8989-exec-10] .... DEBUG --- FilterChainProxy: /healthz has an empty filter list

2016-09-29T20:02:17.118066+00:00 05bf1627-ae2f-400c-b1ce-31973a9ff23f - - - [NXLOG@14506 bosh_deployment="cf-warden" bosh_job_name="uaa_z1" bosh_job_index="0" filename="/var/vcap/data/sys/log/uaa/uaa.log"] [2016-09-29 20:02:10.675] uaa - 19013 [http-nio-127.0.0.1-8989-exec-10] .... DEBUG --- DispatcherServlet: DispatcherServlet with name 'spring' processing GET request for [/healthz]

2016-09-29T20:02:17.118108+00:00 05bf1627-ae2f-400c-b1ce-31973a9ff23f - - - [NXLOG@14506 bosh_deployment="cf-warden" bosh_job_name="uaa_z1" bosh_job_index="0" filename="/var/vcap/data/sys/log/uaa/uaa.log"] [2016-09-29 20:02:10.675] uaa - 19013 [http-nio-127.0.0.1-8989-exec-10] .... DEBUG --- DispatcherServlet: Last-Modified value for [/healthz] is: -1

2016-09-29T20:02:17.118137+00:00 05bf1627-ae2f-400c-b1ce-31973a9ff23f - - - [NXLOG@14506 bosh_deployment="cf-warden" bosh_job_name="uaa_z1" bosh_job_index="0" filename="/var/vcap/data/sys/log/uaa/uaa.log"] [2016-09-29 20:02:10.675] uaa - 19013 [http-nio-127.0.0.1-8989-exec-10] .... DEBUG --- RequestResponseBodyMethodProcessor: Written [ok

2016-09-29T20:02:17.118148+00:00 05bf1627-ae2f-400c-b1ce-31973a9ff23f - - - [NXLOG@14506 bosh_deployment="cf-warden" bosh_job_name="uaa_z1" bosh_job_index="0" filename="/var/vcap/data/sys/log/uaa/uaa.log"] ] as "text/plain;charset=ISO-8859-1" using [org.springframework.http.converter.StringHttpMessageConverter@178b2baf]

2016-09-29T20:02:17.118157+00:00 05bf1627-ae2f-400c-b1ce-31973a9ff23f - - - [NXLOG@14506 bosh_deployment="cf-warden" bosh_job_name="uaa_z1" bosh_job_index="0" filename="/var/vcap/data/sys/log/uaa/uaa.log"] [2016-09-29 20:02:10.675] uaa - 19013 [http-nio-127.0.0.1-8989-exec-10] .... DEBUG --- DispatcherServlet: Null ModelAndView returned to DispatcherServlet with name 'spring': assuming HandlerAdapter completed request handling

2016-09-29T20:02:17.118195+00:00 05bf1627-ae2f-400c-b1ce-31973a9ff23f - - - [NXLOG@14506 bosh_deployment="cf-warden" bosh_job_name="uaa_z1" bosh_job_index="0" filename="/var/vcap/data/sys/log/uaa/uaa.log"] [2016-09-29 20:02:10.675] uaa - 19013 [http-nio-127.0.0.1-8989-exec-10] .... DEBUG --- DispatcherServlet: Successfully completed request

2016-09-29T20:02:17.118220+00:00 05bf1627-ae2f-400c-b1ce-31973a9ff23f - - - [NXLOG@14506 bosh_deployment="cf-warden" bosh_job_name="uaa_z1" bosh_job_index="0" filename="/var/vcap/data/sys/log/uaa/uaa.log"] [2016-09-29 20:02:10.807] uaa - 19013 [ZoneAwareMetadataManager.Refresh[idpMetadataManager]] .... DEBUG --- ZoneAwareIdpMetadataManager: Running SAML SP refresh[ZoneAwareMetadataManager.Refresh[idpMetadataManager]-859022334] - ignoreTimestamp=false

2016-09-29T20:02:17.118231+00:00 05bf1627-ae2f-400c-b1ce-31973a9ff23f - - - [NXLOG@14506 bosh_deployment="cf-warden" bosh_job_name="uaa_z1" bosh_job_index="0" filename="/var/vcap/data/sys/log/uaa/uaa.log"] [2016-09-29 20:02:10.808] uaa - 19013 [ZoneAwareMetadataManager.Refresh[idpMetadataManager]] .... DEBUG --- JdbcTemplate: Executing SQL query [select id,version,created,lastmodified,name,subdomain,description,config from identity_zone ]

2016-09-29T20:02:17.118241+00:00 05bf1627-ae2f-400c-b1ce-31973a9ff23f - - - [NXLOG@14506 bosh_deployment="cf-warden" bosh_job_name="uaa_z1" bosh_job_index="0" filename="/var/vcap/data/sys/log/uaa/uaa.log"] [2016-09-29 20:02:10.809] uaa - 19013 [ZoneAwareMetadataManager.Refresh[idpMetadataManager]] .... DEBUG --- JdbcTemplate: Executing prepared SQL query

2016-09-29T20:02:17.118277+00:00 05bf1627-ae2f-400c-b1ce-31973a9ff23f - - - [NXLOG@14506 bosh_deployment="cf-warden" bosh_job_name="uaa_z1" bosh_job_index="0" filename="/var/vcap/data/sys/log/uaa/uaa.log"] [2016-09-29 20:02:10.809] uaa - 19013 [ZoneAwareMetadataManager.Refresh[idpMetadataManager]] .... DEBUG --- JdbcTemplate: Executing prepared SQL statement [select id,version,created,lastmodified,name,entity_id,config,identity_zone_id,active from service_provider where identity_zone_id=?]

2016-09-29T20:02:17.118302+00:00 05bf1627-ae2f-400c-b1ce-31973a9ff23f - - - [NXLOG@14506 bosh_deployment="cf-warden" bosh_job_name="uaa_z1" bosh_job_index="0" filename="/var/vcap/data/sys/log/uaa/uaa.log"] [2016-09-29 20:02:10.819] uaa - 19013 [http-nio-127.0.0.1-8989-exec-4] .... DEBUG --- AntPathRequestMatcher: Checking match of request : '/healthz'; against '/resources/**'

2016-09-29T20:02:17.118312+00:00 05bf1627-ae2f-400c-b1ce-31973a9ff23f - - - [NXLOG@14506 bosh_deployment="cf-warden" bosh_job_name="uaa_z1" bosh_job_index="0" filename="/var/vcap/data/sys/log/uaa/uaa.log"] [2016-09-29 20:02:10.820] uaa - 19013 [http-nio-127.0.0.1-8989-exec-4] .... DEBUG --- AntPathRequestMatcher: Checking match of request : '/healthz'; against '/square-logo.png'

2016-09-29T20:02:17.118335+00:00 05bf1627-ae2f-400c-b1ce-31973a9ff23f - - - [NXLOG@14506 bosh_deployment="cf-warden" bosh_job_name="uaa_z1" bosh_job_index="0" filename="/var/vcap/data/sys/log/uaa/uaa.log"] [2016-09-29 20:02:10.820] uaa - 19013 [http-nio-127.0.0.1-8989-exec-4] .... DEBUG --- AntPathRequestMatcher: Checking match of request : '/healthz'; against '/info'

2016-09-29T20:02:17.118345+00:00 05bf1627-ae2f-400c-b1ce-31973a9ff23f - - - [NXLOG@14506 bosh_deployment="cf-warden" bosh_job_name="uaa_z1" bosh_job_index="0" filename="/var/vcap/data/sys/log/uaa/uaa.log"] [2016-09-29 20:02:10.820] uaa - 19013 [http-nio-127.0.0.1-8989-exec-4] .... DEBUG --- AntPathRequestMatcher: Checking match of request : '/healthz'; against '/password/**'

2016-09-29T20:02:17.118354+00:00 05bf1627-ae2f-400c-b1ce-31973a9ff23f - - - [NXLOG@14506 bosh_deployment="cf-warden" bosh_job_name="uaa_z1" bosh_job_index="0" filename="/var/vcap/data/sys/log/uaa/uaa.log"] [2016-09-29 20:02:10.820] uaa - 19013 [http-nio-127.0.0.1-8989-exec-4] .... DEBUG --- AntPathRequestMatcher: Checking match of request : '/healthz'; against '/healthz/**'

2016-09-29T20:02:17.118420+00:00 05bf1627-ae2f-400c-b1ce-31973a9ff23f - - - [NXLOG@14506 bosh_deployment="cf-warden" bosh_job_name="uaa_z1" bosh_job_index="0" filename="/var/vcap/data/sys/log/uaa/uaa.log"] [2016-09-29 20:02:10.820] uaa - 19013 [http-nio-127.0.0.1-8989-exec-4] .... DEBUG --- FilterChainProxy: /healthz has an empty filter list

2016-09-29T20:02:17.118437+00:00 05bf1627-ae2f-400c-b1ce-31973a9ff23f - - - [NXLOG@14506 bosh_deployment="cf-warden" bosh_job_name="uaa_z1" bosh_job_index="0" filename="/var/vcap/data/sys/log/uaa/uaa.log"] [2016-09-29 20:02:10.820] uaa - 19013 [http-nio-127.0.0.1-8989-exec-4] .... DEBUG --- DispatcherServlet: DispatcherServlet with name 'spring' processing GET request for [/healthz]

2016-09-29T20:02:17.118447+00:00 05bf1627-ae2f-400c-b1ce-31973a9ff23f - - - [NXLOG@14506 bosh_deployment="cf-warden" bosh_job_name="uaa_z1" bosh_job_index="0" filename="/var/vcap/data/sys/log/uaa/uaa.log"] [2016-09-29 20:02:10.820] uaa - 19013 [http-nio-127.0.0.1-8989-exec-4] .... DEBUG --- DispatcherServlet: Last-Modified value for [/healthz] is: -1

2016-09-29T20:02:17.118456+00:00 05bf1627-ae2f-400c-b1ce-31973a9ff23f - - - [NXLOG@14506 bosh_deployment="cf-warden" bosh_job_name="uaa_z1" bosh_job_index="0" filename="/var/vcap/data/sys/log/uaa/uaa.log"] [2016-09-29 20:02:10.820] uaa - 19013 [http-nio-127.0.0.1-8989-exec-4] .... DEBUG --- RequestResponseBodyMethodProcessor: Written [ok

2016-09-29T20:02:17.118466+00:00 05bf1627-ae2f-400c-b1ce-31973a9ff23f - - - [NXLOG@14506 bosh_deployment="cf-warden" bosh_job_name="uaa_z1" bosh_job_index="0" filename="/var/vcap/data/sys/log/uaa/uaa.log"] ] as "text/plain;charset=ISO-8859-1" using [org.springframework.http.converter.StringHttpMessageConverter@178b2baf]

2016-09-29T20:02:17.118476+00:00 05bf1627-ae2f-400c-b1ce-31973a9ff23f - - - [NXLOG@14506 bosh_deployment="cf-warden" bosh_job_name="uaa_z1" bosh_job_index="0" filename="/var/vcap/data/sys/log/uaa/uaa.log"] [2016-09-29 20:02:10.820] uaa - 19013 [http-nio-127.0.0.1-8989-exec-4] .... DEBUG --- DispatcherServlet: Null ModelAndView returned to DispatcherServlet with name 'spring': assuming HandlerAdapter completed request handling

2016-09-29T20:02:17.118485+00:00 05bf1627-ae2f-400c-b1ce-31973a9ff23f - - - [NXLOG@14506 bosh_deployment="cf-warden" bosh_job_name="uaa_z1" bosh_job_index="0" filename="/var/vcap/data/sys/log/uaa/uaa.log"] [2016-09-29 20:02:10.820] uaa - 19013 [http-nio-127.0.0.1-8989-exec-4] .... DEBUG --- DispatcherServlet: Successfully completed request

2016-09-29T20:02:17.118527+00:00 05bf1627-ae2f-400c-b1ce-31973a9ff23f - - - [NXLOG@14506 bosh_deployment="cf-warden" bosh_job_name="uaa_z1" bosh_job_index="0" filename="/var/vcap/data/sys/log/uaa/uaa.log"] [2016-09-29 20:02:11.157] uaa - 19013 [pool-2-thread-1] .... DEBUG --- JdbcTemplate: Executing SQL query [select count(*) from oauth_client_details]

2016-09-29T20:02:17.118587+00:00 05bf1627-ae2f-400c-b1ce-31973a9ff23f - - - [NXLOG@14506 bosh_deployment="cf-warden" bosh_job_name="uaa_z1" bosh_job_index="0" filename="/var/vcap/data/sys/log/uaa/uaa.log"] [2016-09-29 20:02:11.158] uaa - 19013 [pool-2-thread-1] .... DEBUG --- JdbcTemplate: Executing SQL query [select count(*) from users]

2016-09-29T20:02:17.118596+00:00 05bf1627-ae2f-400c-b1ce-31973a9ff23f - - - [NXLOG@14506 bosh_deployment="cf-warden" bosh_job_name="uaa_z1" bosh_job_index="0" filename="/var/vcap/data/sys/log/uaa/uaa.log"] [2016-09-29 20:02:14.817] uaa - 19013 [http-nio-127.0.0.1-8989-exec-2] .... DEBUG --- AntPathRequestMatcher: Checking match of request : '/healthz'; against '/resources/**'

2016-09-29T20:02:17.118605+00:00 05bf1627-ae2f-400c-b1ce-31973a9ff23f - - - [NXLOG@14506 bosh_deployment="cf-warden" bosh_job_name="uaa_z1" bosh_job_index="0" filename="/var/vcap/data/sys/log/uaa/uaa.log"] [2016-09-29 20:02:14.817] uaa - 19013 [http-nio-127.0.0.1-8989-exec-2] .... DEBUG --- AntPathRequestMatcher: Checking match of request : '/healthz'; against '/square-logo.png'

2016-09-29T20:02:17.118614+00:00 05bf1627-ae2f-400c-b1ce-31973a9ff23f - - - [NXLOG@14506 bosh_deployment="cf-warden" bosh_job_name="uaa_z1" bosh_job_index="0" filename="/var/vcap/data/sys/log/uaa/uaa.log"] [2016-09-29 20:02:14.817] uaa - 19013 [http-nio-127.0.0.1-8989-exec-2] .... DEBUG --- AntPathRequestMatcher: Checking match of request : '/healthz'; against '/info'

2016-09-29T20:02:17.118626+00:00 05bf1627-ae2f-400c-b1ce-31973a9ff23f - - - [NXLOG@14506 bosh_deployment="cf-warden" bosh_job_name="uaa_z1" bosh_job_index="0" filename="/var/vcap/data/sys/log/uaa/uaa.log"] [2016-09-29 20:02:14.817] uaa - 19013 [http-nio-127.0.0.1-8989-exec-2] .... DEBUG --- AntPathRequestMatcher: Checking match of request : '/healthz'; against '/password/**'

2016-09-29T20:02:17.118635+00:00 05bf1627-ae2f-400c-b1ce-31973a9ff23f - - - [NXLOG@14506 bosh_deployment="cf-warden" bosh_job_name="uaa_z1" bosh_job_index="0" filename="/var/vcap/data/sys/log/uaa/uaa.log"] [2016-09-29 20:02:14.817] uaa - 19013 [http-nio-127.0.0.1-8989-exec-2] .... DEBUG --- AntPathRequestMatcher: Checking match of request : '/healthz'; against '/healthz/**'

2016-09-29T20:02:17.118643+00:00 05bf1627-ae2f-400c-b1ce-31973a9ff23f - - - [NXLOG@14506 bosh_deployment="cf-warden" bosh_job_name="uaa_z1" bosh_job_index="0" filename="/var/vcap/data/sys/log/uaa/uaa.log"] [2016-09-29 20:02:14.817] uaa - 19013 [http-nio-127.0.0.1-8989-exec-2] .... DEBUG --- FilterChainProxy: /healthz has an empty filter list

2016-09-29T20:02:17.118678+00:00 05bf1627-ae2f-400c-b1ce-31973a9ff23f - - - [NXLOG@14506 bosh_deployment="cf-warden" bosh_job_name="uaa_z1" bosh_job_index="0" filename="/var/vcap/data/sys/log/uaa/uaa.log"] [2016-09-29 20:02:14.817] uaa - 19013 [http-nio-127.0.0.1-8989-exec-2] .... DEBUG --- DispatcherServlet: DispatcherServlet with name 'spring' processing GET request for [/healthz]

2016-09-29T20:02:17.118699+00:00 05bf1627-ae2f-400c-b1ce-31973a9ff23f - - - [NXLOG@14506 bosh_deployment="cf-warden" bosh_job_name="uaa_z1" bosh_job_index="0" filename="/var/vcap/data/sys/log/uaa/uaa.log"] [2016-09-29 20:02:14.817] uaa - 19013 [http-nio-127.0.0.1-8989-exec-2] .... DEBUG --- DispatcherServlet: Last-Modified value for [/healthz] is: -1

2016-09-29T20:02:17.118721+00:00 05bf1627-ae2f-400c-b1ce-31973a9ff23f - - - [NXLOG@14506 bosh_deployment="cf-warden" bosh_job_name="uaa_z1" bosh_job_index="0" filename="/var/vcap/data/sys/log/uaa/uaa.log"] [2016-09-29 20:02:14.817] uaa - 19013 [http-nio-127.0.0.1-8989-exec-2] .... DEBUG --- RequestResponseBodyMethodProcessor: Written [ok

2016-09-29T20:02:17.118731+00:00 05bf1627-ae2f-400c-b1ce-31973a9ff23f - - - [NXLOG@14506 bosh_deployment="cf-warden" bosh_job_name="uaa_z1" bosh_job_index="0" filename="/var/vcap/data/sys/log/uaa/uaa.log"] ] as "text/plain;charset=ISO-8859-1" using [org.springframework.http.converter.StringHttpMessageConverter@178b2baf]

2016-09-29T20:02:17.118740+00:00 05bf1627-ae2f-400c-b1ce-31973a9ff23f - - - [NXLOG@14506 bosh_deployment="cf-warden" bosh_job_name="uaa_z1" bosh_job_index="0" filename="/var/vcap/data/sys/log/uaa/uaa.log"] [2016-09-29 20:02:14.817] uaa - 19013 [http-nio-127.0.0.1-8989-exec-2] .... DEBUG --- DispatcherServlet: Null ModelAndView returned to DispatcherServlet with name 'spring': assuming HandlerAdapter completed request handling

2016-09-29T20:02:17.118766+00:00 05bf1627-ae2f-400c-b1ce-31973a9ff23f - - - [NXLOG@14506 bosh_deployment="cf-warden" bosh_job_name="uaa_z1" bosh_job_index="0" filename="/var/vcap/data/sys/log/uaa/uaa.log"] [2016-09-29 20:02:14.817] uaa - 19013 [http-nio-127.0.0.1-8989-exec-2] .... DEBUG --- DispatcherServlet: Successfully completed request

2016-09-29T20:02:17.118792+00:00 05bf1627-ae2f-400c-b1ce-31973a9ff23f - - - [NXLOG@14506 bosh_deployment="cf-warden" bosh_job_name="uaa_z1" bosh_job_index="0" filename="/var/vcap/data/sys/log/uaa/uaa.log"] [2016-09-29 20:02:16.156] uaa - 19013 [pool-2-thread-1] .... DEBUG --- JdbcTemplate: Executing SQL query [select count(*) from oauth_client_details]

2016-09-29T20:02:17.118804+00:00 05bf1627-ae2f-400c-b1ce-31973a9ff23f - - - [NXLOG@14506 bosh_deployment="cf-warden" bosh_job_name="uaa_z1" bosh_job_index="0" filename="/var/vcap/data/sys/log/uaa/uaa.log"] [2016-09-29 20:02:16.159] uaa - 19013 [pool-2-thread-1] .... DEBUG --- JdbcTemplate: Executing SQL query [select count(*) from users]

2016-09-29T20:02:17.118911+00:00 152ab062-1f32-4789-910a-13bdc79651b2 - - - [NXLOG@14506 bosh_deployment="cf-warden" bosh_job_name="hm9000_z1" bosh_job_index="0" filename="/var/vcap/data/sys/log/hm9000/hm9000_listener.log"] {"timestamp":"1475179331.754593849","source":"listener","message":"listener.Received a heartbeat","log_level":1,"data":{"Heartbeats Pending Save":"1"}}

2016-09-29T20:02:17.118991+00:00 152ab062-1f32-4789-910a-13bdc79651b2 - - - [NXLOG@14506 bosh_deployment="cf-warden" bosh_job_name="hm9000_z1" bosh_job_index="0" filename="/var/vcap/data/sys/log/hm9000/hm9000_listener.log"] {"timestamp":"1475179331.816305399","source":"listener","message":"listener.Saving Heartbeats","log_level":1,"data":{"Heartbeats to Save":"1"}}

2016-09-29T20:02:17.119031+00:00 152ab062-1f32-4789-910a-13bdc79651b2 - - - [NXLOG@14506 bosh_deployment="cf-warden" bosh_job_name="hm9000_z1" bosh_job_index="0" filename="/var/vcap/data/sys/log/hm9000/hm9000_listener.log"] {"timestamp":"1475179331.828144789","source":"listener","message":"listener.Bumped freshness","log_level":1,"data":{}}

2016-09-29T20:02:17.119082+00:00 152ab062-1f32-4789-910a-13bdc79651b2 - - - [NXLOG@14506 bosh_deployment="cf-warden" bosh_job_name="hm9000_z1" bosh_job_index="0" filename="/var/vcap/data/sys/log/hm9000/hm9000_listener.log"] {"timestamp":"1475179331.828209877","source":"listener","message":"listener.Saved Heartbeats","log_level":1,"data":{"Duration":"11.786391ms","Heartbeats to Save":"1"}}

2016-09-29T20:02:17.125263+00:00 b0fa19c0-86de-4447-a670-3f7adbd0b3c1 - - - [NXLOG@14506 bosh_deployment="cf-warden" bosh_job_name="api_z1" bosh_job_index="0" filename="/var/vcap/data/sys/log/cloud_controller_worker/cloud_controller_worker.log"] {"timestamp":1475179331.8814452,"message":"(0.000523s) SELECT * FROM \"delayed_jobs\" WHERE ((((\"run_at\" <= '2016-09-29 20:02:11.880420+0000') AND (\"locked_at\" IS NULL)) OR (\"locked_by\" = 'cc_global_worker.api_z1.0.1')) AND (\"failed_at\" IS NULL) AND (\"queue\" IN ('cc-generic'))) ORDER BY \"priority\" ASC, \"run_at\" ASC LIMIT 5","log_level":"debug2","source":"cc.background","data":{},"thread_id":47193737007380,"fiber_id":47193773841900,"process_id":15807,"file":"/var/vcap/packages/cloud_controller_ng/cloud_controller_ng/vendor/bundle/ruby/2.3.0/gems/sequel-4.29.0/lib/sequel/database/logging.rb","lineno":70,"method":"block in log_each"}

2016-09-29T20:02:17.125364+00:00 b0fa19c0-86de-4447-a670-3f7adbd0b3c1 - - - [NXLOG@14506 bosh_deployment="cf-warden" bosh_job_name="api_z1" bosh_job_index="0" filename="/var/vcap/data/sys/log/cloud_controller_worker/cloud_controller_worker.log"] {"timestamp":1475179336.9093363,"message":"(0.000590s) SELECT * FROM \"delayed_jobs\" WHERE ((((\"run_at\" <= '2016-09-29 20:02:16.908205+0000') AND (\"locked_at\" IS NULL)) OR (\"locked_by\" = 'cc_global_worker.api_z1.0.1')) AND (\"failed_at\" IS NULL) AND (\"queue\" IN ('cc-generic'))) ORDER BY \"priority\" ASC, \"run_at\" ASC LIMIT 5","log_level":"debug2","source":"cc.background","data":{},"thread_id":47193737007380,"fiber_id":47193773841900,"process_id":15807,"file":"/var/vcap/packages/cloud_controller_ng/cloud_controller_ng/vendor/bundle/ruby/2.3.0/gems/sequel-4.29.0/lib/sequel/database/logging.rb","lineno":70,"method":"block in log_each"}

2016-09-29T20:02:17.125433+00:00 b0fa19c0-86de-4447-a670-3f7adbd0b3c1 - - - [NXLOG@14506 bosh_deployment="cf-warden" bosh_job_name="api_z1" bosh_job_index="0" filename="/var/vcap/data/sys/log/nginx_cc/nginx.access.log"] api.bosh-lite.com - [29/Sep/2016:20:02:15 +0000] "GET /v2/syslog_drain_urls?batch_size=1000 HTTP/1.1" 200 326 "-" "Go-http-client/1.1" 10.244.0.146, 10.244.0.34, 10.244.0.22 vcap_request_id:154a4e7b-001b-405b-5f1e-d20eb724a403::08e904b3-58d1-440b-9685-ed0376be5a77 response_time:0.004

2016-09-29T20:02:17.125545+00:00 b0fa19c0-86de-4447-a670-3f7adbd0b3c1 - - - [NXLOG@14506 bosh_deployment="cf-warden" bosh_job_name="api_z1" bosh_job_index="0" filename="/var/vcap/data/sys/log/cloud_controller_ng/cloud_controller_ng.log"] {"timestamp":1475179328.1906314,"message":"(0.000843s) SELECT * FROM \"delayed_jobs\" WHERE ((((\"run_at\" <= '2016-09-29 20:02:08.189146+0000') AND (\"locked_at\" IS NULL)) OR (\"locked_by\" = 'cc_api_worker.api_z1.0.1')) AND (\"failed_at\" IS NULL) AND (\"queue\" IN ('cc-api_z1-0'))) ORDER BY \"priority\" ASC, \"run_at\" ASC LIMIT 5","log_level":"debug2","source":"cc.background","data":{},"thread_id":47452862460180,"fiber_id":47452899698480,"process_id":15587,"file":"/var/vcap/packages/cloud_controller_ng/cloud_controller_ng/vendor/bundle/ruby/2.3.0/gems/sequel-4.29.0/lib/sequel/database/logging.rb","lineno":70,"method":"block in log_each"}

2016-09-29T20:02:17.125588+00:00 b0fa19c0-86de-4447-a670-3f7adbd0b3c1 - - - [NXLOG@14506 bosh_deployment="cf-warden" bosh_job_name="api_z1" bosh_job_index="0" filename="/var/vcap/data/sys/log/cloud_controller_ng/cloud_controller_ng.log"] {"timestamp":1475179331.8827648,"message":"(0.000491s) SELECT * FROM \"delayed_jobs\" WHERE ((((\"run_at\" <= '2016-09-29 20:02:11.881752+0000') AND (\"locked_at\" IS NULL)) OR (\"locked_by\" = 'cc_api_worker.api_z1.0.2')) AND (\"failed_at\" IS NULL) AND (\"queue\" IN ('cc-api_z1-0'))) ORDER BY \"priority\" ASC, \"run_at\" ASC LIMIT 5","log_level":"debug2","source":"cc.background","data":{},"thread_id":47118928261380,"fiber_id":47118965175380,"process_id":15629,"file":"/var/vcap/packages/cloud_controller_ng/cloud_controller_ng/vendor/bundle/ruby/2.3.0/gems/sequel-4.29.0/lib/sequel/database/logging.rb","lineno":70,"method":"block in log_each"}

2016-09-29T20:02:17.125650+00:00 b0fa19c0-86de-4447-a670-3f7adbd0b3c1 - - - [NXLOG@14506 bosh_deployment="cf-warden" bosh_job_name="api_z1" bosh_job_index="0" filename="/var/vcap/data/sys/log/cloud_controller_ng/cloud_controller_ng.log"] {"timestamp":1475179333.212242,"message":"(0.000562s) SELECT * FROM \"delayed_jobs\" WHERE ((((\"run_at\" <= '2016-09-29 20:02:13.211174+0000') AND (\"locked_at\" IS NULL)) OR (\"locked_by\" = 'cc_api_worker.api_z1.0.1')) AND (\"failed_at\" IS NULL) AND (\"queue\" IN ('cc-api_z1-0'))) ORDER BY \"priority\" ASC, \"run_at\" ASC LIMIT 5","log_level":"debug2","source":"cc.background","data":{},"thread_id":47452862460180,"fiber_id":47452899698480,"process_id":15587,"file":"/var/vcap/packages/cloud_controller_ng/cloud_controller_ng/vendor/bundle/ruby/2.3.0/gems/sequel-4.29.0/lib/sequel/database/logging.rb","lineno":70,"method":"block in log_each"}

2016-09-29T20:02:17.125693+00:00 b0fa19c0-86de-4447-a670-3f7adbd0b3c1 - - - [NXLOG@14506 bosh_deployment="cf-warden" bosh_job_name="api_z1" bosh_job_index="0" filename="/var/vcap/data/sys/log/cloud_controller_ng/cloud_controller_ng.log"] {"timestamp":1475179335.9081333,"message":"Statsd: cc.requests.outstanding:1|c","log_level":"debug","source":"statsd.client","data":{},"thread_id":47062185509680,"fiber_id":47062175221640,"process_id":15535,"file":"/var/vcap/packages/cloud_controller_ng/cloud_controller_ng/vendor/bundle/ruby/2.3.0/gems/statsd-ruby-1.2.1/lib/statsd.rb","lineno":254,"method":"send_to_socket"}

2016-09-29T20:02:17.125756+00:00 b0fa19c0-86de-4447-a670-3f7adbd0b3c1 - - - [NXLOG@14506 bosh_deployment="cf-warden" bosh_job_name="api_z1" bosh_job_index="0" filename="/var/vcap/data/sys/log/cloud_controller_ng/cloud_controller_ng.log"] {"timestamp":1475179335.9086735,"message":"Started GET \"/v2/syslog_drain_urls?batch_size=1000\" for user: , ip: 127.0.0.1 with vcap-request-id: 154a4e7b-001b-405b-5f1e-d20eb724a403::08e904b3-58d1-440b-9685-ed0376be5a77 at 2016-09-29 20:02:15 UTC","log_level":"info","source":"cc.api","data":{},"thread_id":47062185509680,"fiber_id":47062175221640,"process_id":15535,"file":"/var/vcap/packages/cloud_controller_ng/cloud_controller_ng/middleware/request_logs.rb","lineno":12,"method":"call"}

2016-09-29T20:02:17.125795+00:00 b0fa19c0-86de-4447-a670-3f7adbd0b3c1 - - - [NXLOG@14506 bosh_deployment="cf-warden" bosh_job_name="api_z1" bosh_job_index="0" filename="/var/vcap/data/sys/log/cloud_controller_ng/cloud_controller_ng.log"] {"timestamp":1475179335.9094224,"message":"dispatch VCAP::CloudController::SyslogDrainUrlsController get /v2/syslog_drain_urls","log_level":"debug","source":"cc.api","data":{"request_guid":"154a4e7b-001b-405b-5f1e-d20eb724a403::08e904b3-58d1-440b-9685-ed0376be5a77"},"thread_id":47062185509680,"fiber_id":47062175221640,"process_id":15535,"file":"/var/vcap/data/packages/cloud_controller_ng/f87cb49aa2cd87792cb9c2211a79e1542502be4d.1-b1a5f3c830cb6c32ae9e685628b24aa967f5ae54/cloud_controller_ng/lib/cloud_controller/rest_controller/routes.rb","lineno":12,"method":"block in define_route"}

2016-09-29T20:02:17.125846+00:00 b0fa19c0-86de-4447-a670-3f7adbd0b3c1 - - - [NXLOG@14506 bosh_deployment="cf-warden" bosh_job_name="api_z1" bosh_job_index="0" filename="/var/vcap/data/sys/log/cloud_controller_ng/cloud_controller_ng.log"] {"timestamp":1475179335.9096134,"message":"parse_params: {\"batch_size\"=>\"1000\"} batch_size=1000","log_level":"debug","source":"cc.api","data":{"request_guid":"154a4e7b-001b-405b-5f1e-d20eb724a403::08e904b3-58d1-440b-9685-ed0376be5a77"},"thread_id":47062185509680,"fiber_id":47062175221640,"process_id":15535,"file":"/var/vcap/data/packages/cloud_controller_ng/f87cb49aa2cd87792cb9c2211a79e1542502be4d.1-b1a5f3c830cb6c32ae9e685628b24aa967f5ae54/cloud_controller_ng/lib/cloud_controller/rest_controller/common_params.rb","lineno":10,"method":"parse"}

2016-09-29T20:02:17.125886+00:00 b0fa19c0-86de-4447-a670-3f7adbd0b3c1 - - - [NXLOG@14506 bosh_deployment="cf-warden" bosh_job_name="api_z1" bosh_job_index="0" filename="/var/vcap/data/sys/log/cloud_controller_ng/cloud_controller_ng.log"] {"timestamp":1475179335.909726,"message":"cc.dispatch","log_level":"debug","source":"cc.api","data":{"request_guid":"154a4e7b-001b-405b-5f1e-d20eb724a403::08e904b3-58d1-440b-9685-ed0376be5a77","endpoint":"list","args":[]},"thread_id":47062185509680,"fiber_id":47062175221640,"process_id":15535,"file":"/var/vcap/data/packages/cloud_controller_ng/f87cb49aa2cd87792cb9c2211a79e1542502be4d.1-b1a5f3c830cb6c32ae9e685628b24aa967f5ae54/cloud_controller_ng/app/controllers/base/base_controller.rb","lineno":78,"method":"dispatch"}

2016-09-29T20:02:17.125945+00:00 b0fa19c0-86de-4447-a670-3f7adbd0b3c1 - - - [NXLOG@14506 bosh_deployment="cf-warden" bosh_job_name="api_z1" bosh_job_index="0" filename="/var/vcap/data/sys/log/cloud_controller_ng/cloud_controller_ng.log"] {"timestamp":1475179335.9111276,"message":"(0.000764s) SELECT \"apps\".\"guid\", string_agg(\"service_bindings\".\"syslog_drain_url\", ',') AS \"syslog_drain_urls\" FROM \"apps\" INNER JOIN \"service_bindings\" ON (\"service_bindings\".\"app_id\" = \"apps\".\"id\") WHERE ((syslog_drain_url IS NOT NULL) AND (syslog_drain_url != '')) GROUP BY \"apps\".\"guid\" UNION ALL (SELECT \"apps_v3\".\"guid\", string_agg(\"v3_service_bindings\".\"syslog_drain_url\", ',') AS \"syslog_drain_urls\" FROM \"apps_v3\" INNER JOIN \"v3_service_bindings\" ON (\"v3_service_bindings\".\"app_id\" = \"apps_v3\".\"id\") WHERE ((syslog_drain_url IS NOT NULL) AND (syslog_drain_url != '')) GROUP BY \"apps_v3\".\"guid\") ORDER BY \"guid\" LIMIT 1000 OFFSET 0","log_level":"debug2","source":"cc.db","data":{"request_guid":"154a4e7b-001b-405b-5f1e-d20eb724a403::08e904b3-58d1-440b-9685-ed0376be5a77"},"thread_id":47062185509680,"fiber_id":47062175221640,"process_id":15535,"file":"/var/vcap/packages/cloud_controller_ng/cloud_controller_ng/vendor/bundle/ruby/2.3.0/gems/sequel-4.29.0/lib/sequel/database/logging.rb","lineno":70,"method":"block in log_each"}

2016-09-29T20:02:17.125992+00:00 b0fa19c0-86de-4447-a670-3f7adbd0b3c1 - - - [NXLOG@14506 bosh_deployment="cf-warden" bosh_job_name="api_z1" bosh_job_index="0" filename="/var/vcap/data/sys/log/cloud_controller_ng/cloud_controller_ng.log"] {"timestamp":1475179335.9114313,"message":"Completed 200 vcap-request-id: 154a4e7b-001b-405b-5f1e-d20eb724a403::08e904b3-58d1-440b-9685-ed0376be5a77","log_level":"info","source":"cc.api","data":{},"thread_id":47062185509680,"fiber_id":47062175221640,"process_id":15535,"file":"/var/vcap/packages/cloud_controller_ng/cloud_controller_ng/middleware/request_logs.rb","lineno":24,"method":"call"}

2016-09-29T20:02:17.126043+00:00 b0fa19c0-86de-4447-a670-3f7adbd0b3c1 - - - [NXLOG@14506 bosh_deployment="cf-warden" bosh_job_name="api_z1" bosh_job_index="0" filename="/var/vcap/data/sys/log/cloud_controller_ng/cloud_controller_ng.log"] {"timestamp":1475179335.911573,"message":"Statsd: cc.requests.outstanding:-1|c\ncc.requests.completed:1|c\ncc.http_status.2XX:1|c","log_level":"debug","source":"statsd.client","data":{},"thread_id":47062185509680,"fiber_id":47062175221640,"process_id":15535,"file":"/var/vcap/packages/cloud_controller_ng/cloud_controller_ng/vendor/bundle/ruby/2.3.0/gems/statsd-ruby-1.2.1/lib/statsd.rb","lineno":254,"method":"send_to_socket"}

2016-09-29T20:02:17.126082+00:00 b0fa19c0-86de-4447-a670-3f7adbd0b3c1 - - - [NXLOG@14506 bosh_deployment="cf-warden" bosh_job_name="api_z1" bosh_job_index="0" filename="/var/vcap/data/sys/log/cloud_controller_ng/cloud_controller_ng.log"] {"timestamp":1475179336.9068084,"message":"(0.000655s) SELECT * FROM \"delayed_jobs\" WHERE ((((\"run_at\" <= '2016-09-29 20:02:16.905508+0000') AND (\"locked_at\" IS NULL)) OR (\"locked_by\" = 'cc_api_worker.api_z1.0.2')) AND (\"failed_at\" IS NULL) AND (\"queue\" IN ('cc-api_z1-0'))) ORDER BY \"priority\" ASC, \"run_at\" ASC LIMIT 5","log_level":"debug2","source":"cc.background","data":{},"thread_id":47118928261380,"fiber_id":47118965175380,"process_id":15629,"file":"/var/vcap/packages/cloud_controller_ng/cloud_controller_ng/vendor/bundle/ruby/2.3.0/gems/sequel-4.29.0/lib/sequel/database/logging.rb","lineno":70,"method":"block in log_each"}

2016-09-29T20:02:17.126157+00:00 b0fa19c0-86de-4447-a670-3f7adbd0b3c1 - - - [NXLOG@14506 bosh_deployment="cf-warden" bosh_job_name="api_z1" bosh_job_index="0" filename="/var/vcap/data/sys/log/cloud_controller_ng/cloud_controller_ng.log"] {"timestamp":1475179337.1234782,"message":"Statsd: cc.requests.outstanding:1|c","log_level":"debug","source":"statsd.client","data":{},"thread_id":47062185510540,"fiber_id":47062184968220,"process_id":15535,"file":"/var/vcap/packages/cloud_controller_ng/cloud_controller_ng/vendor/bundle/ruby/2.3.0/gems/statsd-ruby-1.2.1/lib/statsd.rb","lineno":254,"method":"send_to_socket"}

2016-09-29T20:02:17.126203+00:00 b0fa19c0-86de-4447-a670-3f7adbd0b3c1 - - - [NXLOG@14506 bosh_deployment="cf-warden" bosh_job_name="api_z1" bosh_job_index="0" filename="/var/vcap/data/sys/log/cloud_controller_ng/cloud_controller_ng.log"] {"timestamp":1475179337.1242137,"message":"Started GET \"/v2/info\" for user: , ip: 127.0.0.1 with vcap-request-id: 357c317b-08dc-4a75-a46e-965cd0525ee6 at 2016-09-29 20:02:17 UTC","log_level":"info","source":"cc.api","data":{},"thread_id":47062185510540,"fiber_id":47062184968220,"process_id":15535,"file":"/var/vcap/packages/cloud_controller_ng/cloud_controller_ng/middleware/request_logs.rb","lineno":12,"method":"call"}

2016-09-29T20:02:26.972608+00:00 bfc626ef-a2eb-4bad-8f71-fa1d6d0f927f - - - [NXLOG@14506 bosh_deployment="cf-warden" bosh_job_name="loggregator_trafficcontroller_z1" bosh_job_index="0" filename="/var/vcap/data/sys/log/route_registrar/route_registrar.stdout.log"] {"timestamp":"1475179346.733137608","source":"Route Registrar","message":"Route Registrar.no healthchecker found for route","log_level":1,"data":{"route":{"Name":"doppler","Port":8081,"Tags":null,"URIs":["doppler.bosh-lite.com"],"RouteServiceUrl":"","RegistrationInterval":20000000000,"HealthCheck":null}}}

2016-09-29T20:02:26.972761+00:00 bfc626ef-a2eb-4bad-8f71-fa1d6d0f927f - - - [NXLOG@14506 bosh_deployment="cf-warden" bosh_job_name="loggregator_trafficcontroller_z1" bosh_job_index="0" filename="/var/vcap/data/sys/log/route_registrar/route_registrar.stdout.log"] {"timestamp":"1475179346.750618935","source":"Route Registrar","message":"Route Registrar.Registering route","log_level":1,"data":{"route":{"Name":"doppler","Port":8081,"Tags":null,"URIs":["doppler.bosh-lite.com"],"RouteServiceUrl":"","RegistrationInterval":20000000000,"HealthCheck":null}}}

2016-09-29T20:02:26.972838+00:00 bfc626ef-a2eb-4bad-8f71-fa1d6d0f927f - - - [NXLOG@14506 bosh_deployment="cf-warden" bosh_job_name="loggregator_trafficcontroller_z1" bosh_job_index="0" filename="/var/vcap/data/sys/log/route_registrar/route_registrar.stdout.log"] {"timestamp":"1475179346.750721693","source":"Route Registrar","message":"Route Registrar.Registered routes successfully","log_level":1,"data":{}}

2016-09-29T20:02:26.972910+00:00 bfc626ef-a2eb-4bad-8f71-fa1d6d0f927f - - - [NXLOG@14506 bosh_deployment="cf-warden" bosh_job_name="loggregator_trafficcontroller_z1" bosh_job_index="0" filename="/var/vcap/data/sys/log/route_registrar/route_registrar.stdout.log"] {"timestamp":"1475179346.750744581","source":"Route Registrar","message":"Route Registrar.no healthchecker found for route","log_level":1,"data":{"route":{"Name":"loggregator","Port":8080,"Tags":null,"URIs":["loggregator.bosh-lite.com"],"RouteServiceUrl":"","RegistrationInterval":20000000000,"HealthCheck":null}}}

2016-09-29T20:02:26.973067+00:00 bfc626ef-a2eb-4bad-8f71-fa1d6d0f927f - - - [NXLOG@14506 bosh_deployment="cf-warden" bosh_job_name="loggregator_trafficcontroller_z1" bosh_job_index="0" filename="/var/vcap/data/sys/log/route_registrar/route_registrar.stdout.log"] {"timestamp":"1475179346.750759602","source":"Route Registrar","message":"Route Registrar.Registering route","log_level":1,"data":{"route":{"Name":"loggregator","Port":8080,"Tags":null,"URIs":["loggregator.bosh-lite.com"],"RouteServiceUrl":"","RegistrationInterval":20000000000,"HealthCheck":null}}}

2016-09-29T20:02:26.973168+00:00 bfc626ef-a2eb-4bad-8f71-fa1d6d0f927f - - - [NXLOG@14506 bosh_deployment="cf-warden" bosh_job_name="loggregator_trafficcontroller_z1" bosh_job_index="0" filename="/var/vcap/data/sys/log/route_registrar/route_registrar.stdout.log"] {"timestamp":"1475179346.750794411","source":"Route Registrar","message":"Route Registrar.Registered routes successfully","log_level":1,"data":{}}

2016-09-29T20:02:26.981531+00:00 fc52b791-0068-48d0-b63d-a9600b8fa32e - - - [NXLOG@14506 bosh_deployment="cf-warden" bosh_job_name="runner_z1" bosh_job_index="0" filename="/var/vcap/data/sys/log/dea_next/dea_next.log"] {"timestamp":1475179341.750566,"message":"hm9000.heartbeat.sending","log_level":"debug","source":"Dea::Bootstrap","data":{"destination":"https://listener-hm9000.service.cf.internal:5335/dea/heartbeat"},"thread_id":47241037142420,"fiber_id":47241050325380,"process_id":6941,"file":"/var/vcap/packages/dea_next/lib/dea/utils/hm9000.rb","lineno":29,"method":"send_heartbeat"}

2016-09-29T20:02:26.981684+00:00 fc52b791-0068-48d0-b63d-a9600b8fa32e - - - [NXLOG@14506 bosh_deployment="cf-warden" bosh_job_name="runner_z1" bosh_job_index="0" filename="/var/vcap/data/sys/log/dea_next/dea_next.log"] {"timestamp":1475179341.7525873,"message":"hm9000.heartbeat.accepted","log_level":"debug","source":"Dea::Bootstrap","data":{},"thread_id":47241047596300,"fiber_id":47241049561000,"process_id":6941,"file":"/var/vcap/packages/dea_next/lib/dea/utils/hm9000.rb","lineno":49,"method":"handle_http_response"}

2016-09-29T20:02:27.114551+00:00 152ab062-1f32-4789-910a-13bdc79651b2 - - - [NXLOG@14506 bosh_deployment="cf-warden" bosh_job_name="hm9000_z1" bosh_job_index="0" filename="/var/vcap/data/sys/log/hm9000/hm9000_listener.log"] {"timestamp":"1475179341.751944780","source":"listener","message":"listener.Received a heartbeat","log_level":1,"data":{"Heartbeats Pending Save":"1"}}

2016-09-29T20:02:27.114727+00:00 152ab062-1f32-4789-910a-13bdc79651b2 - - - [NXLOG@14506 bosh_deployment="cf-warden" bosh_job_name="hm9000_z1" bosh_job_index="0" filename="/var/vcap/data/sys/log/hm9000/hm9000_listener.log"] {"timestamp":"1475179341.816466570","source":"listener","message":"listener.Saving Heartbeats","log_level":1,"data":{"Heartbeats to Save":"1"}}

2016-09-29T20:02:27.114795+00:00 152ab062-1f32-4789-910a-13bdc79651b2 - - - [NXLOG@14506 bosh_deployment="cf-warden" bosh_job_name="hm9000_z1" bosh_job_index="0" filename="/var/vcap/data/sys/log/hm9000/hm9000_listener.log"] {"timestamp":"1475179341.824407816","source":"listener","message":"listener.Bumped freshness","log_level":1,"data":{}}

2016-09-29T20:02:27.114875+00:00 152ab062-1f32-4789-910a-13bdc79651b2 - - - [NXLOG@14506 bosh_deployment="cf-warden" bosh_job_name="hm9000_z1" bosh_job_index="0" filename="/var/vcap/data/sys/log/hm9000/hm9000_listener.log"] {"timestamp":"1475179341.824704170","source":"listener","message":"listener.Saved Heartbeats","log_level":1,"data":{"Duration":"8.00547ms","Heartbeats to Save":"1"}}

2016-09-29T20:02:27.114937+00:00 152ab062-1f32-4789-910a-13bdc79651b2 - - - [NXLOG@14506 bosh_deployment="cf-warden" bosh_job_name="hm9000_z1" bosh_job_index="0" filename="/var/vcap/data/sys/log/route_registrar/route_registrar.stdout.log"] {"timestamp":"1475179342.324632406","source":"Route Registrar","message":"Route Registrar.no healthchecker found for route","log_level":1,"data":{"route":{"Name":"hm9000","Port":5155,"Tags":{"component":"HM9K"},"URIs":["hm9000.bosh-lite.com"],"RouteServiceUrl":"","RegistrationInterval":20000000000,"HealthCheck":null}}}

2016-09-29T20:02:27.115035+00:00 152ab062-1f32-4789-910a-13bdc79651b2 - - - [NXLOG@14506 bosh_deployment="cf-warden" bosh_job_name="hm9000_z1" bosh_job_index="0" filename="/var/vcap/data/sys/log/route_registrar/route_registrar.stdout.log"] {"timestamp":"1475179342.324773550","source":"Route Registrar","message":"Route Registrar.Registering route","log_level":1,"data":{"route":{"Name":"hm9000","Port":5155,"Tags":{"component":"HM9K"},"URIs":["hm9000.bosh-lite.com"],"RouteServiceUrl":"","RegistrationInterval":20000000000,"HealthCheck":null}}}

2016-09-29T20:02:27.115139+00:00 152ab062-1f32-4789-910a-13bdc79651b2 - - - [NXLOG@14506 bosh_deployment="cf-warden" bosh_job_name="hm9000_z1" bosh_job_index="0" filename="/var/vcap/data/sys/log/route_registrar/route_registrar.stdout.log"] {"timestamp":"1475179342.324869871","source":"Route Registrar","message":"Route Registrar.Registered routes successfully","log_level":1,"data":{}}

2016-09-29T20:02:27.116016+00:00 05bf1627-ae2f-400c-b1ce-31973a9ff23f - - - [NXLOG@14506 bosh_deployment="cf-warden" bosh_job_name="uaa_z1" bosh_job_index="0" filename="/var/vcap/data/sys/log/uaa/localhost_access.log"] 127.0.0.1 - - [29/Sep/2016:20:02:10 +0000] "GET /healthz HTTP/1.1" 200 3

2016-09-29T20:02:36.981943+00:00 fc52b791-0068-48d0-b63d-a9600b8fa32e - - - [NXLOG@14506 bosh_deployment="cf-warden" bosh_job_name="runner_z1" bosh_job_index="0" filename="/var/vcap/data/sys/log/dea_next/dea_next.log"] {"timestamp":1475179351.7473605,"message":"hm9000.heartbeat.sending","log_level":"debug","source":"Dea::Bootstrap","data":{"destination":"https://listener-hm9000.service.cf.internal:5335/dea/heartbeat"},"thread_id":47241037142420,"fiber_id":47241050325380,"process_id":6941,"file":"/var/vcap/packages/dea_next/lib/dea/utils/hm9000.rb","lineno":29,"method":"send_heartbeat"}

2016-09-29T20:02:36.982345+00:00 fc52b791-0068-48d0-b63d-a9600b8fa32e - - - [NXLOG@14506 bosh_deployment="cf-warden" bosh_job_name="runner_z1" bosh_job_index="0" filename="/var/vcap/data/sys/log/dea_next/dea_next.log"] {"timestamp":1475179351.749627,"message":"hm9000.heartbeat.accepted","log_level":"debug","source":"Dea::Bootstrap","data":{},"thread_id":47241037004060,"fiber_id":47241049518080,"process_id":6941,"file":"/var/vcap/packages/dea_next/lib/dea/utils/hm9000.rb","lineno":49,"method":"handle_http_response"}

2016-09-29T20:02:36.982742+00:00 fc52b791-0068-48d0-b63d-a9600b8fa32e - - - [NXLOG@14506 bosh_deployment="cf-warden" bosh_job_name="runner_z1" bosh_job_index="0" filename="/var/vcap/data/sys/log/dea_next/dea_next.log"] {"timestamp":1475179356.0848641,"message":"Reaping orphaned containers","log_level":"debug","source":"Dea::Bootstrap","data":{},"thread_id":47241037142420,"fiber_id":47241050325380,"process_id":6941,"file":"/var/vcap/packages/dea_next/lib/dea/bootstrap.rb","lineno":236,"method":"reap_orphaned_containers"}

2016-09-29T20:02:37.114534+00:00 f0562343-642f-42d4-aca5-293abe675815 - - - [NXLOG@14506 bosh_deployment="cf-warden" bosh_job_name="blobstore_z1" bosh_job_index="0" filename="/var/vcap/data/sys/log/route_registrar/route_registrar.stdout.log"] {"timestamp":"1475179348.514264822","source":"Route Registrar","message":"Route Registrar.no healthchecker found for route","log_level":1,"data":{"route":{"Name":"blobstore","Port":80,"Tags":{"component":"blobstore"},"URIs":["blobstore.bosh-lite.com"],"RouteServiceUrl":"","RegistrationInterval":20000000000,"HealthCheck":null}}}

2016-09-29T20:02:37.114685+00:00 f0562343-642f-42d4-aca5-293abe675815 - - - [NXLOG@14506 bosh_deployment="cf-warden" bosh_job_name="blobstore_z1" bosh_job_index="0" filename="/var/vcap/data/sys/log/route_registrar/route_registrar.stdout.log"] {"timestamp":"1475179348.514264822","source":"Route Registrar","message":"Route Registrar.Registering route","log_level":1,"data":{"route":{"Name":"blobstore","Port":80,"Tags":{"component":"blobstore"},"URIs":["blobstore.bosh-lite.com"],"RouteServiceUrl":"","RegistrationInterval":20000000000,"HealthCheck":null}}}

2016-09-29T20:02:37.114723+00:00 f0562343-642f-42d4-aca5-293abe675815 - - - [NXLOG@14506 bosh_deployment="cf-warden" bosh_job_name="blobstore_z1" bosh_job_index="0" filename="/var/vcap/data/sys/log/route_registrar/route_registrar.stdout.log"] {"timestamp":"1475179348.514392614","source":"Route Registrar","message":"Route Registrar.Registered routes successfully","log_level":1,"data":{}}

2016-09-29T20:02:37.114965+00:00 152ab062-1f32-4789-910a-13bdc79651b2 - - - [NXLOG@14506 bosh_deployment="cf-warden" bosh_job_name="hm9000_z1" bosh_job_index="0" filename="/var/vcap/data/sys/log/hm9000/hm9000_listener.log"] {"timestamp":"1475179351.748778820","source":"listener","message":"listener.Received a heartbeat","log_level":1,"data":{"Heartbeats Pending Save":"1"}}

2016-09-29T20:02:37.115263+00:00 152ab062-1f32-4789-910a-13bdc79651b2 - - - [NXLOG@14506 bosh_deployment="cf-warden" bosh_job_name="hm9000_z1" bosh_job_index="0" filename="/var/vcap/data/sys/log/hm9000/hm9000_listener.log"] {"timestamp":"1475179351.816756964","source":"listener","message":"listener.Saving Heartbeats","log_level":1,"data":{"Heartbeats to Save":"1"}}

2016-09-29T20:02:37.119026+00:00 152ab062-1f32-4789-910a-13bdc79651b2 - - - [NXLOG@14506 bosh_deployment="cf-warden" bosh_job_name="hm9000_z1" bosh_job_index="0" filename="/var/vcap/data/sys/log/hm9000/hm9000_listener.log"] {"timestamp":"1475179351.825504541","source":"listener","message":"listener.Bumped freshness","log_level":1,"data":{}}

2016-09-29T20:02:37.119114+00:00 152ab062-1f32-4789-910a-13bdc79651b2 - - - [NXLOG@14506 bosh_deployment="cf-warden" bosh_job_name="hm9000_z1" bosh_job_index="0" filename="/var/vcap/data/sys/log/hm9000/hm9000_listener.log"] {"timestamp":"1475179351.825533152","source":"listener","message":"listener.Saved Heartbeats","log_level":1,"data":{"Duration":"8.682667ms","Heartbeats to Save":"1"}}

2016-09-29T20:02:37.119352+00:00 05bf1627-ae2f-400c-b1ce-31973a9ff23f - - - [NXLOG@14506 bosh_deployment="cf-warden" bosh_job_name="uaa_z1" bosh_job_index="0" filename="/var/vcap/data/sys/log/uaa/localhost_access.log"] 127.0.0.1 - - [29/Sep/2016:20:02:18 +0000] "GET /healthz HTTP/1.1" 200 3

2016-09-29T20:02:37.119434+00:00 05bf1627-ae2f-400c-b1ce-31973a9ff23f - - - [NXLOG@14506 bosh_deployment="cf-warden" bosh_job_name="uaa_z1" bosh_job_index="0" filename="/var/vcap/data/sys/log/uaa/localhost_access.log"] 127.0.0.1 - - [29/Sep/2016:20:02:20 +0000] "GET /healthz HTTP/1.1" 200 3

2016-09-29T20:02:37.119492+00:00 05bf1627-ae2f-400c-b1ce-31973a9ff23f - - - [NXLOG@14506 bosh_deployment="cf-warden" bosh_job_name="uaa_z1" bosh_job_index="0" filename="/var/vcap/data/sys/log/uaa/localhost_access.log"] 127.0.0.1 - - [29/Sep/2016:20:02:22 +0000] "GET /healthz HTTP/1.1" 200 3

2016-09-29T20:02:37.119574+00:00 05bf1627-ae2f-400c-b1ce-31973a9ff23f - - - [NXLOG@14506 bosh_deployment="cf-warden" bosh_job_name="uaa_z1" bosh_job_index="0" filename="/var/vcap/data/sys/log/uaa/localhost_access.log"] 127.0.0.1 - - [29/Sep/2016:20:02:26 +0000] "GET /healthz HTTP/1.1" 200 3

2016-09-29T20:02:37.119608+00:00 05bf1627-ae2f-400c-b1ce-31973a9ff23f - - - [NXLOG@14506 bosh_deployment="cf-warden" bosh_job_name="uaa_z1" bosh_job_index="0" filename="/var/vcap/data/sys/log/route_registrar/route_registrar.stdout.log"] {"timestamp":"1475179350.810469627","source":"Route Registrar","message":"Route Registrar.Executing script","log_level":1,"data":{"scriptPath":"/var/vcap/jobs/uaa/bin/health_check"}}

2016-09-29T20:02:37.119662+00:00 05bf1627-ae2f-400c-b1ce-31973a9ff23f - - - [NXLOG@14506 bosh_deployment="cf-warden" bosh_job_name="uaa_z1" bosh_job_index="0" filename="/var/vcap/data/sys/log/route_registrar/route_registrar.stdout.log"] {"timestamp":"1475179350.822593689","source":"Route Registrar","message":"Route Registrar.Script exited without error","log_level":1,"data":{"script":"/var/vcap/jobs/uaa/bin/health_check","stderr":"  % Total    % Received % Xferd  Average Speed   Time    Time     Time  Current\n                                 Dload  Upload   Total   Spent    Left  Speed\n\r  0     0    0     0    0     0      0      0 --:--:-- --:--:-- --:--:--     0\r100     3  100     3    0     0   2835      0 --:--:-- --:--:-- --:--:--  3000\n","stdout":""}}

2016-09-29T20:02:37.119783+00:00 05bf1627-ae2f-400c-b1ce-31973a9ff23f - - - [NXLOG@14506 bosh_deployment="cf-warden" bosh_job_name="uaa_z1" bosh_job_index="0" filename="/var/vcap/data/sys/log/route_registrar/route_registrar.stdout.log"] {"timestamp":"1475179350.822747231","source":"Route Registrar","message":"Route Registrar.healthchecker returned healthy for route","log_level":1,"data":{"route":{"Name":"uaa","Port":8080,"Tags":{"component":"uaa"},"URIs":["uaa.bosh-lite.com","*.uaa.bosh-lite.com","login.bosh-lite.com","*.login.bosh-lite.com"],"RouteServiceUrl":"","RegistrationInterval":4000000000,"HealthCheck":{"Name":"uaa-healthcheck","ScriptPath":"/var/vcap/jobs/uaa/bin/health_check","Timeout":2000000000}}}}

2016-09-29T20:02:37.119861+00:00 05bf1627-ae2f-400c-b1ce-31973a9ff23f - - - [NXLOG@14506 bosh_deployment="cf-warden" bosh_job_name="uaa_z1" bosh_job_index="0" filename="/var/vcap/data/sys/log/route_registrar/route_registrar.stdout.log"] {"timestamp":"1475179350.822782040","source":"Route Registrar","message":"Route Registrar.Registering route","log_level":1,"data":{"route":{"Name":"uaa","Port":8080,"Tags":{"component":"uaa"},"URIs":["uaa.bosh-lite.com","*.uaa.bosh-lite.com","login.bosh-lite.com","*.login.bosh-lite.com"],"RouteServiceUrl":"","RegistrationInterval":4000000000,"HealthCheck":{"Name":"uaa-healthcheck","ScriptPath":"/var/vcap/jobs/uaa/bin/health_check","Timeout":2000000000}}}}

2016-09-29T20:02:37.119923+00:00 05bf1627-ae2f-400c-b1ce-31973a9ff23f - - - [NXLOG@14506 bosh_deployment="cf-warden" bosh_job_name="uaa_z1" bosh_job_index="0" filename="/var/vcap/data/sys/log/route_registrar/route_registrar.stdout.log"] {"timestamp":"1475179350.822850227","source":"Route Registrar","message":"Route Registrar.Registered routes successfully","log_level":1,"data":{}}

2016-09-29T20:02:37.119945+00:00 05bf1627-ae2f-400c-b1ce-31973a9ff23f - - - [NXLOG@14506 bosh_deployment="cf-warden" bosh_job_name="uaa_z1" bosh_job_index="0" filename="/var/vcap/data/sys/log/route_registrar/route_registrar.stdout.log"] {"timestamp":"1475179354.808193445","source":"Route Registrar","message":"Route Registrar.Executing script","log_level":1,"data":{"scriptPath":"/var/vcap/jobs/uaa/bin/health_check"}}

2016-09-29T20:02:37.119966+00:00 05bf1627-ae2f-400c-b1ce-31973a9ff23f - - - [NXLOG@14506 bosh_deployment="cf-warden" bosh_job_name="uaa_z1" bosh_job_index="0" filename="/var/vcap/data/sys/log/route_registrar/route_registrar.stdout.log"] {"timestamp":"1475179354.818531275","source":"Route Registrar","message":"Route Registrar.Script exited without error","log_level":1,"data":{"script":"/var/vcap/jobs/uaa/bin/health_check","stderr":"  % Total    % Received % Xferd  Average Speed   Time    Time     Time  Current\n                                 Dload  Upload   Total   Spent    Left  Speed\n\r  0     0    0     0    0     0      0      0 --:--:-- --:--:-- --:--:--     0\r100     3  100     3    0     0   1595      0 --:--:-- --:--:-- --:--:--  3000\n","stdout":""}}

2016-09-29T20:02:37.120012+00:00 05bf1627-ae2f-400c-b1ce-31973a9ff23f - - - [NXLOG@14506 bosh_deployment="cf-warden" bosh_job_name="uaa_z1" bosh_job_index="0" filename="/var/vcap/data/sys/log/route_registrar/route_registrar.stdout.log"] {"timestamp":"1475179354.818629742","source":"Route Registrar","message":"Route Registrar.healthchecker returned healthy for route","log_level":1,"data":{"route":{"Name":"uaa","Port":8080,"Tags":{"component":"uaa"},"URIs":["uaa.bosh-lite.com","*.uaa.bosh-lite.com","login.bosh-lite.com","*.login.bosh-lite.com"],"RouteServiceUrl":"","RegistrationInterval":4000000000,"HealthCheck":{"Name":"uaa-healthcheck","ScriptPath":"/var/vcap/jobs/uaa/bin/health_check","Timeout":2000000000}}}}

2016-09-29T20:02:37.120056+00:00 05bf1627-ae2f-400c-b1ce-31973a9ff23f - - - [NXLOG@14506 bosh_deployment="cf-warden" bosh_job_name="uaa_z1" bosh_job_index="0" filename="/var/vcap/data/sys/log/route_registrar/route_registrar.stdout.log"] {"timestamp":"1475179354.818661451","source":"Route Registrar","message":"Route Registrar.Registering route","log_level":1,"data":{"route":{"Name":"uaa","Port":8080,"Tags":{"component":"uaa"},"URIs":["uaa.bosh-lite.com","*.uaa.bosh-lite.com","login.bosh-lite.com","*.login.bosh-lite.com"],"RouteServiceUrl":"","RegistrationInterval":4000000000,"HealthCheck":{"Name":"uaa-healthcheck","ScriptPath":"/var/vcap/jobs/uaa/bin/health_check","Timeout":2000000000}}}}

2016-09-29T20:02:37.120104+00:00 05bf1627-ae2f-400c-b1ce-31973a9ff23f - - - [NXLOG@14506 bosh_deployment="cf-warden" bosh_job_name="uaa_z1" bosh_job_index="0" filename="/var/vcap/data/sys/log/route_registrar/route_registrar.stdout.log"] {"timestamp":"1475179354.818736076","source":"Route Registrar","message":"Route Registrar.Registered routes successfully","log_level":1,"data":{}}

2016-09-29T20:02:37.120145+00:00 05bf1627-ae2f-400c-b1ce-31973a9ff23f - - - [NXLOG@14506 bosh_deployment="cf-warden" bosh_job_name="uaa_z1" bosh_job_index="0" filename="/var/vcap/data/sys/log/uaa/uaa.log"] [2016-09-29 20:02:30.684] uaa - 19013 [http-nio-127.0.0.1-8989-exec-9] .... DEBUG --- AntPathRequestMatcher: Checking match of request : '/healthz'; against '/resources/**'

2016-09-29T20:02:37.120184+00:00 05bf1627-ae2f-400c-b1ce-31973a9ff23f - - - [NXLOG@14506 bosh_deployment="cf-warden" bosh_job_name="uaa_z1" bosh_job_index="0" filename="/var/vcap/data/sys/log/uaa/uaa.log"] [2016-09-29 20:02:30.684] uaa - 19013 [http-nio-127.0.0.1-8989-exec-9] .... DEBUG --- AntPathRequestMatcher: Checking match of request : '/healthz'; against '/square-logo.png'

2016-09-29T20:02:37.120223+00:00 05bf1627-ae2f-400c-b1ce-31973a9ff23f - - - [NXLOG@14506 bosh_deployment="cf-warden" bosh_job_name="uaa_z1" bosh_job_index="0" filename="/var/vcap/data/sys/log/uaa/uaa.log"] [2016-09-29 20:02:30.684] uaa - 19013 [http-nio-127.0.0.1-8989-exec-9] .... DEBUG --- AntPathRequestMatcher: Checking match of request : '/healthz'; against '/info'

2016-09-29T20:02:37.120252+00:00 05bf1627-ae2f-400c-b1ce-31973a9ff23f - - - [NXLOG@14506 bosh_deployment="cf-warden" bosh_job_name="uaa_z1" bosh_job_index="0" filename="/var/vcap/data/sys/log/uaa/uaa.log"] [2016-09-29 20:02:30.684] uaa - 19013 [http-nio-127.0.0.1-8989-exec-9] .... DEBUG --- AntPathRequestMatcher: Checking match of request : '/healthz'; against '/password/**'

2016-09-29T20:02:37.120283+00:00 05bf1627-ae2f-400c-b1ce-31973a9ff23f - - - [NXLOG@14506 bosh_deployment="cf-warden" bosh_job_name="uaa_z1" bosh_job_index="0" filename="/var/vcap/data/sys/log/uaa/uaa.log"] [2016-09-29 20:02:30.684] uaa - 19013 [http-nio-127.0.0.1-8989-exec-9] .... DEBUG --- AntPathRequestMatcher: Checking match of request : '/healthz'; against '/healthz/**'

2016-09-29T20:02:37.120316+00:00 05bf1627-ae2f-400c-b1ce-31973a9ff23f - - - [NXLOG@14506 bosh_deployment="cf-warden" bosh_job_name="uaa_z1" bosh_job_index="0" filename="/var/vcap/data/sys/log/uaa/uaa.log"] [2016-09-29 20:02:30.684] uaa - 19013 [http-nio-127.0.0.1-8989-exec-9] .... DEBUG --- FilterChainProxy: /healthz has an empty filter list

2016-09-29T20:02:37.120326+00:00 05bf1627-ae2f-400c-b1ce-31973a9ff23f - - - [NXLOG@14506 bosh_deployment="cf-warden" bosh_job_name="uaa_z1" bosh_job_index="0" filename="/var/vcap/data/sys/log/uaa/uaa.log"] [2016-09-29 20:02:30.684] uaa - 19013 [http-nio-127.0.0.1-8989-exec-9] .... DEBUG --- DispatcherServlet: DispatcherServlet with name 'spring' processing GET request for [/healthz]

2016-09-29T20:02:37.120340+00:00 05bf1627-ae2f-400c-b1ce-31973a9ff23f - - - [NXLOG@14506 bosh_deployment="cf-warden" bosh_job_name="uaa_z1" bosh_job_index="0" filename="/var/vcap/data/sys/log/uaa/uaa.log"] [2016-09-29 20:02:30.684] uaa - 19013 [http-nio-127.0.0.1-8989-exec-9] .... DEBUG --- DispatcherServlet: Last-Modified value for [/healthz] is: -1

2016-09-29T20:02:37.120349+00:00 05bf1627-ae2f-400c-b1ce-31973a9ff23f - - - [NXLOG@14506 bosh_deployment="cf-warden" bosh_job_name="uaa_z1" bosh_job_index="0" filename="/var/vcap/data/sys/log/uaa/uaa.log"] [2016-09-29 20:02:30.684] uaa - 19013 [http-nio-127.0.0.1-8989-exec-9] .... DEBUG --- RequestResponseBodyMethodProcessor: Written [ok

2016-09-29T20:02:37.120357+00:00 05bf1627-ae2f-400c-b1ce-31973a9ff23f - - - [NXLOG@14506 bosh_deployment="cf-warden" bosh_job_name="uaa_z1" bosh_job_index="0" filename="/var/vcap/data/sys/log/uaa/uaa.log"] ] as "text/plain;charset=ISO-8859-1" using [org.springframework.http.converter.StringHttpMessageConverter@178b2baf]

2016-09-29T20:02:37.120417+00:00 05bf1627-ae2f-400c-b1ce-31973a9ff23f - - - [NXLOG@14506 bosh_deployment="cf-warden" bosh_job_name="uaa_z1" bosh_job_index="0" filename="/var/vcap/data/sys/log/uaa/uaa.log"] [2016-09-29 20:02:30.684] uaa - 19013 [http-nio-127.0.0.1-8989-exec-9] .... DEBUG --- DispatcherServlet: Null ModelAndView returned to DispatcherServlet with name 'spring': assuming HandlerAdapter completed request handling

2016-09-29T20:02:37.120438+00:00 05bf1627-ae2f-400c-b1ce-31973a9ff23f - - - [NXLOG@14506 bosh_deployment="cf-warden" bosh_job_name="uaa_z1" bosh_job_index="0" filename="/var/vcap/data/sys/log/uaa/uaa.log"] [2016-09-29 20:02:30.684] uaa - 19013 [http-nio-127.0.0.1-8989-exec-9] .... DEBUG --- DispatcherServlet: Successfully completed request

2016-09-29T20:02:37.120456+00:00 05bf1627-ae2f-400c-b1ce-31973a9ff23f - - - [NXLOG@14506 bosh_deployment="cf-warden" bosh_job_name="uaa_z1" bosh_job_index="0" filename="/var/vcap/data/sys/log/uaa/uaa.log"] [2016-09-29 20:02:30.821] uaa - 19013 [http-nio-127.0.0.1-8989-exec-2] .... DEBUG --- AntPathRequestMatcher: Checking match of request : '/healthz'; against '/resources/**'

2016-09-29T20:02:37.120476+00:00 05bf1627-ae2f-400c-b1ce-31973a9ff23f - - - [NXLOG@14506 bosh_deployment="cf-warden" bosh_job_name="uaa_z1" bosh_job_index="0" filename="/var/vcap/data/sys/log/uaa/uaa.log"] [2016-09-29 20:02:30.821] uaa - 19013 [http-nio-127.0.0.1-8989-exec-2] .... DEBUG --- AntPathRequestMatcher: Checking match of request : '/healthz'; against '/square-logo.png'

2016-09-29T20:02:37.120516+00:00 05bf1627-ae2f-400c-b1ce-31973a9ff23f - - - [NXLOG@14506 bosh_deployment="cf-warden" bosh_job_name="uaa_z1" bosh_job_index="0" filename="/var/vcap/data/sys/log/uaa/uaa.log"] [2016-09-29 20:02:30.821] uaa - 19013 [http-nio-127.0.0.1-8989-exec-2] .... DEBUG --- AntPathRequestMatcher: Checking match of request : '/healthz'; against '/info'

2016-09-29T20:02:37.120541+00:00 05bf1627-ae2f-400c-b1ce-31973a9ff23f - - - [NXLOG@14506 bosh_deployment="cf-warden" bosh_job_name="uaa_z1" bosh_job_index="0" filename="/var/vcap/data/sys/log/uaa/uaa.log"] [2016-09-29 20:02:30.821] uaa - 19013 [http-nio-127.0.0.1-8989-exec-2] .... DEBUG --- AntPathRequestMatcher: Checking match of request : '/healthz'; against '/password/**'

2016-09-29T20:02:37.120549+00:00 05bf1627-ae2f-400c-b1ce-31973a9ff23f - - - [NXLOG@14506 bosh_deployment="cf-warden" bosh_job_name="uaa_z1" bosh_job_index="0" filename="/var/vcap/data/sys/log/uaa/uaa.log"] [2016-09-29 20:02:30.821] uaa - 19013 [http-nio-127.0.0.1-8989-exec-2] .... DEBUG --- AntPathRequestMatcher: Checking match of request : '/healthz'; against '/healthz/**'

2016-09-29T20:02:37.120557+00:00 05bf1627-ae2f-400c-b1ce-31973a9ff23f - - - [NXLOG@14506 bosh_deployment="cf-warden" bosh_job_name="uaa_z1" bosh_job_index="0" filename="/var/vcap/data/sys/log/uaa/uaa.log"] [2016-09-29 20:02:30.821] uaa - 19013 [http-nio-127.0.0.1-8989-exec-2] .... DEBUG --- FilterChainProxy: /healthz has an empty filter list

2016-09-29T20:02:37.120579+00:00 05bf1627-ae2f-400c-b1ce-31973a9ff23f - - - [NXLOG@14506 bosh_deployment="cf-warden" bosh_job_name="uaa_z1" bosh_job_index="0" filename="/var/vcap/data/sys/log/uaa/uaa.log"] [2016-09-29 20:02:30.821] uaa - 19013 [http-nio-127.0.0.1-8989-exec-2] .... DEBUG --- DispatcherServlet: DispatcherServlet with name 'spring' processing GET request for [/healthz]

2016-09-29T20:02:37.120603+00:00 05bf1627-ae2f-400c-b1ce-31973a9ff23f - - - [NXLOG@14506 bosh_deployment="cf-warden" bosh_job_name="uaa_z1" bosh_job_index="0" filename="/var/vcap/data/sys/log/uaa/uaa.log"] [2016-09-29 20:02:30.821] uaa - 19013 [http-nio-127.0.0.1-8989-exec-2] .... DEBUG --- DispatcherServlet: Last-Modified value for [/healthz] is: -1

2016-09-29T20:02:37.120611+00:00 05bf1627-ae2f-400c-b1ce-31973a9ff23f - - - [NXLOG@14506 bosh_deployment="cf-warden" bosh_job_name="uaa_z1" bosh_job_index="0" filename="/var/vcap/data/sys/log/uaa/uaa.log"] [2016-09-29 20:02:30.821] uaa - 19013 [http-nio-127.0.0.1-8989-exec-2] .... DEBUG --- RequestResponseBodyMethodProcessor: Written [ok

2016-09-29T20:02:37.120619+00:00 05bf1627-ae2f-400c-b1ce-31973a9ff23f - - - [NXLOG@14506 bosh_deployment="cf-warden" bosh_job_name="uaa_z1" bosh_job_index="0" filename="/var/vcap/data/sys/log/uaa/uaa.log"] ] as "text/plain;charset=ISO-8859-1" using [org.springframework.http.converter.StringHttpMessageConverter@178b2baf]

2016-09-29T20:02:37.120644+00:00 05bf1627-ae2f-400c-b1ce-31973a9ff23f - - - [NXLOG@14506 bosh_deployment="cf-warden" bosh_job_name="uaa_z1" bosh_job_index="0" filename="/var/vcap/data/sys/log/uaa/uaa.log"] [2016-09-29 20:02:30.821] uaa - 19013 [http-nio-127.0.0.1-8989-exec-2] .... DEBUG --- DispatcherServlet: Null ModelAndView returned to DispatcherServlet with name 'spring': assuming HandlerAdapter completed request handling

2016-09-29T20:02:37.120644+00:00 05bf1627-ae2f-400c-b1ce-31973a9ff23f - - - [NXLOG@14506 bosh_deployment="cf-warden" bosh_job_name="uaa_z1" bosh_job_index="0" filename="/var/vcap/data/sys/log/uaa/uaa.log"] [2016-09-29 20:02:30.821] uaa - 19013 [http-nio-127.0.0.1-8989-exec-2] .... DEBUG --- DispatcherServlet: Successfully completed request

2016-09-29T20:02:37.120644+00:00 05bf1627-ae2f-400c-b1ce-31973a9ff23f - - - [NXLOG@14506 bosh_deployment="cf-warden" bosh_job_name="uaa_z1" bosh_job_index="0" filename="/var/vcap/data/sys/log/uaa/uaa.log"] [2016-09-29 20:02:31.156] uaa - 19013 [pool-2-thread-1] .... DEBUG --- JdbcTemplate: Executing SQL query [select count(*) from oauth_client_details]

2016-09-29T20:02:37.120798+00:00 05bf1627-ae2f-400c-b1ce-31973a9ff23f - - - [NXLOG@14506 bosh_deployment="cf-warden" bosh_job_name="uaa_z1" bosh_job_index="0" filename="/var/vcap/data/sys/log/uaa/uaa.log"] [2016-09-29 20:02:31.159] uaa - 19013 [pool-2-thread-1] .... DEBUG --- JdbcTemplate: Executing SQL query [select count(*) from users]

2016-09-29T20:02:37.120878+00:00 05bf1627-ae2f-400c-b1ce-31973a9ff23f - - - [NXLOG@14506 bosh_deployment="cf-warden" bosh_job_name="uaa_z1" bosh_job_index="0" filename="/var/vcap/data/sys/log/uaa/uaa.log"] [2016-09-29 20:02:34.816] uaa - 19013 [http-nio-127.0.0.1-8989-exec-1] .... DEBUG --- AntPathRequestMatcher: Checking match of request : '/healthz'; against '/resources/**'

2016-09-29T20:02:37.120917+00:00 05bf1627-ae2f-400c-b1ce-31973a9ff23f - - - [NXLOG@14506 bosh_deployment="cf-warden" bosh_job_name="uaa_z1" bosh_job_index="0" filename="/var/vcap/data/sys/log/uaa/uaa.log"] [2016-09-29 20:02:34.816] uaa - 19013 [http-nio-127.0.0.1-8989-exec-1] .... DEBUG --- AntPathRequestMatcher: Checking match of request : '/healthz'; against '/square-logo.png'

2016-09-29T20:02:37.121025+00:00 05bf1627-ae2f-400c-b1ce-31973a9ff23f - - - [NXLOG@14506 bosh_deployment="cf-warden" bosh_job_name="uaa_z1" bosh_job_index="0" filename="/var/vcap/data/sys/log/uaa/uaa.log"] [2016-09-29 20:02:34.816] uaa - 19013 [http-nio-127.0.0.1-8989-exec-1] .... DEBUG --- AntPathRequestMatcher: Checking match of request : '/healthz'; against '/info'

2016-09-29T20:02:37.121081+00:00 05bf1627-ae2f-400c-b1ce-31973a9ff23f - - - [NXLOG@14506 bosh_deployment="cf-warden" bosh_job_name="uaa_z1" bosh_job_index="0" filename="/var/vcap/data/sys/log/uaa/uaa.log"] [2016-09-29 20:02:34.816] uaa - 19013 [http-nio-127.0.0.1-8989-exec-1] .... DEBUG --- AntPathRequestMatcher: Checking match of request : '/healthz'; against '/password/**'

2016-09-29T20:02:37.121094+00:00 05bf1627-ae2f-400c-b1ce-31973a9ff23f - - - [NXLOG@14506 bosh_deployment="cf-warden" bosh_job_name="uaa_z1" bosh_job_index="0" filename="/var/vcap/data/sys/log/uaa/uaa.log"] [2016-09-29 20:02:34.816] uaa - 19013 [http-nio-127.0.0.1-8989-exec-1] .... DEBUG --- AntPathRequestMatcher: Checking match of request : '/healthz'; against '/healthz/**'

2016-09-29T20:02:37.121103+00:00 05bf1627-ae2f-400c-b1ce-31973a9ff23f - - - [NXLOG@14506 bosh_deployment="cf-warden" bosh_job_name="uaa_z1" bosh_job_index="0" filename="/var/vcap/data/sys/log/uaa/uaa.log"] [2016-09-29 20:02:34.816] uaa - 19013 [http-nio-127.0.0.1-8989-exec-1] .... DEBUG --- FilterChainProxy: /healthz has an empty filter list

2016-09-29T20:02:37.121139+00:00 05bf1627-ae2f-400c-b1ce-31973a9ff23f - - - [NXLOG@14506 bosh_deployment="cf-warden" bosh_job_name="uaa_z1" bosh_job_index="0" filename="/var/vcap/data/sys/log/uaa/uaa.log"] [2016-09-29 20:02:34.816] uaa - 19013 [http-nio-127.0.0.1-8989-exec-1] .... DEBUG --- DispatcherServlet: DispatcherServlet with name 'spring' processing GET request for [/healthz]

2016-09-29T20:02:37.121149+00:00 05bf1627-ae2f-400c-b1ce-31973a9ff23f - - - [NXLOG@14506 bosh_deployment="cf-warden" bosh_job_name="uaa_z1" bosh_job_index="0" filename="/var/vcap/data/sys/log/uaa/uaa.log"] [2016-09-29 20:02:34.817] uaa - 19013 [http-nio-127.0.0.1-8989-exec-1] .... DEBUG --- DispatcherServlet: Last-Modified value for [/healthz] is: -1

2016-09-29T20:02:37.121157+00:00 05bf1627-ae2f-400c-b1ce-31973a9ff23f - - - [NXLOG@14506 bosh_deployment="cf-warden" bosh_job_name="uaa_z1" bosh_job_index="0" filename="/var/vcap/data/sys/log/uaa/uaa.log"] [2016-09-29 20:02:34.817] uaa - 19013 [http-nio-127.0.0.1-8989-exec-1] .... DEBUG --- RequestResponseBodyMethodProcessor: Written [ok

2016-09-29T20:02:37.121204+00:00 05bf1627-ae2f-400c-b1ce-31973a9ff23f - - - [NXLOG@14506 bosh_deployment="cf-warden" bosh_job_name="uaa_z1" bosh_job_index="0" filename="/var/vcap/data/sys/log/uaa/uaa.log"] ] as "text/plain;charset=ISO-8859-1" using [org.springframework.http.converter.StringHttpMessageConverter@178b2baf]

2016-09-29T20:02:37.121221+00:00 05bf1627-ae2f-400c-b1ce-31973a9ff23f - - - [NXLOG@14506 bosh_deployment="cf-warden" bosh_job_name="uaa_z1" bosh_job_index="0" filename="/var/vcap/data/sys/log/uaa/uaa.log"] [2016-09-29 20:02:34.817] uaa - 19013 [http-nio-127.0.0.1-8989-exec-1] .... DEBUG --- DispatcherServlet: Null ModelAndView returned to DispatcherServlet with name 'spring': assuming HandlerAdapter completed request handling

2016-09-29T20:02:37.121238+00:00 05bf1627-ae2f-400c-b1ce-31973a9ff23f - - - [NXLOG@14506 bosh_deployment="cf-warden" bosh_job_name="uaa_z1" bosh_job_index="0" filename="/var/vcap/data/sys/log/uaa/uaa.log"] [2016-09-29 20:02:34.817] uaa - 19013 [http-nio-127.0.0.1-8989-exec-1] .... DEBUG --- DispatcherServlet: Successfully completed request

2016-09-29T20:02:37.121256+00:00 05bf1627-ae2f-400c-b1ce-31973a9ff23f - - - [NXLOG@14506 bosh_deployment="cf-warden" bosh_job_name="uaa_z1" bosh_job_index="0" filename="/var/vcap/data/sys/log/uaa/uaa.log"] [2016-09-29 20:02:36.157] uaa - 19013 [pool-2-thread-1] .... DEBUG --- JdbcTemplate: Executing SQL query [select count(*) from oauth_client_details]

2016-09-29T20:02:37.121265+00:00 05bf1627-ae2f-400c-b1ce-31973a9ff23f - - - [NXLOG@14506 bosh_deployment="cf-warden" bosh_job_name="uaa_z1" bosh_job_index="0" filename="/var/vcap/data/sys/log/uaa/uaa.log"] [2016-09-29 20:02:36.158] uaa - 19013 [pool-2-thread-1] .... DEBUG --- JdbcTemplate: Executing SQL query [select count(*) from users]

2016-09-29T20:02:37.124481+00:00 b0fa19c0-86de-4447-a670-3f7adbd0b3c1 - - - [NXLOG@14506 bosh_deployment="cf-warden" bosh_job_name="api_z1" bosh_job_index="0" filename="/var/vcap/data/sys/log/cloud_controller_worker/cloud_controller_worker.log"] {"timestamp":1475179351.9844584,"message":"(0.000682s) SELECT * FROM \"delayed_jobs\" WHERE ((((\"run_at\" <= '2016-09-29 20:02:31.983185+0000') AND (\"locked_at\" IS NULL)) OR (\"locked_by\" = 'cc_global_worker.api_z1.0.1')) AND (\"failed_at\" IS NULL) AND (\"queue\" IN ('cc-generic'))) ORDER BY \"priority\" ASC, \"run_at\" ASC LIMIT 5","log_level":"debug2","source":"cc.background","data":{},"thread_id":47193737007380,"fiber_id":47193773841900,"process_id":15807,"file":"/var/vcap/packages/cloud_controller_ng/cloud_controller_ng/vendor/bundle/ruby/2.3.0/gems/sequel-4.29.0/lib/sequel/database/logging.rb","lineno":70,"method":"block in log_each"}

2016-09-29T20:02:37.124580+00:00 b0fa19c0-86de-4447-a670-3f7adbd0b3c1 - - - [NXLOG@14506 bosh_deployment="cf-warden" bosh_job_name="api_z1" bosh_job_index="0" filename="/var/vcap/data/sys/log/cloud_controller_worker/cloud_controller_worker.log"] {"timestamp":1475179357.0097675,"message":"(0.000499s) SELECT * FROM \"delayed_jobs\" WHERE ((((\"run_at\" <= '2016-09-29 20:02:37.008711+0000') AND (\"locked_at\" IS NULL)) OR (\"locked_by\" = 'cc_global_worker.api_z1.0.1')) AND (\"failed_at\" IS NULL) AND (\"queue\" IN ('cc-generic'))) ORDER BY \"priority\" ASC, \"run_at\" ASC LIMIT 5","log_level":"debug2","source":"cc.background","data":{},"thread_id":47193737007380,"fiber_id":47193773841900,"process_id":15807,"file":"/var/vcap/packages/cloud_controller_ng/cloud_controller_ng/vendor/bundle/ruby/2.3.0/gems/sequel-4.29.0/lib/sequel/database/logging.rb","lineno":70,"method":"block in log_each"}

2016-09-29T20:02:37.124623+00:00 b0fa19c0-86de-4447-a670-3f7adbd0b3c1 - - - [NXLOG@14506 bosh_deployment="cf-warden" bosh_job_name="api_z1" bosh_job_index="0" filename="/var/vcap/data/sys/log/nginx_cc/nginx.access.log"] 10.244.0.138 - [29/Sep/2016:20:02:27 +0000] "GET /v2/info HTTP/1.1" 200 802 "-" "monit/5.2.5" 10.244.0.138 vcap_request_id:79aa66f6-ca74-48ea-b7c1-4cc310c4b9fa response_time:0.004

2016-09-29T20:02:37.124678+00:00 b0fa19c0-86de-4447-a670-3f7adbd0b3c1 - - - [NXLOG@14506 bosh_deployment="cf-warden" bosh_job_name="api_z1" bosh_job_index="0" filename="/var/vcap/data/sys/log/nginx_cc/nginx.access.log"] api.bosh-lite.com - [29/Sep/2016:20:02:30 +0000] "GET /v2/syslog_drain_urls?batch_size=1000 HTTP/1.1" 200 326 "-" "Go-http-client/1.1" 10.244.0.146, 10.244.0.34, 10.244.0.22 vcap_request_id:9b112504-0e5a-4feb-4a31-4cd74b754e3a::0013816c-6b5e-43ed-953c-d6e22f9ac153 response_time:0.006

2016-09-29T20:02:37.124729+00:00 b0fa19c0-86de-4447-a670-3f7adbd0b3c1 - - - [NXLOG@14506 bosh_deployment="cf-warden" bosh_job_name="api_z1" bosh_job_index="0" filename="/var/vcap/data/sys/log/cloud_controller_ng/cloud_controller_ng.log"] {"timestamp":1475179347.133844,"message":"Statsd: cc.requests.outstanding:1|c","log_level":"debug","source":"statsd.client","data":{},"thread_id":47062185510700,"fiber_id":47062157081500,"process_id":15535,"file":"/var/vcap/packages/cloud_controller_ng/cloud_controller_ng/vendor/bundle/ruby/2.3.0/gems/statsd-ruby-1.2.1/lib/statsd.rb","lineno":254,"method":"send_to_socket"}

2016-09-29T20:02:37.124770+00:00 b0fa19c0-86de-4447-a670-3f7adbd0b3c1 - - - [NXLOG@14506 bosh_deployment="cf-warden" bosh_job_name="api_z1" bosh_job_index="0" filename="/var/vcap/data/sys/log/cloud_controller_ng/cloud_controller_ng.log"] {"timestamp":1475179347.1344912,"message":"Started GET \"/v2/info\" for user: , ip: 127.0.0.1 with vcap-request-id: 79aa66f6-ca74-48ea-b7c1-4cc310c4b9fa at 2016-09-29 20:02:27 UTC","log_level":"info","source":"cc.api","data":{},"thread_id":47062185510700,"fiber_id":47062157081500,"process_id":15535,"file":"/var/vcap/packages/cloud_controller_ng/cloud_controller_ng/middleware/request_logs.rb","lineno":12,"method":"call"}

2016-09-29T20:02:37.124811+00:00 b0fa19c0-86de-4447-a670-3f7adbd0b3c1 - - - [NXLOG@14506 bosh_deployment="cf-warden" bosh_job_name="api_z1" bosh_job_index="0" filename="/var/vcap/data/sys/log/cloud_controller_ng/cloud_controller_ng.log"] {"timestamp":1475179347.1351242,"message":"dispatch VCAP::CloudController::InfoController get /v2/info","log_level":"debug","source":"cc.api","data":{"request_guid":"79aa66f6-ca74-48ea-b7c1-4cc310c4b9fa"},"thread_id":47062185510700,"fiber_id":47062157081500,"process_id":15535,"file":"/var/vcap/data/packages/cloud_controller_ng/f87cb49aa2cd87792cb9c2211a79e1542502be4d.1-b1a5f3c830cb6c32ae9e685628b24aa967f5ae54/cloud_controller_ng/lib/cloud_controller/rest_controller/routes.rb","lineno":12,"method":"block in define_route"}

2016-09-29T20:02:37.124850+00:00 b0fa19c0-86de-4447-a670-3f7adbd0b3c1 - - - [NXLOG@14506 bosh_deployment="cf-warden" bosh_job_name="api_z1" bosh_job_index="0" filename="/var/vcap/data/sys/log/cloud_controller_ng/cloud_controller_ng.log"] {"timestamp":1475179347.1353662,"message":"parse_params: {} ","log_level":"debug","source":"cc.api","data":{"request_guid":"79aa66f6-ca74-48ea-b7c1-4cc310c4b9fa"},"thread_id":47062185510700,"fiber_id":47062157081500,"process_id":15535,"file":"/var/vcap/data/packages/cloud_controller_ng/f87cb49aa2cd87792cb9c2211a79e1542502be4d.1-b1a5f3c830cb6c32ae9e685628b24aa967f5ae54/cloud_controller_ng/lib/cloud_controller/rest_controller/common_params.rb","lineno":10,"method":"parse"}

2016-09-29T20:02:37.124889+00:00 b0fa19c0-86de-4447-a670-3f7adbd0b3c1 - - - [NXLOG@14506 bosh_deployment="cf-warden" bosh_job_name="api_z1" bosh_job_index="0" filename="/var/vcap/data/sys/log/cloud_controller_ng/cloud_controller_ng.log"] {"timestamp":1475179347.1354048,"message":"cc.dispatch","log_level":"debug","source":"cc.api","data":{"request_guid":"79aa66f6-ca74-48ea-b7c1-4cc310c4b9fa","endpoint":"read","args":[]},"thread_id":47062185510700,"fiber_id":47062157081500,"process_id":15535,"file":"/var/vcap/data/packages/cloud_controller_ng/f87cb49aa2cd87792cb9c2211a79e1542502be4d.1-b1a5f3c830cb6c32ae9e685628b24aa967f5ae54/cloud_controller_ng/app/controllers/base/base_controller.rb","lineno":78,"method":"dispatch"}

2016-09-29T20:02:37.124927+00:00 b0fa19c0-86de-4447-a670-3f7adbd0b3c1 - - - [NXLOG@14506 bosh_deployment="cf-warden" bosh_job_name="api_z1" bosh_job_index="0" filename="/var/vcap/data/sys/log/cloud_controller_ng/cloud_controller_ng.log"] {"timestamp":1475179347.1360173,"message":"Completed 200 vcap-request-id: 79aa66f6-ca74-48ea-b7c1-4cc310c4b9fa","log_level":"info","source":"cc.api","data":{},"thread_id":47062185510700,"fiber_id":47062157081500,"process_id":15535,"file":"/var/vcap/packages/cloud_controller_ng/cloud_controller_ng/middleware/request_logs.rb","lineno":24,"method":"call"}

2016-09-29T20:02:37.125046+00:00 b0fa19c0-86de-4447-a670-3f7adbd0b3c1 - - - [NXLOG@14506 bosh_deployment="cf-warden" bosh_job_name="api_z1" bosh_job_index="0" filename="/var/vcap/data/sys/log/cloud_controller_ng/cloud_controller_ng.log"] {"timestamp":1475179347.1362154,"message":"Statsd: cc.requests.outstanding:-1|c\ncc.requests.completed:1|c\ncc.http_status.2XX:1|c","log_level":"debug","source":"statsd.client","data":{},"thread_id":47062185510700,"fiber_id":47062157081500,"process_id":15535,"file":"/var/vcap/packages/cloud_controller_ng/cloud_controller_ng/vendor/bundle/ruby/2.3.0/gems/statsd-ruby-1.2.1/lib/statsd.rb","lineno":254,"method":"send_to_socket"}

2016-09-29T20:02:37.125121+00:00 b0fa19c0-86de-4447-a670-3f7adbd0b3c1 - - - [NXLOG@14506 bosh_deployment="cf-warden" bosh_job_name="api_z1" bosh_job_index="0" filename="/var/vcap/data/sys/log/cloud_controller_ng/cloud_controller_ng.log"] {"timestamp":1475179348.2722363,"message":"(0.000542s) SELECT * FROM \"delayed_jobs\" WHERE ((((\"run_at\" <= '2016-09-29 20:02:28.271182+0000') AND (\"locked_at\" IS NULL)) OR (\"locked_by\" = 'cc_api_worker.api_z1.0.1')) AND (\"failed_at\" IS NULL) AND (\"queue\" IN ('cc-api_z1-0'))) ORDER BY \"priority\" ASC, \"run_at\" ASC LIMIT 5","log_level":"debug2","source":"cc.background","data":{},"thread_id":47452862460180,"fiber_id":47452899698480,"process_id":15587,"file":"/var/vcap/packages/cloud_controller_ng/cloud_controller_ng/vendor/bundle/ruby/2.3.0/gems/sequel-4.29.0/lib/sequel/database/logging.rb","lineno":70,"method":"block in log_each"}

2016-09-29T20:02:37.125188+00:00 b0fa19c0-86de-4447-a670-3f7adbd0b3c1 - - - [NXLOG@14506 bosh_deployment="cf-warden" bosh_job_name="api_z1" bosh_job_index="0" filename="/var/vcap/data/sys/log/cloud_controller_ng/cloud_controller_ng.log"] {"timestamp":1475179350.907966,"message":"Statsd: cc.requests.outstanding:1|c","log_level":"debug","source":"statsd.client","data":{},"thread_id":47062185508240,"fiber_id":47062157676460,"process_id":15535,"file":"/var/vcap/packages/cloud_controller_ng/cloud_controller_ng/vendor/bundle/ruby/2.3.0/gems/statsd-ruby-1.2.1/lib/statsd.rb","lineno":254,"method":"send_to_socket"}

2016-09-29T20:02:37.125250+00:00 b0fa19c0-86de-4447-a670-3f7adbd0b3c1 - - - [NXLOG@14506 bosh_deployment="cf-warden" bosh_job_name="api_z1" bosh_job_index="0" filename="/var/vcap/data/sys/log/cloud_controller_ng/cloud_controller_ng.log"] {"timestamp":1475179350.9085076,"message":"Started GET \"/v2/syslog_drain_urls?batch_size=1000\" for user: , ip: 127.0.0.1 with vcap-request-id: 9b112504-0e5a-4feb-4a31-4cd74b754e3a::0013816c-6b5e-43ed-953c-d6e22f9ac153 at 2016-09-29 20:02:30 UTC","log_level":"info","source":"cc.api","data":{},"thread_id":47062185508240,"fiber_id":47062157676460,"process_id":15535,"file":"/var/vcap/packages/cloud_controller_ng/cloud_controller_ng/middleware/request_logs.rb","lineno":12,"method":"call"}

2016-09-29T20:02:37.125312+00:00 b0fa19c0-86de-4447-a670-3f7adbd0b3c1 - - - [NXLOG@14506 bosh_deployment="cf-warden" bosh_job_name="api_z1" bosh_job_index="0" filename="/var/vcap/data/sys/log/cloud_controller_ng/cloud_controller_ng.log"] {"timestamp":1475179350.909261,"message":"dispatch VCAP::CloudController::SyslogDrainUrlsController get /v2/syslog_drain_urls","log_level":"debug","source":"cc.api","data":{"request_guid":"9b112504-0e5a-4feb-4a31-4cd74b754e3a::0013816c-6b5e-43ed-953c-d6e22f9ac153"},"thread_id":47062185508240,"fiber_id":47062157676460,"process_id":15535,"file":"/var/vcap/data/packages/cloud_controller_ng/f87cb49aa2cd87792cb9c2211a79e1542502be4d.1-b1a5f3c830cb6c32ae9e685628b24aa967f5ae54/cloud_controller_ng/lib/cloud_controller/rest_controller/routes.rb","lineno":12,"method":"block in define_route"}

2016-09-29T20:02:37.125376+00:00 b0fa19c0-86de-4447-a670-3f7adbd0b3c1 - - - [NXLOG@14506 bosh_deployment="cf-warden" bosh_job_name="api_z1" bosh_job_index="0" filename="/var/vcap/data/sys/log/cloud_controller_ng/cloud_controller_ng.log"] {"timestamp":1475179350.9095304,"message":"parse_params: {\"batch_size\"=>\"1000\"} batch_size=1000","log_level":"debug","source":"cc.api","data":{"request_guid":"9b112504-0e5a-4feb-4a31-4cd74b754e3a::0013816c-6b5e-43ed-953c-d6e22f9ac153"},"thread_id":47062185508240,"fiber_id":47062157676460,"process_id":15535,"file":"/var/vcap/data/packages/cloud_controller_ng/f87cb49aa2cd87792cb9c2211a79e1542502be4d.1-b1a5f3c830cb6c32ae9e685628b24aa967f5ae54/cloud_controller_ng/lib/cloud_controller/rest_controller/common_params.rb","lineno":10,"method":"parse"}

2016-09-29T20:02:37.125444+00:00 b0fa19c0-86de-4447-a670-3f7adbd0b3c1 - - - [NXLOG@14506 bosh_deployment="cf-warden" bosh_job_name="api_z1" bosh_job_index="0" filename="/var/vcap/data/sys/log/cloud_controller_ng/cloud_controller_ng.log"] {"timestamp":1475179350.909703,"message":"cc.dispatch","log_level":"debug","source":"cc.api","data":{"request_guid":"9b112504-0e5a-4feb-4a31-4cd74b754e3a::0013816c-6b5e-43ed-953c-d6e22f9ac153","endpoint":"list","args":[]},"thread_id":47062185508240,"fiber_id":47062157676460,"process_id":15535,"file":"/var/vcap/data/packages/cloud_controller_ng/f87cb49aa2cd87792cb9c2211a79e1542502be4d.1-b1a5f3c830cb6c32ae9e685628b24aa967f5ae54/cloud_controller_ng/app/controllers/base/base_controller.rb","lineno":78,"method":"dispatch"}

2016-09-29T20:02:37.125491+00:00 b0fa19c0-86de-4447-a670-3f7adbd0b3c1 - - - [NXLOG@14506 bosh_deployment="cf-warden" bosh_job_name="api_z1" bosh_job_index="0" filename="/var/vcap/data/sys/log/cloud_controller_ng/cloud_controller_ng.log"] {"timestamp":1475179350.9120126,"message":"(0.001637s) SELECT \"apps\".\"guid\", string_agg(\"service_bindings\".\"syslog_drain_url\", ',') AS \"syslog_drain_urls\" FROM \"apps\" INNER JOIN \"service_bindings\" ON (\"service_bindings\".\"app_id\" = \"apps\".\"id\") WHERE ((syslog_drain_url IS NOT NULL) AND (syslog_drain_url != '')) GROUP BY \"apps\".\"guid\" UNION ALL (SELECT \"apps_v3\".\"guid\", string_agg(\"v3_service_bindings\".\"syslog_drain_url\", ',') AS \"syslog_drain_urls\" FROM \"apps_v3\" INNER JOIN \"v3_service_bindings\" ON (\"v3_service_bindings\".\"app_id\" = \"apps_v3\".\"id\") WHERE ((syslog_drain_url IS NOT NULL) AND (syslog_drain_url != '')) GROUP BY \"apps_v3\".\"guid\") ORDER BY \"guid\" LIMIT 1000 OFFSET 0","log_level":"debug2","source":"cc.db","data":{"request_guid":"9b112504-0e5a-4feb-4a31-4cd74b754e3a::0013816c-6b5e-43ed-953c-d6e22f9ac153"},"thread_id":47062185508240,"fiber_id":47062157676460,"process_id":15535,"file":"/var/vcap/packages/cloud_controller_ng/cloud_controller_ng/vendor/bundle/ruby/2.3.0/gems/sequel-4.29.0/lib/sequel/database/logging.rb","lineno":70,"method":"block in log_each"}

2016-09-29T20:02:37.125527+00:00 b0fa19c0-86de-4447-a670-3f7adbd0b3c1 - - - [NXLOG@14506 bosh_deployment="cf-warden" bosh_job_name="api_z1" bosh_job_index="0" filename="/var/vcap/data/sys/log/cloud_controller_ng/cloud_controller_ng.log"] {"timestamp":1475179350.9123907,"message":"Completed 200 vcap-request-id: 9b112504-0e5a-4feb-4a31-4cd74b754e3a::0013816c-6b5e-43ed-953c-d6e22f9ac153","log_level":"info","source":"cc.api","data":{},"thread_id":47062185508240,"fiber_id":47062157676460,"process_id":15535,"file":"/var/vcap/packages/cloud_controller_ng/cloud_controller_ng/middleware/request_logs.rb","lineno":24,"method":"call"}

2016-09-29T20:02:37.125584+00:00 b0fa19c0-86de-4447-a670-3f7adbd0b3c1 - - - [NXLOG@14506 bosh_deployment="cf-warden" bosh_job_name="api_z1" bosh_job_index="0" filename="/var/vcap/data/sys/log/cloud_controller_ng/cloud_controller_ng.log"] {"timestamp":1475179350.9125745,"message":"Statsd: cc.requests.outstanding:-1|c\ncc.requests.completed:1|c\ncc.http_status.2XX:1|c","log_level":"debug","source":"statsd.client","data":{},"thread_id":47062185508240,"fiber_id":47062157676460,"process_id":15535,"file":"/var/vcap/packages/cloud_controller_ng/cloud_controller_ng/vendor/bundle/ruby/2.3.0/gems/statsd-ruby-1.2.1/lib/statsd.rb","lineno":254,"method":"send_to_socket"}

2016-09-29T20:02:37.125617+00:00 b0fa19c0-86de-4447-a670-3f7adbd0b3c1 - - - [NXLOG@14506 bosh_deployment="cf-warden" bosh_job_name="api_z1" bosh_job_index="0" filename="/var/vcap/data/sys/log/cloud_controller_ng/cloud_controller_ng.log"] {"timestamp":1475179351.9835489,"message":"(0.000644s) SELECT * FROM \"delayed_jobs\" WHERE ((((\"run_at\" <= '2016-09-29 20:02:31.982440+0000') AND (\"locked_at\" IS NULL)) OR (\"locked_by\" = 'cc_api_worker.api_z1.0.2')) AND (\"failed_at\" IS NULL) AND (\"queue\" IN ('cc-api_z1-0'))) ORDER BY \"priority\" ASC, \"run_at\" ASC LIMIT 5","log_level":"debug2","source":"cc.background","data":{},"thread_id":47118928261380,"fiber_id":47118965175380,"process_id":15629,"file":"/var/vcap/packages/cloud_controller_ng/cloud_controller_ng/vendor/bundle/ruby/2.3.0/gems/sequel-4.29.0/lib/sequel/database/logging.rb","lineno":70,"method":"block in log_each"}

2016-09-29T20:02:37.125669+00:00 b0fa19c0-86de-4447-a670-3f7adbd0b3c1 - - - [NXLOG@14506 bosh_deployment="cf-warden" bosh_job_name="api_z1" bosh_job_index="0" filename="/var/vcap/data/sys/log/cloud_controller_ng/cloud_controller_ng.log"] {"timestamp":1475179353.2926195,"message":"(0.000571s) SELECT * FROM \"delayed_jobs\" WHERE ((((\"run_at\" <= '2016-09-29 20:02:33.291526+0000') AND (\"locked_at\" IS NULL)) OR (\"locked_by\" = 'cc_api_worker.api_z1.0.1')) AND (\"failed_at\" IS NULL) AND (\"queue\" IN ('cc-api_z1-0'))) ORDER BY \"priority\" ASC, \"run_at\" ASC LIMIT 5","log_level":"debug2","source":"cc.background","data":{},"thread_id":47452862460180,"fiber_id":47452899698480,"process_id":15587,"file":"/var/vcap/packages/cloud_controller_ng/cloud_controller_ng/vendor/bundle/ruby/2.3.0/gems/sequel-4.29.0/lib/sequel/database/logging.rb","lineno":70,"method":"block in log_each"}

2016-09-29T20:02:37.125711+00:00 b0fa19c0-86de-4447-a670-3f7adbd0b3c1 - - - [NXLOG@14506 bosh_deployment="cf-warden" bosh_job_name="api_z1" bosh_job_index="0" filename="/var/vcap/data/sys/log/cloud_controller_ng/cloud_controller_ng.log"] {"timestamp":1475179354.3526282,"message":"Statsd: cc.vitals.uptime:1899626|g\ncc.vitals.cpu:0.0|g\ncc.vitals.mem_bytes:150700032|g\ncc.vitals.cpu_load_avg:0.06|g\ncc.vitals.mem_used_bytes:4026560512|g\ncc.vitals.mem_free_bytes:2231488512|g\ncc.vitals.num_cores:4|g","log_level":"debug","source":"statsd.client","data":{},"thread_id":47062143684880,"fiber_id":47062184032460,"process_id":15535,"file":"/var/vcap/packages/cloud_controller_ng/cloud_controller_ng/vendor/bundle/ruby/2.3.0/gems/statsd-ruby-1.2.1/lib/statsd.rb","lineno":254,"method":"send_to_socket"}

2016-09-29T20:02:37.125731+00:00 b0fa19c0-86de-4447-a670-3f7adbd0b3c1 - - - [NXLOG@14506 bosh_deployment="cf-warden" bosh_job_name="api_z1" bosh_job_index="0" filename="/var/vcap/data/sys/log/cloud_controller_ng/cloud_controller_ng.log"] {"timestamp":1475179354.3531168,"message":"Statsd: cc.log_count.off:0|g\ncc.log_count.fatal:0|g\ncc.log_count.error:0|g\ncc.log_count.warn:0|g\ncc.log_count.info:45748|g\ncc.log_count.debug:139594|g\ncc.log_count.debug1:0|g\ncc.log_count.debug2:27330|g\ncc.log_count.all:0|g","log_level":"debug","source":"statsd.client","data":{},"thread_id":47062143684880,"fiber_id":47062184032460,"process_id":15535,"file":"/var/vcap/packages/cloud_controller_ng/cloud_controller_ng/vendor/bundle/ruby/2.3.0/gems/statsd-ruby-1.2.1/lib/statsd.rb","lineno":254,"method":"send_to_socket"}

2016-09-29T20:02:37.125760+00:00 b0fa19c0-86de-4447-a670-3f7adbd0b3c1 - - - [NXLOG@14506 bosh_deployment="cf-warden" bosh_job_name="api_z1" bosh_job_index="0" filename="/var/vcap/data/sys/log/cloud_controller_ng/cloud_controller_ng.log"] {"timestamp":1475179354.354223,"message":"(0.000491s) SELECT count(*) AS \"count\" FROM \"tasks\" WHERE (\"state\" = 'RUNNING') LIMIT 1","log_level":"debug2","source":"cc.db","data":{},"thread_id":47062143684880,"fiber_id":47062184032460,"process_id":15535,"file":"/var/vcap/packages/cloud_controller_ng/cloud_controller_ng/vendor/bundle/ruby/2.3.0/gems/sequel-4.29.0/lib/sequel/database/logging.rb","lineno":70,"method":"block in log_each"}

2016-09-29T20:02:37.125792+00:00 b0fa19c0-86de-4447-a670-3f7adbd0b3c1 - - - [NXLOG@14506 bosh_deployment="cf-warden" bosh_job_name="api_z1" bosh_job_index="0" filename="/var/vcap/data/sys/log/cloud_controller_ng/cloud_controller_ng.log"] {"timestamp":1475179354.3552375,"message":"(0.000445s) SELECT sum(\"memory_in_mb\") AS \"sum\" FROM \"tasks\" WHERE (\"state\" = 'RUNNING') LIMIT 1","log_level":"debug2","source":"cc.db","data":{},"thread_id":47062143684880,"fiber_id":47062184032460,"process_id":15535,"file":"/var/vcap/packages/cloud_controller_ng/cloud_controller_ng/vendor/bundle/ruby/2.3.0/gems/sequel-4.29.0/lib/sequel/database/logging.rb","lineno":70,"method":"block in log_each"}

2016-09-29T20:02:37.125833+00:00 b0fa19c0-86de-4447-a670-3f7adbd0b3c1 - - - [NXLOG@14506 bosh_deployment="cf-warden" bosh_job_name="api_z1" bosh_job_index="0" filename="/var/vcap/data/sys/log/cloud_controller_ng/cloud_controller_ng.log"] {"timestamp":1475179354.3555954,"message":"Statsd: cc.tasks_running.count:0|g\ncc.tasks_running.memory_in_mb:0|g","log_level":"debug","source":"statsd.client","data":{},"thread_id":47062143684880,"fiber_id":47062184032460,"process_id":15535,"file":"/var/vcap/packages/cloud_controller_ng/cloud_controller_ng/vendor/bundle/ruby/2.3.0/gems/statsd-ruby-1.2.1/lib/statsd.rb","lineno":254,"method":"send_to_socket"}

2016-09-29T20:02:37.125877+00:00 b0fa19c0-86de-4447-a670-3f7adbd0b3c1 - - - [NXLOG@14506 bosh_deployment="cf-warden" bosh_job_name="api_z1" bosh_job_index="0" filename="/var/vcap/data/sys/log/cloud_controller_ng/cloud_controller_ng.log"] {"timestamp":1475179356.4793234,"message":"(0.000853s) SELECT \"queue\", count(*) AS \"count\" FROM \"delayed_jobs\" WHERE (\"attempts\" = 0) GROUP BY \"queue\"","log_level":"debug2","source":"cc.db","data":{},"thread_id":47062143684880,"fiber_id":47062184032460,"process_id":15535,"file":"/var/vcap/packages/cloud_controller_ng/cloud_controller_ng/vendor/bundle/ruby/2.3.0/gems/sequel-4.29.0/lib/sequel/database/logging.rb","lineno":70,"method":"block in log_each"}

2016-09-29T20:02:37.125933+00:00 b0fa19c0-86de-4447-a670-3f7adbd0b3c1 - - - [NXLOG@14506 bosh_deployment="cf-warden" bosh_job_name="api_z1" bosh_job_index="0" filename="/var/vcap/data/sys/log/cloud_controller_ng/cloud_controller_ng.log"] {"timestamp":1475179356.4797554,"message":"Statsd: cc.job_queue_length.total:0|g\ncc.job_queue_length.total:0|g","log_level":"debug","source":"statsd.client","data":{},"thread_id":47062143684880,"fiber_id":47062184032460,"process_id":15535,"file":"/var/vcap/packages/cloud_controller_ng/cloud_controller_ng/vendor/bundle/ruby/2.3.0/gems/statsd-ruby-1.2.1/lib/statsd.rb","lineno":254,"method":"send_to_socket"}

2016-09-29T20:02:37.125985+00:00 b0fa19c0-86de-4447-a670-3f7adbd0b3c1 - - - [NXLOG@14506 bosh_deployment="cf-warden" bosh_job_name="api_z1" bosh_job_index="0" filename="/var/vcap/data/sys/log/cloud_controller_ng/cloud_controller_ng.log"] {"timestamp":1475179356.4807525,"message":"Statsd: cc.thread_info.thread_count:21|g\ncc.thread_info.event_machine.connection_count:3|g\ncc.thread_info.event_machine.threadqueue.size:0|g\ncc.thread_info.event_machine.threadqueue.num_waiting:20|g\ncc.thread_info.event_machine.resultqueue.size:0|g\ncc.thread_info.event_machine.resultqueue.num_waiting:0|g","log_level":"debug","source":"statsd.client","data":{},"thread_id":47062143684880,"fiber_id":47062184032460,"process_id":15535,"file":"/var/vcap/packages/cloud_controller_ng/cloud_controller_ng/vendor/bundle/ruby/2.3.0/gems/statsd-ruby-1.2.1/lib/statsd.rb","lineno":254,"method":"send_to_socket"}

2016-09-29T20:02:37.126007+00:00 b0fa19c0-86de-4447-a670-3f7adbd0b3c1 - - - [NXLOG@14506 bosh_deployment="cf-warden" bosh_job_name="api_z1" bosh_job_index="0" filename="/var/vcap/data/sys/log/cloud_controller_ng/cloud_controller_ng.log"] {"timestamp":1475179356.4820073,"message":"(0.000459s) SELECT \"queue\", count(*) AS \"count\" FROM \"delayed_jobs\" WHERE (failed_at IS NOT NULL) GROUP BY \"queue\"","log_level":"debug2","source":"cc.db","data":{},"thread_id":47062143684880,"fiber_id":47062184032460,"process_id":15535,"file":"/var/vcap/packages/cloud_controller_ng/cloud_controller_ng/vendor/bundle/ruby/2.3.0/gems/sequel-4.29.0/lib/sequel/database/logging.rb","lineno":70,"method":"block in log_each"}

2016-09-29T20:02:37.126051+00:00 b0fa19c0-86de-4447-a670-3f7adbd0b3c1 - - - [NXLOG@14506 bosh_deployment="cf-warden" bosh_job_name="api_z1" bosh_job_index="0" filename="/var/vcap/data/sys/log/cloud_controller_ng/cloud_controller_ng.log"] {"timestamp":1475179356.4822538,"message":"Statsd: cc.failed_job_count.cc-api_z1-0:2|g\ncc.failed_job_count.total:2|g\ncc.failed_job_count.total:2|g","log_level":"debug","source":"statsd.client","data":{},"thread_id":47062143684880,"fiber_id":47062184032460,"process_id":15535,"file":"/var/vcap/packages/cloud_controller_ng/cloud_controller_ng/vendor/bundle/ruby/2.3.0/gems/statsd-ruby-1.2.1/lib/statsd.rb","lineno":254,"method":"send_to_socket"}

2016-09-29T20:02:37.126073+00:00 b0fa19c0-86de-4447-a670-3f7adbd0b3c1 - - - [NXLOG@14506 bosh_deployment="cf-warden" bosh_job_name="api_z1" bosh_job_index="0" filename="/var/vcap/data/sys/log/cloud_controller_ng/cloud_controller_ng.log"] {"timestamp":1475179357.0087588,"message":"(0.000624s) SELECT * FROM \"delayed_jobs\" WHERE ((((\"run_at\" <= '2016-09-29 20:02:37.007621+0000') AND (\"locked_at\" IS NULL)) OR (\"locked_by\" = 'cc_api_worker.api_z1.0.2')) AND (\"failed_at\" IS NULL) AND (\"queue\" IN ('cc-api_z1-0'))) ORDER BY \"priority\" ASC, \"run_at\" ASC LIMIT 5","log_level":"debug2","source":"cc.background","data":{},"thread_id":47118928261380,"fiber_id":47118965175380,"process_id":15629,"file":"/var/vcap/packages/cloud_controller_ng/cloud_controller_ng/vendor/bundle/ruby/2.3.0/gems/sequel-4.29.0/lib/sequel/database/logging.rb","lineno":70,"method":"block in log_each"}

2016-09-29T20:02:46.973536+00:00 bfc626ef-a2eb-4bad-8f71-fa1d6d0f927f - - - [NXLOG@14506 bosh_deployment="cf-warden" bosh_job_name="loggregator_trafficcontroller_z1" bosh_job_index="0" filename="/var/vcap/data/sys/log/route_registrar/route_registrar.stdout.log"] {"timestamp":"1475179366.733101845","source":"Route Registrar","message":"Route Registrar.no healthchecker found for route","log_level":1,"data":{"route":{"Name":"loggregator","Port":8080,"Tags":null,"URIs":["loggregator.bosh-lite.com"],"RouteServiceUrl":"","RegistrationInterval":20000000000,"HealthCheck":null}}}

2016-09-29T20:02:46.973684+00:00 bfc626ef-a2eb-4bad-8f71-fa1d6d0f927f - - - [NXLOG@14506 bosh_deployment="cf-warden" bosh_job_name="loggregator_trafficcontroller_z1" bosh_job_index="0" filename="/var/vcap/data/sys/log/route_registrar/route_registrar.stdout.log"] {"timestamp":"1475179366.733204365","source":"Route Registrar","message":"Route Registrar.Registering route","log_level":1,"data":{"route":{"Name":"loggregator","Port":8080,"Tags":null,"URIs":["loggregator.bosh-lite.com"],"RouteServiceUrl":"","RegistrationInterval":20000000000,"HealthCheck":null}}}

2016-09-29T20:02:46.973748+00:00 bfc626ef-a2eb-4bad-8f71-fa1d6d0f927f - - - [NXLOG@14506 bosh_deployment="cf-warden" bosh_job_name="loggregator_trafficcontroller_z1" bosh_job_index="0" filename="/var/vcap/data/sys/log/route_registrar/route_registrar.stdout.log"] {"timestamp":"1475179366.733306646","source":"Route Registrar","message":"Route Registrar.Registered routes successfully","log_level":1,"data":{}}

2016-09-29T20:02:56.983760+00:00 fc52b791-0068-48d0-b63d-a9600b8fa32e - - - [NXLOG@14506 bosh_deployment="cf-warden" bosh_job_name="runner_z1" bosh_job_index="0" filename="/var/vcap/data/sys/log/dea_next/dea_next.log"] {"timestamp":1475179371.7626894,"message":"hm9000.heartbeat.accepted","log_level":"debug","source":"Dea::Bootstrap","data":{},"thread_id":47241050153600,"fiber_id":47241049165100,"process_id":6941,"file":"/var/vcap/packages/dea_next/lib/dea/utils/hm9000.rb","lineno":49,"method":"handle_http_response"}

2016-09-29T20:02:57.116104+00:00 152ab062-1f32-4789-910a-13bdc79651b2 - - - [NXLOG@14506 bosh_deployment="cf-warden" bosh_job_name="hm9000_z1" bosh_job_index="0" filename="/var/vcap/data/sys/log/hm9000/hm9000_listener.log"] {"timestamp":"1475179371.761748791","source":"listener","message":"listener.Received a heartbeat","log_level":1,"data":{"Heartbeats Pending Save":"1"}}

2016-09-29T20:02:57.116299+00:00 152ab062-1f32-4789-910a-13bdc79651b2 - - - [NXLOG@14506 bosh_deployment="cf-warden" bosh_job_name="hm9000_z1" bosh_job_index="0" filename="/var/vcap/data/sys/log/hm9000/hm9000_listener.log"] {"timestamp":"1475179371.815955877","source":"listener","message":"listener.Saving Heartbeats","log_level":1,"data":{"Heartbeats to Save":"1"}}

2016-09-29T20:02:57.116389+00:00 152ab062-1f32-4789-910a-13bdc79651b2 - - - [NXLOG@14506 bosh_deployment="cf-warden" bosh_job_name="hm9000_z1" bosh_job_index="0" filename="/var/vcap/data/sys/log/hm9000/hm9000_listener.log"] {"timestamp":"1475179371.823125601","source":"listener","message":"listener.Bumped freshness","log_level":1,"data":{}}

2016-09-29T20:02:57.116600+00:00 152ab062-1f32-4789-910a-13bdc79651b2 - - - [NXLOG@14506 bosh_deployment="cf-warden" bosh_job_name="hm9000_z1" bosh_job_index="0" filename="/var/vcap/data/sys/log/hm9000/hm9000_listener.log"] {"timestamp":"1475179371.823148727","source":"listener","message":"listener.Saved Heartbeats","log_level":1,"data":{"Duration":"7.128967ms","Heartbeats to Save":"1"}}

2016-09-29T20:02:57.116178+00:00 f0562343-642f-42d4-aca5-293abe675815 - - - [NXLOG@14506 bosh_deployment="cf-warden" bosh_job_name="blobstore_z1" bosh_job_index="0" filename="/var/vcap/data/sys/log/route_registrar/route_registrar.stdout.log"] {"timestamp":"1475179368.513457060","source":"Route Registrar","message":"Route Registrar.no healthchecker found for route","log_level":1,"data":{"route":{"Name":"blobstore","Port":80,"Tags":{"component":"blobstore"},"URIs":["blobstore.bosh-lite.com"],"RouteServiceUrl":"","RegistrationInterval":20000000000,"HealthCheck":null}}}

2016-09-29T20:02:57.116322+00:00 f0562343-642f-42d4-aca5-293abe675815 - - - [NXLOG@14506 bosh_deployment="cf-warden" bosh_job_name="blobstore_z1" bosh_job_index="0" filename="/var/vcap/data/sys/log/route_registrar/route_registrar.stdout.log"] {"timestamp":"1475179368.513617039","source":"Route Registrar","message":"Route Registrar.Registering route","log_level":1,"data":{"route":{"Name":"blobstore","Port":80,"Tags":{"component":"blobstore"},"URIs":["blobstore.bosh-lite.com"],"RouteServiceUrl":"","RegistrationInterval":20000000000,"HealthCheck":null}}}

2016-09-29T20:02:57.116461+00:00 f0562343-642f-42d4-aca5-293abe675815 - - - [NXLOG@14506 bosh_deployment="cf-warden" bosh_job_name="blobstore_z1" bosh_job_index="0" filename="/var/vcap/data/sys/log/route_registrar/route_registrar.stdout.log"] {"timestamp":"1475179368.513742447","source":"Route Registrar","message":"Route Registrar.Registered routes successfully","log_level":1,"data":{}}

2016-09-29T20:02:57.122904+00:00 05bf1627-ae2f-400c-b1ce-31973a9ff23f - - - [NXLOG@14506 bosh_deployment="cf-warden" bosh_job_name="uaa_z1" bosh_job_index="0" filename="/var/vcap/data/sys/log/uaa/localhost_access.log"] 127.0.0.1 - - [29/Sep/2016:20:02:38 +0000] "GET /healthz HTTP/1.1" 200 3

2016-09-29T20:02:57.123083+00:00 05bf1627-ae2f-400c-b1ce-31973a9ff23f - - - [NXLOG@14506 bosh_deployment="cf-warden" bosh_job_name="uaa_z1" bosh_job_index="0" filename="/var/vcap/data/sys/log/uaa/localhost_access.log"] 127.0.0.1 - - [29/Sep/2016:20:02:40 +0000] "GET /healthz HTTP/1.1" 200 3

2016-09-29T20:02:57.123149+00:00 05bf1627-ae2f-400c-b1ce-31973a9ff23f - - - [NXLOG@14506 bosh_deployment="cf-warden" bosh_job_name="uaa_z1" bosh_job_index="0" filename="/var/vcap/data/sys/log/uaa/localhost_access.log"] 127.0.0.1 - - [29/Sep/2016:20:02:42 +0000] "GET /healthz HTTP/1.1" 200 3

2016-09-29T20:02:57.123205+00:00 05bf1627-ae2f-400c-b1ce-31973a9ff23f - - - [NXLOG@14506 bosh_deployment="cf-warden" bosh_job_name="uaa_z1" bosh_job_index="0" filename="/var/vcap/data/sys/log/uaa/localhost_access.log"] 127.0.0.1 - - [29/Sep/2016:20:02:46 +0000] "GET /healthz HTTP/1.1" 200 3

2016-09-29T20:02:57.123262+00:00 05bf1627-ae2f-400c-b1ce-31973a9ff23f - - - [NXLOG@14506 bosh_deployment="cf-warden" bosh_job_name="uaa_z1" bosh_job_index="0" filename="/var/vcap/data/sys/log/route_registrar/route_registrar.stdout.log"] {"timestamp":"1475179370.808219671","source":"Route Registrar","message":"Route Registrar.Executing script","log_level":1,"data":{"scriptPath":"/var/vcap/jobs/uaa/bin/health_check"}}

2016-09-29T20:02:57.123367+00:00 05bf1627-ae2f-400c-b1ce-31973a9ff23f - - - [NXLOG@14506 bosh_deployment="cf-warden" bosh_job_name="uaa_z1" bosh_job_index="0" filename="/var/vcap/data/sys/log/route_registrar/route_registrar.stdout.log"] {"timestamp":"1475179370.819586039","source":"Route Registrar","message":"Route Registrar.Script exited without error","log_level":1,"data":{"script":"/var/vcap/jobs/uaa/bin/health_check","stderr":"  % Total    % Received % Xferd  Average Speed   Time    Time     Time  Current\n                                 Dload  Upload   Total   Spent    Left  Speed\n\r  0     0    0     0    0     0      0      0 --:--:-- --:--:-- --:--:--     0\r100     3  100     3    0     0   2806      0 --:--:-- --:--:-- --:--:--  3000\n","stdout":""}}

2016-09-29T20:02:57.123472+00:00 05bf1627-ae2f-400c-b1ce-31973a9ff23f - - - [NXLOG@14506 bosh_deployment="cf-warden" bosh_job_name="uaa_z1" bosh_job_index="0" filename="/var/vcap/data/sys/log/route_registrar/route_registrar.stdout.log"] {"timestamp":"1475179370.819746971","source":"Route Registrar","message":"Route Registrar.healthchecker returned healthy for route","log_level":1,"data":{"route":{"Name":"uaa","Port":8080,"Tags":{"component":"uaa"},"URIs":["uaa.bosh-lite.com","*.uaa.bosh-lite.com","login.bosh-lite.com","*.login.bosh-lite.com"],"RouteServiceUrl":"","RegistrationInterval":4000000000,"HealthCheck":{"Name":"uaa-healthcheck","ScriptPath":"/var/vcap/jobs/uaa/bin/health_check","Timeout":2000000000}}}}

2016-09-29T20:02:57.123551+00:00 05bf1627-ae2f-400c-b1ce-31973a9ff23f - - - [NXLOG@14506 bosh_deployment="cf-warden" bosh_job_name="uaa_z1" bosh_job_index="0" filename="/var/vcap/data/sys/log/route_registrar/route_registrar.stdout.log"] {"timestamp":"1475179370.819798946","source":"Route Registrar","message":"Route Registrar.Registering route","log_level":1,"data":{"route":{"Name":"uaa","Port":8080,"Tags":{"component":"uaa"},"URIs":["uaa.bosh-lite.com","*.uaa.bosh-lite.com","login.bosh-lite.com","*.login.bosh-lite.com"],"RouteServiceUrl":"","RegistrationInterval":4000000000,"HealthCheck":{"Name":"uaa-healthcheck","ScriptPath":"/var/vcap/jobs/uaa/bin/health_check","Timeout":2000000000}}}}

2016-09-29T20:02:57.123629+00:00 05bf1627-ae2f-400c-b1ce-31973a9ff23f - - - [NXLOG@14506 bosh_deployment="cf-warden" bosh_job_name="uaa_z1" bosh_job_index="0" filename="/var/vcap/data/sys/log/route_registrar/route_registrar.stdout.log"] {"timestamp":"1475179370.819877625","source":"Route Registrar","message":"Route Registrar.Registered routes successfully","log_level":1,"data":{}}

2016-09-29T20:02:57.123684+00:00 05bf1627-ae2f-400c-b1ce-31973a9ff23f - - - [NXLOG@14506 bosh_deployment="cf-warden" bosh_job_name="uaa_z1" bosh_job_index="0" filename="/var/vcap/data/sys/log/route_registrar/route_registrar.stdout.log"] {"timestamp":"1475179374.808341742","source":"Route Registrar","message":"Route Registrar.Executing script","log_level":1,"data":{"scriptPath":"/var/vcap/jobs/uaa/bin/health_check"}}

2016-09-29T20:02:57.123738+00:00 05bf1627-ae2f-400c-b1ce-31973a9ff23f - - - [NXLOG@14506 bosh_deployment="cf-warden" bosh_job_name="uaa_z1" bosh_job_index="0" filename="/var/vcap/data/sys/log/route_registrar/route_registrar.stdout.log"] {"timestamp":"1475179374.820246696","source":"Route Registrar","message":"Route Registrar.Script exited without error","log_level":1,"data":{"script":"/var/vcap/jobs/uaa/bin/health_check","stderr":"  % Total    % Received % Xferd  Average Speed   Time    Time     Time  Current\n                                 Dload  Upload   Total   Spent    Left  Speed\n\r  0     0    0     0    0     0      0      0 --:--:-- --:--:-- --:--:--     0\r100     3  100     3    0     0   1926      0 --:--:-- --:--:-- --:--:--  3000\n","stdout":""}}

2016-09-29T20:02:57.123812+00:00 05bf1627-ae2f-400c-b1ce-31973a9ff23f - - - [NXLOG@14506 bosh_deployment="cf-warden" bosh_job_name="uaa_z1" bosh_job_index="0" filename="/var/vcap/data/sys/log/route_registrar/route_registrar.stdout.log"] {"timestamp":"1475179374.820343733","source":"Route Registrar","message":"Route Registrar.healthchecker returned healthy for route","log_level":1,"data":{"route":{"Name":"uaa","Port":8080,"Tags":{"component":"uaa"},"URIs":["uaa.bosh-lite.com","*.uaa.bosh-lite.com","login.bosh-lite.com","*.login.bosh-lite.com"],"RouteServiceUrl":"","RegistrationInterval":4000000000,"HealthCheck":{"Name":"uaa-healthcheck","ScriptPath":"/var/vcap/jobs/uaa/bin/health_check","Timeout":2000000000}}}}

2016-09-29T20:02:57.123894+00:00 05bf1627-ae2f-400c-b1ce-31973a9ff23f - - - [NXLOG@14506 bosh_deployment="cf-warden" bosh_job_name="uaa_z1" bosh_job_index="0" filename="/var/vcap/data/sys/log/route_registrar/route_registrar.stdout.log"] {"timestamp":"1475179374.820378542","source":"Route Registrar","message":"Route Registrar.Registering route","log_level":1,"data":{"route":{"Name":"uaa","Port":8080,"Tags":{"component":"uaa"},"URIs":["uaa.bosh-lite.com","*.uaa.bosh-lite.com","login.bosh-lite.com","*.login.bosh-lite.com"],"RouteServiceUrl":"","RegistrationInterval":4000000000,"HealthCheck":{"Name":"uaa-healthcheck","ScriptPath":"/var/vcap/jobs/uaa/bin/health_check","Timeout":2000000000}}}}

2016-09-29T20:02:57.123955+00:00 05bf1627-ae2f-400c-b1ce-31973a9ff23f - - - [NXLOG@14506 bosh_deployment="cf-warden" bosh_job_name="uaa_z1" bosh_job_index="0" filename="/var/vcap/data/sys/log/route_registrar/route_registrar.stdout.log"] {"timestamp":"1475179374.820450544","source":"Route Registrar","message":"Route Registrar.Registered routes successfully","log_level":1,"data":{}}

2016-09-29T20:02:57.124015+00:00 05bf1627-ae2f-400c-b1ce-31973a9ff23f - - - [NXLOG@14506 bosh_deployment="cf-warden" bosh_job_name="uaa_z1" bosh_job_index="0" filename="/var/vcap/data/sys/log/uaa/uaa.log"] [2016-09-29 20:02:50.699] uaa - 19013 [http-nio-127.0.0.1-8989-exec-3] .... DEBUG --- AntPathRequestMatcher: Checking match of request : '/healthz'; against '/resources/**'

2016-09-29T20:02:57.124069+00:00 05bf1627-ae2f-400c-b1ce-31973a9ff23f - - - [NXLOG@14506 bosh_deployment="cf-warden" bosh_job_name="uaa_z1" bosh_job_index="0" filename="/var/vcap/data/sys/log/uaa/uaa.log"] [2016-09-29 20:02:50.699] uaa - 19013 [http-nio-127.0.0.1-8989-exec-3] .... DEBUG --- AntPathRequestMatcher: Checking match of request : '/healthz'; against '/square-logo.png'

2016-09-29T20:02:57.124156+00:00 05bf1627-ae2f-400c-b1ce-31973a9ff23f - - - [NXLOG@14506 bosh_deployment="cf-warden" bosh_job_name="uaa_z1" bosh_job_index="0" filename="/var/vcap/data/sys/log/uaa/uaa.log"] [2016-09-29 20:02:50.699] uaa - 19013 [http-nio-127.0.0.1-8989-exec-3] .... DEBUG --- AntPathRequestMatcher: Checking match of request : '/healthz'; against '/info'

2016-09-29T20:02:57.124198+00:00 05bf1627-ae2f-400c-b1ce-31973a9ff23f - - - [NXLOG@14506 bosh_deployment="cf-warden" bosh_job_name="uaa_z1" bosh_job_index="0" filename="/var/vcap/data/sys/log/uaa/uaa.log"] [2016-09-29 20:02:50.699] uaa - 19013 [http-nio-127.0.0.1-8989-exec-3] .... DEBUG --- AntPathRequestMatcher: Checking match of request : '/healthz'; against '/password/**'

2016-09-29T20:02:57.124218+00:00 05bf1627-ae2f-400c-b1ce-31973a9ff23f - - - [NXLOG@14506 bosh_deployment="cf-warden" bosh_job_name="uaa_z1" bosh_job_index="0" filename="/var/vcap/data/sys/log/uaa/uaa.log"] [2016-09-29 20:02:50.699] uaa - 19013 [http-nio-127.0.0.1-8989-exec-3] .... DEBUG --- AntPathRequestMatcher: Checking match of request : '/healthz'; against '/healthz/**'

2016-09-29T20:02:57.124274+00:00 05bf1627-ae2f-400c-b1ce-31973a9ff23f - - - [NXLOG@14506 bosh_deployment="cf-warden" bosh_job_name="uaa_z1" bosh_job_index="0" filename="/var/vcap/data/sys/log/uaa/uaa.log"] [2016-09-29 20:02:50.699] uaa - 19013 [http-nio-127.0.0.1-8989-exec-3] .... DEBUG --- FilterChainProxy: /healthz has an empty filter list

2016-09-29T20:02:57.124288+00:00 05bf1627-ae2f-400c-b1ce-31973a9ff23f - - - [NXLOG@14506 bosh_deployment="cf-warden" bosh_job_name="uaa_z1" bosh_job_index="0" filename="/var/vcap/data/sys/log/uaa/uaa.log"] [2016-09-29 20:02:50.699] uaa - 19013 [http-nio-127.0.0.1-8989-exec-3] .... DEBUG --- DispatcherServlet: DispatcherServlet with name 'spring' processing GET request for [/healthz]

2016-09-29T20:02:57.124299+00:00 05bf1627-ae2f-400c-b1ce-31973a9ff23f - - - [NXLOG@14506 bosh_deployment="cf-warden" bosh_job_name="uaa_z1" bosh_job_index="0" filename="/var/vcap/data/sys/log/uaa/uaa.log"] [2016-09-29 20:02:50.699] uaa - 19013 [http-nio-127.0.0.1-8989-exec-3] .... DEBUG --- DispatcherServlet: Last-Modified value for [/healthz] is: -1

2016-09-29T20:02:57.124310+00:00 05bf1627-ae2f-400c-b1ce-31973a9ff23f - - - [NXLOG@14506 bosh_deployment="cf-warden" bosh_job_name="uaa_z1" bosh_job_index="0" filename="/var/vcap/data/sys/log/uaa/uaa.log"] [2016-09-29 20:02:50.699] uaa - 19013 [http-nio-127.0.0.1-8989-exec-3] .... DEBUG --- RequestResponseBodyMethodProcessor: Written [ok

2016-09-29T20:02:57.124325+00:00 05bf1627-ae2f-400c-b1ce-31973a9ff23f - - - [NXLOG@14506 bosh_deployment="cf-warden" bosh_job_name="uaa_z1" bosh_job_index="0" filename="/var/vcap/data/sys/log/uaa/uaa.log"] ] as "text/plain;charset=ISO-8859-1" using [org.springframework.http.converter.StringHttpMessageConverter@178b2baf]

2016-09-29T20:02:57.124354+00:00 05bf1627-ae2f-400c-b1ce-31973a9ff23f - - - [NXLOG@14506 bosh_deployment="cf-warden" bosh_job_name="uaa_z1" bosh_job_index="0" filename="/var/vcap/data/sys/log/uaa/uaa.log"] [2016-09-29 20:02:50.699] uaa - 19013 [http-nio-127.0.0.1-8989-exec-3] .... DEBUG --- DispatcherServlet: Null ModelAndView returned to DispatcherServlet with name 'spring': assuming HandlerAdapter completed request handling

2016-09-29T20:02:57.124421+00:00 05bf1627-ae2f-400c-b1ce-31973a9ff23f - - - [NXLOG@14506 bosh_deployment="cf-warden" bosh_job_name="uaa_z1" bosh_job_index="0" filename="/var/vcap/data/sys/log/uaa/uaa.log"] [2016-09-29 20:02:50.699] uaa - 19013 [http-nio-127.0.0.1-8989-exec-3] .... DEBUG --- DispatcherServlet: Successfully completed request

2016-09-29T20:02:57.124434+00:00 05bf1627-ae2f-400c-b1ce-31973a9ff23f - - - [NXLOG@14506 bosh_deployment="cf-warden" bosh_job_name="uaa_z1" bosh_job_index="0" filename="/var/vcap/data/sys/log/uaa/uaa.log"] [2016-09-29 20:02:50.817] uaa - 19013 [http-nio-127.0.0.1-8989-exec-1] .... DEBUG --- AntPathRequestMatcher: Checking match of request : '/healthz'; against '/resources/**'

2016-09-29T20:02:57.124468+00:00 05bf1627-ae2f-400c-b1ce-31973a9ff23f - - - [NXLOG@14506 bosh_deployment="cf-warden" bosh_job_name="uaa_z1" bosh_job_index="0" filename="/var/vcap/data/sys/log/uaa/uaa.log"] [2016-09-29 20:02:50.817] uaa - 19013 [http-nio-127.0.0.1-8989-exec-1] .... DEBUG --- AntPathRequestMatcher: Checking match of request : '/healthz'; against '/square-logo.png'

2016-09-29T20:02:57.124479+00:00 05bf1627-ae2f-400c-b1ce-31973a9ff23f - - - [NXLOG@14506 bosh_deployment="cf-warden" bosh_job_name="uaa_z1" bosh_job_index="0" filename="/var/vcap/data/sys/log/uaa/uaa.log"] [2016-09-29 20:02:50.817] uaa - 19013 [http-nio-127.0.0.1-8989-exec-1] .... DEBUG --- AntPathRequestMatcher: Checking match of request : '/healthz'; against '/info'

2016-09-29T20:02:57.124494+00:00 05bf1627-ae2f-400c-b1ce-31973a9ff23f - - - [NXLOG@14506 bosh_deployment="cf-warden" bosh_job_name="uaa_z1" bosh_job_index="0" filename="/var/vcap/data/sys/log/uaa/uaa.log"] [2016-09-29 20:02:50.817] uaa - 19013 [http-nio-127.0.0.1-8989-exec-1] .... DEBUG --- AntPathRequestMatcher: Checking match of request : '/healthz'; against '/password/**'

2016-09-29T20:02:57.124508+00:00 05bf1627-ae2f-400c-b1ce-31973a9ff23f - - - [NXLOG@14506 bosh_deployment="cf-warden" bosh_job_name="uaa_z1" bosh_job_index="0" filename="/var/vcap/data/sys/log/uaa/uaa.log"] [2016-09-29 20:02:50.817] uaa - 19013 [http-nio-127.0.0.1-8989-exec-1] .... DEBUG --- AntPathRequestMatcher: Checking match of request : '/healthz'; against '/healthz/**'

2016-09-29T20:02:57.124532+00:00 05bf1627-ae2f-400c-b1ce-31973a9ff23f - - - [NXLOG@14506 bosh_deployment="cf-warden" bosh_job_name="uaa_z1" bosh_job_index="0" filename="/var/vcap/data/sys/log/uaa/uaa.log"] [2016-09-29 20:02:50.817] uaa - 19013 [http-nio-127.0.0.1-8989-exec-1] .... DEBUG --- FilterChainProxy: /healthz has an empty filter list

2016-09-29T20:02:57.124551+00:00 05bf1627-ae2f-400c-b1ce-31973a9ff23f - - - [NXLOG@14506 bosh_deployment="cf-warden" bosh_job_name="uaa_z1" bosh_job_index="0" filename="/var/vcap/data/sys/log/uaa/uaa.log"] [2016-09-29 20:02:50.817] uaa - 19013 [http-nio-127.0.0.1-8989-exec-1] .... DEBUG --- DispatcherServlet: DispatcherServlet with name 'spring' processing GET request for [/healthz]

2016-09-29T20:02:57.124562+00:00 05bf1627-ae2f-400c-b1ce-31973a9ff23f - - - [NXLOG@14506 bosh_deployment="cf-warden" bosh_job_name="uaa_z1" bosh_job_index="0" filename="/var/vcap/data/sys/log/uaa/uaa.log"] [2016-09-29 20:02:50.817] uaa - 19013 [http-nio-127.0.0.1-8989-exec-1] .... DEBUG --- DispatcherServlet: Last-Modified value for [/healthz] is: -1

2016-09-29T20:02:57.124575+00:00 05bf1627-ae2f-400c-b1ce-31973a9ff23f - - - [NXLOG@14506 bosh_deployment="cf-warden" bosh_job_name="uaa_z1" bosh_job_index="0" filename="/var/vcap/data/sys/log/uaa/uaa.log"] [2016-09-29 20:02:50.817] uaa - 19013 [http-nio-127.0.0.1-8989-exec-1] .... DEBUG --- RequestResponseBodyMethodProcessor: Written [ok

2016-09-29T20:02:57.124586+00:00 05bf1627-ae2f-400c-b1ce-31973a9ff23f - - - [NXLOG@14506 bosh_deployment="cf-warden" bosh_job_name="uaa_z1" bosh_job_index="0" filename="/var/vcap/data/sys/log/uaa/uaa.log"] ] as "text/plain;charset=ISO-8859-1" using [org.springframework.http.converter.StringHttpMessageConverter@178b2baf]

2016-09-29T20:02:57.124596+00:00 05bf1627-ae2f-400c-b1ce-31973a9ff23f - - - [NXLOG@14506 bosh_deployment="cf-warden" bosh_job_name="uaa_z1" bosh_job_index="0" filename="/var/vcap/data/sys/log/uaa/uaa.log"] [2016-09-29 20:02:50.817] uaa - 19013 [http-nio-127.0.0.1-8989-exec-1] .... DEBUG --- DispatcherServlet: Null ModelAndView returned to DispatcherServlet with name 'spring': assuming HandlerAdapter completed request handling

2016-09-29T20:02:57.124637+00:00 05bf1627-ae2f-400c-b1ce-31973a9ff23f - - - [NXLOG@14506 bosh_deployment="cf-warden" bosh_job_name="uaa_z1" bosh_job_index="0" filename="/var/vcap/data/sys/log/uaa/uaa.log"] [2016-09-29 20:02:50.817] uaa - 19013 [http-nio-127.0.0.1-8989-exec-1] .... DEBUG --- DispatcherServlet: Successfully completed request

2016-09-29T20:02:57.124650+00:00 05bf1627-ae2f-400c-b1ce-31973a9ff23f - - - [NXLOG@14506 bosh_deployment="cf-warden" bosh_job_name="uaa_z1" bosh_job_index="0" filename="/var/vcap/data/sys/log/uaa/uaa.log"] [2016-09-29 20:02:51.156] uaa - 19013 [pool-2-thread-1] .... DEBUG --- JdbcTemplate: Executing SQL query [select count(*) from oauth_client_details]

2016-09-29T20:02:57.124660+00:00 05bf1627-ae2f-400c-b1ce-31973a9ff23f - - - [NXLOG@14506 bosh_deployment="cf-warden" bosh_job_name="uaa_z1" bosh_job_index="0" filename="/var/vcap/data/sys/log/uaa/uaa.log"] [2016-09-29 20:02:51.158] uaa - 19013 [pool-2-thread-1] .... DEBUG --- JdbcTemplate: Executing SQL query [select count(*) from users]

2016-09-29T20:02:57.124671+00:00 05bf1627-ae2f-400c-b1ce-31973a9ff23f - - - [NXLOG@14506 bosh_deployment="cf-warden" bosh_job_name="uaa_z1" bosh_job_index="0" filename="/var/vcap/data/sys/log/uaa/uaa.log"] [2016-09-29 20:02:54.818] uaa - 19013 [http-nio-127.0.0.1-8989-exec-6] .... DEBUG --- AntPathRequestMatcher: Checking match of request : '/healthz'; against '/resources/**'

2016-09-29T20:02:57.124714+00:00 05bf1627-ae2f-400c-b1ce-31973a9ff23f - - - [NXLOG@14506 bosh_deployment="cf-warden" bosh_job_name="uaa_z1" bosh_job_index="0" filename="/var/vcap/data/sys/log/uaa/uaa.log"] [2016-09-29 20:02:54.818] uaa - 19013 [http-nio-127.0.0.1-8989-exec-6] .... DEBUG --- AntPathRequestMatcher: Checking match of request : '/healthz'; against '/square-logo.png'

2016-09-29T20:02:57.124727+00:00 05bf1627-ae2f-400c-b1ce-31973a9ff23f - - - [NXLOG@14506 bosh_deployment="cf-warden" bosh_job_name="uaa_z1" bosh_job_index="0" filename="/var/vcap/data/sys/log/uaa/uaa.log"] [2016-09-29 20:02:54.818] uaa - 19013 [http-nio-127.0.0.1-8989-exec-6] .... DEBUG --- AntPathRequestMatcher: Checking match of request : '/healthz'; against '/info'

2016-09-29T20:02:57.124737+00:00 05bf1627-ae2f-400c-b1ce-31973a9ff23f - - - [NXLOG@14506 bosh_deployment="cf-warden" bosh_job_name="uaa_z1" bosh_job_index="0" filename="/var/vcap/data/sys/log/uaa/uaa.log"] [2016-09-29 20:02:54.818] uaa - 19013 [http-nio-127.0.0.1-8989-exec-6] .... DEBUG --- AntPathRequestMatcher: Checking match of request : '/healthz'; against '/password/**'

2016-09-29T20:02:57.124748+00:00 05bf1627-ae2f-400c-b1ce-31973a9ff23f - - - [NXLOG@14506 bosh_deployment="cf-warden" bosh_job_name="uaa_z1" bosh_job_index="0" filename="/var/vcap/data/sys/log/uaa/uaa.log"] [2016-09-29 20:02:54.818] uaa - 19013 [http-nio-127.0.0.1-8989-exec-6] .... DEBUG --- AntPathRequestMatcher: Checking match of request : '/healthz'; against '/healthz/**'

2016-09-29T20:02:57.124777+00:00 05bf1627-ae2f-400c-b1ce-31973a9ff23f - - - [NXLOG@14506 bosh_deployment="cf-warden" bosh_job_name="uaa_z1" bosh_job_index="0" filename="/var/vcap/data/sys/log/uaa/uaa.log"] [2016-09-29 20:02:54.818] uaa - 19013 [http-nio-127.0.0.1-8989-exec-6] .... DEBUG --- FilterChainProxy: /healthz has an empty filter list

2016-09-29T20:02:57.124789+00:00 05bf1627-ae2f-400c-b1ce-31973a9ff23f - - - [NXLOG@14506 bosh_deployment="cf-warden" bosh_job_name="uaa_z1" bosh_job_index="0" filename="/var/vcap/data/sys/log/uaa/uaa.log"] [2016-09-29 20:02:54.818] uaa - 19013 [http-nio-127.0.0.1-8989-exec-6] .... DEBUG --- DispatcherServlet: DispatcherServlet with name 'spring' processing GET request for [/healthz]

2016-09-29T20:02:57.124802+00:00 05bf1627-ae2f-400c-b1ce-31973a9ff23f - - - [NXLOG@14506 bosh_deployment="cf-warden" bosh_job_name="uaa_z1" bosh_job_index="0" filename="/var/vcap/data/sys/log/uaa/uaa.log"] [2016-09-29 20:02:54.818] uaa - 19013 [http-nio-127.0.0.1-8989-exec-6] .... DEBUG --- DispatcherServlet: Last-Modified value for [/healthz] is: -1

2016-09-29T20:02:57.124815+00:00 05bf1627-ae2f-400c-b1ce-31973a9ff23f - - - [NXLOG@14506 bosh_deployment="cf-warden" bosh_job_name="uaa_z1" bosh_job_index="0" filename="/var/vcap/data/sys/log/uaa/uaa.log"] [2016-09-29 20:02:54.819] uaa - 19013 [http-nio-127.0.0.1-8989-exec-6] .... DEBUG --- RequestResponseBodyMethodProcessor: Written [ok

2016-09-29T20:02:57.124839+00:00 05bf1627-ae2f-400c-b1ce-31973a9ff23f - - - [NXLOG@14506 bosh_deployment="cf-warden" bosh_job_name="uaa_z1" bosh_job_index="0" filename="/var/vcap/data/sys/log/uaa/uaa.log"] ] as "text/plain;charset=ISO-8859-1" using [org.springframework.http.converter.StringHttpMessageConverter@178b2baf]

2016-09-29T20:02:57.124852+00:00 05bf1627-ae2f-400c-b1ce-31973a9ff23f - - - [NXLOG@14506 bosh_deployment="cf-warden" bosh_job_name="uaa_z1" bosh_job_index="0" filename="/var/vcap/data/sys/log/uaa/uaa.log"] [2016-09-29 20:02:54.819] uaa - 19013 [http-nio-127.0.0.1-8989-exec-6] .... DEBUG --- DispatcherServlet: Null ModelAndView returned to DispatcherServlet with name 'spring': assuming HandlerAdapter completed request handling

2016-09-29T20:02:57.124865+00:00 05bf1627-ae2f-400c-b1ce-31973a9ff23f - - - [NXLOG@14506 bosh_deployment="cf-warden" bosh_job_name="uaa_z1" bosh_job_index="0" filename="/var/vcap/data/sys/log/uaa/uaa.log"] [2016-09-29 20:02:54.819] uaa - 19013 [http-nio-127.0.0.1-8989-exec-6] .... DEBUG --- DispatcherServlet: Successfully completed request

2016-09-29T20:02:57.124878+00:00 05bf1627-ae2f-400c-b1ce-31973a9ff23f - - - [NXLOG@14506 bosh_deployment="cf-warden" bosh_job_name="uaa_z1" bosh_job_index="0" filename="/var/vcap/data/sys/log/uaa/uaa.log"] [2016-09-29 20:02:56.156] uaa - 19013 [pool-2-thread-1] .... DEBUG --- JdbcTemplate: Executing SQL query [select count(*) from oauth_client_details]

2016-09-29T20:02:57.124892+00:00 05bf1627-ae2f-400c-b1ce-31973a9ff23f - - - [NXLOG@14506 bosh_deployment="cf-warden" bosh_job_name="uaa_z1" bosh_job_index="0" filename="/var/vcap/data/sys/log/uaa/uaa.log"] [2016-09-29 20:02:56.159] uaa - 19013 [pool-2-thread-1] .... DEBUG --- JdbcTemplate: Executing SQL query [select count(*) from users]

2016-09-29T20:02:57.125500+00:00 b0fa19c0-86de-4447-a670-3f7adbd0b3c1 - - - [NXLOG@14506 bosh_deployment="cf-warden" bosh_job_name="api_z1" bosh_job_index="0" filename="/var/vcap/data/sys/log/cloud_controller_worker/cloud_controller_worker.log"] {"timestamp":1475179372.0834434,"message":"(0.000506s) SELECT * FROM \"delayed_jobs\" WHERE ((((\"run_at\" <= '2016-09-29 20:02:52.082417+0000') AND (\"locked_at\" IS NULL)) OR (\"locked_by\" = 'cc_global_worker.api_z1.0.1')) AND (\"failed_at\" IS NULL) AND (\"queue\" IN ('cc-generic'))) ORDER BY \"priority\" ASC, \"run_at\" ASC LIMIT 5","log_level":"debug2","source":"cc.background","data":{},"thread_id":47193737007380,"fiber_id":47193773841900,"process_id":15807,"file":"/var/vcap/packages/cloud_controller_ng/cloud_controller_ng/vendor/bundle/ruby/2.3.0/gems/sequel-4.29.0/lib/sequel/database/logging.rb","lineno":70,"method":"block in log_each"}

2016-09-29T20:02:57.125588+00:00 b0fa19c0-86de-4447-a670-3f7adbd0b3c1 - - - [NXLOG@14506 bosh_deployment="cf-warden" bosh_job_name="api_z1" bosh_job_index="0" filename="/var/vcap/data/sys/log/cloud_controller_worker/cloud_controller_worker.log"] {"timestamp":1475179377.1066825,"message":"(0.000949s) SELECT * FROM \"delayed_jobs\" WHERE ((((\"run_at\" <= '2016-09-29 20:02:57.105188+0000') AND (\"locked_at\" IS NULL)) OR (\"locked_by\" = 'cc_global_worker.api_z1.0.1')) AND (\"failed_at\" IS NULL) AND (\"queue\" IN ('cc-generic'))) ORDER BY \"priority\" ASC, \"run_at\" ASC LIMIT 5","log_level":"debug2","source":"cc.background","data":{},"thread_id":47193737007380,"fiber_id":47193773841900,"process_id":15807,"file":"/var/vcap/packages/cloud_controller_ng/cloud_controller_ng/vendor/bundle/ruby/2.3.0/gems/sequel-4.29.0/lib/sequel/database/logging.rb","lineno":70,"method":"block in log_each"}

2016-09-29T20:02:57.125634+00:00 b0fa19c0-86de-4447-a670-3f7adbd0b3c1 - - - [NXLOG@14506 bosh_deployment="cf-warden" bosh_job_name="api_z1" bosh_job_index="0" filename="/var/vcap/data/sys/log/nginx_cc/nginx.access.log"] 10.244.0.138 - [29/Sep/2016:20:02:47 +0000] "GET /v2/info HTTP/1.1" 200 802 "-" "monit/5.2.5" 10.244.0.138 vcap_request_id:3d9c6010-23eb-4a7a-8df9-452921656363 response_time:0.004

2016-09-29T20:02:57.125665+00:00 b0fa19c0-86de-4447-a670-3f7adbd0b3c1 - - - [NXLOG@14506 bosh_deployment="cf-warden" bosh_job_name="api_z1" bosh_job_index="0" filename="/var/vcap/data/sys/log/cloud_controller_ng/cloud_controller_ng.log"] {"timestamp":1475179367.1521182,"message":"Statsd: cc.requests.outstanding:1|c","log_level":"debug","source":"statsd.client","data":{},"thread_id":47062185509200,"fiber_id":47062154523660,"process_id":15535,"file":"/var/vcap/packages/cloud_controller_ng/cloud_controller_ng/vendor/bundle/ruby/2.3.0/gems/statsd-ruby-1.2.1/lib/statsd.rb","lineno":254,"method":"send_to_socket"}

2016-09-29T20:02:57.125679+00:00 b0fa19c0-86de-4447-a670-3f7adbd0b3c1 - - - [NXLOG@14506 bosh_deployment="cf-warden" bosh_job_name="api_z1" bosh_job_index="0" filename="/var/vcap/data/sys/log/cloud_controller_ng/cloud_controller_ng.log"] {"timestamp":1475179367.1527116,"message":"Started GET \"/v2/info\" for user: , ip: 127.0.0.1 with vcap-request-id: 3d9c6010-23eb-4a7a-8df9-452921656363 at 2016-09-29 20:02:47 UTC","log_level":"info","source":"cc.api","data":{},"thread_id":47062185509200,"fiber_id":47062154523660,"process_id":15535,"file":"/var/vcap/packages/cloud_controller_ng/cloud_controller_ng/middleware/request_logs.rb","lineno":12,"method":"call"}

2016-09-29T20:02:57.125694+00:00 b0fa19c0-86de-4447-a670-3f7adbd0b3c1 - - - [NXLOG@14506 bosh_deployment="cf-warden" bosh_job_name="api_z1" bosh_job_index="0" filename="/var/vcap/data/sys/log/cloud_controller_ng/cloud_controller_ng.log"] {"timestamp":1475179367.1536543,"message":"dispatch VCAP::CloudController::InfoController get /v2/info","log_level":"debug","source":"cc.api","data":{"request_guid":"3d9c6010-23eb-4a7a-8df9-452921656363"},"thread_id":47062185509200,"fiber_id":47062154523660,"process_id":15535,"file":"/var/vcap/data/packages/cloud_controller_ng/f87cb49aa2cd87792cb9c2211a79e1542502be4d.1-b1a5f3c830cb6c32ae9e685628b24aa967f5ae54/cloud_controller_ng/lib/cloud_controller/rest_controller/routes.rb","lineno":12,"method":"block in define_route"}

2016-09-29T20:02:57.125738+00:00 b0fa19c0-86de-4447-a670-3f7adbd0b3c1 - - - [NXLOG@14506 bosh_deployment="cf-warden" bosh_job_name="api_z1" bosh_job_index="0" filename="/var/vcap/data/sys/log/cloud_controller_ng/cloud_controller_ng.log"] {"timestamp":1475179367.1538873,"message":"parse_params: {} ","log_level":"debug","source":"cc.api","data":{"request_guid":"3d9c6010-23eb-4a7a-8df9-452921656363"},"thread_id":47062185509200,"fiber_id":47062154523660,"process_id":15535,"file":"/var/vcap/data/packages/cloud_controller_ng/f87cb49aa2cd87792cb9c2211a79e1542502be4d.1-b1a5f3c830cb6c32ae9e685628b24aa967f5ae54/cloud_controller_ng/lib/cloud_controller/rest_controller/common_params.rb","lineno":10,"method":"parse"}

2016-09-29T20:02:57.125804+00:00 b0fa19c0-86de-4447-a670-3f7adbd0b3c1 - - - [NXLOG@14506 bosh_deployment="cf-warden" bosh_job_name="api_z1" bosh_job_index="0" filename="/var/vcap/data/sys/log/cloud_controller_ng/cloud_controller_ng.log"] {"timestamp":1475179367.154099,"message":"cc.dispatch","log_level":"debug","source":"cc.api","data":{"request_guid":"3d9c6010-23eb-4a7a-8df9-452921656363","endpoint":"read","args":[]},"thread_id":47062185509200,"fiber_id":47062154523660,"process_id":15535,"file":"/var/vcap/data/packages/cloud_controller_ng/f87cb49aa2cd87792cb9c2211a79e1542502be4d.1-b1a5f3c830cb6c32ae9e685628b24aa967f5ae54/cloud_controller_ng/app/controllers/base/base_controller.rb","lineno":78,"method":"dispatch"}

2016-09-29T20:02:57.125846+00:00 b0fa19c0-86de-4447-a670-3f7adbd0b3c1 - - - [NXLOG@14506 bosh_deployment="cf-warden" bosh_job_name="api_z1" bosh_job_index="0" filename="/var/vcap/data/sys/log/cloud_controller_ng/cloud_controller_ng.log"] {"timestamp":1475179367.1544774,"message":"Completed 200 vcap-request-id: 3d9c6010-23eb-4a7a-8df9-452921656363","log_level":"info","source":"cc.api","data":{},"thread_id":47062185509200,"fiber_id":47062154523660,"process_id":15535,"file":"/var/vcap/packages/cloud_controller_ng/cloud_controller_ng/middleware/request_logs.rb","lineno":24,"method":"call"}

2016-09-29T20:02:57.125882+00:00 b0fa19c0-86de-4447-a670-3f7adbd0b3c1 - - - [NXLOG@14506 bosh_deployment="cf-warden" bosh_job_name="api_z1" bosh_job_index="0" filename="/var/vcap/data/sys/log/cloud_controller_ng/cloud_controller_ng.log"] {"timestamp":1475179367.1546683,"message":"Statsd: cc.requests.outstanding:-1|c\ncc.requests.completed:1|c\ncc.http_status.2XX:1|c","log_level":"debug","source":"statsd.client","data":{},"thread_id":47062185509200,"fiber_id":47062154523660,"process_id":15535,"file":"/var/vcap/packages/cloud_controller_ng/cloud_controller_ng/vendor/bundle/ruby/2.3.0/gems/statsd-ruby-1.2.1/lib/statsd.rb","lineno":254,"method":"send_to_socket"}

2016-09-29T20:02:57.125917+00:00 b0fa19c0-86de-4447-a670-3f7adbd0b3c1 - - - [NXLOG@14506 bosh_deployment="cf-warden" bosh_job_name="api_z1" bosh_job_index="0" filename="/var/vcap/data/sys/log/cloud_controller_ng/cloud_controller_ng.log"] {"timestamp":1475179368.3601067,"message":"(0.000656s) SELECT * FROM \"delayed_jobs\" WHERE ((((\"run_at\" <= '2016-09-29 20:02:48.358939+0000') AND (\"locked_at\" IS NULL)) OR (\"locked_by\" = 'cc_api_worker.api_z1.0.1')) AND (\"failed_at\" IS NULL) AND (\"queue\" IN ('cc-api_z1-0'))) ORDER BY \"priority\" ASC, \"run_at\" ASC LIMIT 5","log_level":"debug2","source":"cc.background","data":{},"thread_id":47452862460180,"fiber_id":47452899698480,"process_id":15587,"file":"/var/vcap/packages/cloud_controller_ng/cloud_controller_ng/vendor/bundle/ruby/2.3.0/gems/sequel-4.29.0/lib/sequel/database/logging.rb","lineno":70,"method":"block in log_each"}

2016-09-29T20:02:57.125953+00:00 b0fa19c0-86de-4447-a670-3f7adbd0b3c1 - - - [NXLOG@14506 bosh_deployment="cf-warden" bosh_job_name="api_z1" bosh_job_index="0" filename="/var/vcap/data/sys/log/cloud_controller_ng/cloud_controller_ng.log"] {"timestamp":1475179372.0791864,"message":"(0.000560s) SELECT * FROM \"delayed_jobs\" WHERE ((((\"run_at\" <= '2016-09-29 20:02:52.078087+0000') AND (\"locked_at\" IS NULL)) OR (\"locked_by\" = 'cc_api_worker.api_z1.0.2')) AND (\"failed_at\" IS NULL) AND (\"queue\" IN ('cc-api_z1-0'))) ORDER BY \"priority\" ASC, \"run_at\" ASC LIMIT 5","log_level":"debug2","source":"cc.background","data":{},"thread_id":47118928261380,"fiber_id":47118965175380,"process_id":15629,"file":"/var/vcap/packages/cloud_controller_ng/cloud_controller_ng/vendor/bundle/ruby/2.3.0/gems/sequel-4.29.0/lib/sequel/database/logging.rb","lineno":70,"method":"block in log_each"}

2016-09-29T20:02:57.125991+00:00 b0fa19c0-86de-4447-a670-3f7adbd0b3c1 - - - [NXLOG@14506 bosh_deployment="cf-warden" bosh_job_name="api_z1" bosh_job_index="0" filename="/var/vcap/data/sys/log/cloud_controller_ng/cloud_controller_ng.log"] {"timestamp":1475179373.3783884,"message":"(0.000547s) SELECT * FROM \"delayed_jobs\" WHERE ((((\"run_at\" <= '2016-09-29 20:02:53.377350+0000') AND (\"locked_at\" IS NULL)) OR (\"locked_by\" = 'cc_api_worker.api_z1.0.1')) AND (\"failed_at\" IS NULL) AND (\"queue\" IN ('cc-api_z1-0'))) ORDER BY \"priority\" ASC, \"run_at\" ASC LIMIT 5","log_level":"debug2","source":"cc.background","data":{},"thread_id":47452862460180,"fiber_id":47452899698480,"process_id":15587,"file":"/var/vcap/packages/cloud_controller_ng/cloud_controller_ng/vendor/bundle/ruby/2.3.0/gems/sequel-4.29.0/lib/sequel/database/logging.rb","lineno":70,"method":"block in log_each"}

2016-09-29T20:02:57.126028+00:00 b0fa19c0-86de-4447-a670-3f7adbd0b3c1 - - - [NXLOG@14506 bosh_deployment="cf-warden" bosh_job_name="api_z1" bosh_job_index="0" filename="/var/vcap/data/sys/log/cloud_controller_ng/cloud_controller_ng.log"] {"timestamp":1475179377.1015975,"message":"(0.000621s) SELECT * FROM \"delayed_jobs\" WHERE ((((\"run_at\" <= '2016-09-29 20:02:57.099708+0000') AND (\"locked_at\" IS NULL)) OR (\"locked_by\" = 'cc_api_worker.api_z1.0.2')) AND (\"failed_at\" IS NULL) AND (\"queue\" IN ('cc-api_z1-0'))) ORDER BY \"priority\" ASC, \"run_at\" ASC LIMIT 5","log_level":"debug2","source":"cc.background","data":{},"thread_id":47118928261380,"fiber_id":47118965175380,"process_id":15629,"file":"/var/vcap/packages/cloud_controller_ng/cloud_controller_ng/vendor/bundle/ruby/2.3.0/gems/sequel-4.29.0/lib/sequel/database/logging.rb","lineno":70,"method":"block in log_each"}

2016-09-29T20:03:06.974393+00:00 bfc626ef-a2eb-4bad-8f71-fa1d6d0f927f - - - [NXLOG@14506 bosh_deployment="cf-warden" bosh_job_name="loggregator_trafficcontroller_z1" bosh_job_index="0" filename="/var/vcap/data/sys/log/route_registrar/route_registrar.stdout.log"] {"timestamp":"1475179386.733081102","source":"Route Registrar","message":"Route Registrar.no healthchecker found for route","log_level":1,"data":{"route":{"Name":"doppler","Port":8081,"Tags":null,"URIs":["doppler.bosh-lite.com"],"RouteServiceUrl":"","RegistrationInterval":20000000000,"HealthCheck":null}}}

2016-09-29T20:03:06.974586+00:00 bfc626ef-a2eb-4bad-8f71-fa1d6d0f927f - - - [NXLOG@14506 bosh_deployment="cf-warden" bosh_job_name="loggregator_trafficcontroller_z1" bosh_job_index="0" filename="/var/vcap/data/sys/log/route_registrar/route_registrar.stdout.log"] {"timestamp":"1475179386.733192444","source":"Route Registrar","message":"Route Registrar.Registering route","log_level":1,"data":{"route":{"Name":"doppler","Port":8081,"Tags":null,"URIs":["doppler.bosh-lite.com"],"RouteServiceUrl":"","RegistrationInterval":20000000000,"HealthCheck":null}}}

2016-09-29T20:03:06.974655+00:00 bfc626ef-a2eb-4bad-8f71-fa1d6d0f927f - - - [NXLOG@14506 bosh_deployment="cf-warden" bosh_job_name="loggregator_trafficcontroller_z1" bosh_job_index="0" filename="/var/vcap/data/sys/log/route_registrar/route_registrar.stdout.log"] {"timestamp":"1475179386.733253956","source":"Route Registrar","message":"Route Registrar.Registered routes successfully","log_level":1,"data":{}}

2016-09-29T20:03:06.974712+00:00 bfc626ef-a2eb-4bad-8f71-fa1d6d0f927f - - - [NXLOG@14506 bosh_deployment="cf-warden" bosh_job_name="loggregator_trafficcontroller_z1" bosh_job_index="0" filename="/var/vcap/data/sys/log/route_registrar/route_registrar.stdout.log"] {"timestamp":"1475179386.733397245","source":"Route Registrar","message":"Route Registrar.no healthchecker found for route","log_level":1,"data":{"route":{"Name":"loggregator","Port":8080,"Tags":null,"URIs":["loggregator.bosh-lite.com"],"RouteServiceUrl":"","RegistrationInterval":20000000000,"HealthCheck":null}}}

2016-09-29T20:03:06.974765+00:00 bfc626ef-a2eb-4bad-8f71-fa1d6d0f927f - - - [NXLOG@14506 bosh_deployment="cf-warden" bosh_job_name="loggregator_trafficcontroller_z1" bosh_job_index="0" filename="/var/vcap/data/sys/log/route_registrar/route_registrar.stdout.log"] {"timestamp":"1475179386.733422279","source":"Route Registrar","message":"Route Registrar.Registering route","log_level":1,"data":{"route":{"Name":"loggregator","Port":8080,"Tags":null,"URIs":["loggregator.bosh-lite.com"],"RouteServiceUrl":"","RegistrationInterval":20000000000,"HealthCheck":null}}}

2016-09-29T20:03:06.974847+00:00 bfc626ef-a2eb-4bad-8f71-fa1d6d0f927f - - - [NXLOG@14506 bosh_deployment="cf-warden" bosh_job_name="loggregator_trafficcontroller_z1" bosh_job_index="0" filename="/var/vcap/data/sys/log/route_registrar/route_registrar.stdout.log"] {"timestamp":"1475179386.733471632","source":"Route Registrar","message":"Route Registrar.Registered routes successfully","log_level":1,"data":{}}

2016-09-29T20:03:06.977655+00:00 81da04d2-3e1d-4a50-80cd-e5b2e7a3a719 - - - [NXLOG@14506 bosh_deployment="cf-warden" bosh_job_name="router_z1" bosh_job_index="0" filename="/var/vcap/data/sys/log/gorouter/access.log"] api.bosh-lite.com - [29/09/2016:20:03:01.069 +0000] "GET /v2/syslog_drain_urls?batch_size=1000 HTTP/1.1" 200 0 42 "-" "Go-http-client/1.1" 10.244.0.34:48038 x_forwarded_for:"10.244.0.146" x_forwarded_proto:"https" vcap_request_id:4b521e1c-da3e-4a74-401a-175ae7c41ca1 response_time:0.006702296 app_id:

2016-09-29T20:03:06.983758+00:00 fc52b791-0068-48d0-b63d-a9600b8fa32e - - - [NXLOG@14506 bosh_deployment="cf-warden" bosh_job_name="runner_z1" bosh_job_index="0" filename="/var/vcap/data/sys/log/dea_next/dea_next.log"] {"timestamp":1475179381.7518861,"message":"hm9000.heartbeat.sending","log_level":"debug","source":"Dea::Bootstrap","data":{"destination":"https://listener-hm9000.service.cf.internal:5335/dea/heartbeat"},"thread_id":47241037142420,"fiber_id":47241050325380,"process_id":6941,"file":"/var/vcap/packages/dea_next/lib/dea/utils/hm9000.rb","lineno":29,"method":"send_heartbeat"}

2016-09-29T20:03:06.983937+00:00 fc52b791-0068-48d0-b63d-a9600b8fa32e - - - [NXLOG@14506 bosh_deployment="cf-warden" bosh_job_name="runner_z1" bosh_job_index="0" filename="/var/vcap/data/sys/log/dea_next/dea_next.log"] {"timestamp":1475179381.7540057,"message":"hm9000.heartbeat.accepted","log_level":"debug","source":"Dea::Bootstrap","data":{},"thread_id":47241047596740,"fiber_id":47241049126240,"process_id":6941,"file":"/var/vcap/packages/dea_next/lib/dea/utils/hm9000.rb","lineno":49,"method":"handle_http_response"}

2016-09-29T20:03:06.984004+00:00 fc52b791-0068-48d0-b63d-a9600b8fa32e - - - [NXLOG@14506 bosh_deployment="cf-warden" bosh_job_name="runner_z1" bosh_job_index="0" filename="/var/vcap/data/sys/log/dea_next/dea_next.log"] {"timestamp":1475179386.0845723,"message":"Reaping orphaned containers","log_level":"debug","source":"Dea::Bootstrap","data":{},"thread_id":47241037142420,"fiber_id":47241050325380,"process_id":6941,"file":"/var/vcap/packages/dea_next/lib/dea/bootstrap.rb","lineno":236,"method":"reap_orphaned_containers"}

2016-09-29T20:03:07.115830+00:00 152ab062-1f32-4789-910a-13bdc79651b2 - - - [NXLOG@14506 bosh_deployment="cf-warden" bosh_job_name="hm9000_z1" bosh_job_index="0" filename="/var/vcap/data/sys/log/hm9000/hm9000_listener.log"] {"timestamp":"1475179381.753196955","source":"listener","message":"listener.Received a heartbeat","log_level":1,"data":{"Heartbeats Pending Save":"1"}}

2016-09-29T20:03:07.115962+00:00 152ab062-1f32-4789-910a-13bdc79651b2 - - - [NXLOG@14506 bosh_deployment="cf-warden" bosh_job_name="hm9000_z1" bosh_job_index="0" filename="/var/vcap/data/sys/log/hm9000/hm9000_listener.log"] {"timestamp":"1475179381.816029072","source":"listener","message":"listener.Saving Heartbeats","log_level":1,"data":{"Heartbeats to Save":"1"}}

2016-09-29T20:03:07.116007+00:00 152ab062-1f32-4789-910a-13bdc79651b2 - - - [NXLOG@14506 bosh_deployment="cf-warden" bosh_job_name="hm9000_z1" bosh_job_index="0" filename="/var/vcap/data/sys/log/hm9000/hm9000_listener.log"] {"timestamp":"1475179381.825463295","source":"listener","message":"listener.Bumped freshness","log_level":1,"data":{}}

2016-09-29T20:03:07.116043+00:00 152ab062-1f32-4789-910a-13bdc79651b2 - - - [NXLOG@14506 bosh_deployment="cf-warden" bosh_job_name="hm9000_z1" bosh_job_index="0" filename="/var/vcap/data/sys/log/hm9000/hm9000_listener.log"] {"timestamp":"1475179381.825673103","source":"listener","message":"listener.Saved Heartbeats","log_level":1,"data":{"Duration":"9.568584ms","Heartbeats to Save":"1"}}

2016-09-29T20:03:07.116080+00:00 152ab062-1f32-4789-910a-13bdc79651b2 - - - [NXLOG@14506 bosh_deployment="cf-warden" bosh_job_name="hm9000_z1" bosh_job_index="0" filename="/var/vcap/data/sys/log/route_registrar/route_registrar.stdout.log"] {"timestamp":"1475179382.324323416","source":"Route Registrar","message":"Route Registrar.no healthchecker found for route","log_level":1,"data":{"route":{"Name":"hm9000","Port":5155,"Tags":{"component":"HM9K"},"URIs":["hm9000.bosh-lite.com"],"RouteServiceUrl":"","RegistrationInterval":20000000000,"HealthCheck":null}}}

2016-09-29T20:03:07.116116+00:00 152ab062-1f32-4789-910a-13bdc79651b2 - - - [NXLOG@14506 bosh_deployment="cf-warden" bosh_job_name="hm9000_z1" bosh_job_index="0" filename="/var/vcap/data/sys/log/route_registrar/route_registrar.stdout.log"] {"timestamp":"1475179382.324450731","source":"Route Registrar","message":"Route Registrar.Registering route","log_level":1,"data":{"route":{"Name":"hm9000","Port":5155,"Tags":{"component":"HM9K"},"URIs":["hm9000.bosh-lite.com"],"RouteServiceUrl":"","RegistrationInterval":20000000000,"HealthCheck":null}}}

2016-09-29T20:03:07.116152+00:00 152ab062-1f32-4789-910a-13bdc79651b2 - - - [NXLOG@14506 bosh_deployment="cf-warden" bosh_job_name="hm9000_z1" bosh_job_index="0" filename="/var/vcap/data/sys/log/route_registrar/route_registrar.stdout.log"] {"timestamp":"1475179382.324527979","source":"Route Registrar","message":"Route Registrar.Registered routes successfully","log_level":1,"data":{}}

2016-09-29T20:03:07.117342+00:00 05bf1627-ae2f-400c-b1ce-31973a9ff23f - - - [NXLOG@14506 bosh_deployment="cf-warden" bosh_job_name="uaa_z1" bosh_job_index="0" filename="/var/vcap/data/sys/log/uaa/localhost_access.log"] 127.0.0.1 - - [29/Sep/2016:20:02:50 +0000] "GET /healthz HTTP/1.1" 200 3

2016-09-29T20:03:07.117424+00:00 05bf1627-ae2f-400c-b1ce-31973a9ff23f - - - [NXLOG@14506 bosh_deployment="cf-warden" bosh_job_name="uaa_z1" bosh_job_index="0" filename="/var/vcap/data/sys/log/uaa/localhost_access.log"] 127.0.0.1 - - [29/Sep/2016:20:02:50 +0000] "GET /healthz HTTP/1.1" 200 3

2016-09-29T20:03:07.117490+00:00 05bf1627-ae2f-400c-b1ce-31973a9ff23f - - - [NXLOG@14506 bosh_deployment="cf-warden" bosh_job_name="uaa_z1" bosh_job_index="0" filename="/var/vcap/data/sys/log/uaa/localhost_access.log"] 127.0.0.1 - - [29/Sep/2016:20:02:54 +0000] "GET /healthz HTTP/1.1" 200 3

2016-09-29T20:03:07.117613+00:00 05bf1627-ae2f-400c-b1ce-31973a9ff23f - - - [NXLOG@14506 bosh_deployment="cf-warden" bosh_job_name="uaa_z1" bosh_job_index="0" filename="/var/vcap/data/sys/log/route_registrar/route_registrar.stdout.log"] {"timestamp":"1475179378.808242321","source":"Route Registrar","message":"Route Registrar.Executing script","log_level":1,"data":{"scriptPath":"/var/vcap/jobs/uaa/bin/health_check"}}

2016-09-29T20:03:07.117674+00:00 05bf1627-ae2f-400c-b1ce-31973a9ff23f - - - [NXLOG@14506 bosh_deployment="cf-warden" bosh_job_name="uaa_z1" bosh_job_index="0" filename="/var/vcap/data/sys/log/route_registrar/route_registrar.stdout.log"] {"timestamp":"1475179378.819066525","source":"Route Registrar","message":"Route Registrar.Script exited without error","log_level":1,"data":{"script":"/var/vcap/jobs/uaa/bin/health_check","stderr":"  % Total    % Received % Xferd  Average Speed   Time    Time     Time  Current\n                                 Dload  Upload   Total   Spent    Left  Speed\n\r  0     0    0     0    0     0      0      0 --:--:-- --:--:-- --:--:--     0\r100     3  100     3    0     0   2247      0 --:--:-- --:--:-- --:--:--  3000\n","stdout":""}}

2016-09-29T20:03:07.117798+00:00 05bf1627-ae2f-400c-b1ce-31973a9ff23f - - - [NXLOG@14506 bosh_deployment="cf-warden" bosh_job_name="uaa_z1" bosh_job_index="0" filename="/var/vcap/data/sys/log/route_registrar/route_registrar.stdout.log"] {"timestamp":"1475179378.819204092","source":"Route Registrar","message":"Route Registrar.healthchecker returned healthy for route","log_level":1,"data":{"route":{"Name":"uaa","Port":8080,"Tags":{"component":"uaa"},"URIs":["uaa.bosh-lite.com","*.uaa.bosh-lite.com","login.bosh-lite.com","*.login.bosh-lite.com"],"RouteServiceUrl":"","RegistrationInterval":4000000000,"HealthCheck":{"Name":"uaa-healthcheck","ScriptPath":"/var/vcap/jobs/uaa/bin/health_check","Timeout":2000000000}}}}

2016-09-29T20:03:07.117852+00:00 05bf1627-ae2f-400c-b1ce-31973a9ff23f - - - [NXLOG@14506 bosh_deployment="cf-warden" bosh_job_name="uaa_z1" bosh_job_index="0" filename="/var/vcap/data/sys/log/route_registrar/route_registrar.stdout.log"] {"timestamp":"1475179378.819264412","source":"Route Registrar","message":"Route Registrar.Registering route","log_level":1,"data":{"route":{"Name":"uaa","Port":8080,"Tags":{"component":"uaa"},"URIs":["uaa.bosh-lite.com","*.uaa.bosh-lite.com","login.bosh-lite.com","*.login.bosh-lite.com"],"RouteServiceUrl":"","RegistrationInterval":4000000000,"HealthCheck":{"Name":"uaa-healthcheck","ScriptPath":"/var/vcap/jobs/uaa/bin/health_check","Timeout":2000000000}}}}

2016-09-29T20:03:16.984204+00:00 fc52b791-0068-48d0-b63d-a9600b8fa32e - - - [NXLOG@14506 bosh_deployment="cf-warden" bosh_job_name="runner_z1" bosh_job_index="0" filename="/var/vcap/data/sys/log/dea_next/dea_next.log"] {"timestamp":1475179391.7556329,"message":"hm9000.heartbeat.sending","log_level":"debug","source":"Dea::Bootstrap","data":{"destination":"https://listener-hm9000.service.cf.internal:5335/dea/heartbeat"},"thread_id":47241037142420,"fiber_id":47241050325380,"process_id":6941,"file":"/var/vcap/packages/dea_next/lib/dea/utils/hm9000.rb","lineno":29,"method":"send_heartbeat"}

2016-09-29T20:03:16.984425+00:00 fc52b791-0068-48d0-b63d-a9600b8fa32e - - - [NXLOG@14506 bosh_deployment="cf-warden" bosh_job_name="runner_z1" bosh_job_index="0" filename="/var/vcap/data/sys/log/dea_next/dea_next.log"] {"timestamp":1475179391.7709272,"message":"hm9000.heartbeat.accepted","log_level":"debug","source":"Dea::Bootstrap","data":{},"thread_id":47241037002940,"fiber_id":47241047587280,"process_id":6941,"file":"/var/vcap/packages/dea_next/lib/dea/utils/hm9000.rb","lineno":49,"method":"handle_http_response"}

2016-09-29T20:03:17.116699+00:00 f0562343-642f-42d4-aca5-293abe675815 - - - [NXLOG@14506 bosh_deployment="cf-warden" bosh_job_name="blobstore_z1" bosh_job_index="0" filename="/var/vcap/data/sys/log/route_registrar/route_registrar.stdout.log"] {"timestamp":"1475179388.513166904","source":"Route Registrar","message":"Route Registrar.no healthchecker found for route","log_level":1,"data":{"route":{"Name":"blobstore","Port":80,"Tags":{"component":"blobstore"},"URIs":["blobstore.bosh-lite.com"],"RouteServiceUrl":"","RegistrationInterval":20000000000,"HealthCheck":null}}}

2016-09-29T20:03:17.116880+00:00 f0562343-642f-42d4-aca5-293abe675815 - - - [NXLOG@14506 bosh_deployment="cf-warden" bosh_job_name="blobstore_z1" bosh_job_index="0" filename="/var/vcap/data/sys/log/route_registrar/route_registrar.stdout.log"] {"timestamp":"1475179388.513247728","source":"Route Registrar","message":"Route Registrar.Registering route","log_level":1,"data":{"route":{"Name":"blobstore","Port":80,"Tags":{"component":"blobstore"},"URIs":["blobstore.bosh-lite.com"],"RouteServiceUrl":"","RegistrationInterval":20000000000,"HealthCheck":null}}}

2016-09-29T20:03:17.117164+00:00 f0562343-642f-42d4-aca5-293abe675815 - - - [NXLOG@14506 bosh_deployment="cf-warden" bosh_job_name="blobstore_z1" bosh_job_index="0" filename="/var/vcap/data/sys/log/route_registrar/route_registrar.stdout.log"] {"timestamp":"1475179388.513326168","source":"Route Registrar","message":"Route Registrar.Registered routes successfully","log_level":1,"data":{}}

2016-09-29T20:03:17.116750+00:00 152ab062-1f32-4789-910a-13bdc79651b2 - - - [NXLOG@14506 bosh_deployment="cf-warden" bosh_job_name="hm9000_z1" bosh_job_index="0" filename="/var/vcap/data/sys/log/hm9000/hm9000_listener.log"] {"timestamp":"1475179391.770009995","source":"listener","message":"listener.Received a heartbeat","log_level":1,"data":{"Heartbeats Pending Save":"1"}}

2016-09-29T20:03:17.117112+00:00 152ab062-1f32-4789-910a-13bdc79651b2 - - - [NXLOG@14506 bosh_deployment="cf-warden" bosh_job_name="hm9000_z1" bosh_job_index="0" filename="/var/vcap/data/sys/log/hm9000/hm9000_listener.log"] {"timestamp":"1475179391.817075968","source":"listener","message":"listener.Saving Heartbeats","log_level":1,"data":{"Heartbeats to Save":"1"}}

2016-09-29T20:03:17.117281+00:00 152ab062-1f32-4789-910a-13bdc79651b2 - - - [NXLOG@14506 bosh_deployment="cf-warden" bosh_job_name="hm9000_z1" bosh_job_index="0" filename="/var/vcap/data/sys/log/hm9000/hm9000_listener.log"] {"timestamp":"1475179391.824151754","source":"listener","message":"listener.Bumped freshness","log_level":1,"data":{}}

2016-09-29T20:03:17.117446+00:00 152ab062-1f32-4789-910a-13bdc79651b2 - - - [NXLOG@14506 bosh_deployment="cf-warden" bosh_job_name="hm9000_z1" bosh_job_index="0" filename="/var/vcap/data/sys/log/hm9000/hm9000_listener.log"] {"timestamp":"1475179391.824231148","source":"listener","message":"listener.Saved Heartbeats","log_level":1,"data":{"Duration":"7.043959ms","Heartbeats to Save":"1"}}

2016-09-29T20:03:17.119689+00:00 05bf1627-ae2f-400c-b1ce-31973a9ff23f - - - [NXLOG@14506 bosh_deployment="cf-warden" bosh_job_name="uaa_z1" bosh_job_index="0" filename="/var/vcap/data/sys/log/uaa/localhost_access.log"] 127.0.0.1 - - [29/Sep/2016:20:02:58 +0000] "GET /healthz HTTP/1.1" 200 3

2016-09-29T20:03:17.119784+00:00 05bf1627-ae2f-400c-b1ce-31973a9ff23f - - - [NXLOG@14506 bosh_deployment="cf-warden" bosh_job_name="uaa_z1" bosh_job_index="0" filename="/var/vcap/data/sys/log/uaa/localhost_access.log"] 127.0.0.1 - - [29/Sep/2016:20:03:00 +0000] "GET /healthz HTTP/1.1" 200 3

2016-09-29T20:03:17.119836+00:00 05bf1627-ae2f-400c-b1ce-31973a9ff23f - - - [NXLOG@14506 bosh_deployment="cf-warden" bosh_job_name="uaa_z1" bosh_job_index="0" filename="/var/vcap/data/sys/log/uaa/localhost_access.log"] 127.0.0.1 - - [29/Sep/2016:20:03:02 +0000] "GET /healthz HTTP/1.1" 200 3

2016-09-29T20:03:17.119888+00:00 05bf1627-ae2f-400c-b1ce-31973a9ff23f - - - [NXLOG@14506 bosh_deployment="cf-warden" bosh_job_name="uaa_z1" bosh_job_index="0" filename="/var/vcap/data/sys/log/uaa/localhost_access.log"] 127.0.0.1 - - [29/Sep/2016:20:03:06 +0000] "GET /healthz HTTP/1.1" 200 3

2016-09-29T20:03:17.119922+00:00 05bf1627-ae2f-400c-b1ce-31973a9ff23f - - - [NXLOG@14506 bosh_deployment="cf-warden" bosh_job_name="uaa_z1" bosh_job_index="0" filename="/var/vcap/data/sys/log/route_registrar/route_registrar.stdout.log"] {"timestamp":"1475179390.810249329","source":"Route Registrar","message":"Route Registrar.Executing script","log_level":1,"data":{"scriptPath":"/var/vcap/jobs/uaa/bin/health_check"}}

2016-09-29T20:03:17.119955+00:00 05bf1627-ae2f-400c-b1ce-31973a9ff23f - - - [NXLOG@14506 bosh_deployment="cf-warden" bosh_job_name="uaa_z1" bosh_job_index="0" filename="/var/vcap/data/sys/log/route_registrar/route_registrar.stdout.log"] {"timestamp":"1475179390.822230577","source":"Route Registrar","message":"Route Registrar.Script exited without error","log_level":1,"data":{"script":"/var/vcap/jobs/uaa/bin/health_check","stderr":"  % Total    % Received % Xferd  Average Speed   Time    Time     Time  Current\n                                 Dload  Upload   Total   Spent    Left  Speed\n\r  0     0    0     0    0     0      0      0 --:--:-- --:--:-- --:--:--     0\r100     3  100     3    0     0   2546      0 --:--:-- --:--:-- --:--:--  3000\n","stdout":""}}

2016-09-29T20:03:17.119993+00:00 05bf1627-ae2f-400c-b1ce-31973a9ff23f - - - [NXLOG@14506 bosh_deployment="cf-warden" bosh_job_name="uaa_z1" bosh_job_index="0" filename="/var/vcap/data/sys/log/route_registrar/route_registrar.stdout.log"] {"timestamp":"1475179390.822297573","source":"Route Registrar","message":"Route Registrar.healthchecker returned healthy for route","log_level":1,"data":{"route":{"Name":"uaa","Port":8080,"Tags":{"component":"uaa"},"URIs":["uaa.bosh-lite.com","*.uaa.bosh-lite.com","login.bosh-lite.com","*.login.bosh-lite.com"],"RouteServiceUrl":"","RegistrationInterval":4000000000,"HealthCheck":{"Name":"uaa-healthcheck","ScriptPath":"/var/vcap/jobs/uaa/bin/health_check","Timeout":2000000000}}}}

2016-09-29T20:03:17.120029+00:00 05bf1627-ae2f-400c-b1ce-31973a9ff23f - - - [NXLOG@14506 bosh_deployment="cf-warden" bosh_job_name="uaa_z1" bosh_job_index="0" filename="/var/vcap/data/sys/log/route_registrar/route_registrar.stdout.log"] {"timestamp":"1475179390.822322369","source":"Route Registrar","message":"Route Registrar.Registering route","log_level":1,"data":{"route":{"Name":"uaa","Port":8080,"Tags":{"component":"uaa"},"URIs":["uaa.bosh-lite.com","*.uaa.bosh-lite.com","login.bosh-lite.com","*.login.bosh-lite.com"],"RouteServiceUrl":"","RegistrationInterval":4000000000,"HealthCheck":{"Name":"uaa-healthcheck","ScriptPath":"/var/vcap/jobs/uaa/bin/health_check","Timeout":2000000000}}}}

2016-09-29T20:03:17.120063+00:00 05bf1627-ae2f-400c-b1ce-31973a9ff23f - - - [NXLOG@14506 bosh_deployment="cf-warden" bosh_job_name="uaa_z1" bosh_job_index="0" filename="/var/vcap/data/sys/log/route_registrar/route_registrar.stdout.log"] {"timestamp":"1475179390.822377205","source":"Route Registrar","message":"Route Registrar.Registered routes successfully","log_level":1,"data":{}}

2016-09-29T20:03:17.120096+00:00 05bf1627-ae2f-400c-b1ce-31973a9ff23f - - - [NXLOG@14506 bosh_deployment="cf-warden" bosh_job_name="uaa_z1" bosh_job_index="0" filename="/var/vcap/data/sys/log/route_registrar/route_registrar.stdout.log"] {"timestamp":"1475179394.810861588","source":"Route Registrar","message":"Route Registrar.Executing script","log_level":1,"data":{"scriptPath":"/var/vcap/jobs/uaa/bin/health_check"}}

2016-09-29T20:03:17.120128+00:00 05bf1627-ae2f-400c-b1ce-31973a9ff23f - - - [NXLOG@14506 bosh_deployment="cf-warden" bosh_job_name="uaa_z1" bosh_job_index="0" filename="/var/vcap/data/sys/log/route_registrar/route_registrar.stdout.log"] {"timestamp":"1475179394.822674751","source":"Route Registrar","message":"Route Registrar.Script exited without error","log_level":1,"data":{"script":"/var/vcap/jobs/uaa/bin/health_check","stderr":"  % Total    % Received % Xferd  Average Speed   Time    Time     Time  Current\n                                 Dload  Upload   Total   Spent    Left  Speed\n\r  0     0    0     0    0     0      0      0 --:--:-- --:--:-- --:--:--     0\r100     3  100     3    0     0   1548      0 --:--:-- --:--:-- --:--:--  3000\n","stdout":""}}

2016-09-29T20:03:17.120162+00:00 05bf1627-ae2f-400c-b1ce-31973a9ff23f - - - [NXLOG@14506 bosh_deployment="cf-warden" bosh_job_name="uaa_z1" bosh_job_index="0" filename="/var/vcap/data/sys/log/route_registrar/route_registrar.stdout.log"] {"timestamp":"1475179394.822762728","source":"Route Registrar","message":"Route Registrar.healthchecker returned healthy for route","log_level":1,"data":{"route":{"Name":"uaa","Port":8080,"Tags":{"component":"uaa"},"URIs":["uaa.bosh-lite.com","*.uaa.bosh-lite.com","login.bosh-lite.com","*.login.bosh-lite.com"],"RouteServiceUrl":"","RegistrationInterval":4000000000,"HealthCheck":{"Name":"uaa-healthcheck","ScriptPath":"/var/vcap/jobs/uaa/bin/health_check","Timeout":2000000000}}}}

2016-09-29T20:03:17.120205+00:00 05bf1627-ae2f-400c-b1ce-31973a9ff23f - - - [NXLOG@14506 bosh_deployment="cf-warden" bosh_job_name="uaa_z1" bosh_job_index="0" filename="/var/vcap/data/sys/log/route_registrar/route_registrar.stdout.log"] {"timestamp":"1475179394.822786808","source":"Route Registrar","message":"Route Registrar.Registering route","log_level":1,"data":{"route":{"Name":"uaa","Port":8080,"Tags":{"component":"uaa"},"URIs":["uaa.bosh-lite.com","*.uaa.bosh-lite.com","login.bosh-lite.com","*.login.bosh-lite.com"],"RouteServiceUrl":"","RegistrationInterval":4000000000,"HealthCheck":{"Name":"uaa-healthcheck","ScriptPath":"/var/vcap/jobs/uaa/bin/health_check","Timeout":2000000000}}}}

2016-09-29T20:03:17.120243+00:00 05bf1627-ae2f-400c-b1ce-31973a9ff23f - - - [NXLOG@14506 bosh_deployment="cf-warden" bosh_job_name="uaa_z1" bosh_job_index="0" filename="/var/vcap/data/sys/log/route_registrar/route_registrar.stdout.log"] {"timestamp":"1475179394.822856665","source":"Route Registrar","message":"Route Registrar.Registered routes successfully","log_level":1,"data":{}}

2016-09-29T20:03:17.120276+00:00 05bf1627-ae2f-400c-b1ce-31973a9ff23f - - - [NXLOG@14506 bosh_deployment="cf-warden" bosh_job_name="uaa_z1" bosh_job_index="0" filename="/var/vcap/data/sys/log/uaa/uaa.log"] [2016-09-29 20:03:10.707] uaa - 19013 [http-nio-127.0.0.1-8989-exec-5] .... DEBUG --- AntPathRequestMatcher: Checking match of request : '/healthz'; against '/resources/**'

2016-09-29T20:03:17.120479+00:00 05bf1627-ae2f-400c-b1ce-31973a9ff23f - - - [NXLOG@14506 bosh_deployment="cf-warden" bosh_job_name="uaa_z1" bosh_job_index="0" filename="/var/vcap/data/sys/log/uaa/uaa.log"] [2016-09-29 20:03:10.707] uaa - 19013 [http-nio-127.0.0.1-8989-exec-5] .... DEBUG --- AntPathRequestMatcher: Checking match of request : '/healthz'; against '/square-logo.png'

2016-09-29T20:03:17.120541+00:00 05bf1627-ae2f-400c-b1ce-31973a9ff23f - - - [NXLOG@14506 bosh_deployment="cf-warden" bosh_job_name="uaa_z1" bosh_job_index="0" filename="/var/vcap/data/sys/log/uaa/uaa.log"] [2016-09-29 20:03:10.707] uaa - 19013 [http-nio-127.0.0.1-8989-exec-5] .... DEBUG --- AntPathRequestMatcher: Checking match of request : '/healthz'; against '/info'

2016-09-29T20:03:17.120566+00:00 05bf1627-ae2f-400c-b1ce-31973a9ff23f - - - [NXLOG@14506 bosh_deployment="cf-warden" bosh_job_name="uaa_z1" bosh_job_index="0" filename="/var/vcap/data/sys/log/uaa/uaa.log"] [2016-09-29 20:03:10.707] uaa - 19013 [http-nio-127.0.0.1-8989-exec-5] .... DEBUG --- AntPathRequestMatcher: Checking match of request : '/healthz'; against '/password/**'

2016-09-29T20:03:17.120577+00:00 05bf1627-ae2f-400c-b1ce-31973a9ff23f - - - [NXLOG@14506 bosh_deployment="cf-warden" bosh_job_name="uaa_z1" bosh_job_index="0" filename="/var/vcap/data/sys/log/uaa/uaa.log"] [2016-09-29 20:03:10.707] uaa - 19013 [http-nio-127.0.0.1-8989-exec-5] .... DEBUG --- AntPathRequestMatcher: Checking match of request : '/healthz'; against '/healthz/**'

2016-09-29T20:03:17.120587+00:00 05bf1627-ae2f-400c-b1ce-31973a9ff23f - - - [NXLOG@14506 bosh_deployment="cf-warden" bosh_job_name="uaa_z1" bosh_job_index="0" filename="/var/vcap/data/sys/log/uaa/uaa.log"] [2016-09-29 20:03:10.707] uaa - 19013 [http-nio-127.0.0.1-8989-exec-5] .... DEBUG --- FilterChainProxy: /healthz has an empty filter list

2016-09-29T20:03:17.120596+00:00 05bf1627-ae2f-400c-b1ce-31973a9ff23f - - - [NXLOG@14506 bosh_deployment="cf-warden" bosh_job_name="uaa_z1" bosh_job_index="0" filename="/var/vcap/data/sys/log/uaa/uaa.log"] [2016-09-29 20:03:10.707] uaa - 19013 [http-nio-127.0.0.1-8989-exec-5] .... DEBUG --- DispatcherServlet: DispatcherServlet with name 'spring' processing GET request for [/healthz]

2016-09-29T20:03:17.120657+00:00 05bf1627-ae2f-400c-b1ce-31973a9ff23f - - - [NXLOG@14506 bosh_deployment="cf-warden" bosh_job_name="uaa_z1" bosh_job_index="0" filename="/var/vcap/data/sys/log/uaa/uaa.log"] [2016-09-29 20:03:10.707] uaa - 19013 [http-nio-127.0.0.1-8989-exec-5] .... DEBUG --- DispatcherServlet: Last-Modified value for [/healthz] is: -1

2016-09-29T20:03:17.120683+00:00 05bf1627-ae2f-400c-b1ce-31973a9ff23f - - - [NXLOG@14506 bosh_deployment="cf-warden" bosh_job_name="uaa_z1" bosh_job_index="0" filename="/var/vcap/data/sys/log/uaa/uaa.log"] [2016-09-29 20:03:10.707] uaa - 19013 [http-nio-127.0.0.1-8989-exec-5] .... DEBUG --- RequestResponseBodyMethodProcessor: Written [ok

2016-09-29T20:03:17.120694+00:00 05bf1627-ae2f-400c-b1ce-31973a9ff23f - - - [NXLOG@14506 bosh_deployment="cf-warden" bosh_job_name="uaa_z1" bosh_job_index="0" filename="/var/vcap/data/sys/log/uaa/uaa.log"] ] as "text/plain;charset=ISO-8859-1" using [org.springframework.http.converter.StringHttpMessageConverter@178b2baf]

2016-09-29T20:03:17.120703+00:00 05bf1627-ae2f-400c-b1ce-31973a9ff23f - - - [NXLOG@14506 bosh_deployment="cf-warden" bosh_job_name="uaa_z1" bosh_job_index="0" filename="/var/vcap/data/sys/log/uaa/uaa.log"] [2016-09-29 20:03:10.707] uaa - 19013 [http-nio-127.0.0.1-8989-exec-5] .... DEBUG --- DispatcherServlet: Null ModelAndView returned to DispatcherServlet with name 'spring': assuming HandlerAdapter completed request handling

2016-09-29T20:03:17.120713+00:00 05bf1627-ae2f-400c-b1ce-31973a9ff23f - - - [NXLOG@14506 bosh_deployment="cf-warden" bosh_job_name="uaa_z1" bosh_job_index="0" filename="/var/vcap/data/sys/log/uaa/uaa.log"] [2016-09-29 20:03:10.707] uaa - 19013 [http-nio-127.0.0.1-8989-exec-5] .... DEBUG --- DispatcherServlet: Successfully completed request

2016-09-29T20:03:17.120733+00:00 05bf1627-ae2f-400c-b1ce-31973a9ff23f - - - [NXLOG@14506 bosh_deployment="cf-warden" bosh_job_name="uaa_z1" bosh_job_index="0" filename="/var/vcap/data/sys/log/uaa/uaa.log"] [2016-09-29 20:03:10.820] uaa - 19013 [http-nio-127.0.0.1-8989-exec-6] .... DEBUG --- AntPathRequestMatcher: Checking match of request : '/healthz'; against '/resources/**'

2016-09-29T20:03:17.120743+00:00 05bf1627-ae2f-400c-b1ce-31973a9ff23f - - - [NXLOG@14506 bosh_deployment="cf-warden" bosh_job_name="uaa_z1" bosh_job_index="0" filename="/var/vcap/data/sys/log/uaa/uaa.log"] [2016-09-29 20:03:10.820] uaa - 19013 [http-nio-127.0.0.1-8989-exec-6] .... DEBUG --- AntPathRequestMatcher: Checking match of request : '/healthz'; against '/square-logo.png'

2016-09-29T20:03:17.120753+00:00 05bf1627-ae2f-400c-b1ce-31973a9ff23f - - - [NXLOG@14506 bosh_deployment="cf-warden" bosh_job_name="uaa_z1" bosh_job_index="0" filename="/var/vcap/data/sys/log/uaa/uaa.log"] [2016-09-29 20:03:10.820] uaa - 19013 [http-nio-127.0.0.1-8989-exec-6] .... DEBUG --- AntPathRequestMatcher: Checking match of request : '/healthz'; against '/info'

2016-09-29T20:03:17.120763+00:00 05bf1627-ae2f-400c-b1ce-31973a9ff23f - - - [NXLOG@14506 bosh_deployment="cf-warden" bosh_job_name="uaa_z1" bosh_job_index="0" filename="/var/vcap/data/sys/log/uaa/uaa.log"] [2016-09-29 20:03:10.820] uaa - 19013 [http-nio-127.0.0.1-8989-exec-6] .... DEBUG --- AntPathRequestMatcher: Checking match of request : '/healthz'; against '/password/**'

2016-09-29T20:03:17.120783+00:00 05bf1627-ae2f-400c-b1ce-31973a9ff23f - - - [NXLOG@14506 bosh_deployment="cf-warden" bosh_job_name="uaa_z1" bosh_job_index="0" filename="/var/vcap/data/sys/log/uaa/uaa.log"] [2016-09-29 20:03:10.820] uaa - 19013 [http-nio-127.0.0.1-8989-exec-6] .... DEBUG --- AntPathRequestMatcher: Checking match of request : '/healthz'; against '/healthz/**'

2016-09-29T20:03:17.120822+00:00 05bf1627-ae2f-400c-b1ce-31973a9ff23f - - - [NXLOG@14506 bosh_deployment="cf-warden" bosh_job_name="uaa_z1" bosh_job_index="0" filename="/var/vcap/data/sys/log/uaa/uaa.log"] [2016-09-29 20:03:10.820] uaa - 19013 [http-nio-127.0.0.1-8989-exec-6] .... DEBUG --- FilterChainProxy: /healthz has an empty filter list

2016-09-29T20:03:17.120833+00:00 05bf1627-ae2f-400c-b1ce-31973a9ff23f - - - [NXLOG@14506 bosh_deployment="cf-warden" bosh_job_name="uaa_z1" bosh_job_index="0" filename="/var/vcap/data/sys/log/uaa/uaa.log"] [2016-09-29 20:03:10.820] uaa - 19013 [http-nio-127.0.0.1-8989-exec-6] .... DEBUG --- DispatcherServlet: DispatcherServlet with name 'spring' processing GET request for [/healthz]

2016-09-29T20:03:17.120838+00:00 05bf1627-ae2f-400c-b1ce-31973a9ff23f - - - [NXLOG@14506 bosh_deployment="cf-warden" bosh_job_name="uaa_z1" bosh_job_index="0" filename="/var/vcap/data/sys/log/uaa/uaa.log"] [2016-09-29 20:03:10.820] uaa - 19013 [http-nio-127.0.0.1-8989-exec-6] .... DEBUG --- DispatcherServlet: Last-Modified value for [/healthz] is: -1

2016-09-29T20:03:17.120847+00:00 05bf1627-ae2f-400c-b1ce-31973a9ff23f - - - [NXLOG@14506 bosh_deployment="cf-warden" bosh_job_name="uaa_z1" bosh_job_index="0" filename="/var/vcap/data/sys/log/uaa/uaa.log"] [2016-09-29 20:03:10.820] uaa - 19013 [http-nio-127.0.0.1-8989-exec-6] .... DEBUG --- RequestResponseBodyMethodProcessor: Written [ok

2016-09-29T20:03:17.120856+00:00 05bf1627-ae2f-400c-b1ce-31973a9ff23f - - - [NXLOG@14506 bosh_deployment="cf-warden" bosh_job_name="uaa_z1" bosh_job_index="0" filename="/var/vcap/data/sys/log/uaa/uaa.log"] ] as "text/plain;charset=ISO-8859-1" using [org.springframework.http.converter.StringHttpMessageConverter@178b2baf]

2016-09-29T20:03:17.120879+00:00 05bf1627-ae2f-400c-b1ce-31973a9ff23f - - - [NXLOG@14506 bosh_deployment="cf-warden" bosh_job_name="uaa_z1" bosh_job_index="0" filename="/var/vcap/data/sys/log/uaa/uaa.log"] [2016-09-29 20:03:10.820] uaa - 19013 [http-nio-127.0.0.1-8989-exec-6] .... DEBUG --- DispatcherServlet: Null ModelAndView returned to DispatcherServlet with name 'spring': assuming HandlerAdapter completed request handling

2016-09-29T20:03:17.120904+00:00 05bf1627-ae2f-400c-b1ce-31973a9ff23f - - - [NXLOG@14506 bosh_deployment="cf-warden" bosh_job_name="uaa_z1" bosh_job_index="0" filename="/var/vcap/data/sys/log/uaa/uaa.log"] [2016-09-29 20:03:10.820] uaa - 19013 [http-nio-127.0.0.1-8989-exec-6] .... DEBUG --- DispatcherServlet: Successfully completed request

2016-09-29T20:03:17.120915+00:00 05bf1627-ae2f-400c-b1ce-31973a9ff23f - - - [NXLOG@14506 bosh_deployment="cf-warden" bosh_job_name="uaa_z1" bosh_job_index="0" filename="/var/vcap/data/sys/log/uaa/uaa.log"] [2016-09-29 20:03:11.156] uaa - 19013 [pool-2-thread-1] .... DEBUG --- JdbcTemplate: Executing SQL query [select count(*) from oauth_client_details]

2016-09-29T20:03:17.120940+00:00 05bf1627-ae2f-400c-b1ce-31973a9ff23f - - - [NXLOG@14506 bosh_deployment="cf-warden" bosh_job_name="uaa_z1" bosh_job_index="0" filename="/var/vcap/data/sys/log/uaa/uaa.log"] [2016-09-29 20:03:11.157] uaa - 19013 [pool-2-thread-1] .... DEBUG --- JdbcTemplate: Executing SQL query [select count(*) from users]

2016-09-29T20:03:17.121338+00:00 05bf1627-ae2f-400c-b1ce-31973a9ff23f - - - [NXLOG@14506 bosh_deployment="cf-warden" bosh_job_name="uaa_z1" bosh_job_index="0" filename="/var/vcap/data/sys/log/uaa/uaa.log"] [2016-09-29 20:03:14.820] uaa - 19013 [http-nio-127.0.0.1-8989-exec-7] .... DEBUG --- AntPathRequestMatcher: Checking match of request : '/healthz'; against '/resources/**'

2016-09-29T20:03:17.121364+00:00 05bf1627-ae2f-400c-b1ce-31973a9ff23f - - - [NXLOG@14506 bosh_deployment="cf-warden" bosh_job_name="uaa_z1" bosh_job_index="0" filename="/var/vcap/data/sys/log/uaa/uaa.log"] [2016-09-29 20:03:14.821] uaa - 19013 [http-nio-127.0.0.1-8989-exec-7] .... DEBUG --- AntPathRequestMatcher: Checking match of request : '/healthz'; against '/square-logo.png'

2016-09-29T20:03:17.121376+00:00 05bf1627-ae2f-400c-b1ce-31973a9ff23f - - - [NXLOG@14506 bosh_deployment="cf-warden" bosh_job_name="uaa_z1" bosh_job_index="0" filename="/var/vcap/data/sys/log/uaa/uaa.log"] [2016-09-29 20:03:14.821] uaa - 19013 [http-nio-127.0.0.1-8989-exec-7] .... DEBUG --- AntPathRequestMatcher: Checking match of request : '/healthz'; against '/info'

2016-09-29T20:03:17.121402+00:00 05bf1627-ae2f-400c-b1ce-31973a9ff23f - - - [NXLOG@14506 bosh_deployment="cf-warden" bosh_job_name="uaa_z1" bosh_job_index="0" filename="/var/vcap/data/sys/log/uaa/uaa.log"] [2016-09-29 20:03:14.821] uaa - 19013 [http-nio-127.0.0.1-8989-exec-7] .... DEBUG --- AntPathRequestMatcher: Checking match of request : '/healthz'; against '/password/**'

2016-09-29T20:03:17.121455+00:00 05bf1627-ae2f-400c-b1ce-31973a9ff23f - - - [NXLOG@14506 bosh_deployment="cf-warden" bosh_job_name="uaa_z1" bosh_job_index="0" filename="/var/vcap/data/sys/log/uaa/uaa.log"] [2016-09-29 20:03:14.821] uaa - 19013 [http-nio-127.0.0.1-8989-exec-7] .... DEBUG --- AntPathRequestMatcher: Checking match of request : '/healthz'; against '/healthz/**'

2016-09-29T20:03:17.121468+00:00 05bf1627-ae2f-400c-b1ce-31973a9ff23f - - - [NXLOG@14506 bosh_deployment="cf-warden" bosh_job_name="uaa_z1" bosh_job_index="0" filename="/var/vcap/data/sys/log/uaa/uaa.log"] [2016-09-29 20:03:14.821] uaa - 19013 [http-nio-127.0.0.1-8989-exec-7] .... DEBUG --- FilterChainProxy: /healthz has an empty filter list

2016-09-29T20:03:17.121478+00:00 05bf1627-ae2f-400c-b1ce-31973a9ff23f - - - [NXLOG@14506 bosh_deployment="cf-warden" bosh_job_name="uaa_z1" bosh_job_index="0" filename="/var/vcap/data/sys/log/uaa/uaa.log"] [2016-09-29 20:03:14.821] uaa - 19013 [http-nio-127.0.0.1-8989-exec-7] .... DEBUG --- DispatcherServlet: DispatcherServlet with name 'spring' processing GET request for [/healthz]

2016-09-29T20:03:17.121487+00:00 05bf1627-ae2f-400c-b1ce-31973a9ff23f - - - [NXLOG@14506 bosh_deployment="cf-warden" bosh_job_name="uaa_z1" bosh_job_index="0" filename="/var/vcap/data/sys/log/uaa/uaa.log"] [2016-09-29 20:03:14.821] uaa - 19013 [http-nio-127.0.0.1-8989-exec-7] .... DEBUG --- DispatcherServlet: Last-Modified value for [/healthz] is: -1

2016-09-29T20:03:17.121525+00:00 05bf1627-ae2f-400c-b1ce-31973a9ff23f - - - [NXLOG@14506 bosh_deployment="cf-warden" bosh_job_name="uaa_z1" bosh_job_index="0" filename="/var/vcap/data/sys/log/uaa/uaa.log"] [2016-09-29 20:03:14.821] uaa - 19013 [http-nio-127.0.0.1-8989-exec-7] .... DEBUG --- RequestResponseBodyMethodProcessor: Written [ok

2016-09-29T20:03:17.121536+00:00 05bf1627-ae2f-400c-b1ce-31973a9ff23f - - - [NXLOG@14506 bosh_deployment="cf-warden" bosh_job_name="uaa_z1" bosh_job_index="0" filename="/var/vcap/data/sys/log/uaa/uaa.log"] ] as "text/plain;charset=ISO-8859-1" using [org.springframework.http.converter.StringHttpMessageConverter@178b2baf]

2016-09-29T20:03:17.121559+00:00 05bf1627-ae2f-400c-b1ce-31973a9ff23f - - - [NXLOG@14506 bosh_deployment="cf-warden" bosh_job_name="uaa_z1" bosh_job_index="0" filename="/var/vcap/data/sys/log/uaa/uaa.log"] [2016-09-29 20:03:14.821] uaa - 19013 [http-nio-127.0.0.1-8989-exec-7] .... DEBUG --- DispatcherServlet: Null ModelAndView returned to DispatcherServlet with name 'spring': assuming HandlerAdapter completed request handling

2016-09-29T20:03:17.121570+00:00 05bf1627-ae2f-400c-b1ce-31973a9ff23f - - - [NXLOG@14506 bosh_deployment="cf-warden" bosh_job_name="uaa_z1" bosh_job_index="0" filename="/var/vcap/data/sys/log/uaa/uaa.log"] [2016-09-29 20:03:14.821] uaa - 19013 [http-nio-127.0.0.1-8989-exec-7] .... DEBUG --- DispatcherServlet: Successfully completed request

2016-09-29T20:03:17.121607+00:00 05bf1627-ae2f-400c-b1ce-31973a9ff23f - - - [NXLOG@14506 bosh_deployment="cf-warden" bosh_job_name="uaa_z1" bosh_job_index="0" filename="/var/vcap/data/sys/log/uaa/uaa.log"] [2016-09-29 20:03:16.156] uaa - 19013 [pool-2-thread-1] .... DEBUG --- JdbcTemplate: Executing SQL query [select count(*) from oauth_client_details]

2016-09-29T20:03:17.121619+00:00 05bf1627-ae2f-400c-b1ce-31973a9ff23f - - - [NXLOG@14506 bosh_deployment="cf-warden" bosh_job_name="uaa_z1" bosh_job_index="0" filename="/var/vcap/data/sys/log/uaa/uaa.log"] [2016-09-29 20:03:16.159] uaa - 19013 [pool-2-thread-1] .... DEBUG --- JdbcTemplate: Executing SQL query [select count(*) from users]

2016-09-29T20:03:17.127090+00:00 b0fa19c0-86de-4447-a670-3f7adbd0b3c1 - - - [NXLOG@14506 bosh_deployment="cf-warden" bosh_job_name="api_z1" bosh_job_index="0" filename="/var/vcap/data/sys/log/cloud_controller_worker/cloud_controller_worker.log"] {"timestamp":1475179387.1630993,"message":"(0.000866s) SELECT * FROM \"delayed_jobs\" WHERE ((((\"run_at\" <= '2016-09-29 20:03:07.161440+0000') AND (\"locked_at\" IS NULL)) OR (\"locked_by\" = 'cc_global_worker.api_z1.0.1')) AND (\"failed_at\" IS NULL) AND (\"queue\" IN ('cc-generic'))) ORDER BY \"priority\" ASC, \"run_at\" ASC LIMIT 5","log_level":"debug2","source":"cc.background","data":{},"thread_id":47193737007380,"fiber_id":47193773841900,"process_id":15807,"file":"/var/vcap/packages/cloud_controller_ng/cloud_controller_ng/vendor/bundle/ruby/2.3.0/gems/sequel-4.29.0/lib/sequel/database/logging.rb","lineno":70,"method":"block in log_each"}

2016-09-29T20:03:17.127163+00:00 b0fa19c0-86de-4447-a670-3f7adbd0b3c1 - - - [NXLOG@14506 bosh_deployment="cf-warden" bosh_job_name="api_z1" bosh_job_index="0" filename="/var/vcap/data/sys/log/cloud_controller_worker/cloud_controller_worker.log"] {"timestamp":1475179392.1935093,"message":"(0.000500s) SELECT * FROM \"delayed_jobs\" WHERE ((((\"run_at\" <= '2016-09-29 20:03:12.192184+0000') AND (\"locked_at\" IS NULL)) OR (\"locked_by\" = 'cc_global_worker.api_z1.0.1')) AND (\"failed_at\" IS NULL) AND (\"queue\" IN ('cc-generic'))) ORDER BY \"priority\" ASC, \"run_at\" ASC LIMIT 5","log_level":"debug2","source":"cc.background","data":{},"thread_id":47193737007380,"fiber_id":47193773841900,"process_id":15807,"file":"/var/vcap/packages/cloud_controller_ng/cloud_controller_ng/vendor/bundle/ruby/2.3.0/gems/sequel-4.29.0/lib/sequel/database/logging.rb","lineno":70,"method":"block in log_each"}

2016-09-29T20:03:17.127205+00:00 b0fa19c0-86de-4447-a670-3f7adbd0b3c1 - - - [NXLOG@14506 bosh_deployment="cf-warden" bosh_job_name="api_z1" bosh_job_index="0" filename="/var/vcap/data/sys/log/nginx_cc/nginx.access.log"] 10.244.0.138 - [29/Sep/2016:20:03:07 +0000] "GET /v2/info HTTP/1.1" 200 802 "-" "monit/5.2.5" 10.244.0.138 vcap_request_id:0760eba4-3157-4940-92b1-36c94ee104ba response_time:0.004

2016-09-29T20:03:17.127245+00:00 b0fa19c0-86de-4447-a670-3f7adbd0b3c1 - - - [NXLOG@14506 bosh_deployment="cf-warden" bosh_job_name="api_z1" bosh_job_index="0" filename="/var/vcap/data/sys/log/nginx_cc/nginx.access.log"] api.bosh-lite.com - [29/Sep/2016:20:03:15 +0000] "GET /v2/syslog_drain_urls?batch_size=1000 HTTP/1.1" 200 326 "-" "Go-http-client/1.1" 10.244.0.146, 10.244.0.34, 10.244.0.22 vcap_request_id:9d386d1b-a5cf-4a0b-5a80-c0eb3e5f1725::6ca1e076-b03f-4309-a9a2-0ad5c27cd18b response_time:0.004

2016-09-29T20:03:17.127273+00:00 b0fa19c0-86de-4447-a670-3f7adbd0b3c1 - - - [NXLOG@14506 bosh_deployment="cf-warden" bosh_job_name="api_z1" bosh_job_index="0" filename="/var/vcap/data/sys/log/cloud_controller_ng/cloud_controller_ng.log"] {"timestamp":1475179387.15971,"message":"(0.000618s) SELECT * FROM \"delayed_jobs\" WHERE ((((\"run_at\" <= '2016-09-29 20:03:07.158556+0000') AND (\"locked_at\" IS NULL)) OR (\"locked_by\" = 'cc_api_worker.api_z1.0.2')) AND (\"failed_at\" IS NULL) AND (\"queue\" IN ('cc-api_z1-0'))) ORDER BY \"priority\" ASC, \"run_at\" ASC LIMIT 5","log_level":"debug2","source":"cc.background","data":{},"thread_id":47118928261380,"fiber_id":47118965175380,"process_id":15629,"file":"/var/vcap/packages/cloud_controller_ng/cloud_controller_ng/vendor/bundle/ruby/2.3.0/gems/sequel-4.29.0/lib/sequel/database/logging.rb","lineno":70,"method":"block in log_each"}

2016-09-29T20:03:17.127322+00:00 b0fa19c0-86de-4447-a670-3f7adbd0b3c1 - - - [NXLOG@14506 bosh_deployment="cf-warden" bosh_job_name="api_z1" bosh_job_index="0" filename="/var/vcap/data/sys/log/cloud_controller_ng/cloud_controller_ng.log"] {"timestamp":1475179387.169352,"message":"Statsd: cc.requests.outstanding:1|c","log_level":"debug","source":"statsd.client","data":{},"thread_id":47062185509680,"fiber_id":47062175221640,"process_id":15535,"file":"/var/vcap/packages/cloud_controller_ng/cloud_controller_ng/vendor/bundle/ruby/2.3.0/gems/statsd-ruby-1.2.1/lib/statsd.rb","lineno":254,"method":"send_to_socket"}

2016-09-29T20:03:17.127369+00:00 b0fa19c0-86de-4447-a670-3f7adbd0b3c1 - - - [NXLOG@14506 bosh_deployment="cf-warden" bosh_job_name="api_z1" bosh_job_index="0" filename="/var/vcap/data/sys/log/cloud_controller_ng/cloud_controller_ng.log"] {"timestamp":1475179387.170105,"message":"Started GET \"/v2/info\" for user: , ip: 127.0.0.1 with vcap-request-id: 0760eba4-3157-4940-92b1-36c94ee104ba at 2016-09-29 20:03:07 UTC","log_level":"info","source":"cc.api","data":{},"thread_id":47062185509680,"fiber_id":47062175221640,"process_id":15535,"file":"/var/vcap/packages/cloud_controller_ng/cloud_controller_ng/middleware/request_logs.rb","lineno":12,"method":"call"}

2016-09-29T20:03:17.127408+00:00 b0fa19c0-86de-4447-a670-3f7adbd0b3c1 - - - [NXLOG@14506 bosh_deployment="cf-warden" bosh_job_name="api_z1" bosh_job_index="0" filename="/var/vcap/data/sys/log/cloud_controller_ng/cloud_controller_ng.log"] {"timestamp":1475179387.1710613,"message":"dispatch VCAP::CloudController::InfoController get /v2/info","log_level":"debug","source":"cc.api","data":{"request_guid":"0760eba4-3157-4940-92b1-36c94ee104ba"},"thread_id":47062185509680,"fiber_id":47062175221640,"process_id":15535,"file":"/var/vcap/data/packages/cloud_controller_ng/f87cb49aa2cd87792cb9c2211a79e1542502be4d.1-b1a5f3c830cb6c32ae9e685628b24aa967f5ae54/cloud_controller_ng/lib/cloud_controller/rest_controller/routes.rb","lineno":12,"method":"block in define_route"}

2016-09-29T20:03:17.127446+00:00 b0fa19c0-86de-4447-a670-3f7adbd0b3c1 - - - [NXLOG@14506 bosh_deployment="cf-warden" bosh_job_name="api_z1" bosh_job_index="0" filename="/var/vcap/data/sys/log/cloud_controller_ng/cloud_controller_ng.log"] {"timestamp":1475179387.1712348,"message":"parse_params: {} ","log_level":"debug","source":"cc.api","data":{"request_guid":"0760eba4-3157-4940-92b1-36c94ee104ba"},"thread_id":47062185509680,"fiber_id":47062175221640,"process_id":15535,"file":"/var/vcap/data/packages/cloud_controller_ng/f87cb49aa2cd87792cb9c2211a79e1542502be4d.1-b1a5f3c830cb6c32ae9e685628b24aa967f5ae54/cloud_controller_ng/lib/cloud_controller/rest_controller/common_params.rb","lineno":10,"method":"parse"}

2016-09-29T20:03:17.127484+00:00 b0fa19c0-86de-4447-a670-3f7adbd0b3c1 - - - [NXLOG@14506 bosh_deployment="cf-warden" bosh_job_name="api_z1" bosh_job_index="0" filename="/var/vcap/data/sys/log/cloud_controller_ng/cloud_controller_ng.log"] {"timestamp":1475179387.1713314,"message":"cc.dispatch","log_level":"debug","source":"cc.api","data":{"request_guid":"0760eba4-3157-4940-92b1-36c94ee104ba","endpoint":"read","args":[]},"thread_id":47062185509680,"fiber_id":47062175221640,"process_id":15535,"file":"/var/vcap/data/packages/cloud_controller_ng/f87cb49aa2cd87792cb9c2211a79e1542502be4d.1-b1a5f3c830cb6c32ae9e685628b24aa967f5ae54/cloud_controller_ng/app/controllers/base/base_controller.rb","lineno":78,"method":"dispatch"}

2016-09-29T20:03:17.127522+00:00 b0fa19c0-86de-4447-a670-3f7adbd0b3c1 - - - [NXLOG@14506 bosh_deployment="cf-warden" bosh_job_name="api_z1" bosh_job_index="0" filename="/var/vcap/data/sys/log/cloud_controller_ng/cloud_controller_ng.log"] {"timestamp":1475179387.1716413,"message":"Completed 200 vcap-request-id: 0760eba4-3157-4940-92b1-36c94ee104ba","log_level":"info","source":"cc.api","data":{},"thread_id":47062185509680,"fiber_id":47062175221640,"process_id":15535,"file":"/var/vcap/packages/cloud_controller_ng/cloud_controller_ng/middleware/request_logs.rb","lineno":24,"method":"call"}

2016-09-29T20:03:17.127559+00:00 b0fa19c0-86de-4447-a670-3f7adbd0b3c1 - - - [NXLOG@14506 bosh_deployment="cf-warden" bosh_job_name="api_z1" bosh_job_index="0" filename="/var/vcap/data/sys/log/cloud_controller_ng/cloud_controller_ng.log"] {"timestamp":1475179387.1717584,"message":"Statsd: cc.requests.outstanding:-1|c\ncc.requests.completed:1|c\ncc.http_status.2XX:1|c","log_level":"debug","source":"statsd.client","data":{},"thread_id":47062185509680,"fiber_id":47062175221640,"process_id":15535,"file":"/var/vcap/packages/cloud_controller_ng/cloud_controller_ng/vendor/bundle/ruby/2.3.0/gems/statsd-ruby-1.2.1/lib/statsd.rb","lineno":254,"method":"send_to_socket"}

2016-09-29T20:03:17.127597+00:00 b0fa19c0-86de-4447-a670-3f7adbd0b3c1 - - - [NXLOG@14506 bosh_deployment="cf-warden" bosh_job_name="api_z1" bosh_job_index="0" filename="/var/vcap/data/sys/log/cloud_controller_ng/cloud_controller_ng.log"] {"timestamp":1475179388.4402852,"message":"(0.000523s) SELECT * FROM \"delayed_jobs\" WHERE ((((\"run_at\" <= '2016-09-29 20:03:08.439208+0000') AND (\"locked_at\" IS NULL)) OR (\"locked_by\" = 'cc_api_worker.api_z1.0.1')) AND (\"failed_at\" IS NULL) AND (\"queue\" IN ('cc-api_z1-0'))) ORDER BY \"priority\" ASC, \"run_at\" ASC LIMIT 5","log_level":"debug2","source":"cc.background","data":{},"thread_id":47452862460180,"fiber_id":47452899698480,"process_id":15587,"file":"/var/vcap/packages/cloud_controller_ng/cloud_controller_ng/vendor/bundle/ruby/2.3.0/gems/sequel-4.29.0/lib/sequel/database/logging.rb","lineno":70,"method":"block in log_each"}

2016-09-29T20:03:17.127636+00:00 b0fa19c0-86de-4447-a670-3f7adbd0b3c1 - - - [NXLOG@14506 bosh_deployment="cf-warden" bosh_job_name="api_z1" bosh_job_index="0" filename="/var/vcap/data/sys/log/cloud_controller_ng/cloud_controller_ng.log"] {"timestamp":1475179392.178613,"message":"(0.000627s) SELECT * FROM \"delayed_jobs\" WHERE ((((\"run_at\" <= '2016-09-29 20:03:12.177457+0000') AND (\"locked_at\" IS NULL)) OR (\"locked_by\" = 'cc_api_worker.api_z1.0.2')) AND (\"failed_at\" IS NULL) AND (\"queue\" IN ('cc-api_z1-0'))) ORDER BY \"priority\" ASC, \"run_at\" ASC LIMIT 5","log_level":"debug2","source":"cc.background","data":{},"thread_id":47118928261380,"fiber_id":47118965175380,"process_id":15629,"file":"/var/vcap/packages/cloud_controller_ng/cloud_controller_ng/vendor/bundle/ruby/2.3.0/gems/sequel-4.29.0/lib/sequel/database/logging.rb","lineno":70,"method":"block in log_each"}

2016-09-29T20:03:17.127684+00:00 b0fa19c0-86de-4447-a670-3f7adbd0b3c1 - - - [NXLOG@14506 bosh_deployment="cf-warden" bosh_job_name="api_z1" bosh_job_index="0" filename="/var/vcap/data/sys/log/cloud_controller_ng/cloud_controller_ng.log"] {"timestamp":1475179393.4601908,"message":"(0.000491s) SELECT * FROM \"delayed_jobs\" WHERE ((((\"run_at\" <= '2016-09-29 20:03:13.459189+0000') AND (\"locked_at\" IS NULL)) OR (\"locked_by\" = 'cc_api_worker.api_z1.0.1')) AND (\"failed_at\" IS NULL) AND (\"queue\" IN ('cc-api_z1-0'))) ORDER BY \"priority\" ASC, \"run_at\" ASC LIMIT 5","log_level":"debug2","source":"cc.background","data":{},"thread_id":47452862460180,"fiber_id":47452899698480,"process_id":15587,"file":"/var/vcap/packages/cloud_controller_ng/cloud_controller_ng/vendor/bundle/ruby/2.3.0/gems/sequel-4.29.0/lib/sequel/database/logging.rb","lineno":70,"method":"block in log_each"}

2016-09-29T20:03:17.127722+00:00 b0fa19c0-86de-4447-a670-3f7adbd0b3c1 - - - [NXLOG@14506 bosh_deployment="cf-warden" bosh_job_name="api_z1" bosh_job_index="0" filename="/var/vcap/data/sys/log/cloud_controller_ng/cloud_controller_ng.log"] {"timestamp":1475179395.9070208,"message":"Statsd: cc.requests.outstanding:1|c","log_level":"debug","source":"statsd.client","data":{},"thread_id":47062185511380,"fiber_id":47062167101080,"process_id":15535,"file":"/var/vcap/packages/cloud_controller_ng/cloud_controller_ng/vendor/bundle/ruby/2.3.0/gems/statsd-ruby-1.2.1/lib/statsd.rb","lineno":254,"method":"send_to_socket"}

2016-09-29T20:03:17.127760+00:00 b0fa19c0-86de-4447-a670-3f7adbd0b3c1 - - - [NXLOG@14506 bosh_deployment="cf-warden" bosh_job_name="api_z1" bosh_job_index="0" filename="/var/vcap/data/sys/log/cloud_controller_ng/cloud_controller_ng.log"] {"timestamp":1475179395.9077358,"message":"Started GET \"/v2/syslog_drain_urls?batch_size=1000\" for user: , ip: 127.0.0.1 with vcap-request-id: 9d386d1b-a5cf-4a0b-5a80-c0eb3e5f1725::6ca1e076-b03f-4309-a9a2-0ad5c27cd18b at 2016-09-29 20:03:15 UTC","log_level":"info","source":"cc.api","data":{},"thread_id":47062185511380,"fiber_id":47062167101080,"process_id":15535,"file":"/var/vcap/packages/cloud_controller_ng/cloud_controller_ng/middleware/request_logs.rb","lineno":12,"method":"call"}

2016-09-29T20:03:17.127792+00:00 b0fa19c0-86de-4447-a670-3f7adbd0b3c1 - - - [NXLOG@14506 bosh_deployment="cf-warden" bosh_job_name="api_z1" bosh_job_index="0" filename="/var/vcap/data/sys/log/cloud_controller_ng/cloud_controller_ng.log"] {"timestamp":1475179395.9083953,"message":"dispatch VCAP::CloudController::SyslogDrainUrlsController get /v2/syslog_drain_urls","log_level":"debug","source":"cc.api","data":{"request_guid":"9d386d1b-a5cf-4a0b-5a80-c0eb3e5f1725::6ca1e076-b03f-4309-a9a2-0ad5c27cd18b"},"thread_id":47062185511380,"fiber_id":47062167101080,"process_id":15535,"file":"/var/vcap/data/packages/cloud_controller_ng/f87cb49aa2cd87792cb9c2211a79e1542502be4d.1-b1a5f3c830cb6c32ae9e685628b24aa967f5ae54/cloud_controller_ng/lib/cloud_controller/rest_controller/routes.rb","lineno":12,"method":"block in define_route"}

2016-09-29T20:03:17.127803+00:00 b0fa19c0-86de-4447-a670-3f7adbd0b3c1 - - - [NXLOG@14506 bosh_deployment="cf-warden" bosh_job_name="api_z1" bosh_job_index="0" filename="/var/vcap/data/sys/log/cloud_controller_ng/cloud_controller_ng.log"] {"timestamp":1475179395.9085855,"message":"parse_params: {\"batch_size\"=>\"1000\"} batch_size=1000","log_level":"debug","source":"cc.api","data":{"request_guid":"9d386d1b-a5cf-4a0b-5a80-c0eb3e5f1725::6ca1e076-b03f-4309-a9a2-0ad5c27cd18b"},"thread_id":47062185511380,"fiber_id":47062167101080,"process_id":15535,"file":"/var/vcap/data/packages/cloud_controller_ng/f87cb49aa2cd87792cb9c2211a79e1542502be4d.1-b1a5f3c830cb6c32ae9e685628b24aa967f5ae54/cloud_controller_ng/lib/cloud_controller/rest_controller/common_params.rb","lineno":10,"method":"parse"}

2016-09-29T20:03:17.127833+00:00 b0fa19c0-86de-4447-a670-3f7adbd0b3c1 - - - [NXLOG@14506 bosh_deployment="cf-warden" bosh_job_name="api_z1" bosh_job_index="0" filename="/var/vcap/data/sys/log/cloud_controller_ng/cloud_controller_ng.log"] {"timestamp":1475179395.9087503,"message":"cc.dispatch","log_level":"debug","source":"cc.api","data":{"request_guid":"9d386d1b-a5cf-4a0b-5a80-c0eb3e5f1725::6ca1e076-b03f-4309-a9a2-0ad5c27cd18b","endpoint":"list","args":[]},"thread_id":47062185511380,"fiber_id":47062167101080,"process_id":15535,"file":"/var/vcap/data/packages/cloud_controller_ng/f87cb49aa2cd87792cb9c2211a79e1542502be4d.1-b1a5f3c830cb6c32ae9e685628b24aa967f5ae54/cloud_controller_ng/app/controllers/base/base_controller.rb","lineno":78,"method":"dispatch"}

2016-09-29T20:03:17.127844+00:00 b0fa19c0-86de-4447-a670-3f7adbd0b3c1 - - - [NXLOG@14506 bosh_deployment="cf-warden" bosh_job_name="api_z1" bosh_job_index="0" filename="/var/vcap/data/sys/log/cloud_controller_ng/cloud_controller_ng.log"] {"timestamp":1475179395.910086,"message":"(0.000820s) SELECT \"apps\".\"guid\", string_agg(\"service_bindings\".\"syslog_drain_url\", ',') AS \"syslog_drain_urls\" FROM \"apps\" INNER JOIN \"service_bindings\" ON (\"service_bindings\".\"app_id\" = \"apps\".\"id\") WHERE ((syslog_drain_url IS NOT NULL) AND (syslog_drain_url != '')) GROUP BY \"apps\".\"guid\" UNION ALL (SELECT \"apps_v3\".\"guid\", string_agg(\"v3_service_bindings\".\"syslog_drain_url\", ',') AS \"syslog_drain_urls\" FROM \"apps_v3\" INNER JOIN \"v3_service_bindings\" ON (\"v3_service_bindings\".\"app_id\" = \"apps_v3\".\"id\") WHERE ((syslog_drain_url IS NOT NULL) AND (syslog_drain_url != '')) GROUP BY \"apps_v3\".\"guid\") ORDER BY \"guid\" LIMIT 1000 OFFSET 0","log_level":"debug2","source":"cc.db","data":{"request_guid":"9d386d1b-a5cf-4a0b-5a80-c0eb3e5f1725::6ca1e076-b03f-4309-a9a2-0ad5c27cd18b"},"thread_id":47062185511380,"fiber_id":47062167101080,"process_id":15535,"file":"/var/vcap/packages/cloud_controller_ng/cloud_controller_ng/vendor/bundle/ruby/2.3.0/gems/sequel-4.29.0/lib/sequel/database/logging.rb","lineno":70,"method":"block in log_each"}

2016-09-29T20:03:17.127877+00:00 b0fa19c0-86de-4447-a670-3f7adbd0b3c1 - - - [NXLOG@14506 bosh_deployment="cf-warden" bosh_job_name="api_z1" bosh_job_index="0" filename="/var/vcap/data/sys/log/cloud_controller_ng/cloud_controller_ng.log"] {"timestamp":1475179395.9104884,"message":"Completed 200 vcap-request-id: 9d386d1b-a5cf-4a0b-5a80-c0eb3e5f1725::6ca1e076-b03f-4309-a9a2-0ad5c27cd18b","log_level":"info","source":"cc.api","data":{},"thread_id":47062185511380,"fiber_id":47062167101080,"process_id":15535,"file":"/var/vcap/packages/cloud_controller_ng/cloud_controller_ng/middleware/request_logs.rb","lineno":24,"method":"call"}

2016-09-29T20:03:17.127907+00:00 b0fa19c0-86de-4447-a670-3f7adbd0b3c1 - - - [NXLOG@14506 bosh_deployment="cf-warden" bosh_job_name="api_z1" bosh_job_index="0" filename="/var/vcap/data/sys/log/cloud_controller_ng/cloud_controller_ng.log"] {"timestamp":1475179395.9106655,"message":"Statsd: cc.requests.outstanding:-1|c\ncc.requests.completed:1|c\ncc.http_status.2XX:1|c","log_level":"debug","source":"statsd.client","data":{},"thread_id":47062185511380,"fiber_id":47062167101080,"process_id":15535,"file":"/var/vcap/packages/cloud_controller_ng/cloud_controller_ng/vendor/bundle/ruby/2.3.0/gems/statsd-ruby-1.2.1/lib/statsd.rb","lineno":254,"method":"send_to_socket"}

2016-09-29T20:03:26.974680+00:00 bfc626ef-a2eb-4bad-8f71-fa1d6d0f927f - - - [NXLOG@14506 bosh_deployment="cf-warden" bosh_job_name="loggregator_trafficcontroller_z1" bosh_job_index="0" filename="/var/vcap/data/sys/log/route_registrar/route_registrar.stdout.log"] {"timestamp":"1475179406.733414650","source":"Route Registrar","message":"Route Registrar.no healthchecker found for route","log_level":1,"data":{"route":{"Name":"loggregator","Port":8080,"Tags":null,"URIs":["loggregator.bosh-lite.com"],"RouteServiceUrl":"","RegistrationInterval":20000000000,"HealthCheck":null}}}

2016-09-29T20:03:26.974783+00:00 bfc626ef-a2eb-4bad-8f71-fa1d6d0f927f - - - [NXLOG@14506 bosh_deployment="cf-warden" bosh_job_name="loggregator_trafficcontroller_z1" bosh_job_index="0" filename="/var/vcap/data/sys/log/route_registrar/route_registrar.stdout.log"] {"timestamp":"1475179406.733519554","source":"Route Registrar","message":"Route Registrar.Registering route","log_level":1,"data":{"route":{"Name":"loggregator","Port":8080,"Tags":null,"URIs":["loggregator.bosh-lite.com"],"RouteServiceUrl":"","RegistrationInterval":20000000000,"HealthCheck":null}}}

2016-09-29T20:03:26.974826+00:00 bfc626ef-a2eb-4bad-8f71-fa1d6d0f927f - - - [NXLOG@14506 bosh_deployment="cf-warden" bosh_job_name="loggregator_trafficcontroller_z1" bosh_job_index="0" filename="/var/vcap/data/sys/log/route_registrar/route_registrar.stdout.log"] {"timestamp":"1475179406.733598471","source":"Route Registrar","message":"Route Registrar.Registered routes successfully","log_level":1,"data":{}}

2016-09-29T20:03:26.974872+00:00 bfc626ef-a2eb-4bad-8f71-fa1d6d0f927f - - - [NXLOG@14506 bosh_deployment="cf-warden" bosh_job_name="loggregator_trafficcontroller_z1" bosh_job_index="0" filename="/var/vcap/data/sys/log/route_registrar/route_registrar.stdout.log"] {"timestamp":"1475179406.733614922","source":"Route Registrar","message":"Route Registrar.no healthchecker found for route","log_level":1,"data":{"route":{"Name":"doppler","Port":8081,"Tags":null,"URIs":["doppler.bosh-lite.com"],"RouteServiceUrl":"","RegistrationInterval":20000000000,"HealthCheck":null}}}

2016-09-29T20:03:26.974915+00:00 bfc626ef-a2eb-4bad-8f71-fa1d6d0f927f - - - [NXLOG@14506 bosh_deployment="cf-warden" bosh_job_name="loggregator_trafficcontroller_z1" bosh_job_index="0" filename="/var/vcap/data/sys/log/route_registrar/route_registrar.stdout.log"] {"timestamp":"1475179406.733631849","source":"Route Registrar","message":"Route Registrar.Registering route","log_level":1,"data":{"route":{"Name":"doppler","Port":8081,"Tags":null,"URIs":["doppler.bosh-lite.com"],"RouteServiceUrl":"","RegistrationInterval":20000000000,"HealthCheck":null}}}

2016-09-29T20:03:26.974984+00:00 bfc626ef-a2eb-4bad-8f71-fa1d6d0f927f - - - [NXLOG@14506 bosh_deployment="cf-warden" bosh_job_name="loggregator_trafficcontroller_z1" bosh_job_index="0" filename="/var/vcap/data/sys/log/route_registrar/route_registrar.stdout.log"] {"timestamp":"1475179406.733672619","source":"Route Registrar","message":"Route Registrar.Registered routes successfully","log_level":1,"data":{}}

2016-09-29T20:03:26.985109+00:00 fc52b791-0068-48d0-b63d-a9600b8fa32e - - - [NXLOG@14506 bosh_deployment="cf-warden" bosh_job_name="runner_z1" bosh_job_index="0" filename="/var/vcap/data/sys/log/dea_next/dea_next.log"] {"timestamp":1475179401.7565906,"message":"hm9000.heartbeat.sending","log_level":"debug","source":"Dea::Bootstrap","data":{"destination":"https://listener-hm9000.service.cf.internal:5335/dea/heartbeat"},"thread_id":47241037142420,"fiber_id":47241050325380,"process_id":6941,"file":"/var/vcap/packages/dea_next/lib/dea/utils/hm9000.rb","lineno":29,"method":"send_heartbeat"}

2016-09-29T20:03:26.985216+00:00 fc52b791-0068-48d0-b63d-a9600b8fa32e - - - [NXLOG@14506 bosh_deployment="cf-warden" bosh_job_name="runner_z1" bosh_job_index="0" filename="/var/vcap/data/sys/log/dea_next/dea_next.log"] {"timestamp":1475179401.758885,"message":"hm9000.heartbeat.accepted","log_level":"debug","source":"Dea::Bootstrap","data":{},"thread_id":47241050154440,"fiber_id":47241051798960,"process_id":6941,"file":"/var/vcap/packages/dea_next/lib/dea/utils/hm9000.rb","lineno":49,"method":"handle_http_response"}

2016-09-29T20:03:27.116536+00:00 152ab062-1f32-4789-910a-13bdc79651b2 - - - [NXLOG@14506 bosh_deployment="cf-warden" bosh_job_name="hm9000_z1" bosh_job_index="0" filename="/var/vcap/data/sys/log/hm9000/hm9000_listener.log"] {"timestamp":"1475179401.758028507","source":"listener","message":"listener.Received a heartbeat","log_level":1,"data":{"Heartbeats Pending Save":"1"}}

2016-09-29T20:03:27.116696+00:00 152ab062-1f32-4789-910a-13bdc79651b2 - - - [NXLOG@14506 bosh_deployment="cf-warden" bosh_job_name="hm9000_z1" bosh_job_index="0" filename="/var/vcap/data/sys/log/hm9000/hm9000_listener.log"] {"timestamp":"1475179401.815900326","source":"listener","message":"listener.Saving Heartbeats","log_level":1,"data":{"Heartbeats to Save":"1"}}

2016-09-29T20:03:27.116733+00:00 152ab062-1f32-4789-910a-13bdc79651b2 - - - [NXLOG@14506 bosh_deployment="cf-warden" bosh_job_name="hm9000_z1" bosh_job_index="0" filename="/var/vcap/data/sys/log/hm9000/hm9000_listener.log"] {"timestamp":"1475179401.823194742","source":"listener","message":"listener.Bumped freshness","log_level":1,"data":{}}

2016-09-29T20:03:27.116786+00:00 152ab062-1f32-4789-910a-13bdc79651b2 - - - [NXLOG@14506 bosh_deployment="cf-warden" bosh_job_name="hm9000_z1" bosh_job_index="0" filename="/var/vcap/data/sys/log/hm9000/hm9000_listener.log"] {"timestamp":"1475179401.823223114","source":"listener","message":"listener.Saved Heartbeats","log_level":1,"data":{"Duration":"7.226601ms","Heartbeats to Save":"1"}}

2016-09-29T20:03:27.116829+00:00 152ab062-1f32-4789-910a-13bdc79651b2 - - - [NXLOG@14506 bosh_deployment="cf-warden" bosh_job_name="hm9000_z1" bosh_job_index="0" filename="/var/vcap/data/sys/log/route_registrar/route_registrar.stdout.log"] {"timestamp":"1475179402.324064970","source":"Route Registrar","message":"Route Registrar.no healthchecker found for route","log_level":1,"data":{"route":{"Name":"hm9000","Port":5155,"Tags":{"component":"HM9K"},"URIs":["hm9000.bosh-lite.com"],"RouteServiceUrl":"","RegistrationInterval":20000000000,"HealthCheck":null}}}

2016-09-29T20:03:27.116859+00:00 152ab062-1f32-4789-910a-13bdc79651b2 - - - [NXLOG@14506 bosh_deployment="cf-warden" bosh_job_name="hm9000_z1" bosh_job_index="0" filename="/var/vcap/data/sys/log/route_registrar/route_registrar.stdout.log"] {"timestamp":"1475179402.324150085","source":"Route Registrar","message":"Route Registrar.Registering route","log_level":1,"data":{"route":{"Name":"hm9000","Port":5155,"Tags":{"component":"HM9K"},"URIs":["hm9000.bosh-lite.com"],"RouteServiceUrl":"","RegistrationInterval":20000000000,"HealthCheck":null}}}

2016-09-29T20:03:36.986066+00:00 fc52b791-0068-48d0-b63d-a9600b8fa32e - - - [NXLOG@14506 bosh_deployment="cf-warden" bosh_job_name="runner_z1" bosh_job_index="0" filename="/var/vcap/data/sys/log/dea_next/dea_next.log"] {"timestamp":1475179411.759423,"message":"hm9000.heartbeat.sending","log_level":"debug","source":"Dea::Bootstrap","data":{"destination":"https://listener-hm9000.service.cf.internal:5335/dea/heartbeat"},"thread_id":47241037142420,"fiber_id":47241050325380,"process_id":6941,"file":"/var/vcap/packages/dea_next/lib/dea/utils/hm9000.rb","lineno":29,"method":"send_heartbeat"}

2016-09-29T20:03:36.986227+00:00 fc52b791-0068-48d0-b63d-a9600b8fa32e - - - [NXLOG@14506 bosh_deployment="cf-warden" bosh_job_name="runner_z1" bosh_job_index="0" filename="/var/vcap/data/sys/log/dea_next/dea_next.log"] {"timestamp":1475179411.7765217,"message":"hm9000.heartbeat.accepted","log_level":"debug","source":"Dea::Bootstrap","data":{},"thread_id":47241050154260,"fiber_id":47241051787100,"process_id":6941,"file":"/var/vcap/packages/dea_next/lib/dea/utils/hm9000.rb","lineno":49,"method":"handle_http_response"}

2016-09-29T20:03:36.986273+00:00 fc52b791-0068-48d0-b63d-a9600b8fa32e - - - [NXLOG@14506 bosh_deployment="cf-warden" bosh_job_name="runner_z1" bosh_job_index="0" filename="/var/vcap/data/sys/log/dea_next/dea_next.log"] {"timestamp":1475179416.0879798,"message":"Reaping orphaned containers","log_level":"debug","source":"Dea::Bootstrap","data":{},"thread_id":47241037142420,"fiber_id":47241050325380,"process_id":6941,"file":"/var/vcap/packages/dea_next/lib/dea/bootstrap.rb","lineno":236,"method":"reap_orphaned_containers"}

2016-09-29T20:03:37.117417+00:00 152ab062-1f32-4789-910a-13bdc79651b2 - - - [NXLOG@14506 bosh_deployment="cf-warden" bosh_job_name="hm9000_z1" bosh_job_index="0" filename="/var/vcap/data/sys/log/hm9000/hm9000_listener.log"] {"timestamp":"1475179411.775686026","source":"listener","message":"listener.Received a heartbeat","log_level":1,"data":{"Heartbeats Pending Save":"1"}}

2016-09-29T20:03:37.117533+00:00 152ab062-1f32-4789-910a-13bdc79651b2 - - - [NXLOG@14506 bosh_deployment="cf-warden" bosh_job_name="hm9000_z1" bosh_job_index="0" filename="/var/vcap/data/sys/log/hm9000/hm9000_listener.log"] {"timestamp":"1475179411.816009521","source":"listener","message":"listener.Saving Heartbeats","log_level":1,"data":{"Heartbeats to Save":"1"}}

2016-09-29T20:03:37.117576+00:00 152ab062-1f32-4789-910a-13bdc79651b2 - - - [NXLOG@14506 bosh_deployment="cf-warden" bosh_job_name="hm9000_z1" bosh_job_index="0" filename="/var/vcap/data/sys/log/hm9000/hm9000_listener.log"] {"timestamp":"1475179411.824077368","source":"listener","message":"listener.Bumped freshness","log_level":1,"data":{}}

2016-09-29T20:03:37.117614+00:00 152ab062-1f32-4789-910a-13bdc79651b2 - - - [NXLOG@14506 bosh_deployment="cf-warden" bosh_job_name="hm9000_z1" bosh_job_index="0" filename="/var/vcap/data/sys/log/hm9000/hm9000_listener.log"] {"timestamp":"1475179411.824216843","source":"listener","message":"listener.Saved Heartbeats","log_level":1,"data":{"Duration":"7.839942ms","Heartbeats to Save":"1"}}

2016-09-29T20:03:37.117493+00:00 f0562343-642f-42d4-aca5-293abe675815 - - - [NXLOG@14506 bosh_deployment="cf-warden" bosh_job_name="blobstore_z1" bosh_job_index="0" filename="/var/vcap/data/sys/log/route_registrar/route_registrar.stdout.log"] {"timestamp":"1475179408.512860060","source":"Route Registrar","message":"Route Registrar.no healthchecker found for route","log_level":1,"data":{"route":{"Name":"blobstore","Port":80,"Tags":{"component":"blobstore"},"URIs":["blobstore.bosh-lite.com"],"RouteServiceUrl":"","RegistrationInterval":20000000000,"HealthCheck":null}}}

2016-09-29T20:03:37.117595+00:00 f0562343-642f-42d4-aca5-293abe675815 - - - [NXLOG@14506 bosh_deployment="cf-warden" bosh_job_name="blobstore_z1" bosh_job_index="0" filename="/var/vcap/data/sys/log/route_registrar/route_registrar.stdout.log"] {"timestamp":"1475179408.512995005","source":"Route Registrar","message":"Route Registrar.Registering route","log_level":1,"data":{"route":{"Name":"blobstore","Port":80,"Tags":{"component":"blobstore"},"URIs":["blobstore.bosh-lite.com"],"RouteServiceUrl":"","RegistrationInterval":20000000000,"HealthCheck":null}}}

2016-09-29T20:03:37.117658+00:00 f0562343-642f-42d4-aca5-293abe675815 - - - [NXLOG@14506 bosh_deployment="cf-warden" bosh_job_name="blobstore_z1" bosh_job_index="0" filename="/var/vcap/data/sys/log/route_registrar/route_registrar.stdout.log"] {"timestamp":"1475179408.513044834","source":"Route Registrar","message":"Route Registrar.Registered routes successfully","log_level":1,"data":{}}

2016-09-29T20:03:37.119361+00:00 05bf1627-ae2f-400c-b1ce-31973a9ff23f - - - [NXLOG@14506 bosh_deployment="cf-warden" bosh_job_name="uaa_z1" bosh_job_index="0" filename="/var/vcap/data/sys/log/uaa/localhost_access.log"] 127.0.0.1 - - [29/Sep/2016:20:03:18 +0000] "GET /healthz HTTP/1.1" 200 3

2016-09-29T20:03:37.119674+00:00 05bf1627-ae2f-400c-b1ce-31973a9ff23f - - - [NXLOG@14506 bosh_deployment="cf-warden" bosh_job_name="uaa_z1" bosh_job_index="0" filename="/var/vcap/data/sys/log/uaa/localhost_access.log"] 127.0.0.1 - - [29/Sep/2016:20:03:20 +0000] "GET /healthz HTTP/1.1" 200 3

2016-09-29T20:03:37.119802+00:00 05bf1627-ae2f-400c-b1ce-31973a9ff23f - - - [NXLOG@14506 bosh_deployment="cf-warden" bosh_job_name="uaa_z1" bosh_job_index="0" filename="/var/vcap/data/sys/log/uaa/localhost_access.log"] 127.0.0.1 - - [29/Sep/2016:20:03:22 +0000] "GET /healthz HTTP/1.1" 200 3

2016-09-29T20:03:37.120253+00:00 05bf1627-ae2f-400c-b1ce-31973a9ff23f - - - [NXLOG@14506 bosh_deployment="cf-warden" bosh_job_name="uaa_z1" bosh_job_index="0" filename="/var/vcap/data/sys/log/uaa/localhost_access.log"] 127.0.0.1 - - [29/Sep/2016:20:03:26 +0000] "GET /healthz HTTP/1.1" 200 3

2016-09-29T20:03:37.120741+00:00 05bf1627-ae2f-400c-b1ce-31973a9ff23f - - - [NXLOG@14506 bosh_deployment="cf-warden" bosh_job_name="uaa_z1" bosh_job_index="0" filename="/var/vcap/data/sys/log/route_registrar/route_registrar.stdout.log"] {"timestamp":"1475179410.808521748","source":"Route Registrar","message":"Route Registrar.Executing script","log_level":1,"data":{"scriptPath":"/var/vcap/jobs/uaa/bin/health_check"}}

2016-09-29T20:03:37.121170+00:00 05bf1627-ae2f-400c-b1ce-31973a9ff23f - - - [NXLOG@14506 bosh_deployment="cf-warden" bosh_job_name="uaa_z1" bosh_job_index="0" filename="/var/vcap/data/sys/log/route_registrar/route_registrar.stdout.log"] {"timestamp":"1475179410.818499088","source":"Route Registrar","message":"Route Registrar.Script exited without error","log_level":1,"data":{"script":"/var/vcap/jobs/uaa/bin/health_check","stderr":"  % Total    % Received % Xferd  Average Speed   Time    Time     Time  Current\n                                 Dload  Upload   Total   Spent    Left  Speed\n\r  0     0    0     0    0     0      0      0 --:--:-- --:--:-- --:--:--     0\r100     3  100     3    0     0   2932      0 --:--:-- --:--:-- --:--:--  3000\n","stdout":""}}

2016-09-29T20:03:37.121429+00:00 05bf1627-ae2f-400c-b1ce-31973a9ff23f - - - [NXLOG@14506 bosh_deployment="cf-warden" bosh_job_name="uaa_z1" bosh_job_index="0" filename="/var/vcap/data/sys/log/route_registrar/route_registrar.stdout.log"] {"timestamp":"1475179410.818554401","source":"Route Registrar","message":"Route Registrar.healthchecker returned healthy for route","log_level":1,"data":{"route":{"Name":"uaa","Port":8080,"Tags":{"component":"uaa"},"URIs":["uaa.bosh-lite.com","*.uaa.bosh-lite.com","login.bosh-lite.com","*.login.bosh-lite.com"],"RouteServiceUrl":"","RegistrationInterval":4000000000,"HealthCheck":{"Name":"uaa-healthcheck","ScriptPath":"/var/vcap/jobs/uaa/bin/health_check","Timeout":2000000000}}}}

2016-09-29T20:03:37.121494+00:00 05bf1627-ae2f-400c-b1ce-31973a9ff23f - - - [NXLOG@14506 bosh_deployment="cf-warden" bosh_job_name="uaa_z1" bosh_job_index="0" filename="/var/vcap/data/sys/log/route_registrar/route_registrar.stdout.log"] {"timestamp":"1475179410.818576097","source":"Route Registrar","message":"Route Registrar.Registering route","log_level":1,"data":{"route":{"Name":"uaa","Port":8080,"Tags":{"component":"uaa"},"URIs":["uaa.bosh-lite.com","*.uaa.bosh-lite.com","login.bosh-lite.com","*.login.bosh-lite.com"],"RouteServiceUrl":"","RegistrationInterval":4000000000,"HealthCheck":{"Name":"uaa-healthcheck","ScriptPath":"/var/vcap/jobs/uaa/bin/health_check","Timeout":2000000000}}}}

2016-09-29T20:03:37.121545+00:00 05bf1627-ae2f-400c-b1ce-31973a9ff23f - - - [NXLOG@14506 bosh_deployment="cf-warden" bosh_job_name="uaa_z1" bosh_job_index="0" filename="/var/vcap/data/sys/log/route_registrar/route_registrar.stdout.log"] {"timestamp":"1475179410.818637371","source":"Route Registrar","message":"Route Registrar.Registered routes successfully","log_level":1,"data":{}}

2016-09-29T20:03:37.121592+00:00 05bf1627-ae2f-400c-b1ce-31973a9ff23f - - - [NXLOG@14506 bosh_deployment="cf-warden" bosh_job_name="uaa_z1" bosh_job_index="0" filename="/var/vcap/data/sys/log/route_registrar/route_registrar.stdout.log"] {"timestamp":"1475179414.808107615","source":"Route Registrar","message":"Route Registrar.Executing script","log_level":1,"data":{"scriptPath":"/var/vcap/jobs/uaa/bin/health_check"}}

2016-09-29T20:03:37.121635+00:00 05bf1627-ae2f-400c-b1ce-31973a9ff23f - - - [NXLOG@14506 bosh_deployment="cf-warden" bosh_job_name="uaa_z1" bosh_job_index="0" filename="/var/vcap/data/sys/log/route_registrar/route_registrar.stdout.log"] {"timestamp":"1475179414.820270777","source":"Route Registrar","message":"Route Registrar.Script exited without error","log_level":1,"data":{"script":"/var/vcap/jobs/uaa/bin/health_check","stderr":"  % Total    % Received % Xferd  Average Speed   Time    Time     Time  Current\n                                 Dload  Upload   Total   Spent    Left  Speed\n\r  0     0    0     0    0     0      0      0 --:--:-- --:--:-- --:--:--     0\r100     3  100     3    0     0   3325      0 --:--:-- --:--:-- --:--:--  3000\n","stdout":""}}

2016-09-29T20:03:37.121728+00:00 05bf1627-ae2f-400c-b1ce-31973a9ff23f - - - [NXLOG@14506 bosh_deployment="cf-warden" bosh_job_name="uaa_z1" bosh_job_index="0" filename="/var/vcap/data/sys/log/route_registrar/route_registrar.stdout.log"] {"timestamp":"1475179414.820380211","source":"Route Registrar","message":"Route Registrar.healthchecker returned healthy for route","log_level":1,"data":{"route":{"Name":"uaa","Port":8080,"Tags":{"component":"uaa"},"URIs":["uaa.bosh-lite.com","*.uaa.bosh-lite.com","login.bosh-lite.com","*.login.bosh-lite.com"],"RouteServiceUrl":"","RegistrationInterval":4000000000,"HealthCheck":{"Name":"uaa-healthcheck","ScriptPath":"/var/vcap/jobs/uaa/bin/health_check","Timeout":2000000000}}}}

2016-09-29T20:03:37.121785+00:00 05bf1627-ae2f-400c-b1ce-31973a9ff23f - - - [NXLOG@14506 bosh_deployment="cf-warden" bosh_job_name="uaa_z1" bosh_job_index="0" filename="/var/vcap/data/sys/log/route_registrar/route_registrar.stdout.log"] {"timestamp":"1475179414.820432901","source":"Route Registrar","message":"Route Registrar.Registering route","log_level":1,"data":{"route":{"Name":"uaa","Port":8080,"Tags":{"component":"uaa"},"URIs":["uaa.bosh-lite.com","*.uaa.bosh-lite.com","login.bosh-lite.com","*.login.bosh-lite.com"],"RouteServiceUrl":"","RegistrationInterval":4000000000,"HealthCheck":{"Name":"uaa-healthcheck","ScriptPath":"/var/vcap/jobs/uaa/bin/health_check","Timeout":2000000000}}}}

2016-09-29T20:03:37.121835+00:00 05bf1627-ae2f-400c-b1ce-31973a9ff23f - - - [NXLOG@14506 bosh_deployment="cf-warden" bosh_job_name="uaa_z1" bosh_job_index="0" filename="/var/vcap/data/sys/log/route_registrar/route_registrar.stdout.log"] {"timestamp":"1475179414.820508003","source":"Route Registrar","message":"Route Registrar.Registered routes successfully","log_level":1,"data":{}}

2016-09-29T20:03:37.121882+00:00 05bf1627-ae2f-400c-b1ce-31973a9ff23f - - - [NXLOG@14506 bosh_deployment="cf-warden" bosh_job_name="uaa_z1" bosh_job_index="0" filename="/var/vcap/data/sys/log/uaa/uaa.log"] [2016-09-29 20:03:30.714] uaa - 19013 [http-nio-127.0.0.1-8989-exec-8] .... DEBUG --- AntPathRequestMatcher: Checking match of request : '/healthz'; against '/resources/**'

2016-09-29T20:03:37.121931+00:00 05bf1627-ae2f-400c-b1ce-31973a9ff23f - - - [NXLOG@14506 bosh_deployment="cf-warden" bosh_job_name="uaa_z1" bosh_job_index="0" filename="/var/vcap/data/sys/log/uaa/uaa.log"] [2016-09-29 20:03:30.714] uaa - 19013 [http-nio-127.0.0.1-8989-exec-8] .... DEBUG --- AntPathRequestMatcher: Checking match of request : '/healthz'; against '/square-logo.png'

2016-09-29T20:03:37.122021+00:00 05bf1627-ae2f-400c-b1ce-31973a9ff23f - - - [NXLOG@14506 bosh_deployment="cf-warden" bosh_job_name="uaa_z1" bosh_job_index="0" filename="/var/vcap/data/sys/log/uaa/uaa.log"] [2016-09-29 20:03:30.714] uaa - 19013 [http-nio-127.0.0.1-8989-exec-8] .... DEBUG --- AntPathRequestMatcher: Checking match of request : '/healthz'; against '/info'

2016-09-29T20:03:37.122057+00:00 05bf1627-ae2f-400c-b1ce-31973a9ff23f - - - [NXLOG@14506 bosh_deployment="cf-warden" bosh_job_name="uaa_z1" bosh_job_index="0" filename="/var/vcap/data/sys/log/uaa/uaa.log"] [2016-09-29 20:03:30.714] uaa - 19013 [http-nio-127.0.0.1-8989-exec-8] .... DEBUG --- AntPathRequestMatcher: Checking match of request : '/healthz'; against '/password/**'

2016-09-29T20:03:37.122099+00:00 05bf1627-ae2f-400c-b1ce-31973a9ff23f - - - [NXLOG@14506 bosh_deployment="cf-warden" bosh_job_name="uaa_z1" bosh_job_index="0" filename="/var/vcap/data/sys/log/uaa/uaa.log"] [2016-09-29 20:03:30.714] uaa - 19013 [http-nio-127.0.0.1-8989-exec-8] .... DEBUG --- AntPathRequestMatcher: Checking match of request : '/healthz'; against '/healthz/**'

2016-09-29T20:03:37.122111+00:00 05bf1627-ae2f-400c-b1ce-31973a9ff23f - - - [NXLOG@14506 bosh_deployment="cf-warden" bosh_job_name="uaa_z1" bosh_job_index="0" filename="/var/vcap/data/sys/log/uaa/uaa.log"] [2016-09-29 20:03:30.714] uaa - 19013 [http-nio-127.0.0.1-8989-exec-8] .... DEBUG --- FilterChainProxy: /healthz has an empty filter list

2016-09-29T20:03:37.122122+00:00 05bf1627-ae2f-400c-b1ce-31973a9ff23f - - - [NXLOG@14506 bosh_deployment="cf-warden" bosh_job_name="uaa_z1" bosh_job_index="0" filename="/var/vcap/data/sys/log/uaa/uaa.log"] [2016-09-29 20:03:30.714] uaa - 19013 [http-nio-127.0.0.1-8989-exec-8] .... DEBUG --- DispatcherServlet: DispatcherServlet with name 'spring' processing GET request for [/healthz]

2016-09-29T20:03:37.122280+00:00 05bf1627-ae2f-400c-b1ce-31973a9ff23f - - - [NXLOG@14506 bosh_deployment="cf-warden" bosh_job_name="uaa_z1" bosh_job_index="0" filename="/var/vcap/data/sys/log/uaa/uaa.log"] [2016-09-29 20:03:30.714] uaa - 19013 [http-nio-127.0.0.1-8989-exec-8] .... DEBUG --- DispatcherServlet: Last-Modified value for [/healthz] is: -1

2016-09-29T20:03:37.122372+00:00 05bf1627-ae2f-400c-b1ce-31973a9ff23f - - - [NXLOG@14506 bosh_deployment="cf-warden" bosh_job_name="uaa_z1" bosh_job_index="0" filename="/var/vcap/data/sys/log/uaa/uaa.log"] [2016-09-29 20:03:30.714] uaa - 19013 [http-nio-127.0.0.1-8989-exec-8] .... DEBUG --- RequestResponseBodyMethodProcessor: Written [ok

2016-09-29T20:03:37.122391+00:00 05bf1627-ae2f-400c-b1ce-31973a9ff23f - - - [NXLOG@14506 bosh_deployment="cf-warden" bosh_job_name="uaa_z1" bosh_job_index="0" filename="/var/vcap/data/sys/log/uaa/uaa.log"] ] as "text/plain;charset=ISO-8859-1" using [org.springframework.http.converter.StringHttpMessageConverter@178b2baf]

2016-09-29T20:03:37.122403+00:00 05bf1627-ae2f-400c-b1ce-31973a9ff23f - - - [NXLOG@14506 bosh_deployment="cf-warden" bosh_job_name="uaa_z1" bosh_job_index="0" filename="/var/vcap/data/sys/log/uaa/uaa.log"] [2016-09-29 20:03:30.714] uaa - 19013 [http-nio-127.0.0.1-8989-exec-8] .... DEBUG --- DispatcherServlet: Null ModelAndView returned to DispatcherServlet with name 'spring': assuming HandlerAdapter completed request handling

2016-09-29T20:03:37.122414+00:00 05bf1627-ae2f-400c-b1ce-31973a9ff23f - - - [NXLOG@14506 bosh_deployment="cf-warden" bosh_job_name="uaa_z1" bosh_job_index="0" filename="/var/vcap/data/sys/log/uaa/uaa.log"] [2016-09-29 20:03:30.714] uaa - 19013 [http-nio-127.0.0.1-8989-exec-8] .... DEBUG --- DispatcherServlet: Successfully completed request

2016-09-29T20:03:37.122473+00:00 05bf1627-ae2f-400c-b1ce-31973a9ff23f - - - [NXLOG@14506 bosh_deployment="cf-warden" bosh_job_name="uaa_z1" bosh_job_index="0" filename="/var/vcap/data/sys/log/uaa/uaa.log"] [2016-09-29 20:03:30.817] uaa - 19013 [http-nio-127.0.0.1-8989-exec-7] .... DEBUG --- AntPathRequestMatcher: Checking match of request : '/healthz'; against '/resources/**'

2016-09-29T20:03:37.122498+00:00 05bf1627-ae2f-400c-b1ce-31973a9ff23f - - - [NXLOG@14506 bosh_deployment="cf-warden" bosh_job_name="uaa_z1" bosh_job_index="0" filename="/var/vcap/data/sys/log/uaa/uaa.log"] [2016-09-29 20:03:30.817] uaa - 19013 [http-nio-127.0.0.1-8989-exec-7] .... DEBUG --- AntPathRequestMatcher: Checking match of request : '/healthz'; against '/square-logo.png'

2016-09-29T20:03:37.122516+00:00 05bf1627-ae2f-400c-b1ce-31973a9ff23f - - - [NXLOG@14506 bosh_deployment="cf-warden" bosh_job_name="uaa_z1" bosh_job_index="0" filename="/var/vcap/data/sys/log/uaa/uaa.log"] [2016-09-29 20:03:30.817] uaa - 19013 [http-nio-127.0.0.1-8989-exec-7] .... DEBUG --- AntPathRequestMatcher: Checking match of request : '/healthz'; against '/info'

2016-09-29T20:03:37.122527+00:00 05bf1627-ae2f-400c-b1ce-31973a9ff23f - - - [NXLOG@14506 bosh_deployment="cf-warden" bosh_job_name="uaa_z1" bosh_job_index="0" filename="/var/vcap/data/sys/log/uaa/uaa.log"] [2016-09-29 20:03:30.817] uaa - 19013 [http-nio-127.0.0.1-8989-exec-7] .... DEBUG --- AntPathRequestMatcher: Checking match of request : '/healthz'; against '/password/**'

2016-09-29T20:03:37.122613+00:00 05bf1627-ae2f-400c-b1ce-31973a9ff23f - - - [NXLOG@14506 bosh_deployment="cf-warden" bosh_job_name="uaa_z1" bosh_job_index="0" filename="/var/vcap/data/sys/log/uaa/uaa.log"] [2016-09-29 20:03:30.817] uaa - 19013 [http-nio-127.0.0.1-8989-exec-7] .... DEBUG --- AntPathRequestMatcher: Checking match of request : '/healthz'; against '/healthz/**'

2016-09-29T20:03:37.122659+00:00 05bf1627-ae2f-400c-b1ce-31973a9ff23f - - - [NXLOG@14506 bosh_deployment="cf-warden" bosh_job_name="uaa_z1" bosh_job_index="0" filename="/var/vcap/data/sys/log/uaa/uaa.log"] [2016-09-29 20:03:30.817] uaa - 19013 [http-nio-127.0.0.1-8989-exec-7] .... DEBUG --- FilterChainProxy: /healthz has an empty filter list

2016-09-29T20:03:37.122845+00:00 05bf1627-ae2f-400c-b1ce-31973a9ff23f - - - [NXLOG@14506 bosh_deployment="cf-warden" bosh_job_name="uaa_z1" bosh_job_index="0" filename="/var/vcap/data/sys/log/uaa/uaa.log"] [2016-09-29 20:03:30.817] uaa - 19013 [http-nio-127.0.0.1-8989-exec-7] .... DEBUG --- DispatcherServlet: DispatcherServlet with name 'spring' processing GET request for [/healthz]

2016-09-29T20:03:37.122873+00:00 05bf1627-ae2f-400c-b1ce-31973a9ff23f - - - [NXLOG@14506 bosh_deployment="cf-warden" bosh_job_name="uaa_z1" bosh_job_index="0" filename="/var/vcap/data/sys/log/uaa/uaa.log"] [2016-09-29 20:03:30.817] uaa - 19013 [http-nio-127.0.0.1-8989-exec-7] .... DEBUG --- DispatcherServlet: Last-Modified value for [/healthz] is: -1

2016-09-29T20:03:37.122923+00:00 05bf1627-ae2f-400c-b1ce-31973a9ff23f - - - [NXLOG@14506 bosh_deployment="cf-warden" bosh_job_name="uaa_z1" bosh_job_index="0" filename="/var/vcap/data/sys/log/uaa/uaa.log"] [2016-09-29 20:03:30.817] uaa - 19013 [http-nio-127.0.0.1-8989-exec-7] .... DEBUG --- RequestResponseBodyMethodProcessor: Written [ok

2016-09-29T20:03:37.122938+00:00 05bf1627-ae2f-400c-b1ce-31973a9ff23f - - - [NXLOG@14506 bosh_deployment="cf-warden" bosh_job_name="uaa_z1" bosh_job_index="0" filename="/var/vcap/data/sys/log/uaa/uaa.log"] ] as "text/plain;charset=ISO-8859-1" using [org.springframework.http.converter.StringHttpMessageConverter@178b2baf]

2016-09-29T20:03:37.123382+00:00 05bf1627-ae2f-400c-b1ce-31973a9ff23f - - - [NXLOG@14506 bosh_deployment="cf-warden" bosh_job_name="uaa_z1" bosh_job_index="0" filename="/var/vcap/data/sys/log/uaa/uaa.log"] [2016-09-29 20:03:30.817] uaa - 19013 [http-nio-127.0.0.1-8989-exec-7] .... DEBUG --- DispatcherServlet: Null ModelAndView returned to DispatcherServlet with name 'spring': assuming HandlerAdapter completed request handling

2016-09-29T20:03:37.123417+00:00 05bf1627-ae2f-400c-b1ce-31973a9ff23f - - - [NXLOG@14506 bosh_deployment="cf-warden" bosh_job_name="uaa_z1" bosh_job_index="0" filename="/var/vcap/data/sys/log/uaa/uaa.log"] [2016-09-29 20:03:30.817] uaa - 19013 [http-nio-127.0.0.1-8989-exec-7] .... DEBUG --- DispatcherServlet: Successfully completed request

2016-09-29T20:03:37.123456+00:00 05bf1627-ae2f-400c-b1ce-31973a9ff23f - - - [NXLOG@14506 bosh_deployment="cf-warden" bosh_job_name="uaa_z1" bosh_job_index="0" filename="/var/vcap/data/sys/log/uaa/uaa.log"] [2016-09-29 20:03:31.156] uaa - 19013 [pool-2-thread-1] .... DEBUG --- JdbcTemplate: Executing SQL query [select count(*) from oauth_client_details]

2016-09-29T20:03:37.123572+00:00 05bf1627-ae2f-400c-b1ce-31973a9ff23f - - - [NXLOG@14506 bosh_deployment="cf-warden" bosh_job_name="uaa_z1" bosh_job_index="0" filename="/var/vcap/data/sys/log/uaa/uaa.log"] [2016-09-29 20:03:31.157] uaa - 19013 [pool-2-thread-1] .... DEBUG --- JdbcTemplate: Executing SQL query [select count(*) from users]

2016-09-29T20:03:37.123608+00:00 05bf1627-ae2f-400c-b1ce-31973a9ff23f - - - [NXLOG@14506 bosh_deployment="cf-warden" bosh_job_name="uaa_z1" bosh_job_index="0" filename="/var/vcap/data/sys/log/uaa/uaa.log"] [2016-09-29 20:03:34.817] uaa - 19013 [http-nio-127.0.0.1-8989-exec-4] .... DEBUG --- AntPathRequestMatcher: Checking match of request : '/healthz'; against '/resources/**'

2016-09-29T20:03:37.123629+00:00 05bf1627-ae2f-400c-b1ce-31973a9ff23f - - - [NXLOG@14506 bosh_deployment="cf-warden" bosh_job_name="uaa_z1" bosh_job_index="0" filename="/var/vcap/data/sys/log/uaa/uaa.log"] [2016-09-29 20:03:34.817] uaa - 19013 [http-nio-127.0.0.1-8989-exec-4] .... DEBUG --- AntPathRequestMatcher: Checking match of request : '/healthz'; against '/square-logo.png'

2016-09-29T20:03:37.123644+00:00 05bf1627-ae2f-400c-b1ce-31973a9ff23f - - - [NXLOG@14506 bosh_deployment="cf-warden" bosh_job_name="uaa_z1" bosh_job_index="0" filename="/var/vcap/data/sys/log/uaa/uaa.log"] [2016-09-29 20:03:34.817] uaa - 19013 [http-nio-127.0.0.1-8989-exec-4] .... DEBUG --- AntPathRequestMatcher: Checking match of request : '/healthz'; against '/info'

2016-09-29T20:03:37.123776+00:00 05bf1627-ae2f-400c-b1ce-31973a9ff23f - - - [NXLOG@14506 bosh_deployment="cf-warden" bosh_job_name="uaa_z1" bosh_job_index="0" filename="/var/vcap/data/sys/log/uaa/uaa.log"] [2016-09-29 20:03:34.817] uaa - 19013 [http-nio-127.0.0.1-8989-exec-4] .... DEBUG --- AntPathRequestMatcher: Checking match of request : '/healthz'; against '/password/**'

2016-09-29T20:03:37.123795+00:00 05bf1627-ae2f-400c-b1ce-31973a9ff23f - - - [NXLOG@14506 bosh_deployment="cf-warden" bosh_job_name="uaa_z1" bosh_job_index="0" filename="/var/vcap/data/sys/log/uaa/uaa.log"] [2016-09-29 20:03:34.817] uaa - 19013 [http-nio-127.0.0.1-8989-exec-4] .... DEBUG --- AntPathRequestMatcher: Checking match of request : '/healthz'; against '/healthz/**'

2016-09-29T20:03:37.123816+00:00 05bf1627-ae2f-400c-b1ce-31973a9ff23f - - - [NXLOG@14506 bosh_deployment="cf-warden" bosh_job_name="uaa_z1" bosh_job_index="0" filename="/var/vcap/data/sys/log/uaa/uaa.log"] [2016-09-29 20:03:34.817] uaa - 19013 [http-nio-127.0.0.1-8989-exec-4] .... DEBUG --- FilterChainProxy: /healthz has an empty filter list

2016-09-29T20:03:37.123836+00:00 05bf1627-ae2f-400c-b1ce-31973a9ff23f - - - [NXLOG@14506 bosh_deployment="cf-warden" bosh_job_name="uaa_z1" bosh_job_index="0" filename="/var/vcap/data/sys/log/uaa/uaa.log"] [2016-09-29 20:03:34.817] uaa - 19013 [http-nio-127.0.0.1-8989-exec-4] .... DEBUG --- DispatcherServlet: DispatcherServlet with name 'spring' processing GET request for [/healthz]

2016-09-29T20:03:37.123872+00:00 05bf1627-ae2f-400c-b1ce-31973a9ff23f - - - [NXLOG@14506 bosh_deployment="cf-warden" bosh_job_name="uaa_z1" bosh_job_index="0" filename="/var/vcap/data/sys/log/uaa/uaa.log"] [2016-09-29 20:03:34.817] uaa - 19013 [http-nio-127.0.0.1-8989-exec-4] .... DEBUG --- DispatcherServlet: Last-Modified value for [/healthz] is: -1

2016-09-29T20:03:37.123890+00:00 05bf1627-ae2f-400c-b1ce-31973a9ff23f - - - [NXLOG@14506 bosh_deployment="cf-warden" bosh_job_name="uaa_z1" bosh_job_index="0" filename="/var/vcap/data/sys/log/uaa/uaa.log"] [2016-09-29 20:03:34.817] uaa - 19013 [http-nio-127.0.0.1-8989-exec-4] .... DEBUG --- RequestResponseBodyMethodProcessor: Written [ok

2016-09-29T20:03:37.123933+00:00 05bf1627-ae2f-400c-b1ce-31973a9ff23f - - - [NXLOG@14506 bosh_deployment="cf-warden" bosh_job_name="uaa_z1" bosh_job_index="0" filename="/var/vcap/data/sys/log/uaa/uaa.log"] ] as "text/plain;charset=ISO-8859-1" using [org.springframework.http.converter.StringHttpMessageConverter@178b2baf]

2016-09-29T20:03:37.123949+00:00 05bf1627-ae2f-400c-b1ce-31973a9ff23f - - - [NXLOG@14506 bosh_deployment="cf-warden" bosh_job_name="uaa_z1" bosh_job_index="0" filename="/var/vcap/data/sys/log/uaa/uaa.log"] [2016-09-29 20:03:34.817] uaa - 19013 [http-nio-127.0.0.1-8989-exec-4] .... DEBUG --- DispatcherServlet: Null ModelAndView returned to DispatcherServlet with name 'spring': assuming HandlerAdapter completed request handling

2016-09-29T20:03:37.124051+00:00 05bf1627-ae2f-400c-b1ce-31973a9ff23f - - - [NXLOG@14506 bosh_deployment="cf-warden" bosh_job_name="uaa_z1" bosh_job_index="0" filename="/var/vcap/data/sys/log/uaa/uaa.log"] [2016-09-29 20:03:34.817] uaa - 19013 [http-nio-127.0.0.1-8989-exec-4] .... DEBUG --- DispatcherServlet: Successfully completed request

2016-09-29T20:03:37.124067+00:00 05bf1627-ae2f-400c-b1ce-31973a9ff23f - - - [NXLOG@14506 bosh_deployment="cf-warden" bosh_job_name="uaa_z1" bosh_job_index="0" filename="/var/vcap/data/sys/log/uaa/uaa.log"] [2016-09-29 20:03:36.156] uaa - 19013 [pool-2-thread-1] .... DEBUG --- JdbcTemplate: Executing SQL query [select count(*) from oauth_client_details]

2016-09-29T20:03:37.124077+00:00 05bf1627-ae2f-400c-b1ce-31973a9ff23f - - - [NXLOG@14506 bosh_deployment="cf-warden" bosh_job_name="uaa_z1" bosh_job_index="0" filename="/var/vcap/data/sys/log/uaa/uaa.log"] [2016-09-29 20:03:36.157] uaa - 19013 [pool-2-thread-1] .... DEBUG --- JdbcTemplate: Executing SQL query [select count(*) from users]

2016-09-29T20:03:37.126858+00:00 b0fa19c0-86de-4447-a670-3f7adbd0b3c1 - - - [NXLOG@14506 bosh_deployment="cf-warden" bosh_job_name="api_z1" bosh_job_index="0" filename="/var/vcap/data/sys/log/cloud_controller_worker/cloud_controller_worker.log"] {"timestamp":1475179407.2930157,"message":"(0.000458s) SELECT * FROM \"delayed_jobs\" WHERE ((((\"run_at\" <= '2016-09-29 20:03:27.292097+0000') AND (\"locked_at\" IS NULL)) OR (\"locked_by\" = 'cc_global_worker.api_z1.0.1')) AND (\"failed_at\" IS NULL) AND (\"queue\" IN ('cc-generic'))) ORDER BY \"priority\" ASC, \"run_at\" ASC LIMIT 5","log_level":"debug2","source":"cc.background","data":{},"thread_id":47193737007380,"fiber_id":47193773841900,"process_id":15807,"file":"/var/vcap/packages/cloud_controller_ng/cloud_controller_ng/vendor/bundle/ruby/2.3.0/gems/sequel-4.29.0/lib/sequel/database/logging.rb","lineno":70,"method":"block in log_each"}

2016-09-29T20:03:37.126999+00:00 b0fa19c0-86de-4447-a670-3f7adbd0b3c1 - - - [NXLOG@14506 bosh_deployment="cf-warden" bosh_job_name="api_z1" bosh_job_index="0" filename="/var/vcap/data/sys/log/cloud_controller_worker/cloud_controller_worker.log"] {"timestamp":1475179412.3141701,"message":"(0.000609s) SELECT * FROM \"delayed_jobs\" WHERE ((((\"run_at\" <= '2016-09-29 20:03:32.313013+0000') AND (\"locked_at\" IS NULL)) OR (\"locked_by\" = 'cc_global_worker.api_z1.0.1')) AND (\"failed_at\" IS NULL) AND (\"queue\" IN ('cc-generic'))) ORDER BY \"priority\" ASC, \"run_at\" ASC LIMIT 5","log_level":"debug2","source":"cc.background","data":{},"thread_id":47193737007380,"fiber_id":47193773841900,"process_id":15807,"file":"/var/vcap/packages/cloud_controller_ng/cloud_controller_ng/vendor/bundle/ruby/2.3.0/gems/sequel-4.29.0/lib/sequel/database/logging.rb","lineno":70,"method":"block in log_each"}

2016-09-29T20:03:37.127050+00:00 b0fa19c0-86de-4447-a670-3f7adbd0b3c1 - - - [NXLOG@14506 bosh_deployment="cf-warden" bosh_job_name="api_z1" bosh_job_index="0" filename="/var/vcap/data/sys/log/nginx_cc/nginx.access.log"] 10.244.0.138 - [29/Sep/2016:20:03:27 +0000] "GET /v2/info HTTP/1.1" 200 802 "-" "monit/5.2.5" 10.244.0.138 vcap_request_id:d02c7e0b-2fe2-4061-98e0-1aee52a728de response_time:0.004

2016-09-29T20:03:37.127092+00:00 b0fa19c0-86de-4447-a670-3f7adbd0b3c1 - - - [NXLOG@14506 bosh_deployment="cf-warden" bosh_job_name="api_z1" bosh_job_index="0" filename="/var/vcap/data/sys/log/nginx_cc/nginx.access.log"] api.bosh-lite.com - [29/Sep/2016:20:03:30 +0000] "GET /v2/syslog_drain_urls?batch_size=1000 HTTP/1.1" 200 326 "-" "Go-http-client/1.1" 10.244.0.146, 10.244.0.34, 10.244.0.22 vcap_request_id:06c51c02-e926-43cc-5927-1372efd4486e::b3d7f690-7f95-405e-bb62-1e9d3b9f2d46 response_time:0.005

2016-09-29T20:03:37.127180+00:00 b0fa19c0-86de-4447-a670-3f7adbd0b3c1 - - - [NXLOG@14506 bosh_deployment="cf-warden" bosh_job_name="api_z1" bosh_job_index="0" filename="/var/vcap/data/sys/log/cloud_controller_ng/cloud_controller_ng.log"] {"timestamp":1475179407.1936831,"message":"Statsd: cc.requests.outstanding:1|c","log_level":"debug","source":"statsd.client","data":{},"thread_id":47062185508520,"fiber_id":47062184490200,"process_id":15535,"file":"/var/vcap/packages/cloud_controller_ng/cloud_controller_ng/vendor/bundle/ruby/2.3.0/gems/statsd-ruby-1.2.1/lib/statsd.rb","lineno":254,"method":"send_to_socket"}

2016-09-29T20:03:37.127265+00:00 b0fa19c0-86de-4447-a670-3f7adbd0b3c1 - - - [NXLOG@14506 bosh_deployment="cf-warden" bosh_job_name="api_z1" bosh_job_index="0" filename="/var/vcap/data/sys/log/cloud_controller_ng/cloud_controller_ng.log"] {"timestamp":1475179407.1943157,"message":"Started GET \"/v2/info\" for user: , ip: 127.0.0.1 with vcap-request-id: d02c7e0b-2fe2-4061-98e0-1aee52a728de at 2016-09-29 20:03:27 UTC","log_level":"info","source":"cc.api","data":{},"thread_id":47062185508520,"fiber_id":47062184490200,"process_id":15535,"file":"/var/vcap/packages/cloud_controller_ng/cloud_controller_ng/middleware/request_logs.rb","lineno":12,"method":"call"}

2016-09-29T20:03:37.127348+00:00 b0fa19c0-86de-4447-a670-3f7adbd0b3c1 - - - [NXLOG@14506 bosh_deployment="cf-warden" bosh_job_name="api_z1" bosh_job_index="0" filename="/var/vcap/data/sys/log/cloud_controller_ng/cloud_controller_ng.log"] {"timestamp":1475179407.1951551,"message":"dispatch VCAP::CloudController::InfoController get /v2/info","log_level":"debug","source":"cc.api","data":{"request_guid":"d02c7e0b-2fe2-4061-98e0-1aee52a728de"},"thread_id":47062185508520,"fiber_id":47062184490200,"process_id":15535,"file":"/var/vcap/data/packages/cloud_controller_ng/f87cb49aa2cd87792cb9c2211a79e1542502be4d.1-b1a5f3c830cb6c32ae9e685628b24aa967f5ae54/cloud_controller_ng/lib/cloud_controller/rest_controller/routes.rb","lineno":12,"method":"block in define_route"}

2016-09-29T20:03:37.127431+00:00 b0fa19c0-86de-4447-a670-3f7adbd0b3c1 - - - [NXLOG@14506 bosh_deployment="cf-warden" bosh_job_name="api_z1" bosh_job_index="0" filename="/var/vcap/data/sys/log/cloud_controller_ng/cloud_controller_ng.log"] {"timestamp":1475179407.1953561,"message":"parse_params: {} ","log_level":"debug","source":"cc.api","data":{"request_guid":"d02c7e0b-2fe2-4061-98e0-1aee52a728de"},"thread_id":47062185508520,"fiber_id":47062184490200,"process_id":15535,"file":"/var/vcap/data/packages/cloud_controller_ng/f87cb49aa2cd87792cb9c2211a79e1542502be4d.1-b1a5f3c830cb6c32ae9e685628b24aa967f5ae54/cloud_controller_ng/lib/cloud_controller/rest_controller/common_params.rb","lineno":10,"method":"parse"}

2016-09-29T20:03:37.127478+00:00 b0fa19c0-86de-4447-a670-3f7adbd0b3c1 - - - [NXLOG@14506 bosh_deployment="cf-warden" bosh_job_name="api_z1" bosh_job_index="0" filename="/var/vcap/data/sys/log/cloud_controller_ng/cloud_controller_ng.log"] {"timestamp":1475179407.195542,"message":"cc.dispatch","log_level":"debug","source":"cc.api","data":{"request_guid":"d02c7e0b-2fe2-4061-98e0-1aee52a728de","endpoint":"read","args":[]},"thread_id":47062185508520,"fiber_id":47062184490200,"process_id":15535,"file":"/var/vcap/data/packages/cloud_controller_ng/f87cb49aa2cd87792cb9c2211a79e1542502be4d.1-b1a5f3c830cb6c32ae9e685628b24aa967f5ae54/cloud_controller_ng/app/controllers/base/base_controller.rb","lineno":78,"method":"dispatch"}

2016-09-29T20:03:37.127564+00:00 b0fa19c0-86de-4447-a670-3f7adbd0b3c1 - - - [NXLOG@14506 bosh_deployment="cf-warden" bosh_job_name="api_z1" bosh_job_index="0" filename="/var/vcap/data/sys/log/cloud_controller_ng/cloud_controller_ng.log"] {"timestamp":1475179407.1958709,"message":"Completed 200 vcap-request-id: d02c7e0b-2fe2-4061-98e0-1aee52a728de","log_level":"info","source":"cc.api","data":{},"thread_id":47062185508520,"fiber_id":47062184490200,"process_id":15535,"file":"/var/vcap/packages/cloud_controller_ng/cloud_controller_ng/middleware/request_logs.rb","lineno":24,"method":"call"}

2016-09-29T20:03:37.127631+00:00 b0fa19c0-86de-4447-a670-3f7adbd0b3c1 - - - [NXLOG@14506 bosh_deployment="cf-warden" bosh_job_name="api_z1" bosh_job_index="0" filename="/var/vcap/data/sys/log/cloud_controller_ng/cloud_controller_ng.log"] {"timestamp":1475179407.1960504,"message":"Statsd: cc.requests.outstanding:-1|c\ncc.requests.completed:1|c\ncc.http_status.2XX:1|c","log_level":"debug","source":"statsd.client","data":{},"thread_id":47062185508520,"fiber_id":47062184490200,"process_id":15535,"file":"/var/vcap/packages/cloud_controller_ng/cloud_controller_ng/vendor/bundle/ruby/2.3.0/gems/statsd-ruby-1.2.1/lib/statsd.rb","lineno":254,"method":"send_to_socket"}

2016-09-29T20:03:37.127703+00:00 b0fa19c0-86de-4447-a670-3f7adbd0b3c1 - - - [NXLOG@14506 bosh_deployment="cf-warden" bosh_job_name="api_z1" bosh_job_index="0" filename="/var/vcap/data/sys/log/cloud_controller_ng/cloud_controller_ng.log"] {"timestamp":1475179407.2397227,"message":"(0.000518s) SELECT * FROM \"delayed_jobs\" WHERE ((((\"run_at\" <= '2016-09-29 20:03:27.238889+0000') AND (\"locked_at\" IS NULL)) OR (\"locked_by\" = 'cc_api_worker.api_z1.0.2')) AND (\"failed_at\" IS NULL) AND (\"queue\" IN ('cc-api_z1-0'))) ORDER BY \"priority\" ASC, \"run_at\" ASC LIMIT 5","log_level":"debug2","source":"cc.background","data":{},"thread_id":47118928261380,"fiber_id":47118965175380,"process_id":15629,"file":"/var/vcap/packages/cloud_controller_ng/cloud_controller_ng/vendor/bundle/ruby/2.3.0/gems/sequel-4.29.0/lib/sequel/database/logging.rb","lineno":70,"method":"block in log_each"}

2016-09-29T20:03:37.127765+00:00 b0fa19c0-86de-4447-a670-3f7adbd0b3c1 - - - [NXLOG@14506 bosh_deployment="cf-warden" bosh_job_name="api_z1" bosh_job_index="0" filename="/var/vcap/data/sys/log/cloud_controller_ng/cloud_controller_ng.log"] {"timestamp":1475179408.5249777,"message":"(0.000476s) SELECT * FROM \"delayed_jobs\" WHERE ((((\"run_at\" <= '2016-09-29 20:03:28.524079+0000') AND (\"locked_at\" IS NULL)) OR (\"locked_by\" = 'cc_api_worker.api_z1.0.1')) AND (\"failed_at\" IS NULL) AND (\"queue\" IN ('cc-api_z1-0'))) ORDER BY \"priority\" ASC, \"run_at\" ASC LIMIT 5","log_level":"debug2","source":"cc.background","data":{},"thread_id":47452862460180,"fiber_id":47452899698480,"process_id":15587,"file":"/var/vcap/packages/cloud_controller_ng/cloud_controller_ng/vendor/bundle/ruby/2.3.0/gems/sequel-4.29.0/lib/sequel/database/logging.rb","lineno":70,"method":"block in log_each"}

2016-09-29T20:03:37.127831+00:00 b0fa19c0-86de-4447-a670-3f7adbd0b3c1 - - - [NXLOG@14506 bosh_deployment="cf-warden" bosh_job_name="api_z1" bosh_job_index="0" filename="/var/vcap/data/sys/log/cloud_controller_ng/cloud_controller_ng.log"] {"timestamp":1475179410.9103127,"message":"Statsd: cc.requests.outstanding:1|c","log_level":"debug","source":"statsd.client","data":{},"thread_id":47062185508100,"fiber_id":47062167821140,"process_id":15535,"file":"/var/vcap/packages/cloud_controller_ng/cloud_controller_ng/vendor/bundle/ruby/2.3.0/gems/statsd-ruby-1.2.1/lib/statsd.rb","lineno":254,"method":"send_to_socket"}

2016-09-29T20:03:37.127897+00:00 b0fa19c0-86de-4447-a670-3f7adbd0b3c1 - - - [NXLOG@14506 bosh_deployment="cf-warden" bosh_job_name="api_z1" bosh_job_index="0" filename="/var/vcap/data/sys/log/cloud_controller_ng/cloud_controller_ng.log"] {"timestamp":1475179410.910791,"message":"Started GET \"/v2/syslog_drain_urls?batch_size=1000\" for user: , ip: 127.0.0.1 with vcap-request-id: 06c51c02-e926-43cc-5927-1372efd4486e::b3d7f690-7f95-405e-bb62-1e9d3b9f2d46 at 2016-09-29 20:03:30 UTC","log_level":"info","source":"cc.api","data":{},"thread_id":47062185508100,"fiber_id":47062167821140,"process_id":15535,"file":"/var/vcap/packages/cloud_controller_ng/cloud_controller_ng/middleware/request_logs.rb","lineno":12,"method":"call"}

2016-09-29T20:03:37.127986+00:00 b0fa19c0-86de-4447-a670-3f7adbd0b3c1 - - - [NXLOG@14506 bosh_deployment="cf-warden" bosh_job_name="api_z1" bosh_job_index="0" filename="/var/vcap/data/sys/log/cloud_controller_ng/cloud_controller_ng.log"] {"timestamp":1475179410.9114473,"message":"dispatch VCAP::CloudController::SyslogDrainUrlsController get /v2/syslog_drain_urls","log_level":"debug","source":"cc.api","data":{"request_guid":"06c51c02-e926-43cc-5927-1372efd4486e::b3d7f690-7f95-405e-bb62-1e9d3b9f2d46"},"thread_id":47062185508100,"fiber_id":47062167821140,"process_id":15535,"file":"/var/vcap/data/packages/cloud_controller_ng/f87cb49aa2cd87792cb9c2211a79e1542502be4d.1-b1a5f3c830cb6c32ae9e685628b24aa967f5ae54/cloud_controller_ng/lib/cloud_controller/rest_controller/routes.rb","lineno":12,"method":"block in define_route"}

2016-09-29T20:03:37.128029+00:00 b0fa19c0-86de-4447-a670-3f7adbd0b3c1 - - - [NXLOG@14506 bosh_deployment="cf-warden" bosh_job_name="api_z1" bosh_job_index="0" filename="/var/vcap/data/sys/log/cloud_controller_ng/cloud_controller_ng.log"] {"timestamp":1475179410.9116356,"message":"parse_params: {\"batch_size\"=>\"1000\"} batch_size=1000","log_level":"debug","source":"cc.api","data":{"request_guid":"06c51c02-e926-43cc-5927-1372efd4486e::b3d7f690-7f95-405e-bb62-1e9d3b9f2d46"},"thread_id":47062185508100,"fiber_id":47062167821140,"process_id":15535,"file":"/var/vcap/data/packages/cloud_controller_ng/f87cb49aa2cd87792cb9c2211a79e1542502be4d.1-b1a5f3c830cb6c32ae9e685628b24aa967f5ae54/cloud_controller_ng/lib/cloud_controller/rest_controller/common_params.rb","lineno":10,"method":"parse"}

2016-09-29T20:03:37.128059+00:00 b0fa19c0-86de-4447-a670-3f7adbd0b3c1 - - - [NXLOG@14506 bosh_deployment="cf-warden" bosh_job_name="api_z1" bosh_job_index="0" filename="/var/vcap/data/sys/log/cloud_controller_ng/cloud_controller_ng.log"] {"timestamp":1475179410.9117732,"message":"cc.dispatch","log_level":"debug","source":"cc.api","data":{"request_guid":"06c51c02-e926-43cc-5927-1372efd4486e::b3d7f690-7f95-405e-bb62-1e9d3b9f2d46","endpoint":"list","args":[]},"thread_id":47062185508100,"fiber_id":47062167821140,"process_id":15535,"file":"/var/vcap/data/packages/cloud_controller_ng/f87cb49aa2cd87792cb9c2211a79e1542502be4d.1-b1a5f3c830cb6c32ae9e685628b24aa967f5ae54/cloud_controller_ng/app/controllers/base/base_controller.rb","lineno":78,"method":"dispatch"}

2016-09-29T20:03:37.128080+00:00 b0fa19c0-86de-4447-a670-3f7adbd0b3c1 - - - [NXLOG@14506 bosh_deployment="cf-warden" bosh_job_name="api_z1" bosh_job_index="0" filename="/var/vcap/data/sys/log/cloud_controller_ng/cloud_controller_ng.log"] {"timestamp":1475179410.9137561,"message":"(0.000965s) SELECT \"apps\".\"guid\", string_agg(\"service_bindings\".\"syslog_drain_url\", ',') AS \"syslog_drain_urls\" FROM \"apps\" INNER JOIN \"service_bindings\" ON (\"service_bindings\".\"app_id\" = \"apps\".\"id\") WHERE ((syslog_drain_url IS NOT NULL) AND (syslog_drain_url != '')) GROUP BY \"apps\".\"guid\" UNION ALL (SELECT \"apps_v3\".\"guid\", string_agg(\"v3_service_bindings\".\"syslog_drain_url\", ',') AS \"syslog_drain_urls\" FROM \"apps_v3\" INNER JOIN \"v3_service_bindings\" ON (\"v3_service_bindings\".\"app_id\" = \"apps_v3\".\"id\") WHERE ((syslog_drain_url IS NOT NULL) AND (syslog_drain_url != '')) GROUP BY \"apps_v3\".\"guid\") ORDER BY \"guid\" LIMIT 1000 OFFSET 0","log_level":"debug2","source":"cc.db","data":{"request_guid":"06c51c02-e926-43cc-5927-1372efd4486e::b3d7f690-7f95-405e-bb62-1e9d3b9f2d46"},"thread_id":47062185508100,"fiber_id":47062167821140,"process_id":15535,"file":"/var/vcap/packages/cloud_controller_ng/cloud_controller_ng/vendor/bundle/ruby/2.3.0/gems/sequel-4.29.0/lib/sequel/database/logging.rb","lineno":70,"method":"block in log_each"}

2016-09-29T20:03:37.128102+00:00 b0fa19c0-86de-4447-a670-3f7adbd0b3c1 - - - [NXLOG@14506 bosh_deployment="cf-warden" bosh_job_name="api_z1" bosh_job_index="0" filename="/var/vcap/data/sys/log/cloud_controller_ng/cloud_controller_ng.log"] {"timestamp":1475179410.914147,"message":"Completed 200 vcap-request-id: 06c51c02-e926-43cc-5927-1372efd4486e::b3d7f690-7f95-405e-bb62-1e9d3b9f2d46","log_level":"info","source":"cc.api","data":{},"thread_id":47062185508100,"fiber_id":47062167821140,"process_id":15535,"file":"/var/vcap/packages/cloud_controller_ng/cloud_controller_ng/middleware/request_logs.rb","lineno":24,"method":"call"}

2016-09-29T20:03:37.128133+00:00 b0fa19c0-86de-4447-a670-3f7adbd0b3c1 - - - [NXLOG@14506 bosh_deployment="cf-warden" bosh_job_name="api_z1" bosh_job_index="0" filename="/var/vcap/data/sys/log/cloud_controller_ng/cloud_controller_ng.log"] {"timestamp":1475179410.9142792,"message":"Statsd: cc.requests.outstanding:-1|c\ncc.requests.completed:1|c\ncc.http_status.2XX:1|c","log_level":"debug","source":"statsd.client","data":{},"thread_id":47062185508100,"fiber_id":47062167821140,"process_id":15535,"file":"/var/vcap/packages/cloud_controller_ng/cloud_controller_ng/vendor/bundle/ruby/2.3.0/gems/statsd-ruby-1.2.1/lib/statsd.rb","lineno":254,"method":"send_to_socket"}

2016-09-29T20:03:37.128153+00:00 b0fa19c0-86de-4447-a670-3f7adbd0b3c1 - - - [NXLOG@14506 bosh_deployment="cf-warden" bosh_job_name="api_z1" bosh_job_index="0" filename="/var/vcap/data/sys/log/cloud_controller_ng/cloud_controller_ng.log"] {"timestamp":1475179412.2599874,"message":"(0.000815s) SELECT * FROM \"delayed_jobs\" WHERE ((((\"run_at\" <= '2016-09-29 20:03:32.258568+0000') AND (\"locked_at\" IS NULL)) OR (\"locked_by\" = 'cc_api_worker.api_z1.0.2')) AND (\"failed_at\" IS NULL) AND (\"queue\" IN ('cc-api_z1-0'))) ORDER BY \"priority\" ASC, \"run_at\" ASC LIMIT 5","log_level":"debug2","source":"cc.background","data":{},"thread_id":47118928261380,"fiber_id":47118965175380,"process_id":15629,"file":"/var/vcap/packages/cloud_controller_ng/cloud_controller_ng/vendor/bundle/ruby/2.3.0/gems/sequel-4.29.0/lib/sequel/database/logging.rb","lineno":70,"method":"block in log_each"}

2016-09-29T20:03:37.128172+00:00 b0fa19c0-86de-4447-a670-3f7adbd0b3c1 - - - [NXLOG@14506 bosh_deployment="cf-warden" bosh_job_name="api_z1" bosh_job_index="0" filename="/var/vcap/data/sys/log/cloud_controller_ng/cloud_controller_ng.log"] {"timestamp":1475179413.550247,"message":"(0.000465s) SELECT * FROM \"delayed_jobs\" WHERE ((((\"run_at\" <= '2016-09-29 20:03:33.549268+0000') AND (\"locked_at\" IS NULL)) OR (\"locked_by\" = 'cc_api_worker.api_z1.0.1')) AND (\"failed_at\" IS NULL) AND (\"queue\" IN ('cc-api_z1-0'))) ORDER BY \"priority\" ASC, \"run_at\" ASC LIMIT 5","log_level":"debug2","source":"cc.background","data":{},"thread_id":47452862460180,"fiber_id":47452899698480,"process_id":15587,"file":"/var/vcap/packages/cloud_controller_ng/cloud_controller_ng/vendor/bundle/ruby/2.3.0/gems/sequel-4.29.0/lib/sequel/database/logging.rb","lineno":70,"method":"block in log_each"}

2016-09-29T20:03:37.128202+00:00 b0fa19c0-86de-4447-a670-3f7adbd0b3c1 - - - [NXLOG@14506 bosh_deployment="cf-warden" bosh_job_name="api_z1" bosh_job_index="0" filename="/var/vcap/data/sys/log/cloud_controller_ng/cloud_controller_ng.log"] {"timestamp":1475179414.3734896,"message":"Statsd: cc.vitals.uptime:1899686|g\ncc.vitals.cpu:0.0|g\ncc.vitals.mem_bytes:150700032|g\ncc.vitals.cpu_load_avg:0.32|g\ncc.vitals.mem_used_bytes:4027719680|g\ncc.vitals.mem_free_bytes:2230329344|g\ncc.vitals.num_cores:4|g","log_level":"debug","source":"statsd.client","data":{},"thread_id":47062143684880,"fiber_id":47062184032460,"process_id":15535,"file":"/var/vcap/packages/cloud_controller_ng/cloud_controller_ng/vendor/bundle/ruby/2.3.0/gems/statsd-ruby-1.2.1/lib/statsd.rb","lineno":254,"method":"send_to_socket"}

2016-09-29T20:03:37.128221+00:00 b0fa19c0-86de-4447-a670-3f7adbd0b3c1 - - - [NXLOG@14506 bosh_deployment="cf-warden" bosh_job_name="api_z1" bosh_job_index="0" filename="/var/vcap/data/sys/log/cloud_controller_ng/cloud_controller_ng.log"] {"timestamp":1475179414.373819,"message":"Statsd: cc.log_count.off:0|g\ncc.log_count.fatal:0|g\ncc.log_count.error:0|g\ncc.log_count.warn:0|g\ncc.log_count.info:45770|g\ncc.log_count.debug:139661|g\ncc.log_count.debug1:0|g\ncc.log_count.debug2:27343|g\ncc.log_count.all:0|g","log_level":"debug","source":"statsd.client","data":{},"thread_id":47062143684880,"fiber_id":47062184032460,"process_id":15535,"file":"/var/vcap/packages/cloud_controller_ng/cloud_controller_ng/vendor/bundle/ruby/2.3.0/gems/statsd-ruby-1.2.1/lib/statsd.rb","lineno":254,"method":"send_to_socket"}

2016-09-29T20:03:37.128240+00:00 b0fa19c0-86de-4447-a670-3f7adbd0b3c1 - - - [NXLOG@14506 bosh_deployment="cf-warden" bosh_job_name="api_z1" bosh_job_index="0" filename="/var/vcap/data/sys/log/cloud_controller_ng/cloud_controller_ng.log"] {"timestamp":1475179414.3749688,"message":"(0.000624s) SELECT count(*) AS \"count\" FROM \"tasks\" WHERE (\"state\" = 'RUNNING') LIMIT 1","log_level":"debug2","source":"cc.db","data":{},"thread_id":47062143684880,"fiber_id":47062184032460,"process_id":15535,"file":"/var/vcap/packages/cloud_controller_ng/cloud_controller_ng/vendor/bundle/ruby/2.3.0/gems/sequel-4.29.0/lib/sequel/database/logging.rb","lineno":70,"method":"block in log_each"}

2016-09-29T20:03:37.128268+00:00 b0fa19c0-86de-4447-a670-3f7adbd0b3c1 - - - [NXLOG@14506 bosh_deployment="cf-warden" bosh_job_name="api_z1" bosh_job_index="0" filename="/var/vcap/data/sys/log/cloud_controller_ng/cloud_controller_ng.log"] {"timestamp":1475179414.3755143,"message":"(0.000204s) SELECT sum(\"memory_in_mb\") AS \"sum\" FROM \"tasks\" WHERE (\"state\" = 'RUNNING') LIMIT 1","log_level":"debug2","source":"cc.db","data":{},"thread_id":47062143684880,"fiber_id":47062184032460,"process_id":15535,"file":"/var/vcap/packages/cloud_controller_ng/cloud_controller_ng/vendor/bundle/ruby/2.3.0/gems/sequel-4.29.0/lib/sequel/database/logging.rb","lineno":70,"method":"block in log_each"}

2016-09-29T20:03:37.128287+00:00 b0fa19c0-86de-4447-a670-3f7adbd0b3c1 - - - [NXLOG@14506 bosh_deployment="cf-warden" bosh_job_name="api_z1" bosh_job_index="0" filename="/var/vcap/data/sys/log/cloud_controller_ng/cloud_controller_ng.log"] {"timestamp":1475179414.3757322,"message":"Statsd: cc.tasks_running.count:0|g\ncc.tasks_running.memory_in_mb:0|g","log_level":"debug","source":"statsd.client","data":{},"thread_id":47062143684880,"fiber_id":47062184032460,"process_id":15535,"file":"/var/vcap/packages/cloud_controller_ng/cloud_controller_ng/vendor/bundle/ruby/2.3.0/gems/statsd-ruby-1.2.1/lib/statsd.rb","lineno":254,"method":"send_to_socket"}

2016-09-29T20:03:37.128305+00:00 b0fa19c0-86de-4447-a670-3f7adbd0b3c1 - - - [NXLOG@14506 bosh_deployment="cf-warden" bosh_job_name="api_z1" bosh_job_index="0" filename="/var/vcap/data/sys/log/cloud_controller_ng/cloud_controller_ng.log"] {"timestamp":1475179416.488994,"message":"(0.000931s) SELECT \"queue\", count(*) AS \"count\" FROM \"delayed_jobs\" WHERE (\"attempts\" = 0) GROUP BY \"queue\"","log_level":"debug2","source":"cc.db","data":{},"thread_id":47062143684880,"fiber_id":47062184032460,"process_id":15535,"file":"/var/vcap/packages/cloud_controller_ng/cloud_controller_ng/vendor/bundle/ruby/2.3.0/gems/sequel-4.29.0/lib/sequel/database/logging.rb","lineno":70,"method":"block in log_each"}

2016-09-29T20:03:37.128323+00:00 b0fa19c0-86de-4447-a670-3f7adbd0b3c1 - - - [NXLOG@14506 bosh_deployment="cf-warden" bosh_job_name="api_z1" bosh_job_index="0" filename="/var/vcap/data/sys/log/cloud_controller_ng/cloud_controller_ng.log"] {"timestamp":1475179416.48946,"message":"Statsd: cc.job_queue_length.total:0|g\ncc.job_queue_length.total:0|g","log_level":"debug","source":"statsd.client","data":{},"thread_id":47062143684880,"fiber_id":47062184032460,"process_id":15535,"file":"/var/vcap/packages/cloud_controller_ng/cloud_controller_ng/vendor/bundle/ruby/2.3.0/gems/statsd-ruby-1.2.1/lib/statsd.rb","lineno":254,"method":"send_to_socket"}

2016-09-29T20:03:37.128341+00:00 b0fa19c0-86de-4447-a670-3f7adbd0b3c1 - - - [NXLOG@14506 bosh_deployment="cf-warden" bosh_job_name="api_z1" bosh_job_index="0" filename="/var/vcap/data/sys/log/cloud_controller_ng/cloud_controller_ng.log"] {"timestamp":1475179416.490084,"message":"Statsd: cc.thread_info.thread_count:21|g\ncc.thread_info.event_machine.connection_count:3|g\ncc.thread_info.event_machine.threadqueue.size:0|g\ncc.thread_info.event_machine.threadqueue.num_waiting:20|g\ncc.thread_info.event_machine.resultqueue.size:0|g\ncc.thread_info.event_machine.resultqueue.num_waiting:0|g","log_level":"debug","source":"statsd.client","data":{},"thread_id":47062143684880,"fiber_id":47062184032460,"process_id":15535,"file":"/var/vcap/packages/cloud_controller_ng/cloud_controller_ng/vendor/bundle/ruby/2.3.0/gems/statsd-ruby-1.2.1/lib/statsd.rb","lineno":254,"method":"send_to_socket"}

2016-09-29T20:03:37.128359+00:00 b0fa19c0-86de-4447-a670-3f7adbd0b3c1 - - - [NXLOG@14506 bosh_deployment="cf-warden" bosh_job_name="api_z1" bosh_job_index="0" filename="/var/vcap/data/sys/log/cloud_controller_ng/cloud_controller_ng.log"] {"timestamp":1475179416.4913998,"message":"(0.000420s) SELECT \"queue\", count(*) AS \"count\" FROM \"delayed_jobs\" WHERE (failed_at IS NOT NULL) GROUP BY \"queue\"","log_level":"debug2","source":"cc.db","data":{},"thread_id":47062143684880,"fiber_id":47062184032460,"process_id":15535,"file":"/var/vcap/packages/cloud_controller_ng/cloud_controller_ng/vendor/bundle/ruby/2.3.0/gems/sequel-4.29.0/lib/sequel/database/logging.rb","lineno":70,"method":"block in log_each"}

2016-09-29T20:03:37.128408+00:00 b0fa19c0-86de-4447-a670-3f7adbd0b3c1 - - - [NXLOG@14506 bosh_deployment="cf-warden" bosh_job_name="api_z1" bosh_job_index="0" filename="/var/vcap/data/sys/log/cloud_controller_ng/cloud_controller_ng.log"] {"timestamp":1475179416.4916856,"message":"Statsd: cc.failed_job_count.cc-api_z1-0:2|g\ncc.failed_job_count.total:2|g\ncc.failed_job_count.total:2|g","log_level":"debug","source":"statsd.client","data":{},"thread_id":47062143684880,"fiber_id":47062184032460,"process_id":15535,"file":"/var/vcap/packages/cloud_controller_ng/cloud_controller_ng/vendor/bundle/ruby/2.3.0/gems/statsd-ruby-1.2.1/lib/statsd.rb","lineno":254,"method":"send_to_socket"}

2016-09-29T20:03:46.975335+00:00 bfc626ef-a2eb-4bad-8f71-fa1d6d0f927f - - - [NXLOG@14506 bosh_deployment="cf-warden" bosh_job_name="loggregator_trafficcontroller_z1" bosh_job_index="0" filename="/var/vcap/data/sys/log/route_registrar/route_registrar.stdout.log"] {"timestamp":"1475179426.735128164","source":"Route Registrar","message":"Route Registrar.no healthchecker found for route","log_level":1,"data":{"route":{"Name":"doppler","Port":8081,"Tags":null,"URIs":["doppler.bosh-lite.com"],"RouteServiceUrl":"","RegistrationInterval":20000000000,"HealthCheck":null}}}

2016-09-29T20:03:46.975572+00:00 bfc626ef-a2eb-4bad-8f71-fa1d6d0f927f - - - [NXLOG@14506 bosh_deployment="cf-warden" bosh_job_name="loggregator_trafficcontroller_z1" bosh_job_index="0" filename="/var/vcap/data/sys/log/route_registrar/route_registrar.stdout.log"] {"timestamp":"1475179426.735238552","source":"Route Registrar","message":"Route Registrar.Registering route","log_level":1,"data":{"route":{"Name":"doppler","Port":8081,"Tags":null,"URIs":["doppler.bosh-lite.com"],"RouteServiceUrl":"","RegistrationInterval":20000000000,"HealthCheck":null}}}

2016-09-29T20:03:46.975636+00:00 bfc626ef-a2eb-4bad-8f71-fa1d6d0f927f - - - [NXLOG@14506 bosh_deployment="cf-warden" bosh_job_name="loggregator_trafficcontroller_z1" bosh_job_index="0" filename="/var/vcap/data/sys/log/route_registrar/route_registrar.stdout.log"] {"timestamp":"1475179426.735354424","source":"Route Registrar","message":"Route Registrar.Registered routes successfully","log_level":1,"data":{}}

2016-09-29T20:03:56.986559+00:00 fc52b791-0068-48d0-b63d-a9600b8fa32e - - - [NXLOG@14506 bosh_deployment="cf-warden" bosh_job_name="runner_z1" bosh_job_index="0" filename="/var/vcap/data/sys/log/dea_next/dea_next.log"] {"timestamp":1475179431.7777693,"message":"hm9000.heartbeat.accepted","log_level":"debug","source":"Dea::Bootstrap","data":{},"thread_id":47241050153960,"fiber_id":47241051414980,"process_id":6941,"file":"/var/vcap/packages/dea_next/lib/dea/utils/hm9000.rb","lineno":49,"method":"handle_http_response"}

2016-09-29T20:03:57.119137+00:00 f0562343-642f-42d4-aca5-293abe675815 - - - [NXLOG@14506 bosh_deployment="cf-warden" bosh_job_name="blobstore_z1" bosh_job_index="0" filename="/var/vcap/data/sys/log/route_registrar/route_registrar.stdout.log"] {"timestamp":"1475179428.512991190","source":"Route Registrar","message":"Route Registrar.no healthchecker found for route","log_level":1,"data":{"route":{"Name":"blobstore","Port":80,"Tags":{"component":"blobstore"},"URIs":["blobstore.bosh-lite.com"],"RouteServiceUrl":"","RegistrationInterval":20000000000,"HealthCheck":null}}}

2016-09-29T20:03:57.119313+00:00 f0562343-642f-42d4-aca5-293abe675815 - - - [NXLOG@14506 bosh_deployment="cf-warden" bosh_job_name="blobstore_z1" bosh_job_index="0" filename="/var/vcap/data/sys/log/route_registrar/route_registrar.stdout.log"] {"timestamp":"1475179428.513108253","source":"Route Registrar","message":"Route Registrar.Registering route","log_level":1,"data":{"route":{"Name":"blobstore","Port":80,"Tags":{"component":"blobstore"},"URIs":["blobstore.bosh-lite.com"],"RouteServiceUrl":"","RegistrationInterval":20000000000,"HealthCheck":null}}}

2016-09-29T20:03:57.119403+00:00 f0562343-642f-42d4-aca5-293abe675815 - - - [NXLOG@14506 bosh_deployment="cf-warden" bosh_job_name="blobstore_z1" bosh_job_index="0" filename="/var/vcap/data/sys/log/route_registrar/route_registrar.stdout.log"] {"timestamp":"1475179428.513208389","source":"Route Registrar","message":"Route Registrar.Registered routes successfully","log_level":1,"data":{}}

2016-09-29T20:03:57.119286+00:00 152ab062-1f32-4789-910a-13bdc79651b2 - - - [NXLOG@14506 bosh_deployment="cf-warden" bosh_job_name="hm9000_z1" bosh_job_index="0" filename="/var/vcap/data/sys/log/hm9000/hm9000_listener.log"] {"timestamp":"1475179431.776753187","source":"listener","message":"listener.Received a heartbeat","log_level":1,"data":{"Heartbeats Pending Save":"1"}}

2016-09-29T20:03:57.119427+00:00 152ab062-1f32-4789-910a-13bdc79651b2 - - - [NXLOG@14506 bosh_deployment="cf-warden" bosh_job_name="hm9000_z1" bosh_job_index="0" filename="/var/vcap/data/sys/log/hm9000/hm9000_listener.log"] {"timestamp":"1475179431.817091942","source":"listener","message":"listener.Saving Heartbeats","log_level":1,"data":{"Heartbeats to Save":"1"}}

2016-09-29T20:03:57.119513+00:00 152ab062-1f32-4789-910a-13bdc79651b2 - - - [NXLOG@14506 bosh_deployment="cf-warden" bosh_job_name="hm9000_z1" bosh_job_index="0" filename="/var/vcap/data/sys/log/hm9000/hm9000_listener.log"] {"timestamp":"1475179431.824568033","source":"listener","message":"listener.Bumped freshness","log_level":1,"data":{}}

2016-09-29T20:03:57.119593+00:00 152ab062-1f32-4789-910a-13bdc79651b2 - - - [NXLOG@14506 bosh_deployment="cf-warden" bosh_job_name="hm9000_z1" bosh_job_index="0" filename="/var/vcap/data/sys/log/hm9000/hm9000_listener.log"] {"timestamp":"1475179431.824608326","source":"listener","message":"listener.Saved Heartbeats","log_level":1,"data":{"Duration":"7.391652ms","Heartbeats to Save":"1"}}

2016-09-29T20:03:57.120772+00:00 05bf1627-ae2f-400c-b1ce-31973a9ff23f - - - [NXLOG@14506 bosh_deployment="cf-warden" bosh_job_name="uaa_z1" bosh_job_index="0" filename="/var/vcap/data/sys/log/uaa/localhost_access.log"] 127.0.0.1 - - [29/Sep/2016:20:03:38 +0000] "GET /healthz HTTP/1.1" 200 3

2016-09-29T20:03:57.120885+00:00 05bf1627-ae2f-400c-b1ce-31973a9ff23f - - - [NXLOG@14506 bosh_deployment="cf-warden" bosh_job_name="uaa_z1" bosh_job_index="0" filename="/var/vcap/data/sys/log/uaa/localhost_access.log"] 127.0.0.1 - - [29/Sep/2016:20:03:40 +0000] "GET /healthz HTTP/1.1" 200 3

2016-09-29T20:03:57.120945+00:00 05bf1627-ae2f-400c-b1ce-31973a9ff23f - - - [NXLOG@14506 bosh_deployment="cf-warden" bosh_job_name="uaa_z1" bosh_job_index="0" filename="/var/vcap/data/sys/log/uaa/localhost_access.log"] 127.0.0.1 - - [29/Sep/2016:20:03:42 +0000] "GET /healthz HTTP/1.1" 200 3

2016-09-29T20:03:57.121084+00:00 05bf1627-ae2f-400c-b1ce-31973a9ff23f - - - [NXLOG@14506 bosh_deployment="cf-warden" bosh_job_name="uaa_z1" bosh_job_index="0" filename="/var/vcap/data/sys/log/uaa/localhost_access.log"] 127.0.0.1 - - [29/Sep/2016:20:03:46 +0000] "GET /healthz HTTP/1.1" 200 3

2016-09-29T20:03:57.121166+00:00 05bf1627-ae2f-400c-b1ce-31973a9ff23f - - - [NXLOG@14506 bosh_deployment="cf-warden" bosh_job_name="uaa_z1" bosh_job_index="0" filename="/var/vcap/data/sys/log/route_registrar/route_registrar.stdout.log"] {"timestamp":"1475179430.808313131","source":"Route Registrar","message":"Route Registrar.Executing script","log_level":1,"data":{"scriptPath":"/var/vcap/jobs/uaa/bin/health_check"}}

2016-09-29T20:03:57.121227+00:00 05bf1627-ae2f-400c-b1ce-31973a9ff23f - - - [NXLOG@14506 bosh_deployment="cf-warden" bosh_job_name="uaa_z1" bosh_job_index="0" filename="/var/vcap/data/sys/log/route_registrar/route_registrar.stdout.log"] {"timestamp":"1475179430.819847584","source":"Route Registrar","message":"Route Registrar.Script exited without error","log_level":1,"data":{"script":"/var/vcap/jobs/uaa/bin/health_check","stderr":"  % Total    % Received % Xferd  Average Speed   Time    Time     Time  Current\n                                 Dload  Upload   Total   Spent    Left  Speed\n\r  0     0    0     0    0     0      0      0 --:--:-- --:--:-- --:--:--     0\r100     3  100     3    0     0   2929      0 --:--:-- --:--:-- --:--:--  3000\n","stdout":""}}

2016-09-29T20:03:57.121337+00:00 05bf1627-ae2f-400c-b1ce-31973a9ff23f - - - [NXLOG@14506 bosh_deployment="cf-warden" bosh_job_name="uaa_z1" bosh_job_index="0" filename="/var/vcap/data/sys/log/route_registrar/route_registrar.stdout.log"] {"timestamp":"1475179430.819946527","source":"Route Registrar","message":"Route Registrar.healthchecker returned healthy for route","log_level":1,"data":{"route":{"Name":"uaa","Port":8080,"Tags":{"component":"uaa"},"URIs":["uaa.bosh-lite.com","*.uaa.bosh-lite.com","login.bosh-lite.com","*.login.bosh-lite.com"],"RouteServiceUrl":"","RegistrationInterval":4000000000,"HealthCheck":{"Name":"uaa-healthcheck","ScriptPath":"/var/vcap/jobs/uaa/bin/health_check","Timeout":2000000000}}}}

2016-09-29T20:03:57.121394+00:00 05bf1627-ae2f-400c-b1ce-31973a9ff23f - - - [NXLOG@14506 bosh_deployment="cf-warden" bosh_job_name="uaa_z1" bosh_job_index="0" filename="/var/vcap/data/sys/log/route_registrar/route_registrar.stdout.log"] {"timestamp":"1475179430.819975615","source":"Route Registrar","message":"Route Registrar.Registering route","log_level":1,"data":{"route":{"Name":"uaa","Port":8080,"Tags":{"component":"uaa"},"URIs":["uaa.bosh-lite.com","*.uaa.bosh-lite.com","login.bosh-lite.com","*.login.bosh-lite.com"],"RouteServiceUrl":"","RegistrationInterval":4000000000,"HealthCheck":{"Name":"uaa-healthcheck","ScriptPath":"/var/vcap/jobs/uaa/bin/health_check","Timeout":2000000000}}}}

2016-09-29T20:03:57.121450+00:00 05bf1627-ae2f-400c-b1ce-31973a9ff23f - - - [NXLOG@14506 bosh_deployment="cf-warden" bosh_job_name="uaa_z1" bosh_job_index="0" filename="/var/vcap/data/sys/log/route_registrar/route_registrar.stdout.log"] {"timestamp":"1475179430.820377350","source":"Route Registrar","message":"Route Registrar.Registered routes successfully","log_level":1,"data":{}}

2016-09-29T20:03:57.121501+00:00 05bf1627-ae2f-400c-b1ce-31973a9ff23f - - - [NXLOG@14506 bosh_deployment="cf-warden" bosh_job_name="uaa_z1" bosh_job_index="0" filename="/var/vcap/data/sys/log/route_registrar/route_registrar.stdout.log"] {"timestamp":"1475179434.808575153","source":"Route Registrar","message":"Route Registrar.Executing script","log_level":1,"data":{"scriptPath":"/var/vcap/jobs/uaa/bin/health_check"}}

2016-09-29T20:03:57.122007+00:00 05bf1627-ae2f-400c-b1ce-31973a9ff23f - - - [NXLOG@14506 bosh_deployment="cf-warden" bosh_job_name="uaa_z1" bosh_job_index="0" filename="/var/vcap/data/sys/log/route_registrar/route_registrar.stdout.log"] {"timestamp":"1475179434.826097488","source":"Route Registrar","message":"Route Registrar.Script exited without error","log_level":1,"data":{"script":"/var/vcap/jobs/uaa/bin/health_check","stderr":"  % Total    % Received % Xferd  Average Speed   Time    Time     Time  Current\n                                 Dload  Upload   Total   Spent    Left  Speed\n\r  0     0    0     0    0     0      0      0 --:--:-- --:--:-- --:--:--     0\r100     3  100     3    0     0    572      0 --:--:-- --:--:-- --:--:--   600\n","stdout":""}}

2016-09-29T20:03:57.122073+00:00 05bf1627-ae2f-400c-b1ce-31973a9ff23f - - - [NXLOG@14506 bosh_deployment="cf-warden" bosh_job_name="uaa_z1" bosh_job_index="0" filename="/var/vcap/data/sys/log/route_registrar/route_registrar.stdout.log"] {"timestamp":"1475179434.826179028","source":"Route Registrar","message":"Route Registrar.healthchecker returned healthy for route","log_level":1,"data":{"route":{"Name":"uaa","Port":8080,"Tags":{"component":"uaa"},"URIs":["uaa.bosh-lite.com","*.uaa.bosh-lite.com","login.bosh-lite.com","*.login.bosh-lite.com"],"RouteServiceUrl":"","RegistrationInterval":4000000000,"HealthCheck":{"Name":"uaa-healthcheck","ScriptPath":"/var/vcap/jobs/uaa/bin/health_check","Timeout":2000000000}}}}

2016-09-29T20:03:57.122691+00:00 05bf1627-ae2f-400c-b1ce-31973a9ff23f - - - [NXLOG@14506 bosh_deployment="cf-warden" bosh_job_name="uaa_z1" bosh_job_index="0" filename="/var/vcap/data/sys/log/route_registrar/route_registrar.stdout.log"] {"timestamp":"1475179434.826212645","source":"Route Registrar","message":"Route Registrar.Registering route","log_level":1,"data":{"route":{"Name":"uaa","Port":8080,"Tags":{"component":"uaa"},"URIs":["uaa.bosh-lite.com","*.uaa.bosh-lite.com","login.bosh-lite.com","*.login.bosh-lite.com"],"RouteServiceUrl":"","RegistrationInterval":4000000000,"HealthCheck":{"Name":"uaa-healthcheck","ScriptPath":"/var/vcap/jobs/uaa/bin/health_check","Timeout":2000000000}}}}

2016-09-29T20:03:57.122746+00:00 05bf1627-ae2f-400c-b1ce-31973a9ff23f - - - [NXLOG@14506 bosh_deployment="cf-warden" bosh_job_name="uaa_z1" bosh_job_index="0" filename="/var/vcap/data/sys/log/route_registrar/route_registrar.stdout.log"] {"timestamp":"1475179434.826280117","source":"Route Registrar","message":"Route Registrar.Registered routes successfully","log_level":1,"data":{}}

2016-09-29T20:03:57.122794+00:00 05bf1627-ae2f-400c-b1ce-31973a9ff23f - - - [NXLOG@14506 bosh_deployment="cf-warden" bosh_job_name="uaa_z1" bosh_job_index="0" filename="/var/vcap/data/sys/log/uaa/uaa.log"] [2016-09-29 20:03:50.723] uaa - 19013 [http-nio-127.0.0.1-8989-exec-10] .... DEBUG --- AntPathRequestMatcher: Checking match of request : '/healthz'; against '/resources/**'

2016-09-29T20:03:57.123195+00:00 05bf1627-ae2f-400c-b1ce-31973a9ff23f - - - [NXLOG@14506 bosh_deployment="cf-warden" bosh_job_name="uaa_z1" bosh_job_index="0" filename="/var/vcap/data/sys/log/uaa/uaa.log"] [2016-09-29 20:03:50.723] uaa - 19013 [http-nio-127.0.0.1-8989-exec-10] .... DEBUG --- AntPathRequestMatcher: Checking match of request : '/healthz'; against '/square-logo.png'

2016-09-29T20:03:57.123250+00:00 05bf1627-ae2f-400c-b1ce-31973a9ff23f - - - [NXLOG@14506 bosh_deployment="cf-warden" bosh_job_name="uaa_z1" bosh_job_index="0" filename="/var/vcap/data/sys/log/uaa/uaa.log"] [2016-09-29 20:03:50.723] uaa - 19013 [http-nio-127.0.0.1-8989-exec-10] .... DEBUG --- AntPathRequestMatcher: Checking match of request : '/healthz'; against '/info'

2016-09-29T20:03:57.123275+00:00 05bf1627-ae2f-400c-b1ce-31973a9ff23f - - - [NXLOG@14506 bosh_deployment="cf-warden" bosh_job_name="uaa_z1" bosh_job_index="0" filename="/var/vcap/data/sys/log/uaa/uaa.log"] [2016-09-29 20:03:50.723] uaa - 19013 [http-nio-127.0.0.1-8989-exec-10] .... DEBUG --- AntPathRequestMatcher: Checking match of request : '/healthz'; against '/password/**'

2016-09-29T20:03:57.123287+00:00 05bf1627-ae2f-400c-b1ce-31973a9ff23f - - - [NXLOG@14506 bosh_deployment="cf-warden" bosh_job_name="uaa_z1" bosh_job_index="0" filename="/var/vcap/data/sys/log/uaa/uaa.log"] [2016-09-29 20:03:50.723] uaa - 19013 [http-nio-127.0.0.1-8989-exec-10] .... DEBUG --- AntPathRequestMatcher: Checking match of request : '/healthz'; against '/healthz/**'

2016-09-29T20:03:57.123296+00:00 05bf1627-ae2f-400c-b1ce-31973a9ff23f - - - [NXLOG@14506 bosh_deployment="cf-warden" bosh_job_name="uaa_z1" bosh_job_index="0" filename="/var/vcap/data/sys/log/uaa/uaa.log"] [2016-09-29 20:03:50.723] uaa - 19013 [http-nio-127.0.0.1-8989-exec-10] .... DEBUG --- FilterChainProxy: /healthz has an empty filter list

2016-09-29T20:03:57.123306+00:00 05bf1627-ae2f-400c-b1ce-31973a9ff23f - - - [NXLOG@14506 bosh_deployment="cf-warden" bosh_job_name="uaa_z1" bosh_job_index="0" filename="/var/vcap/data/sys/log/uaa/uaa.log"] [2016-09-29 20:03:50.723] uaa - 19013 [http-nio-127.0.0.1-8989-exec-10] .... DEBUG --- DispatcherServlet: DispatcherServlet with name 'spring' processing GET request for [/healthz]

2016-09-29T20:03:57.123327+00:00 05bf1627-ae2f-400c-b1ce-31973a9ff23f - - - [NXLOG@14506 bosh_deployment="cf-warden" bosh_job_name="uaa_z1" bosh_job_index="0" filename="/var/vcap/data/sys/log/uaa/uaa.log"] [2016-09-29 20:03:50.723] uaa - 19013 [http-nio-127.0.0.1-8989-exec-10] .... DEBUG --- DispatcherServlet: Last-Modified value for [/healthz] is: -1

2016-09-29T20:03:57.123337+00:00 05bf1627-ae2f-400c-b1ce-31973a9ff23f - - - [NXLOG@14506 bosh_deployment="cf-warden" bosh_job_name="uaa_z1" bosh_job_index="0" filename="/var/vcap/data/sys/log/uaa/uaa.log"] [2016-09-29 20:03:50.723] uaa - 19013 [http-nio-127.0.0.1-8989-exec-10] .... DEBUG --- RequestResponseBodyMethodProcessor: Written [ok

2016-09-29T20:03:57.123346+00:00 05bf1627-ae2f-400c-b1ce-31973a9ff23f - - - [NXLOG@14506 bosh_deployment="cf-warden" bosh_job_name="uaa_z1" bosh_job_index="0" filename="/var/vcap/data/sys/log/uaa/uaa.log"] ] as "text/plain;charset=ISO-8859-1" using [org.springframework.http.converter.StringHttpMessageConverter@178b2baf]

2016-09-29T20:03:57.123355+00:00 05bf1627-ae2f-400c-b1ce-31973a9ff23f - - - [NXLOG@14506 bosh_deployment="cf-warden" bosh_job_name="uaa_z1" bosh_job_index="0" filename="/var/vcap/data/sys/log/uaa/uaa.log"] [2016-09-29 20:03:50.723] uaa - 19013 [http-nio-127.0.0.1-8989-exec-10] .... DEBUG --- DispatcherServlet: Null ModelAndView returned to DispatcherServlet with name 'spring': assuming HandlerAdapter completed request handling

2016-09-29T20:03:57.123375+00:00 05bf1627-ae2f-400c-b1ce-31973a9ff23f - - - [NXLOG@14506 bosh_deployment="cf-warden" bosh_job_name="uaa_z1" bosh_job_index="0" filename="/var/vcap/data/sys/log/uaa/uaa.log"] [2016-09-29 20:03:50.723] uaa - 19013 [http-nio-127.0.0.1-8989-exec-10] .... DEBUG --- DispatcherServlet: Successfully completed request

2016-09-29T20:03:57.123385+00:00 05bf1627-ae2f-400c-b1ce-31973a9ff23f - - - [NXLOG@14506 bosh_deployment="cf-warden" bosh_job_name="uaa_z1" bosh_job_index="0" filename="/var/vcap/data/sys/log/uaa/uaa.log"] [2016-09-29 20:03:50.818] uaa - 19013 [http-nio-127.0.0.1-8989-exec-4] .... DEBUG --- AntPathRequestMatcher: Checking match of request : '/healthz'; against '/resources/**'

2016-09-29T20:03:57.123394+00:00 05bf1627-ae2f-400c-b1ce-31973a9ff23f - - - [NXLOG@14506 bosh_deployment="cf-warden" bosh_job_name="uaa_z1" bosh_job_index="0" filename="/var/vcap/data/sys/log/uaa/uaa.log"] [2016-09-29 20:03:50.818] uaa - 19013 [http-nio-127.0.0.1-8989-exec-4] .... DEBUG --- AntPathRequestMatcher: Checking match of request : '/healthz'; against '/square-logo.png'

2016-09-29T20:03:57.123477+00:00 05bf1627-ae2f-400c-b1ce-31973a9ff23f - - - [NXLOG@14506 bosh_deployment="cf-warden" bosh_job_name="uaa_z1" bosh_job_index="0" filename="/var/vcap/data/sys/log/uaa/uaa.log"] [2016-09-29 20:03:50.818] uaa - 19013 [http-nio-127.0.0.1-8989-exec-4] .... DEBUG --- AntPathRequestMatcher: Checking match of request : '/healthz'; against '/info'

2016-09-29T20:03:57.123648+00:00 05bf1627-ae2f-400c-b1ce-31973a9ff23f - - - [NXLOG@14506 bosh_deployment="cf-warden" bosh_job_name="uaa_z1" bosh_job_index="0" filename="/var/vcap/data/sys/log/uaa/uaa.log"] [2016-09-29 20:03:50.818] uaa - 19013 [http-nio-127.0.0.1-8989-exec-4] .... DEBUG --- AntPathRequestMatcher: Checking match of request : '/healthz'; against '/password/**'

2016-09-29T20:03:57.123730+00:00 05bf1627-ae2f-400c-b1ce-31973a9ff23f - - - [NXLOG@14506 bosh_deployment="cf-warden" bosh_job_name="uaa_z1" bosh_job_index="0" filename="/var/vcap/data/sys/log/uaa/uaa.log"] [2016-09-29 20:03:50.818] uaa - 19013 [http-nio-127.0.0.1-8989-exec-4] .... DEBUG --- AntPathRequestMatcher: Checking match of request : '/healthz'; against '/healthz/**'

2016-09-29T20:03:57.123743+00:00 05bf1627-ae2f-400c-b1ce-31973a9ff23f - - - [NXLOG@14506 bosh_deployment="cf-warden" bosh_job_name="uaa_z1" bosh_job_index="0" filename="/var/vcap/data/sys/log/uaa/uaa.log"] [2016-09-29 20:03:50.818] uaa - 19013 [http-nio-127.0.0.1-8989-exec-4] .... DEBUG --- FilterChainProxy: /healthz has an empty filter list

2016-09-29T20:03:57.123753+00:00 05bf1627-ae2f-400c-b1ce-31973a9ff23f - - - [NXLOG@14506 bosh_deployment="cf-warden" bosh_job_name="uaa_z1" bosh_job_index="0" filename="/var/vcap/data/sys/log/uaa/uaa.log"] [2016-09-29 20:03:50.818] uaa - 19013 [http-nio-127.0.0.1-8989-exec-4] .... DEBUG --- DispatcherServlet: DispatcherServlet with name 'spring' processing GET request for [/healthz]

2016-09-29T20:03:57.123762+00:00 05bf1627-ae2f-400c-b1ce-31973a9ff23f - - - [NXLOG@14506 bosh_deployment="cf-warden" bosh_job_name="uaa_z1" bosh_job_index="0" filename="/var/vcap/data/sys/log/uaa/uaa.log"] [2016-09-29 20:03:50.818] uaa - 19013 [http-nio-127.0.0.1-8989-exec-4] .... DEBUG --- DispatcherServlet: Last-Modified value for [/healthz] is: -1

2016-09-29T20:03:57.123771+00:00 05bf1627-ae2f-400c-b1ce-31973a9ff23f - - - [NXLOG@14506 bosh_deployment="cf-warden" bosh_job_name="uaa_z1" bosh_job_index="0" filename="/var/vcap/data/sys/log/uaa/uaa.log"] [2016-09-29 20:03:50.818] uaa - 19013 [http-nio-127.0.0.1-8989-exec-4] .... DEBUG --- RequestResponseBodyMethodProcessor: Written [ok

2016-09-29T20:03:57.123780+00:00 05bf1627-ae2f-400c-b1ce-31973a9ff23f - - - [NXLOG@14506 bosh_deployment="cf-warden" bosh_job_name="uaa_z1" bosh_job_index="0" filename="/var/vcap/data/sys/log/uaa/uaa.log"] ] as "text/plain;charset=ISO-8859-1" using [org.springframework.http.converter.StringHttpMessageConverter@178b2baf]

2016-09-29T20:03:57.123789+00:00 05bf1627-ae2f-400c-b1ce-31973a9ff23f - - - [NXLOG@14506 bosh_deployment="cf-warden" bosh_job_name="uaa_z1" bosh_job_index="0" filename="/var/vcap/data/sys/log/uaa/uaa.log"] [2016-09-29 20:03:50.818] uaa - 19013 [http-nio-127.0.0.1-8989-exec-4] .... DEBUG --- DispatcherServlet: Null ModelAndView returned to DispatcherServlet with name 'spring': assuming HandlerAdapter completed request handling

2016-09-29T20:03:57.123802+00:00 05bf1627-ae2f-400c-b1ce-31973a9ff23f - - - [NXLOG@14506 bosh_deployment="cf-warden" bosh_job_name="uaa_z1" bosh_job_index="0" filename="/var/vcap/data/sys/log/uaa/uaa.log"] [2016-09-29 20:03:50.818] uaa - 19013 [http-nio-127.0.0.1-8989-exec-4] .... DEBUG --- DispatcherServlet: Successfully completed request

2016-09-29T20:03:57.123811+00:00 05bf1627-ae2f-400c-b1ce-31973a9ff23f - - - [NXLOG@14506 bosh_deployment="cf-warden" bosh_job_name="uaa_z1" bosh_job_index="0" filename="/var/vcap/data/sys/log/uaa/uaa.log"] [2016-09-29 20:03:51.156] uaa - 19013 [pool-2-thread-1] .... DEBUG --- JdbcTemplate: Executing SQL query [select count(*) from oauth_client_details]

2016-09-29T20:03:57.123820+00:00 05bf1627-ae2f-400c-b1ce-31973a9ff23f - - - [NXLOG@14506 bosh_deployment="cf-warden" bosh_job_name="uaa_z1" bosh_job_index="0" filename="/var/vcap/data/sys/log/uaa/uaa.log"] [2016-09-29 20:03:51.157] uaa - 19013 [pool-2-thread-1] .... DEBUG --- JdbcTemplate: Executing SQL query [select count(*) from users]

2016-09-29T20:03:57.123831+00:00 05bf1627-ae2f-400c-b1ce-31973a9ff23f - - - [NXLOG@14506 bosh_deployment="cf-warden" bosh_job_name="uaa_z1" bosh_job_index="0" filename="/var/vcap/data/sys/log/uaa/uaa.log"] [2016-09-29 20:03:54.819] uaa - 19013 [http-nio-127.0.0.1-8989-exec-2] .... DEBUG --- AntPathRequestMatcher: Checking match of request : '/healthz'; against '/resources/**'

2016-09-29T20:03:57.123840+00:00 05bf1627-ae2f-400c-b1ce-31973a9ff23f - - - [NXLOG@14506 bosh_deployment="cf-warden" bosh_job_name="uaa_z1" bosh_job_index="0" filename="/var/vcap/data/sys/log/uaa/uaa.log"] [2016-09-29 20:03:54.819] uaa - 19013 [http-nio-127.0.0.1-8989-exec-2] .... DEBUG --- AntPathRequestMatcher: Checking match of request : '/healthz'; against '/square-logo.png'

2016-09-29T20:03:57.123849+00:00 05bf1627-ae2f-400c-b1ce-31973a9ff23f - - - [NXLOG@14506 bosh_deployment="cf-warden" bosh_job_name="uaa_z1" bosh_job_index="0" filename="/var/vcap/data/sys/log/uaa/uaa.log"] [2016-09-29 20:03:54.819] uaa - 19013 [http-nio-127.0.0.1-8989-exec-2] .... DEBUG --- AntPathRequestMatcher: Checking match of request : '/healthz'; against '/info'

2016-09-29T20:03:57.123861+00:00 05bf1627-ae2f-400c-b1ce-31973a9ff23f - - - [NXLOG@14506 bosh_deployment="cf-warden" bosh_job_name="uaa_z1" bosh_job_index="0" filename="/var/vcap/data/sys/log/uaa/uaa.log"] [2016-09-29 20:03:54.819] uaa - 19013 [http-nio-127.0.0.1-8989-exec-2] .... DEBUG --- AntPathRequestMatcher: Checking match of request : '/healthz'; against '/password/**'

2016-09-29T20:03:57.123870+00:00 05bf1627-ae2f-400c-b1ce-31973a9ff23f - - - [NXLOG@14506 bosh_deployment="cf-warden" bosh_job_name="uaa_z1" bosh_job_index="0" filename="/var/vcap/data/sys/log/uaa/uaa.log"] [2016-09-29 20:03:54.819] uaa - 19013 [http-nio-127.0.0.1-8989-exec-2] .... DEBUG --- AntPathRequestMatcher: Checking match of request : '/healthz'; against '/healthz/**'

2016-09-29T20:03:57.123879+00:00 05bf1627-ae2f-400c-b1ce-31973a9ff23f - - - [NXLOG@14506 bosh_deployment="cf-warden" bosh_job_name="uaa_z1" bosh_job_index="0" filename="/var/vcap/data/sys/log/uaa/uaa.log"] [2016-09-29 20:03:54.819] uaa - 19013 [http-nio-127.0.0.1-8989-exec-2] .... DEBUG --- FilterChainProxy: /healthz has an empty filter list

2016-09-29T20:03:57.123892+00:00 05bf1627-ae2f-400c-b1ce-31973a9ff23f - - - [NXLOG@14506 bosh_deployment="cf-warden" bosh_job_name="uaa_z1" bosh_job_index="0" filename="/var/vcap/data/sys/log/uaa/uaa.log"] [2016-09-29 20:03:54.819] uaa - 19013 [http-nio-127.0.0.1-8989-exec-2] .... DEBUG --- DispatcherServlet: DispatcherServlet with name 'spring' processing GET request for [/healthz]

2016-09-29T20:03:57.123901+00:00 05bf1627-ae2f-400c-b1ce-31973a9ff23f - - - [NXLOG@14506 bosh_deployment="cf-warden" bosh_job_name="uaa_z1" bosh_job_index="0" filename="/var/vcap/data/sys/log/uaa/uaa.log"] [2016-09-29 20:03:54.819] uaa - 19013 [http-nio-127.0.0.1-8989-exec-2] .... DEBUG --- DispatcherServlet: Last-Modified value for [/healthz] is: -1

2016-09-29T20:03:57.123910+00:00 05bf1627-ae2f-400c-b1ce-31973a9ff23f - - - [NXLOG@14506 bosh_deployment="cf-warden" bosh_job_name="uaa_z1" bosh_job_index="0" filename="/var/vcap/data/sys/log/uaa/uaa.log"] [2016-09-29 20:03:54.824] uaa - 19013 [http-nio-127.0.0.1-8989-exec-2] .... DEBUG --- RequestResponseBodyMethodProcessor: Written [ok

2016-09-29T20:03:57.123919+00:00 05bf1627-ae2f-400c-b1ce-31973a9ff23f - - - [NXLOG@14506 bosh_deployment="cf-warden" bosh_job_name="uaa_z1" bosh_job_index="0" filename="/var/vcap/data/sys/log/uaa/uaa.log"] ] as "text/plain;charset=ISO-8859-1" using [org.springframework.http.converter.StringHttpMessageConverter@178b2baf]

2016-09-29T20:03:57.123928+00:00 05bf1627-ae2f-400c-b1ce-31973a9ff23f - - - [NXLOG@14506 bosh_deployment="cf-warden" bosh_job_name="uaa_z1" bosh_job_index="0" filename="/var/vcap/data/sys/log/uaa/uaa.log"] [2016-09-29 20:03:54.824] uaa - 19013 [http-nio-127.0.0.1-8989-exec-2] .... DEBUG --- DispatcherServlet: Null ModelAndView returned to DispatcherServlet with name 'spring': assuming HandlerAdapter completed request handling

2016-09-29T20:03:57.123941+00:00 05bf1627-ae2f-400c-b1ce-31973a9ff23f - - - [NXLOG@14506 bosh_deployment="cf-warden" bosh_job_name="uaa_z1" bosh_job_index="0" filename="/var/vcap/data/sys/log/uaa/uaa.log"] [2016-09-29 20:03:54.824] uaa - 19013 [http-nio-127.0.0.1-8989-exec-2] .... DEBUG --- DispatcherServlet: Successfully completed request

2016-09-29T20:03:57.123949+00:00 05bf1627-ae2f-400c-b1ce-31973a9ff23f - - - [NXLOG@14506 bosh_deployment="cf-warden" bosh_job_name="uaa_z1" bosh_job_index="0" filename="/var/vcap/data/sys/log/uaa/uaa.log"] [2016-09-29 20:03:56.156] uaa - 19013 [pool-2-thread-1] .... DEBUG --- JdbcTemplate: Executing SQL query [select count(*) from oauth_client_details]

2016-09-29T20:03:57.123958+00:00 05bf1627-ae2f-400c-b1ce-31973a9ff23f - - - [NXLOG@14506 bosh_deployment="cf-warden" bosh_job_name="uaa_z1" bosh_job_index="0" filename="/var/vcap/data/sys/log/uaa/uaa.log"] [2016-09-29 20:03:56.157] uaa - 19013 [pool-2-thread-1] .... DEBUG --- JdbcTemplate: Executing SQL query [select count(*) from users]

2016-09-29T20:03:57.127392+00:00 b0fa19c0-86de-4447-a670-3f7adbd0b3c1 - - - [NXLOG@14506 bosh_deployment="cf-warden" bosh_job_name="api_z1" bosh_job_index="0" filename="/var/vcap/data/sys/log/cloud_controller_worker/cloud_controller_worker.log"] {"timestamp":1475179427.3784032,"message":"(0.000590s) SELECT * FROM \"delayed_jobs\" WHERE ((((\"run_at\" <= '2016-09-29 20:03:47.376941+0000') AND (\"locked_at\" IS NULL)) OR (\"locked_by\" = 'cc_global_worker.api_z1.0.1')) AND (\"failed_at\" IS NULL) AND (\"queue\" IN ('cc-generic'))) ORDER BY \"priority\" ASC, \"run_at\" ASC LIMIT 5","log_level":"debug2","source":"cc.background","data":{},"thread_id":47193737007380,"fiber_id":47193773841900,"process_id":15807,"file":"/var/vcap/packages/cloud_controller_ng/cloud_controller_ng/vendor/bundle/ruby/2.3.0/gems/sequel-4.29.0/lib/sequel/database/logging.rb","lineno":70,"method":"block in log_each"}

2016-09-29T20:03:57.127544+00:00 b0fa19c0-86de-4447-a670-3f7adbd0b3c1 - - - [NXLOG@14506 bosh_deployment="cf-warden" bosh_job_name="api_z1" bosh_job_index="0" filename="/var/vcap/data/sys/log/cloud_controller_worker/cloud_controller_worker.log"] {"timestamp":1475179432.3994186,"message":"(0.000555s) SELECT * FROM \"delayed_jobs\" WHERE ((((\"run_at\" <= '2016-09-29 20:03:52.398387+0000') AND (\"locked_at\" IS NULL)) OR (\"locked_by\" = 'cc_global_worker.api_z1.0.1')) AND (\"failed_at\" IS NULL) AND (\"queue\" IN ('cc-generic'))) ORDER BY \"priority\" ASC, \"run_at\" ASC LIMIT 5","log_level":"debug2","source":"cc.background","data":{},"thread_id":47193737007380,"fiber_id":47193773841900,"process_id":15807,"file":"/var/vcap/packages/cloud_controller_ng/cloud_controller_ng/vendor/bundle/ruby/2.3.0/gems/sequel-4.29.0/lib/sequel/database/logging.rb","lineno":70,"method":"block in log_each"}

2016-09-29T20:03:57.127609+00:00 b0fa19c0-86de-4447-a670-3f7adbd0b3c1 - - - [NXLOG@14506 bosh_deployment="cf-warden" bosh_job_name="api_z1" bosh_job_index="0" filename="/var/vcap/data/sys/log/nginx_cc/nginx.access.log"] 10.244.0.138 - [29/Sep/2016:20:03:47 +0000] "GET /v2/info HTTP/1.1" 200 802 "-" "monit/5.2.5" 10.244.0.138 vcap_request_id:f465dd11-ccfc-48bd-9d0c-882f8c68279a response_time:0.005

2016-09-29T20:03:57.127649+00:00 b0fa19c0-86de-4447-a670-3f7adbd0b3c1 - - - [NXLOG@14506 bosh_deployment="cf-warden" bosh_job_name="api_z1" bosh_job_index="0" filename="/var/vcap/data/sys/log/cloud_controller_ng/cloud_controller_ng.log"] {"timestamp":1475179427.2154026,"message":"Statsd: cc.requests.outstanding:1|c","log_level":"debug","source":"statsd.client","data":{},"thread_id":47062185511100,"fiber_id":47062165300880,"process_id":15535,"file":"/var/vcap/packages/cloud_controller_ng/cloud_controller_ng/vendor/bundle/ruby/2.3.0/gems/statsd-ruby-1.2.1/lib/statsd.rb","lineno":254,"method":"send_to_socket"}

2016-09-29T20:03:57.127686+00:00 b0fa19c0-86de-4447-a670-3f7adbd0b3c1 - - - [NXLOG@14506 bosh_deployment="cf-warden" bosh_job_name="api_z1" bosh_job_index="0" filename="/var/vcap/data/sys/log/cloud_controller_ng/cloud_controller_ng.log"] {"timestamp":1475179427.2159956,"message":"Started GET \"/v2/info\" for user: , ip: 127.0.0.1 with vcap-request-id: f465dd11-ccfc-48bd-9d0c-882f8c68279a at 2016-09-29 20:03:47 UTC","log_level":"info","source":"cc.api","data":{},"thread_id":47062185511100,"fiber_id":47062165300880,"process_id":15535,"file":"/var/vcap/packages/cloud_controller_ng/cloud_controller_ng/middleware/request_logs.rb","lineno":12,"method":"call"}

2016-09-29T20:03:57.127724+00:00 b0fa19c0-86de-4447-a670-3f7adbd0b3c1 - - - [NXLOG@14506 bosh_deployment="cf-warden" bosh_job_name="api_z1" bosh_job_index="0" filename="/var/vcap/data/sys/log/cloud_controller_ng/cloud_controller_ng.log"] {"timestamp":1475179427.2176704,"message":"dispatch VCAP::CloudController::InfoController get /v2/info","log_level":"debug","source":"cc.api","data":{"request_guid":"f465dd11-ccfc-48bd-9d0c-882f8c68279a"},"thread_id":47062185511100,"fiber_id":47062165300880,"process_id":15535,"file":"/var/vcap/data/packages/cloud_controller_ng/f87cb49aa2cd87792cb9c2211a79e1542502be4d.1-b1a5f3c830cb6c32ae9e685628b24aa967f5ae54/cloud_controller_ng/lib/cloud_controller/rest_controller/routes.rb","lineno":12,"method":"block in define_route"}

2016-09-29T20:03:57.127763+00:00 b0fa19c0-86de-4447-a670-3f7adbd0b3c1 - - - [NXLOG@14506 bosh_deployment="cf-warden" bosh_job_name="api_z1" bosh_job_index="0" filename="/var/vcap/data/sys/log/cloud_controller_ng/cloud_controller_ng.log"] {"timestamp":1475179427.217901,"message":"parse_params: {} ","log_level":"debug","source":"cc.api","data":{"request_guid":"f465dd11-ccfc-48bd-9d0c-882f8c68279a"},"thread_id":47062185511100,"fiber_id":47062165300880,"process_id":15535,"file":"/var/vcap/data/packages/cloud_controller_ng/f87cb49aa2cd87792cb9c2211a79e1542502be4d.1-b1a5f3c830cb6c32ae9e685628b24aa967f5ae54/cloud_controller_ng/lib/cloud_controller/rest_controller/common_params.rb","lineno":10,"method":"parse"}

2016-09-29T20:03:57.127800+00:00 b0fa19c0-86de-4447-a670-3f7adbd0b3c1 - - - [NXLOG@14506 bosh_deployment="cf-warden" bosh_job_name="api_z1" bosh_job_index="0" filename="/var/vcap/data/sys/log/cloud_controller_ng/cloud_controller_ng.log"] {"timestamp":1475179427.2180495,"message":"cc.dispatch","log_level":"debug","source":"cc.api","data":{"request_guid":"f465dd11-ccfc-48bd-9d0c-882f8c68279a","endpoint":"read","args":[]},"thread_id":47062185511100,"fiber_id":47062165300880,"process_id":15535,"file":"/var/vcap/data/packages/cloud_controller_ng/f87cb49aa2cd87792cb9c2211a79e1542502be4d.1-b1a5f3c830cb6c32ae9e685628b24aa967f5ae54/cloud_controller_ng/app/controllers/base/base_controller.rb","lineno":78,"method":"dispatch"}

2016-09-29T20:03:57.127837+00:00 b0fa19c0-86de-4447-a670-3f7adbd0b3c1 - - - [NXLOG@14506 bosh_deployment="cf-warden" bosh_job_name="api_z1" bosh_job_index="0" filename="/var/vcap/data/sys/log/cloud_controller_ng/cloud_controller_ng.log"] {"timestamp":1475179427.2184324,"message":"Completed 200 vcap-request-id: f465dd11-ccfc-48bd-9d0c-882f8c68279a","log_level":"info","source":"cc.api","data":{},"thread_id":47062185511100,"fiber_id":47062165300880,"process_id":15535,"file":"/var/vcap/packages/cloud_controller_ng/cloud_controller_ng/middleware/request_logs.rb","lineno":24,"method":"call"}

2016-09-29T20:03:57.127873+00:00 b0fa19c0-86de-4447-a670-3f7adbd0b3c1 - - - [NXLOG@14506 bosh_deployment="cf-warden" bosh_job_name="api_z1" bosh_job_index="0" filename="/var/vcap/data/sys/log/cloud_controller_ng/cloud_controller_ng.log"] {"timestamp":1475179427.2185624,"message":"Statsd: cc.requests.outstanding:-1|c\ncc.requests.completed:1|c\ncc.http_status.2XX:1|c","log_level":"debug","source":"statsd.client","data":{},"thread_id":47062185511100,"fiber_id":47062165300880,"process_id":15535,"file":"/var/vcap/packages/cloud_controller_ng/cloud_controller_ng/vendor/bundle/ruby/2.3.0/gems/statsd-ruby-1.2.1/lib/statsd.rb","lineno":254,"method":"send_to_socket"}

2016-09-29T20:03:57.127912+00:00 b0fa19c0-86de-4447-a670-3f7adbd0b3c1 - - - [NXLOG@14506 bosh_deployment="cf-warden" bosh_job_name="api_z1" bosh_job_index="0" filename="/var/vcap/data/sys/log/cloud_controller_ng/cloud_controller_ng.log"] {"timestamp":1475179427.3268816,"message":"(0.000839s) SELECT * FROM \"delayed_jobs\" WHERE ((((\"run_at\" <= '2016-09-29 20:03:47.325332+0000') AND (\"locked_at\" IS NULL)) OR (\"locked_by\" = 'cc_api_worker.api_z1.0.2')) AND (\"failed_at\" IS NULL) AND (\"queue\" IN ('cc-api_z1-0'))) ORDER BY \"priority\" ASC, \"run_at\" ASC LIMIT 5","log_level":"debug2","source":"cc.background","data":{},"thread_id":47118928261380,"fiber_id":47118965175380,"process_id":15629,"file":"/var/vcap/packages/cloud_controller_ng/cloud_controller_ng/vendor/bundle/ruby/2.3.0/gems/sequel-4.29.0/lib/sequel/database/logging.rb","lineno":70,"method":"block in log_each"}

2016-09-29T20:03:57.127951+00:00 b0fa19c0-86de-4447-a670-3f7adbd0b3c1 - - - [NXLOG@14506 bosh_deployment="cf-warden" bosh_job_name="api_z1" bosh_job_index="0" filename="/var/vcap/data/sys/log/cloud_controller_ng/cloud_controller_ng.log"] {"timestamp":1475179428.619032,"message":"(0.000497s) SELECT * FROM \"delayed_jobs\" WHERE ((((\"run_at\" <= '2016-09-29 20:03:48.618030+0000') AND (\"locked_at\" IS NULL)) OR (\"locked_by\" = 'cc_api_worker.api_z1.0.1')) AND (\"failed_at\" IS NULL) AND (\"queue\" IN ('cc-api_z1-0'))) ORDER BY \"priority\" ASC, \"run_at\" ASC LIMIT 5","log_level":"debug2","source":"cc.background","data":{},"thread_id":47452862460180,"fiber_id":47452899698480,"process_id":15587,"file":"/var/vcap/packages/cloud_controller_ng/cloud_controller_ng/vendor/bundle/ruby/2.3.0/gems/sequel-4.29.0/lib/sequel/database/logging.rb","lineno":70,"method":"block in log_each"}

2016-09-29T20:03:57.129052+00:00 b0fa19c0-86de-4447-a670-3f7adbd0b3c1 - - - [NXLOG@14506 bosh_deployment="cf-warden" bosh_job_name="api_z1" bosh_job_index="0" filename="/var/vcap/data/sys/log/cloud_controller_ng/cloud_controller_ng.log"] {"timestamp":1475179432.3496926,"message":"(0.000657s) SELECT * FROM \"delayed_jobs\" WHERE ((((\"run_at\" <= '2016-09-29 20:03:52.348493+0000') AND (\"locked_at\" IS NULL)) OR (\"locked_by\" = 'cc_api_worker.api_z1.0.2')) AND (\"failed_at\" IS NULL) AND (\"queue\" IN ('cc-api_z1-0'))) ORDER BY \"priority\" ASC, \"run_at\" ASC LIMIT 5","log_level":"debug2","source":"cc.background","data":{},"thread_id":47118928261380,"fiber_id":47118965175380,"process_id":15629,"file":"/var/vcap/packages/cloud_controller_ng/cloud_controller_ng/vendor/bundle/ruby/2.3.0/gems/sequel-4.29.0/lib/sequel/database/logging.rb","lineno":70,"method":"block in log_each"}

2016-09-29T20:03:57.129171+00:00 b0fa19c0-86de-4447-a670-3f7adbd0b3c1 - - - [NXLOG@14506 bosh_deployment="cf-warden" bosh_job_name="api_z1" bosh_job_index="0" filename="/var/vcap/data/sys/log/cloud_controller_ng/cloud_controller_ng.log"] {"timestamp":1475179433.6398308,"message":"(0.000543s) SELECT * FROM \"delayed_jobs\" WHERE ((((\"run_at\" <= '2016-09-29 20:03:53.638724+0000') AND (\"locked_at\" IS NULL)) OR (\"locked_by\" = 'cc_api_worker.api_z1.0.1')) AND (\"failed_at\" IS NULL) AND (\"queue\" IN ('cc-api_z1-0'))) ORDER BY \"priority\" ASC, \"run_at\" ASC LIMIT 5","log_level":"debug2","source":"cc.background","data":{},"thread_id":47452862460180,"fiber_id":47452899698480,"process_id":15587,"file":"/var/vcap/packages/cloud_controller_ng/cloud_controller_ng/vendor/bundle/ruby/2.3.0/gems/sequel-4.29.0/lib/sequel/database/logging.rb","lineno":70,"method":"block in log_each"}

2016-09-29T20:04:06.977499+00:00 bfc626ef-a2eb-4bad-8f71-fa1d6d0f927f - - - [NXLOG@14506 bosh_deployment="cf-warden" bosh_job_name="loggregator_trafficcontroller_z1" bosh_job_index="0" filename="/var/vcap/data/sys/log/route_registrar/route_registrar.stdout.log"] {"timestamp":"1475179446.733052492","source":"Route Registrar","message":"Route Registrar.no healthchecker found for route","log_level":1,"data":{"route":{"Name":"loggregator","Port":8080,"Tags":null,"URIs":["loggregator.bosh-lite.com"],"RouteServiceUrl":"","RegistrationInterval":20000000000,"HealthCheck":null}}}

2016-09-29T20:04:06.977676+00:00 bfc626ef-a2eb-4bad-8f71-fa1d6d0f927f - - - [NXLOG@14506 bosh_deployment="cf-warden" bosh_job_name="loggregator_trafficcontroller_z1" bosh_job_index="0" filename="/var/vcap/data/sys/log/route_registrar/route_registrar.stdout.log"] {"timestamp":"1475179446.733226299","source":"Route Registrar","message":"Route Registrar.Registering route","log_level":1,"data":{"route":{"Name":"loggregator","Port":8080,"Tags":null,"URIs":["loggregator.bosh-lite.com"],"RouteServiceUrl":"","RegistrationInterval":20000000000,"HealthCheck":null}}}

2016-09-29T20:04:06.977763+00:00 bfc626ef-a2eb-4bad-8f71-fa1d6d0f927f - - - [NXLOG@14506 bosh_deployment="cf-warden" bosh_job_name="loggregator_trafficcontroller_z1" bosh_job_index="0" filename="/var/vcap/data/sys/log/route_registrar/route_registrar.stdout.log"] {"timestamp":"1475179446.733275175","source":"Route Registrar","message":"Route Registrar.Registered routes successfully","log_level":1,"data":{}}

2016-09-29T20:04:06.977841+00:00 bfc626ef-a2eb-4bad-8f71-fa1d6d0f927f - - - [NXLOG@14506 bosh_deployment="cf-warden" bosh_job_name="loggregator_trafficcontroller_z1" bosh_job_index="0" filename="/var/vcap/data/sys/log/route_registrar/route_registrar.stdout.log"] {"timestamp":"1475179446.733390808","source":"Route Registrar","message":"Route Registrar.no healthchecker found for route","log_level":1,"data":{"route":{"Name":"doppler","Port":8081,"Tags":null,"URIs":["doppler.bosh-lite.com"],"RouteServiceUrl":"","RegistrationInterval":20000000000,"HealthCheck":null}}}

2016-09-29T20:04:06.977914+00:00 bfc626ef-a2eb-4bad-8f71-fa1d6d0f927f - - - [NXLOG@14506 bosh_deployment="cf-warden" bosh_job_name="loggregator_trafficcontroller_z1" bosh_job_index="0" filename="/var/vcap/data/sys/log/route_registrar/route_registrar.stdout.log"] {"timestamp":"1475179446.733391762","source":"Route Registrar","message":"Route Registrar.Registering route","log_level":1,"data":{"route":{"Name":"doppler","Port":8081,"Tags":null,"URIs":["doppler.bosh-lite.com"],"RouteServiceUrl":"","RegistrationInterval":20000000000,"HealthCheck":null}}}

2016-09-29T20:04:06.977987+00:00 bfc626ef-a2eb-4bad-8f71-fa1d6d0f927f - - - [NXLOG@14506 bosh_deployment="cf-warden" bosh_job_name="loggregator_trafficcontroller_z1" bosh_job_index="0" filename="/var/vcap/data/sys/log/route_registrar/route_registrar.stdout.log"] {"timestamp":"1475179446.733457088","source":"Route Registrar","message":"Route Registrar.Registered routes successfully","log_level":1,"data":{}}

2016-09-29T20:04:06.979404+00:00 81da04d2-3e1d-4a50-80cd-e5b2e7a3a719 - - - [NXLOG@14506 bosh_deployment="cf-warden" bosh_job_name="router_z1" bosh_job_index="0" filename="/var/vcap/data/sys/log/gorouter/access.log"] api.bosh-lite.com - [29/09/2016:20:04:00.914 +0000] "GET /v2/syslog_drain_urls?batch_size=1000 HTTP/1.1" 200 0 42 "-" "Go-http-client/1.1" 10.244.0.34:49152 x_forwarded_for:"10.244.0.146" x_forwarded_proto:"https" vcap_request_id:ce26fada-62c3-41ad-5af9-8286a4a469b5 response_time:0.006222768 app_id:

2016-09-29T20:04:06.986056+00:00 fc52b791-0068-48d0-b63d-a9600b8fa32e - - - [NXLOG@14506 bosh_deployment="cf-warden" bosh_job_name="runner_z1" bosh_job_index="0" filename="/var/vcap/data/sys/log/dea_next/dea_next.log"] {"timestamp":1475179441.7672384,"message":"hm9000.heartbeat.sending","log_level":"debug","source":"Dea::Bootstrap","data":{"destination":"https://listener-hm9000.service.cf.internal:5335/dea/heartbeat"},"thread_id":47241037142420,"fiber_id":47241050325380,"process_id":6941,"file":"/var/vcap/packages/dea_next/lib/dea/utils/hm9000.rb","lineno":29,"method":"send_heartbeat"}

2016-09-29T20:04:06.986203+00:00 fc52b791-0068-48d0-b63d-a9600b8fa32e - - - [NXLOG@14506 bosh_deployment="cf-warden" bosh_job_name="runner_z1" bosh_job_index="0" filename="/var/vcap/data/sys/log/dea_next/dea_next.log"] {"timestamp":1475179441.769655,"message":"hm9000.heartbeat.accepted","log_level":"debug","source":"Dea::Bootstrap","data":{},"thread_id":47241050153780,"fiber_id":47241051299020,"process_id":6941,"file":"/var/vcap/packages/dea_next/lib/dea/utils/hm9000.rb","lineno":49,"method":"handle_http_response"}

2016-09-29T20:04:06.986249+00:00 fc52b791-0068-48d0-b63d-a9600b8fa32e - - - [NXLOG@14506 bosh_deployment="cf-warden" bosh_job_name="runner_z1" bosh_job_index="0" filename="/var/vcap/data/sys/log/dea_next/dea_next.log"] {"timestamp":1475179446.089777,"message":"Reaping orphaned containers","log_level":"debug","source":"Dea::Bootstrap","data":{},"thread_id":47241037142420,"fiber_id":47241050325380,"process_id":6941,"file":"/var/vcap/packages/dea_next/lib/dea/bootstrap.rb","lineno":236,"method":"reap_orphaned_containers"}

2016-09-29T20:04:07.121725+00:00 05bf1627-ae2f-400c-b1ce-31973a9ff23f - - - [NXLOG@14506 bosh_deployment="cf-warden" bosh_job_name="uaa_z1" bosh_job_index="0" filename="/var/vcap/data/sys/log/uaa/localhost_access.log"] 127.0.0.1 - - [29/Sep/2016:20:03:50 +0000] "GET /healthz HTTP/1.1" 200 3

2016-09-29T20:04:07.121857+00:00 05bf1627-ae2f-400c-b1ce-31973a9ff23f - - - [NXLOG@14506 bosh_deployment="cf-warden" bosh_job_name="uaa_z1" bosh_job_index="0" filename="/var/vcap/data/sys/log/uaa/localhost_access.log"] 127.0.0.1 - - [29/Sep/2016:20:03:50 +0000] "GET /healthz HTTP/1.1" 200 3

2016-09-29T20:04:07.121904+00:00 05bf1627-ae2f-400c-b1ce-31973a9ff23f - - - [NXLOG@14506 bosh_deployment="cf-warden" bosh_job_name="uaa_z1" bosh_job_index="0" filename="/var/vcap/data/sys/log/uaa/localhost_access.log"] 127.0.0.1 - - [29/Sep/2016:20:03:54 +0000] "GET /healthz HTTP/1.1" 200 3

2016-09-29T20:04:07.121939+00:00 05bf1627-ae2f-400c-b1ce-31973a9ff23f - - - [NXLOG@14506 bosh_deployment="cf-warden" bosh_job_name="uaa_z1" bosh_job_index="0" filename="/var/vcap/data/sys/log/route_registrar/route_registrar.stdout.log"] {"timestamp":"1475179438.808289766","source":"Route Registrar","message":"Route Registrar.Executing script","log_level":1,"data":{"scriptPath":"/var/vcap/jobs/uaa/bin/health_check"}}

2016-09-29T20:04:07.121940+00:00 05bf1627-ae2f-400c-b1ce-31973a9ff23f - - - [NXLOG@14506 bosh_deployment="cf-warden" bosh_job_name="uaa_z1" bosh_job_index="0" filename="/var/vcap/data/sys/log/route_registrar/route_registrar.stdout.log"] {"timestamp":"1475179438.819290638","source":"Route Registrar","message":"Route Registrar.Script exited without error","log_level":1,"data":{"script":"/var/vcap/jobs/uaa/bin/health_check","stderr":"  % Total    % Received % Xferd  Average Speed   Time    Time     Time  Current\n                                 Dload  Upload   Total   Spent    Left  Speed\n\r  0     0    0     0    0     0      0      0 --:--:-- --:--:-- --:--:--     0\r100     3  100     3    0     0   2106      0 --:--:-- --:--:-- --:--:--  3000\n","stdout":""}}

2016-09-29T20:04:07.121940+00:00 05bf1627-ae2f-400c-b1ce-31973a9ff23f - - - [NXLOG@14506 bosh_deployment="cf-warden" bosh_job_name="uaa_z1" bosh_job_index="0" filename="/var/vcap/data/sys/log/route_registrar/route_registrar.stdout.log"] {"timestamp":"1475179438.819402933","source":"Route Registrar","message":"Route Registrar.healthchecker returned healthy for route","log_level":1,"data":{"route":{"Name":"uaa","Port":8080,"Tags":{"component":"uaa"},"URIs":["uaa.bosh-lite.com","*.uaa.bosh-lite.com","login.bosh-lite.com","*.login.bosh-lite.com"],"RouteServiceUrl":"","RegistrationInterval":4000000000,"HealthCheck":{"Name":"uaa-healthcheck","ScriptPath":"/var/vcap/jobs/uaa/bin/health_check","Timeout":2000000000}}}}

2016-09-29T20:04:07.122296+00:00 152ab062-1f32-4789-910a-13bdc79651b2 - - - [NXLOG@14506 bosh_deployment="cf-warden" bosh_job_name="hm9000_z1" bosh_job_index="0" filename="/var/vcap/data/sys/log/hm9000/hm9000_listener.log"] {"timestamp":"1475179441.769119263","source":"listener","message":"listener.Received a heartbeat","log_level":1,"data":{"Heartbeats Pending Save":"1"}}

2016-09-29T20:04:07.122414+00:00 152ab062-1f32-4789-910a-13bdc79651b2 - - - [NXLOG@14506 bosh_deployment="cf-warden" bosh_job_name="hm9000_z1" bosh_job_index="0" filename="/var/vcap/data/sys/log/hm9000/hm9000_listener.log"] {"timestamp":"1475179441.816250801","source":"listener","message":"listener.Saving Heartbeats","log_level":1,"data":{"Heartbeats to Save":"1"}}

2016-09-29T20:04:07.122487+00:00 152ab062-1f32-4789-910a-13bdc79651b2 - - - [NXLOG@14506 bosh_deployment="cf-warden" bosh_job_name="hm9000_z1" bosh_job_index="0" filename="/var/vcap/data/sys/log/hm9000/hm9000_listener.log"] {"timestamp":"1475179441.823328972","source":"listener","message":"listener.Bumped freshness","log_level":1,"data":{}}

2016-09-29T20:04:07.122611+00:00 152ab062-1f32-4789-910a-13bdc79651b2 - - - [NXLOG@14506 bosh_deployment="cf-warden" bosh_job_name="hm9000_z1" bosh_job_index="0" filename="/var/vcap/data/sys/log/hm9000/hm9000_listener.log"] {"timestamp":"1475179441.823355198","source":"listener","message":"listener.Saved Heartbeats","log_level":1,"data":{"Duration":"7.030402ms","Heartbeats to Save":"1"}}

2016-09-29T20:04:07.122683+00:00 152ab062-1f32-4789-910a-13bdc79651b2 - - - [NXLOG@14506 bosh_deployment="cf-warden" bosh_job_name="hm9000_z1" bosh_job_index="0" filename="/var/vcap/data/sys/log/route_registrar/route_registrar.stdout.log"] {"timestamp":"1475179442.323518991","source":"Route Registrar","message":"Route Registrar.no healthchecker found for route","log_level":1,"data":{"route":{"Name":"hm9000","Port":5155,"Tags":{"component":"HM9K"},"URIs":["hm9000.bosh-lite.com"],"RouteServiceUrl":"","RegistrationInterval":20000000000,"HealthCheck":null}}}

2016-09-29T20:04:07.122805+00:00 152ab062-1f32-4789-910a-13bdc79651b2 - - - [NXLOG@14506 bosh_deployment="cf-warden" bosh_job_name="hm9000_z1" bosh_job_index="0" filename="/var/vcap/data/sys/log/route_registrar/route_registrar.stdout.log"] {"timestamp":"1475179442.323624611","source":"Route Registrar","message":"Route Registrar.Registering route","log_level":1,"data":{"route":{"Name":"hm9000","Port":5155,"Tags":{"component":"HM9K"},"URIs":["hm9000.bosh-lite.com"],"RouteServiceUrl":"","RegistrationInterval":20000000000,"HealthCheck":null}}}

2016-09-29T20:04:07.122851+00:00 152ab062-1f32-4789-910a-13bdc79651b2 - - - [NXLOG@14506 bosh_deployment="cf-warden" bosh_job_name="hm9000_z1" bosh_job_index="0" filename="/var/vcap/data/sys/log/route_registrar/route_registrar.stdout.log"] {"timestamp":"1475179442.323709488","source":"Route Registrar","message":"Route Registrar.Registered routes successfully","log_level":1,"data":{}}

2016-09-29T20:04:07.122322+00:00 05bf1627-ae2f-400c-b1ce-31973a9ff23f - - - [NXLOG@14506 bosh_deployment="cf-warden" bosh_job_name="uaa_z1" bosh_job_index="0" filename="/var/vcap/data/sys/log/route_registrar/route_registrar.stdout.log"] {"timestamp":"1475179438.819426775","source":"Route Registrar","message":"Route Registrar.Registering route","log_level":1,"data":{"route":{"Name":"uaa","Port":8080,"Tags":{"component":"uaa"},"URIs":["uaa.bosh-lite.com","*.uaa.bosh-lite.com","login.bosh-lite.com","*.login.bosh-lite.com"],"RouteServiceUrl":"","RegistrationInterval":4000000000,"HealthCheck":{"Name":"uaa-healthcheck","ScriptPath":"/var/vcap/jobs/uaa/bin/health_check","Timeout":2000000000}}}}

2016-09-29T20:04:16.986956+00:00 fc52b791-0068-48d0-b63d-a9600b8fa32e - - - [NXLOG@14506 bosh_deployment="cf-warden" bosh_job_name="runner_z1" bosh_job_index="0" filename="/var/vcap/data/sys/log/dea_next/dea_next.log"] {"timestamp":1475179451.7696059,"message":"hm9000.heartbeat.sending","log_level":"debug","source":"Dea::Bootstrap","data":{"destination":"https://listener-hm9000.service.cf.internal:5335/dea/heartbeat"},"thread_id":47241037142420,"fiber_id":47241050325380,"process_id":6941,"file":"/var/vcap/packages/dea_next/lib/dea/utils/hm9000.rb","lineno":29,"method":"send_heartbeat"}

2016-09-29T20:04:16.987125+00:00 fc52b791-0068-48d0-b63d-a9600b8fa32e - - - [NXLOG@14506 bosh_deployment="cf-warden" bosh_job_name="runner_z1" bosh_job_index="0" filename="/var/vcap/data/sys/log/dea_next/dea_next.log"] {"timestamp":1475179451.786741,"message":"hm9000.heartbeat.accepted","log_level":"debug","source":"Dea::Bootstrap","data":{},"thread_id":47241050154720,"fiber_id":47241051243860,"process_id":6941,"file":"/var/vcap/packages/dea_next/lib/dea/utils/hm9000.rb","lineno":49,"method":"handle_http_response"}

2016-09-29T20:04:17.122070+00:00 f0562343-642f-42d4-aca5-293abe675815 - - - [NXLOG@14506 bosh_deployment="cf-warden" bosh_job_name="blobstore_z1" bosh_job_index="0" filename="/var/vcap/data/sys/log/route_registrar/route_registrar.stdout.log"] {"timestamp":"1475179448.518096924","source":"Route Registrar","message":"Route Registrar.no healthchecker found for route","log_level":1,"data":{"route":{"Name":"blobstore","Port":80,"Tags":{"component":"blobstore"},"URIs":["blobstore.bosh-lite.com"],"RouteServiceUrl":"","RegistrationInterval":20000000000,"HealthCheck":null}}}

2016-09-29T20:04:17.122239+00:00 f0562343-642f-42d4-aca5-293abe675815 - - - [NXLOG@14506 bosh_deployment="cf-warden" bosh_job_name="blobstore_z1" bosh_job_index="0" filename="/var/vcap/data/sys/log/route_registrar/route_registrar.stdout.log"] {"timestamp":"1475179448.518110037","source":"Route Registrar","message":"Route Registrar.Registering route","log_level":1,"data":{"route":{"Name":"blobstore","Port":80,"Tags":{"component":"blobstore"},"URIs":["blobstore.bosh-lite.com"],"RouteServiceUrl":"","RegistrationInterval":20000000000,"HealthCheck":null}}}

2016-09-29T20:04:17.122303+00:00 f0562343-642f-42d4-aca5-293abe675815 - - - [NXLOG@14506 bosh_deployment="cf-warden" bosh_job_name="blobstore_z1" bosh_job_index="0" filename="/var/vcap/data/sys/log/route_registrar/route_registrar.stdout.log"] {"timestamp":"1475179448.518262386","source":"Route Registrar","message":"Route Registrar.Registered routes successfully","log_level":1,"data":{}}

2016-09-29T20:04:17.122331+00:00 152ab062-1f32-4789-910a-13bdc79651b2 - - - [NXLOG@14506 bosh_deployment="cf-warden" bosh_job_name="hm9000_z1" bosh_job_index="0" filename="/var/vcap/data/sys/log/hm9000/hm9000_listener.log"] {"timestamp":"1475179451.786044121","source":"listener","message":"listener.Received a heartbeat","log_level":1,"data":{"Heartbeats Pending Save":"1"}}

2016-09-29T20:04:17.123870+00:00 05bf1627-ae2f-400c-b1ce-31973a9ff23f - - - [NXLOG@14506 bosh_deployment="cf-warden" bosh_job_name="uaa_z1" bosh_job_index="0" filename="/var/vcap/data/sys/log/uaa/localhost_access.log"] 127.0.0.1 - - [29/Sep/2016:20:03:58 +0000] "GET /healthz HTTP/1.1" 200 3

2016-09-29T20:04:17.124027+00:00 05bf1627-ae2f-400c-b1ce-31973a9ff23f - - - [NXLOG@14506 bosh_deployment="cf-warden" bosh_job_name="uaa_z1" bosh_job_index="0" filename="/var/vcap/data/sys/log/uaa/localhost_access.log"] 127.0.0.1 - - [29/Sep/2016:20:04:00 +0000] "GET /healthz HTTP/1.1" 200 3

2016-09-29T20:04:17.124156+00:00 05bf1627-ae2f-400c-b1ce-31973a9ff23f - - - [NXLOG@14506 bosh_deployment="cf-warden" bosh_job_name="uaa_z1" bosh_job_index="0" filename="/var/vcap/data/sys/log/uaa/localhost_access.log"] 127.0.0.1 - - [29/Sep/2016:20:04:02 +0000] "GET /healthz HTTP/1.1" 200 3

2016-09-29T20:04:17.124225+00:00 05bf1627-ae2f-400c-b1ce-31973a9ff23f - - - [NXLOG@14506 bosh_deployment="cf-warden" bosh_job_name="uaa_z1" bosh_job_index="0" filename="/var/vcap/data/sys/log/uaa/localhost_access.log"] 127.0.0.1 - - [29/Sep/2016:20:04:06 +0000] "GET /healthz HTTP/1.1" 200 3

2016-09-29T20:04:17.124280+00:00 05bf1627-ae2f-400c-b1ce-31973a9ff23f - - - [NXLOG@14506 bosh_deployment="cf-warden" bosh_job_name="uaa_z1" bosh_job_index="0" filename="/var/vcap/data/sys/log/route_registrar/route_registrar.stdout.log"] {"timestamp":"1475179450.808320999","source":"Route Registrar","message":"Route Registrar.Executing script","log_level":1,"data":{"scriptPath":"/var/vcap/jobs/uaa/bin/health_check"}}

2016-09-29T20:04:17.124349+00:00 05bf1627-ae2f-400c-b1ce-31973a9ff23f - - - [NXLOG@14506 bosh_deployment="cf-warden" bosh_job_name="uaa_z1" bosh_job_index="0" filename="/var/vcap/data/sys/log/route_registrar/route_registrar.stdout.log"] {"timestamp":"1475179450.819891691","source":"Route Registrar","message":"Route Registrar.Script exited without error","log_level":1,"data":{"script":"/var/vcap/jobs/uaa/bin/health_check","stderr":"  % Total    % Received % Xferd  Average Speed   Time    Time     Time  Current\n                                 Dload  Upload   Total   Spent    Left  Speed\n\r  0     0    0     0    0     0      0      0 --:--:-- --:--:-- --:--:--     0\r100     3  100     3    0     0   2518      0 --:--:-- --:--:-- --:--:--  3000\n","stdout":""}}

2016-09-29T20:04:17.124399+00:00 05bf1627-ae2f-400c-b1ce-31973a9ff23f - - - [NXLOG@14506 bosh_deployment="cf-warden" bosh_job_name="uaa_z1" bosh_job_index="0" filename="/var/vcap/data/sys/log/route_registrar/route_registrar.stdout.log"] {"timestamp":"1475179450.819973707","source":"Route Registrar","message":"Route Registrar.healthchecker returned healthy for route","log_level":1,"data":{"route":{"Name":"uaa","Port":8080,"Tags":{"component":"uaa"},"URIs":["uaa.bosh-lite.com","*.uaa.bosh-lite.com","login.bosh-lite.com","*.login.bosh-lite.com"],"RouteServiceUrl":"","RegistrationInterval":4000000000,"HealthCheck":{"Name":"uaa-healthcheck","ScriptPath":"/var/vcap/jobs/uaa/bin/health_check","Timeout":2000000000}}}}

2016-09-29T20:04:17.124463+00:00 05bf1627-ae2f-400c-b1ce-31973a9ff23f - - - [NXLOG@14506 bosh_deployment="cf-warden" bosh_job_name="uaa_z1" bosh_job_index="0" filename="/var/vcap/data/sys/log/route_registrar/route_registrar.stdout.log"] {"timestamp":"1475179450.820007324","source":"Route Registrar","message":"Route Registrar.Registering route","log_level":1,"data":{"route":{"Name":"uaa","Port":8080,"Tags":{"component":"uaa"},"URIs":["uaa.bosh-lite.com","*.uaa.bosh-lite.com","login.bosh-lite.com","*.login.bosh-lite.com"],"RouteServiceUrl":"","RegistrationInterval":4000000000,"HealthCheck":{"Name":"uaa-healthcheck","ScriptPath":"/var/vcap/jobs/uaa/bin/health_check","Timeout":2000000000}}}}

2016-09-29T20:04:17.124529+00:00 05bf1627-ae2f-400c-b1ce-31973a9ff23f - - - [NXLOG@14506 bosh_deployment="cf-warden" bosh_job_name="uaa_z1" bosh_job_index="0" filename="/var/vcap/data/sys/log/route_registrar/route_registrar.stdout.log"] {"timestamp":"1475179450.820094347","source":"Route Registrar","message":"Route Registrar.Registered routes successfully","log_level":1,"data":{}}

2016-09-29T20:04:17.124650+00:00 05bf1627-ae2f-400c-b1ce-31973a9ff23f - - - [NXLOG@14506 bosh_deployment="cf-warden" bosh_job_name="uaa_z1" bosh_job_index="0" filename="/var/vcap/data/sys/log/route_registrar/route_registrar.stdout.log"] {"timestamp":"1475179454.808184385","source":"Route Registrar","message":"Route Registrar.Executing script","log_level":1,"data":{"scriptPath":"/var/vcap/jobs/uaa/bin/health_check"}}

2016-09-29T20:04:17.124730+00:00 05bf1627-ae2f-400c-b1ce-31973a9ff23f - - - [NXLOG@14506 bosh_deployment="cf-warden" bosh_job_name="uaa_z1" bosh_job_index="0" filename="/var/vcap/data/sys/log/route_registrar/route_registrar.stdout.log"] {"timestamp":"1475179454.820167065","source":"Route Registrar","message":"Route Registrar.Script exited without error","log_level":1,"data":{"script":"/var/vcap/jobs/uaa/bin/health_check","stderr":"  % Total    % Received % Xferd  Average Speed   Time    Time     Time  Current\n                                 Dload  Upload   Total   Spent    Left  Speed\n\r  0     0    0     0    0     0      0      0 --:--:-- --:--:-- --:--:--     0\r100     3  100     3    0     0   3264      0 --:--:-- --:--:-- --:--:--  3000\n","stdout":""}}

2016-09-29T20:04:17.124765+00:00 05bf1627-ae2f-400c-b1ce-31973a9ff23f - - - [NXLOG@14506 bosh_deployment="cf-warden" bosh_job_name="uaa_z1" bosh_job_index="0" filename="/var/vcap/data/sys/log/route_registrar/route_registrar.stdout.log"] {"timestamp":"1475179454.820248127","source":"Route Registrar","message":"Route Registrar.healthchecker returned healthy for route","log_level":1,"data":{"route":{"Name":"uaa","Port":8080,"Tags":{"component":"uaa"},"URIs":["uaa.bosh-lite.com","*.uaa.bosh-lite.com","login.bosh-lite.com","*.login.bosh-lite.com"],"RouteServiceUrl":"","RegistrationInterval":4000000000,"HealthCheck":{"Name":"uaa-healthcheck","ScriptPath":"/var/vcap/jobs/uaa/bin/health_check","Timeout":2000000000}}}}

2016-09-29T20:04:17.124843+00:00 05bf1627-ae2f-400c-b1ce-31973a9ff23f - - - [NXLOG@14506 bosh_deployment="cf-warden" bosh_job_name="uaa_z1" bosh_job_index="0" filename="/var/vcap/data/sys/log/route_registrar/route_registrar.stdout.log"] {"timestamp":"1475179454.820283175","source":"Route Registrar","message":"Route Registrar.Registering route","log_level":1,"data":{"route":{"Name":"uaa","Port":8080,"Tags":{"component":"uaa"},"URIs":["uaa.bosh-lite.com","*.uaa.bosh-lite.com","login.bosh-lite.com","*.login.bosh-lite.com"],"RouteServiceUrl":"","RegistrationInterval":4000000000,"HealthCheck":{"Name":"uaa-healthcheck","ScriptPath":"/var/vcap/jobs/uaa/bin/health_check","Timeout":2000000000}}}}

2016-09-29T20:04:17.124884+00:00 05bf1627-ae2f-400c-b1ce-31973a9ff23f - - - [NXLOG@14506 bosh_deployment="cf-warden" bosh_job_name="uaa_z1" bosh_job_index="0" filename="/var/vcap/data/sys/log/route_registrar/route_registrar.stdout.log"] {"timestamp":"1475179454.820345879","source":"Route Registrar","message":"Route Registrar.Registered routes successfully","log_level":1,"data":{}}

2016-09-29T20:04:17.124913+00:00 05bf1627-ae2f-400c-b1ce-31973a9ff23f - - - [NXLOG@14506 bosh_deployment="cf-warden" bosh_job_name="uaa_z1" bosh_job_index="0" filename="/var/vcap/data/sys/log/uaa/uaa.log"] [2016-09-29 20:04:10.731] uaa - 19013 [http-nio-127.0.0.1-8989-exec-9] .... DEBUG --- AntPathRequestMatcher: Checking match of request : '/healthz'; against '/resources/**'

2016-09-29T20:04:17.125047+00:00 05bf1627-ae2f-400c-b1ce-31973a9ff23f - - - [NXLOG@14506 bosh_deployment="cf-warden" bosh_job_name="uaa_z1" bosh_job_index="0" filename="/var/vcap/data/sys/log/uaa/uaa.log"] [2016-09-29 20:04:10.731] uaa - 19013 [http-nio-127.0.0.1-8989-exec-9] .... DEBUG --- AntPathRequestMatcher: Checking match of request : '/healthz'; against '/square-logo.png'

2016-09-29T20:04:17.125112+00:00 05bf1627-ae2f-400c-b1ce-31973a9ff23f - - - [NXLOG@14506 bosh_deployment="cf-warden" bosh_job_name="uaa_z1" bosh_job_index="0" filename="/var/vcap/data/sys/log/uaa/uaa.log"] [2016-09-29 20:04:10.731] uaa - 19013 [http-nio-127.0.0.1-8989-exec-9] .... DEBUG --- AntPathRequestMatcher: Checking match of request : '/healthz'; against '/info'

2016-09-29T20:04:17.125137+00:00 05bf1627-ae2f-400c-b1ce-31973a9ff23f - - - [NXLOG@14506 bosh_deployment="cf-warden" bosh_job_name="uaa_z1" bosh_job_index="0" filename="/var/vcap/data/sys/log/uaa/uaa.log"] [2016-09-29 20:04:10.731] uaa - 19013 [http-nio-127.0.0.1-8989-exec-9] .... DEBUG --- AntPathRequestMatcher: Checking match of request : '/healthz'; against '/password/**'

2016-09-29T20:04:17.125146+00:00 05bf1627-ae2f-400c-b1ce-31973a9ff23f - - - [NXLOG@14506 bosh_deployment="cf-warden" bosh_job_name="uaa_z1" bosh_job_index="0" filename="/var/vcap/data/sys/log/uaa/uaa.log"] [2016-09-29 20:04:10.731] uaa - 19013 [http-nio-127.0.0.1-8989-exec-9] .... DEBUG --- AntPathRequestMatcher: Checking match of request : '/healthz'; against '/healthz/**'

2016-09-29T20:04:17.125154+00:00 05bf1627-ae2f-400c-b1ce-31973a9ff23f - - - [NXLOG@14506 bosh_deployment="cf-warden" bosh_job_name="uaa_z1" bosh_job_index="0" filename="/var/vcap/data/sys/log/uaa/uaa.log"] [2016-09-29 20:04:10.731] uaa - 19013 [http-nio-127.0.0.1-8989-exec-9] .... DEBUG --- FilterChainProxy: /healthz has an empty filter list

2016-09-29T20:04:17.125174+00:00 05bf1627-ae2f-400c-b1ce-31973a9ff23f - - - [NXLOG@14506 bosh_deployment="cf-warden" bosh_job_name="uaa_z1" bosh_job_index="0" filename="/var/vcap/data/sys/log/uaa/uaa.log"] [2016-09-29 20:04:10.731] uaa - 19013 [http-nio-127.0.0.1-8989-exec-9] .... DEBUG --- DispatcherServlet: DispatcherServlet with name 'spring' processing GET request for [/healthz]

2016-09-29T20:04:17.125206+00:00 05bf1627-ae2f-400c-b1ce-31973a9ff23f - - - [NXLOG@14506 bosh_deployment="cf-warden" bosh_job_name="uaa_z1" bosh_job_index="0" filename="/var/vcap/data/sys/log/uaa/uaa.log"] [2016-09-29 20:04:10.731] uaa - 19013 [http-nio-127.0.0.1-8989-exec-9] .... DEBUG --- DispatcherServlet: Last-Modified value for [/healthz] is: -1

2016-09-29T20:04:17.125216+00:00 05bf1627-ae2f-400c-b1ce-31973a9ff23f - - - [NXLOG@14506 bosh_deployment="cf-warden" bosh_job_name="uaa_z1" bosh_job_index="0" filename="/var/vcap/data/sys/log/uaa/uaa.log"] [2016-09-29 20:04:10.731] uaa - 19013 [http-nio-127.0.0.1-8989-exec-9] .... DEBUG --- RequestResponseBodyMethodProcessor: Written [ok

2016-09-29T20:04:17.125223+00:00 05bf1627-ae2f-400c-b1ce-31973a9ff23f - - - [NXLOG@14506 bosh_deployment="cf-warden" bosh_job_name="uaa_z1" bosh_job_index="0" filename="/var/vcap/data/sys/log/uaa/uaa.log"] ] as "text/plain;charset=ISO-8859-1" using [org.springframework.http.converter.StringHttpMessageConverter@178b2baf]

2016-09-29T20:04:17.125231+00:00 05bf1627-ae2f-400c-b1ce-31973a9ff23f - - - [NXLOG@14506 bosh_deployment="cf-warden" bosh_job_name="uaa_z1" bosh_job_index="0" filename="/var/vcap/data/sys/log/uaa/uaa.log"] [2016-09-29 20:04:10.732] uaa - 19013 [http-nio-127.0.0.1-8989-exec-9] .... DEBUG --- DispatcherServlet: Null ModelAndView returned to DispatcherServlet with name 'spring': assuming HandlerAdapter completed request handling

2016-09-29T20:04:17.126554+00:00 05bf1627-ae2f-400c-b1ce-31973a9ff23f - - - [NXLOG@14506 bosh_deployment="cf-warden" bosh_job_name="uaa_z1" bosh_job_index="0" filename="/var/vcap/data/sys/log/uaa/uaa.log"] [2016-09-29 20:04:10.732] uaa - 19013 [http-nio-127.0.0.1-8989-exec-9] .... DEBUG --- DispatcherServlet: Successfully completed request

2016-09-29T20:04:17.126656+00:00 05bf1627-ae2f-400c-b1ce-31973a9ff23f - - - [NXLOG@14506 bosh_deployment="cf-warden" bosh_job_name="uaa_z1" bosh_job_index="0" filename="/var/vcap/data/sys/log/uaa/uaa.log"] [2016-09-29 20:04:10.807] uaa - 19013 [ZoneAwareMetadataManager.Refresh[idpMetadataManager]] .... DEBUG --- ZoneAwareIdpMetadataManager: Running SAML SP refresh[ZoneAwareMetadataManager.Refresh[idpMetadataManager]-859022334] - ignoreTimestamp=false

2016-09-29T20:04:17.126668+00:00 05bf1627-ae2f-400c-b1ce-31973a9ff23f - - - [NXLOG@14506 bosh_deployment="cf-warden" bosh_job_name="uaa_z1" bosh_job_index="0" filename="/var/vcap/data/sys/log/uaa/uaa.log"] [2016-09-29 20:04:10.807] uaa - 19013 [ZoneAwareMetadataManager.Refresh[idpMetadataManager]] .... DEBUG --- JdbcTemplate: Executing SQL query [select id,version,created,lastmodified,name,subdomain,description,config from identity_zone ]

2016-09-29T20:04:17.126677+00:00 05bf1627-ae2f-400c-b1ce-31973a9ff23f - - - [NXLOG@14506 bosh_deployment="cf-warden" bosh_job_name="uaa_z1" bosh_job_index="0" filename="/var/vcap/data/sys/log/uaa/uaa.log"] [2016-09-29 20:04:10.808] uaa - 19013 [ZoneAwareMetadataManager.Refresh[idpMetadataManager]] .... DEBUG --- JdbcTemplate: Executing prepared SQL query

2016-09-29T20:04:17.126696+00:00 05bf1627-ae2f-400c-b1ce-31973a9ff23f - - - [NXLOG@14506 bosh_deployment="cf-warden" bosh_job_name="uaa_z1" bosh_job_index="0" filename="/var/vcap/data/sys/log/uaa/uaa.log"] [2016-09-29 20:04:10.808] uaa - 19013 [ZoneAwareMetadataManager.Refresh[idpMetadataManager]] .... DEBUG --- JdbcTemplate: Executing prepared SQL statement [select id,version,created,lastmodified,name,entity_id,config,identity_zone_id,active from service_provider where identity_zone_id=?]

2016-09-29T20:04:17.126736+00:00 05bf1627-ae2f-400c-b1ce-31973a9ff23f - - - [NXLOG@14506 bosh_deployment="cf-warden" bosh_job_name="uaa_z1" bosh_job_index="0" filename="/var/vcap/data/sys/log/uaa/uaa.log"] [2016-09-29 20:04:10.817] uaa - 19013 [http-nio-127.0.0.1-8989-exec-2] .... DEBUG --- AntPathRequestMatcher: Checking match of request : '/healthz'; against '/resources/**'

2016-09-29T20:04:17.126745+00:00 05bf1627-ae2f-400c-b1ce-31973a9ff23f - - - [NXLOG@14506 bosh_deployment="cf-warden" bosh_job_name="uaa_z1" bosh_job_index="0" filename="/var/vcap/data/sys/log/uaa/uaa.log"] [2016-09-29 20:04:10.817] uaa - 19013 [http-nio-127.0.0.1-8989-exec-2] .... DEBUG --- AntPathRequestMatcher: Checking match of request : '/healthz'; against '/square-logo.png'

2016-09-29T20:04:17.126753+00:00 05bf1627-ae2f-400c-b1ce-31973a9ff23f - - - [NXLOG@14506 bosh_deployment="cf-warden" bosh_job_name="uaa_z1" bosh_job_index="0" filename="/var/vcap/data/sys/log/uaa/uaa.log"] [2016-09-29 20:04:10.817] uaa - 19013 [http-nio-127.0.0.1-8989-exec-2] .... DEBUG --- AntPathRequestMatcher: Checking match of request : '/healthz'; against '/info'

2016-09-29T20:04:17.126831+00:00 05bf1627-ae2f-400c-b1ce-31973a9ff23f - - - [NXLOG@14506 bosh_deployment="cf-warden" bosh_job_name="uaa_z1" bosh_job_index="0" filename="/var/vcap/data/sys/log/uaa/uaa.log"] [2016-09-29 20:04:10.817] uaa - 19013 [http-nio-127.0.0.1-8989-exec-2] .... DEBUG --- AntPathRequestMatcher: Checking match of request : '/healthz'; against '/password/**'

2016-09-29T20:04:17.126852+00:00 05bf1627-ae2f-400c-b1ce-31973a9ff23f - - - [NXLOG@14506 bosh_deployment="cf-warden" bosh_job_name="uaa_z1" bosh_job_index="0" filename="/var/vcap/data/sys/log/uaa/uaa.log"] [2016-09-29 20:04:10.817] uaa - 19013 [http-nio-127.0.0.1-8989-exec-2] .... DEBUG --- AntPathRequestMatcher: Checking match of request : '/healthz'; against '/healthz/**'

2016-09-29T20:04:17.126861+00:00 05bf1627-ae2f-400c-b1ce-31973a9ff23f - - - [NXLOG@14506 bosh_deployment="cf-warden" bosh_job_name="uaa_z1" bosh_job_index="0" filename="/var/vcap/data/sys/log/uaa/uaa.log"] [2016-09-29 20:04:10.817] uaa - 19013 [http-nio-127.0.0.1-8989-exec-2] .... DEBUG --- FilterChainProxy: /healthz has an empty filter list

2016-09-29T20:04:17.126868+00:00 05bf1627-ae2f-400c-b1ce-31973a9ff23f - - - [NXLOG@14506 bosh_deployment="cf-warden" bosh_job_name="uaa_z1" bosh_job_index="0" filename="/var/vcap/data/sys/log/uaa/uaa.log"] [2016-09-29 20:04:10.817] uaa - 19013 [http-nio-127.0.0.1-8989-exec-2] .... DEBUG --- DispatcherServlet: DispatcherServlet with name 'spring' processing GET request for [/healthz]

2016-09-29T20:04:17.126888+00:00 05bf1627-ae2f-400c-b1ce-31973a9ff23f - - - [NXLOG@14506 bosh_deployment="cf-warden" bosh_job_name="uaa_z1" bosh_job_index="0" filename="/var/vcap/data/sys/log/uaa/uaa.log"] [2016-09-29 20:04:10.817] uaa - 19013 [http-nio-127.0.0.1-8989-exec-2] .... DEBUG --- DispatcherServlet: Last-Modified value for [/healthz] is: -1

2016-09-29T20:04:17.126904+00:00 05bf1627-ae2f-400c-b1ce-31973a9ff23f - - - [NXLOG@14506 bosh_deployment="cf-warden" bosh_job_name="uaa_z1" bosh_job_index="0" filename="/var/vcap/data/sys/log/uaa/uaa.log"] [2016-09-29 20:04:10.818] uaa - 19013 [http-nio-127.0.0.1-8989-exec-2] .... DEBUG --- RequestResponseBodyMethodProcessor: Written [ok

2016-09-29T20:04:17.126912+00:00 05bf1627-ae2f-400c-b1ce-31973a9ff23f - - - [NXLOG@14506 bosh_deployment="cf-warden" bosh_job_name="uaa_z1" bosh_job_index="0" filename="/var/vcap/data/sys/log/uaa/uaa.log"] ] as "text/plain;charset=ISO-8859-1" using [org.springframework.http.converter.StringHttpMessageConverter@178b2baf]

2016-09-29T20:04:17.126950+00:00 05bf1627-ae2f-400c-b1ce-31973a9ff23f - - - [NXLOG@14506 bosh_deployment="cf-warden" bosh_job_name="uaa_z1" bosh_job_index="0" filename="/var/vcap/data/sys/log/uaa/uaa.log"] [2016-09-29 20:04:10.818] uaa - 19013 [http-nio-127.0.0.1-8989-exec-2] .... DEBUG --- DispatcherServlet: Null ModelAndView returned to DispatcherServlet with name 'spring': assuming HandlerAdapter completed request handling

2016-09-29T20:04:17.126973+00:00 05bf1627-ae2f-400c-b1ce-31973a9ff23f - - - [NXLOG@14506 bosh_deployment="cf-warden" bosh_job_name="uaa_z1" bosh_job_index="0" filename="/var/vcap/data/sys/log/uaa/uaa.log"] [2016-09-29 20:04:10.818] uaa - 19013 [http-nio-127.0.0.1-8989-exec-2] .... DEBUG --- DispatcherServlet: Successfully completed request

2016-09-29T20:04:17.126981+00:00 05bf1627-ae2f-400c-b1ce-31973a9ff23f - - - [NXLOG@14506 bosh_deployment="cf-warden" bosh_job_name="uaa_z1" bosh_job_index="0" filename="/var/vcap/data/sys/log/uaa/uaa.log"] [2016-09-29 20:04:11.157] uaa - 19013 [pool-2-thread-1] .... DEBUG --- JdbcTemplate: Executing SQL query [select count(*) from oauth_client_details]

2016-09-29T20:04:17.126988+00:00 05bf1627-ae2f-400c-b1ce-31973a9ff23f - - - [NXLOG@14506 bosh_deployment="cf-warden" bosh_job_name="uaa_z1" bosh_job_index="0" filename="/var/vcap/data/sys/log/uaa/uaa.log"] [2016-09-29 20:04:11.158] uaa - 19013 [pool-2-thread-1] .... DEBUG --- JdbcTemplate: Executing SQL query [select count(*) from users]

2016-09-29T20:04:17.127011+00:00 05bf1627-ae2f-400c-b1ce-31973a9ff23f - - - [NXLOG@14506 bosh_deployment="cf-warden" bosh_job_name="uaa_z1" bosh_job_index="0" filename="/var/vcap/data/sys/log/uaa/uaa.log"] [2016-09-29 20:04:14.818] uaa - 19013 [http-nio-127.0.0.1-8989-exec-1] .... DEBUG --- AntPathRequestMatcher: Checking match of request : '/healthz'; against '/resources/**'

2016-09-29T20:04:17.127032+00:00 05bf1627-ae2f-400c-b1ce-31973a9ff23f - - - [NXLOG@14506 bosh_deployment="cf-warden" bosh_job_name="uaa_z1" bosh_job_index="0" filename="/var/vcap/data/sys/log/uaa/uaa.log"] [2016-09-29 20:04:14.818] uaa - 19013 [http-nio-127.0.0.1-8989-exec-1] .... DEBUG --- AntPathRequestMatcher: Checking match of request : '/healthz'; against '/square-logo.png'

2016-09-29T20:04:17.127061+00:00 05bf1627-ae2f-400c-b1ce-31973a9ff23f - - - [NXLOG@14506 bosh_deployment="cf-warden" bosh_job_name="uaa_z1" bosh_job_index="0" filename="/var/vcap/data/sys/log/uaa/uaa.log"] [2016-09-29 20:04:14.818] uaa - 19013 [http-nio-127.0.0.1-8989-exec-1] .... DEBUG --- AntPathRequestMatcher: Checking match of request : '/healthz'; against '/info'

2016-09-29T20:04:17.127069+00:00 05bf1627-ae2f-400c-b1ce-31973a9ff23f - - - [NXLOG@14506 bosh_deployment="cf-warden" bosh_job_name="uaa_z1" bosh_job_index="0" filename="/var/vcap/data/sys/log/uaa/uaa.log"] [2016-09-29 20:04:14.818] uaa - 19013 [http-nio-127.0.0.1-8989-exec-1] .... DEBUG --- AntPathRequestMatcher: Checking match of request : '/healthz'; against '/password/**'

2016-09-29T20:04:17.127076+00:00 05bf1627-ae2f-400c-b1ce-31973a9ff23f - - - [NXLOG@14506 bosh_deployment="cf-warden" bosh_job_name="uaa_z1" bosh_job_index="0" filename="/var/vcap/data/sys/log/uaa/uaa.log"] [2016-09-29 20:04:14.818] uaa - 19013 [http-nio-127.0.0.1-8989-exec-1] .... DEBUG --- AntPathRequestMatcher: Checking match of request : '/healthz'; against '/healthz/**'

2016-09-29T20:04:17.127094+00:00 05bf1627-ae2f-400c-b1ce-31973a9ff23f - - - [NXLOG@14506 bosh_deployment="cf-warden" bosh_job_name="uaa_z1" bosh_job_index="0" filename="/var/vcap/data/sys/log/uaa/uaa.log"] [2016-09-29 20:04:14.818] uaa - 19013 [http-nio-127.0.0.1-8989-exec-1] .... DEBUG --- FilterChainProxy: /healthz has an empty filter list

2016-09-29T20:04:17.127102+00:00 05bf1627-ae2f-400c-b1ce-31973a9ff23f - - - [NXLOG@14506 bosh_deployment="cf-warden" bosh_job_name="uaa_z1" bosh_job_index="0" filename="/var/vcap/data/sys/log/uaa/uaa.log"] [2016-09-29 20:04:14.818] uaa - 19013 [http-nio-127.0.0.1-8989-exec-1] .... DEBUG --- DispatcherServlet: DispatcherServlet with name 'spring' processing GET request for [/healthz]

2016-09-29T20:04:17.127119+00:00 05bf1627-ae2f-400c-b1ce-31973a9ff23f - - - [NXLOG@14506 bosh_deployment="cf-warden" bosh_job_name="uaa_z1" bosh_job_index="0" filename="/var/vcap/data/sys/log/uaa/uaa.log"] [2016-09-29 20:04:14.818] uaa - 19013 [http-nio-127.0.0.1-8989-exec-1] .... DEBUG --- DispatcherServlet: Last-Modified value for [/healthz] is: -1

2016-09-29T20:04:17.127137+00:00 05bf1627-ae2f-400c-b1ce-31973a9ff23f - - - [NXLOG@14506 bosh_deployment="cf-warden" bosh_job_name="uaa_z1" bosh_job_index="0" filename="/var/vcap/data/sys/log/uaa/uaa.log"] [2016-09-29 20:04:14.818] uaa - 19013 [http-nio-127.0.0.1-8989-exec-1] .... DEBUG --- RequestResponseBodyMethodProcessor: Written [ok

2016-09-29T20:04:17.127146+00:00 05bf1627-ae2f-400c-b1ce-31973a9ff23f - - - [NXLOG@14506 bosh_deployment="cf-warden" bosh_job_name="uaa_z1" bosh_job_index="0" filename="/var/vcap/data/sys/log/uaa/uaa.log"] ] as "text/plain;charset=ISO-8859-1" using [org.springframework.http.converter.StringHttpMessageConverter@178b2baf]

2016-09-29T20:04:17.127155+00:00 05bf1627-ae2f-400c-b1ce-31973a9ff23f - - - [NXLOG@14506 bosh_deployment="cf-warden" bosh_job_name="uaa_z1" bosh_job_index="0" filename="/var/vcap/data/sys/log/uaa/uaa.log"] [2016-09-29 20:04:14.818] uaa - 19013 [http-nio-127.0.0.1-8989-exec-1] .... DEBUG --- DispatcherServlet: Null ModelAndView returned to DispatcherServlet with name 'spring': assuming HandlerAdapter completed request handling

2016-09-29T20:04:17.127163+00:00 05bf1627-ae2f-400c-b1ce-31973a9ff23f - - - [NXLOG@14506 bosh_deployment="cf-warden" bosh_job_name="uaa_z1" bosh_job_index="0" filename="/var/vcap/data/sys/log/uaa/uaa.log"] [2016-09-29 20:04:14.818] uaa - 19013 [http-nio-127.0.0.1-8989-exec-1] .... DEBUG --- DispatcherServlet: Successfully completed request

2016-09-29T20:04:17.127171+00:00 05bf1627-ae2f-400c-b1ce-31973a9ff23f - - - [NXLOG@14506 bosh_deployment="cf-warden" bosh_job_name="uaa_z1" bosh_job_index="0" filename="/var/vcap/data/sys/log/uaa/uaa.log"] [2016-09-29 20:04:16.156] uaa - 19013 [pool-2-thread-1] .... DEBUG --- JdbcTemplate: Executing SQL query [select count(*) from oauth_client_details]

2016-09-29T20:04:17.127179+00:00 05bf1627-ae2f-400c-b1ce-31973a9ff23f - - - [NXLOG@14506 bosh_deployment="cf-warden" bosh_job_name="uaa_z1" bosh_job_index="0" filename="/var/vcap/data/sys/log/uaa/uaa.log"] [2016-09-29 20:04:16.158] uaa - 19013 [pool-2-thread-1] .... DEBUG --- JdbcTemplate: Executing SQL query [select count(*) from users]

2016-09-29T20:04:17.128417+00:00 b0fa19c0-86de-4447-a670-3f7adbd0b3c1 - - - [NXLOG@14506 bosh_deployment="cf-warden" bosh_job_name="api_z1" bosh_job_index="0" filename="/var/vcap/data/sys/log/cloud_controller_worker/cloud_controller_worker.log"] {"timestamp":1475179447.4614549,"message":"(0.000626s) SELECT * FROM \"delayed_jobs\" WHERE ((((\"run_at\" <= '2016-09-29 20:04:07.460221+0000') AND (\"locked_at\" IS NULL)) OR (\"locked_by\" = 'cc_global_worker.api_z1.0.1')) AND (\"failed_at\" IS NULL) AND (\"queue\" IN ('cc-generic'))) ORDER BY \"priority\" ASC, \"run_at\" ASC LIMIT 5","log_level":"debug2","source":"cc.background","data":{},"thread_id":47193737007380,"fiber_id":47193773841900,"process_id":15807,"file":"/var/vcap/packages/cloud_controller_ng/cloud_controller_ng/vendor/bundle/ruby/2.3.0/gems/sequel-4.29.0/lib/sequel/database/logging.rb","lineno":70,"method":"block in log_each"}

2016-09-29T20:04:17.128480+00:00 b0fa19c0-86de-4447-a670-3f7adbd0b3c1 - - - [NXLOG@14506 bosh_deployment="cf-warden" bosh_job_name="api_z1" bosh_job_index="0" filename="/var/vcap/data/sys/log/cloud_controller_worker/cloud_controller_worker.log"] {"timestamp":1475179452.487929,"message":"(0.001203s) SELECT * FROM \"delayed_jobs\" WHERE ((((\"run_at\" <= '2016-09-29 20:04:12.486054+0000') AND (\"locked_at\" IS NULL)) OR (\"locked_by\" = 'cc_global_worker.api_z1.0.1')) AND (\"failed_at\" IS NULL) AND (\"queue\" IN ('cc-generic'))) ORDER BY \"priority\" ASC, \"run_at\" ASC LIMIT 5","log_level":"debug2","source":"cc.background","data":{},"thread_id":47193737007380,"fiber_id":47193773841900,"process_id":15807,"file":"/var/vcap/packages/cloud_controller_ng/cloud_controller_ng/vendor/bundle/ruby/2.3.0/gems/sequel-4.29.0/lib/sequel/database/logging.rb","lineno":70,"method":"block in log_each"}

2016-09-29T20:04:17.128502+00:00 b0fa19c0-86de-4447-a670-3f7adbd0b3c1 - - - [NXLOG@14506 bosh_deployment="cf-warden" bosh_job_name="api_z1" bosh_job_index="0" filename="/var/vcap/data/sys/log/nginx_cc/nginx.access.log"] 10.244.0.138 - [29/Sep/2016:20:04:07 +0000] "GET /v2/info HTTP/1.1" 200 802 "-" "monit/5.2.5" 10.244.0.138 vcap_request_id:85c5ae18-eb3f-4087-89d8-8bf1db492fe0 response_time:0.003

2016-09-29T20:04:17.128535+00:00 b0fa19c0-86de-4447-a670-3f7adbd0b3c1 - - - [NXLOG@14506 bosh_deployment="cf-warden" bosh_job_name="api_z1" bosh_job_index="0" filename="/var/vcap/data/sys/log/nginx_cc/nginx.access.log"] api.bosh-lite.com - [29/Sep/2016:20:04:16 +0000] "GET /v2/syslog_drain_urls?batch_size=1000 HTTP/1.1" 200 326 "-" "Go-http-client/1.1" 10.244.0.146, 10.244.0.34, 10.244.0.22 vcap_request_id:240a3429-1f41-4d3a-6749-ca7e5e98af03::16bb6783-f377-4482-aa2e-0ebac364c8f5 response_time:0.005

2016-09-29T20:04:17.128557+00:00 b0fa19c0-86de-4447-a670-3f7adbd0b3c1 - - - [NXLOG@14506 bosh_deployment="cf-warden" bosh_job_name="api_z1" bosh_job_index="0" filename="/var/vcap/data/sys/log/cloud_controller_ng/cloud_controller_ng.log"] {"timestamp":1475179447.2368536,"message":"Statsd: cc.requests.outstanding:1|c","log_level":"debug","source":"statsd.client","data":{},"thread_id":47062185511380,"fiber_id":47062167101080,"process_id":15535,"file":"/var/vcap/packages/cloud_controller_ng/cloud_controller_ng/vendor/bundle/ruby/2.3.0/gems/statsd-ruby-1.2.1/lib/statsd.rb","lineno":254,"method":"send_to_socket"}

2016-09-29T20:04:17.128568+00:00 b0fa19c0-86de-4447-a670-3f7adbd0b3c1 - - - [NXLOG@14506 bosh_deployment="cf-warden" bosh_job_name="api_z1" bosh_job_index="0" filename="/var/vcap/data/sys/log/cloud_controller_ng/cloud_controller_ng.log"] {"timestamp":1475179447.237439,"message":"Started GET \"/v2/info\" for user: , ip: 127.0.0.1 with vcap-request-id: 85c5ae18-eb3f-4087-89d8-8bf1db492fe0 at 2016-09-29 20:04:07 UTC","log_level":"info","source":"cc.api","data":{},"thread_id":47062185511380,"fiber_id":47062167101080,"process_id":15535,"file":"/var/vcap/packages/cloud_controller_ng/cloud_controller_ng/middleware/request_logs.rb","lineno":12,"method":"call"}

2016-09-29T20:04:17.128581+00:00 b0fa19c0-86de-4447-a670-3f7adbd0b3c1 - - - [NXLOG@14506 bosh_deployment="cf-warden" bosh_job_name="api_z1" bosh_job_index="0" filename="/var/vcap/data/sys/log/cloud_controller_ng/cloud_controller_ng.log"] {"timestamp":1475179447.2382827,"message":"dispatch VCAP::CloudController::InfoController get /v2/info","log_level":"debug","source":"cc.api","data":{"request_guid":"85c5ae18-eb3f-4087-89d8-8bf1db492fe0"},"thread_id":47062185511380,"fiber_id":47062167101080,"process_id":15535,"file":"/var/vcap/data/packages/cloud_controller_ng/f87cb49aa2cd87792cb9c2211a79e1542502be4d.1-b1a5f3c830cb6c32ae9e685628b24aa967f5ae54/cloud_controller_ng/lib/cloud_controller/rest_controller/routes.rb","lineno":12,"method":"block in define_route"}

2016-09-29T20:04:17.128606+00:00 b0fa19c0-86de-4447-a670-3f7adbd0b3c1 - - - [NXLOG@14506 bosh_deployment="cf-warden" bosh_job_name="api_z1" bosh_job_index="0" filename="/var/vcap/data/sys/log/cloud_controller_ng/cloud_controller_ng.log"] {"timestamp":1475179447.2386708,"message":"parse_params: {} ","log_level":"debug","source":"cc.api","data":{"request_guid":"85c5ae18-eb3f-4087-89d8-8bf1db492fe0"},"thread_id":47062185511380,"fiber_id":47062167101080,"process_id":15535,"file":"/var/vcap/data/packages/cloud_controller_ng/f87cb49aa2cd87792cb9c2211a79e1542502be4d.1-b1a5f3c830cb6c32ae9e685628b24aa967f5ae54/cloud_controller_ng/lib/cloud_controller/rest_controller/common_params.rb","lineno":10,"method":"parse"}

2016-09-29T20:04:17.128631+00:00 b0fa19c0-86de-4447-a670-3f7adbd0b3c1 - - - [NXLOG@14506 bosh_deployment="cf-warden" bosh_job_name="api_z1" bosh_job_index="0" filename="/var/vcap/data/sys/log/cloud_controller_ng/cloud_controller_ng.log"] {"timestamp":1475179447.2388263,"message":"cc.dispatch","log_level":"debug","source":"cc.api","data":{"request_guid":"85c5ae18-eb3f-4087-89d8-8bf1db492fe0","endpoint":"read","args":[]},"thread_id":47062185511380,"fiber_id":47062167101080,"process_id":15535,"file":"/var/vcap/data/packages/cloud_controller_ng/f87cb49aa2cd87792cb9c2211a79e1542502be4d.1-b1a5f3c830cb6c32ae9e685628b24aa967f5ae54/cloud_controller_ng/app/controllers/base/base_controller.rb","lineno":78,"method":"dispatch"}

2016-09-29T20:04:17.128664+00:00 b0fa19c0-86de-4447-a670-3f7adbd0b3c1 - - - [NXLOG@14506 bosh_deployment="cf-warden" bosh_job_name="api_z1" bosh_job_index="0" filename="/var/vcap/data/sys/log/cloud_controller_ng/cloud_controller_ng.log"] {"timestamp":1475179447.2392337,"message":"Completed 200 vcap-request-id: 85c5ae18-eb3f-4087-89d8-8bf1db492fe0","log_level":"info","source":"cc.api","data":{},"thread_id":47062185511380,"fiber_id":47062167101080,"process_id":15535,"file":"/var/vcap/packages/cloud_controller_ng/cloud_controller_ng/middleware/request_logs.rb","lineno":24,"method":"call"}

2016-09-29T20:04:17.128712+00:00 b0fa19c0-86de-4447-a670-3f7adbd0b3c1 - - - [NXLOG@14506 bosh_deployment="cf-warden" bosh_job_name="api_z1" bosh_job_index="0" filename="/var/vcap/data/sys/log/cloud_controller_ng/cloud_controller_ng.log"] {"timestamp":1475179447.2394197,"message":"Statsd: cc.requests.outstanding:-1|c\ncc.requests.completed:1|c\ncc.http_status.2XX:1|c","log_level":"debug","source":"statsd.client","data":{},"thread_id":47062185511380,"fiber_id":47062167101080,"process_id":15535,"file":"/var/vcap/packages/cloud_controller_ng/cloud_controller_ng/vendor/bundle/ruby/2.3.0/gems/statsd-ruby-1.2.1/lib/statsd.rb","lineno":254,"method":"send_to_socket"}

2016-09-29T20:04:17.128742+00:00 b0fa19c0-86de-4447-a670-3f7adbd0b3c1 - - - [NXLOG@14506 bosh_deployment="cf-warden" bosh_job_name="api_z1" bosh_job_index="0" filename="/var/vcap/data/sys/log/cloud_controller_ng/cloud_controller_ng.log"] {"timestamp":1475179447.4274306,"message":"(0.000640s) SELECT * FROM \"delayed_jobs\" WHERE ((((\"run_at\" <= '2016-09-29 20:04:07.426199+0000') AND (\"locked_at\" IS NULL)) OR (\"locked_by\" = 'cc_api_worker.api_z1.0.2')) AND (\"failed_at\" IS NULL) AND (\"queue\" IN ('cc-api_z1-0'))) ORDER BY \"priority\" ASC, \"run_at\" ASC LIMIT 5","log_level":"debug2","source":"cc.background","data":{},"thread_id":47118928261380,"fiber_id":47118965175380,"process_id":15629,"file":"/var/vcap/packages/cloud_controller_ng/cloud_controller_ng/vendor/bundle/ruby/2.3.0/gems/sequel-4.29.0/lib/sequel/database/logging.rb","lineno":70,"method":"block in log_each"}

2016-09-29T20:04:17.128786+00:00 b0fa19c0-86de-4447-a670-3f7adbd0b3c1 - - - [NXLOG@14506 bosh_deployment="cf-warden" bosh_job_name="api_z1" bosh_job_index="0" filename="/var/vcap/data/sys/log/cloud_controller_ng/cloud_controller_ng.log"] {"timestamp":1475179448.738952,"message":"(0.000907s) SELECT * FROM \"delayed_jobs\" WHERE ((((\"run_at\" <= '2016-09-29 20:04:08.737126+0000') AND (\"locked_at\" IS NULL)) OR (\"locked_by\" = 'cc_api_worker.api_z1.0.1')) AND (\"failed_at\" IS NULL) AND (\"queue\" IN ('cc-api_z1-0'))) ORDER BY \"priority\" ASC, \"run_at\" ASC LIMIT 5","log_level":"debug2","source":"cc.background","data":{},"thread_id":47452862460180,"fiber_id":47452899698480,"process_id":15587,"file":"/var/vcap/packages/cloud_controller_ng/cloud_controller_ng/vendor/bundle/ruby/2.3.0/gems/sequel-4.29.0/lib/sequel/database/logging.rb","lineno":70,"method":"block in log_each"}

2016-09-29T20:04:17.128816+00:00 b0fa19c0-86de-4447-a670-3f7adbd0b3c1 - - - [NXLOG@14506 bosh_deployment="cf-warden" bosh_job_name="api_z1" bosh_job_index="0" filename="/var/vcap/data/sys/log/cloud_controller_ng/cloud_controller_ng.log"] {"timestamp":1475179452.450152,"message":"(0.000667s) SELECT * FROM \"delayed_jobs\" WHERE ((((\"run_at\" <= '2016-09-29 20:04:12.448828+0000') AND (\"locked_at\" IS NULL)) OR (\"locked_by\" = 'cc_api_worker.api_z1.0.2')) AND (\"failed_at\" IS NULL) AND (\"queue\" IN ('cc-api_z1-0'))) ORDER BY \"priority\" ASC, \"run_at\" ASC LIMIT 5","log_level":"debug2","source":"cc.background","data":{},"thread_id":47118928261380,"fiber_id":47118965175380,"process_id":15629,"file":"/var/vcap/packages/cloud_controller_ng/cloud_controller_ng/vendor/bundle/ruby/2.3.0/gems/sequel-4.29.0/lib/sequel/database/logging.rb","lineno":70,"method":"block in log_each"}

2016-09-29T20:04:17.128844+00:00 b0fa19c0-86de-4447-a670-3f7adbd0b3c1 - - - [NXLOG@14506 bosh_deployment="cf-warden" bosh_job_name="api_z1" bosh_job_index="0" filename="/var/vcap/data/sys/log/cloud_controller_ng/cloud_controller_ng.log"] {"timestamp":1475179453.7614148,"message":"(0.000410s) SELECT * FROM \"delayed_jobs\" WHERE ((((\"run_at\" <= '2016-09-29 20:04:13.760477+0000') AND (\"locked_at\" IS NULL)) OR (\"locked_by\" = 'cc_api_worker.api_z1.0.1')) AND (\"failed_at\" IS NULL) AND (\"queue\" IN ('cc-api_z1-0'))) ORDER BY \"priority\" ASC, \"run_at\" ASC LIMIT 5","log_level":"debug2","source":"cc.background","data":{},"thread_id":47452862460180,"fiber_id":47452899698480,"process_id":15587,"file":"/var/vcap/packages/cloud_controller_ng/cloud_controller_ng/vendor/bundle/ruby/2.3.0/gems/sequel-4.29.0/lib/sequel/database/logging.rb","lineno":70,"method":"block in log_each"}

2016-09-29T20:04:17.128882+00:00 b0fa19c0-86de-4447-a670-3f7adbd0b3c1 - - - [NXLOG@14506 bosh_deployment="cf-warden" bosh_job_name="api_z1" bosh_job_index="0" filename="/var/vcap/data/sys/log/cloud_controller_ng/cloud_controller_ng.log"] {"timestamp":1475179456.0591385,"message":"Statsd: cc.requests.outstanding:1|c","log_level":"debug","source":"statsd.client","data":{},"thread_id":47062185508240,"fiber_id":47062157676460,"process_id":15535,"file":"/var/vcap/packages/cloud_controller_ng/cloud_controller_ng/vendor/bundle/ruby/2.3.0/gems/statsd-ruby-1.2.1/lib/statsd.rb","lineno":254,"method":"send_to_socket"}

2016-09-29T20:04:17.128925+00:00 b0fa19c0-86de-4447-a670-3f7adbd0b3c1 - - - [NXLOG@14506 bosh_deployment="cf-warden" bosh_job_name="api_z1" bosh_job_index="0" filename="/var/vcap/data/sys/log/cloud_controller_ng/cloud_controller_ng.log"] {"timestamp":1475179456.0601912,"message":"Started GET \"/v2/syslog_drain_urls?batch_size=1000\" for user: , ip: 127.0.0.1 with vcap-request-id: 240a3429-1f41-4d3a-6749-ca7e5e98af03::16bb6783-f377-4482-aa2e-0ebac364c8f5 at 2016-09-29 20:04:16 UTC","log_level":"info","source":"cc.api","data":{},"thread_id":47062185508240,"fiber_id":47062157676460,"process_id":15535,"file":"/var/vcap/packages/cloud_controller_ng/cloud_controller_ng/middleware/request_logs.rb","lineno":12,"method":"call"}

2016-09-29T20:04:17.129014+00:00 b0fa19c0-86de-4447-a670-3f7adbd0b3c1 - - - [NXLOG@14506 bosh_deployment="cf-warden" bosh_job_name="api_z1" bosh_job_index="0" filename="/var/vcap/data/sys/log/cloud_controller_ng/cloud_controller_ng.log"] {"timestamp":1475179456.0611322,"message":"dispatch VCAP::CloudController::SyslogDrainUrlsController get /v2/syslog_drain_urls","log_level":"debug","source":"cc.api","data":{"request_guid":"240a3429-1f41-4d3a-6749-ca7e5e98af03::16bb6783-f377-4482-aa2e-0ebac364c8f5"},"thread_id":47062185508240,"fiber_id":47062157676460,"process_id":15535,"file":"/var/vcap/data/packages/cloud_controller_ng/f87cb49aa2cd87792cb9c2211a79e1542502be4d.1-b1a5f3c830cb6c32ae9e685628b24aa967f5ae54/cloud_controller_ng/lib/cloud_controller/rest_controller/routes.rb","lineno":12,"method":"block in define_route"}

2016-09-29T20:04:17.129075+00:00 b0fa19c0-86de-4447-a670-3f7adbd0b3c1 - - - [NXLOG@14506 bosh_deployment="cf-warden" bosh_job_name="api_z1" bosh_job_index="0" filename="/var/vcap/data/sys/log/cloud_controller_ng/cloud_controller_ng.log"] {"timestamp":1475179456.061373,"message":"parse_params: {\"batch_size\"=>\"1000\"} batch_size=1000","log_level":"debug","source":"cc.api","data":{"request_guid":"240a3429-1f41-4d3a-6749-ca7e5e98af03::16bb6783-f377-4482-aa2e-0ebac364c8f5"},"thread_id":47062185508240,"fiber_id":47062157676460,"process_id":15535,"file":"/var/vcap/data/packages/cloud_controller_ng/f87cb49aa2cd87792cb9c2211a79e1542502be4d.1-b1a5f3c830cb6c32ae9e685628b24aa967f5ae54/cloud_controller_ng/lib/cloud_controller/rest_controller/common_params.rb","lineno":10,"method":"parse"}

2016-09-29T20:04:17.129125+00:00 b0fa19c0-86de-4447-a670-3f7adbd0b3c1 - - - [NXLOG@14506 bosh_deployment="cf-warden" bosh_job_name="api_z1" bosh_job_index="0" filename="/var/vcap/data/sys/log/cloud_controller_ng/cloud_controller_ng.log"] {"timestamp":1475179456.0614996,"message":"cc.dispatch","log_level":"debug","source":"cc.api","data":{"request_guid":"240a3429-1f41-4d3a-6749-ca7e5e98af03::16bb6783-f377-4482-aa2e-0ebac364c8f5","endpoint":"list","args":[]},"thread_id":47062185508240,"fiber_id":47062157676460,"process_id":15535,"file":"/var/vcap/data/packages/cloud_controller_ng/f87cb49aa2cd87792cb9c2211a79e1542502be4d.1-b1a5f3c830cb6c32ae9e685628b24aa967f5ae54/cloud_controller_ng/app/controllers/base/base_controller.rb","lineno":78,"method":"dispatch"}

2016-09-29T20:04:17.129138+00:00 b0fa19c0-86de-4447-a670-3f7adbd0b3c1 - - - [NXLOG@14506 bosh_deployment="cf-warden" bosh_job_name="api_z1" bosh_job_index="0" filename="/var/vcap/data/sys/log/cloud_controller_ng/cloud_controller_ng.log"] {"timestamp":1475179456.0630112,"message":"(0.000798s) SELECT \"apps\".\"guid\", string_agg(\"service_bindings\".\"syslog_drain_url\", ',') AS \"syslog_drain_urls\" FROM \"apps\" INNER JOIN \"service_bindings\" ON (\"service_bindings\".\"app_id\" = \"apps\".\"id\") WHERE ((syslog_drain_url IS NOT NULL) AND (syslog_drain_url != '')) GROUP BY \"apps\".\"guid\" UNION ALL (SELECT \"apps_v3\".\"guid\", string_agg(\"v3_service_bindings\".\"syslog_drain_url\", ',') AS \"syslog_drain_urls\" FROM \"apps_v3\" INNER JOIN \"v3_service_bindings\" ON (\"v3_service_bindings\".\"app_id\" = \"apps_v3\".\"id\") WHERE ((syslog_drain_url IS NOT NULL) AND (syslog_drain_url != '')) GROUP BY \"apps_v3\".\"guid\") ORDER BY \"guid\" LIMIT 1000 OFFSET 0","log_level":"debug2","source":"cc.db","data":{"request_guid":"240a3429-1f41-4d3a-6749-ca7e5e98af03::16bb6783-f377-4482-aa2e-0ebac364c8f5"},"thread_id":47062185508240,"fiber_id":47062157676460,"process_id":15535,"file":"/var/vcap/packages/cloud_controller_ng/cloud_controller_ng/vendor/bundle/ruby/2.3.0/gems/sequel-4.29.0/lib/sequel/database/logging.rb","lineno":70,"method":"block in log_each"}

2016-09-29T20:04:17.129165+00:00 b0fa19c0-86de-4447-a670-3f7adbd0b3c1 - - - [NXLOG@14506 bosh_deployment="cf-warden" bosh_job_name="api_z1" bosh_job_index="0" filename="/var/vcap/data/sys/log/cloud_controller_ng/cloud_controller_ng.log"] {"timestamp":1475179456.0633507,"message":"Completed 200 vcap-request-id: 240a3429-1f41-4d3a-6749-ca7e5e98af03::16bb6783-f377-4482-aa2e-0ebac364c8f5","log_level":"info","source":"cc.api","data":{},"thread_id":47062185508240,"fiber_id":47062157676460,"process_id":15535,"file":"/var/vcap/packages/cloud_controller_ng/cloud_controller_ng/middleware/request_logs.rb","lineno":24,"method":"call"}

2016-09-29T20:04:17.129197+00:00 b0fa19c0-86de-4447-a670-3f7adbd0b3c1 - - - [NXLOG@14506 bosh_deployment="cf-warden" bosh_job_name="api_z1" bosh_job_index="0" filename="/var/vcap/data/sys/log/cloud_controller_ng/cloud_controller_ng.log"] {"timestamp":1475179456.0635006,"message":"Statsd: cc.requests.outstanding:-1|c\ncc.requests.completed:1|c\ncc.http_status.2XX:1|c","log_level":"debug","source":"statsd.client","data":{},"thread_id":47062185508240,"fiber_id":47062157676460,"process_id":15535,"file":"/var/vcap/packages/cloud_controller_ng/cloud_controller_ng/vendor/bundle/ruby/2.3.0/gems/statsd-ruby-1.2.1/lib/statsd.rb","lineno":254,"method":"send_to_socket"}

2016-09-29T20:04:17.122591+00:00 152ab062-1f32-4789-910a-13bdc79651b2 - - - [NXLOG@14506 bosh_deployment="cf-warden" bosh_job_name="hm9000_z1" bosh_job_index="0" filename="/var/vcap/data/sys/log/hm9000/hm9000_listener.log"] {"timestamp":"1475179451.819325209","source":"listener","message":"listener.Saving Heartbeats","log_level":1,"data":{"Heartbeats to Save":"1"}}

2016-09-29T20:04:17.122717+00:00 152ab062-1f32-4789-910a-13bdc79651b2 - - - [NXLOG@14506 bosh_deployment="cf-warden" bosh_job_name="hm9000_z1" bosh_job_index="0" filename="/var/vcap/data/sys/log/hm9000/hm9000_listener.log"] {"timestamp":"1475179451.827001095","source":"listener","message":"listener.Bumped freshness","log_level":1,"data":{}}

2016-09-29T20:04:17.122825+00:00 152ab062-1f32-4789-910a-13bdc79651b2 - - - [NXLOG@14506 bosh_deployment="cf-warden" bosh_job_name="hm9000_z1" bosh_job_index="0" filename="/var/vcap/data/sys/log/hm9000/hm9000_listener.log"] {"timestamp":"1475179451.827023983","source":"listener","message":"listener.Saved Heartbeats","log_level":1,"data":{"Duration":"7.61335ms","Heartbeats to Save":"1"}}

2016-09-29T20:04:26.978130+00:00 bfc626ef-a2eb-4bad-8f71-fa1d6d0f927f - - - [NXLOG@14506 bosh_deployment="cf-warden" bosh_job_name="loggregator_trafficcontroller_z1" bosh_job_index="0" filename="/var/vcap/data/sys/log/route_registrar/route_registrar.stdout.log"] {"timestamp":"1475179466.733094215","source":"Route Registrar","message":"Route Registrar.no healthchecker found for route","log_level":1,"data":{"route":{"Name":"loggregator","Port":8080,"Tags":null,"URIs":["loggregator.bosh-lite.com"],"RouteServiceUrl":"","RegistrationInterval":20000000000,"HealthCheck":null}}}

2016-09-29T20:04:26.978256+00:00 bfc626ef-a2eb-4bad-8f71-fa1d6d0f927f - - - [NXLOG@14506 bosh_deployment="cf-warden" bosh_job_name="loggregator_trafficcontroller_z1" bosh_job_index="0" filename="/var/vcap/data/sys/log/route_registrar/route_registrar.stdout.log"] {"timestamp":"1475179466.733097315","source":"Route Registrar","message":"Route Registrar.Registering route","log_level":1,"data":{"route":{"Name":"loggregator","Port":8080,"Tags":null,"URIs":["loggregator.bosh-lite.com"],"RouteServiceUrl":"","RegistrationInterval":20000000000,"HealthCheck":null}}}

2016-09-29T20:04:26.978317+00:00 bfc626ef-a2eb-4bad-8f71-fa1d6d0f927f - - - [NXLOG@14506 bosh_deployment="cf-warden" bosh_job_name="loggregator_trafficcontroller_z1" bosh_job_index="0" filename="/var/vcap/data/sys/log/route_registrar/route_registrar.stdout.log"] {"timestamp":"1475179466.733253717","source":"Route Registrar","message":"Route Registrar.Registered routes successfully","log_level":1,"data":{}}

2016-09-29T20:04:26.978373+00:00 bfc626ef-a2eb-4bad-8f71-fa1d6d0f927f - - - [NXLOG@14506 bosh_deployment="cf-warden" bosh_job_name="loggregator_trafficcontroller_z1" bosh_job_index="0" filename="/var/vcap/data/sys/log/route_registrar/route_registrar.stdout.log"] {"timestamp":"1475179466.733363628","source":"Route Registrar","message":"Route Registrar.no healthchecker found for route","log_level":1,"data":{"route":{"Name":"doppler","Port":8081,"Tags":null,"URIs":["doppler.bosh-lite.com"],"RouteServiceUrl":"","RegistrationInterval":20000000000,"HealthCheck":null}}}

2016-09-29T20:04:26.978428+00:00 bfc626ef-a2eb-4bad-8f71-fa1d6d0f927f - - - [NXLOG@14506 bosh_deployment="cf-warden" bosh_job_name="loggregator_trafficcontroller_z1" bosh_job_index="0" filename="/var/vcap/data/sys/log/route_registrar/route_registrar.stdout.log"] {"timestamp":"1475179466.733387470","source":"Route Registrar","message":"Route Registrar.Registering route","log_level":1,"data":{"route":{"Name":"doppler","Port":8081,"Tags":null,"URIs":["doppler.bosh-lite.com"],"RouteServiceUrl":"","RegistrationInterval":20000000000,"HealthCheck":null}}}

2016-09-29T20:04:26.978482+00:00 bfc626ef-a2eb-4bad-8f71-fa1d6d0f927f - - - [NXLOG@14506 bosh_deployment="cf-warden" bosh_job_name="loggregator_trafficcontroller_z1" bosh_job_index="0" filename="/var/vcap/data/sys/log/route_registrar/route_registrar.stdout.log"] {"timestamp":"1475179466.733428478","source":"Route Registrar","message":"Route Registrar.Registered routes successfully","log_level":1,"data":{}}

2016-09-29T20:04:26.986387+00:00 fc52b791-0068-48d0-b63d-a9600b8fa32e - - - [NXLOG@14506 bosh_deployment="cf-warden" bosh_job_name="runner_z1" bosh_job_index="0" filename="/var/vcap/data/sys/log/dea_next/dea_next.log"] {"timestamp":1475179461.7723887,"message":"hm9000.heartbeat.sending","log_level":"debug","source":"Dea::Bootstrap","data":{"destination":"https://listener-hm9000.service.cf.internal:5335/dea/heartbeat"},"thread_id":47241037142420,"fiber_id":47241050325380,"process_id":6941,"file":"/var/vcap/packages/dea_next/lib/dea/utils/hm9000.rb","lineno":29,"method":"send_heartbeat"}

2016-09-29T20:04:26.986979+00:00 fc52b791-0068-48d0-b63d-a9600b8fa32e - - - [NXLOG@14506 bosh_deployment="cf-warden" bosh_job_name="runner_z1" bosh_job_index="0" filename="/var/vcap/data/sys/log/dea_next/dea_next.log"] {"timestamp":1475179461.7747202,"message":"hm9000.heartbeat.accepted","log_level":"debug","source":"Dea::Bootstrap","data":{},"thread_id":47241050154880,"fiber_id":47241051015860,"process_id":6941,"file":"/var/vcap/packages/dea_next/lib/dea/utils/hm9000.rb","lineno":49,"method":"handle_http_response"}

2016-09-29T20:04:27.122428+00:00 152ab062-1f32-4789-910a-13bdc79651b2 - - - [NXLOG@14506 bosh_deployment="cf-warden" bosh_job_name="hm9000_z1" bosh_job_index="0" filename="/var/vcap/data/sys/log/hm9000/hm9000_listener.log"] {"timestamp":"1475179461.774122477","source":"listener","message":"listener.Received a heartbeat","log_level":1,"data":{"Heartbeats Pending Save":"1"}}

2016-09-29T20:04:27.122599+00:00 152ab062-1f32-4789-910a-13bdc79651b2 - - - [NXLOG@14506 bosh_deployment="cf-warden" bosh_job_name="hm9000_z1" bosh_job_index="0" filename="/var/vcap/data/sys/log/hm9000/hm9000_listener.log"] {"timestamp":"1475179461.816061497","source":"listener","message":"listener.Saving Heartbeats","log_level":1,"data":{"Heartbeats to Save":"1"}}

2016-09-29T20:04:36.988093+00:00 fc52b791-0068-48d0-b63d-a9600b8fa32e - - - [NXLOG@14506 bosh_deployment="cf-warden" bosh_job_name="runner_z1" bosh_job_index="0" filename="/var/vcap/data/sys/log/dea_next/dea_next.log"] {"timestamp":1475179471.7756157,"message":"hm9000.heartbeat.sending","log_level":"debug","source":"Dea::Bootstrap","data":{"destination":"https://listener-hm9000.service.cf.internal:5335/dea/heartbeat"},"thread_id":47241037142420,"fiber_id":47241050325380,"process_id":6941,"file":"/var/vcap/packages/dea_next/lib/dea/utils/hm9000.rb","lineno":29,"method":"send_heartbeat"}

2016-09-29T20:04:36.988273+00:00 fc52b791-0068-48d0-b63d-a9600b8fa32e - - - [NXLOG@14506 bosh_deployment="cf-warden" bosh_job_name="runner_z1" bosh_job_index="0" filename="/var/vcap/data/sys/log/dea_next/dea_next.log"] {"timestamp":1475179471.789645,"message":"hm9000.heartbeat.accepted","log_level":"debug","source":"Dea::Bootstrap","data":{},"thread_id":47241050155040,"fiber_id":47241050974060,"process_id":6941,"file":"/var/vcap/packages/dea_next/lib/dea/utils/hm9000.rb","lineno":49,"method":"handle_http_response"}

2016-09-29T20:04:36.988329+00:00 fc52b791-0068-48d0-b63d-a9600b8fa32e - - - [NXLOG@14506 bosh_deployment="cf-warden" bosh_job_name="runner_z1" bosh_job_index="0" filename="/var/vcap/data/sys/log/dea_next/dea_next.log"] {"timestamp":1475179476.100189,"message":"Reaping orphaned containers","log_level":"debug","source":"Dea::Bootstrap","data":{},"thread_id":47241037142420,"fiber_id":47241050325380,"process_id":6941,"file":"/var/vcap/packages/dea_next/lib/dea/bootstrap.rb","lineno":236,"method":"reap_orphaned_containers"}

2016-09-29T20:04:37.122466+00:00 f0562343-642f-42d4-aca5-293abe675815 - - - [NXLOG@14506 bosh_deployment="cf-warden" bosh_job_name="blobstore_z1" bosh_job_index="0" filename="/var/vcap/data/sys/log/route_registrar/route_registrar.stdout.log"] {"timestamp":"1475179468.513034344","source":"Route Registrar","message":"Route Registrar.no healthchecker found for route","log_level":1,"data":{"route":{"Name":"blobstore","Port":80,"Tags":{"component":"blobstore"},"URIs":["blobstore.bosh-lite.com"],"RouteServiceUrl":"","RegistrationInterval":20000000000,"HealthCheck":null}}}

2016-09-29T20:04:37.122639+00:00 f0562343-642f-42d4-aca5-293abe675815 - - - [NXLOG@14506 bosh_deployment="cf-warden" bosh_job_name="blobstore_z1" bosh_job_index="0" filename="/var/vcap/data/sys/log/route_registrar/route_registrar.stdout.log"] {"timestamp":"1475179468.513129473","source":"Route Registrar","message":"Route Registrar.Registering route","log_level":1,"data":{"route":{"Name":"blobstore","Port":80,"Tags":{"component":"blobstore"},"URIs":["blobstore.bosh-lite.com"],"RouteServiceUrl":"","RegistrationInterval":20000000000,"HealthCheck":null}}}

2016-09-29T20:04:37.122696+00:00 f0562343-642f-42d4-aca5-293abe675815 - - - [NXLOG@14506 bosh_deployment="cf-warden" bosh_job_name="blobstore_z1" bosh_job_index="0" filename="/var/vcap/data/sys/log/route_registrar/route_registrar.stdout.log"] {"timestamp":"1475179468.513195276","source":"Route Registrar","message":"Route Registrar.Registered routes successfully","log_level":1,"data":{}}

2016-09-29T20:04:37.122780+00:00 152ab062-1f32-4789-910a-13bdc79651b2 - - - [NXLOG@14506 bosh_deployment="cf-warden" bosh_job_name="hm9000_z1" bosh_job_index="0" filename="/var/vcap/data/sys/log/hm9000/hm9000_listener.log"] {"timestamp":"1475179471.788775444","source":"listener","message":"listener.Received a heartbeat","log_level":1,"data":{"Heartbeats Pending Save":"1"}}

2016-09-29T20:04:37.123023+00:00 152ab062-1f32-4789-910a-13bdc79651b2 - - - [NXLOG@14506 bosh_deployment="cf-warden" bosh_job_name="hm9000_z1" bosh_job_index="0" filename="/var/vcap/data/sys/log/hm9000/hm9000_listener.log"] {"timestamp":"1475179471.815999269","source":"listener","message":"listener.Saving Heartbeats","log_level":1,"data":{"Heartbeats to Save":"1"}}

2016-09-29T20:04:37.124881+00:00 05bf1627-ae2f-400c-b1ce-31973a9ff23f - - - [NXLOG@14506 bosh_deployment="cf-warden" bosh_job_name="uaa_z1" bosh_job_index="0" filename="/var/vcap/data/sys/log/uaa/localhost_access.log"] 127.0.0.1 - - [29/Sep/2016:20:04:18 +0000] "GET /healthz HTTP/1.1" 200 3

2016-09-29T20:04:37.125100+00:00 05bf1627-ae2f-400c-b1ce-31973a9ff23f - - - [NXLOG@14506 bosh_deployment="cf-warden" bosh_job_name="uaa_z1" bosh_job_index="0" filename="/var/vcap/data/sys/log/uaa/localhost_access.log"] 127.0.0.1 - - [29/Sep/2016:20:04:20 +0000] "GET /healthz HTTP/1.1" 200 3

2016-09-29T20:04:37.125178+00:00 05bf1627-ae2f-400c-b1ce-31973a9ff23f - - - [NXLOG@14506 bosh_deployment="cf-warden" bosh_job_name="uaa_z1" bosh_job_index="0" filename="/var/vcap/data/sys/log/uaa/localhost_access.log"] 127.0.0.1 - - [29/Sep/2016:20:04:22 +0000] "GET /healthz HTTP/1.1" 200 3

2016-09-29T20:04:37.125226+00:00 05bf1627-ae2f-400c-b1ce-31973a9ff23f - - - [NXLOG@14506 bosh_deployment="cf-warden" bosh_job_name="uaa_z1" bosh_job_index="0" filename="/var/vcap/data/sys/log/uaa/localhost_access.log"] 127.0.0.1 - - [29/Sep/2016:20:04:26 +0000] "GET /healthz HTTP/1.1" 200 3

2016-09-29T20:04:37.125288+00:00 05bf1627-ae2f-400c-b1ce-31973a9ff23f - - - [NXLOG@14506 bosh_deployment="cf-warden" bosh_job_name="uaa_z1" bosh_job_index="0" filename="/var/vcap/data/sys/log/route_registrar/route_registrar.stdout.log"] {"timestamp":"1475179470.808113813","source":"Route Registrar","message":"Route Registrar.Executing script","log_level":1,"data":{"scriptPath":"/var/vcap/jobs/uaa/bin/health_check"}}

2016-09-29T20:04:37.125334+00:00 05bf1627-ae2f-400c-b1ce-31973a9ff23f - - - [NXLOG@14506 bosh_deployment="cf-warden" bosh_job_name="uaa_z1" bosh_job_index="0" filename="/var/vcap/data/sys/log/route_registrar/route_registrar.stdout.log"] {"timestamp":"1475179470.819139481","source":"Route Registrar","message":"Route Registrar.Script exited without error","log_level":1,"data":{"script":"/var/vcap/jobs/uaa/bin/health_check","stderr":"  % Total    % Received % Xferd  Average Speed   Time    Time     Time  Current\n                                 Dload  Upload   Total   Spent    Left  Speed\n\r  0     0    0     0    0     0      0      0 --:--:-- --:--:-- --:--:--     0\r100     3  100     3    0     0   2795      0 --:--:-- --:--:-- --:--:--  3000\n","stdout":""}}

2016-09-29T20:04:37.125409+00:00 05bf1627-ae2f-400c-b1ce-31973a9ff23f - - - [NXLOG@14506 bosh_deployment="cf-warden" bosh_job_name="uaa_z1" bosh_job_index="0" filename="/var/vcap/data/sys/log/route_registrar/route_registrar.stdout.log"] {"timestamp":"1475179470.819206238","source":"Route Registrar","message":"Route Registrar.healthchecker returned healthy for route","log_level":1,"data":{"route":{"Name":"uaa","Port":8080,"Tags":{"component":"uaa"},"URIs":["uaa.bosh-lite.com","*.uaa.bosh-lite.com","login.bosh-lite.com","*.login.bosh-lite.com"],"RouteServiceUrl":"","RegistrationInterval":4000000000,"HealthCheck":{"Name":"uaa-healthcheck","ScriptPath":"/var/vcap/jobs/uaa/bin/health_check","Timeout":2000000000}}}}

2016-09-29T20:04:37.125475+00:00 05bf1627-ae2f-400c-b1ce-31973a9ff23f - - - [NXLOG@14506 bosh_deployment="cf-warden" bosh_job_name="uaa_z1" bosh_job_index="0" filename="/var/vcap/data/sys/log/route_registrar/route_registrar.stdout.log"] {"timestamp":"1475179470.819241047","source":"Route Registrar","message":"Route Registrar.Registering route","log_level":1,"data":{"route":{"Name":"uaa","Port":8080,"Tags":{"component":"uaa"},"URIs":["uaa.bosh-lite.com","*.uaa.bosh-lite.com","login.bosh-lite.com","*.login.bosh-lite.com"],"RouteServiceUrl":"","RegistrationInterval":4000000000,"HealthCheck":{"Name":"uaa-healthcheck","ScriptPath":"/var/vcap/jobs/uaa/bin/health_check","Timeout":2000000000}}}}

2016-09-29T20:04:37.125526+00:00 05bf1627-ae2f-400c-b1ce-31973a9ff23f - - - [NXLOG@14506 bosh_deployment="cf-warden" bosh_job_name="uaa_z1" bosh_job_index="0" filename="/var/vcap/data/sys/log/route_registrar/route_registrar.stdout.log"] {"timestamp":"1475179470.819293737","source":"Route Registrar","message":"Route Registrar.Registered routes successfully","log_level":1,"data":{}}

2016-09-29T20:04:37.125596+00:00 05bf1627-ae2f-400c-b1ce-31973a9ff23f - - - [NXLOG@14506 bosh_deployment="cf-warden" bosh_job_name="uaa_z1" bosh_job_index="0" filename="/var/vcap/data/sys/log/route_registrar/route_registrar.stdout.log"] {"timestamp":"1475179474.810060740","source":"Route Registrar","message":"Route Registrar.Executing script","log_level":1,"data":{"scriptPath":"/var/vcap/jobs/uaa/bin/health_check"}}

2016-09-29T20:04:37.125647+00:00 05bf1627-ae2f-400c-b1ce-31973a9ff23f - - - [NXLOG@14506 bosh_deployment="cf-warden" bosh_job_name="uaa_z1" bosh_job_index="0" filename="/var/vcap/data/sys/log/route_registrar/route_registrar.stdout.log"] {"timestamp":"1475179474.821422338","source":"Route Registrar","message":"Route Registrar.Script exited without error","log_level":1,"data":{"script":"/var/vcap/jobs/uaa/bin/health_check","stderr":"  % Total    % Received % Xferd  Average Speed   Time    Time     Time  Current\n                                 Dload  Upload   Total   Spent    Left  Speed\n\r  0     0    0     0    0     0      0      0 --:--:-- --:--:-- --:--:--     0\r100     3  100     3    0     0   3061      0 --:--:-- --:--:-- --:--:--  3000\n","stdout":""}}

2016-09-29T20:04:37.125695+00:00 05bf1627-ae2f-400c-b1ce-31973a9ff23f - - - [NXLOG@14506 bosh_deployment="cf-warden" bosh_job_name="uaa_z1" bosh_job_index="0" filename="/var/vcap/data/sys/log/route_registrar/route_registrar.stdout.log"] {"timestamp":"1475179474.821481943","source":"Route Registrar","message":"Route Registrar.healthchecker returned healthy for route","log_level":1,"data":{"route":{"Name":"uaa","Port":8080,"Tags":{"component":"uaa"},"URIs":["uaa.bosh-lite.com","*.uaa.bosh-lite.com","login.bosh-lite.com","*.login.bosh-lite.com"],"RouteServiceUrl":"","RegistrationInterval":4000000000,"HealthCheck":{"Name":"uaa-healthcheck","ScriptPath":"/var/vcap/jobs/uaa/bin/health_check","Timeout":2000000000}}}}

2016-09-29T20:04:37.125722+00:00 05bf1627-ae2f-400c-b1ce-31973a9ff23f - - - [NXLOG@14506 bosh_deployment="cf-warden" bosh_job_name="uaa_z1" bosh_job_index="0" filename="/var/vcap/data/sys/log/route_registrar/route_registrar.stdout.log"] {"timestamp":"1475179474.821505070","source":"Route Registrar","message":"Route Registrar.Registering route","log_level":1,"data":{"route":{"Name":"uaa","Port":8080,"Tags":{"component":"uaa"},"URIs":["uaa.bosh-lite.com","*.uaa.bosh-lite.com","login.bosh-lite.com","*.login.bosh-lite.com"],"RouteServiceUrl":"","RegistrationInterval":4000000000,"HealthCheck":{"Name":"uaa-healthcheck","ScriptPath":"/var/vcap/jobs/uaa/bin/health_check","Timeout":2000000000}}}}

2016-09-29T20:04:37.125749+00:00 05bf1627-ae2f-400c-b1ce-31973a9ff23f - - - [NXLOG@14506 bosh_deployment="cf-warden" bosh_job_name="uaa_z1" bosh_job_index="0" filename="/var/vcap/data/sys/log/route_registrar/route_registrar.stdout.log"] {"timestamp":"1475179474.821571350","source":"Route Registrar","message":"Route Registrar.Registered routes successfully","log_level":1,"data":{}}

2016-09-29T20:04:37.125773+00:00 05bf1627-ae2f-400c-b1ce-31973a9ff23f - - - [NXLOG@14506 bosh_deployment="cf-warden" bosh_job_name="uaa_z1" bosh_job_index="0" filename="/var/vcap/data/sys/log/uaa/uaa.log"] [2016-09-29 20:04:30.740] uaa - 19013 [http-nio-127.0.0.1-8989-exec-3] .... DEBUG --- AntPathRequestMatcher: Checking match of request : '/healthz'; against '/resources/**'

2016-09-29T20:04:37.125797+00:00 05bf1627-ae2f-400c-b1ce-31973a9ff23f - - - [NXLOG@14506 bosh_deployment="cf-warden" bosh_job_name="uaa_z1" bosh_job_index="0" filename="/var/vcap/data/sys/log/uaa/uaa.log"] [2016-09-29 20:04:30.740] uaa - 19013 [http-nio-127.0.0.1-8989-exec-3] .... DEBUG --- AntPathRequestMatcher: Checking match of request : '/healthz'; against '/square-logo.png'

2016-09-29T20:04:37.125823+00:00 05bf1627-ae2f-400c-b1ce-31973a9ff23f - - - [NXLOG@14506 bosh_deployment="cf-warden" bosh_job_name="uaa_z1" bosh_job_index="0" filename="/var/vcap/data/sys/log/uaa/uaa.log"] [2016-09-29 20:04:30.740] uaa - 19013 [http-nio-127.0.0.1-8989-exec-3] .... DEBUG --- AntPathRequestMatcher: Checking match of request : '/healthz'; against '/info'

2016-09-29T20:04:37.125854+00:00 05bf1627-ae2f-400c-b1ce-31973a9ff23f - - - [NXLOG@14506 bosh_deployment="cf-warden" bosh_job_name="uaa_z1" bosh_job_index="0" filename="/var/vcap/data/sys/log/uaa/uaa.log"] [2016-09-29 20:04:30.740] uaa - 19013 [http-nio-127.0.0.1-8989-exec-3] .... DEBUG --- AntPathRequestMatcher: Checking match of request : '/healthz'; against '/password/**'

2016-09-29T20:04:37.125869+00:00 05bf1627-ae2f-400c-b1ce-31973a9ff23f - - - [NXLOG@14506 bosh_deployment="cf-warden" bosh_job_name="uaa_z1" bosh_job_index="0" filename="/var/vcap/data/sys/log/uaa/uaa.log"] [2016-09-29 20:04:30.740] uaa - 19013 [http-nio-127.0.0.1-8989-exec-3] .... DEBUG --- AntPathRequestMatcher: Checking match of request : '/healthz'; against '/healthz/**'

2016-09-29T20:04:37.125882+00:00 05bf1627-ae2f-400c-b1ce-31973a9ff23f - - - [NXLOG@14506 bosh_deployment="cf-warden" bosh_job_name="uaa_z1" bosh_job_index="0" filename="/var/vcap/data/sys/log/uaa/uaa.log"] [2016-09-29 20:04:30.740] uaa - 19013 [http-nio-127.0.0.1-8989-exec-3] .... DEBUG --- FilterChainProxy: /healthz has an empty filter list

2016-09-29T20:04:37.125896+00:00 05bf1627-ae2f-400c-b1ce-31973a9ff23f - - - [NXLOG@14506 bosh_deployment="cf-warden" bosh_job_name="uaa_z1" bosh_job_index="0" filename="/var/vcap/data/sys/log/uaa/uaa.log"] [2016-09-29 20:04:30.740] uaa - 19013 [http-nio-127.0.0.1-8989-exec-3] .... DEBUG --- DispatcherServlet: DispatcherServlet with name 'spring' processing GET request for [/healthz]

2016-09-29T20:04:37.125909+00:00 05bf1627-ae2f-400c-b1ce-31973a9ff23f - - - [NXLOG@14506 bosh_deployment="cf-warden" bosh_job_name="uaa_z1" bosh_job_index="0" filename="/var/vcap/data/sys/log/uaa/uaa.log"] [2016-09-29 20:04:30.740] uaa - 19013 [http-nio-127.0.0.1-8989-exec-3] .... DEBUG --- DispatcherServlet: Last-Modified value for [/healthz] is: -1

2016-09-29T20:04:37.125921+00:00 05bf1627-ae2f-400c-b1ce-31973a9ff23f - - - [NXLOG@14506 bosh_deployment="cf-warden" bosh_job_name="uaa_z1" bosh_job_index="0" filename="/var/vcap/data/sys/log/uaa/uaa.log"] [2016-09-29 20:04:30.740] uaa - 19013 [http-nio-127.0.0.1-8989-exec-3] .... DEBUG --- RequestResponseBodyMethodProcessor: Written [ok

2016-09-29T20:04:37.125934+00:00 05bf1627-ae2f-400c-b1ce-31973a9ff23f - - - [NXLOG@14506 bosh_deployment="cf-warden" bosh_job_name="uaa_z1" bosh_job_index="0" filename="/var/vcap/data/sys/log/uaa/uaa.log"] ] as "text/plain;charset=ISO-8859-1" using [org.springframework.http.converter.StringHttpMessageConverter@178b2baf]

2016-09-29T20:04:37.126001+00:00 05bf1627-ae2f-400c-b1ce-31973a9ff23f - - - [NXLOG@14506 bosh_deployment="cf-warden" bosh_job_name="uaa_z1" bosh_job_index="0" filename="/var/vcap/data/sys/log/uaa/uaa.log"] [2016-09-29 20:04:30.740] uaa - 19013 [http-nio-127.0.0.1-8989-exec-3] .... DEBUG --- DispatcherServlet: Null ModelAndView returned to DispatcherServlet with name 'spring': assuming HandlerAdapter completed request handling

2016-09-29T20:04:37.126017+00:00 05bf1627-ae2f-400c-b1ce-31973a9ff23f - - - [NXLOG@14506 bosh_deployment="cf-warden" bosh_job_name="uaa_z1" bosh_job_index="0" filename="/var/vcap/data/sys/log/uaa/uaa.log"] [2016-09-29 20:04:30.740] uaa - 19013 [http-nio-127.0.0.1-8989-exec-3] .... DEBUG --- DispatcherServlet: Successfully completed request

2016-09-29T20:04:37.126032+00:00 05bf1627-ae2f-400c-b1ce-31973a9ff23f - - - [NXLOG@14506 bosh_deployment="cf-warden" bosh_job_name="uaa_z1" bosh_job_index="0" filename="/var/vcap/data/sys/log/uaa/uaa.log"] [2016-09-29 20:04:30.817] uaa - 19013 [http-nio-127.0.0.1-8989-exec-1] .... DEBUG --- AntPathRequestMatcher: Checking match of request : '/healthz'; against '/resources/**'

2016-09-29T20:04:37.126046+00:00 05bf1627-ae2f-400c-b1ce-31973a9ff23f - - - [NXLOG@14506 bosh_deployment="cf-warden" bosh_job_name="uaa_z1" bosh_job_index="0" filename="/var/vcap/data/sys/log/uaa/uaa.log"] [2016-09-29 20:04:30.817] uaa - 19013 [http-nio-127.0.0.1-8989-exec-1] .... DEBUG --- AntPathRequestMatcher: Checking match of request : '/healthz'; against '/square-logo.png'

2016-09-29T20:04:37.126058+00:00 05bf1627-ae2f-400c-b1ce-31973a9ff23f - - - [NXLOG@14506 bosh_deployment="cf-warden" bosh_job_name="uaa_z1" bosh_job_index="0" filename="/var/vcap/data/sys/log/uaa/uaa.log"] [2016-09-29 20:04:30.817] uaa - 19013 [http-nio-127.0.0.1-8989-exec-1] .... DEBUG --- AntPathRequestMatcher: Checking match of request : '/healthz'; against '/info'

2016-09-29T20:04:37.126084+00:00 05bf1627-ae2f-400c-b1ce-31973a9ff23f - - - [NXLOG@14506 bosh_deployment="cf-warden" bosh_job_name="uaa_z1" bosh_job_index="0" filename="/var/vcap/data/sys/log/uaa/uaa.log"] [2016-09-29 20:04:30.817] uaa - 19013 [http-nio-127.0.0.1-8989-exec-1] .... DEBUG --- AntPathRequestMatcher: Checking match of request : '/healthz'; against '/password/**'

2016-09-29T20:04:37.126092+00:00 05bf1627-ae2f-400c-b1ce-31973a9ff23f - - - [NXLOG@14506 bosh_deployment="cf-warden" bosh_job_name="uaa_z1" bosh_job_index="0" filename="/var/vcap/data/sys/log/uaa/uaa.log"] [2016-09-29 20:04:30.817] uaa - 19013 [http-nio-127.0.0.1-8989-exec-1] .... DEBUG --- AntPathRequestMatcher: Checking match of request : '/healthz'; against '/healthz/**'

2016-09-29T20:04:37.126099+00:00 05bf1627-ae2f-400c-b1ce-31973a9ff23f - - - [NXLOG@14506 bosh_deployment="cf-warden" bosh_job_name="uaa_z1" bosh_job_index="0" filename="/var/vcap/data/sys/log/uaa/uaa.log"] [2016-09-29 20:04:30.817] uaa - 19013 [http-nio-127.0.0.1-8989-exec-1] .... DEBUG --- FilterChainProxy: /healthz has an empty filter list

2016-09-29T20:04:37.126106+00:00 05bf1627-ae2f-400c-b1ce-31973a9ff23f - - - [NXLOG@14506 bosh_deployment="cf-warden" bosh_job_name="uaa_z1" bosh_job_index="0" filename="/var/vcap/data/sys/log/uaa/uaa.log"] [2016-09-29 20:04:30.817] uaa - 19013 [http-nio-127.0.0.1-8989-exec-1] .... DEBUG --- DispatcherServlet: DispatcherServlet with name 'spring' processing GET request for [/healthz]

2016-09-29T20:04:37.126122+00:00 05bf1627-ae2f-400c-b1ce-31973a9ff23f - - - [NXLOG@14506 bosh_deployment="cf-warden" bosh_job_name="uaa_z1" bosh_job_index="0" filename="/var/vcap/data/sys/log/uaa/uaa.log"] [2016-09-29 20:04:30.817] uaa - 19013 [http-nio-127.0.0.1-8989-exec-1] .... DEBUG --- DispatcherServlet: Last-Modified value for [/healthz] is: -1

2016-09-29T20:04:37.126130+00:00 05bf1627-ae2f-400c-b1ce-31973a9ff23f - - - [NXLOG@14506 bosh_deployment="cf-warden" bosh_job_name="uaa_z1" bosh_job_index="0" filename="/var/vcap/data/sys/log/uaa/uaa.log"] [2016-09-29 20:04:30.817] uaa - 19013 [http-nio-127.0.0.1-8989-exec-1] .... DEBUG --- RequestResponseBodyMethodProcessor: Written [ok

2016-09-29T20:04:37.126138+00:00 05bf1627-ae2f-400c-b1ce-31973a9ff23f - - - [NXLOG@14506 bosh_deployment="cf-warden" bosh_job_name="uaa_z1" bosh_job_index="0" filename="/var/vcap/data/sys/log/uaa/uaa.log"] ] as "text/plain;charset=ISO-8859-1" using [org.springframework.http.converter.StringHttpMessageConverter@178b2baf]

2016-09-29T20:04:37.126151+00:00 05bf1627-ae2f-400c-b1ce-31973a9ff23f - - - [NXLOG@14506 bosh_deployment="cf-warden" bosh_job_name="uaa_z1" bosh_job_index="0" filename="/var/vcap/data/sys/log/uaa/uaa.log"] [2016-09-29 20:04:30.817] uaa - 19013 [http-nio-127.0.0.1-8989-exec-1] .... DEBUG --- DispatcherServlet: Null ModelAndView returned to DispatcherServlet with name 'spring': assuming HandlerAdapter completed request handling

2016-09-29T20:04:37.126214+00:00 05bf1627-ae2f-400c-b1ce-31973a9ff23f - - - [NXLOG@14506 bosh_deployment="cf-warden" bosh_job_name="uaa_z1" bosh_job_index="0" filename="/var/vcap/data/sys/log/uaa/uaa.log"] [2016-09-29 20:04:30.817] uaa - 19013 [http-nio-127.0.0.1-8989-exec-1] .... DEBUG --- DispatcherServlet: Successfully completed request

2016-09-29T20:04:37.126245+00:00 05bf1627-ae2f-400c-b1ce-31973a9ff23f - - - [NXLOG@14506 bosh_deployment="cf-warden" bosh_job_name="uaa_z1" bosh_job_index="0" filename="/var/vcap/data/sys/log/uaa/uaa.log"] [2016-09-29 20:04:31.156] uaa - 19013 [pool-2-thread-1] .... DEBUG --- JdbcTemplate: Executing SQL query [select count(*) from oauth_client_details]

2016-09-29T20:04:37.126259+00:00 05bf1627-ae2f-400c-b1ce-31973a9ff23f - - - [NXLOG@14506 bosh_deployment="cf-warden" bosh_job_name="uaa_z1" bosh_job_index="0" filename="/var/vcap/data/sys/log/uaa/uaa.log"] [2016-09-29 20:04:31.157] uaa - 19013 [pool-2-thread-1] .... DEBUG --- JdbcTemplate: Executing SQL query [select count(*) from users]

2016-09-29T20:04:37.126266+00:00 05bf1627-ae2f-400c-b1ce-31973a9ff23f - - - [NXLOG@14506 bosh_deployment="cf-warden" bosh_job_name="uaa_z1" bosh_job_index="0" filename="/var/vcap/data/sys/log/uaa/uaa.log"] [2016-09-29 20:04:34.819] uaa - 19013 [http-nio-127.0.0.1-8989-exec-6] .... DEBUG --- AntPathRequestMatcher: Checking match of request : '/healthz'; against '/resources/**'

2016-09-29T20:04:37.126279+00:00 05bf1627-ae2f-400c-b1ce-31973a9ff23f - - - [NXLOG@14506 bosh_deployment="cf-warden" bosh_job_name="uaa_z1" bosh_job_index="0" filename="/var/vcap/data/sys/log/uaa/uaa.log"] [2016-09-29 20:04:34.819] uaa - 19013 [http-nio-127.0.0.1-8989-exec-6] .... DEBUG --- AntPathRequestMatcher: Checking match of request : '/healthz'; against '/square-logo.png'

2016-09-29T20:04:37.126309+00:00 05bf1627-ae2f-400c-b1ce-31973a9ff23f - - - [NXLOG@14506 bosh_deployment="cf-warden" bosh_job_name="uaa_z1" bosh_job_index="0" filename="/var/vcap/data/sys/log/uaa/uaa.log"] [2016-09-29 20:04:34.819] uaa - 19013 [http-nio-127.0.0.1-8989-exec-6] .... DEBUG --- AntPathRequestMatcher: Checking match of request : '/healthz'; against '/info'

2016-09-29T20:04:37.126324+00:00 05bf1627-ae2f-400c-b1ce-31973a9ff23f - - - [NXLOG@14506 bosh_deployment="cf-warden" bosh_job_name="uaa_z1" bosh_job_index="0" filename="/var/vcap/data/sys/log/uaa/uaa.log"] [2016-09-29 20:04:34.819] uaa - 19013 [http-nio-127.0.0.1-8989-exec-6] .... DEBUG --- AntPathRequestMatcher: Checking match of request : '/healthz'; against '/password/**'

2016-09-29T20:04:37.126336+00:00 05bf1627-ae2f-400c-b1ce-31973a9ff23f - - - [NXLOG@14506 bosh_deployment="cf-warden" bosh_job_name="uaa_z1" bosh_job_index="0" filename="/var/vcap/data/sys/log/uaa/uaa.log"] [2016-09-29 20:04:34.819] uaa - 19013 [http-nio-127.0.0.1-8989-exec-6] .... DEBUG --- AntPathRequestMatcher: Checking match of request : '/healthz'; against '/healthz/**'

2016-09-29T20:04:37.126349+00:00 05bf1627-ae2f-400c-b1ce-31973a9ff23f - - - [NXLOG@14506 bosh_deployment="cf-warden" bosh_job_name="uaa_z1" bosh_job_index="0" filename="/var/vcap/data/sys/log/uaa/uaa.log"] [2016-09-29 20:04:34.819] uaa - 19013 [http-nio-127.0.0.1-8989-exec-6] .... DEBUG --- FilterChainProxy: /healthz has an empty filter list

2016-09-29T20:04:37.126382+00:00 05bf1627-ae2f-400c-b1ce-31973a9ff23f - - - [NXLOG@14506 bosh_deployment="cf-warden" bosh_job_name="uaa_z1" bosh_job_index="0" filename="/var/vcap/data/sys/log/uaa/uaa.log"] [2016-09-29 20:04:34.819] uaa - 19013 [http-nio-127.0.0.1-8989-exec-6] .... DEBUG --- DispatcherServlet: DispatcherServlet with name 'spring' processing GET request for [/healthz]

2016-09-29T20:04:37.126393+00:00 05bf1627-ae2f-400c-b1ce-31973a9ff23f - - - [NXLOG@14506 bosh_deployment="cf-warden" bosh_job_name="uaa_z1" bosh_job_index="0" filename="/var/vcap/data/sys/log/uaa/uaa.log"] [2016-09-29 20:04:34.819] uaa - 19013 [http-nio-127.0.0.1-8989-exec-6] .... DEBUG --- DispatcherServlet: Last-Modified value for [/healthz] is: -1

2016-09-29T20:04:37.126406+00:00 05bf1627-ae2f-400c-b1ce-31973a9ff23f - - - [NXLOG@14506 bosh_deployment="cf-warden" bosh_job_name="uaa_z1" bosh_job_index="0" filename="/var/vcap/data/sys/log/uaa/uaa.log"] [2016-09-29 20:04:34.819] uaa - 19013 [http-nio-127.0.0.1-8989-exec-6] .... DEBUG --- RequestResponseBodyMethodProcessor: Written [ok

2016-09-29T20:04:37.126418+00:00 05bf1627-ae2f-400c-b1ce-31973a9ff23f - - - [NXLOG@14506 bosh_deployment="cf-warden" bosh_job_name="uaa_z1" bosh_job_index="0" filename="/var/vcap/data/sys/log/uaa/uaa.log"] ] as "text/plain;charset=ISO-8859-1" using [org.springframework.http.converter.StringHttpMessageConverter@178b2baf]

2016-09-29T20:04:37.126449+00:00 05bf1627-ae2f-400c-b1ce-31973a9ff23f - - - [NXLOG@14506 bosh_deployment="cf-warden" bosh_job_name="uaa_z1" bosh_job_index="0" filename="/var/vcap/data/sys/log/uaa/uaa.log"] [2016-09-29 20:04:34.820] uaa - 19013 [http-nio-127.0.0.1-8989-exec-6] .... DEBUG --- DispatcherServlet: Null ModelAndView returned to DispatcherServlet with name 'spring': assuming HandlerAdapter completed request handling

2016-09-29T20:04:37.126463+00:00 05bf1627-ae2f-400c-b1ce-31973a9ff23f - - - [NXLOG@14506 bosh_deployment="cf-warden" bosh_job_name="uaa_z1" bosh_job_index="0" filename="/var/vcap/data/sys/log/uaa/uaa.log"] [2016-09-29 20:04:34.820] uaa - 19013 [http-nio-127.0.0.1-8989-exec-6] .... DEBUG --- DispatcherServlet: Successfully completed request

2016-09-29T20:04:37.126476+00:00 05bf1627-ae2f-400c-b1ce-31973a9ff23f - - - [NXLOG@14506 bosh_deployment="cf-warden" bosh_job_name="uaa_z1" bosh_job_index="0" filename="/var/vcap/data/sys/log/uaa/uaa.log"] [2016-09-29 20:04:36.159] uaa - 19013 [pool-2-thread-1] .... DEBUG --- JdbcTemplate: Executing SQL query [select count(*) from oauth_client_details]

2016-09-29T20:04:37.126485+00:00 05bf1627-ae2f-400c-b1ce-31973a9ff23f - - - [NXLOG@14506 bosh_deployment="cf-warden" bosh_job_name="uaa_z1" bosh_job_index="0" filename="/var/vcap/data/sys/log/uaa/uaa.log"] [2016-09-29 20:04:36.161] uaa - 19013 [pool-2-thread-1] .... DEBUG --- JdbcTemplate: Executing SQL query [select count(*) from users]

2016-09-29T20:04:37.128632+00:00 b0fa19c0-86de-4447-a670-3f7adbd0b3c1 - - - [NXLOG@14506 bosh_deployment="cf-warden" bosh_job_name="api_z1" bosh_job_index="0" filename="/var/vcap/data/sys/log/cloud_controller_worker/cloud_controller_worker.log"] {"timestamp":1475179467.5568826,"message":"(0.001395s) SELECT * FROM \"delayed_jobs\" WHERE ((((\"run_at\" <= '2016-09-29 20:04:27.549930+0000') AND (\"locked_at\" IS NULL)) OR (\"locked_by\" = 'cc_global_worker.api_z1.0.1')) AND (\"failed_at\" IS NULL) AND (\"queue\" IN ('cc-generic'))) ORDER BY \"priority\" ASC, \"run_at\" ASC LIMIT 5","log_level":"debug2","source":"cc.background","data":{},"thread_id":47193737007380,"fiber_id":47193773841900,"process_id":15807,"file":"/var/vcap/packages/cloud_controller_ng/cloud_controller_ng/vendor/bundle/ruby/2.3.0/gems/sequel-4.29.0/lib/sequel/database/logging.rb","lineno":70,"method":"block in log_each"}

2016-09-29T20:04:37.128704+00:00 b0fa19c0-86de-4447-a670-3f7adbd0b3c1 - - - [NXLOG@14506 bosh_deployment="cf-warden" bosh_job_name="api_z1" bosh_job_index="0" filename="/var/vcap/data/sys/log/cloud_controller_worker/cloud_controller_worker.log"] {"timestamp":1475179467.5594893,"message":"(0.001511s) UPDATE \"delayed_jobs\" SET \"locked_at\" = '2016-09-29 20:04:27.557554+0000', \"locked_by\" = 'cc_global_worker.api_z1.0.1' WHERE ((((\"run_at\" <= '2016-09-29 20:04:27.557571+0000') AND (\"locked_at\" IS NULL)) OR (\"locked_by\" = 'cc_global_worker.api_z1.0.1')) AND (\"failed_at\" IS NULL) AND (\"id\" = 586))","log_level":"debug2","source":"cc.background","data":{},"thread_id":47193737007380,"fiber_id":47193773841900,"process_id":15807,"file":"/var/vcap/packages/cloud_controller_ng/cloud_controller_ng/vendor/bundle/ruby/2.3.0/gems/sequel-4.29.0/lib/sequel/database/logging.rb","lineno":70,"method":"block in log_each"}

2016-09-29T20:04:37.128747+00:00 b0fa19c0-86de-4447-a670-3f7adbd0b3c1 - - - [NXLOG@14506 bosh_deployment="cf-warden" bosh_job_name="api_z1" bosh_job_index="0" filename="/var/vcap/data/sys/log/cloud_controller_worker/cloud_controller_worker.log"] {"timestamp":1475179467.5616713,"message":"(0.000299s) UPDATE \"apps\" SET \"package_state\" = 'FAILED', \"staging_failed_reason\" = 'StagingTimeExpired', \"package_pending_since\" = NULL WHERE (package_pending_since < CURRENT_TIMESTAMP - INTERVAL '1200' SECOND)","log_level":"debug2","source":"cc.background","data":{},"thread_id":47193737007380,"fiber_id":47193773841900,"process_id":15807,"file":"/var/vcap/packages/cloud_controller_ng/cloud_controller_ng/vendor/bundle/ruby/2.3.0/gems/sequel-4.29.0/lib/sequel/database/logging.rb","lineno":70,"method":"block in log_each"}

2016-09-29T20:04:37.128785+00:00 b0fa19c0-86de-4447-a670-3f7adbd0b3c1 - - - [NXLOG@14506 bosh_deployment="cf-warden" bosh_job_name="api_z1" bosh_job_index="0" filename="/var/vcap/data/sys/log/cloud_controller_worker/cloud_controller_worker.log"] {"timestamp":1475179467.5623493,"message":"(0.000095s) BEGIN","log_level":"debug2","source":"cc.background","data":{},"thread_id":47193737007380,"fiber_id":47193773841900,"process_id":15807,"file":"/var/vcap/packages/cloud_controller_ng/cloud_controller_ng/vendor/bundle/ruby/2.3.0/gems/sequel-4.29.0/lib/sequel/database/logging.rb","lineno":70,"method":"block in log_each"}

2016-09-29T20:04:37.128823+00:00 b0fa19c0-86de-4447-a670-3f7adbd0b3c1 - - - [NXLOG@14506 bosh_deployment="cf-warden" bosh_job_name="api_z1" bosh_job_index="0" filename="/var/vcap/data/sys/log/cloud_controller_worker/cloud_controller_worker.log"] {"timestamp":1475179467.56287,"message":"(0.000199s) DELETE FROM \"delayed_jobs\" WHERE \"id\" = 586","log_level":"debug2","source":"cc.background","data":{},"thread_id":47193737007380,"fiber_id":47193773841900,"process_id":15807,"file":"/var/vcap/packages/cloud_controller_ng/cloud_controller_ng/vendor/bundle/ruby/2.3.0/gems/sequel-4.29.0/lib/sequel/database/logging.rb","lineno":70,"method":"block in log_each"}

2016-09-29T20:04:37.128860+00:00 b0fa19c0-86de-4447-a670-3f7adbd0b3c1 - - - [NXLOG@14506 bosh_deployment="cf-warden" bosh_job_name="api_z1" bosh_job_index="0" filename="/var/vcap/data/sys/log/cloud_controller_worker/cloud_controller_worker.log"] {"timestamp":1475179467.5644724,"message":"(0.001362s) COMMIT","log_level":"debug2","source":"cc.background","data":{},"thread_id":47193737007380,"fiber_id":47193773841900,"process_id":15807,"file":"/var/vcap/packages/cloud_controller_ng/cloud_controller_ng/vendor/bundle/ruby/2.3.0/gems/sequel-4.29.0/lib/sequel/database/logging.rb","lineno":70,"method":"block in log_each"}

2016-09-29T20:04:37.128896+00:00 b0fa19c0-86de-4447-a670-3f7adbd0b3c1 - - - [NXLOG@14506 bosh_deployment="cf-warden" bosh_job_name="api_z1" bosh_job_index="0" filename="/var/vcap/data/sys/log/cloud_controller_worker/cloud_controller_worker.log"] {"timestamp":1475179467.5655632,"message":"(0.000284s) SELECT * FROM \"delayed_jobs\" WHERE ((((\"run_at\" <= '2016-09-29 20:04:27.564737+0000') AND (\"locked_at\" IS NULL)) OR (\"locked_by\" = 'cc_global_worker.api_z1.0.1')) AND (\"failed_at\" IS NULL) AND (\"queue\" IN ('cc-generic'))) ORDER BY \"priority\" ASC, \"run_at\" ASC LIMIT 5","log_level":"debug2","source":"cc.background","data":{},"thread_id":47193737007380,"fiber_id":47193773841900,"process_id":15807,"file":"/var/vcap/packages/cloud_controller_ng/cloud_controller_ng/vendor/bundle/ruby/2.3.0/gems/sequel-4.29.0/lib/sequel/database/logging.rb","lineno":70,"method":"block in log_each"}

2016-09-29T20:04:37.128933+00:00 b0fa19c0-86de-4447-a670-3f7adbd0b3c1 - - - [NXLOG@14506 bosh_deployment="cf-warden" bosh_job_name="api_z1" bosh_job_index="0" filename="/var/vcap/data/sys/log/cloud_controller_worker/cloud_controller_worker.log"] {"timestamp":1475179467.5665412,"message":"(0.000291s) SELECT * FROM \"delayed_jobs\" WHERE ((((\"run_at\" <= '2016-09-29 20:04:27.565862+0000') AND (\"locked_at\" IS NULL)) OR (\"locked_by\" = 'cc_global_worker.api_z1.0.1')) AND (\"failed_at\" IS NULL) AND (\"queue\" IN ('cc-generic'))) ORDER BY \"priority\" ASC, \"run_at\" ASC LIMIT 5","log_level":"debug2","source":"cc.background","data":{},"thread_id":47193737007380,"fiber_id":47193773841900,"process_id":15807,"file":"/var/vcap/packages/cloud_controller_ng/cloud_controller_ng/vendor/bundle/ruby/2.3.0/gems/sequel-4.29.0/lib/sequel/database/logging.rb","lineno":70,"method":"block in log_each"}

2016-09-29T20:04:37.129022+00:00 b0fa19c0-86de-4447-a670-3f7adbd0b3c1 - - - [NXLOG@14506 bosh_deployment="cf-warden" bosh_job_name="api_z1" bosh_job_index="0" filename="/var/vcap/data/sys/log/cloud_controller_worker/cloud_controller_worker.log"] {"timestamp":1475179472.592085,"message":"(0.001233s) SELECT * FROM \"delayed_jobs\" WHERE ((((\"run_at\" <= '2016-09-29 20:04:32.590055+0000') AND (\"locked_at\" IS NULL)) OR (\"locked_by\" = 'cc_global_worker.api_z1.0.1')) AND (\"failed_at\" IS NULL) AND (\"queue\" IN ('cc-generic'))) ORDER BY \"priority\" ASC, \"run_at\" ASC LIMIT 5","log_level":"debug2","source":"cc.background","data":{},"thread_id":47193737007380,"fiber_id":47193773841900,"process_id":15807,"file":"/var/vcap/packages/cloud_controller_ng/cloud_controller_ng/vendor/bundle/ruby/2.3.0/gems/sequel-4.29.0/lib/sequel/database/logging.rb","lineno":70,"method":"block in log_each"}

2016-09-29T20:04:37.129092+00:00 b0fa19c0-86de-4447-a670-3f7adbd0b3c1 - - - [NXLOG@14506 bosh_deployment="cf-warden" bosh_job_name="api_z1" bosh_job_index="0" filename="/var/vcap/data/sys/log/nginx_cc/nginx.access.log"] 10.244.0.138 - [29/Sep/2016:20:04:27 +0000] "GET /v2/info HTTP/1.1" 200 802 "-" "monit/5.2.5" 10.244.0.138 vcap_request_id:c4f4f46d-113a-49c3-8905-5502f4bca2bb response_time:0.003

2016-09-29T20:04:37.129175+00:00 b0fa19c0-86de-4447-a670-3f7adbd0b3c1 - - - [NXLOG@14506 bosh_deployment="cf-warden" bosh_job_name="api_z1" bosh_job_index="0" filename="/var/vcap/data/sys/log/nginx_cc/nginx.access.log"] api.bosh-lite.com - [29/Sep/2016:20:04:30 +0000] "GET /v2/syslog_drain_urls?batch_size=1000 HTTP/1.1" 200 326 "-" "Go-http-client/1.1" 10.244.0.146, 10.244.0.34, 10.244.0.22 vcap_request_id:ae1432aa-6687-4eb8-6411-0a4ff09c54ef::189887b9-8073-4428-b76f-df89039e2708 response_time:0.006

2016-09-29T20:04:37.129207+00:00 b0fa19c0-86de-4447-a670-3f7adbd0b3c1 - - - [NXLOG@14506 bosh_deployment="cf-warden" bosh_job_name="api_z1" bosh_job_index="0" filename="/var/vcap/data/sys/log/cloud_controller_ng/cloud_controller_ng.log"] {"timestamp":1475179467.260107,"message":"Statsd: cc.requests.outstanding:1|c","log_level":"debug","source":"statsd.client","data":{},"thread_id":47062185507980,"fiber_id":47062184611840,"process_id":15535,"file":"/var/vcap/packages/cloud_controller_ng/cloud_controller_ng/vendor/bundle/ruby/2.3.0/gems/statsd-ruby-1.2.1/lib/statsd.rb","lineno":254,"method":"send_to_socket"}

2016-09-29T20:04:37.129255+00:00 b0fa19c0-86de-4447-a670-3f7adbd0b3c1 - - - [NXLOG@14506 bosh_deployment="cf-warden" bosh_job_name="api_z1" bosh_job_index="0" filename="/var/vcap/data/sys/log/cloud_controller_ng/cloud_controller_ng.log"] {"timestamp":1475179467.2606122,"message":"Started GET \"/v2/info\" for user: , ip: 127.0.0.1 with vcap-request-id: c4f4f46d-113a-49c3-8905-5502f4bca2bb at 2016-09-29 20:04:27 UTC","log_level":"info","source":"cc.api","data":{},"thread_id":47062185507980,"fiber_id":47062184611840,"process_id":15535,"file":"/var/vcap/packages/cloud_controller_ng/cloud_controller_ng/middleware/request_logs.rb","lineno":12,"method":"call"}

2016-09-29T20:04:37.129290+00:00 b0fa19c0-86de-4447-a670-3f7adbd0b3c1 - - - [NXLOG@14506 bosh_deployment="cf-warden" bosh_job_name="api_z1" bosh_job_index="0" filename="/var/vcap/data/sys/log/cloud_controller_ng/cloud_controller_ng.log"] {"timestamp":1475179467.2613342,"message":"dispatch VCAP::CloudController::InfoController get /v2/info","log_level":"debug","source":"cc.api","data":{"request_guid":"c4f4f46d-113a-49c3-8905-5502f4bca2bb"},"thread_id":47062185507980,"fiber_id":47062184611840,"process_id":15535,"file":"/var/vcap/data/packages/cloud_controller_ng/f87cb49aa2cd87792cb9c2211a79e1542502be4d.1-b1a5f3c830cb6c32ae9e685628b24aa967f5ae54/cloud_controller_ng/lib/cloud_controller/rest_controller/routes.rb","lineno":12,"method":"block in define_route"}

2016-09-29T20:04:37.129399+00:00 b0fa19c0-86de-4447-a670-3f7adbd0b3c1 - - - [NXLOG@14506 bosh_deployment="cf-warden" bosh_job_name="api_z1" bosh_job_index="0" filename="/var/vcap/data/sys/log/cloud_controller_ng/cloud_controller_ng.log"] {"timestamp":1475179467.2615576,"message":"parse_params: {} ","log_level":"debug","source":"cc.api","data":{"request_guid":"c4f4f46d-113a-49c3-8905-5502f4bca2bb"},"thread_id":47062185507980,"fiber_id":47062184611840,"process_id":15535,"file":"/var/vcap/data/packages/cloud_controller_ng/f87cb49aa2cd87792cb9c2211a79e1542502be4d.1-b1a5f3c830cb6c32ae9e685628b24aa967f5ae54/cloud_controller_ng/lib/cloud_controller/rest_controller/common_params.rb","lineno":10,"method":"parse"}

2016-09-29T20:04:37.129486+00:00 b0fa19c0-86de-4447-a670-3f7adbd0b3c1 - - - [NXLOG@14506 bosh_deployment="cf-warden" bosh_job_name="api_z1" bosh_job_index="0" filename="/var/vcap/data/sys/log/cloud_controller_ng/cloud_controller_ng.log"] {"timestamp":1475179467.2617023,"message":"cc.dispatch","log_level":"debug","source":"cc.api","data":{"request_guid":"c4f4f46d-113a-49c3-8905-5502f4bca2bb","endpoint":"read","args":[]},"thread_id":47062185507980,"fiber_id":47062184611840,"process_id":15535,"file":"/var/vcap/data/packages/cloud_controller_ng/f87cb49aa2cd87792cb9c2211a79e1542502be4d.1-b1a5f3c830cb6c32ae9e685628b24aa967f5ae54/cloud_controller_ng/app/controllers/base/base_controller.rb","lineno":78,"method":"dispatch"}

2016-09-29T20:04:37.129519+00:00 b0fa19c0-86de-4447-a670-3f7adbd0b3c1 - - - [NXLOG@14506 bosh_deployment="cf-warden" bosh_job_name="api_z1" bosh_job_index="0" filename="/var/vcap/data/sys/log/cloud_controller_ng/cloud_controller_ng.log"] {"timestamp":1475179467.261907,"message":"Completed 200 vcap-request-id: c4f4f46d-113a-49c3-8905-5502f4bca2bb","log_level":"info","source":"cc.api","data":{},"thread_id":47062185507980,"fiber_id":47062184611840,"process_id":15535,"file":"/var/vcap/packages/cloud_controller_ng/cloud_controller_ng/middleware/request_logs.rb","lineno":24,"method":"call"}

2016-09-29T20:04:37.129585+00:00 b0fa19c0-86de-4447-a670-3f7adbd0b3c1 - - - [NXLOG@14506 bosh_deployment="cf-warden" bosh_job_name="api_z1" bosh_job_index="0" filename="/var/vcap/data/sys/log/cloud_controller_ng/cloud_controller_ng.log"] {"timestamp":1475179467.2621794,"message":"Statsd: cc.requests.outstanding:-1|c\ncc.requests.completed:1|c\ncc.http_status.2XX:1|c","log_level":"debug","source":"statsd.client","data":{},"thread_id":47062185507980,"fiber_id":47062184611840,"process_id":15535,"file":"/var/vcap/packages/cloud_controller_ng/cloud_controller_ng/vendor/bundle/ruby/2.3.0/gems/statsd-ruby-1.2.1/lib/statsd.rb","lineno":254,"method":"send_to_socket"}

2016-09-29T20:04:37.129606+00:00 b0fa19c0-86de-4447-a670-3f7adbd0b3c1 - - - [NXLOG@14506 bosh_deployment="cf-warden" bosh_job_name="api_z1" bosh_job_index="0" filename="/var/vcap/data/sys/log/cloud_controller_ng/cloud_controller_ng.log"] {"timestamp":1475179467.5146618,"message":"(0.000942s) SELECT * FROM \"delayed_jobs\" WHERE ((((\"run_at\" <= '2016-09-29 20:04:27.513020+0000') AND (\"locked_at\" IS NULL)) OR (\"locked_by\" = 'cc_api_worker.api_z1.0.2')) AND (\"failed_at\" IS NULL) AND (\"queue\" IN ('cc-api_z1-0'))) ORDER BY \"priority\" ASC, \"run_at\" ASC LIMIT 5","log_level":"debug2","source":"cc.background","data":{},"thread_id":47118928261380,"fiber_id":47118965175380,"process_id":15629,"file":"/var/vcap/packages/cloud_controller_ng/cloud_controller_ng/vendor/bundle/ruby/2.3.0/gems/sequel-4.29.0/lib/sequel/database/logging.rb","lineno":70,"method":"block in log_each"}

2016-09-29T20:04:37.129628+00:00 b0fa19c0-86de-4447-a670-3f7adbd0b3c1 - - - [NXLOG@14506 bosh_deployment="cf-warden" bosh_job_name="api_z1" bosh_job_index="0" filename="/var/vcap/data/sys/log/cloud_controller_ng/cloud_controller_ng.log"] {"timestamp":1475179468.8340077,"message":"(0.000567s) SELECT * FROM \"delayed_jobs\" WHERE ((((\"run_at\" <= '2016-09-29 20:04:28.832602+0000') AND (\"locked_at\" IS NULL)) OR (\"locked_by\" = 'cc_api_worker.api_z1.0.1')) AND (\"failed_at\" IS NULL) AND (\"queue\" IN ('cc-api_z1-0'))) ORDER BY \"priority\" ASC, \"run_at\" ASC LIMIT 5","log_level":"debug2","source":"cc.background","data":{},"thread_id":47452862460180,"fiber_id":47452899698480,"process_id":15587,"file":"/var/vcap/packages/cloud_controller_ng/cloud_controller_ng/vendor/bundle/ruby/2.3.0/gems/sequel-4.29.0/lib/sequel/database/logging.rb","lineno":70,"method":"block in log_each"}

2016-09-29T20:04:37.123285+00:00 152ab062-1f32-4789-910a-13bdc79651b2 - - - [NXLOG@14506 bosh_deployment="cf-warden" bosh_job_name="hm9000_z1" bosh_job_index="0" filename="/var/vcap/data/sys/log/hm9000/hm9000_listener.log"] {"timestamp":"1475179471.825425863","source":"listener","message":"listener.Bumped freshness","log_level":1,"data":{}}

2016-09-29T20:04:37.123428+00:00 152ab062-1f32-4789-910a-13bdc79651b2 - - - [NXLOG@14506 bosh_deployment="cf-warden" bosh_job_name="hm9000_z1" bosh_job_index="0" filename="/var/vcap/data/sys/log/hm9000/hm9000_listener.log"] {"timestamp":"1475179471.825716734","source":"listener","message":"listener.Saved Heartbeats","log_level":1,"data":{"Duration":"9.614822ms","Heartbeats to Save":"1"}}

2016-09-29T20:04:37.129711+00:00 b0fa19c0-86de-4447-a670-3f7adbd0b3c1 - - - [NXLOG@14506 bosh_deployment="cf-warden" bosh_job_name="api_z1" bosh_job_index="0" filename="/var/vcap/data/sys/log/cloud_controller_ng/cloud_controller_ng.log"] {"timestamp":1475179470.944893,"message":"Statsd: cc.requests.outstanding:1|c","log_level":"debug","source":"statsd.client","data":{},"thread_id":47062185515280,"fiber_id":47062186433920,"process_id":15535,"file":"/var/vcap/packages/cloud_controller_ng/cloud_controller_ng/vendor/bundle/ruby/2.3.0/gems/statsd-ruby-1.2.1/lib/statsd.rb","lineno":254,"method":"send_to_socket"}

2016-09-29T20:04:37.129743+00:00 b0fa19c0-86de-4447-a670-3f7adbd0b3c1 - - - [NXLOG@14506 bosh_deployment="cf-warden" bosh_job_name="api_z1" bosh_job_index="0" filename="/var/vcap/data/sys/log/cloud_controller_ng/cloud_controller_ng.log"] {"timestamp":1475179470.9454875,"message":"Started GET \"/v2/syslog_drain_urls?batch_size=1000\" for user: , ip: 127.0.0.1 with vcap-request-id: ae1432aa-6687-4eb8-6411-0a4ff09c54ef::189887b9-8073-4428-b76f-df89039e2708 at 2016-09-29 20:04:30 UTC","log_level":"info","source":"cc.api","data":{},"thread_id":47062185515280,"fiber_id":47062186433920,"process_id":15535,"file":"/var/vcap/packages/cloud_controller_ng/cloud_controller_ng/middleware/request_logs.rb","lineno":12,"method":"call"}

2016-09-29T20:04:37.129774+00:00 b0fa19c0-86de-4447-a670-3f7adbd0b3c1 - - - [NXLOG@14506 bosh_deployment="cf-warden" bosh_job_name="api_z1" bosh_job_index="0" filename="/var/vcap/data/sys/log/cloud_controller_ng/cloud_controller_ng.log"] {"timestamp":1475179470.946437,"message":"dispatch VCAP::CloudController::SyslogDrainUrlsController get /v2/syslog_drain_urls","log_level":"debug","source":"cc.api","data":{"request_guid":"ae1432aa-6687-4eb8-6411-0a4ff09c54ef::189887b9-8073-4428-b76f-df89039e2708"},"thread_id":47062185515280,"fiber_id":47062186433920,"process_id":15535,"file":"/var/vcap/data/packages/cloud_controller_ng/f87cb49aa2cd87792cb9c2211a79e1542502be4d.1-b1a5f3c830cb6c32ae9e685628b24aa967f5ae54/cloud_controller_ng/lib/cloud_controller/rest_controller/routes.rb","lineno":12,"method":"block in define_route"}

2016-09-29T20:04:37.129868+00:00 b0fa19c0-86de-4447-a670-3f7adbd0b3c1 - - - [NXLOG@14506 bosh_deployment="cf-warden" bosh_job_name="api_z1" bosh_job_index="0" filename="/var/vcap/data/sys/log/cloud_controller_ng/cloud_controller_ng.log"] {"timestamp":1475179470.9465926,"message":"parse_params: {\"batch_size\"=>\"1000\"} batch_size=1000","log_level":"debug","source":"cc.api","data":{"request_guid":"ae1432aa-6687-4eb8-6411-0a4ff09c54ef::189887b9-8073-4428-b76f-df89039e2708"},"thread_id":47062185515280,"fiber_id":47062186433920,"process_id":15535,"file":"/var/vcap/data/packages/cloud_controller_ng/f87cb49aa2cd87792cb9c2211a79e1542502be4d.1-b1a5f3c830cb6c32ae9e685628b24aa967f5ae54/cloud_controller_ng/lib/cloud_controller/rest_controller/common_params.rb","lineno":10,"method":"parse"}

2016-09-29T20:04:37.129933+00:00 b0fa19c0-86de-4447-a670-3f7adbd0b3c1 - - - [NXLOG@14506 bosh_deployment="cf-warden" bosh_job_name="api_z1" bosh_job_index="0" filename="/var/vcap/data/sys/log/cloud_controller_ng/cloud_controller_ng.log"] {"timestamp":1475179470.9467492,"message":"cc.dispatch","log_level":"debug","source":"cc.api","data":{"request_guid":"ae1432aa-6687-4eb8-6411-0a4ff09c54ef::189887b9-8073-4428-b76f-df89039e2708","endpoint":"list","args":[]},"thread_id":47062185515280,"fiber_id":47062186433920,"process_id":15535,"file":"/var/vcap/data/packages/cloud_controller_ng/f87cb49aa2cd87792cb9c2211a79e1542502be4d.1-b1a5f3c830cb6c32ae9e685628b24aa967f5ae54/cloud_controller_ng/app/controllers/base/base_controller.rb","lineno":78,"method":"dispatch"}

2016-09-29T20:04:37.129972+00:00 b0fa19c0-86de-4447-a670-3f7adbd0b3c1 - - - [NXLOG@14506 bosh_deployment="cf-warden" bosh_job_name="api_z1" bosh_job_index="0" filename="/var/vcap/data/sys/log/cloud_controller_ng/cloud_controller_ng.log"] {"timestamp":1475179470.948177,"message":"(0.000749s) SELECT \"apps\".\"guid\", string_agg(\"service_bindings\".\"syslog_drain_url\", ',') AS \"syslog_drain_urls\" FROM \"apps\" INNER JOIN \"service_bindings\" ON (\"service_bindings\".\"app_id\" = \"apps\".\"id\") WHERE ((syslog_drain_url IS NOT NULL) AND (syslog_drain_url != '')) GROUP BY \"apps\".\"guid\" UNION ALL (SELECT \"apps_v3\".\"guid\", string_agg(\"v3_service_bindings\".\"syslog_drain_url\", ',') AS \"syslog_drain_urls\" FROM \"apps_v3\" INNER JOIN \"v3_service_bindings\" ON (\"v3_service_bindings\".\"app_id\" = \"apps_v3\".\"id\") WHERE ((syslog_drain_url IS NOT NULL) AND (syslog_drain_url != '')) GROUP BY \"apps_v3\".\"guid\") ORDER BY \"guid\" LIMIT 1000 OFFSET 0","log_level":"debug2","source":"cc.db","data":{"request_guid":"ae1432aa-6687-4eb8-6411-0a4ff09c54ef::189887b9-8073-4428-b76f-df89039e2708"},"thread_id":47062185515280,"fiber_id":47062186433920,"process_id":15535,"file":"/var/vcap/packages/cloud_controller_ng/cloud_controller_ng/vendor/bundle/ruby/2.3.0/gems/sequel-4.29.0/lib/sequel/database/logging.rb","lineno":70,"method":"block in log_each"}

2016-09-29T20:04:37.130094+00:00 b0fa19c0-86de-4447-a670-3f7adbd0b3c1 - - - [NXLOG@14506 bosh_deployment="cf-warden" bosh_job_name="api_z1" bosh_job_index="0" filename="/var/vcap/data/sys/log/cloud_controller_ng/cloud_controller_ng.log"] {"timestamp":1475179470.948665,"message":"Completed 200 vcap-request-id: ae1432aa-6687-4eb8-6411-0a4ff09c54ef::189887b9-8073-4428-b76f-df89039e2708","log_level":"info","source":"cc.api","data":{},"thread_id":47062185515280,"fiber_id":47062186433920,"process_id":15535,"file":"/var/vcap/packages/cloud_controller_ng/cloud_controller_ng/middleware/request_logs.rb","lineno":24,"method":"call"}

2016-09-29T20:04:37.130140+00:00 b0fa19c0-86de-4447-a670-3f7adbd0b3c1 - - - [NXLOG@14506 bosh_deployment="cf-warden" bosh_job_name="api_z1" bosh_job_index="0" filename="/var/vcap/data/sys/log/cloud_controller_ng/cloud_controller_ng.log"] {"timestamp":1475179470.9488437,"message":"Statsd: cc.requests.outstanding:-1|c\ncc.requests.completed:1|c\ncc.http_status.2XX:1|c","log_level":"debug","source":"statsd.client","data":{},"thread_id":47062185515280,"fiber_id":47062186433920,"process_id":15535,"file":"/var/vcap/packages/cloud_controller_ng/cloud_controller_ng/vendor/bundle/ruby/2.3.0/gems/statsd-ruby-1.2.1/lib/statsd.rb","lineno":254,"method":"send_to_socket"}

2016-09-29T20:04:37.130187+00:00 b0fa19c0-86de-4447-a670-3f7adbd0b3c1 - - - [NXLOG@14506 bosh_deployment="cf-warden" bosh_job_name="api_z1" bosh_job_index="0" filename="/var/vcap/data/sys/log/cloud_controller_ng/cloud_controller_ng.log"] {"timestamp":1475179472.5358336,"message":"(0.001218s) SELECT * FROM \"delayed_jobs\" WHERE ((((\"run_at\" <= '2016-09-29 20:04:32.533915+0000') AND (\"locked_at\" IS NULL)) OR (\"locked_by\" = 'cc_api_worker.api_z1.0.2')) AND (\"failed_at\" IS NULL) AND (\"queue\" IN ('cc-api_z1-0'))) ORDER BY \"priority\" ASC, \"run_at\" ASC LIMIT 5","log_level":"debug2","source":"cc.background","data":{},"thread_id":47118928261380,"fiber_id":47118965175380,"process_id":15629,"file":"/var/vcap/packages/cloud_controller_ng/cloud_controller_ng/vendor/bundle/ruby/2.3.0/gems/sequel-4.29.0/lib/sequel/database/logging.rb","lineno":70,"method":"block in log_each"}

2016-09-29T20:04:37.130240+00:00 b0fa19c0-86de-4447-a670-3f7adbd0b3c1 - - - [NXLOG@14506 bosh_deployment="cf-warden" bosh_job_name="api_z1" bosh_job_index="0" filename="/var/vcap/data/sys/log/cloud_controller_ng/cloud_controller_ng.log"] {"timestamp":1475179473.856935,"message":"(0.000559s) SELECT * FROM \"delayed_jobs\" WHERE ((((\"run_at\" <= '2016-09-29 20:04:33.855888+0000') AND (\"locked_at\" IS NULL)) OR (\"locked_by\" = 'cc_api_worker.api_z1.0.1')) AND (\"failed_at\" IS NULL) AND (\"queue\" IN ('cc-api_z1-0'))) ORDER BY \"priority\" ASC, \"run_at\" ASC LIMIT 5","log_level":"debug2","source":"cc.background","data":{},"thread_id":47452862460180,"fiber_id":47452899698480,"process_id":15587,"file":"/var/vcap/packages/cloud_controller_ng/cloud_controller_ng/vendor/bundle/ruby/2.3.0/gems/sequel-4.29.0/lib/sequel/database/logging.rb","lineno":70,"method":"block in log_each"}

2016-09-29T20:04:37.130274+00:00 b0fa19c0-86de-4447-a670-3f7adbd0b3c1 - - - [NXLOG@14506 bosh_deployment="cf-warden" bosh_job_name="api_z1" bosh_job_index="0" filename="/var/vcap/data/sys/log/cloud_controller_ng/cloud_controller_ng.log"] {"timestamp":1475179474.4024184,"message":"Statsd: cc.vitals.uptime:1899746|g\ncc.vitals.cpu:0.0|g\ncc.vitals.mem_bytes:150700032|g\ncc.vitals.cpu_load_avg:0.22|g\ncc.vitals.mem_used_bytes:4028239872|g\ncc.vitals.mem_free_bytes:2229809152|g\ncc.vitals.num_cores:4|g","log_level":"debug","source":"statsd.client","data":{},"thread_id":47062143684880,"fiber_id":47062184032460,"process_id":15535,"file":"/var/vcap/packages/cloud_controller_ng/cloud_controller_ng/vendor/bundle/ruby/2.3.0/gems/statsd-ruby-1.2.1/lib/statsd.rb","lineno":254,"method":"send_to_socket"}

2016-09-29T20:04:37.130305+00:00 b0fa19c0-86de-4447-a670-3f7adbd0b3c1 - - - [NXLOG@14506 bosh_deployment="cf-warden" bosh_job_name="api_z1" bosh_job_index="0" filename="/var/vcap/data/sys/log/cloud_controller_ng/cloud_controller_ng.log"] {"timestamp":1475179474.4026573,"message":"Statsd: cc.log_count.off:0|g\ncc.log_count.fatal:0|g\ncc.log_count.error:0|g\ncc.log_count.warn:0|g\ncc.log_count.info:45792|g\ncc.log_count.debug:139728|g\ncc.log_count.debug1:0|g\ncc.log_count.debug2:27356|g\ncc.log_count.all:0|g","log_level":"debug","source":"statsd.client","data":{},"thread_id":47062143684880,"fiber_id":47062184032460,"process_id":15535,"file":"/var/vcap/packages/cloud_controller_ng/cloud_controller_ng/vendor/bundle/ruby/2.3.0/gems/statsd-ruby-1.2.1/lib/statsd.rb","lineno":254,"method":"send_to_socket"}

2016-09-29T20:04:37.130338+00:00 b0fa19c0-86de-4447-a670-3f7adbd0b3c1 - - - [NXLOG@14506 bosh_deployment="cf-warden" bosh_job_name="api_z1" bosh_job_index="0" filename="/var/vcap/data/sys/log/cloud_controller_ng/cloud_controller_ng.log"] {"timestamp":1475179474.4033964,"message":"(0.000241s) SELECT count(*) AS \"count\" FROM \"tasks\" WHERE (\"state\" = 'RUNNING') LIMIT 1","log_level":"debug2","source":"cc.db","data":{},"thread_id":47062143684880,"fiber_id":47062184032460,"process_id":15535,"file":"/var/vcap/packages/cloud_controller_ng/cloud_controller_ng/vendor/bundle/ruby/2.3.0/gems/sequel-4.29.0/lib/sequel/database/logging.rb","lineno":70,"method":"block in log_each"}

2016-09-29T20:04:37.130369+00:00 b0fa19c0-86de-4447-a670-3f7adbd0b3c1 - - - [NXLOG@14506 bosh_deployment="cf-warden" bosh_job_name="api_z1" bosh_job_index="0" filename="/var/vcap/data/sys/log/cloud_controller_ng/cloud_controller_ng.log"] {"timestamp":1475179474.4040558,"message":"(0.000242s) SELECT sum(\"memory_in_mb\") AS \"sum\" FROM \"tasks\" WHERE (\"state\" = 'RUNNING') LIMIT 1","log_level":"debug2","source":"cc.db","data":{},"thread_id":47062143684880,"fiber_id":47062184032460,"process_id":15535,"file":"/var/vcap/packages/cloud_controller_ng/cloud_controller_ng/vendor/bundle/ruby/2.3.0/gems/sequel-4.29.0/lib/sequel/database/logging.rb","lineno":70,"method":"block in log_each"}

2016-09-29T20:04:37.130399+00:00 b0fa19c0-86de-4447-a670-3f7adbd0b3c1 - - - [NXLOG@14506 bosh_deployment="cf-warden" bosh_job_name="api_z1" bosh_job_index="0" filename="/var/vcap/data/sys/log/cloud_controller_ng/cloud_controller_ng.log"] {"timestamp":1475179474.4043753,"message":"Statsd: cc.tasks_running.count:0|g\ncc.tasks_running.memory_in_mb:0|g","log_level":"debug","source":"statsd.client","data":{},"thread_id":47062143684880,"fiber_id":47062184032460,"process_id":15535,"file":"/var/vcap/packages/cloud_controller_ng/cloud_controller_ng/vendor/bundle/ruby/2.3.0/gems/statsd-ruby-1.2.1/lib/statsd.rb","lineno":254,"method":"send_to_socket"}

2016-09-29T20:04:37.130429+00:00 b0fa19c0-86de-4447-a670-3f7adbd0b3c1 - - - [NXLOG@14506 bosh_deployment="cf-warden" bosh_job_name="api_z1" bosh_job_index="0" filename="/var/vcap/data/sys/log/cloud_controller_ng/cloud_controller_ng.log"] {"timestamp":1475179476.4982786,"message":"(0.000670s) SELECT \"queue\", count(*) AS \"count\" FROM \"delayed_jobs\" WHERE (\"attempts\" = 0) GROUP BY \"queue\"","log_level":"debug2","source":"cc.db","data":{},"thread_id":47062143684880,"fiber_id":47062184032460,"process_id":15535,"file":"/var/vcap/packages/cloud_controller_ng/cloud_controller_ng/vendor/bundle/ruby/2.3.0/gems/sequel-4.29.0/lib/sequel/database/logging.rb","lineno":70,"method":"block in log_each"}

2016-09-29T20:04:46.979751+00:00 bfc626ef-a2eb-4bad-8f71-fa1d6d0f927f - - - [NXLOG@14506 bosh_deployment="cf-warden" bosh_job_name="loggregator_trafficcontroller_z1" bosh_job_index="0" filename="/var/vcap/data/sys/log/route_registrar/route_registrar.stdout.log"] {"timestamp":"1475179486.733229160","source":"Route Registrar","message":"Route Registrar.Registering route","log_level":1,"data":{"route":{"Name":"loggregator","Port":8080,"Tags":null,"URIs":["loggregator.bosh-lite.com"],"RouteServiceUrl":"","RegistrationInterval":20000000000,"HealthCheck":null}}}

2016-09-29T20:04:46.979808+00:00 bfc626ef-a2eb-4bad-8f71-fa1d6d0f927f - - - [NXLOG@14506 bosh_deployment="cf-warden" bosh_job_name="loggregator_trafficcontroller_z1" bosh_job_index="0" filename="/var/vcap/data/sys/log/route_registrar/route_registrar.stdout.log"] {"timestamp":"1475179486.733302832","source":"Route Registrar","message":"Route Registrar.Registered routes successfully","log_level":1,"data":{}}

2016-09-29T20:04:46.979863+00:00 bfc626ef-a2eb-4bad-8f71-fa1d6d0f927f - - - [NXLOG@14506 bosh_deployment="cf-warden" bosh_job_name="loggregator_trafficcontroller_z1" bosh_job_index="0" filename="/var/vcap/data/sys/log/route_registrar/route_registrar.stdout.log"] {"timestamp":"1475179486.733442307","source":"Route Registrar","message":"Route Registrar.no healthchecker found for route","log_level":1,"data":{"route":{"Name":"doppler","Port":8081,"Tags":null,"URIs":["doppler.bosh-lite.com"],"RouteServiceUrl":"","RegistrationInterval":20000000000,"HealthCheck":null}}}

2016-09-29T20:04:46.979905+00:00 bfc626ef-a2eb-4bad-8f71-fa1d6d0f927f - - - [NXLOG@14506 bosh_deployment="cf-warden" bosh_job_name="loggregator_trafficcontroller_z1" bosh_job_index="0" filename="/var/vcap/data/sys/log/route_registrar/route_registrar.stdout.log"] {"timestamp":"1475179486.733470440","source":"Route Registrar","message":"Route Registrar.Registering route","log_level":1,"data":{"route":{"Name":"doppler","Port":8081,"Tags":null,"URIs":["doppler.bosh-lite.com"],"RouteServiceUrl":"","RegistrationInterval":20000000000,"HealthCheck":null}}}

2016-09-29T20:04:46.979995+00:00 bfc626ef-a2eb-4bad-8f71-fa1d6d0f927f - - - [NXLOG@14506 bosh_deployment="cf-warden" bosh_job_name="loggregator_trafficcontroller_z1" bosh_job_index="0" filename="/var/vcap/data/sys/log/route_registrar/route_registrar.stdout.log"] {"timestamp":"1475179486.733520269","source":"Route Registrar","message":"Route Registrar.Registered routes successfully","log_level":1,"data":{}}

2016-09-29T20:04:46.981101+00:00 81da04d2-3e1d-4a50-80cd-e5b2e7a3a719 - - - [NXLOG@14506 bosh_deployment="cf-warden" bosh_job_name="router_z1" bosh_job_index="0" filename="/var/vcap/data/sys/log/gorouter/access.log"] api.bosh-lite.com - [29/09/2016:20:04:38.394 +0000] "GET /bulk/apps?batch_size=5000&bulk_token={} HTTP/1.1" 200 0 39 "-" "Go-http-client/1.1" 10.244.0.34:46920 x_forwarded_for:"10.244.0.142, 10.244.0.34" x_forwarded_proto:"https" vcap_request_id:a9f2d2ea-61ec-4150-78f0-e591dacdad74 response_time:0.006945725 app_id:

2016-09-29T20:04:46.981176+00:00 81da04d2-3e1d-4a50-80cd-e5b2e7a3a719 - - - [NXLOG@14506 bosh_deployment="cf-warden" bosh_job_name="router_z1" bosh_job_index="0" filename="/var/vcap/data/sys/log/gorouter/access.log"] api.bosh-lite.com - [29/09/2016:20:04:46.204 +0000] "GET /v2/syslog_drain_urls?batch_size=1000 HTTP/1.1" 200 0 42 "-" "Go-http-client/1.1" 10.244.0.34:50000 x_forwarded_for:"10.244.0.146" x_forwarded_proto:"https" vcap_request_id:67bc754e-2d2a-4659-5eea-2f7c660d1f05 response_time:0.006919277 app_id:

2016-09-29T20:04:46.986908+00:00 fc52b791-0068-48d0-b63d-a9600b8fa32e - - - [NXLOG@14506 bosh_deployment="cf-warden" bosh_job_name="runner_z1" bosh_job_index="0" filename="/var/vcap/data/sys/log/dea_next/dea_next.log"] {"timestamp":1475179481.777189,"message":"hm9000.heartbeat.sending","log_level":"debug","source":"Dea::Bootstrap","data":{"destination":"https://listener-hm9000.service.cf.internal:5335/dea/heartbeat"},"thread_id":47241037142420,"fiber_id":47241050325380,"process_id":6941,"file":"/var/vcap/packages/dea_next/lib/dea/utils/hm9000.rb","lineno":29,"method":"send_heartbeat"}

2016-09-29T20:04:46.987052+00:00 fc52b791-0068-48d0-b63d-a9600b8fa32e - - - [NXLOG@14506 bosh_deployment="cf-warden" bosh_job_name="runner_z1" bosh_job_index="0" filename="/var/vcap/data/sys/log/dea_next/dea_next.log"] {"timestamp":1475179481.7796311,"message":"hm9000.heartbeat.accepted","log_level":"debug","source":"Dea::Bootstrap","data":{},"thread_id":47241050155280,"fiber_id":47241050574880,"process_id":6941,"file":"/var/vcap/packages/dea_next/lib/dea/utils/hm9000.rb","lineno":49,"method":"handle_http_response"}

2016-09-29T20:04:47.124127+00:00 05bf1627-ae2f-400c-b1ce-31973a9ff23f - - - [NXLOG@14506 bosh_deployment="cf-warden" bosh_job_name="uaa_z1" bosh_job_index="0" filename="/var/vcap/data/sys/log/uaa/localhost_access.log"] 127.0.0.1 - - [29/Sep/2016:20:04:30 +0000] "GET /healthz HTTP/1.1" 200 3

2016-09-29T20:04:47.124360+00:00 05bf1627-ae2f-400c-b1ce-31973a9ff23f - - - [NXLOG@14506 bosh_deployment="cf-warden" bosh_job_name="uaa_z1" bosh_job_index="0" filename="/var/vcap/data/sys/log/uaa/localhost_access.log"] 127.0.0.1 - - [29/Sep/2016:20:04:30 +0000] "GET /healthz HTTP/1.1" 200 3

2016-09-29T20:04:47.124446+00:00 05bf1627-ae2f-400c-b1ce-31973a9ff23f - - - [NXLOG@14506 bosh_deployment="cf-warden" bosh_job_name="uaa_z1" bosh_job_index="0" filename="/var/vcap/data/sys/log/uaa/localhost_access.log"] 127.0.0.1 - - [29/Sep/2016:20:04:34 +0000] "GET /healthz HTTP/1.1" 200 3

2016-09-29T20:04:47.124509+00:00 05bf1627-ae2f-400c-b1ce-31973a9ff23f - - - [NXLOG@14506 bosh_deployment="cf-warden" bosh_job_name="uaa_z1" bosh_job_index="0" filename="/var/vcap/data/sys/log/route_registrar/route_registrar.stdout.log"] {"timestamp":"1475179478.810673237","source":"Route Registrar","message":"Route Registrar.Executing script","log_level":1,"data":{"scriptPath":"/var/vcap/jobs/uaa/bin/health_check"}}

2016-09-29T20:04:47.124571+00:00 05bf1627-ae2f-400c-b1ce-31973a9ff23f - - - [NXLOG@14506 bosh_deployment="cf-warden" bosh_job_name="uaa_z1" bosh_job_index="0" filename="/var/vcap/data/sys/log/route_registrar/route_registrar.stdout.log"] {"timestamp":"1475179478.825418949","source":"Route Registrar","message":"Route Registrar.Script exited without error","log_level":1,"data":{"script":"/var/vcap/jobs/uaa/bin/health_check","stderr":"  % Total    % Received % Xferd  Average Speed   Time    Time     Time  Current\n                                 Dload  Upload   Total   Spent    Left  Speed\n\r  0     0    0     0    0     0      0      0 --:--:-- --:--:-- --:--:--     0\r100     3  100     3    0     0   1267      0 --:--:-- --:--:-- --:--:--  1500\n","stdout":""}}

2016-09-29T20:04:47.124669+00:00 05bf1627-ae2f-400c-b1ce-31973a9ff23f - - - [NXLOG@14506 bosh_deployment="cf-warden" bosh_job_name="uaa_z1" bosh_job_index="0" filename="/var/vcap/data/sys/log/route_registrar/route_registrar.stdout.log"] {"timestamp":"1475179478.825432777","source":"Route Registrar","message":"Route Registrar.healthchecker returned healthy for route","log_level":1,"data":{"route":{"Name":"uaa","Port":8080,"Tags":{"component":"uaa"},"URIs":["uaa.bosh-lite.com","*.uaa.bosh-lite.com","login.bosh-lite.com","*.login.bosh-lite.com"],"RouteServiceUrl":"","RegistrationInterval":4000000000,"HealthCheck":{"Name":"uaa-healthcheck","ScriptPath":"/var/vcap/jobs/uaa/bin/health_check","Timeout":2000000000}}}}

2016-09-29T20:04:47.124758+00:00 05bf1627-ae2f-400c-b1ce-31973a9ff23f - - - [NXLOG@14506 bosh_deployment="cf-warden" bosh_job_name="uaa_z1" bosh_job_index="0" filename="/var/vcap/data/sys/log/route_registrar/route_registrar.stdout.log"] {"timestamp":"1475179478.825480700","source":"Route Registrar","message":"Route Registrar.Registering route","log_level":1,"data":{"route":{"Name":"uaa","Port":8080,"Tags":{"component":"uaa"},"URIs":["uaa.bosh-lite.com","*.uaa.bosh-lite.com","login.bosh-lite.com","*.login.bosh-lite.com"],"RouteServiceUrl":"","RegistrationInterval":4000000000,"HealthCheck":{"Name":"uaa-healthcheck","ScriptPath":"/var/vcap/jobs/uaa/bin/health_check","Timeout":2000000000}}}}

2016-09-29T20:04:47.124818+00:00 05bf1627-ae2f-400c-b1ce-31973a9ff23f - - - [NXLOG@14506 bosh_deployment="cf-warden" bosh_job_name="uaa_z1" bosh_job_index="0" filename="/var/vcap/data/sys/log/route_registrar/route_registrar.stdout.log"] {"timestamp":"1475179478.825535536","source":"Route Registrar","message":"Route Registrar.Registered routes successfully","log_level":1,"data":{}}

2016-09-29T20:04:47.124877+00:00 05bf1627-ae2f-400c-b1ce-31973a9ff23f - - - [NXLOG@14506 bosh_deployment="cf-warden" bosh_job_name="uaa_z1" bosh_job_index="0" filename="/var/vcap/data/sys/log/route_registrar/route_registrar.stdout.log"] {"timestamp":"1475179482.808246851","source":"Route Registrar","message":"Route Registrar.Executing script","log_level":1,"data":{"scriptPath":"/var/vcap/jobs/uaa/bin/health_check"}}

2016-09-29T20:04:47.124936+00:00 05bf1627-ae2f-400c-b1ce-31973a9ff23f - - - [NXLOG@14506 bosh_deployment="cf-warden" bosh_job_name="uaa_z1" bosh_job_index="0" filename="/var/vcap/data/sys/log/route_registrar/route_registrar.stdout.log"] {"timestamp":"1475179482.821212053","source":"Route Registrar","message":"Route Registrar.Script exited without error","log_level":1,"data":{"script":"/var/vcap/jobs/uaa/bin/health_check","stderr":"  % Total    % Received % Xferd  Average Speed   Time    Time     Time  Current\n                                 Dload  Upload   Total   Spent    Left  Speed\n\r  0     0    0     0    0     0      0      0 --:--:-- --:--:-- --:--:--     0\r100     3  100     3    0     0   3444      0 --:--:-- --:--:-- --:--:--  3000\n","stdout":""}}

2016-09-29T20:04:47.125897+00:00 05bf1627-ae2f-400c-b1ce-31973a9ff23f - - - [NXLOG@14506 bosh_deployment="cf-warden" bosh_job_name="uaa_z1" bosh_job_index="0" filename="/var/vcap/data/sys/log/route_registrar/route_registrar.stdout.log"] {"timestamp":"1475179482.821308136","source":"Route Registrar","message":"Route Registrar.healthchecker returned healthy for route","log_level":1,"data":{"route":{"Name":"uaa","Port":8080,"Tags":{"component":"uaa"},"URIs":["uaa.bosh-lite.com","*.uaa.bosh-lite.com","login.bosh-lite.com","*.login.bosh-lite.com"],"RouteServiceUrl":"","RegistrationInterval":4000000000,"HealthCheck":{"Name":"uaa-healthcheck","ScriptPath":"/var/vcap/jobs/uaa/bin/health_check","Timeout":2000000000}}}}

2016-09-29T20:04:47.125966+00:00 05bf1627-ae2f-400c-b1ce-31973a9ff23f - - - [NXLOG@14506 bosh_deployment="cf-warden" bosh_job_name="uaa_z1" bosh_job_index="0" filename="/var/vcap/data/sys/log/route_registrar/route_registrar.stdout.log"] {"timestamp":"1475179482.821341515","source":"Route Registrar","message":"Route Registrar.Registering route","log_level":1,"data":{"route":{"Name":"uaa","Port":8080,"Tags":{"component":"uaa"},"URIs":["uaa.bosh-lite.com","*.uaa.bosh-lite.com","login.bosh-lite.com","*.login.bosh-lite.com"],"RouteServiceUrl":"","RegistrationInterval":4000000000,"HealthCheck":{"Name":"uaa-healthcheck","ScriptPath":"/var/vcap/jobs/uaa/bin/health_check","Timeout":2000000000}}}}

2016-09-29T20:04:47.126025+00:00 05bf1627-ae2f-400c-b1ce-31973a9ff23f - - - [NXLOG@14506 bosh_deployment="cf-warden" bosh_job_name="uaa_z1" bosh_job_index="0" filename="/var/vcap/data/sys/log/route_registrar/route_registrar.stdout.log"] {"timestamp":"1475179482.821381569","source":"Route Registrar","message":"Route Registrar.Registered routes successfully","log_level":1,"data":{}}

2016-09-29T20:04:47.126084+00:00 05bf1627-ae2f-400c-b1ce-31973a9ff23f - - - [NXLOG@14506 bosh_deployment="cf-warden" bosh_job_name="uaa_z1" bosh_job_index="0" filename="/var/vcap/data/sys/log/route_registrar/route_registrar.stdout.log"] {"timestamp":"1475179486.808562517","source":"Route Registrar","message":"Route Registrar.Executing script","log_level":1,"data":{"scriptPath":"/var/vcap/jobs/uaa/bin/health_check"}}

2016-09-29T20:04:47.126374+00:00 152ab062-1f32-4789-910a-13bdc79651b2 - - - [NXLOG@14506 bosh_deployment="cf-warden" bosh_job_name="hm9000_z1" bosh_job_index="0" filename="/var/vcap/data/sys/log/hm9000/hm9000_listener.log"] {"timestamp":"1475179481.778301716","source":"listener","message":"listener.Received a heartbeat","log_level":1,"data":{"Heartbeats Pending Save":"1"}}

2016-09-29T20:04:47.126475+00:00 152ab062-1f32-4789-910a-13bdc79651b2 - - - [NXLOG@14506 bosh_deployment="cf-warden" bosh_job_name="hm9000_z1" bosh_job_index="0" filename="/var/vcap/data/sys/log/hm9000/hm9000_listener.log"] {"timestamp":"1475179481.815977335","source":"listener","message":"listener.Saving Heartbeats","log_level":1,"data":{"Heartbeats to Save":"1"}}

2016-09-29T20:04:47.126528+00:00 152ab062-1f32-4789-910a-13bdc79651b2 - - - [NXLOG@14506 bosh_deployment="cf-warden" bosh_job_name="hm9000_z1" bosh_job_index="0" filename="/var/vcap/data/sys/log/hm9000/hm9000_listener.log"] {"timestamp":"1475179481.823889971","source":"listener","message":"listener.Bumped freshness","log_level":1,"data":{}}

2016-09-29T20:04:47.126578+00:00 152ab062-1f32-4789-910a-13bdc79651b2 - - - [NXLOG@14506 bosh_deployment="cf-warden" bosh_job_name="hm9000_z1" bosh_job_index="0" filename="/var/vcap/data/sys/log/hm9000/hm9000_listener.log"] {"timestamp":"1475179481.823944807","source":"listener","message":"listener.Saved Heartbeats","log_level":1,"data":{"Duration":"7.860975ms","Heartbeats to Save":"1"}}

2016-09-29T20:04:47.126631+00:00 152ab062-1f32-4789-910a-13bdc79651b2 - - - [NXLOG@14506 bosh_deployment="cf-warden" bosh_job_name="hm9000_z1" bosh_job_index="0" filename="/var/vcap/data/sys/log/route_registrar/route_registrar.stdout.log"] {"timestamp":"1475179482.323300838","source":"Route Registrar","message":"Route Registrar.no healthchecker found for route","log_level":1,"data":{"route":{"Name":"hm9000","Port":5155,"Tags":{"component":"HM9K"},"URIs":["hm9000.bosh-lite.com"],"RouteServiceUrl":"","RegistrationInterval":20000000000,"HealthCheck":null}}}

2016-09-29T20:04:47.126746+00:00 152ab062-1f32-4789-910a-13bdc79651b2 - - - [NXLOG@14506 bosh_deployment="cf-warden" bosh_job_name="hm9000_z1" bosh_job_index="0" filename="/var/vcap/data/sys/log/route_registrar/route_registrar.stdout.log"] {"timestamp":"1475179482.323388338","source":"Route Registrar","message":"Route Registrar.Registering route","log_level":1,"data":{"route":{"Name":"hm9000","Port":5155,"Tags":{"component":"HM9K"},"URIs":["hm9000.bosh-lite.com"],"RouteServiceUrl":"","RegistrationInterval":20000000000,"HealthCheck":null}}}

2016-09-29T20:04:47.126794+00:00 152ab062-1f32-4789-910a-13bdc79651b2 - - - [NXLOG@14506 bosh_deployment="cf-warden" bosh_job_name="hm9000_z1" bosh_job_index="0" filename="/var/vcap/data/sys/log/route_registrar/route_registrar.stdout.log"] {"timestamp":"1475179482.323465109","source":"Route Registrar","message":"Route Registrar.Registered routes successfully","log_level":1,"data":{}}

2016-09-29T20:04:47.126842+00:00 152ab062-1f32-4789-910a-13bdc79651b2 - - - [NXLOG@14506 bosh_deployment="cf-warden" bosh_job_name="hm9000_z1" bosh_job_index="0" filename="/var/vcap/data/sys/log/hm9000/hm9000_analyzer.log"] {"timestamp":"1475179478.394183636","source":"fetcher","message":"fetcher.Fetching Desired State","log_level":1,"data":{}}

2016-09-29T20:04:47.126894+00:00 152ab062-1f32-4789-910a-13bdc79651b2 - - - [NXLOG@14506 bosh_deployment="cf-warden" bosh_job_name="hm9000_z1" bosh_job_index="0" filename="/var/vcap/data/sys/log/hm9000/hm9000_analyzer.log"] {"timestamp":"1475179478.408305645","source":"fetcher","message":"fetcher.Success","log_level":1,"data":{"Number of Desired Apps Fetched":"0"}}

2016-09-29T20:04:47.126929+00:00 152ab062-1f32-4789-910a-13bdc79651b2 - - - [NXLOG@14506 bosh_deployment="cf-warden" bosh_job_name="hm9000_z1" bosh_job_index="0" filename="/var/vcap/data/sys/log/hm9000/hm9000_analyzer.log"] {"timestamp":"1475179478.408351421","source":"analyzer","message":"analyzer.Analyzing...","log_level":1,"data":{}}

2016-09-29T20:04:47.126137+00:00 05bf1627-ae2f-400c-b1ce-31973a9ff23f - - - [NXLOG@14506 bosh_deployment="cf-warden" bosh_job_name="uaa_z1" bosh_job_index="0" filename="/var/vcap/data/sys/log/route_registrar/route_registrar.stdout.log"] {"timestamp":"1475179486.822216988","source":"Route Registrar","message":"Route Registrar.Script exited without error","log_level":1,"data":{"script":"/var/vcap/jobs/uaa/bin/health_check","stderr":"  % Total    % Received % Xferd  Average Speed   Time    Time     Time  Current\n                                 Dload  Upload   Total   Spent    Left  Speed\n\r  0     0    0     0    0     0      0      0 --:--:-- --:--:-- --:--:--     0\r100     3  100     3    0     0    858      0 --:--:-- --:--:-- --:--:--  1000\n","stdout":""}}

2016-09-29T20:04:47.128087+00:00 05bf1627-ae2f-400c-b1ce-31973a9ff23f - - - [NXLOG@14506 bosh_deployment="cf-warden" bosh_job_name="uaa_z1" bosh_job_index="0" filename="/var/vcap/data/sys/log/route_registrar/route_registrar.stdout.log"] {"timestamp":"1475179486.822230577","source":"Route Registrar","message":"Route Registrar.healthchecker returned healthy for route","log_level":1,"data":{"route":{"Name":"uaa","Port":8080,"Tags":{"component":"uaa"},"URIs":["uaa.bosh-lite.com","*.uaa.bosh-lite.com","login.bosh-lite.com","*.login.bosh-lite.com"],"RouteServiceUrl":"","RegistrationInterval":4000000000,"HealthCheck":{"Name":"uaa-healthcheck","ScriptPath":"/var/vcap/jobs/uaa/bin/health_check","Timeout":2000000000}}}}

2016-09-29T20:04:47.128159+00:00 05bf1627-ae2f-400c-b1ce-31973a9ff23f - - - [NXLOG@14506 bosh_deployment="cf-warden" bosh_job_name="uaa_z1" bosh_job_index="0" filename="/var/vcap/data/sys/log/route_registrar/route_registrar.stdout.log"] {"timestamp":"1475179486.822274923","source":"Route Registrar","message":"Route Registrar.Registering route","log_level":1,"data":{"route":{"Name":"uaa","Port":8080,"Tags":{"component":"uaa"},"URIs":["uaa.bosh-lite.com","*.uaa.bosh-lite.com","login.bosh-lite.com","*.login.bosh-lite.com"],"RouteServiceUrl":"","RegistrationInterval":4000000000,"HealthCheck":{"Name":"uaa-healthcheck","ScriptPath":"/var/vcap/jobs/uaa/bin/health_check","Timeout":2000000000}}}}

2016-09-29T20:04:47.126974+00:00 152ab062-1f32-4789-910a-13bdc79651b2 - - - [NXLOG@14506 bosh_deployment="cf-warden" bosh_job_name="hm9000_z1" bosh_job_index="0" filename="/var/vcap/data/sys/log/hm9000/hm9000_analyzer.log"] {"timestamp":"1475179478.424073458","source":"analyzer","message":"analyzer.Analyzer completed succesfully","log_level":1,"data":{"Duration":"0.0157"}}

2016-09-29T20:04:47.127022+00:00 152ab062-1f32-4789-910a-13bdc79651b2 - - - [NXLOG@14506 bosh_deployment="cf-warden" bosh_job_name="hm9000_z1" bosh_job_index="0" filename="/var/vcap/data/sys/log/hm9000/hm9000_analyzer.log"] {"timestamp":"1475179478.424112797","source":"sender","message":"sender.Sending...","log_level":1,"data":{}}

2016-09-29T20:04:47.127054+00:00 152ab062-1f32-4789-910a-13bdc79651b2 - - - [NXLOG@14506 bosh_deployment="cf-warden" bosh_job_name="hm9000_z1" bosh_job_index="0" filename="/var/vcap/data/sys/log/hm9000/hm9000_analyzer.log"] {"timestamp":"1475179478.435917854","source":"sender","message":"sender.Sender completed succesfully","log_level":1,"data":{}}

2016-09-29T20:04:47.128464+00:00 b0fa19c0-86de-4447-a670-3f7adbd0b3c1 - - - [NXLOG@14506 bosh_deployment="cf-warden" bosh_job_name="api_z1" bosh_job_index="0" filename="/var/vcap/data/sys/log/route_registrar/route_registrar.stdout.log"] {"timestamp":"1475179487.087537766","source":"Route Registrar","message":"Route Registrar.no healthchecker found for route","log_level":1,"data":{"route":{"Name":"api","Port":9022,"Tags":{"component":"CloudController"},"URIs":["api.bosh-lite.com"],"RouteServiceUrl":"","RegistrationInterval":20000000000,"HealthCheck":null}}}

2016-09-29T20:04:47.128522+00:00 b0fa19c0-86de-4447-a670-3f7adbd0b3c1 - - - [NXLOG@14506 bosh_deployment="cf-warden" bosh_job_name="api_z1" bosh_job_index="0" filename="/var/vcap/data/sys/log/route_registrar/route_registrar.stdout.log"] {"timestamp":"1475179487.087545395","source":"Route Registrar","message":"Route Registrar.Registering route","log_level":1,"data":{"route":{"Name":"api","Port":9022,"Tags":{"component":"CloudController"},"URIs":["api.bosh-lite.com"],"RouteServiceUrl":"","RegistrationInterval":20000000000,"HealthCheck":null}}}

2016-09-29T20:04:47.128553+00:00 b0fa19c0-86de-4447-a670-3f7adbd0b3c1 - - - [NXLOG@14506 bosh_deployment="cf-warden" bosh_job_name="api_z1" bosh_job_index="0" filename="/var/vcap/data/sys/log/route_registrar/route_registrar.stdout.log"] {"timestamp":"1475179487.087657213","source":"Route Registrar","message":"Route Registrar.Registered routes successfully","log_level":1,"data":{}}

2016-09-29T20:04:47.128582+00:00 b0fa19c0-86de-4447-a670-3f7adbd0b3c1 - - - [NXLOG@14506 bosh_deployment="cf-warden" bosh_job_name="api_z1" bosh_job_index="0" filename="/var/vcap/data/sys/log/cloud_controller_worker/cloud_controller_worker.log"] {"timestamp":1475179477.6123042,"message":"(0.000548s) SELECT * FROM \"delayed_jobs\" WHERE ((((\"run_at\" <= '2016-09-29 20:04:37.611506+0000') AND (\"locked_at\" IS NULL)) OR (\"locked_by\" = 'cc_global_worker.api_z1.0.1')) AND (\"failed_at\" IS NULL) AND (\"queue\" IN ('cc-generic'))) ORDER BY \"priority\" ASC, \"run_at\" ASC LIMIT 5","log_level":"debug2","source":"cc.background","data":{},"thread_id":47193737007380,"fiber_id":47193773841900,"process_id":15807,"file":"/var/vcap/packages/cloud_controller_ng/cloud_controller_ng/vendor/bundle/ruby/2.3.0/gems/sequel-4.29.0/lib/sequel/database/logging.rb","lineno":70,"method":"block in log_each"}

2016-09-29T20:04:47.128614+00:00 b0fa19c0-86de-4447-a670-3f7adbd0b3c1 - - - [NXLOG@14506 bosh_deployment="cf-warden" bosh_job_name="api_z1" bosh_job_index="0" filename="/var/vcap/data/sys/log/cloud_controller_worker/cloud_controller_worker.log"] {"timestamp":1475179482.6319134,"message":"(0.000559s) SELECT * FROM \"delayed_jobs\" WHERE ((((\"run_at\" <= '2016-09-29 20:04:42.630811+0000') AND (\"locked_at\" IS NULL)) OR (\"locked_by\" = 'cc_global_worker.api_z1.0.1')) AND (\"failed_at\" IS NULL) AND (\"queue\" IN ('cc-generic'))) ORDER BY \"priority\" ASC, \"run_at\" ASC LIMIT 5","log_level":"debug2","source":"cc.background","data":{},"thread_id":47193737007380,"fiber_id":47193773841900,"process_id":15807,"file":"/var/vcap/packages/cloud_controller_ng/cloud_controller_ng/vendor/bundle/ruby/2.3.0/gems/sequel-4.29.0/lib/sequel/database/logging.rb","lineno":70,"method":"block in log_each"}

2016-09-29T20:04:47.128641+00:00 b0fa19c0-86de-4447-a670-3f7adbd0b3c1 - - - [NXLOG@14506 bosh_deployment="cf-warden" bosh_job_name="api_z1" bosh_job_index="0" filename="/var/vcap/data/sys/log/nginx_cc/nginx.access.log"] 10.244.0.138 - [29/Sep/2016:20:04:37 +0000] "GET /v2/info HTTP/1.1" 200 802 "-" "monit/5.2.5" 10.244.0.138 vcap_request_id:4f6f5a05-96c1-4af4-bc92-6150a90916aa response_time:0.003

2016-09-29T20:04:47.128685+00:00 b0fa19c0-86de-4447-a670-3f7adbd0b3c1 - - - [NXLOG@14506 bosh_deployment="cf-warden" bosh_job_name="api_z1" bosh_job_index="0" filename="/var/vcap/data/sys/log/nginx_cc/nginx.access.log"] api.bosh-lite.com - [29/Sep/2016:20:04:38 +0000] "GET /bulk/apps?batch_size=5000&bulk_token={} HTTP/1.1" 200 323 "-" "Go-http-client/1.1" 10.244.0.142, 10.244.0.34, 10.244.0.22 vcap_request_id:a9f2d2ea-61ec-4150-78f0-e591dacdad74::fd5239be-e415-4e66-a952-c6ae59327f98 response_time:0.006

2016-09-29T20:04:47.128714+00:00 b0fa19c0-86de-4447-a670-3f7adbd0b3c1 - - - [NXLOG@14506 bosh_deployment="cf-warden" bosh_job_name="api_z1" bosh_job_index="0" filename="/var/vcap/data/sys/log/nginx_cc/nginx.access.log"] api.bosh-lite.com - [29/Sep/2016:20:04:46 +0000] "GET /v2/syslog_drain_urls?batch_size=1000 HTTP/1.1" 200 326 "-" "Go-http-client/1.1" 10.244.0.146, 10.244.0.34, 10.244.0.22 vcap_request_id:67bc754e-2d2a-4659-5eea-2f7c660d1f05::b1dc7f6d-5a0f-4952-814f-672dc5bfffb0 response_time:0.006

2016-09-29T20:04:47.128773+00:00 b0fa19c0-86de-4447-a670-3f7adbd0b3c1 - - - [NXLOG@14506 bosh_deployment="cf-warden" bosh_job_name="api_z1" bosh_job_index="0" filename="/var/vcap/data/sys/log/cloud_controller_ng/cloud_controller_ng.log"] {"timestamp":1475179477.26775,"message":"Statsd: cc.requests.outstanding:1|c","log_level":"debug","source":"statsd.client","data":{},"thread_id":47062185508640,"fiber_id":47062164151860,"process_id":15535,"file":"/var/vcap/packages/cloud_controller_ng/cloud_controller_ng/vendor/bundle/ruby/2.3.0/gems/statsd-ruby-1.2.1/lib/statsd.rb","lineno":254,"method":"send_to_socket"}

2016-09-29T20:04:47.128797+00:00 b0fa19c0-86de-4447-a670-3f7adbd0b3c1 - - - [NXLOG@14506 bosh_deployment="cf-warden" bosh_job_name="api_z1" bosh_job_index="0" filename="/var/vcap/data/sys/log/cloud_controller_ng/cloud_controller_ng.log"] {"timestamp":1475179477.2684264,"message":"Started GET \"/v2/info\" for user: , ip: 127.0.0.1 with vcap-request-id: 4f6f5a05-96c1-4af4-bc92-6150a90916aa at 2016-09-29 20:04:37 UTC","log_level":"info","source":"cc.api","data":{},"thread_id":47062185508640,"fiber_id":47062164151860,"process_id":15535,"file":"/var/vcap/packages/cloud_controller_ng/cloud_controller_ng/middleware/request_logs.rb","lineno":12,"method":"call"}

2016-09-29T20:04:47.128825+00:00 b0fa19c0-86de-4447-a670-3f7adbd0b3c1 - - - [NXLOG@14506 bosh_deployment="cf-warden" bosh_job_name="api_z1" bosh_job_index="0" filename="/var/vcap/data/sys/log/cloud_controller_ng/cloud_controller_ng.log"] {"timestamp":1475179477.2692695,"message":"dispatch VCAP::CloudController::InfoController get /v2/info","log_level":"debug","source":"cc.api","data":{"request_guid":"4f6f5a05-96c1-4af4-bc92-6150a90916aa"},"thread_id":47062185508640,"fiber_id":47062164151860,"process_id":15535,"file":"/var/vcap/data/packages/cloud_controller_ng/f87cb49aa2cd87792cb9c2211a79e1542502be4d.1-b1a5f3c830cb6c32ae9e685628b24aa967f5ae54/cloud_controller_ng/lib/cloud_controller/rest_controller/routes.rb","lineno":12,"method":"block in define_route"}

2016-09-29T20:04:47.128852+00:00 b0fa19c0-86de-4447-a670-3f7adbd0b3c1 - - - [NXLOG@14506 bosh_deployment="cf-warden" bosh_job_name="api_z1" bosh_job_index="0" filename="/var/vcap/data/sys/log/cloud_controller_ng/cloud_controller_ng.log"] {"timestamp":1475179477.2695506,"message":"parse_params: {} ","log_level":"debug","source":"cc.api","data":{"request_guid":"4f6f5a05-96c1-4af4-bc92-6150a90916aa"},"thread_id":47062185508640,"fiber_id":47062164151860,"process_id":15535,"file":"/var/vcap/data/packages/cloud_controller_ng/f87cb49aa2cd87792cb9c2211a79e1542502be4d.1-b1a5f3c830cb6c32ae9e685628b24aa967f5ae54/cloud_controller_ng/lib/cloud_controller/rest_controller/common_params.rb","lineno":10,"method":"parse"}

2016-09-29T20:04:47.128878+00:00 b0fa19c0-86de-4447-a670-3f7adbd0b3c1 - - - [NXLOG@14506 bosh_deployment="cf-warden" bosh_job_name="api_z1" bosh_job_index="0" filename="/var/vcap/data/sys/log/cloud_controller_ng/cloud_controller_ng.log"] {"timestamp":1475179477.2697759,"message":"cc.dispatch","log_level":"debug","source":"cc.api","data":{"request_guid":"4f6f5a05-96c1-4af4-bc92-6150a90916aa","endpoint":"read","args":[]},"thread_id":47062185508640,"fiber_id":47062164151860,"process_id":15535,"file":"/var/vcap/data/packages/cloud_controller_ng/f87cb49aa2cd87792cb9c2211a79e1542502be4d.1-b1a5f3c830cb6c32ae9e685628b24aa967f5ae54/cloud_controller_ng/app/controllers/base/base_controller.rb","lineno":78,"method":"dispatch"}

2016-09-29T20:04:47.128903+00:00 b0fa19c0-86de-4447-a670-3f7adbd0b3c1 - - - [NXLOG@14506 bosh_deployment="cf-warden" bosh_job_name="api_z1" bosh_job_index="0" filename="/var/vcap/data/sys/log/cloud_controller_ng/cloud_controller_ng.log"] {"timestamp":1475179477.2701955,"message":"Completed 200 vcap-request-id: 4f6f5a05-96c1-4af4-bc92-6150a90916aa","log_level":"info","source":"cc.api","data":{},"thread_id":47062185508640,"fiber_id":47062164151860,"process_id":15535,"file":"/var/vcap/packages/cloud_controller_ng/cloud_controller_ng/middleware/request_logs.rb","lineno":24,"method":"call"}

2016-09-29T20:04:47.128929+00:00 b0fa19c0-86de-4447-a670-3f7adbd0b3c1 - - - [NXLOG@14506 bosh_deployment="cf-warden" bosh_job_name="api_z1" bosh_job_index="0" filename="/var/vcap/data/sys/log/cloud_controller_ng/cloud_controller_ng.log"] {"timestamp":1475179477.2704608,"message":"Statsd: cc.requests.outstanding:-1|c\ncc.requests.completed:1|c\ncc.http_status.2XX:1|c","log_level":"debug","source":"statsd.client","data":{},"thread_id":47062185508640,"fiber_id":47062164151860,"process_id":15535,"file":"/var/vcap/packages/cloud_controller_ng/cloud_controller_ng/vendor/bundle/ruby/2.3.0/gems/statsd-ruby-1.2.1/lib/statsd.rb","lineno":254,"method":"send_to_socket"}

2016-09-29T20:04:47.129008+00:00 b0fa19c0-86de-4447-a670-3f7adbd0b3c1 - - - [NXLOG@14506 bosh_deployment="cf-warden" bosh_job_name="api_z1" bosh_job_index="0" filename="/var/vcap/data/sys/log/cloud_controller_ng/cloud_controller_ng.log"] {"timestamp":1475179477.5642593,"message":"(0.000564s) SELECT * FROM \"delayed_jobs\" WHERE ((((\"run_at\" <= '2016-09-29 20:04:37.563187+0000') AND (\"locked_at\" IS NULL)) OR (\"locked_by\" = 'cc_api_worker.api_z1.0.2')) AND (\"failed_at\" IS NULL) AND (\"queue\" IN ('cc-api_z1-0'))) ORDER BY \"priority\" ASC, \"run_at\" ASC LIMIT 5","log_level":"debug2","source":"cc.background","data":{},"thread_id":47118928261380,"fiber_id":47118965175380,"process_id":15629,"file":"/var/vcap/packages/cloud_controller_ng/cloud_controller_ng/vendor/bundle/ruby/2.3.0/gems/sequel-4.29.0/lib/sequel/database/logging.rb","lineno":70,"method":"block in log_each"}

2016-09-29T20:04:47.129042+00:00 b0fa19c0-86de-4447-a670-3f7adbd0b3c1 - - - [NXLOG@14506 bosh_deployment="cf-warden" bosh_job_name="api_z1" bosh_job_index="0" filename="/var/vcap/data/sys/log/cloud_controller_ng/cloud_controller_ng.log"] {"timestamp":1475179478.3959386,"message":"Statsd: cc.requests.outstanding:1|c","log_level":"debug","source":"statsd.client","data":{},"thread_id":47062185508960,"fiber_id":47062150331380,"process_id":15535,"file":"/var/vcap/packages/cloud_controller_ng/cloud_controller_ng/vendor/bundle/ruby/2.3.0/gems/statsd-ruby-1.2.1/lib/statsd.rb","lineno":254,"method":"send_to_socket"}

2016-09-29T20:04:47.129071+00:00 b0fa19c0-86de-4447-a670-3f7adbd0b3c1 - - - [NXLOG@14506 bosh_deployment="cf-warden" bosh_job_name="api_z1" bosh_job_index="0" filename="/var/vcap/data/sys/log/cloud_controller_ng/cloud_controller_ng.log"] {"timestamp":1475179478.396496,"message":"Started GET \"/bulk/apps?batch_size=5000&bulk_token={}\" for user: , ip: 127.0.0.1 with vcap-request-id: a9f2d2ea-61ec-4150-78f0-e591dacdad74::fd5239be-e415-4e66-a952-c6ae59327f98 at 2016-09-29 20:04:38 UTC","log_level":"info","source":"cc.api","data":{},"thread_id":47062185508960,"fiber_id":47062150331380,"process_id":15535,"file":"/var/vcap/packages/cloud_controller_ng/cloud_controller_ng/middleware/request_logs.rb","lineno":12,"method":"call"}

2016-09-29T20:04:47.129082+00:00 b0fa19c0-86de-4447-a670-3f7adbd0b3c1 - - - [NXLOG@14506 bosh_deployment="cf-warden" bosh_job_name="api_z1" bosh_job_index="0" filename="/var/vcap/data/sys/log/cloud_controller_ng/cloud_controller_ng.log"] {"timestamp":1475179478.3973055,"message":"dispatch VCAP::CloudController::LegacyBulk get /bulk/apps","log_level":"debug","source":"cc.api","data":{"request_guid":"a9f2d2ea-61ec-4150-78f0-e591dacdad74::fd5239be-e415-4e66-a952-c6ae59327f98"},"thread_id":47062185508960,"fiber_id":47062150331380,"process_id":15535,"file":"/var/vcap/data/packages/cloud_controller_ng/f87cb49aa2cd87792cb9c2211a79e1542502be4d.1-b1a5f3c830cb6c32ae9e685628b24aa967f5ae54/cloud_controller_ng/lib/cloud_controller/rest_controller/routes.rb","lineno":12,"method":"block in define_route"}

2016-09-29T20:04:47.129101+00:00 b0fa19c0-86de-4447-a670-3f7adbd0b3c1 - - - [NXLOG@14506 bosh_deployment="cf-warden" bosh_job_name="api_z1" bosh_job_index="0" filename="/var/vcap/data/sys/log/cloud_controller_ng/cloud_controller_ng.log"] {"timestamp":1475179478.3974993,"message":"parse_params: {\"batch_size\"=>\"5000\", \"bulk_token\"=>\"{}\"} batch_size=5000&bulk_token={}","log_level":"debug","source":"cc.api","data":{"request_guid":"a9f2d2ea-61ec-4150-78f0-e591dacdad74::fd5239be-e415-4e66-a952-c6ae59327f98"},"thread_id":47062185508960,"fiber_id":47062150331380,"process_id":15535,"file":"/var/vcap/data/packages/cloud_controller_ng/f87cb49aa2cd87792cb9c2211a79e1542502be4d.1-b1a5f3c830cb6c32ae9e685628b24aa967f5ae54/cloud_controller_ng/lib/cloud_controller/rest_controller/common_params.rb","lineno":10,"method":"parse"}

2016-09-29T20:04:47.129111+00:00 b0fa19c0-86de-4447-a670-3f7adbd0b3c1 - - - [NXLOG@14506 bosh_deployment="cf-warden" bosh_job_name="api_z1" bosh_job_index="0" filename="/var/vcap/data/sys/log/cloud_controller_ng/cloud_controller_ng.log"] {"timestamp":1475179478.3976536,"message":"cc.dispatch","log_level":"debug","source":"cc.api","data":{"request_guid":"a9f2d2ea-61ec-4150-78f0-e591dacdad74::fd5239be-e415-4e66-a952-c6ae59327f98","endpoint":"bulk_apps","args":[]},"thread_id":47062185508960,"fiber_id":47062150331380,"process_id":15535,"file":"/var/vcap/data/packages/cloud_controller_ng/f87cb49aa2cd87792cb9c2211a79e1542502be4d.1-b1a5f3c830cb6c32ae9e685628b24aa967f5ae54/cloud_controller_ng/app/controllers/base/base_controller.rb","lineno":78,"method":"dispatch"}

2016-09-29T20:04:47.129130+00:00 b0fa19c0-86de-4447-a670-3f7adbd0b3c1 - - - [NXLOG@14506 bosh_deployment="cf-warden" bosh_job_name="api_z1" bosh_job_index="0" filename="/var/vcap/data/sys/log/cloud_controller_ng/cloud_controller_ng.log"] {"timestamp":1475179478.3993278,"message":"(0.000452s) SELECT \"id\", \"guid\", \"instances\", \"state\", \"memory\", \"package_state\", \"version\", \"created_at\", \"updated_at\" FROM \"apps\" WHERE ((id > 0) AND (deleted_at IS NULL) AND (\"diego\" IS FALSE) AND (\"state\" = 'STARTED') AND (\"package_state\" != 'FAILED')) ORDER BY \"id\" LIMIT 5000","log_level":"debug2","source":"cc.db","data":{"request_guid":"a9f2d2ea-61ec-4150-78f0-e591dacdad74::fd5239be-e415-4e66-a952-c6ae59327f98"},"thread_id":47062185508960,"fiber_id":47062150331380,"process_id":15535,"file":"/var/vcap/packages/cloud_controller_ng/cloud_controller_ng/vendor/bundle/ruby/2.3.0/gems/sequel-4.29.0/lib/sequel/database/logging.rb","lineno":70,"method":"block in log_each"}

2016-09-29T20:04:47.129140+00:00 b0fa19c0-86de-4447-a670-3f7adbd0b3c1 - - - [NXLOG@14506 bosh_deployment="cf-warden" bosh_job_name="api_z1" bosh_job_index="0" filename="/var/vcap/data/sys/log/cloud_controller_ng/cloud_controller_ng.log"] {"timestamp":1475179478.3997183,"message":"Completed 200 vcap-request-id: a9f2d2ea-61ec-4150-78f0-e591dacdad74::fd5239be-e415-4e66-a952-c6ae59327f98","log_level":"info","source":"cc.api","data":{},"thread_id":47062185508960,"fiber_id":47062150331380,"process_id":15535,"file":"/var/vcap/packages/cloud_controller_ng/cloud_controller_ng/middleware/request_logs.rb","lineno":24,"method":"call"}

2016-09-29T20:04:47.129170+00:00 b0fa19c0-86de-4447-a670-3f7adbd0b3c1 - - - [NXLOG@14506 bosh_deployment="cf-warden" bosh_job_name="api_z1" bosh_job_index="0" filename="/var/vcap/data/sys/log/cloud_controller_ng/cloud_controller_ng.log"] {"timestamp":1475179478.3998442,"message":"Statsd: cc.requests.outstanding:-1|c\ncc.requests.completed:1|c\ncc.http_status.2XX:1|c","log_level":"debug","source":"statsd.client","data":{},"thread_id":47062185508960,"fiber_id":47062150331380,"process_id":15535,"file":"/var/vcap/packages/cloud_controller_ng/cloud_controller_ng/vendor/bundle/ruby/2.3.0/gems/statsd-ruby-1.2.1/lib/statsd.rb","lineno":254,"method":"send_to_socket"}

2016-09-29T20:04:47.129180+00:00 b0fa19c0-86de-4447-a670-3f7adbd0b3c1 - - - [NXLOG@14506 bosh_deployment="cf-warden" bosh_job_name="api_z1" bosh_job_index="0" filename="/var/vcap/data/sys/log/cloud_controller_ng/cloud_controller_ng.log"] {"timestamp":1475179478.876176,"message":"(0.000529s) SELECT * FROM \"delayed_jobs\" WHERE ((((\"run_at\" <= '2016-09-29 20:04:38.875133+0000') AND (\"locked_at\" IS NULL)) OR (\"locked_by\" = 'cc_api_worker.api_z1.0.1')) AND (\"failed_at\" IS NULL) AND (\"queue\" IN ('cc-api_z1-0'))) ORDER BY \"priority\" ASC, \"run_at\" ASC LIMIT 5","log_level":"debug2","source":"cc.background","data":{},"thread_id":47452862460180,"fiber_id":47452899698480,"process_id":15587,"file":"/var/vcap/packages/cloud_controller_ng/cloud_controller_ng/vendor/bundle/ruby/2.3.0/gems/sequel-4.29.0/lib/sequel/database/logging.rb","lineno":70,"method":"block in log_each"}

2016-09-29T20:04:47.129198+00:00 b0fa19c0-86de-4447-a670-3f7adbd0b3c1 - - - [NXLOG@14506 bosh_deployment="cf-warden" bosh_job_name="api_z1" bosh_job_index="0" filename="/var/vcap/data/sys/log/cloud_controller_ng/cloud_controller_ng.log"] {"timestamp":1475179482.5844717,"message":"(0.000589s) SELECT * FROM \"delayed_jobs\" WHERE ((((\"run_at\" <= '2016-09-29 20:04:42.583237+0000') AND (\"locked_at\" IS NULL)) OR (\"locked_by\" = 'cc_api_worker.api_z1.0.2')) AND (\"failed_at\" IS NULL) AND (\"queue\" IN ('cc-api_z1-0'))) ORDER BY \"priority\" ASC, \"run_at\" ASC LIMIT 5","log_level":"debug2","source":"cc.background","data":{},"thread_id":47118928261380,"fiber_id":47118965175380,"process_id":15629,"file":"/var/vcap/packages/cloud_controller_ng/cloud_controller_ng/vendor/bundle/ruby/2.3.0/gems/sequel-4.29.0/lib/sequel/database/logging.rb","lineno":70,"method":"block in log_each"}

2016-09-29T20:04:47.129216+00:00 b0fa19c0-86de-4447-a670-3f7adbd0b3c1 - - - [NXLOG@14506 bosh_deployment="cf-warden" bosh_job_name="api_z1" bosh_job_index="0" filename="/var/vcap/data/sys/log/cloud_controller_ng/cloud_controller_ng.log"] {"timestamp":1475179483.895083,"message":"(0.000480s) SELECT * FROM \"delayed_jobs\" WHERE ((((\"run_at\" <= '2016-09-29 20:04:43.894140+0000') AND (\"locked_at\" IS NULL)) OR (\"locked_by\" = 'cc_api_worker.api_z1.0.1')) AND (\"failed_at\" IS NULL) AND (\"queue\" IN ('cc-api_z1-0'))) ORDER BY \"priority\" ASC, \"run_at\" ASC LIMIT 5","log_level":"debug2","source":"cc.background","data":{},"thread_id":47452862460180,"fiber_id":47452899698480,"process_id":15587,"file":"/var/vcap/packages/cloud_controller_ng/cloud_controller_ng/vendor/bundle/ruby/2.3.0/gems/sequel-4.29.0/lib/sequel/database/logging.rb","lineno":70,"method":"block in log_each"}

2016-09-29T20:04:47.129227+00:00 b0fa19c0-86de-4447-a670-3f7adbd0b3c1 - - - [NXLOG@14506 bosh_deployment="cf-warden" bosh_job_name="api_z1" bosh_job_index="0" filename="/var/vcap/data/sys/log/cloud_controller_ng/cloud_controller_ng.log"] {"timestamp":1475179486.2062125,"message":"Statsd: cc.requests.outstanding:1|c","log_level":"debug","source":"statsd.client","data":{},"thread_id":47062185510360,"fiber_id":47062169423560,"process_id":15535,"file":"/var/vcap/packages/cloud_controller_ng/cloud_controller_ng/vendor/bundle/ruby/2.3.0/gems/statsd-ruby-1.2.1/lib/statsd.rb","lineno":254,"method":"send_to_socket"}

2016-09-29T20:04:47.129244+00:00 b0fa19c0-86de-4447-a670-3f7adbd0b3c1 - - - [NXLOG@14506 bosh_deployment="cf-warden" bosh_job_name="api_z1" bosh_job_index="0" filename="/var/vcap/data/sys/log/cloud_controller_ng/cloud_controller_ng.log"] {"timestamp":1475179486.2068474,"message":"Started GET \"/v2/syslog_drain_urls?batch_size=1000\" for user: , ip: 127.0.0.1 with vcap-request-id: 67bc754e-2d2a-4659-5eea-2f7c660d1f05::b1dc7f6d-5a0f-4952-814f-672dc5bfffb0 at 2016-09-29 20:04:46 UTC","log_level":"info","source":"cc.api","data":{},"thread_id":47062185510360,"fiber_id":47062169423560,"process_id":15535,"file":"/var/vcap/packages/cloud_controller_ng/cloud_controller_ng/middleware/request_logs.rb","lineno":12,"method":"call"}

2016-09-29T20:04:47.129264+00:00 b0fa19c0-86de-4447-a670-3f7adbd0b3c1 - - - [NXLOG@14506 bosh_deployment="cf-warden" bosh_job_name="api_z1" bosh_job_index="0" filename="/var/vcap/data/sys/log/cloud_controller_ng/cloud_controller_ng.log"] {"timestamp":1475179486.207518,"message":"dispatch VCAP::CloudController::SyslogDrainUrlsController get /v2/syslog_drain_urls","log_level":"debug","source":"cc.api","data":{"request_guid":"67bc754e-2d2a-4659-5eea-2f7c660d1f05::b1dc7f6d-5a0f-4952-814f-672dc5bfffb0"},"thread_id":47062185510360,"fiber_id":47062169423560,"process_id":15535,"file":"/var/vcap/data/packages/cloud_controller_ng/f87cb49aa2cd87792cb9c2211a79e1542502be4d.1-b1a5f3c830cb6c32ae9e685628b24aa967f5ae54/cloud_controller_ng/lib/cloud_controller/rest_controller/routes.rb","lineno":12,"method":"block in define_route"}

2016-09-29T20:04:47.129855+00:00 05bf1627-ae2f-400c-b1ce-31973a9ff23f - - - [NXLOG@14506 bosh_deployment="cf-warden" bosh_job_name="uaa_z1" bosh_job_index="0" filename="/var/vcap/data/sys/log/route_registrar/route_registrar.stdout.log"] {"timestamp":"1475179486.822336674","source":"Route Registrar","message":"Route Registrar.Registered routes successfully","log_level":1,"data":{}}

2016-09-29T20:04:47.129275+00:00 b0fa19c0-86de-4447-a670-3f7adbd0b3c1 - - - [NXLOG@14506 bosh_deployment="cf-warden" bosh_job_name="api_z1" bosh_job_index="0" filename="/var/vcap/data/sys/log/cloud_controller_ng/cloud_controller_ng.log"] {"timestamp":1475179486.207674,"message":"parse_params: {\"batch_size\"=>\"1000\"} batch_size=1000","log_level":"debug","source":"cc.api","data":{"request_guid":"67bc754e-2d2a-4659-5eea-2f7c660d1f05::b1dc7f6d-5a0f-4952-814f-672dc5bfffb0"},"thread_id":47062185510360,"fiber_id":47062169423560,"process_id":15535,"file":"/var/vcap/data/packages/cloud_controller_ng/f87cb49aa2cd87792cb9c2211a79e1542502be4d.1-b1a5f3c830cb6c32ae9e685628b24aa967f5ae54/cloud_controller_ng/lib/cloud_controller/rest_controller/common_params.rb","lineno":10,"method":"parse"}

2016-09-29T20:04:47.129295+00:00 b0fa19c0-86de-4447-a670-3f7adbd0b3c1 - - - [NXLOG@14506 bosh_deployment="cf-warden" bosh_job_name="api_z1" bosh_job_index="0" filename="/var/vcap/data/sys/log/cloud_controller_ng/cloud_controller_ng.log"] {"timestamp":1475179486.2078905,"message":"cc.dispatch","log_level":"debug","source":"cc.api","data":{"request_guid":"67bc754e-2d2a-4659-5eea-2f7c660d1f05::b1dc7f6d-5a0f-4952-814f-672dc5bfffb0","endpoint":"list","args":[]},"thread_id":47062185510360,"fiber_id":47062169423560,"process_id":15535,"file":"/var/vcap/data/packages/cloud_controller_ng/f87cb49aa2cd87792cb9c2211a79e1542502be4d.1-b1a5f3c830cb6c32ae9e685628b24aa967f5ae54/cloud_controller_ng/app/controllers/base/base_controller.rb","lineno":78,"method":"dispatch"}

2016-09-29T20:04:47.129307+00:00 b0fa19c0-86de-4447-a670-3f7adbd0b3c1 - - - [NXLOG@14506 bosh_deployment="cf-warden" bosh_job_name="api_z1" bosh_job_index="0" filename="/var/vcap/data/sys/log/cloud_controller_ng/cloud_controller_ng.log"] {"timestamp":1475179486.2098331,"message":"(0.000856s) SELECT \"apps\".\"guid\", string_agg(\"service_bindings\".\"syslog_drain_url\", ',') AS \"syslog_drain_urls\" FROM \"apps\" INNER JOIN \"service_bindings\" ON (\"service_bindings\".\"app_id\" = \"apps\".\"id\") WHERE ((syslog_drain_url IS NOT NULL) AND (syslog_drain_url != '')) GROUP BY \"apps\".\"guid\" UNION ALL (SELECT \"apps_v3\".\"guid\", string_agg(\"v3_service_bindings\".\"syslog_drain_url\", ',') AS \"syslog_drain_urls\" FROM \"apps_v3\" INNER JOIN \"v3_service_bindings\" ON (\"v3_service_bindings\".\"app_id\" = \"apps_v3\".\"id\") WHERE ((syslog_drain_url IS NOT NULL) AND (syslog_drain_url != '')) GROUP BY \"apps_v3\".\"guid\") ORDER BY \"guid\" LIMIT 1000 OFFSET 0","log_level":"debug2","source":"cc.db","data":{"request_guid":"67bc754e-2d2a-4659-5eea-2f7c660d1f05::b1dc7f6d-5a0f-4952-814f-672dc5bfffb0"},"thread_id":47062185510360,"fiber_id":47062169423560,"process_id":15535,"file":"/var/vcap/packages/cloud_controller_ng/cloud_controller_ng/vendor/bundle/ruby/2.3.0/gems/sequel-4.29.0/lib/sequel/database/logging.rb","lineno":70,"method":"block in log_each"}

2016-09-29T20:04:47.129320+00:00 b0fa19c0-86de-4447-a670-3f7adbd0b3c1 - - - [NXLOG@14506 bosh_deployment="cf-warden" bosh_job_name="api_z1" bosh_job_index="0" filename="/var/vcap/data/sys/log/cloud_controller_ng/cloud_controller_ng.log"] {"timestamp":1475179486.210288,"message":"Completed 200 vcap-request-id: 67bc754e-2d2a-4659-5eea-2f7c660d1f05::b1dc7f6d-5a0f-4952-814f-672dc5bfffb0","log_level":"info","source":"cc.api","data":{},"thread_id":47062185510360,"fiber_id":47062169423560,"process_id":15535,"file":"/var/vcap/packages/cloud_controller_ng/cloud_controller_ng/middleware/request_logs.rb","lineno":24,"method":"call"}

2016-09-29T20:04:47.129330+00:00 b0fa19c0-86de-4447-a670-3f7adbd0b3c1 - - - [NXLOG@14506 bosh_deployment="cf-warden" bosh_job_name="api_z1" bosh_job_index="0" filename="/var/vcap/data/sys/log/cloud_controller_ng/cloud_controller_ng.log"] {"timestamp":1475179486.2104707,"message":"Statsd: cc.requests.outstanding:-1|c\ncc.requests.completed:1|c\ncc.http_status.2XX:1|c","log_level":"debug","source":"statsd.client","data":{},"thread_id":47062185510360,"fiber_id":47062169423560,"process_id":15535,"file":"/var/vcap/packages/cloud_controller_ng/cloud_controller_ng/vendor/bundle/ruby/2.3.0/gems/statsd-ruby-1.2.1/lib/statsd.rb","lineno":254,"method":"send_to_socket"}

2016-09-29T20:04:47.133103+00:00 05bf1627-ae2f-400c-b1ce-31973a9ff23f - - - [NXLOG@14506 bosh_deployment="cf-warden" bosh_job_name="uaa_z1" bosh_job_index="0" filename="/var/vcap/data/sys/log/uaa/uaa.log"] [2016-09-29 20:04:38.823] uaa - 19013 [http-nio-127.0.0.1-8989-exec-7] .... DEBUG --- AntPathRequestMatcher: Checking match of request : '/healthz'; against '/resources/**'

2016-09-29T20:04:47.133146+00:00 05bf1627-ae2f-400c-b1ce-31973a9ff23f - - - [NXLOG@14506 bosh_deployment="cf-warden" bosh_job_name="uaa_z1" bosh_job_index="0" filename="/var/vcap/data/sys/log/uaa/uaa.log"] [2016-09-29 20:04:38.823] uaa - 19013 [http-nio-127.0.0.1-8989-exec-7] .... DEBUG --- AntPathRequestMatcher: Checking match of request : '/healthz'; against '/square-logo.png'

2016-09-29T20:04:47.133157+00:00 05bf1627-ae2f-400c-b1ce-31973a9ff23f - - - [NXLOG@14506 bosh_deployment="cf-warden" bosh_job_name="uaa_z1" bosh_job_index="0" filename="/var/vcap/data/sys/log/uaa/uaa.log"] [2016-09-29 20:04:38.823] uaa - 19013 [http-nio-127.0.0.1-8989-exec-7] .... DEBUG --- AntPathRequestMatcher: Checking match of request : '/healthz'; against '/info'

2016-09-29T20:04:47.133168+00:00 05bf1627-ae2f-400c-b1ce-31973a9ff23f - - - [NXLOG@14506 bosh_deployment="cf-warden" bosh_job_name="uaa_z1" bosh_job_index="0" filename="/var/vcap/data/sys/log/uaa/uaa.log"] [2016-09-29 20:04:38.823] uaa - 19013 [http-nio-127.0.0.1-8989-exec-7] .... DEBUG --- AntPathRequestMatcher: Checking match of request : '/healthz'; against '/password/**'

2016-09-29T20:04:47.133178+00:00 05bf1627-ae2f-400c-b1ce-31973a9ff23f - - - [NXLOG@14506 bosh_deployment="cf-warden" bosh_job_name="uaa_z1" bosh_job_index="0" filename="/var/vcap/data/sys/log/uaa/uaa.log"] [2016-09-29 20:04:38.823] uaa - 19013 [http-nio-127.0.0.1-8989-exec-7] .... DEBUG --- AntPathRequestMatcher: Checking match of request : '/healthz'; against '/healthz/**'

2016-09-29T20:04:47.133204+00:00 05bf1627-ae2f-400c-b1ce-31973a9ff23f - - - [NXLOG@14506 bosh_deployment="cf-warden" bosh_job_name="uaa_z1" bosh_job_index="0" filename="/var/vcap/data/sys/log/uaa/uaa.log"] [2016-09-29 20:04:38.823] uaa - 19013 [http-nio-127.0.0.1-8989-exec-7] .... DEBUG --- FilterChainProxy: /healthz has an empty filter list

2016-09-29T20:04:47.133213+00:00 05bf1627-ae2f-400c-b1ce-31973a9ff23f - - - [NXLOG@14506 bosh_deployment="cf-warden" bosh_job_name="uaa_z1" bosh_job_index="0" filename="/var/vcap/data/sys/log/uaa/uaa.log"] [2016-09-29 20:04:38.823] uaa - 19013 [http-nio-127.0.0.1-8989-exec-7] .... DEBUG --- DispatcherServlet: DispatcherServlet with name 'spring' processing GET request for [/healthz]

2016-09-29T20:04:47.133221+00:00 05bf1627-ae2f-400c-b1ce-31973a9ff23f - - - [NXLOG@14506 bosh_deployment="cf-warden" bosh_job_name="uaa_z1" bosh_job_index="0" filename="/var/vcap/data/sys/log/uaa/uaa.log"] [2016-09-29 20:04:38.823] uaa - 19013 [http-nio-127.0.0.1-8989-exec-7] .... DEBUG --- DispatcherServlet: Last-Modified value for [/healthz] is: -1

2016-09-29T20:04:47.133228+00:00 05bf1627-ae2f-400c-b1ce-31973a9ff23f - - - [NXLOG@14506 bosh_deployment="cf-warden" bosh_job_name="uaa_z1" bosh_job_index="0" filename="/var/vcap/data/sys/log/uaa/uaa.log"] [2016-09-29 20:04:38.823] uaa - 19013 [http-nio-127.0.0.1-8989-exec-7] .... DEBUG --- RequestResponseBodyMethodProcessor: Written [ok

2016-09-29T20:04:47.133260+00:00 05bf1627-ae2f-400c-b1ce-31973a9ff23f - - - [NXLOG@14506 bosh_deployment="cf-warden" bosh_job_name="uaa_z1" bosh_job_index="0" filename="/var/vcap/data/sys/log/uaa/uaa.log"] ] as "text/plain;charset=ISO-8859-1" using [org.springframework.http.converter.StringHttpMessageConverter@178b2baf]

2016-09-29T20:04:47.133270+00:00 05bf1627-ae2f-400c-b1ce-31973a9ff23f - - - [NXLOG@14506 bosh_deployment="cf-warden" bosh_job_name="uaa_z1" bosh_job_index="0" filename="/var/vcap/data/sys/log/uaa/uaa.log"] [2016-09-29 20:04:38.823] uaa - 19013 [http-nio-127.0.0.1-8989-exec-7] .... DEBUG --- DispatcherServlet: Null ModelAndView returned to DispatcherServlet with name 'spring': assuming HandlerAdapter completed request handling

2016-09-29T20:04:47.133277+00:00 05bf1627-ae2f-400c-b1ce-31973a9ff23f - - - [NXLOG@14506 bosh_deployment="cf-warden" bosh_job_name="uaa_z1" bosh_job_index="0" filename="/var/vcap/data/sys/log/uaa/uaa.log"] [2016-09-29 20:04:38.823] uaa - 19013 [http-nio-127.0.0.1-8989-exec-7] .... DEBUG --- DispatcherServlet: Successfully completed request

2016-09-29T20:04:47.133285+00:00 05bf1627-ae2f-400c-b1ce-31973a9ff23f - - - [NXLOG@14506 bosh_deployment="cf-warden" bosh_job_name="uaa_z1" bosh_job_index="0" filename="/var/vcap/data/sys/log/uaa/uaa.log"] [2016-09-29 20:04:40.743] uaa - 19013 [http-nio-127.0.0.1-8989-exec-4] .... DEBUG --- AntPathRequestMatcher: Checking match of request : '/healthz'; against '/resources/**'

2016-09-29T20:04:47.133302+00:00 05bf1627-ae2f-400c-b1ce-31973a9ff23f - - - [NXLOG@14506 bosh_deployment="cf-warden" bosh_job_name="uaa_z1" bosh_job_index="0" filename="/var/vcap/data/sys/log/uaa/uaa.log"] [2016-09-29 20:04:40.743] uaa - 19013 [http-nio-127.0.0.1-8989-exec-4] .... DEBUG --- AntPathRequestMatcher: Checking match of request : '/healthz'; against '/square-logo.png'

2016-09-29T20:04:47.133311+00:00 05bf1627-ae2f-400c-b1ce-31973a9ff23f - - - [NXLOG@14506 bosh_deployment="cf-warden" bosh_job_name="uaa_z1" bosh_job_index="0" filename="/var/vcap/data/sys/log/uaa/uaa.log"] [2016-09-29 20:04:40.743] uaa - 19013 [http-nio-127.0.0.1-8989-exec-4] .... DEBUG --- AntPathRequestMatcher: Checking match of request : '/healthz'; against '/info'

2016-09-29T20:04:47.133318+00:00 05bf1627-ae2f-400c-b1ce-31973a9ff23f - - - [NXLOG@14506 bosh_deployment="cf-warden" bosh_job_name="uaa_z1" bosh_job_index="0" filename="/var/vcap/data/sys/log/uaa/uaa.log"] [2016-09-29 20:04:40.743] uaa - 19013 [http-nio-127.0.0.1-8989-exec-4] .... DEBUG --- AntPathRequestMatcher: Checking match of request : '/healthz'; against '/password/**'

2016-09-29T20:04:47.133337+00:00 05bf1627-ae2f-400c-b1ce-31973a9ff23f - - - [NXLOG@14506 bosh_deployment="cf-warden" bosh_job_name="uaa_z1" bosh_job_index="0" filename="/var/vcap/data/sys/log/uaa/uaa.log"] [2016-09-29 20:04:40.743] uaa - 19013 [http-nio-127.0.0.1-8989-exec-4] .... DEBUG --- AntPathRequestMatcher: Checking match of request : '/healthz'; against '/healthz/**'

2016-09-29T20:04:47.133368+00:00 05bf1627-ae2f-400c-b1ce-31973a9ff23f - - - [NXLOG@14506 bosh_deployment="cf-warden" bosh_job_name="uaa_z1" bosh_job_index="0" filename="/var/vcap/data/sys/log/uaa/uaa.log"] [2016-09-29 20:04:40.743] uaa - 19013 [http-nio-127.0.0.1-8989-exec-4] .... DEBUG --- FilterChainProxy: /healthz has an empty filter list

2016-09-29T20:04:47.133382+00:00 05bf1627-ae2f-400c-b1ce-31973a9ff23f - - - [NXLOG@14506 bosh_deployment="cf-warden" bosh_job_name="uaa_z1" bosh_job_index="0" filename="/var/vcap/data/sys/log/uaa/uaa.log"] [2016-09-29 20:04:40.743] uaa - 19013 [http-nio-127.0.0.1-8989-exec-4] .... DEBUG --- DispatcherServlet: DispatcherServlet with name 'spring' processing GET request for [/healthz]

2016-09-29T20:04:47.133390+00:00 05bf1627-ae2f-400c-b1ce-31973a9ff23f - - - [NXLOG@14506 bosh_deployment="cf-warden" bosh_job_name="uaa_z1" bosh_job_index="0" filename="/var/vcap/data/sys/log/uaa/uaa.log"] [2016-09-29 20:04:40.743] uaa - 19013 [http-nio-127.0.0.1-8989-exec-4] .... DEBUG --- DispatcherServlet: Last-Modified value for [/healthz] is: -1

2016-09-29T20:04:47.133397+00:00 05bf1627-ae2f-400c-b1ce-31973a9ff23f - - - [NXLOG@14506 bosh_deployment="cf-warden" bosh_job_name="uaa_z1" bosh_job_index="0" filename="/var/vcap/data/sys/log/uaa/uaa.log"] [2016-09-29 20:04:40.743] uaa - 19013 [http-nio-127.0.0.1-8989-exec-4] .... DEBUG --- RequestResponseBodyMethodProcessor: Written [ok

2016-09-29T20:04:47.133416+00:00 05bf1627-ae2f-400c-b1ce-31973a9ff23f - - - [NXLOG@14506 bosh_deployment="cf-warden" bosh_job_name="uaa_z1" bosh_job_index="0" filename="/var/vcap/data/sys/log/uaa/uaa.log"] ] as "text/plain;charset=ISO-8859-1" using [org.springframework.http.converter.StringHttpMessageConverter@178b2baf]

2016-09-29T20:04:47.133424+00:00 05bf1627-ae2f-400c-b1ce-31973a9ff23f - - - [NXLOG@14506 bosh_deployment="cf-warden" bosh_job_name="uaa_z1" bosh_job_index="0" filename="/var/vcap/data/sys/log/uaa/uaa.log"] [2016-09-29 20:04:40.743] uaa - 19013 [http-nio-127.0.0.1-8989-exec-4] .... DEBUG --- DispatcherServlet: Null ModelAndView returned to DispatcherServlet with name 'spring': assuming HandlerAdapter completed request handling

2016-09-29T20:04:47.133432+00:00 05bf1627-ae2f-400c-b1ce-31973a9ff23f - - - [NXLOG@14506 bosh_deployment="cf-warden" bosh_job_name="uaa_z1" bosh_job_index="0" filename="/var/vcap/data/sys/log/uaa/uaa.log"] [2016-09-29 20:04:40.743] uaa - 19013 [http-nio-127.0.0.1-8989-exec-4] .... DEBUG --- DispatcherServlet: Successfully completed request

2016-09-29T20:04:47.133439+00:00 05bf1627-ae2f-400c-b1ce-31973a9ff23f - - - [NXLOG@14506 bosh_deployment="cf-warden" bosh_job_name="uaa_z1" bosh_job_index="0" filename="/var/vcap/data/sys/log/uaa/uaa.log"] [2016-09-29 20:04:41.159] uaa - 19013 [pool-2-thread-1] .... DEBUG --- JdbcTemplate: Executing SQL query [select count(*) from oauth_client_details]

2016-09-29T20:04:56.987539+00:00 fc52b791-0068-48d0-b63d-a9600b8fa32e - - - [NXLOG@14506 bosh_deployment="cf-warden" bosh_job_name="runner_z1" bosh_job_index="0" filename="/var/vcap/data/sys/log/dea_next/dea_next.log"] {"timestamp":1475179491.7945757,"message":"hm9000.heartbeat.accepted","log_level":"debug","source":"Dea::Bootstrap","data":{},"thread_id":47241050155580,"fiber_id":47241050513920,"process_id":6941,"file":"/var/vcap/packages/dea_next/lib/dea/utils/hm9000.rb","lineno":49,"method":"handle_http_response"}

2016-09-29T20:04:57.124536+00:00 f0562343-642f-42d4-aca5-293abe675815 - - - [NXLOG@14506 bosh_deployment="cf-warden" bosh_job_name="blobstore_z1" bosh_job_index="0" filename="/var/vcap/data/sys/log/route_registrar/route_registrar.stdout.log"] {"timestamp":"1475179488.513203382","source":"Route Registrar","message":"Route Registrar.no healthchecker found for route","log_level":1,"data":{"route":{"Name":"blobstore","Port":80,"Tags":{"component":"blobstore"},"URIs":["blobstore.bosh-lite.com"],"RouteServiceUrl":"","RegistrationInterval":20000000000,"HealthCheck":null}}}

2016-09-29T20:04:57.124790+00:00 f0562343-642f-42d4-aca5-293abe675815 - - - [NXLOG@14506 bosh_deployment="cf-warden" bosh_job_name="blobstore_z1" bosh_job_index="0" filename="/var/vcap/data/sys/log/route_registrar/route_registrar.stdout.log"] {"timestamp":"1475179488.513234138","source":"Route Registrar","message":"Route Registrar.Registering route","log_level":1,"data":{"route":{"Name":"blobstore","Port":80,"Tags":{"component":"blobstore"},"URIs":["blobstore.bosh-lite.com"],"RouteServiceUrl":"","RegistrationInterval":20000000000,"HealthCheck":null}}}

2016-09-29T20:04:57.125015+00:00 f0562343-642f-42d4-aca5-293abe675815 - - - [NXLOG@14506 bosh_deployment="cf-warden" bosh_job_name="blobstore_z1" bosh_job_index="0" filename="/var/vcap/data/sys/log/route_registrar/route_registrar.stdout.log"] {"timestamp":"1475179488.513386726","source":"Route Registrar","message":"Route Registrar.Registered routes successfully","log_level":1,"data":{}}

2016-09-29T20:04:57.127401+00:00 05bf1627-ae2f-400c-b1ce-31973a9ff23f - - - [NXLOG@14506 bosh_deployment="cf-warden" bosh_job_name="uaa_z1" bosh_job_index="0" filename="/var/vcap/data/sys/log/uaa/localhost_access.log"] 127.0.0.1 - - [29/Sep/2016:20:04:38 +0000] "GET /healthz HTTP/1.1" 200 3

2016-09-29T20:04:57.127532+00:00 05bf1627-ae2f-400c-b1ce-31973a9ff23f - - - [NXLOG@14506 bosh_deployment="cf-warden" bosh_job_name="uaa_z1" bosh_job_index="0" filename="/var/vcap/data/sys/log/uaa/localhost_access.log"] 127.0.0.1 - - [29/Sep/2016:20:04:40 +0000] "GET /healthz HTTP/1.1" 200 3

2016-09-29T20:04:57.127924+00:00 152ab062-1f32-4789-910a-13bdc79651b2 - - - [NXLOG@14506 bosh_deployment="cf-warden" bosh_job_name="hm9000_z1" bosh_job_index="0" filename="/var/vcap/data/sys/log/hm9000/hm9000_listener.log"] {"timestamp":"1475179491.793676376","source":"listener","message":"listener.Received a heartbeat","log_level":1,"data":{"Heartbeats Pending Save":"1"}}

2016-09-29T20:04:57.128033+00:00 152ab062-1f32-4789-910a-13bdc79651b2 - - - [NXLOG@14506 bosh_deployment="cf-warden" bosh_job_name="hm9000_z1" bosh_job_index="0" filename="/var/vcap/data/sys/log/hm9000/hm9000_listener.log"] {"timestamp":"1475179491.815822840","source":"listener","message":"listener.Saving Heartbeats","log_level":1,"data":{"Heartbeats to Save":"1"}}

2016-09-29T20:04:57.128120+00:00 152ab062-1f32-4789-910a-13bdc79651b2 - - - [NXLOG@14506 bosh_deployment="cf-warden" bosh_job_name="hm9000_z1" bosh_job_index="0" filename="/var/vcap/data/sys/log/hm9000/hm9000_listener.log"] {"timestamp":"1475179491.823460579","source":"listener","message":"listener.Bumped freshness","log_level":1,"data":{}}

2016-09-29T20:04:57.128200+00:00 152ab062-1f32-4789-910a-13bdc79651b2 - - - [NXLOG@14506 bosh_deployment="cf-warden" bosh_job_name="hm9000_z1" bosh_job_index="0" filename="/var/vcap/data/sys/log/hm9000/hm9000_listener.log"] {"timestamp":"1475179491.823512316","source":"listener","message":"listener.Saved Heartbeats","log_level":1,"data":{"Duration":"7.636069ms","Heartbeats to Save":"1"}}

2016-09-29T20:04:57.128058+00:00 05bf1627-ae2f-400c-b1ce-31973a9ff23f - - - [NXLOG@14506 bosh_deployment="cf-warden" bosh_job_name="uaa_z1" bosh_job_index="0" filename="/var/vcap/data/sys/log/uaa/localhost_access.log"] 127.0.0.1 - - [29/Sep/2016:20:04:42 +0000] "GET /healthz HTTP/1.1" 200 3

2016-09-29T20:04:57.128170+00:00 05bf1627-ae2f-400c-b1ce-31973a9ff23f - - - [NXLOG@14506 bosh_deployment="cf-warden" bosh_job_name="uaa_z1" bosh_job_index="0" filename="/var/vcap/data/sys/log/uaa/localhost_access.log"] 127.0.0.1 - - [29/Sep/2016:20:04:46 +0000] "GET /healthz HTTP/1.1" 200 3

2016-09-29T20:04:57.128231+00:00 05bf1627-ae2f-400c-b1ce-31973a9ff23f - - - [NXLOG@14506 bosh_deployment="cf-warden" bosh_job_name="uaa_z1" bosh_job_index="0" filename="/var/vcap/data/sys/log/route_registrar/route_registrar.stdout.log"] {"timestamp":"1475179490.808181286","source":"Route Registrar","message":"Route Registrar.Executing script","log_level":1,"data":{"scriptPath":"/var/vcap/jobs/uaa/bin/health_check"}}

2016-09-29T20:04:57.128289+00:00 05bf1627-ae2f-400c-b1ce-31973a9ff23f - - - [NXLOG@14506 bosh_deployment="cf-warden" bosh_job_name="uaa_z1" bosh_job_index="0" filename="/var/vcap/data/sys/log/route_registrar/route_registrar.stdout.log"] {"timestamp":"1475179490.821416140","source":"Route Registrar","message":"Route Registrar.Script exited without error","log_level":1,"data":{"script":"/var/vcap/jobs/uaa/bin/health_check","stderr":"  % Total    % Received % Xferd  Average Speed   Time    Time     Time  Current\n                                 Dload  Upload   Total   Spent    Left  Speed\n\r  0     0    0     0    0     0      0      0 --:--:-- --:--:-- --:--:--     0\r100     3  100     3    0     0   3370      0 --:--:-- --:--:-- --:--:--  3000\n","stdout":""}}

2016-09-29T20:04:57.128369+00:00 05bf1627-ae2f-400c-b1ce-31973a9ff23f - - - [NXLOG@14506 bosh_deployment="cf-warden" bosh_job_name="uaa_z1" bosh_job_index="0" filename="/var/vcap/data/sys/log/route_registrar/route_registrar.stdout.log"] {"timestamp":"1475179490.821507215","source":"Route Registrar","message":"Route Registrar.healthchecker returned healthy for route","log_level":1,"data":{"route":{"Name":"uaa","Port":8080,"Tags":{"component":"uaa"},"URIs":["uaa.bosh-lite.com","*.uaa.bosh-lite.com","login.bosh-lite.com","*.login.bosh-lite.com"],"RouteServiceUrl":"","RegistrationInterval":4000000000,"HealthCheck":{"Name":"uaa-healthcheck","ScriptPath":"/var/vcap/jobs/uaa/bin/health_check","Timeout":2000000000}}}}

2016-09-29T20:04:57.128420+00:00 05bf1627-ae2f-400c-b1ce-31973a9ff23f - - - [NXLOG@14506 bosh_deployment="cf-warden" bosh_job_name="uaa_z1" bosh_job_index="0" filename="/var/vcap/data/sys/log/route_registrar/route_registrar.stdout.log"] {"timestamp":"1475179490.821543217","source":"Route Registrar","message":"Route Registrar.Registering route","log_level":1,"data":{"route":{"Name":"uaa","Port":8080,"Tags":{"component":"uaa"},"URIs":["uaa.bosh-lite.com","*.uaa.bosh-lite.com","login.bosh-lite.com","*.login.bosh-lite.com"],"RouteServiceUrl":"","RegistrationInterval":4000000000,"HealthCheck":{"Name":"uaa-healthcheck","ScriptPath":"/var/vcap/jobs/uaa/bin/health_check","Timeout":2000000000}}}}

2016-09-29T20:04:57.128470+00:00 05bf1627-ae2f-400c-b1ce-31973a9ff23f - - - [NXLOG@14506 bosh_deployment="cf-warden" bosh_job_name="uaa_z1" bosh_job_index="0" filename="/var/vcap/data/sys/log/route_registrar/route_registrar.stdout.log"] {"timestamp":"1475179490.821614504","source":"Route Registrar","message":"Route Registrar.Registered routes successfully","log_level":1,"data":{}}

2016-09-29T20:04:57.128816+00:00 05bf1627-ae2f-400c-b1ce-31973a9ff23f - - - [NXLOG@14506 bosh_deployment="cf-warden" bosh_job_name="uaa_z1" bosh_job_index="0" filename="/var/vcap/data/sys/log/route_registrar/route_registrar.stdout.log"] {"timestamp":"1475179494.808345556","source":"Route Registrar","message":"Route Registrar.Executing script","log_level":1,"data":{"scriptPath":"/var/vcap/jobs/uaa/bin/health_check"}}

2016-09-29T20:04:57.128906+00:00 b0fa19c0-86de-4447-a670-3f7adbd0b3c1 - - - [NXLOG@14506 bosh_deployment="cf-warden" bosh_job_name="api_z1" bosh_job_index="0" filename="/var/vcap/data/sys/log/cloud_controller_worker/cloud_controller_worker.log"] {"timestamp":1475179487.6550565,"message":"(0.001208s) SELECT * FROM \"delayed_jobs\" WHERE ((((\"run_at\" <= '2016-09-29 20:04:47.653502+0000') AND (\"locked_at\" IS NULL)) OR (\"locked_by\" = 'cc_global_worker.api_z1.0.1')) AND (\"failed_at\" IS NULL) AND (\"queue\" IN ('cc-generic'))) ORDER BY \"priority\" ASC, \"run_at\" ASC LIMIT 5","log_level":"debug2","source":"cc.background","data":{},"thread_id":47193737007380,"fiber_id":47193773841900,"process_id":15807,"file":"/var/vcap/packages/cloud_controller_ng/cloud_controller_ng/vendor/bundle/ruby/2.3.0/gems/sequel-4.29.0/lib/sequel/database/logging.rb","lineno":70,"method":"block in log_each"}

2016-09-29T20:04:57.129056+00:00 b0fa19c0-86de-4447-a670-3f7adbd0b3c1 - - - [NXLOG@14506 bosh_deployment="cf-warden" bosh_job_name="api_z1" bosh_job_index="0" filename="/var/vcap/data/sys/log/cloud_controller_worker/cloud_controller_worker.log"] {"timestamp":1475179492.6736221,"message":"(0.000605s) SELECT * FROM \"delayed_jobs\" WHERE ((((\"run_at\" <= '2016-09-29 20:04:52.672519+0000') AND (\"locked_at\" IS NULL)) OR (\"locked_by\" = 'cc_global_worker.api_z1.0.1')) AND (\"failed_at\" IS NULL) AND (\"queue\" IN ('cc-generic'))) ORDER BY \"priority\" ASC, \"run_at\" ASC LIMIT 5","log_level":"debug2","source":"cc.background","data":{},"thread_id":47193737007380,"fiber_id":47193773841900,"process_id":15807,"file":"/var/vcap/packages/cloud_controller_ng/cloud_controller_ng/vendor/bundle/ruby/2.3.0/gems/sequel-4.29.0/lib/sequel/database/logging.rb","lineno":70,"method":"block in log_each"}

2016-09-29T20:04:57.129173+00:00 b0fa19c0-86de-4447-a670-3f7adbd0b3c1 - - - [NXLOG@14506 bosh_deployment="cf-warden" bosh_job_name="api_z1" bosh_job_index="0" filename="/var/vcap/data/sys/log/nginx_cc/nginx.access.log"] 10.244.0.138 - [29/Sep/2016:20:04:47 +0000] "GET /v2/info HTTP/1.1" 200 802 "-" "monit/5.2.5" 10.244.0.138 vcap_request_id:4dcef0d3-bb7c-4025-bc72-de73c145d734 response_time:0.003

2016-09-29T20:04:57.129369+00:00 b0fa19c0-86de-4447-a670-3f7adbd0b3c1 - - - [NXLOG@14506 bosh_deployment="cf-warden" bosh_job_name="api_z1" bosh_job_index="0" filename="/var/vcap/data/sys/log/cloud_controller_ng/cloud_controller_ng.log"] {"timestamp":1475179487.2780924,"message":"Statsd: cc.requests.outstanding:1|c","log_level":"debug","source":"statsd.client","data":{},"thread_id":47062185509880,"fiber_id":47062155394860,"process_id":15535,"file":"/var/vcap/packages/cloud_controller_ng/cloud_controller_ng/vendor/bundle/ruby/2.3.0/gems/statsd-ruby-1.2.1/lib/statsd.rb","lineno":254,"method":"send_to_socket"}

2016-09-29T20:04:57.129529+00:00 b0fa19c0-86de-4447-a670-3f7adbd0b3c1 - - - [NXLOG@14506 bosh_deployment="cf-warden" bosh_job_name="api_z1" bosh_job_index="0" filename="/var/vcap/data/sys/log/cloud_controller_ng/cloud_controller_ng.log"] {"timestamp":1475179487.2785687,"message":"Started GET \"/v2/info\" for user: , ip: 127.0.0.1 with vcap-request-id: 4dcef0d3-bb7c-4025-bc72-de73c145d734 at 2016-09-29 20:04:47 UTC","log_level":"info","source":"cc.api","data":{},"thread_id":47062185509880,"fiber_id":47062155394860,"process_id":15535,"file":"/var/vcap/packages/cloud_controller_ng/cloud_controller_ng/middleware/request_logs.rb","lineno":12,"method":"call"}

2016-09-29T20:04:57.129777+00:00 b0fa19c0-86de-4447-a670-3f7adbd0b3c1 - - - [NXLOG@14506 bosh_deployment="cf-warden" bosh_job_name="api_z1" bosh_job_index="0" filename="/var/vcap/data/sys/log/cloud_controller_ng/cloud_controller_ng.log"] {"timestamp":1475179487.27927,"message":"dispatch VCAP::CloudController::InfoController get /v2/info","log_level":"debug","source":"cc.api","data":{"request_guid":"4dcef0d3-bb7c-4025-bc72-de73c145d734"},"thread_id":47062185509880,"fiber_id":47062155394860,"process_id":15535,"file":"/var/vcap/data/packages/cloud_controller_ng/f87cb49aa2cd87792cb9c2211a79e1542502be4d.1-b1a5f3c830cb6c32ae9e685628b24aa967f5ae54/cloud_controller_ng/lib/cloud_controller/rest_controller/routes.rb","lineno":12,"method":"block in define_route"}

2016-09-29T20:04:57.129801+00:00 b0fa19c0-86de-4447-a670-3f7adbd0b3c1 - - - [NXLOG@14506 bosh_deployment="cf-warden" bosh_job_name="api_z1" bosh_job_index="0" filename="/var/vcap/data/sys/log/cloud_controller_ng/cloud_controller_ng.log"] {"timestamp":1475179487.2794414,"message":"parse_params: {} ","log_level":"debug","source":"cc.api","data":{"request_guid":"4dcef0d3-bb7c-4025-bc72-de73c145d734"},"thread_id":47062185509880,"fiber_id":47062155394860,"process_id":15535,"file":"/var/vcap/data/packages/cloud_controller_ng/f87cb49aa2cd87792cb9c2211a79e1542502be4d.1-b1a5f3c830cb6c32ae9e685628b24aa967f5ae54/cloud_controller_ng/lib/cloud_controller/rest_controller/common_params.rb","lineno":10,"method":"parse"}

2016-09-29T20:04:57.129843+00:00 b0fa19c0-86de-4447-a670-3f7adbd0b3c1 - - - [NXLOG@14506 bosh_deployment="cf-warden" bosh_job_name="api_z1" bosh_job_index="0" filename="/var/vcap/data/sys/log/cloud_controller_ng/cloud_controller_ng.log"] {"timestamp":1475179487.2796443,"message":"cc.dispatch","log_level":"debug","source":"cc.api","data":{"request_guid":"4dcef0d3-bb7c-4025-bc72-de73c145d734","endpoint":"read","args":[]},"thread_id":47062185509880,"fiber_id":47062155394860,"process_id":15535,"file":"/var/vcap/data/packages/cloud_controller_ng/f87cb49aa2cd87792cb9c2211a79e1542502be4d.1-b1a5f3c830cb6c32ae9e685628b24aa967f5ae54/cloud_controller_ng/app/controllers/base/base_controller.rb","lineno":78,"method":"dispatch"}

2016-09-29T20:04:57.129335+00:00 05bf1627-ae2f-400c-b1ce-31973a9ff23f - - - [NXLOG@14506 bosh_deployment="cf-warden" bosh_job_name="uaa_z1" bosh_job_index="0" filename="/var/vcap/data/sys/log/route_registrar/route_registrar.stdout.log"] {"timestamp":"1475179494.818481445","source":"Route Registrar","message":"Route Registrar.Script exited without error","log_level":1,"data":{"script":"/var/vcap/jobs/uaa/bin/health_check","stderr":"  % Total    % Received % Xferd  Average Speed   Time    Time     Time  Current\n                                 Dload  Upload   Total   Spent    Left  Speed\n\r  0     0    0     0    0     0      0      0 --:--:-- --:--:-- --:--:--     0\r100     3  100     3    0     0   3571      0 --:--:-- --:--:-- --:--:--  3000\n","stdout":""}}

2016-09-29T20:04:57.129597+00:00 05bf1627-ae2f-400c-b1ce-31973a9ff23f - - - [NXLOG@14506 bosh_deployment="cf-warden" bosh_job_name="uaa_z1" bosh_job_index="0" filename="/var/vcap/data/sys/log/route_registrar/route_registrar.stdout.log"] {"timestamp":"1475179494.818564415","source":"Route Registrar","message":"Route Registrar.healthchecker returned healthy for route","log_level":1,"data":{"route":{"Name":"uaa","Port":8080,"Tags":{"component":"uaa"},"URIs":["uaa.bosh-lite.com","*.uaa.bosh-lite.com","login.bosh-lite.com","*.login.bosh-lite.com"],"RouteServiceUrl":"","RegistrationInterval":4000000000,"HealthCheck":{"Name":"uaa-healthcheck","ScriptPath":"/var/vcap/jobs/uaa/bin/health_check","Timeout":2000000000}}}}

2016-09-29T20:04:57.129667+00:00 05bf1627-ae2f-400c-b1ce-31973a9ff23f - - - [NXLOG@14506 bosh_deployment="cf-warden" bosh_job_name="uaa_z1" bosh_job_index="0" filename="/var/vcap/data/sys/log/route_registrar/route_registrar.stdout.log"] {"timestamp":"1475179494.818588972","source":"Route Registrar","message":"Route Registrar.Registering route","log_level":1,"data":{"route":{"Name":"uaa","Port":8080,"Tags":{"component":"uaa"},"URIs":["uaa.bosh-lite.com","*.uaa.bosh-lite.com","login.bosh-lite.com","*.login.bosh-lite.com"],"RouteServiceUrl":"","RegistrationInterval":4000000000,"HealthCheck":{"Name":"uaa-healthcheck","ScriptPath":"/var/vcap/jobs/uaa/bin/health_check","Timeout":2000000000}}}}

2016-09-29T20:04:57.129717+00:00 05bf1627-ae2f-400c-b1ce-31973a9ff23f - - - [NXLOG@14506 bosh_deployment="cf-warden" bosh_job_name="uaa_z1" bosh_job_index="0" filename="/var/vcap/data/sys/log/route_registrar/route_registrar.stdout.log"] {"timestamp":"1475179494.818661213","source":"Route Registrar","message":"Route Registrar.Registered routes successfully","log_level":1,"data":{}}

2016-09-29T20:04:57.129768+00:00 05bf1627-ae2f-400c-b1ce-31973a9ff23f - - - [NXLOG@14506 bosh_deployment="cf-warden" bosh_job_name="uaa_z1" bosh_job_index="0" filename="/var/vcap/data/sys/log/uaa/uaa.log"] [2016-09-29 20:04:50.746] uaa - 19013 [http-nio-127.0.0.1-8989-exec-5] .... DEBUG --- AntPathRequestMatcher: Checking match of request : '/healthz'; against '/resources/**'

2016-09-29T20:04:57.129833+00:00 05bf1627-ae2f-400c-b1ce-31973a9ff23f - - - [NXLOG@14506 bosh_deployment="cf-warden" bosh_job_name="uaa_z1" bosh_job_index="0" filename="/var/vcap/data/sys/log/uaa/uaa.log"] [2016-09-29 20:04:50.746] uaa - 19013 [http-nio-127.0.0.1-8989-exec-5] .... DEBUG --- AntPathRequestMatcher: Checking match of request : '/healthz'; against '/square-logo.png'

2016-09-29T20:04:57.129934+00:00 05bf1627-ae2f-400c-b1ce-31973a9ff23f - - - [NXLOG@14506 bosh_deployment="cf-warden" bosh_job_name="uaa_z1" bosh_job_index="0" filename="/var/vcap/data/sys/log/uaa/uaa.log"] [2016-09-29 20:04:50.746] uaa - 19013 [http-nio-127.0.0.1-8989-exec-5] .... DEBUG --- AntPathRequestMatcher: Checking match of request : '/healthz'; against '/info'

2016-09-29T20:04:57.129986+00:00 05bf1627-ae2f-400c-b1ce-31973a9ff23f - - - [NXLOG@14506 bosh_deployment="cf-warden" bosh_job_name="uaa_z1" bosh_job_index="0" filename="/var/vcap/data/sys/log/uaa/uaa.log"] [2016-09-29 20:04:50.746] uaa - 19013 [http-nio-127.0.0.1-8989-exec-5] .... DEBUG --- AntPathRequestMatcher: Checking match of request : '/healthz'; against '/password/**'

2016-09-29T20:04:57.130484+00:00 05bf1627-ae2f-400c-b1ce-31973a9ff23f - - - [NXLOG@14506 bosh_deployment="cf-warden" bosh_job_name="uaa_z1" bosh_job_index="0" filename="/var/vcap/data/sys/log/uaa/uaa.log"] [2016-09-29 20:04:50.746] uaa - 19013 [http-nio-127.0.0.1-8989-exec-5] .... DEBUG --- AntPathRequestMatcher: Checking match of request : '/healthz'; against '/healthz/**'

2016-09-29T20:04:57.130625+00:00 05bf1627-ae2f-400c-b1ce-31973a9ff23f - - - [NXLOG@14506 bosh_deployment="cf-warden" bosh_job_name="uaa_z1" bosh_job_index="0" filename="/var/vcap/data/sys/log/uaa/uaa.log"] [2016-09-29 20:04:50.746] uaa - 19013 [http-nio-127.0.0.1-8989-exec-5] .... DEBUG --- FilterChainProxy: /healthz has an empty filter list

2016-09-29T20:04:57.130667+00:00 05bf1627-ae2f-400c-b1ce-31973a9ff23f - - - [NXLOG@14506 bosh_deployment="cf-warden" bosh_job_name="uaa_z1" bosh_job_index="0" filename="/var/vcap/data/sys/log/uaa/uaa.log"] [2016-09-29 20:04:50.746] uaa - 19013 [http-nio-127.0.0.1-8989-exec-5] .... DEBUG --- DispatcherServlet: DispatcherServlet with name 'spring' processing GET request for [/healthz]

2016-09-29T20:04:57.130737+00:00 05bf1627-ae2f-400c-b1ce-31973a9ff23f - - - [NXLOG@14506 bosh_deployment="cf-warden" bosh_job_name="uaa_z1" bosh_job_index="0" filename="/var/vcap/data/sys/log/uaa/uaa.log"] [2016-09-29 20:04:50.746] uaa - 19013 [http-nio-127.0.0.1-8989-exec-5] .... DEBUG --- DispatcherServlet: Last-Modified value for [/healthz] is: -1

2016-09-29T20:04:57.130776+00:00 05bf1627-ae2f-400c-b1ce-31973a9ff23f - - - [NXLOG@14506 bosh_deployment="cf-warden" bosh_job_name="uaa_z1" bosh_job_index="0" filename="/var/vcap/data/sys/log/uaa/uaa.log"] [2016-09-29 20:04:50.747] uaa - 19013 [http-nio-127.0.0.1-8989-exec-5] .... DEBUG --- RequestResponseBodyMethodProcessor: Written [ok

2016-09-29T20:04:57.130807+00:00 05bf1627-ae2f-400c-b1ce-31973a9ff23f - - - [NXLOG@14506 bosh_deployment="cf-warden" bosh_job_name="uaa_z1" bosh_job_index="0" filename="/var/vcap/data/sys/log/uaa/uaa.log"] ] as "text/plain;charset=ISO-8859-1" using [org.springframework.http.converter.StringHttpMessageConverter@178b2baf]

2016-09-29T20:04:57.130866+00:00 05bf1627-ae2f-400c-b1ce-31973a9ff23f - - - [NXLOG@14506 bosh_deployment="cf-warden" bosh_job_name="uaa_z1" bosh_job_index="0" filename="/var/vcap/data/sys/log/uaa/uaa.log"] [2016-09-29 20:04:50.747] uaa - 19013 [http-nio-127.0.0.1-8989-exec-5] .... DEBUG --- DispatcherServlet: Null ModelAndView returned to DispatcherServlet with name 'spring': assuming HandlerAdapter completed request handling

2016-09-29T20:04:57.130896+00:00 05bf1627-ae2f-400c-b1ce-31973a9ff23f - - - [NXLOG@14506 bosh_deployment="cf-warden" bosh_job_name="uaa_z1" bosh_job_index="0" filename="/var/vcap/data/sys/log/uaa/uaa.log"] [2016-09-29 20:04:50.747] uaa - 19013 [http-nio-127.0.0.1-8989-exec-5] .... DEBUG --- DispatcherServlet: Successfully completed request

2016-09-29T20:04:57.130925+00:00 05bf1627-ae2f-400c-b1ce-31973a9ff23f - - - [NXLOG@14506 bosh_deployment="cf-warden" bosh_job_name="uaa_z1" bosh_job_index="0" filename="/var/vcap/data/sys/log/uaa/uaa.log"] [2016-09-29 20:04:50.819] uaa - 19013 [http-nio-127.0.0.1-8989-exec-6] .... DEBUG --- AntPathRequestMatcher: Checking match of request : '/healthz'; against '/resources/**'

2016-09-29T20:04:57.130983+00:00 05bf1627-ae2f-400c-b1ce-31973a9ff23f - - - [NXLOG@14506 bosh_deployment="cf-warden" bosh_job_name="uaa_z1" bosh_job_index="0" filename="/var/vcap/data/sys/log/uaa/uaa.log"] [2016-09-29 20:04:50.819] uaa - 19013 [http-nio-127.0.0.1-8989-exec-6] .... DEBUG --- AntPathRequestMatcher: Checking match of request : '/healthz'; against '/square-logo.png'

2016-09-29T20:04:57.130171+00:00 b0fa19c0-86de-4447-a670-3f7adbd0b3c1 - - - [NXLOG@14506 bosh_deployment="cf-warden" bosh_job_name="api_z1" bosh_job_index="0" filename="/var/vcap/data/sys/log/cloud_controller_ng/cloud_controller_ng.log"] {"timestamp":1475179487.2798545,"message":"Completed 200 vcap-request-id: 4dcef0d3-bb7c-4025-bc72-de73c145d734","log_level":"info","source":"cc.api","data":{},"thread_id":47062185509880,"fiber_id":47062155394860,"process_id":15535,"file":"/var/vcap/packages/cloud_controller_ng/cloud_controller_ng/middleware/request_logs.rb","lineno":24,"method":"call"}

2016-09-29T20:04:57.130340+00:00 b0fa19c0-86de-4447-a670-3f7adbd0b3c1 - - - [NXLOG@14506 bosh_deployment="cf-warden" bosh_job_name="api_z1" bosh_job_index="0" filename="/var/vcap/data/sys/log/cloud_controller_ng/cloud_controller_ng.log"] {"timestamp":1475179487.2800531,"message":"Statsd: cc.requests.outstanding:-1|c\ncc.requests.completed:1|c\ncc.http_status.2XX:1|c","log_level":"debug","source":"statsd.client","data":{},"thread_id":47062185509880,"fiber_id":47062155394860,"process_id":15535,"file":"/var/vcap/packages/cloud_controller_ng/cloud_controller_ng/vendor/bundle/ruby/2.3.0/gems/statsd-ruby-1.2.1/lib/statsd.rb","lineno":254,"method":"send_to_socket"}

2016-09-29T20:04:57.130405+00:00 b0fa19c0-86de-4447-a670-3f7adbd0b3c1 - - - [NXLOG@14506 bosh_deployment="cf-warden" bosh_job_name="api_z1" bosh_job_index="0" filename="/var/vcap/data/sys/log/cloud_controller_ng/cloud_controller_ng.log"] {"timestamp":1475179487.611047,"message":"(0.000570s) SELECT * FROM \"delayed_jobs\" WHERE ((((\"run_at\" <= '2016-09-29 20:04:47.608663+0000') AND (\"locked_at\" IS NULL)) OR (\"locked_by\" = 'cc_api_worker.api_z1.0.2')) AND (\"failed_at\" IS NULL) AND (\"queue\" IN ('cc-api_z1-0'))) ORDER BY \"priority\" ASC, \"run_at\" ASC LIMIT 5","log_level":"debug2","source":"cc.background","data":{},"thread_id":47118928261380,"fiber_id":47118965175380,"process_id":15629,"file":"/var/vcap/packages/cloud_controller_ng/cloud_controller_ng/vendor/bundle/ruby/2.3.0/gems/sequel-4.29.0/lib/sequel/database/logging.rb","lineno":70,"method":"block in log_each"}

2016-09-29T20:04:57.130500+00:00 b0fa19c0-86de-4447-a670-3f7adbd0b3c1 - - - [NXLOG@14506 bosh_deployment="cf-warden" bosh_job_name="api_z1" bosh_job_index="0" filename="/var/vcap/data/sys/log/cloud_controller_ng/cloud_controller_ng.log"] {"timestamp":1475179488.9181058,"message":"(0.000575s) SELECT * FROM \"delayed_jobs\" WHERE ((((\"run_at\" <= '2016-09-29 20:04:48.916428+0000') AND (\"locked_at\" IS NULL)) OR (\"locked_by\" = 'cc_api_worker.api_z1.0.1')) AND (\"failed_at\" IS NULL) AND (\"queue\" IN ('cc-api_z1-0'))) ORDER BY \"priority\" ASC, \"run_at\" ASC LIMIT 5","log_level":"debug2","source":"cc.background","data":{},"thread_id":47452862460180,"fiber_id":47452899698480,"process_id":15587,"file":"/var/vcap/packages/cloud_controller_ng/cloud_controller_ng/vendor/bundle/ruby/2.3.0/gems/sequel-4.29.0/lib/sequel/database/logging.rb","lineno":70,"method":"block in log_each"}

2016-09-29T20:04:57.130569+00:00 b0fa19c0-86de-4447-a670-3f7adbd0b3c1 - - - [NXLOG@14506 bosh_deployment="cf-warden" bosh_job_name="api_z1" bosh_job_index="0" filename="/var/vcap/data/sys/log/cloud_controller_ng/cloud_controller_ng.log"] {"timestamp":1475179492.6307838,"message":"(0.000669s) SELECT * FROM \"delayed_jobs\" WHERE ((((\"run_at\" <= '2016-09-29 20:04:52.629625+0000') AND (\"locked_at\" IS NULL)) OR (\"locked_by\" = 'cc_api_worker.api_z1.0.2')) AND (\"failed_at\" IS NULL) AND (\"queue\" IN ('cc-api_z1-0'))) ORDER BY \"priority\" ASC, \"run_at\" ASC LIMIT 5","log_level":"debug2","source":"cc.background","data":{},"thread_id":47118928261380,"fiber_id":47118965175380,"process_id":15629,"file":"/var/vcap/packages/cloud_controller_ng/cloud_controller_ng/vendor/bundle/ruby/2.3.0/gems/sequel-4.29.0/lib/sequel/database/logging.rb","lineno":70,"method":"block in log_each"}

2016-09-29T20:04:57.130632+00:00 b0fa19c0-86de-4447-a670-3f7adbd0b3c1 - - - [NXLOG@14506 bosh_deployment="cf-warden" bosh_job_name="api_z1" bosh_job_index="0" filename="/var/vcap/data/sys/log/cloud_controller_ng/cloud_controller_ng.log"] {"timestamp":1475179493.9381542,"message":"(0.000515s) SELECT * FROM \"delayed_jobs\" WHERE ((((\"run_at\" <= '2016-09-29 20:04:53.935664+0000') AND (\"locked_at\" IS NULL)) OR (\"locked_by\" = 'cc_api_worker.api_z1.0.1')) AND (\"failed_at\" IS NULL) AND (\"queue\" IN ('cc-api_z1-0'))) ORDER BY \"priority\" ASC, \"run_at\" ASC LIMIT 5","log_level":"debug2","source":"cc.background","data":{},"thread_id":47452862460180,"fiber_id":47452899698480,"process_id":15587,"file":"/var/vcap/packages/cloud_controller_ng/cloud_controller_ng/vendor/bundle/ruby/2.3.0/gems/sequel-4.29.0/lib/sequel/database/logging.rb","lineno":70,"method":"block in log_each"}

2016-09-29T20:04:57.131015+00:00 05bf1627-ae2f-400c-b1ce-31973a9ff23f - - - [NXLOG@14506 bosh_deployment="cf-warden" bosh_job_name="uaa_z1" bosh_job_index="0" filename="/var/vcap/data/sys/log/uaa/uaa.log"] [2016-09-29 20:04:50.819] uaa - 19013 [http-nio-127.0.0.1-8989-exec-6] .... DEBUG --- AntPathRequestMatcher: Checking match of request : '/healthz'; against '/info'

2016-09-29T20:04:57.131045+00:00 05bf1627-ae2f-400c-b1ce-31973a9ff23f - - - [NXLOG@14506 bosh_deployment="cf-warden" bosh_job_name="uaa_z1" bosh_job_index="0" filename="/var/vcap/data/sys/log/uaa/uaa.log"] [2016-09-29 20:04:50.819] uaa - 19013 [http-nio-127.0.0.1-8989-exec-6] .... DEBUG --- AntPathRequestMatcher: Checking match of request : '/healthz'; against '/password/**'

2016-09-29T20:04:57.131074+00:00 05bf1627-ae2f-400c-b1ce-31973a9ff23f - - - [NXLOG@14506 bosh_deployment="cf-warden" bosh_job_name="uaa_z1" bosh_job_index="0" filename="/var/vcap/data/sys/log/uaa/uaa.log"] [2016-09-29 20:04:50.819] uaa - 19013 [http-nio-127.0.0.1-8989-exec-6] .... DEBUG --- AntPathRequestMatcher: Checking match of request : '/healthz'; against '/healthz/**'

2016-09-29T20:04:57.131130+00:00 05bf1627-ae2f-400c-b1ce-31973a9ff23f - - - [NXLOG@14506 bosh_deployment="cf-warden" bosh_job_name="uaa_z1" bosh_job_index="0" filename="/var/vcap/data/sys/log/uaa/uaa.log"] [2016-09-29 20:04:50.819] uaa - 19013 [http-nio-127.0.0.1-8989-exec-6] .... DEBUG --- FilterChainProxy: /healthz has an empty filter list

2016-09-29T20:04:57.131163+00:00 05bf1627-ae2f-400c-b1ce-31973a9ff23f - - - [NXLOG@14506 bosh_deployment="cf-warden" bosh_job_name="uaa_z1" bosh_job_index="0" filename="/var/vcap/data/sys/log/uaa/uaa.log"] [2016-09-29 20:04:50.819] uaa - 19013 [http-nio-127.0.0.1-8989-exec-6] .... DEBUG --- DispatcherServlet: DispatcherServlet with name 'spring' processing GET request for [/healthz]

2016-09-29T20:04:57.131192+00:00 05bf1627-ae2f-400c-b1ce-31973a9ff23f - - - [NXLOG@14506 bosh_deployment="cf-warden" bosh_job_name="uaa_z1" bosh_job_index="0" filename="/var/vcap/data/sys/log/uaa/uaa.log"] [2016-09-29 20:04:50.819] uaa - 19013 [http-nio-127.0.0.1-8989-exec-6] .... DEBUG --- DispatcherServlet: Last-Modified value for [/healthz] is: -1

2016-09-29T20:04:57.131218+00:00 05bf1627-ae2f-400c-b1ce-31973a9ff23f - - - [NXLOG@14506 bosh_deployment="cf-warden" bosh_job_name="uaa_z1" bosh_job_index="0" filename="/var/vcap/data/sys/log/uaa/uaa.log"] [2016-09-29 20:04:50.819] uaa - 19013 [http-nio-127.0.0.1-8989-exec-6] .... DEBUG --- RequestResponseBodyMethodProcessor: Written [ok

2016-09-29T20:04:57.131271+00:00 05bf1627-ae2f-400c-b1ce-31973a9ff23f - - - [NXLOG@14506 bosh_deployment="cf-warden" bosh_job_name="uaa_z1" bosh_job_index="0" filename="/var/vcap/data/sys/log/uaa/uaa.log"] ] as "text/plain;charset=ISO-8859-1" using [org.springframework.http.converter.StringHttpMessageConverter@178b2baf]

2016-09-29T20:04:57.131303+00:00 05bf1627-ae2f-400c-b1ce-31973a9ff23f - - - [NXLOG@14506 bosh_deployment="cf-warden" bosh_job_name="uaa_z1" bosh_job_index="0" filename="/var/vcap/data/sys/log/uaa/uaa.log"] [2016-09-29 20:04:50.819] uaa - 19013 [http-nio-127.0.0.1-8989-exec-6] .... DEBUG --- DispatcherServlet: Null ModelAndView returned to DispatcherServlet with name 'spring': assuming HandlerAdapter completed request handling

2016-09-29T20:04:57.131333+00:00 05bf1627-ae2f-400c-b1ce-31973a9ff23f - - - [NXLOG@14506 bosh_deployment="cf-warden" bosh_job_name="uaa_z1" bosh_job_index="0" filename="/var/vcap/data/sys/log/uaa/uaa.log"] [2016-09-29 20:04:50.819] uaa - 19013 [http-nio-127.0.0.1-8989-exec-6] .... DEBUG --- DispatcherServlet: Successfully completed request

2016-09-29T20:04:57.131363+00:00 05bf1627-ae2f-400c-b1ce-31973a9ff23f - - - [NXLOG@14506 bosh_deployment="cf-warden" bosh_job_name="uaa_z1" bosh_job_index="0" filename="/var/vcap/data/sys/log/uaa/uaa.log"] [2016-09-29 20:04:51.156] uaa - 19013 [pool-2-thread-1] .... DEBUG --- JdbcTemplate: Executing SQL query [select count(*) from oauth_client_details]

2016-09-29T20:04:57.131419+00:00 05bf1627-ae2f-400c-b1ce-31973a9ff23f - - - [NXLOG@14506 bosh_deployment="cf-warden" bosh_job_name="uaa_z1" bosh_job_index="0" filename="/var/vcap/data/sys/log/uaa/uaa.log"] [2016-09-29 20:04:51.157] uaa - 19013 [pool-2-thread-1] .... DEBUG --- JdbcTemplate: Executing SQL query [select count(*) from users]

2016-09-29T20:04:57.131450+00:00 05bf1627-ae2f-400c-b1ce-31973a9ff23f - - - [NXLOG@14506 bosh_deployment="cf-warden" bosh_job_name="uaa_z1" bosh_job_index="0" filename="/var/vcap/data/sys/log/uaa/uaa.log"] [2016-09-29 20:04:54.816] uaa - 19013 [http-nio-127.0.0.1-8989-exec-7] .... DEBUG --- AntPathRequestMatcher: Checking match of request : '/healthz'; against '/resources/**'

2016-09-29T20:04:57.131480+00:00 05bf1627-ae2f-400c-b1ce-31973a9ff23f - - - [NXLOG@14506 bosh_deployment="cf-warden" bosh_job_name="uaa_z1" bosh_job_index="0" filename="/var/vcap/data/sys/log/uaa/uaa.log"] [2016-09-29 20:04:54.816] uaa - 19013 [http-nio-127.0.0.1-8989-exec-7] .... DEBUG --- AntPathRequestMatcher: Checking match of request : '/healthz'; against '/square-logo.png'

2016-09-29T20:04:57.131511+00:00 05bf1627-ae2f-400c-b1ce-31973a9ff23f - - - [NXLOG@14506 bosh_deployment="cf-warden" bosh_job_name="uaa_z1" bosh_job_index="0" filename="/var/vcap/data/sys/log/uaa/uaa.log"] [2016-09-29 20:04:54.816] uaa - 19013 [http-nio-127.0.0.1-8989-exec-7] .... DEBUG --- AntPathRequestMatcher: Checking match of request : '/healthz'; against '/info'

2016-09-29T20:04:57.131564+00:00 05bf1627-ae2f-400c-b1ce-31973a9ff23f - - - [NXLOG@14506 bosh_deployment="cf-warden" bosh_job_name="uaa_z1" bosh_job_index="0" filename="/var/vcap/data/sys/log/uaa/uaa.log"] [2016-09-29 20:04:54.816] uaa - 19013 [http-nio-127.0.0.1-8989-exec-7] .... DEBUG --- AntPathRequestMatcher: Checking match of request : '/healthz'; against '/password/**'

2016-09-29T20:04:57.131593+00:00 05bf1627-ae2f-400c-b1ce-31973a9ff23f - - - [NXLOG@14506 bosh_deployment="cf-warden" bosh_job_name="uaa_z1" bosh_job_index="0" filename="/var/vcap/data/sys/log/uaa/uaa.log"] [2016-09-29 20:04:54.816] uaa - 19013 [http-nio-127.0.0.1-8989-exec-7] .... DEBUG --- AntPathRequestMatcher: Checking match of request : '/healthz'; against '/healthz/**'

2016-09-29T20:04:57.131618+00:00 05bf1627-ae2f-400c-b1ce-31973a9ff23f - - - [NXLOG@14506 bosh_deployment="cf-warden" bosh_job_name="uaa_z1" bosh_job_index="0" filename="/var/vcap/data/sys/log/uaa/uaa.log"] [2016-09-29 20:04:54.816] uaa - 19013 [http-nio-127.0.0.1-8989-exec-7] .... DEBUG --- FilterChainProxy: /healthz has an empty filter list

2016-09-29T20:04:57.131642+00:00 05bf1627-ae2f-400c-b1ce-31973a9ff23f - - - [NXLOG@14506 bosh_deployment="cf-warden" bosh_job_name="uaa_z1" bosh_job_index="0" filename="/var/vcap/data/sys/log/uaa/uaa.log"] [2016-09-29 20:04:54.816] uaa - 19013 [http-nio-127.0.0.1-8989-exec-7] .... DEBUG --- DispatcherServlet: DispatcherServlet with name 'spring' processing GET request for [/healthz]

2016-09-29T20:04:57.131669+00:00 05bf1627-ae2f-400c-b1ce-31973a9ff23f - - - [NXLOG@14506 bosh_deployment="cf-warden" bosh_job_name="uaa_z1" bosh_job_index="0" filename="/var/vcap/data/sys/log/uaa/uaa.log"] [2016-09-29 20:04:54.816] uaa - 19013 [http-nio-127.0.0.1-8989-exec-7] .... DEBUG --- DispatcherServlet: Last-Modified value for [/healthz] is: -1

2016-09-29T20:04:57.131693+00:00 05bf1627-ae2f-400c-b1ce-31973a9ff23f - - - [NXLOG@14506 bosh_deployment="cf-warden" bosh_job_name="uaa_z1" bosh_job_index="0" filename="/var/vcap/data/sys/log/uaa/uaa.log"] [2016-09-29 20:04:54.816] uaa - 19013 [http-nio-127.0.0.1-8989-exec-7] .... DEBUG --- RequestResponseBodyMethodProcessor: Written [ok

2016-09-29T20:04:57.131709+00:00 05bf1627-ae2f-400c-b1ce-31973a9ff23f - - - [NXLOG@14506 bosh_deployment="cf-warden" bosh_job_name="uaa_z1" bosh_job_index="0" filename="/var/vcap/data/sys/log/uaa/uaa.log"] ] as "text/plain;charset=ISO-8859-1" using [org.springframework.http.converter.StringHttpMessageConverter@178b2baf]

2016-09-29T20:04:57.131725+00:00 05bf1627-ae2f-400c-b1ce-31973a9ff23f - - - [NXLOG@14506 bosh_deployment="cf-warden" bosh_job_name="uaa_z1" bosh_job_index="0" filename="/var/vcap/data/sys/log/uaa/uaa.log"] [2016-09-29 20:04:54.816] uaa - 19013 [http-nio-127.0.0.1-8989-exec-7] .... DEBUG --- DispatcherServlet: Null ModelAndView returned to DispatcherServlet with name 'spring': assuming HandlerAdapter completed request handling

2016-09-29T20:04:57.131742+00:00 05bf1627-ae2f-400c-b1ce-31973a9ff23f - - - [NXLOG@14506 bosh_deployment="cf-warden" bosh_job_name="uaa_z1" bosh_job_index="0" filename="/var/vcap/data/sys/log/uaa/uaa.log"] [2016-09-29 20:04:54.816] uaa - 19013 [http-nio-127.0.0.1-8989-exec-7] .... DEBUG --- DispatcherServlet: Successfully completed request

2016-09-29T20:04:57.131816+00:00 05bf1627-ae2f-400c-b1ce-31973a9ff23f - - - [NXLOG@14506 bosh_deployment="cf-warden" bosh_job_name="uaa_z1" bosh_job_index="0" filename="/var/vcap/data/sys/log/uaa/uaa.log"] [2016-09-29 20:04:56.156] uaa - 19013 [pool-2-thread-1] .... DEBUG --- JdbcTemplate: Executing SQL query [select count(*) from oauth_client_details]

2016-09-29T20:04:57.131855+00:00 05bf1627-ae2f-400c-b1ce-31973a9ff23f - - - [NXLOG@14506 bosh_deployment="cf-warden" bosh_job_name="uaa_z1" bosh_job_index="0" filename="/var/vcap/data/sys/log/uaa/uaa.log"] [2016-09-29 20:04:56.158] uaa - 19013 [pool-2-thread-1] .... DEBUG --- JdbcTemplate: Executing SQL query [select count(*) from users]

2016-09-29T20:05:06.980602+00:00 bfc626ef-a2eb-4bad-8f71-fa1d6d0f927f - - - [NXLOG@14506 bosh_deployment="cf-warden" bosh_job_name="loggregator_trafficcontroller_z1" bosh_job_index="0" filename="/var/vcap/data/sys/log/route_registrar/route_registrar.stdout.log"] {"timestamp":"1475179506.733128548","source":"Route Registrar","message":"Route Registrar.no healthchecker found for route","log_level":1,"data":{"route":{"Name":"doppler","Port":8081,"Tags":null,"URIs":["doppler.bosh-lite.com"],"RouteServiceUrl":"","RegistrationInterval":20000000000,"HealthCheck":null}}}

2016-09-29T20:05:06.980751+00:00 bfc626ef-a2eb-4bad-8f71-fa1d6d0f927f - - - [NXLOG@14506 bosh_deployment="cf-warden" bosh_job_name="loggregator_trafficcontroller_z1" bosh_job_index="0" filename="/var/vcap/data/sys/log/route_registrar/route_registrar.stdout.log"] {"timestamp":"1475179506.733252525","source":"Route Registrar","message":"Route Registrar.Registering route","log_level":1,"data":{"route":{"Name":"doppler","Port":8081,"Tags":null,"URIs":["doppler.bosh-lite.com"],"RouteServiceUrl":"","RegistrationInterval":20000000000,"HealthCheck":null}}}

2016-09-29T20:05:06.980811+00:00 bfc626ef-a2eb-4bad-8f71-fa1d6d0f927f - - - [NXLOG@14506 bosh_deployment="cf-warden" bosh_job_name="loggregator_trafficcontroller_z1" bosh_job_index="0" filename="/var/vcap/data/sys/log/route_registrar/route_registrar.stdout.log"] {"timestamp":"1475179506.733365536","source":"Route Registrar","message":"Route Registrar.Registered routes successfully","log_level":1,"data":{}}

2016-09-29T20:05:06.981082+00:00 bfc626ef-a2eb-4bad-8f71-fa1d6d0f927f - - - [NXLOG@14506 bosh_deployment="cf-warden" bosh_job_name="loggregator_trafficcontroller_z1" bosh_job_index="0" filename="/var/vcap/data/sys/log/route_registrar/route_registrar.stdout.log"] {"timestamp":"1475179506.733389616","source":"Route Registrar","message":"Route Registrar.no healthchecker found for route","log_level":1,"data":{"route":{"Name":"loggregator","Port":8080,"Tags":null,"URIs":["loggregator.bosh-lite.com"],"RouteServiceUrl":"","RegistrationInterval":20000000000,"HealthCheck":null}}}

2016-09-29T20:05:06.981148+00:00 bfc626ef-a2eb-4bad-8f71-fa1d6d0f927f - - - [NXLOG@14506 bosh_deployment="cf-warden" bosh_job_name="loggregator_trafficcontroller_z1" bosh_job_index="0" filename="/var/vcap/data/sys/log/route_registrar/route_registrar.stdout.log"] {"timestamp":"1475179506.733428478","source":"Route Registrar","message":"Route Registrar.Registering route","log_level":1,"data":{"route":{"Name":"loggregator","Port":8080,"Tags":null,"URIs":["loggregator.bosh-lite.com"],"RouteServiceUrl":"","RegistrationInterval":20000000000,"HealthCheck":null}}}

2016-09-29T20:05:06.981200+00:00 bfc626ef-a2eb-4bad-8f71-fa1d6d0f927f - - - [NXLOG@14506 bosh_deployment="cf-warden" bosh_job_name="loggregator_trafficcontroller_z1" bosh_job_index="0" filename="/var/vcap/data/sys/log/route_registrar/route_registrar.stdout.log"] {"timestamp":"1475179506.733512640","source":"Route Registrar","message":"Route Registrar.Registered routes successfully","log_level":1,"data":{}}

2016-09-29T20:05:06.981588+00:00 81da04d2-3e1d-4a50-80cd-e5b2e7a3a719 - - - [NXLOG@14506 bosh_deployment="cf-warden" bosh_job_name="router_z1" bosh_job_index="0" filename="/var/vcap/data/sys/log/gorouter/access.log"] api.bosh-lite.com - [29/09/2016:20:05:00.927 +0000] "GET /v2/syslog_drain_urls?batch_size=1000 HTTP/1.1" 200 0 42 "-" "Go-http-client/1.1" 10.244.0.34:50280 x_forwarded_for:"10.244.0.146" x_forwarded_proto:"https" vcap_request_id:238da7fd-68be-48d6-52f3-d5c157f212cb response_time:0.006067157 app_id:

2016-09-29T20:05:06.988204+00:00 fc52b791-0068-48d0-b63d-a9600b8fa32e - - - [NXLOG@14506 bosh_deployment="cf-warden" bosh_job_name="runner_z1" bosh_job_index="0" filename="/var/vcap/data/sys/log/dea_next/dea_next.log"] {"timestamp":1475179501.783137,"message":"hm9000.heartbeat.sending","log_level":"debug","source":"Dea::Bootstrap","data":{"destination":"https://listener-hm9000.service.cf.internal:5335/dea/heartbeat"},"thread_id":47241037142420,"fiber_id":47241050325380,"process_id":6941,"file":"/var/vcap/packages/dea_next/lib/dea/utils/hm9000.rb","lineno":29,"method":"send_heartbeat"}

2016-09-29T20:05:06.988353+00:00 fc52b791-0068-48d0-b63d-a9600b8fa32e - - - [NXLOG@14506 bosh_deployment="cf-warden" bosh_job_name="runner_z1" bosh_job_index="0" filename="/var/vcap/data/sys/log/dea_next/dea_next.log"] {"timestamp":1475179501.7858412,"message":"hm9000.heartbeat.accepted","log_level":"debug","source":"Dea::Bootstrap","data":{},"thread_id":47241047596880,"fiber_id":47241050424420,"process_id":6941,"file":"/var/vcap/packages/dea_next/lib/dea/utils/hm9000.rb","lineno":49,"method":"handle_http_response"}

2016-09-29T20:05:06.988414+00:00 fc52b791-0068-48d0-b63d-a9600b8fa32e - - - [NXLOG@14506 bosh_deployment="cf-warden" bosh_job_name="runner_z1" bosh_job_index="0" filename="/var/vcap/data/sys/log/dea_next/dea_next.log"] {"timestamp":1475179506.1016123,"message":"Reaping orphaned containers","log_level":"debug","source":"Dea::Bootstrap","data":{},"thread_id":47241037142420,"fiber_id":47241050325380,"process_id":6941,"file":"/var/vcap/packages/dea_next/lib/dea/bootstrap.rb","lineno":236,"method":"reap_orphaned_containers"}

2016-09-29T20:05:07.124641+00:00 05bf1627-ae2f-400c-b1ce-31973a9ff23f - - - [NXLOG@14506 bosh_deployment="cf-warden" bosh_job_name="uaa_z1" bosh_job_index="0" filename="/var/vcap/data/sys/log/uaa/localhost_access.log"] 127.0.0.1 - - [29/Sep/2016:20:04:50 +0000] "GET /healthz HTTP/1.1" 200 3

2016-09-29T20:05:07.124776+00:00 05bf1627-ae2f-400c-b1ce-31973a9ff23f - - - [NXLOG@14506 bosh_deployment="cf-warden" bosh_job_name="uaa_z1" bosh_job_index="0" filename="/var/vcap/data/sys/log/uaa/localhost_access.log"] 127.0.0.1 - - [29/Sep/2016:20:04:50 +0000] "GET /healthz HTTP/1.1" 200 3

2016-09-29T20:05:07.124844+00:00 05bf1627-ae2f-400c-b1ce-31973a9ff23f - - - [NXLOG@14506 bosh_deployment="cf-warden" bosh_job_name="uaa_z1" bosh_job_index="0" filename="/var/vcap/data/sys/log/uaa/localhost_access.log"] 127.0.0.1 - - [29/Sep/2016:20:04:54 +0000] "GET /healthz HTTP/1.1" 200 3

2016-09-29T20:05:07.124887+00:00 05bf1627-ae2f-400c-b1ce-31973a9ff23f - - - [NXLOG@14506 bosh_deployment="cf-warden" bosh_job_name="uaa_z1" bosh_job_index="0" filename="/var/vcap/data/sys/log/route_registrar/route_registrar.stdout.log"] {"timestamp":"1475179498.808416367","source":"Route Registrar","message":"Route Registrar.Executing script","log_level":1,"data":{"scriptPath":"/var/vcap/jobs/uaa/bin/health_check"}}

2016-09-29T20:05:07.125099+00:00 05bf1627-ae2f-400c-b1ce-31973a9ff23f - - - [NXLOG@14506 bosh_deployment="cf-warden" bosh_job_name="uaa_z1" bosh_job_index="0" filename="/var/vcap/data/sys/log/route_registrar/route_registrar.stdout.log"] {"timestamp":"1475179498.825599909","source":"Route Registrar","message":"Route Registrar.Script exited without error","log_level":1,"data":{"script":"/var/vcap/jobs/uaa/bin/health_check","stderr":"  % Total    % Received % Xferd  Average Speed   Time    Time     Time  Current\n                                 Dload  Upload   Total   Spent    Left  Speed\n\r  0     0    0     0    0     0      0      0 --:--:-- --:--:-- --:--:--     0\r100     3  100     3    0     0    893      0 --:--:-- --:--:-- --:--:--  1000\n","stdout":""}}

2016-09-29T20:05:07.125139+00:00 05bf1627-ae2f-400c-b1ce-31973a9ff23f - - - [NXLOG@14506 bosh_deployment="cf-warden" bosh_job_name="uaa_z1" bosh_job_index="0" filename="/var/vcap/data/sys/log/route_registrar/route_registrar.stdout.log"] {"timestamp":"1475179498.825674057","source":"Route Registrar","message":"Route Registrar.healthchecker returned healthy for route","log_level":1,"data":{"route":{"Name":"uaa","Port":8080,"Tags":{"component":"uaa"},"URIs":["uaa.bosh-lite.com","*.uaa.bosh-lite.com","login.bosh-lite.com","*.login.bosh-lite.com"],"RouteServiceUrl":"","RegistrationInterval":4000000000,"HealthCheck":{"Name":"uaa-healthcheck","ScriptPath":"/var/vcap/jobs/uaa/bin/health_check","Timeout":2000000000}}}}

2016-09-29T20:05:07.125188+00:00 05bf1627-ae2f-400c-b1ce-31973a9ff23f - - - [NXLOG@14506 bosh_deployment="cf-warden" bosh_job_name="uaa_z1" bosh_job_index="0" filename="/var/vcap/data/sys/log/route_registrar/route_registrar.stdout.log"] {"timestamp":"1475179498.825705767","source":"Route Registrar","message":"Route Registrar.Registering route","log_level":1,"data":{"route":{"Name":"uaa","Port":8080,"Tags":{"component":"uaa"},"URIs":["uaa.bosh-lite.com","*.uaa.bosh-lite.com","login.bosh-lite.com","*.login.bosh-lite.com"],"RouteServiceUrl":"","RegistrationInterval":4000000000,"HealthCheck":{"Name":"uaa-healthcheck","ScriptPath":"/var/vcap/jobs/uaa/bin/health_check","Timeout":2000000000}}}}

2016-09-29T20:05:07.125234+00:00 05bf1627-ae2f-400c-b1ce-31973a9ff23f - - - [NXLOG@14506 bosh_deployment="cf-warden" bosh_job_name="uaa_z1" bosh_job_index="0" filename="/var/vcap/data/sys/log/route_registrar/route_registrar.stdout.log"] {"timestamp":"1475179498.825797081","source":"Route Registrar","message":"Route Registrar.Registered routes successfully","log_level":1,"data":{}}

2016-09-29T20:05:07.125268+00:00 05bf1627-ae2f-400c-b1ce-31973a9ff23f - - - [NXLOG@14506 bosh_deployment="cf-warden" bosh_job_name="uaa_z1" bosh_job_index="0" filename="/var/vcap/data/sys/log/route_registrar/route_registrar.stdout.log"] {"timestamp":"1475179502.808884144","source":"Route Registrar","message":"Route Registrar.Executing script","log_level":1,"data":{"scriptPath":"/var/vcap/jobs/uaa/bin/health_check"}}

2016-09-29T20:05:07.125303+00:00 05bf1627-ae2f-400c-b1ce-31973a9ff23f - - - [NXLOG@14506 bosh_deployment="cf-warden" bosh_job_name="uaa_z1" bosh_job_index="0" filename="/var/vcap/data/sys/log/route_registrar/route_registrar.stdout.log"] {"timestamp":"1475179502.821468830","source":"Route Registrar","message":"Route Registrar.Script exited without error","log_level":1,"data":{"script":"/var/vcap/jobs/uaa/bin/health_check","stderr":"  % Total    % Received % Xferd  Average Speed   Time    Time     Time  Current\n                                 Dload  Upload   Total   Spent    Left  Speed\n\r  0     0    0     0    0     0      0      0 --:--:-- --:--:-- --:--:--     0\r100     3  100     3    0     0   1233      0 --:--:-- --:--:-- --:--:--  3000\n","stdout":""}}

2016-09-29T20:05:07.125353+00:00 05bf1627-ae2f-400c-b1ce-31973a9ff23f - - - [NXLOG@14506 bosh_deployment="cf-warden" bosh_job_name="uaa_z1" bosh_job_index="0" filename="/var/vcap/data/sys/log/route_registrar/route_registrar.stdout.log"] {"timestamp":"1475179502.821614027","source":"Route Registrar","message":"Route Registrar.healthchecker returned healthy for route","log_level":1,"data":{"route":{"Name":"uaa","Port":8080,"Tags":{"component":"uaa"},"URIs":["uaa.bosh-lite.com","*.uaa.bosh-lite.com","login.bosh-lite.com","*.login.bosh-lite.com"],"RouteServiceUrl":"","RegistrationInterval":4000000000,"HealthCheck":{"Name":"uaa-healthcheck","ScriptPath":"/var/vcap/jobs/uaa/bin/health_check","Timeout":2000000000}}}}

2016-09-29T20:05:07.125405+00:00 05bf1627-ae2f-400c-b1ce-31973a9ff23f - - - [NXLOG@14506 bosh_deployment="cf-warden" bosh_job_name="uaa_z1" bosh_job_index="0" filename="/var/vcap/data/sys/log/route_registrar/route_registrar.stdout.log"] {"timestamp":"1475179502.821639061","source":"Route Registrar","message":"Route Registrar.Registering route","log_level":1,"data":{"route":{"Name":"uaa","Port":8080,"Tags":{"component":"uaa"},"URIs":["uaa.bosh-lite.com","*.uaa.bosh-lite.com","login.bosh-lite.com","*.login.bosh-lite.com"],"RouteServiceUrl":"","RegistrationInterval":4000000000,"HealthCheck":{"Name":"uaa-healthcheck","ScriptPath":"/var/vcap/jobs/uaa/bin/health_check","Timeout":2000000000}}}}

2016-09-29T20:05:07.125449+00:00 05bf1627-ae2f-400c-b1ce-31973a9ff23f - - - [NXLOG@14506 bosh_deployment="cf-warden" bosh_job_name="uaa_z1" bosh_job_index="0" filename="/var/vcap/data/sys/log/route_registrar/route_registrar.stdout.log"] {"timestamp":"1475179502.821773767","source":"Route Registrar","message":"Route Registrar.Registered routes successfully","log_level":1,"data":{}}

2016-09-29T20:05:07.125490+00:00 05bf1627-ae2f-400c-b1ce-31973a9ff23f - - - [NXLOG@14506 bosh_deployment="cf-warden" bosh_job_name="uaa_z1" bosh_job_index="0" filename="/var/vcap/data/sys/log/route_registrar/route_registrar.stdout.log"] {"timestamp":"1475179506.808291674","source":"Route Registrar","message":"Route Registrar.Executing script","log_level":1,"data":{"scriptPath":"/var/vcap/jobs/uaa/bin/health_check"}}

2016-09-29T20:05:16.989420+00:00 fc52b791-0068-48d0-b63d-a9600b8fa32e - - - [NXLOG@14506 bosh_deployment="cf-warden" bosh_job_name="runner_z1" bosh_job_index="0" filename="/var/vcap/data/sys/log/dea_next/dea_next.log"] {"timestamp":1475179511.784531,"message":"hm9000.heartbeat.sending","log_level":"debug","source":"Dea::Bootstrap","data":{"destination":"https://listener-hm9000.service.cf.internal:5335/dea/heartbeat"},"thread_id":47241037142420,"fiber_id":47241050325380,"process_id":6941,"file":"/var/vcap/packages/dea_next/lib/dea/utils/hm9000.rb","lineno":29,"method":"send_heartbeat"}

2016-09-29T20:05:16.989568+00:00 fc52b791-0068-48d0-b63d-a9600b8fa32e - - - [NXLOG@14506 bosh_deployment="cf-warden" bosh_job_name="runner_z1" bosh_job_index="0" filename="/var/vcap/data/sys/log/dea_next/dea_next.log"] {"timestamp":1475179511.7862875,"message":"hm9000.heartbeat.accepted","log_level":"debug","source":"Dea::Bootstrap","data":{},"thread_id":47241047596600,"fiber_id":47241050003500,"process_id":6941,"file":"/var/vcap/packages/dea_next/lib/dea/utils/hm9000.rb","lineno":49,"method":"handle_http_response"}

2016-09-29T20:05:17.124839+00:00 f0562343-642f-42d4-aca5-293abe675815 - - - [NXLOG@14506 bosh_deployment="cf-warden" bosh_job_name="blobstore_z1" bosh_job_index="0" filename="/var/vcap/data/sys/log/route_registrar/route_registrar.stdout.log"] {"timestamp":"1475179508.513188124","source":"Route Registrar","message":"Route Registrar.no healthchecker found for route","log_level":1,"data":{"route":{"Name":"blobstore","Port":80,"Tags":{"component":"blobstore"},"URIs":["blobstore.bosh-lite.com"],"RouteServiceUrl":"","RegistrationInterval":20000000000,"HealthCheck":null}}}

2016-09-29T20:05:17.125130+00:00 f0562343-642f-42d4-aca5-293abe675815 - - - [NXLOG@14506 bosh_deployment="cf-warden" bosh_job_name="blobstore_z1" bosh_job_index="0" filename="/var/vcap/data/sys/log/route_registrar/route_registrar.stdout.log"] {"timestamp":"1475179508.513204575","source":"Route Registrar","message":"Route Registrar.Registering route","log_level":1,"data":{"route":{"Name":"blobstore","Port":80,"Tags":{"component":"blobstore"},"URIs":["blobstore.bosh-lite.com"],"RouteServiceUrl":"","RegistrationInterval":20000000000,"HealthCheck":null}}}

2016-09-29T20:05:17.125229+00:00 f0562343-642f-42d4-aca5-293abe675815 - - - [NXLOG@14506 bosh_deployment="cf-warden" bosh_job_name="blobstore_z1" bosh_job_index="0" filename="/var/vcap/data/sys/log/route_registrar/route_registrar.stdout.log"] {"timestamp":"1475179508.513364315","source":"Route Registrar","message":"Route Registrar.Registered routes successfully","log_level":1,"data":{}}

2016-09-29T20:05:17.127000+00:00 05bf1627-ae2f-400c-b1ce-31973a9ff23f - - - [NXLOG@14506 bosh_deployment="cf-warden" bosh_job_name="uaa_z1" bosh_job_index="0" filename="/var/vcap/data/sys/log/uaa/localhost_access.log"] 127.0.0.1 - - [29/Sep/2016:20:04:58 +0000] "GET /healthz HTTP/1.1" 200 3

2016-09-29T20:05:17.127087+00:00 05bf1627-ae2f-400c-b1ce-31973a9ff23f - - - [NXLOG@14506 bosh_deployment="cf-warden" bosh_job_name="uaa_z1" bosh_job_index="0" filename="/var/vcap/data/sys/log/uaa/localhost_access.log"] 127.0.0.1 - - [29/Sep/2016:20:05:00 +0000] "GET /healthz HTTP/1.1" 200 3

2016-09-29T20:05:17.127123+00:00 05bf1627-ae2f-400c-b1ce-31973a9ff23f - - - [NXLOG@14506 bosh_deployment="cf-warden" bosh_job_name="uaa_z1" bosh_job_index="0" filename="/var/vcap/data/sys/log/uaa/localhost_access.log"] 127.0.0.1 - - [29/Sep/2016:20:05:02 +0000] "GET /healthz HTTP/1.1" 200 3

2016-09-29T20:05:17.127152+00:00 05bf1627-ae2f-400c-b1ce-31973a9ff23f - - - [NXLOG@14506 bosh_deployment="cf-warden" bosh_job_name="uaa_z1" bosh_job_index="0" filename="/var/vcap/data/sys/log/uaa/localhost_access.log"] 127.0.0.1 - - [29/Sep/2016:20:05:06 +0000] "GET /healthz HTTP/1.1" 200 3

2016-09-29T20:05:17.127180+00:00 05bf1627-ae2f-400c-b1ce-31973a9ff23f - - - [NXLOG@14506 bosh_deployment="cf-warden" bosh_job_name="uaa_z1" bosh_job_index="0" filename="/var/vcap/data/sys/log/route_registrar/route_registrar.stdout.log"] {"timestamp":"1475179510.809205532","source":"Route Registrar","message":"Route Registrar.Executing script","log_level":1,"data":{"scriptPath":"/var/vcap/jobs/uaa/bin/health_check"}}

2016-09-29T20:05:17.127243+00:00 05bf1627-ae2f-400c-b1ce-31973a9ff23f - - - [NXLOG@14506 bosh_deployment="cf-warden" bosh_job_name="uaa_z1" bosh_job_index="0" filename="/var/vcap/data/sys/log/route_registrar/route_registrar.stdout.log"] {"timestamp":"1475179510.824294090","source":"Route Registrar","message":"Route Registrar.Script exited without error","log_level":1,"data":{"script":"/var/vcap/jobs/uaa/bin/health_check","stderr":"  % Total    % Received % Xferd  Average Speed   Time    Time     Time  Current\n                                 Dload  Upload   Total   Spent    Left  Speed\n\r  0     0    0     0    0     0      0      0 --:--:-- --:--:-- --:--:--     0\r100     3  100     3    0     0   1305      0 --:--:-- --:--:-- --:--:--  1500\n","stdout":""}}

2016-09-29T20:05:17.127297+00:00 05bf1627-ae2f-400c-b1ce-31973a9ff23f - - - [NXLOG@14506 bosh_deployment="cf-warden" bosh_job_name="uaa_z1" bosh_job_index="0" filename="/var/vcap/data/sys/log/route_registrar/route_registrar.stdout.log"] {"timestamp":"1475179510.824347973","source":"Route Registrar","message":"Route Registrar.healthchecker returned healthy for route","log_level":1,"data":{"route":{"Name":"uaa","Port":8080,"Tags":{"component":"uaa"},"URIs":["uaa.bosh-lite.com","*.uaa.bosh-lite.com","login.bosh-lite.com","*.login.bosh-lite.com"],"RouteServiceUrl":"","RegistrationInterval":4000000000,"HealthCheck":{"Name":"uaa-healthcheck","ScriptPath":"/var/vcap/jobs/uaa/bin/health_check","Timeout":2000000000}}}}

2016-09-29T20:05:17.127329+00:00 05bf1627-ae2f-400c-b1ce-31973a9ff23f - - - [NXLOG@14506 bosh_deployment="cf-warden" bosh_job_name="uaa_z1" bosh_job_index="0" filename="/var/vcap/data/sys/log/route_registrar/route_registrar.stdout.log"] {"timestamp":"1475179510.824383020","source":"Route Registrar","message":"Route Registrar.Registering route","log_level":1,"data":{"route":{"Name":"uaa","Port":8080,"Tags":{"component":"uaa"},"URIs":["uaa.bosh-lite.com","*.uaa.bosh-lite.com","login.bosh-lite.com","*.login.bosh-lite.com"],"RouteServiceUrl":"","RegistrationInterval":4000000000,"HealthCheck":{"Name":"uaa-healthcheck","ScriptPath":"/var/vcap/jobs/uaa/bin/health_check","Timeout":2000000000}}}}

2016-09-29T20:05:17.127368+00:00 05bf1627-ae2f-400c-b1ce-31973a9ff23f - - - [NXLOG@14506 bosh_deployment="cf-warden" bosh_job_name="uaa_z1" bosh_job_index="0" filename="/var/vcap/data/sys/log/route_registrar/route_registrar.stdout.log"] {"timestamp":"1475179510.824448109","source":"Route Registrar","message":"Route Registrar.Registered routes successfully","log_level":1,"data":{}}

2016-09-29T20:05:17.127421+00:00 05bf1627-ae2f-400c-b1ce-31973a9ff23f - - - [NXLOG@14506 bosh_deployment="cf-warden" bosh_job_name="uaa_z1" bosh_job_index="0" filename="/var/vcap/data/sys/log/route_registrar/route_registrar.stdout.log"] {"timestamp":"1475179514.809586525","source":"Route Registrar","message":"Route Registrar.Executing script","log_level":1,"data":{"scriptPath":"/var/vcap/jobs/uaa/bin/health_check"}}

2016-09-29T20:05:17.127453+00:00 05bf1627-ae2f-400c-b1ce-31973a9ff23f - - - [NXLOG@14506 bosh_deployment="cf-warden" bosh_job_name="uaa_z1" bosh_job_index="0" filename="/var/vcap/data/sys/log/route_registrar/route_registrar.stdout.log"] {"timestamp":"1475179514.823902130","source":"Route Registrar","message":"Route Registrar.Script exited without error","log_level":1,"data":{"script":"/var/vcap/jobs/uaa/bin/health_check","stderr":"  % Total    % Received % Xferd  Average Speed   Time    Time     Time  Current\n                                 Dload  Upload   Total   Spent    Left  Speed\n\r  0     0    0     0    0     0      0      0 --:--:-- --:--:-- --:--:--     0\r100     3  100     3    0     0   2979      0 --:--:-- --:--:-- --:--:--  3000\n","stdout":""}}

2016-09-29T20:05:17.127499+00:00 05bf1627-ae2f-400c-b1ce-31973a9ff23f - - - [NXLOG@14506 bosh_deployment="cf-warden" bosh_job_name="uaa_z1" bosh_job_index="0" filename="/var/vcap/data/sys/log/route_registrar/route_registrar.stdout.log"] {"timestamp":"1475179514.823978662","source":"Route Registrar","message":"Route Registrar.healthchecker returned healthy for route","log_level":1,"data":{"route":{"Name":"uaa","Port":8080,"Tags":{"component":"uaa"},"URIs":["uaa.bosh-lite.com","*.uaa.bosh-lite.com","login.bosh-lite.com","*.login.bosh-lite.com"],"RouteServiceUrl":"","RegistrationInterval":4000000000,"HealthCheck":{"Name":"uaa-healthcheck","ScriptPath":"/var/vcap/jobs/uaa/bin/health_check","Timeout":2000000000}}}}

2016-09-29T20:05:17.127532+00:00 05bf1627-ae2f-400c-b1ce-31973a9ff23f - - - [NXLOG@14506 bosh_deployment="cf-warden" bosh_job_name="uaa_z1" bosh_job_index="0" filename="/var/vcap/data/sys/log/route_registrar/route_registrar.stdout.log"] {"timestamp":"1475179514.824007511","source":"Route Registrar","message":"Route Registrar.Registering route","log_level":1,"data":{"route":{"Name":"uaa","Port":8080,"Tags":{"component":"uaa"},"URIs":["uaa.bosh-lite.com","*.uaa.bosh-lite.com","login.bosh-lite.com","*.login.bosh-lite.com"],"RouteServiceUrl":"","RegistrationInterval":4000000000,"HealthCheck":{"Name":"uaa-healthcheck","ScriptPath":"/var/vcap/jobs/uaa/bin/health_check","Timeout":2000000000}}}}

2016-09-29T20:05:17.127578+00:00 05bf1627-ae2f-400c-b1ce-31973a9ff23f - - - [NXLOG@14506 bosh_deployment="cf-warden" bosh_job_name="uaa_z1" bosh_job_index="0" filename="/var/vcap/data/sys/log/route_registrar/route_registrar.stdout.log"] {"timestamp":"1475179514.824068308","source":"Route Registrar","message":"Route Registrar.Registered routes successfully","log_level":1,"data":{}}

2016-09-29T20:05:17.127609+00:00 05bf1627-ae2f-400c-b1ce-31973a9ff23f - - - [NXLOG@14506 bosh_deployment="cf-warden" bosh_job_name="uaa_z1" bosh_job_index="0" filename="/var/vcap/data/sys/log/uaa/uaa.log"] [2016-09-29 20:05:10.757] uaa - 19013 [http-nio-127.0.0.1-8989-exec-8] .... DEBUG --- AntPathRequestMatcher: Checking match of request : '/healthz'; against '/resources/**'

2016-09-29T20:05:17.127639+00:00 05bf1627-ae2f-400c-b1ce-31973a9ff23f - - - [NXLOG@14506 bosh_deployment="cf-warden" bosh_job_name="uaa_z1" bosh_job_index="0" filename="/var/vcap/data/sys/log/uaa/uaa.log"] [2016-09-29 20:05:10.757] uaa - 19013 [http-nio-127.0.0.1-8989-exec-8] .... DEBUG --- AntPathRequestMatcher: Checking match of request : '/healthz'; against '/square-logo.png'

2016-09-29T20:05:17.127680+00:00 05bf1627-ae2f-400c-b1ce-31973a9ff23f - - - [NXLOG@14506 bosh_deployment="cf-warden" bosh_job_name="uaa_z1" bosh_job_index="0" filename="/var/vcap/data/sys/log/uaa/uaa.log"] [2016-09-29 20:05:10.757] uaa - 19013 [http-nio-127.0.0.1-8989-exec-8] .... DEBUG --- AntPathRequestMatcher: Checking match of request : '/healthz'; against '/info'

2016-09-29T20:05:17.127701+00:00 05bf1627-ae2f-400c-b1ce-31973a9ff23f - - - [NXLOG@14506 bosh_deployment="cf-warden" bosh_job_name="uaa_z1" bosh_job_index="0" filename="/var/vcap/data/sys/log/uaa/uaa.log"] [2016-09-29 20:05:10.757] uaa - 19013 [http-nio-127.0.0.1-8989-exec-8] .... DEBUG --- AntPathRequestMatcher: Checking match of request : '/healthz'; against '/password/**'

2016-09-29T20:05:17.127712+00:00 05bf1627-ae2f-400c-b1ce-31973a9ff23f - - - [NXLOG@14506 bosh_deployment="cf-warden" bosh_job_name="uaa_z1" bosh_job_index="0" filename="/var/vcap/data/sys/log/uaa/uaa.log"] [2016-09-29 20:05:10.757] uaa - 19013 [http-nio-127.0.0.1-8989-exec-8] .... DEBUG --- AntPathRequestMatcher: Checking match of request : '/healthz'; against '/healthz/**'

2016-09-29T20:05:17.127721+00:00 05bf1627-ae2f-400c-b1ce-31973a9ff23f - - - [NXLOG@14506 bosh_deployment="cf-warden" bosh_job_name="uaa_z1" bosh_job_index="0" filename="/var/vcap/data/sys/log/uaa/uaa.log"] [2016-09-29 20:05:10.757] uaa - 19013 [http-nio-127.0.0.1-8989-exec-8] .... DEBUG --- FilterChainProxy: /healthz has an empty filter list

2016-09-29T20:05:17.127729+00:00 05bf1627-ae2f-400c-b1ce-31973a9ff23f - - - [NXLOG@14506 bosh_deployment="cf-warden" bosh_job_name="uaa_z1" bosh_job_index="0" filename="/var/vcap/data/sys/log/uaa/uaa.log"] [2016-09-29 20:05:10.757] uaa - 19013 [http-nio-127.0.0.1-8989-exec-8] .... DEBUG --- DispatcherServlet: DispatcherServlet with name 'spring' processing GET request for [/healthz]

2016-09-29T20:05:17.127750+00:00 05bf1627-ae2f-400c-b1ce-31973a9ff23f - - - [NXLOG@14506 bosh_deployment="cf-warden" bosh_job_name="uaa_z1" bosh_job_index="0" filename="/var/vcap/data/sys/log/uaa/uaa.log"] [2016-09-29 20:05:10.757] uaa - 19013 [http-nio-127.0.0.1-8989-exec-8] .... DEBUG --- DispatcherServlet: Last-Modified value for [/healthz] is: -1

2016-09-29T20:05:17.127763+00:00 05bf1627-ae2f-400c-b1ce-31973a9ff23f - - - [NXLOG@14506 bosh_deployment="cf-warden" bosh_job_name="uaa_z1" bosh_job_index="0" filename="/var/vcap/data/sys/log/uaa/uaa.log"] [2016-09-29 20:05:10.758] uaa - 19013 [http-nio-127.0.0.1-8989-exec-8] .... DEBUG --- RequestResponseBodyMethodProcessor: Written [ok

2016-09-29T20:05:17.127771+00:00 05bf1627-ae2f-400c-b1ce-31973a9ff23f - - - [NXLOG@14506 bosh_deployment="cf-warden" bosh_job_name="uaa_z1" bosh_job_index="0" filename="/var/vcap/data/sys/log/uaa/uaa.log"] ] as "text/plain;charset=ISO-8859-1" using [org.springframework.http.converter.StringHttpMessageConverter@178b2baf]

2016-09-29T20:05:17.127784+00:00 05bf1627-ae2f-400c-b1ce-31973a9ff23f - - - [NXLOG@14506 bosh_deployment="cf-warden" bosh_job_name="uaa_z1" bosh_job_index="0" filename="/var/vcap/data/sys/log/uaa/uaa.log"] [2016-09-29 20:05:10.758] uaa - 19013 [http-nio-127.0.0.1-8989-exec-8] .... DEBUG --- DispatcherServlet: Null ModelAndView returned to DispatcherServlet with name 'spring': assuming HandlerAdapter completed request handling

2016-09-29T20:05:17.127792+00:00 05bf1627-ae2f-400c-b1ce-31973a9ff23f - - - [NXLOG@14506 bosh_deployment="cf-warden" bosh_job_name="uaa_z1" bosh_job_index="0" filename="/var/vcap/data/sys/log/uaa/uaa.log"] [2016-09-29 20:05:10.758] uaa - 19013 [http-nio-127.0.0.1-8989-exec-8] .... DEBUG --- DispatcherServlet: Successfully completed request

2016-09-29T20:05:17.127801+00:00 05bf1627-ae2f-400c-b1ce-31973a9ff23f - - - [NXLOG@14506 bosh_deployment="cf-warden" bosh_job_name="uaa_z1" bosh_job_index="0" filename="/var/vcap/data/sys/log/uaa/uaa.log"] [2016-09-29 20:05:10.822] uaa - 19013 [http-nio-127.0.0.1-8989-exec-7] .... DEBUG --- AntPathRequestMatcher: Checking match of request : '/healthz'; against '/resources/**'

2016-09-29T20:05:17.127842+00:00 05bf1627-ae2f-400c-b1ce-31973a9ff23f - - - [NXLOG@14506 bosh_deployment="cf-warden" bosh_job_name="uaa_z1" bosh_job_index="0" filename="/var/vcap/data/sys/log/uaa/uaa.log"] [2016-09-29 20:05:10.822] uaa - 19013 [http-nio-127.0.0.1-8989-exec-7] .... DEBUG --- AntPathRequestMatcher: Checking match of request : '/healthz'; against '/square-logo.png'

2016-09-29T20:05:17.127874+00:00 05bf1627-ae2f-400c-b1ce-31973a9ff23f - - - [NXLOG@14506 bosh_deployment="cf-warden" bosh_job_name="uaa_z1" bosh_job_index="0" filename="/var/vcap/data/sys/log/uaa/uaa.log"] [2016-09-29 20:05:10.822] uaa - 19013 [http-nio-127.0.0.1-8989-exec-7] .... DEBUG --- AntPathRequestMatcher: Checking match of request : '/healthz'; against '/info'

2016-09-29T20:05:17.127884+00:00 05bf1627-ae2f-400c-b1ce-31973a9ff23f - - - [NXLOG@14506 bosh_deployment="cf-warden" bosh_job_name="uaa_z1" bosh_job_index="0" filename="/var/vcap/data/sys/log/uaa/uaa.log"] [2016-09-29 20:05:10.822] uaa - 19013 [http-nio-127.0.0.1-8989-exec-7] .... DEBUG --- AntPathRequestMatcher: Checking match of request : '/healthz'; against '/password/**'

2016-09-29T20:05:17.127893+00:00 05bf1627-ae2f-400c-b1ce-31973a9ff23f - - - [NXLOG@14506 bosh_deployment="cf-warden" bosh_job_name="uaa_z1" bosh_job_index="0" filename="/var/vcap/data/sys/log/uaa/uaa.log"] [2016-09-29 20:05:10.822] uaa - 19013 [http-nio-127.0.0.1-8989-exec-7] .... DEBUG --- AntPathRequestMatcher: Checking match of request : '/healthz'; against '/healthz/**'

2016-09-29T20:05:17.127901+00:00 05bf1627-ae2f-400c-b1ce-31973a9ff23f - - - [NXLOG@14506 bosh_deployment="cf-warden" bosh_job_name="uaa_z1" bosh_job_index="0" filename="/var/vcap/data/sys/log/uaa/uaa.log"] [2016-09-29 20:05:10.822] uaa - 19013 [http-nio-127.0.0.1-8989-exec-7] .... DEBUG --- FilterChainProxy: /healthz has an empty filter list

2016-09-29T20:05:17.127930+00:00 05bf1627-ae2f-400c-b1ce-31973a9ff23f - - - [NXLOG@14506 bosh_deployment="cf-warden" bosh_job_name="uaa_z1" bosh_job_index="0" filename="/var/vcap/data/sys/log/uaa/uaa.log"] [2016-09-29 20:05:10.822] uaa - 19013 [http-nio-127.0.0.1-8989-exec-7] .... DEBUG --- DispatcherServlet: DispatcherServlet with name 'spring' processing GET request for [/healthz]

2016-09-29T20:05:17.127953+00:00 05bf1627-ae2f-400c-b1ce-31973a9ff23f - - - [NXLOG@14506 bosh_deployment="cf-warden" bosh_job_name="uaa_z1" bosh_job_index="0" filename="/var/vcap/data/sys/log/uaa/uaa.log"] [2016-09-29 20:05:10.822] uaa - 19013 [http-nio-127.0.0.1-8989-exec-7] .... DEBUG --- DispatcherServlet: Last-Modified value for [/healthz] is: -1

2016-09-29T20:05:17.127962+00:00 05bf1627-ae2f-400c-b1ce-31973a9ff23f - - - [NXLOG@14506 bosh_deployment="cf-warden" bosh_job_name="uaa_z1" bosh_job_index="0" filename="/var/vcap/data/sys/log/uaa/uaa.log"] [2016-09-29 20:05:10.822] uaa - 19013 [http-nio-127.0.0.1-8989-exec-7] .... DEBUG --- RequestResponseBodyMethodProcessor: Written [ok

2016-09-29T20:05:17.127970+00:00 05bf1627-ae2f-400c-b1ce-31973a9ff23f - - - [NXLOG@14506 bosh_deployment="cf-warden" bosh_job_name="uaa_z1" bosh_job_index="0" filename="/var/vcap/data/sys/log/uaa/uaa.log"] ] as "text/plain;charset=ISO-8859-1" using [org.springframework.http.converter.StringHttpMessageConverter@178b2baf]

2016-09-29T20:05:17.127978+00:00 05bf1627-ae2f-400c-b1ce-31973a9ff23f - - - [NXLOG@14506 bosh_deployment="cf-warden" bosh_job_name="uaa_z1" bosh_job_index="0" filename="/var/vcap/data/sys/log/uaa/uaa.log"] [2016-09-29 20:05:10.822] uaa - 19013 [http-nio-127.0.0.1-8989-exec-7] .... DEBUG --- DispatcherServlet: Null ModelAndView returned to DispatcherServlet with name 'spring': assuming HandlerAdapter completed request handling

2016-09-29T20:05:17.127986+00:00 05bf1627-ae2f-400c-b1ce-31973a9ff23f - - - [NXLOG@14506 bosh_deployment="cf-warden" bosh_job_name="uaa_z1" bosh_job_index="0" filename="/var/vcap/data/sys/log/uaa/uaa.log"] [2016-09-29 20:05:10.822] uaa - 19013 [http-nio-127.0.0.1-8989-exec-7] .... DEBUG --- DispatcherServlet: Successfully completed request

2016-09-29T20:05:17.127994+00:00 05bf1627-ae2f-400c-b1ce-31973a9ff23f - - - [NXLOG@14506 bosh_deployment="cf-warden" bosh_job_name="uaa_z1" bosh_job_index="0" filename="/var/vcap/data/sys/log/uaa/uaa.log"] [2016-09-29 20:05:11.156] uaa - 19013 [pool-2-thread-1] .... DEBUG --- JdbcTemplate: Executing SQL query [select count(*) from oauth_client_details]

2016-09-29T20:05:17.128002+00:00 05bf1627-ae2f-400c-b1ce-31973a9ff23f - - - [NXLOG@14506 bosh_deployment="cf-warden" bosh_job_name="uaa_z1" bosh_job_index="0" filename="/var/vcap/data/sys/log/uaa/uaa.log"] [2016-09-29 20:05:11.158] uaa - 19013 [pool-2-thread-1] .... DEBUG --- JdbcTemplate: Executing SQL query [select count(*) from users]

2016-09-29T20:05:17.128009+00:00 05bf1627-ae2f-400c-b1ce-31973a9ff23f - - - [NXLOG@14506 bosh_deployment="cf-warden" bosh_job_name="uaa_z1" bosh_job_index="0" filename="/var/vcap/data/sys/log/uaa/uaa.log"] [2016-09-29 20:05:14.822] uaa - 19013 [http-nio-127.0.0.1-8989-exec-4] .... DEBUG --- AntPathRequestMatcher: Checking match of request : '/healthz'; against '/resources/**'

2016-09-29T20:05:17.128019+00:00 05bf1627-ae2f-400c-b1ce-31973a9ff23f - - - [NXLOG@14506 bosh_deployment="cf-warden" bosh_job_name="uaa_z1" bosh_job_index="0" filename="/var/vcap/data/sys/log/uaa/uaa.log"] [2016-09-29 20:05:14.822] uaa - 19013 [http-nio-127.0.0.1-8989-exec-4] .... DEBUG --- AntPathRequestMatcher: Checking match of request : '/healthz'; against '/square-logo.png'

2016-09-29T20:05:17.128027+00:00 05bf1627-ae2f-400c-b1ce-31973a9ff23f - - - [NXLOG@14506 bosh_deployment="cf-warden" bosh_job_name="uaa_z1" bosh_job_index="0" filename="/var/vcap/data/sys/log/uaa/uaa.log"] [2016-09-29 20:05:14.822] uaa - 19013 [http-nio-127.0.0.1-8989-exec-4] .... DEBUG --- AntPathRequestMatcher: Checking match of request : '/healthz'; against '/info'

2016-09-29T20:05:17.128039+00:00 05bf1627-ae2f-400c-b1ce-31973a9ff23f - - - [NXLOG@14506 bosh_deployment="cf-warden" bosh_job_name="uaa_z1" bosh_job_index="0" filename="/var/vcap/data/sys/log/uaa/uaa.log"] [2016-09-29 20:05:14.822] uaa - 19013 [http-nio-127.0.0.1-8989-exec-4] .... DEBUG --- AntPathRequestMatcher: Checking match of request : '/healthz'; against '/password/**'

2016-09-29T20:05:17.128046+00:00 05bf1627-ae2f-400c-b1ce-31973a9ff23f - - - [NXLOG@14506 bosh_deployment="cf-warden" bosh_job_name="uaa_z1" bosh_job_index="0" filename="/var/vcap/data/sys/log/uaa/uaa.log"] [2016-09-29 20:05:14.822] uaa - 19013 [http-nio-127.0.0.1-8989-exec-4] .... DEBUG --- AntPathRequestMatcher: Checking match of request : '/healthz'; against '/healthz/**'

2016-09-29T20:05:17.128058+00:00 05bf1627-ae2f-400c-b1ce-31973a9ff23f - - - [NXLOG@14506 bosh_deployment="cf-warden" bosh_job_name="uaa_z1" bosh_job_index="0" filename="/var/vcap/data/sys/log/uaa/uaa.log"] [2016-09-29 20:05:14.822] uaa - 19013 [http-nio-127.0.0.1-8989-exec-4] .... DEBUG --- FilterChainProxy: /healthz has an empty filter list

2016-09-29T20:05:17.128066+00:00 05bf1627-ae2f-400c-b1ce-31973a9ff23f - - - [NXLOG@14506 bosh_deployment="cf-warden" bosh_job_name="uaa_z1" bosh_job_index="0" filename="/var/vcap/data/sys/log/uaa/uaa.log"] [2016-09-29 20:05:14.822] uaa - 19013 [http-nio-127.0.0.1-8989-exec-4] .... DEBUG --- DispatcherServlet: DispatcherServlet with name 'spring' processing GET request for [/healthz]

2016-09-29T20:05:17.128074+00:00 05bf1627-ae2f-400c-b1ce-31973a9ff23f - - - [NXLOG@14506 bosh_deployment="cf-warden" bosh_job_name="uaa_z1" bosh_job_index="0" filename="/var/vcap/data/sys/log/uaa/uaa.log"] [2016-09-29 20:05:14.822] uaa - 19013 [http-nio-127.0.0.1-8989-exec-4] .... DEBUG --- DispatcherServlet: Last-Modified value for [/healthz] is: -1

2016-09-29T20:05:17.128084+00:00 05bf1627-ae2f-400c-b1ce-31973a9ff23f - - - [NXLOG@14506 bosh_deployment="cf-warden" bosh_job_name="uaa_z1" bosh_job_index="0" filename="/var/vcap/data/sys/log/uaa/uaa.log"] [2016-09-29 20:05:14.822] uaa - 19013 [http-nio-127.0.0.1-8989-exec-4] .... DEBUG --- RequestResponseBodyMethodProcessor: Written [ok

2016-09-29T20:05:17.128091+00:00 05bf1627-ae2f-400c-b1ce-31973a9ff23f - - - [NXLOG@14506 bosh_deployment="cf-warden" bosh_job_name="uaa_z1" bosh_job_index="0" filename="/var/vcap/data/sys/log/uaa/uaa.log"] ] as "text/plain;charset=ISO-8859-1" using [org.springframework.http.converter.StringHttpMessageConverter@178b2baf]

2016-09-29T20:05:17.128103+00:00 05bf1627-ae2f-400c-b1ce-31973a9ff23f - - - [NXLOG@14506 bosh_deployment="cf-warden" bosh_job_name="uaa_z1" bosh_job_index="0" filename="/var/vcap/data/sys/log/uaa/uaa.log"] [2016-09-29 20:05:14.822] uaa - 19013 [http-nio-127.0.0.1-8989-exec-4] .... DEBUG --- DispatcherServlet: Null ModelAndView returned to DispatcherServlet with name 'spring': assuming HandlerAdapter completed request handling

2016-09-29T20:05:17.128111+00:00 05bf1627-ae2f-400c-b1ce-31973a9ff23f - - - [NXLOG@14506 bosh_deployment="cf-warden" bosh_job_name="uaa_z1" bosh_job_index="0" filename="/var/vcap/data/sys/log/uaa/uaa.log"] [2016-09-29 20:05:14.822] uaa - 19013 [http-nio-127.0.0.1-8989-exec-4] .... DEBUG --- DispatcherServlet: Successfully completed request

2016-09-29T20:05:17.128123+00:00 05bf1627-ae2f-400c-b1ce-31973a9ff23f - - - [NXLOG@14506 bosh_deployment="cf-warden" bosh_job_name="uaa_z1" bosh_job_index="0" filename="/var/vcap/data/sys/log/uaa/uaa.log"] [2016-09-29 20:05:16.156] uaa - 19013 [pool-2-thread-1] .... DEBUG --- JdbcTemplate: Executing SQL query [select count(*) from oauth_client_details]

2016-09-29T20:05:17.128131+00:00 05bf1627-ae2f-400c-b1ce-31973a9ff23f - - - [NXLOG@14506 bosh_deployment="cf-warden" bosh_job_name="uaa_z1" bosh_job_index="0" filename="/var/vcap/data/sys/log/uaa/uaa.log"] [2016-09-29 20:05:16.157] uaa - 19013 [pool-2-thread-1] .... DEBUG --- JdbcTemplate: Executing SQL query [select count(*) from users]

2016-09-29T20:05:17.129420+00:00 152ab062-1f32-4789-910a-13bdc79651b2 - - - [NXLOG@14506 bosh_deployment="cf-warden" bosh_job_name="hm9000_z1" bosh_job_index="0" filename="/var/vcap/data/sys/log/hm9000/hm9000_listener.log"] {"timestamp":"1475179511.785629749","source":"listener","message":"listener.Received a heartbeat","log_level":1,"data":{"Heartbeats Pending Save":"1"}}

2016-09-29T20:05:17.129560+00:00 152ab062-1f32-4789-910a-13bdc79651b2 - - - [NXLOG@14506 bosh_deployment="cf-warden" bosh_job_name="hm9000_z1" bosh_job_index="0" filename="/var/vcap/data/sys/log/hm9000/hm9000_listener.log"] {"timestamp":"1475179511.817086220","source":"listener","message":"listener.Saving Heartbeats","log_level":1,"data":{"Heartbeats to Save":"1"}}

2016-09-29T20:05:17.129640+00:00 152ab062-1f32-4789-910a-13bdc79651b2 - - - [NXLOG@14506 bosh_deployment="cf-warden" bosh_job_name="hm9000_z1" bosh_job_index="0" filename="/var/vcap/data/sys/log/hm9000/hm9000_listener.log"] {"timestamp":"1475179511.824522495","source":"listener","message":"listener.Bumped freshness","log_level":1,"data":{}}

2016-09-29T20:05:17.129683+00:00 152ab062-1f32-4789-910a-13bdc79651b2 - - - [NXLOG@14506 bosh_deployment="cf-warden" bosh_job_name="hm9000_z1" bosh_job_index="0" filename="/var/vcap/data/sys/log/hm9000/hm9000_listener.log"] {"timestamp":"1475179511.824522495","source":"listener","message":"listener.Saved Heartbeats","log_level":1,"data":{"Duration":"7.374392ms","Heartbeats to Save":"1"}}

2016-09-29T20:05:17.129822+00:00 b0fa19c0-86de-4447-a670-3f7adbd0b3c1 - - - [NXLOG@14506 bosh_deployment="cf-warden" bosh_job_name="api_z1" bosh_job_index="0" filename="/var/vcap/data/sys/log/cloud_controller_worker/cloud_controller_worker.log"] {"timestamp":1475179507.7368865,"message":"(0.000527s) SELECT * FROM \"delayed_jobs\" WHERE ((((\"run_at\" <= '2016-09-29 20:05:07.735874+0000') AND (\"locked_at\" IS NULL)) OR (\"locked_by\" = 'cc_global_worker.api_z1.0.1')) AND (\"failed_at\" IS NULL) AND (\"queue\" IN ('cc-generic'))) ORDER BY \"priority\" ASC, \"run_at\" ASC LIMIT 5","log_level":"debug2","source":"cc.background","data":{},"thread_id":47193737007380,"fiber_id":47193773841900,"process_id":15807,"file":"/var/vcap/packages/cloud_controller_ng/cloud_controller_ng/vendor/bundle/ruby/2.3.0/gems/sequel-4.29.0/lib/sequel/database/logging.rb","lineno":70,"method":"block in log_each"}

2016-09-29T20:05:17.129892+00:00 b0fa19c0-86de-4447-a670-3f7adbd0b3c1 - - - [NXLOG@14506 bosh_deployment="cf-warden" bosh_job_name="api_z1" bosh_job_index="0" filename="/var/vcap/data/sys/log/cloud_controller_worker/cloud_controller_worker.log"] {"timestamp":1475179512.760132,"message":"(0.000567s) SELECT * FROM \"delayed_jobs\" WHERE ((((\"run_at\" <= '2016-09-29 20:05:12.758302+0000') AND (\"locked_at\" IS NULL)) OR (\"locked_by\" = 'cc_global_worker.api_z1.0.1')) AND (\"failed_at\" IS NULL) AND (\"queue\" IN ('cc-generic'))) ORDER BY \"priority\" ASC, \"run_at\" ASC LIMIT 5","log_level":"debug2","source":"cc.background","data":{},"thread_id":47193737007380,"fiber_id":47193773841900,"process_id":15807,"file":"/var/vcap/packages/cloud_controller_ng/cloud_controller_ng/vendor/bundle/ruby/2.3.0/gems/sequel-4.29.0/lib/sequel/database/logging.rb","lineno":70,"method":"block in log_each"}

2016-09-29T20:05:17.129926+00:00 b0fa19c0-86de-4447-a670-3f7adbd0b3c1 - - - [NXLOG@14506 bosh_deployment="cf-warden" bosh_job_name="api_z1" bosh_job_index="0" filename="/var/vcap/data/sys/log/nginx_cc/nginx.access.log"] 10.244.0.138 - [29/Sep/2016:20:05:07 +0000] "GET /v2/info HTTP/1.1" 200 802 "-" "monit/5.2.5" 10.244.0.138 vcap_request_id:6287625a-32b5-4b18-87dd-9c7bee7fec21 response_time:0.004

2016-09-29T20:05:17.129954+00:00 b0fa19c0-86de-4447-a670-3f7adbd0b3c1 - - - [NXLOG@14506 bosh_deployment="cf-warden" bosh_job_name="api_z1" bosh_job_index="0" filename="/var/vcap/data/sys/log/nginx_cc/nginx.access.log"] api.bosh-lite.com - [29/Sep/2016:20:05:15 +0000] "GET /v2/syslog_drain_urls?batch_size=1000 HTTP/1.1" 200 326 "-" "Go-http-client/1.1" 10.244.0.146, 10.244.0.34, 10.244.0.22 vcap_request_id:eb5ecbb1-effc-425d-69f8-4df148bbbc8c::6dbfec8b-7898-4866-824e-345ec01515ae response_time:0.005

2016-09-29T20:05:17.129981+00:00 b0fa19c0-86de-4447-a670-3f7adbd0b3c1 - - - [NXLOG@14506 bosh_deployment="cf-warden" bosh_job_name="api_z1" bosh_job_index="0" filename="/var/vcap/data/sys/log/cloud_controller_ng/cloud_controller_ng.log"] {"timestamp":1475179507.2956831,"message":"Statsd: cc.requests.outstanding:1|c","log_level":"debug","source":"statsd.client","data":{},"thread_id":47062185508240,"fiber_id":47062157676460,"process_id":15535,"file":"/var/vcap/packages/cloud_controller_ng/cloud_controller_ng/vendor/bundle/ruby/2.3.0/gems/statsd-ruby-1.2.1/lib/statsd.rb","lineno":254,"method":"send_to_socket"}

2016-09-29T20:05:17.130008+00:00 b0fa19c0-86de-4447-a670-3f7adbd0b3c1 - - - [NXLOG@14506 bosh_deployment="cf-warden" bosh_job_name="api_z1" bosh_job_index="0" filename="/var/vcap/data/sys/log/cloud_controller_ng/cloud_controller_ng.log"] {"timestamp":1475179507.2963068,"message":"Started GET \"/v2/info\" for user: , ip: 127.0.0.1 with vcap-request-id: 6287625a-32b5-4b18-87dd-9c7bee7fec21 at 2016-09-29 20:05:07 UTC","log_level":"info","source":"cc.api","data":{},"thread_id":47062185508240,"fiber_id":47062157676460,"process_id":15535,"file":"/var/vcap/packages/cloud_controller_ng/cloud_controller_ng/middleware/request_logs.rb","lineno":12,"method":"call"}

2016-09-29T20:05:17.130037+00:00 b0fa19c0-86de-4447-a670-3f7adbd0b3c1 - - - [NXLOG@14506 bosh_deployment="cf-warden" bosh_job_name="api_z1" bosh_job_index="0" filename="/var/vcap/data/sys/log/cloud_controller_ng/cloud_controller_ng.log"] {"timestamp":1475179507.2967527,"message":"dispatch VCAP::CloudController::InfoController get /v2/info","log_level":"debug","source":"cc.api","data":{"request_guid":"6287625a-32b5-4b18-87dd-9c7bee7fec21"},"thread_id":47062185508240,"fiber_id":47062157676460,"process_id":15535,"file":"/var/vcap/data/packages/cloud_controller_ng/f87cb49aa2cd87792cb9c2211a79e1542502be4d.1-b1a5f3c830cb6c32ae9e685628b24aa967f5ae54/cloud_controller_ng/lib/cloud_controller/rest_controller/routes.rb","lineno":12,"method":"block in define_route"}

2016-09-29T20:05:17.130067+00:00 b0fa19c0-86de-4447-a670-3f7adbd0b3c1 - - - [NXLOG@14506 bosh_deployment="cf-warden" bosh_job_name="api_z1" bosh_job_index="0" filename="/var/vcap/data/sys/log/cloud_controller_ng/cloud_controller_ng.log"] {"timestamp":1475179507.2969453,"message":"parse_params: {} ","log_level":"debug","source":"cc.api","data":{"request_guid":"6287625a-32b5-4b18-87dd-9c7bee7fec21"},"thread_id":47062185508240,"fiber_id":47062157676460,"process_id":15535,"file":"/var/vcap/data/packages/cloud_controller_ng/f87cb49aa2cd87792cb9c2211a79e1542502be4d.1-b1a5f3c830cb6c32ae9e685628b24aa967f5ae54/cloud_controller_ng/lib/cloud_controller/rest_controller/common_params.rb","lineno":10,"method":"parse"}

2016-09-29T20:05:17.130095+00:00 b0fa19c0-86de-4447-a670-3f7adbd0b3c1 - - - [NXLOG@14506 bosh_deployment="cf-warden" bosh_job_name="api_z1" bosh_job_index="0" filename="/var/vcap/data/sys/log/cloud_controller_ng/cloud_controller_ng.log"] {"timestamp":1475179507.2971275,"message":"cc.dispatch","log_level":"debug","source":"cc.api","data":{"request_guid":"6287625a-32b5-4b18-87dd-9c7bee7fec21","endpoint":"read","args":[]},"thread_id":47062185508240,"fiber_id":47062157676460,"process_id":15535,"file":"/var/vcap/data/packages/cloud_controller_ng/f87cb49aa2cd87792cb9c2211a79e1542502be4d.1-b1a5f3c830cb6c32ae9e685628b24aa967f5ae54/cloud_controller_ng/app/controllers/base/base_controller.rb","lineno":78,"method":"dispatch"}

2016-09-29T20:05:17.130122+00:00 b0fa19c0-86de-4447-a670-3f7adbd0b3c1 - - - [NXLOG@14506 bosh_deployment="cf-warden" bosh_job_name="api_z1" bosh_job_index="0" filename="/var/vcap/data/sys/log/cloud_controller_ng/cloud_controller_ng.log"] {"timestamp":1475179507.297624,"message":"Completed 200 vcap-request-id: 6287625a-32b5-4b18-87dd-9c7bee7fec21","log_level":"info","source":"cc.api","data":{},"thread_id":47062185508240,"fiber_id":47062157676460,"process_id":15535,"file":"/var/vcap/packages/cloud_controller_ng/cloud_controller_ng/middleware/request_logs.rb","lineno":24,"method":"call"}

2016-09-29T20:05:17.130150+00:00 b0fa19c0-86de-4447-a670-3f7adbd0b3c1 - - - [NXLOG@14506 bosh_deployment="cf-warden" bosh_job_name="api_z1" bosh_job_index="0" filename="/var/vcap/data/sys/log/cloud_controller_ng/cloud_controller_ng.log"] {"timestamp":1475179507.2978368,"message":"Statsd: cc.requests.outstanding:-1|c\ncc.requests.completed:1|c\ncc.http_status.2XX:1|c","log_level":"debug","source":"statsd.client","data":{},"thread_id":47062185508240,"fiber_id":47062157676460,"process_id":15535,"file":"/var/vcap/packages/cloud_controller_ng/cloud_controller_ng/vendor/bundle/ruby/2.3.0/gems/statsd-ruby-1.2.1/lib/statsd.rb","lineno":254,"method":"send_to_socket"}

2016-09-29T20:05:17.130177+00:00 b0fa19c0-86de-4447-a670-3f7adbd0b3c1 - - - [NXLOG@14506 bosh_deployment="cf-warden" bosh_job_name="api_z1" bosh_job_index="0" filename="/var/vcap/data/sys/log/cloud_controller_ng/cloud_controller_ng.log"] {"timestamp":1475179507.7080712,"message":"(0.000555s) SELECT * FROM \"delayed_jobs\" WHERE ((((\"run_at\" <= '2016-09-29 20:05:07.706553+0000') AND (\"locked_at\" IS NULL)) OR (\"locked_by\" = 'cc_api_worker.api_z1.0.2')) AND (\"failed_at\" IS NULL) AND (\"queue\" IN ('cc-api_z1-0'))) ORDER BY \"priority\" ASC, \"run_at\" ASC LIMIT 5","log_level":"debug2","source":"cc.background","data":{},"thread_id":47118928261380,"fiber_id":47118965175380,"process_id":15629,"file":"/var/vcap/packages/cloud_controller_ng/cloud_controller_ng/vendor/bundle/ruby/2.3.0/gems/sequel-4.29.0/lib/sequel/database/logging.rb","lineno":70,"method":"block in log_each"}

2016-09-29T20:05:17.130205+00:00 b0fa19c0-86de-4447-a670-3f7adbd0b3c1 - - - [NXLOG@14506 bosh_deployment="cf-warden" bosh_job_name="api_z1" bosh_job_index="0" filename="/var/vcap/data/sys/log/cloud_controller_ng/cloud_controller_ng.log"] {"timestamp":1475179509.0120678,"message":"(0.000503s) SELECT * FROM \"delayed_jobs\" WHERE ((((\"run_at\" <= '2016-09-29 20:05:09.011049+0000') AND (\"locked_at\" IS NULL)) OR (\"locked_by\" = 'cc_api_worker.api_z1.0.1')) AND (\"failed_at\" IS NULL) AND (\"queue\" IN ('cc-api_z1-0'))) ORDER BY \"priority\" ASC, \"run_at\" ASC LIMIT 5","log_level":"debug2","source":"cc.background","data":{},"thread_id":47452862460180,"fiber_id":47452899698480,"process_id":15587,"file":"/var/vcap/packages/cloud_controller_ng/cloud_controller_ng/vendor/bundle/ruby/2.3.0/gems/sequel-4.29.0/lib/sequel/database/logging.rb","lineno":70,"method":"block in log_each"}

2016-09-29T20:05:17.130234+00:00 b0fa19c0-86de-4447-a670-3f7adbd0b3c1 - - - [NXLOG@14506 bosh_deployment="cf-warden" bosh_job_name="api_z1" bosh_job_index="0" filename="/var/vcap/data/sys/log/cloud_controller_ng/cloud_controller_ng.log"] {"timestamp":1475179512.7302227,"message":"(0.000684s) SELECT * FROM \"delayed_jobs\" WHERE ((((\"run_at\" <= '2016-09-29 20:05:12.729003+0000') AND (\"locked_at\" IS NULL)) OR (\"locked_by\" = 'cc_api_worker.api_z1.0.2')) AND (\"failed_at\" IS NULL) AND (\"queue\" IN ('cc-api_z1-0'))) ORDER BY \"priority\" ASC, \"run_at\" ASC LIMIT 5","log_level":"debug2","source":"cc.background","data":{},"thread_id":47118928261380,"fiber_id":47118965175380,"process_id":15629,"file":"/var/vcap/packages/cloud_controller_ng/cloud_controller_ng/vendor/bundle/ruby/2.3.0/gems/sequel-4.29.0/lib/sequel/database/logging.rb","lineno":70,"method":"block in log_each"}

2016-09-29T20:05:17.130263+00:00 b0fa19c0-86de-4447-a670-3f7adbd0b3c1 - - - [NXLOG@14506 bosh_deployment="cf-warden" bosh_job_name="api_z1" bosh_job_index="0" filename="/var/vcap/data/sys/log/cloud_controller_ng/cloud_controller_ng.log"] {"timestamp":1475179514.0333595,"message":"(0.000637s) SELECT * FROM \"delayed_jobs\" WHERE ((((\"run_at\" <= '2016-09-29 20:05:14.032125+0000') AND (\"locked_at\" IS NULL)) OR (\"locked_by\" = 'cc_api_worker.api_z1.0.1')) AND (\"failed_at\" IS NULL) AND (\"queue\" IN ('cc-api_z1-0'))) ORDER BY \"priority\" ASC, \"run_at\" ASC LIMIT 5","log_level":"debug2","source":"cc.background","data":{},"thread_id":47452862460180,"fiber_id":47452899698480,"process_id":15587,"file":"/var/vcap/packages/cloud_controller_ng/cloud_controller_ng/vendor/bundle/ruby/2.3.0/gems/sequel-4.29.0/lib/sequel/database/logging.rb","lineno":70,"method":"block in log_each"}

2016-09-29T20:05:17.130291+00:00 b0fa19c0-86de-4447-a670-3f7adbd0b3c1 - - - [NXLOG@14506 bosh_deployment="cf-warden" bosh_job_name="api_z1" bosh_job_index="0" filename="/var/vcap/data/sys/log/cloud_controller_ng/cloud_controller_ng.log"] {"timestamp":1475179515.9177492,"message":"Statsd: cc.requests.outstanding:1|c","log_level":"debug","source":"statsd.client","data":{},"thread_id":47062185508100,"fiber_id":47062167821140,"process_id":15535,"file":"/var/vcap/packages/cloud_controller_ng/cloud_controller_ng/vendor/bundle/ruby/2.3.0/gems/statsd-ruby-1.2.1/lib/statsd.rb","lineno":254,"method":"send_to_socket"}

2016-09-29T20:05:17.130319+00:00 b0fa19c0-86de-4447-a670-3f7adbd0b3c1 - - - [NXLOG@14506 bosh_deployment="cf-warden" bosh_job_name="api_z1" bosh_job_index="0" filename="/var/vcap/data/sys/log/cloud_controller_ng/cloud_controller_ng.log"] {"timestamp":1475179515.918475,"message":"Started GET \"/v2/syslog_drain_urls?batch_size=1000\" for user: , ip: 127.0.0.1 with vcap-request-id: eb5ecbb1-effc-425d-69f8-4df148bbbc8c::6dbfec8b-7898-4866-824e-345ec01515ae at 2016-09-29 20:05:15 UTC","log_level":"info","source":"cc.api","data":{},"thread_id":47062185508100,"fiber_id":47062167821140,"process_id":15535,"file":"/var/vcap/packages/cloud_controller_ng/cloud_controller_ng/middleware/request_logs.rb","lineno":12,"method":"call"}

2016-09-29T20:05:17.130340+00:00 b0fa19c0-86de-4447-a670-3f7adbd0b3c1 - - - [NXLOG@14506 bosh_deployment="cf-warden" bosh_job_name="api_z1" bosh_job_index="0" filename="/var/vcap/data/sys/log/cloud_controller_ng/cloud_controller_ng.log"] {"timestamp":1475179515.919155,"message":"dispatch VCAP::CloudController::SyslogDrainUrlsController get /v2/syslog_drain_urls","log_level":"debug","source":"cc.api","data":{"request_guid":"eb5ecbb1-effc-425d-69f8-4df148bbbc8c::6dbfec8b-7898-4866-824e-345ec01515ae"},"thread_id":47062185508100,"fiber_id":47062167821140,"process_id":15535,"file":"/var/vcap/data/packages/cloud_controller_ng/f87cb49aa2cd87792cb9c2211a79e1542502be4d.1-b1a5f3c830cb6c32ae9e685628b24aa967f5ae54/cloud_controller_ng/lib/cloud_controller/rest_controller/routes.rb","lineno":12,"method":"block in define_route"}

2016-09-29T20:05:17.130352+00:00 b0fa19c0-86de-4447-a670-3f7adbd0b3c1 - - - [NXLOG@14506 bosh_deployment="cf-warden" bosh_job_name="api_z1" bosh_job_index="0" filename="/var/vcap/data/sys/log/cloud_controller_ng/cloud_controller_ng.log"] {"timestamp":1475179515.9193604,"message":"parse_params: {\"batch_size\"=>\"1000\"} batch_size=1000","log_level":"debug","source":"cc.api","data":{"request_guid":"eb5ecbb1-effc-425d-69f8-4df148bbbc8c::6dbfec8b-7898-4866-824e-345ec01515ae"},"thread_id":47062185508100,"fiber_id":47062167821140,"process_id":15535,"file":"/var/vcap/data/packages/cloud_controller_ng/f87cb49aa2cd87792cb9c2211a79e1542502be4d.1-b1a5f3c830cb6c32ae9e685628b24aa967f5ae54/cloud_controller_ng/lib/cloud_controller/rest_controller/common_params.rb","lineno":10,"method":"parse"}

2016-09-29T20:05:17.130372+00:00 b0fa19c0-86de-4447-a670-3f7adbd0b3c1 - - - [NXLOG@14506 bosh_deployment="cf-warden" bosh_job_name="api_z1" bosh_job_index="0" filename="/var/vcap/data/sys/log/cloud_controller_ng/cloud_controller_ng.log"] {"timestamp":1475179515.9194849,"message":"cc.dispatch","log_level":"debug","source":"cc.api","data":{"request_guid":"eb5ecbb1-effc-425d-69f8-4df148bbbc8c::6dbfec8b-7898-4866-824e-345ec01515ae","endpoint":"list","args":[]},"thread_id":47062185508100,"fiber_id":47062167821140,"process_id":15535,"file":"/var/vcap/data/packages/cloud_controller_ng/f87cb49aa2cd87792cb9c2211a79e1542502be4d.1-b1a5f3c830cb6c32ae9e685628b24aa967f5ae54/cloud_controller_ng/app/controllers/base/base_controller.rb","lineno":78,"method":"dispatch"}

2016-09-29T20:05:17.130387+00:00 b0fa19c0-86de-4447-a670-3f7adbd0b3c1 - - - [NXLOG@14506 bosh_deployment="cf-warden" bosh_job_name="api_z1" bosh_job_index="0" filename="/var/vcap/data/sys/log/cloud_controller_ng/cloud_controller_ng.log"] {"timestamp":1475179515.9209948,"message":"(0.000781s) SELECT \"apps\".\"guid\", string_agg(\"service_bindings\".\"syslog_drain_url\", ',') AS \"syslog_drain_urls\" FROM \"apps\" INNER JOIN \"service_bindings\" ON (\"service_bindings\".\"app_id\" = \"apps\".\"id\") WHERE ((syslog_drain_url IS NOT NULL) AND (syslog_drain_url != '')) GROUP BY \"apps\".\"guid\" UNION ALL (SELECT \"apps_v3\".\"guid\", string_agg(\"v3_service_bindings\".\"syslog_drain_url\", ',') AS \"syslog_drain_urls\" FROM \"apps_v3\" INNER JOIN \"v3_service_bindings\" ON (\"v3_service_bindings\".\"app_id\" = \"apps_v3\".\"id\") WHERE ((syslog_drain_url IS NOT NULL) AND (syslog_drain_url != '')) GROUP BY \"apps_v3\".\"guid\") ORDER BY \"guid\" LIMIT 1000 OFFSET 0","log_level":"debug2","source":"cc.db","data":{"request_guid":"eb5ecbb1-effc-425d-69f8-4df148bbbc8c::6dbfec8b-7898-4866-824e-345ec01515ae"},"thread_id":47062185508100,"fiber_id":47062167821140,"process_id":15535,"file":"/var/vcap/packages/cloud_controller_ng/cloud_controller_ng/vendor/bundle/ruby/2.3.0/gems/sequel-4.29.0/lib/sequel/database/logging.rb","lineno":70,"method":"block in log_each"}

2016-09-29T20:05:17.130411+00:00 b0fa19c0-86de-4447-a670-3f7adbd0b3c1 - - - [NXLOG@14506 bosh_deployment="cf-warden" bosh_job_name="api_z1" bosh_job_index="0" filename="/var/vcap/data/sys/log/cloud_controller_ng/cloud_controller_ng.log"] {"timestamp":1475179515.921345,"message":"Completed 200 vcap-request-id: eb5ecbb1-effc-425d-69f8-4df148bbbc8c::6dbfec8b-7898-4866-824e-345ec01515ae","log_level":"info","source":"cc.api","data":{},"thread_id":47062185508100,"fiber_id":47062167821140,"process_id":15535,"file":"/var/vcap/packages/cloud_controller_ng/cloud_controller_ng/middleware/request_logs.rb","lineno":24,"method":"call"}

2016-09-29T20:05:17.130432+00:00 b0fa19c0-86de-4447-a670-3f7adbd0b3c1 - - - [NXLOG@14506 bosh_deployment="cf-warden" bosh_job_name="api_z1" bosh_job_index="0" filename="/var/vcap/data/sys/log/cloud_controller_ng/cloud_controller_ng.log"] {"timestamp":1475179515.9215498,"message":"Statsd: cc.requests.outstanding:-1|c\ncc.requests.completed:1|c\ncc.http_status.2XX:1|c","log_level":"debug","source":"statsd.client","data":{},"thread_id":47062185508100,"fiber_id":47062167821140,"process_id":15535,"file":"/var/vcap/packages/cloud_controller_ng/cloud_controller_ng/vendor/bundle/ruby/2.3.0/gems/statsd-ruby-1.2.1/lib/statsd.rb","lineno":254,"method":"send_to_socket"}

2016-09-29T20:05:26.989508+00:00 fc52b791-0068-48d0-b63d-a9600b8fa32e - - - [NXLOG@14506 bosh_deployment="cf-warden" bosh_job_name="runner_z1" bosh_job_index="0" filename="/var/vcap/data/sys/log/dea_next/dea_next.log"] {"timestamp":1475179521.786401,"message":"hm9000.heartbeat.sending","log_level":"debug","source":"Dea::Bootstrap","data":{"destination":"https://listener-hm9000.service.cf.internal:5335/dea/heartbeat"},"thread_id":47241037142420,"fiber_id":47241050325380,"process_id":6941,"file":"/var/vcap/packages/dea_next/lib/dea/utils/hm9000.rb","lineno":29,"method":"send_heartbeat"}

2016-09-29T20:05:26.989634+00:00 fc52b791-0068-48d0-b63d-a9600b8fa32e - - - [NXLOG@14506 bosh_deployment="cf-warden" bosh_job_name="runner_z1" bosh_job_index="0" filename="/var/vcap/data/sys/log/dea_next/dea_next.log"] {"timestamp":1475179521.8044157,"message":"hm9000.heartbeat.accepted","log_level":"debug","source":"Dea::Bootstrap","data":{},"thread_id":47241047596460,"fiber_id":47241049950740,"process_id":6941,"file":"/var/vcap/packages/dea_next/lib/dea/utils/hm9000.rb","lineno":49,"method":"handle_http_response"}

2016-09-29T20:05:26.980698+00:00 bfc626ef-a2eb-4bad-8f71-fa1d6d0f927f - - - [NXLOG@14506 bosh_deployment="cf-warden" bosh_job_name="loggregator_trafficcontroller_z1" bosh_job_index="0" filename="/var/vcap/data/sys/log/route_registrar/route_registrar.stdout.log"] {"timestamp":"1475179526.734439850","source":"Route Registrar","message":"Route Registrar.no healthchecker found for route","log_level":1,"data":{"route":{"Name":"doppler","Port":8081,"Tags":null,"URIs":["doppler.bosh-lite.com"],"RouteServiceUrl":"","RegistrationInterval":20000000000,"HealthCheck":null}}}

2016-09-29T20:05:26.980849+00:00 bfc626ef-a2eb-4bad-8f71-fa1d6d0f927f - - - [NXLOG@14506 bosh_deployment="cf-warden" bosh_job_name="loggregator_trafficcontroller_z1" bosh_job_index="0" filename="/var/vcap/data/sys/log/route_registrar/route_registrar.stdout.log"] {"timestamp":"1475179526.734752655","source":"Route Registrar","message":"Route Registrar.Registering route","log_level":1,"data":{"route":{"Name":"doppler","Port":8081,"Tags":null,"URIs":["doppler.bosh-lite.com"],"RouteServiceUrl":"","RegistrationInterval":20000000000,"HealthCheck":null}}}

2016-09-29T20:05:26.980916+00:00 bfc626ef-a2eb-4bad-8f71-fa1d6d0f927f - - - [NXLOG@14506 bosh_deployment="cf-warden" bosh_job_name="loggregator_trafficcontroller_z1" bosh_job_index="0" filename="/var/vcap/data/sys/log/route_registrar/route_registrar.stdout.log"] {"timestamp":"1475179526.734835863","source":"Route Registrar","message":"Route Registrar.Registered routes successfully","log_level":1,"data":{}}

2016-09-29T20:05:26.981040+00:00 bfc626ef-a2eb-4bad-8f71-fa1d6d0f927f - - - [NXLOG@14506 bosh_deployment="cf-warden" bosh_job_name="loggregator_trafficcontroller_z1" bosh_job_index="0" filename="/var/vcap/data/sys/log/route_registrar/route_registrar.stdout.log"] {"timestamp":"1475179526.734858751","source":"Route Registrar","message":"Route Registrar.no healthchecker found for route","log_level":1,"data":{"route":{"Name":"loggregator","Port":8080,"Tags":null,"URIs":["loggregator.bosh-lite.com"],"RouteServiceUrl":"","RegistrationInterval":20000000000,"HealthCheck":null}}}

2016-09-29T20:05:26.981186+00:00 bfc626ef-a2eb-4bad-8f71-fa1d6d0f927f - - - [NXLOG@14506 bosh_deployment="cf-warden" bosh_job_name="loggregator_trafficcontroller_z1" bosh_job_index="0" filename="/var/vcap/data/sys/log/route_registrar/route_registrar.stdout.log"] {"timestamp":"1475179526.734879494","source":"Route Registrar","message":"Route Registrar.Registering route","log_level":1,"data":{"route":{"Name":"loggregator","Port":8080,"Tags":null,"URIs":["loggregator.bosh-lite.com"],"RouteServiceUrl":"","RegistrationInterval":20000000000,"HealthCheck":null}}}

2016-09-29T20:05:26.981260+00:00 bfc626ef-a2eb-4bad-8f71-fa1d6d0f927f - - - [NXLOG@14506 bosh_deployment="cf-warden" bosh_job_name="loggregator_trafficcontroller_z1" bosh_job_index="0" filename="/var/vcap/data/sys/log/route_registrar/route_registrar.stdout.log"] {"timestamp":"1475179526.734900236","source":"Route Registrar","message":"Route Registrar.Registered routes successfully","log_level":1,"data":{}}

2016-09-29T20:05:27.125375+00:00 05bf1627-ae2f-400c-b1ce-31973a9ff23f - - - [NXLOG@14506 bosh_deployment="cf-warden" bosh_job_name="uaa_z1" bosh_job_index="0" filename="/var/vcap/data/sys/log/uaa/localhost_access.log"] 127.0.0.1 - - [29/Sep/2016:20:05:10 +0000] "GET /healthz HTTP/1.1" 200 3

2016-09-29T20:05:27.125496+00:00 05bf1627-ae2f-400c-b1ce-31973a9ff23f - - - [NXLOG@14506 bosh_deployment="cf-warden" bosh_job_name="uaa_z1" bosh_job_index="0" filename="/var/vcap/data/sys/log/uaa/localhost_access.log"] 127.0.0.1 - - [29/Sep/2016:20:05:10 +0000] "GET /healthz HTTP/1.1" 200 3

2016-09-29T20:05:27.125540+00:00 05bf1627-ae2f-400c-b1ce-31973a9ff23f - - - [NXLOG@14506 bosh_deployment="cf-warden" bosh_job_name="uaa_z1" bosh_job_index="0" filename="/var/vcap/data/sys/log/uaa/localhost_access.log"] 127.0.0.1 - - [29/Sep/2016:20:05:14 +0000] "GET /healthz HTTP/1.1" 200 3

2016-09-29T20:05:27.125579+00:00 05bf1627-ae2f-400c-b1ce-31973a9ff23f - - - [NXLOG@14506 bosh_deployment="cf-warden" bosh_job_name="uaa_z1" bosh_job_index="0" filename="/var/vcap/data/sys/log/route_registrar/route_registrar.stdout.log"] {"timestamp":"1475179518.808184147","source":"Route Registrar","message":"Route Registrar.Executing script","log_level":1,"data":{"scriptPath":"/var/vcap/jobs/uaa/bin/health_check"}}

2016-09-29T20:05:27.125618+00:00 05bf1627-ae2f-400c-b1ce-31973a9ff23f - - - [NXLOG@14506 bosh_deployment="cf-warden" bosh_job_name="uaa_z1" bosh_job_index="0" filename="/var/vcap/data/sys/log/route_registrar/route_registrar.stdout.log"] {"timestamp":"1475179518.818945646","source":"Route Registrar","message":"Route Registrar.Script exited without error","log_level":1,"data":{"script":"/var/vcap/jobs/uaa/bin/health_check","stderr":"  % Total    % Received % Xferd  Average Speed   Time    Time     Time  Current\n                                 Dload  Upload   Total   Spent    Left  Speed\n\r  0     0    0     0    0     0      0      0 --:--:-- --:--:-- --:--:--     0\r100     3  100     3    0     0   1694      0 --:--:-- --:--:-- --:--:--  3000\n","stdout":""}}

2016-09-29T20:05:27.125684+00:00 05bf1627-ae2f-400c-b1ce-31973a9ff23f - - - [NXLOG@14506 bosh_deployment="cf-warden" bosh_job_name="uaa_z1" bosh_job_index="0" filename="/var/vcap/data/sys/log/route_registrar/route_registrar.stdout.log"] {"timestamp":"1475179518.819030046","source":"Route Registrar","message":"Route Registrar.healthchecker returned healthy for route","log_level":1,"data":{"route":{"Name":"uaa","Port":8080,"Tags":{"component":"uaa"},"URIs":["uaa.bosh-lite.com","*.uaa.bosh-lite.com","login.bosh-lite.com","*.login.bosh-lite.com"],"RouteServiceUrl":"","RegistrationInterval":4000000000,"HealthCheck":{"Name":"uaa-healthcheck","ScriptPath":"/var/vcap/jobs/uaa/bin/health_check","Timeout":2000000000}}}}

2016-09-29T20:05:36.990063+00:00 fc52b791-0068-48d0-b63d-a9600b8fa32e - - - [NXLOG@14506 bosh_deployment="cf-warden" bosh_job_name="runner_z1" bosh_job_index="0" filename="/var/vcap/data/sys/log/dea_next/dea_next.log"] {"timestamp":1475179531.7891812,"message":"hm9000.heartbeat.sending","log_level":"debug","source":"Dea::Bootstrap","data":{"destination":"https://listener-hm9000.service.cf.internal:5335/dea/heartbeat"},"thread_id":47241037142420,"fiber_id":47241050325380,"process_id":6941,"file":"/var/vcap/packages/dea_next/lib/dea/utils/hm9000.rb","lineno":29,"method":"send_heartbeat"}

2016-09-29T20:05:36.990221+00:00 fc52b791-0068-48d0-b63d-a9600b8fa32e - - - [NXLOG@14506 bosh_deployment="cf-warden" bosh_job_name="runner_z1" bosh_job_index="0" filename="/var/vcap/data/sys/log/dea_next/dea_next.log"] {"timestamp":1475179531.7918355,"message":"hm9000.heartbeat.accepted","log_level":"debug","source":"Dea::Bootstrap","data":{},"thread_id":47241047596160,"fiber_id":47241049873700,"process_id":6941,"file":"/var/vcap/packages/dea_next/lib/dea/utils/hm9000.rb","lineno":49,"method":"handle_http_response"}

2016-09-29T20:05:36.990490+00:00 fc52b791-0068-48d0-b63d-a9600b8fa32e - - - [NXLOG@14506 bosh_deployment="cf-warden" bosh_job_name="runner_z1" bosh_job_index="0" filename="/var/vcap/data/sys/log/dea_next/dea_next.log"] {"timestamp":1475179536.103152,"message":"Reaping orphaned containers","log_level":"debug","source":"Dea::Bootstrap","data":{},"thread_id":47241037142420,"fiber_id":47241050325380,"process_id":6941,"file":"/var/vcap/packages/dea_next/lib/dea/bootstrap.rb","lineno":236,"method":"reap_orphaned_containers"}

2016-09-29T20:05:37.125885+00:00 f0562343-642f-42d4-aca5-293abe675815 - - - [NXLOG@14506 bosh_deployment="cf-warden" bosh_job_name="blobstore_z1" bosh_job_index="0" filename="/var/vcap/data/sys/log/route_registrar/route_registrar.stdout.log"] {"timestamp":"1475179528.514253855","source":"Route Registrar","message":"Route Registrar.no healthchecker found for route","log_level":1,"data":{"route":{"Name":"blobstore","Port":80,"Tags":{"component":"blobstore"},"URIs":["blobstore.bosh-lite.com"],"RouteServiceUrl":"","RegistrationInterval":20000000000,"HealthCheck":null}}}

2016-09-29T20:05:37.126059+00:00 f0562343-642f-42d4-aca5-293abe675815 - - - [NXLOG@14506 bosh_deployment="cf-warden" bosh_job_name="blobstore_z1" bosh_job_index="0" filename="/var/vcap/data/sys/log/route_registrar/route_registrar.stdout.log"] {"timestamp":"1475179528.514366627","source":"Route Registrar","message":"Route Registrar.Registering route","log_level":1,"data":{"route":{"Name":"blobstore","Port":80,"Tags":{"component":"blobstore"},"URIs":["blobstore.bosh-lite.com"],"RouteServiceUrl":"","RegistrationInterval":20000000000,"HealthCheck":null}}}

2016-09-29T20:05:37.126123+00:00 f0562343-642f-42d4-aca5-293abe675815 - - - [NXLOG@14506 bosh_deployment="cf-warden" bosh_job_name="blobstore_z1" bosh_job_index="0" filename="/var/vcap/data/sys/log/route_registrar/route_registrar.stdout.log"] {"timestamp":"1475179528.514510632","source":"Route Registrar","message":"Route Registrar.Registered routes successfully","log_level":1,"data":{}}

2016-09-29T20:05:37.130233+00:00 05bf1627-ae2f-400c-b1ce-31973a9ff23f - - - [NXLOG@14506 bosh_deployment="cf-warden" bosh_job_name="uaa_z1" bosh_job_index="0" filename="/var/vcap/data/sys/log/uaa/localhost_access.log"] 127.0.0.1 - - [29/Sep/2016:20:05:18 +0000] "GET /healthz HTTP/1.1" 200 3

2016-09-29T20:05:37.130445+00:00 05bf1627-ae2f-400c-b1ce-31973a9ff23f - - - [NXLOG@14506 bosh_deployment="cf-warden" bosh_job_name="uaa_z1" bosh_job_index="0" filename="/var/vcap/data/sys/log/uaa/localhost_access.log"] 127.0.0.1 - - [29/Sep/2016:20:05:20 +0000] "GET /healthz HTTP/1.1" 200 3

2016-09-29T20:05:37.130578+00:00 05bf1627-ae2f-400c-b1ce-31973a9ff23f - - - [NXLOG@14506 bosh_deployment="cf-warden" bosh_job_name="uaa_z1" bosh_job_index="0" filename="/var/vcap/data/sys/log/uaa/localhost_access.log"] 127.0.0.1 - - [29/Sep/2016:20:05:22 +0000] "GET /healthz HTTP/1.1" 200 3

2016-09-29T20:05:37.130672+00:00 05bf1627-ae2f-400c-b1ce-31973a9ff23f - - - [NXLOG@14506 bosh_deployment="cf-warden" bosh_job_name="uaa_z1" bosh_job_index="0" filename="/var/vcap/data/sys/log/uaa/localhost_access.log"] 127.0.0.1 - - [29/Sep/2016:20:05:26 +0000] "GET /healthz HTTP/1.1" 200 3

2016-09-29T20:05:37.130712+00:00 05bf1627-ae2f-400c-b1ce-31973a9ff23f - - - [NXLOG@14506 bosh_deployment="cf-warden" bosh_job_name="uaa_z1" bosh_job_index="0" filename="/var/vcap/data/sys/log/route_registrar/route_registrar.stdout.log"] {"timestamp":"1475179530.811045647","source":"Route Registrar","message":"Route Registrar.Executing script","log_level":1,"data":{"scriptPath":"/var/vcap/jobs/uaa/bin/health_check"}}

2016-09-29T20:05:37.130750+00:00 05bf1627-ae2f-400c-b1ce-31973a9ff23f - - - [NXLOG@14506 bosh_deployment="cf-warden" bosh_job_name="uaa_z1" bosh_job_index="0" filename="/var/vcap/data/sys/log/route_registrar/route_registrar.stdout.log"] {"timestamp":"1475179530.823829412","source":"Route Registrar","message":"Route Registrar.Script exited without error","log_level":1,"data":{"script":"/var/vcap/jobs/uaa/bin/health_check","stderr":"  % Total    % Received % Xferd  Average Speed   Time    Time     Time  Current\n                                 Dload  Upload   Total   Spent    Left  Speed\n\r  0     0    0     0    0     0      0      0 --:--:-- --:--:-- --:--:--     0\r100     3  100     3    0     0   3389      0 --:--:-- --:--:-- --:--:--  3000\n","stdout":""}}

2016-09-29T20:05:37.130860+00:00 05bf1627-ae2f-400c-b1ce-31973a9ff23f - - - [NXLOG@14506 bosh_deployment="cf-warden" bosh_job_name="uaa_z1" bosh_job_index="0" filename="/var/vcap/data/sys/log/route_registrar/route_registrar.stdout.log"] {"timestamp":"1475179530.823911190","source":"Route Registrar","message":"Route Registrar.healthchecker returned healthy for route","log_level":1,"data":{"route":{"Name":"uaa","Port":8080,"Tags":{"component":"uaa"},"URIs":["uaa.bosh-lite.com","*.uaa.bosh-lite.com","login.bosh-lite.com","*.login.bosh-lite.com"],"RouteServiceUrl":"","RegistrationInterval":4000000000,"HealthCheck":{"Name":"uaa-healthcheck","ScriptPath":"/var/vcap/jobs/uaa/bin/health_check","Timeout":2000000000}}}}

2016-09-29T20:05:37.131010+00:00 05bf1627-ae2f-400c-b1ce-31973a9ff23f - - - [NXLOG@14506 bosh_deployment="cf-warden" bosh_job_name="uaa_z1" bosh_job_index="0" filename="/var/vcap/data/sys/log/route_registrar/route_registrar.stdout.log"] {"timestamp":"1475179530.823936939","source":"Route Registrar","message":"Route Registrar.Registering route","log_level":1,"data":{"route":{"Name":"uaa","Port":8080,"Tags":{"component":"uaa"},"URIs":["uaa.bosh-lite.com","*.uaa.bosh-lite.com","login.bosh-lite.com","*.login.bosh-lite.com"],"RouteServiceUrl":"","RegistrationInterval":4000000000,"HealthCheck":{"Name":"uaa-healthcheck","ScriptPath":"/var/vcap/jobs/uaa/bin/health_check","Timeout":2000000000}}}}

2016-09-29T20:05:37.131033+00:00 05bf1627-ae2f-400c-b1ce-31973a9ff23f - - - [NXLOG@14506 bosh_deployment="cf-warden" bosh_job_name="uaa_z1" bosh_job_index="0" filename="/var/vcap/data/sys/log/route_registrar/route_registrar.stdout.log"] {"timestamp":"1475179530.824009895","source":"Route Registrar","message":"Route Registrar.Registered routes successfully","log_level":1,"data":{}}

2016-09-29T20:05:37.131058+00:00 05bf1627-ae2f-400c-b1ce-31973a9ff23f - - - [NXLOG@14506 bosh_deployment="cf-warden" bosh_job_name="uaa_z1" bosh_job_index="0" filename="/var/vcap/data/sys/log/route_registrar/route_registrar.stdout.log"] {"timestamp":"1475179534.808220863","source":"Route Registrar","message":"Route Registrar.Executing script","log_level":1,"data":{"scriptPath":"/var/vcap/jobs/uaa/bin/health_check"}}

2016-09-29T20:05:37.131070+00:00 05bf1627-ae2f-400c-b1ce-31973a9ff23f - - - [NXLOG@14506 bosh_deployment="cf-warden" bosh_job_name="uaa_z1" bosh_job_index="0" filename="/var/vcap/data/sys/log/route_registrar/route_registrar.stdout.log"] {"timestamp":"1475179534.818482399","source":"Route Registrar","message":"Route Registrar.Script exited without error","log_level":1,"data":{"script":"/var/vcap/jobs/uaa/bin/health_check","stderr":"  % Total    % Received % Xferd  Average Speed   Time    Time     Time  Current\n                                 Dload  Upload   Total   Spent    Left  Speed\n\r  0     0    0     0    0     0      0      0 --:--:-- --:--:-- --:--:--     0\r100     3  100     3    0     0   2868      0 --:--:-- --:--:-- --:--:--  3000\n","stdout":""}}

2016-09-29T20:05:37.131084+00:00 05bf1627-ae2f-400c-b1ce-31973a9ff23f - - - [NXLOG@14506 bosh_deployment="cf-warden" bosh_job_name="uaa_z1" bosh_job_index="0" filename="/var/vcap/data/sys/log/route_registrar/route_registrar.stdout.log"] {"timestamp":"1475179534.818592548","source":"Route Registrar","message":"Route Registrar.healthchecker returned healthy for route","log_level":1,"data":{"route":{"Name":"uaa","Port":8080,"Tags":{"component":"uaa"},"URIs":["uaa.bosh-lite.com","*.uaa.bosh-lite.com","login.bosh-lite.com","*.login.bosh-lite.com"],"RouteServiceUrl":"","RegistrationInterval":4000000000,"HealthCheck":{"Name":"uaa-healthcheck","ScriptPath":"/var/vcap/jobs/uaa/bin/health_check","Timeout":2000000000}}}}

2016-09-29T20:05:37.131102+00:00 05bf1627-ae2f-400c-b1ce-31973a9ff23f - - - [NXLOG@14506 bosh_deployment="cf-warden" bosh_job_name="uaa_z1" bosh_job_index="0" filename="/var/vcap/data/sys/log/route_registrar/route_registrar.stdout.log"] {"timestamp":"1475179534.818616867","source":"Route Registrar","message":"Route Registrar.Registering route","log_level":1,"data":{"route":{"Name":"uaa","Port":8080,"Tags":{"component":"uaa"},"URIs":["uaa.bosh-lite.com","*.uaa.bosh-lite.com","login.bosh-lite.com","*.login.bosh-lite.com"],"RouteServiceUrl":"","RegistrationInterval":4000000000,"HealthCheck":{"Name":"uaa-healthcheck","ScriptPath":"/var/vcap/jobs/uaa/bin/health_check","Timeout":2000000000}}}}

2016-09-29T20:05:37.131122+00:00 05bf1627-ae2f-400c-b1ce-31973a9ff23f - - - [NXLOG@14506 bosh_deployment="cf-warden" bosh_job_name="uaa_z1" bosh_job_index="0" filename="/var/vcap/data/sys/log/route_registrar/route_registrar.stdout.log"] {"timestamp":"1475179534.818691492","source":"Route Registrar","message":"Route Registrar.Registered routes successfully","log_level":1,"data":{}}

2016-09-29T20:05:37.131133+00:00 05bf1627-ae2f-400c-b1ce-31973a9ff23f - - - [NXLOG@14506 bosh_deployment="cf-warden" bosh_job_name="uaa_z1" bosh_job_index="0" filename="/var/vcap/data/sys/log/uaa/uaa.log"] [2016-09-29 20:05:30.769] uaa - 19013 [http-nio-127.0.0.1-8989-exec-10] .... DEBUG --- AntPathRequestMatcher: Checking match of request : '/healthz'; against '/resources/**'

2016-09-29T20:05:37.131144+00:00 05bf1627-ae2f-400c-b1ce-31973a9ff23f - - - [NXLOG@14506 bosh_deployment="cf-warden" bosh_job_name="uaa_z1" bosh_job_index="0" filename="/var/vcap/data/sys/log/uaa/uaa.log"] [2016-09-29 20:05:30.769] uaa - 19013 [http-nio-127.0.0.1-8989-exec-10] .... DEBUG --- AntPathRequestMatcher: Checking match of request : '/healthz'; against '/square-logo.png'

2016-09-29T20:05:37.131230+00:00 05bf1627-ae2f-400c-b1ce-31973a9ff23f - - - [NXLOG@14506 bosh_deployment="cf-warden" bosh_job_name="uaa_z1" bosh_job_index="0" filename="/var/vcap/data/sys/log/uaa/uaa.log"] [2016-09-29 20:05:30.769] uaa - 19013 [http-nio-127.0.0.1-8989-exec-10] .... DEBUG --- AntPathRequestMatcher: Checking match of request : '/healthz'; against '/info'

2016-09-29T20:05:37.131272+00:00 05bf1627-ae2f-400c-b1ce-31973a9ff23f - - - [NXLOG@14506 bosh_deployment="cf-warden" bosh_job_name="uaa_z1" bosh_job_index="0" filename="/var/vcap/data/sys/log/uaa/uaa.log"] [2016-09-29 20:05:30.769] uaa - 19013 [http-nio-127.0.0.1-8989-exec-10] .... DEBUG --- AntPathRequestMatcher: Checking match of request : '/healthz'; against '/password/**'

2016-09-29T20:05:37.131310+00:00 05bf1627-ae2f-400c-b1ce-31973a9ff23f - - - [NXLOG@14506 bosh_deployment="cf-warden" bosh_job_name="uaa_z1" bosh_job_index="0" filename="/var/vcap/data/sys/log/uaa/uaa.log"] [2016-09-29 20:05:30.769] uaa - 19013 [http-nio-127.0.0.1-8989-exec-10] .... DEBUG --- AntPathRequestMatcher: Checking match of request : '/healthz'; against '/healthz/**'

2016-09-29T20:05:37.131334+00:00 05bf1627-ae2f-400c-b1ce-31973a9ff23f - - - [NXLOG@14506 bosh_deployment="cf-warden" bosh_job_name="uaa_z1" bosh_job_index="0" filename="/var/vcap/data/sys/log/uaa/uaa.log"] [2016-09-29 20:05:30.769] uaa - 19013 [http-nio-127.0.0.1-8989-exec-10] .... DEBUG --- FilterChainProxy: /healthz has an empty filter list

2016-09-29T20:05:37.131347+00:00 05bf1627-ae2f-400c-b1ce-31973a9ff23f - - - [NXLOG@14506 bosh_deployment="cf-warden" bosh_job_name="uaa_z1" bosh_job_index="0" filename="/var/vcap/data/sys/log/uaa/uaa.log"] [2016-09-29 20:05:30.769] uaa - 19013 [http-nio-127.0.0.1-8989-exec-10] .... DEBUG --- DispatcherServlet: DispatcherServlet with name 'spring' processing GET request for [/healthz]

2016-09-29T20:05:37.131357+00:00 05bf1627-ae2f-400c-b1ce-31973a9ff23f - - - [NXLOG@14506 bosh_deployment="cf-warden" bosh_job_name="uaa_z1" bosh_job_index="0" filename="/var/vcap/data/sys/log/uaa/uaa.log"] [2016-09-29 20:05:30.769] uaa - 19013 [http-nio-127.0.0.1-8989-exec-10] .... DEBUG --- DispatcherServlet: Last-Modified value for [/healthz] is: -1

2016-09-29T20:05:37.131368+00:00 05bf1627-ae2f-400c-b1ce-31973a9ff23f - - - [NXLOG@14506 bosh_deployment="cf-warden" bosh_job_name="uaa_z1" bosh_job_index="0" filename="/var/vcap/data/sys/log/uaa/uaa.log"] [2016-09-29 20:05:30.769] uaa - 19013 [http-nio-127.0.0.1-8989-exec-10] .... DEBUG --- RequestResponseBodyMethodProcessor: Written [ok

2016-09-29T20:05:37.131936+00:00 05bf1627-ae2f-400c-b1ce-31973a9ff23f - - - [NXLOG@14506 bosh_deployment="cf-warden" bosh_job_name="uaa_z1" bosh_job_index="0" filename="/var/vcap/data/sys/log/uaa/uaa.log"] ] as "text/plain;charset=ISO-8859-1" using [org.springframework.http.converter.StringHttpMessageConverter@178b2baf]

2016-09-29T20:05:37.131987+00:00 05bf1627-ae2f-400c-b1ce-31973a9ff23f - - - [NXLOG@14506 bosh_deployment="cf-warden" bosh_job_name="uaa_z1" bosh_job_index="0" filename="/var/vcap/data/sys/log/uaa/uaa.log"] [2016-09-29 20:05:30.769] uaa - 19013 [http-nio-127.0.0.1-8989-exec-10] .... DEBUG --- DispatcherServlet: Null ModelAndView returned to DispatcherServlet with name 'spring': assuming HandlerAdapter completed request handling

2016-09-29T20:05:37.132011+00:00 05bf1627-ae2f-400c-b1ce-31973a9ff23f - - - [NXLOG@14506 bosh_deployment="cf-warden" bosh_job_name="uaa_z1" bosh_job_index="0" filename="/var/vcap/data/sys/log/uaa/uaa.log"] [2016-09-29 20:05:30.769] uaa - 19013 [http-nio-127.0.0.1-8989-exec-10] .... DEBUG --- DispatcherServlet: Successfully completed request

2016-09-29T20:05:37.132032+00:00 05bf1627-ae2f-400c-b1ce-31973a9ff23f - - - [NXLOG@14506 bosh_deployment="cf-warden" bosh_job_name="uaa_z1" bosh_job_index="0" filename="/var/vcap/data/sys/log/uaa/uaa.log"] [2016-09-29 20:05:30.821] uaa - 19013 [http-nio-127.0.0.1-8989-exec-4] .... DEBUG --- AntPathRequestMatcher: Checking match of request : '/healthz'; against '/resources/**'

2016-09-29T20:05:37.132052+00:00 05bf1627-ae2f-400c-b1ce-31973a9ff23f - - - [NXLOG@14506 bosh_deployment="cf-warden" bosh_job_name="uaa_z1" bosh_job_index="0" filename="/var/vcap/data/sys/log/uaa/uaa.log"] [2016-09-29 20:05:30.822] uaa - 19013 [http-nio-127.0.0.1-8989-exec-4] .... DEBUG --- AntPathRequestMatcher: Checking match of request : '/healthz'; against '/square-logo.png'

2016-09-29T20:05:37.132088+00:00 05bf1627-ae2f-400c-b1ce-31973a9ff23f - - - [NXLOG@14506 bosh_deployment="cf-warden" bosh_job_name="uaa_z1" bosh_job_index="0" filename="/var/vcap/data/sys/log/uaa/uaa.log"] [2016-09-29 20:05:30.822] uaa - 19013 [http-nio-127.0.0.1-8989-exec-4] .... DEBUG --- AntPathRequestMatcher: Checking match of request : '/healthz'; against '/info'

2016-09-29T20:05:37.132111+00:00 05bf1627-ae2f-400c-b1ce-31973a9ff23f - - - [NXLOG@14506 bosh_deployment="cf-warden" bosh_job_name="uaa_z1" bosh_job_index="0" filename="/var/vcap/data/sys/log/uaa/uaa.log"] [2016-09-29 20:05:30.822] uaa - 19013 [http-nio-127.0.0.1-8989-exec-4] .... DEBUG --- AntPathRequestMatcher: Checking match of request : '/healthz'; against '/password/**'

2016-09-29T20:05:37.132131+00:00 05bf1627-ae2f-400c-b1ce-31973a9ff23f - - - [NXLOG@14506 bosh_deployment="cf-warden" bosh_job_name="uaa_z1" bosh_job_index="0" filename="/var/vcap/data/sys/log/uaa/uaa.log"] [2016-09-29 20:05:30.822] uaa - 19013 [http-nio-127.0.0.1-8989-exec-4] .... DEBUG --- AntPathRequestMatcher: Checking match of request : '/healthz'; against '/healthz/**'

2016-09-29T20:05:37.132151+00:00 05bf1627-ae2f-400c-b1ce-31973a9ff23f - - - [NXLOG@14506 bosh_deployment="cf-warden" bosh_job_name="uaa_z1" bosh_job_index="0" filename="/var/vcap/data/sys/log/uaa/uaa.log"] [2016-09-29 20:05:30.822] uaa - 19013 [http-nio-127.0.0.1-8989-exec-4] .... DEBUG --- FilterChainProxy: /healthz has an empty filter list

2016-09-29T20:05:37.132169+00:00 05bf1627-ae2f-400c-b1ce-31973a9ff23f - - - [NXLOG@14506 bosh_deployment="cf-warden" bosh_job_name="uaa_z1" bosh_job_index="0" filename="/var/vcap/data/sys/log/uaa/uaa.log"] [2016-09-29 20:05:30.822] uaa - 19013 [http-nio-127.0.0.1-8989-exec-4] .... DEBUG --- DispatcherServlet: DispatcherServlet with name 'spring' processing GET request for [/healthz]

2016-09-29T20:05:37.132203+00:00 05bf1627-ae2f-400c-b1ce-31973a9ff23f - - - [NXLOG@14506 bosh_deployment="cf-warden" bosh_job_name="uaa_z1" bosh_job_index="0" filename="/var/vcap/data/sys/log/uaa/uaa.log"] [2016-09-29 20:05:30.822] uaa - 19013 [http-nio-127.0.0.1-8989-exec-4] .... DEBUG --- DispatcherServlet: Last-Modified value for [/healthz] is: -1

2016-09-29T20:05:37.132222+00:00 05bf1627-ae2f-400c-b1ce-31973a9ff23f - - - [NXLOG@14506 bosh_deployment="cf-warden" bosh_job_name="uaa_z1" bosh_job_index="0" filename="/var/vcap/data/sys/log/uaa/uaa.log"] [2016-09-29 20:05:30.822] uaa - 19013 [http-nio-127.0.0.1-8989-exec-4] .... DEBUG --- RequestResponseBodyMethodProcessor: Written [ok

2016-09-29T20:05:37.132241+00:00 05bf1627-ae2f-400c-b1ce-31973a9ff23f - - - [NXLOG@14506 bosh_deployment="cf-warden" bosh_job_name="uaa_z1" bosh_job_index="0" filename="/var/vcap/data/sys/log/uaa/uaa.log"] ] as "text/plain;charset=ISO-8859-1" using [org.springframework.http.converter.StringHttpMessageConverter@178b2baf]

2016-09-29T20:05:37.132261+00:00 05bf1627-ae2f-400c-b1ce-31973a9ff23f - - - [NXLOG@14506 bosh_deployment="cf-warden" bosh_job_name="uaa_z1" bosh_job_index="0" filename="/var/vcap/data/sys/log/uaa/uaa.log"] [2016-09-29 20:05:30.822] uaa - 19013 [http-nio-127.0.0.1-8989-exec-4] .... DEBUG --- DispatcherServlet: Null ModelAndView returned to DispatcherServlet with name 'spring': assuming HandlerAdapter completed request handling

2016-09-29T20:05:37.132294+00:00 05bf1627-ae2f-400c-b1ce-31973a9ff23f - - - [NXLOG@14506 bosh_deployment="cf-warden" bosh_job_name="uaa_z1" bosh_job_index="0" filename="/var/vcap/data/sys/log/uaa/uaa.log"] [2016-09-29 20:05:30.822] uaa - 19013 [http-nio-127.0.0.1-8989-exec-4] .... DEBUG --- DispatcherServlet: Successfully completed request

2016-09-29T20:05:37.132318+00:00 05bf1627-ae2f-400c-b1ce-31973a9ff23f - - - [NXLOG@14506 bosh_deployment="cf-warden" bosh_job_name="uaa_z1" bosh_job_index="0" filename="/var/vcap/data/sys/log/uaa/uaa.log"] [2016-09-29 20:05:31.156] uaa - 19013 [pool-2-thread-1] .... DEBUG --- JdbcTemplate: Executing SQL query [select count(*) from oauth_client_details]

2016-09-29T20:05:37.132337+00:00 05bf1627-ae2f-400c-b1ce-31973a9ff23f - - - [NXLOG@14506 bosh_deployment="cf-warden" bosh_job_name="uaa_z1" bosh_job_index="0" filename="/var/vcap/data/sys/log/uaa/uaa.log"] [2016-09-29 20:05:31.158] uaa - 19013 [pool-2-thread-1] .... DEBUG --- JdbcTemplate: Executing SQL query [select count(*) from users]

2016-09-29T20:05:37.132356+00:00 05bf1627-ae2f-400c-b1ce-31973a9ff23f - - - [NXLOG@14506 bosh_deployment="cf-warden" bosh_job_name="uaa_z1" bosh_job_index="0" filename="/var/vcap/data/sys/log/uaa/uaa.log"] [2016-09-29 20:05:34.816] uaa - 19013 [http-nio-127.0.0.1-8989-exec-2] .... DEBUG --- AntPathRequestMatcher: Checking match of request : '/healthz'; against '/resources/**'

2016-09-29T20:05:37.132374+00:00 05bf1627-ae2f-400c-b1ce-31973a9ff23f - - - [NXLOG@14506 bosh_deployment="cf-warden" bosh_job_name="uaa_z1" bosh_job_index="0" filename="/var/vcap/data/sys/log/uaa/uaa.log"] [2016-09-29 20:05:34.816] uaa - 19013 [http-nio-127.0.0.1-8989-exec-2] .... DEBUG --- AntPathRequestMatcher: Checking match of request : '/healthz'; against '/square-logo.png'

2016-09-29T20:05:37.132407+00:00 05bf1627-ae2f-400c-b1ce-31973a9ff23f - - - [NXLOG@14506 bosh_deployment="cf-warden" bosh_job_name="uaa_z1" bosh_job_index="0" filename="/var/vcap/data/sys/log/uaa/uaa.log"] [2016-09-29 20:05:34.816] uaa - 19013 [http-nio-127.0.0.1-8989-exec-2] .... DEBUG --- AntPathRequestMatcher: Checking match of request : '/healthz'; against '/info'

2016-09-29T20:05:37.132426+00:00 05bf1627-ae2f-400c-b1ce-31973a9ff23f - - - [NXLOG@14506 bosh_deployment="cf-warden" bosh_job_name="uaa_z1" bosh_job_index="0" filename="/var/vcap/data/sys/log/uaa/uaa.log"] [2016-09-29 20:05:34.816] uaa - 19013 [http-nio-127.0.0.1-8989-exec-2] .... DEBUG --- AntPathRequestMatcher: Checking match of request : '/healthz'; against '/password/**'

2016-09-29T20:05:37.132444+00:00 05bf1627-ae2f-400c-b1ce-31973a9ff23f - - - [NXLOG@14506 bosh_deployment="cf-warden" bosh_job_name="uaa_z1" bosh_job_index="0" filename="/var/vcap/data/sys/log/uaa/uaa.log"] [2016-09-29 20:05:34.816] uaa - 19013 [http-nio-127.0.0.1-8989-exec-2] .... DEBUG --- AntPathRequestMatcher: Checking match of request : '/healthz'; against '/healthz/**'

2016-09-29T20:05:37.132475+00:00 05bf1627-ae2f-400c-b1ce-31973a9ff23f - - - [NXLOG@14506 bosh_deployment="cf-warden" bosh_job_name="uaa_z1" bosh_job_index="0" filename="/var/vcap/data/sys/log/uaa/uaa.log"] [2016-09-29 20:05:34.816] uaa - 19013 [http-nio-127.0.0.1-8989-exec-2] .... DEBUG --- FilterChainProxy: /healthz has an empty filter list

2016-09-29T20:05:37.132495+00:00 05bf1627-ae2f-400c-b1ce-31973a9ff23f - - - [NXLOG@14506 bosh_deployment="cf-warden" bosh_job_name="uaa_z1" bosh_job_index="0" filename="/var/vcap/data/sys/log/uaa/uaa.log"] [2016-09-29 20:05:34.816] uaa - 19013 [http-nio-127.0.0.1-8989-exec-2] .... DEBUG --- DispatcherServlet: DispatcherServlet with name 'spring' processing GET request for [/healthz]

2016-09-29T20:05:37.132515+00:00 05bf1627-ae2f-400c-b1ce-31973a9ff23f - - - [NXLOG@14506 bosh_deployment="cf-warden" bosh_job_name="uaa_z1" bosh_job_index="0" filename="/var/vcap/data/sys/log/uaa/uaa.log"] [2016-09-29 20:05:34.816] uaa - 19013 [http-nio-127.0.0.1-8989-exec-2] .... DEBUG --- DispatcherServlet: Last-Modified value for [/healthz] is: -1

2016-09-29T20:05:37.132534+00:00 05bf1627-ae2f-400c-b1ce-31973a9ff23f - - - [NXLOG@14506 bosh_deployment="cf-warden" bosh_job_name="uaa_z1" bosh_job_index="0" filename="/var/vcap/data/sys/log/uaa/uaa.log"] [2016-09-29 20:05:34.817] uaa - 19013 [http-nio-127.0.0.1-8989-exec-2] .... DEBUG --- RequestResponseBodyMethodProcessor: Written [ok

2016-09-29T20:05:37.132591+00:00 05bf1627-ae2f-400c-b1ce-31973a9ff23f - - - [NXLOG@14506 bosh_deployment="cf-warden" bosh_job_name="uaa_z1" bosh_job_index="0" filename="/var/vcap/data/sys/log/uaa/uaa.log"] ] as "text/plain;charset=ISO-8859-1" using [org.springframework.http.converter.StringHttpMessageConverter@178b2baf]

2016-09-29T20:05:37.132625+00:00 05bf1627-ae2f-400c-b1ce-31973a9ff23f - - - [NXLOG@14506 bosh_deployment="cf-warden" bosh_job_name="uaa_z1" bosh_job_index="0" filename="/var/vcap/data/sys/log/uaa/uaa.log"] [2016-09-29 20:05:34.817] uaa - 19013 [http-nio-127.0.0.1-8989-exec-2] .... DEBUG --- DispatcherServlet: Null ModelAndView returned to DispatcherServlet with name 'spring': assuming HandlerAdapter completed request handling

2016-09-29T20:05:37.132645+00:00 05bf1627-ae2f-400c-b1ce-31973a9ff23f - - - [NXLOG@14506 bosh_deployment="cf-warden" bosh_job_name="uaa_z1" bosh_job_index="0" filename="/var/vcap/data/sys/log/uaa/uaa.log"] [2016-09-29 20:05:34.817] uaa - 19013 [http-nio-127.0.0.1-8989-exec-2] .... DEBUG --- DispatcherServlet: Successfully completed request

2016-09-29T20:05:37.132663+00:00 05bf1627-ae2f-400c-b1ce-31973a9ff23f - - - [NXLOG@14506 bosh_deployment="cf-warden" bosh_job_name="uaa_z1" bosh_job_index="0" filename="/var/vcap/data/sys/log/uaa/uaa.log"] [2016-09-29 20:05:36.156] uaa - 19013 [pool-2-thread-1] .... DEBUG --- JdbcTemplate: Executing SQL query [select count(*) from oauth_client_details]

2016-09-29T20:05:37.132681+00:00 05bf1627-ae2f-400c-b1ce-31973a9ff23f - - - [NXLOG@14506 bosh_deployment="cf-warden" bosh_job_name="uaa_z1" bosh_job_index="0" filename="/var/vcap/data/sys/log/uaa/uaa.log"] [2016-09-29 20:05:36.158] uaa - 19013 [pool-2-thread-1] .... DEBUG --- JdbcTemplate: Executing SQL query [select count(*) from users]

2016-09-29T20:05:37.130823+00:00 b0fa19c0-86de-4447-a670-3f7adbd0b3c1 - - - [NXLOG@14506 bosh_deployment="cf-warden" bosh_job_name="api_z1" bosh_job_index="0" filename="/var/vcap/data/sys/log/cloud_controller_worker/cloud_controller_worker.log"] {"timestamp":1475179527.828062,"message":"(0.000458s) SELECT * FROM \"delayed_jobs\" WHERE ((((\"run_at\" <= '2016-09-29 20:05:27.826970+0000') AND (\"locked_at\" IS NULL)) OR (\"locked_by\" = 'cc_global_worker.api_z1.0.1')) AND (\"failed_at\" IS NULL) AND (\"queue\" IN ('cc-generic'))) ORDER BY \"priority\" ASC, \"run_at\" ASC LIMIT 5","log_level":"debug2","source":"cc.background","data":{},"thread_id":47193737007380,"fiber_id":47193773841900,"process_id":15807,"file":"/var/vcap/packages/cloud_controller_ng/cloud_controller_ng/vendor/bundle/ruby/2.3.0/gems/sequel-4.29.0/lib/sequel/database/logging.rb","lineno":70,"method":"block in log_each"}

2016-09-29T20:05:37.131191+00:00 b0fa19c0-86de-4447-a670-3f7adbd0b3c1 - - - [NXLOG@14506 bosh_deployment="cf-warden" bosh_job_name="api_z1" bosh_job_index="0" filename="/var/vcap/data/sys/log/cloud_controller_worker/cloud_controller_worker.log"] {"timestamp":1475179532.8499594,"message":"(0.000490s) SELECT * FROM \"delayed_jobs\" WHERE ((((\"run_at\" <= '2016-09-29 20:05:32.848995+0000') AND (\"locked_at\" IS NULL)) OR (\"locked_by\" = 'cc_global_worker.api_z1.0.1')) AND (\"failed_at\" IS NULL) AND (\"queue\" IN ('cc-generic'))) ORDER BY \"priority\" ASC, \"run_at\" ASC LIMIT 5","log_level":"debug2","source":"cc.background","data":{},"thread_id":47193737007380,"fiber_id":47193773841900,"process_id":15807,"file":"/var/vcap/packages/cloud_controller_ng/cloud_controller_ng/vendor/bundle/ruby/2.3.0/gems/sequel-4.29.0/lib/sequel/database/logging.rb","lineno":70,"method":"block in log_each"}

2016-09-29T20:05:37.131246+00:00 b0fa19c0-86de-4447-a670-3f7adbd0b3c1 - - - [NXLOG@14506 bosh_deployment="cf-warden" bosh_job_name="api_z1" bosh_job_index="0" filename="/var/vcap/data/sys/log/nginx_cc/nginx.access.log"] 10.244.0.138 - [29/Sep/2016:20:05:27 +0000] "GET /v2/info HTTP/1.1" 200 802 "-" "monit/5.2.5" 10.244.0.138 vcap_request_id:f6ac49a3-5988-48d5-8110-f6a272fbc74a response_time:0.004

2016-09-29T20:05:37.131290+00:00 b0fa19c0-86de-4447-a670-3f7adbd0b3c1 - - - [NXLOG@14506 bosh_deployment="cf-warden" bosh_job_name="api_z1" bosh_job_index="0" filename="/var/vcap/data/sys/log/nginx_cc/nginx.access.log"] api.bosh-lite.com - [29/Sep/2016:20:05:30 +0000] "GET /v2/syslog_drain_urls?batch_size=1000 HTTP/1.1" 200 326 "-" "Go-http-client/1.1" 10.244.0.146, 10.244.0.34, 10.244.0.22 vcap_request_id:ec286679-37ad-43e8-62ca-10c4adb82db8::625f8f43-90f4-489a-b97a-e1657a2ac07f response_time:0.005

2016-09-29T20:05:37.131328+00:00 b0fa19c0-86de-4447-a670-3f7adbd0b3c1 - - - [NXLOG@14506 bosh_deployment="cf-warden" bosh_job_name="api_z1" bosh_job_index="0" filename="/var/vcap/data/sys/log/cloud_controller_ng/cloud_controller_ng.log"] {"timestamp":1475179527.3182325,"message":"Statsd: cc.requests.outstanding:1|c","log_level":"debug","source":"statsd.client","data":{},"thread_id":47062185509200,"fiber_id":47062154523660,"process_id":15535,"file":"/var/vcap/packages/cloud_controller_ng/cloud_controller_ng/vendor/bundle/ruby/2.3.0/gems/statsd-ruby-1.2.1/lib/statsd.rb","lineno":254,"method":"send_to_socket"}

2016-09-29T20:05:37.131367+00:00 b0fa19c0-86de-4447-a670-3f7adbd0b3c1 - - - [NXLOG@14506 bosh_deployment="cf-warden" bosh_job_name="api_z1" bosh_job_index="0" filename="/var/vcap/data/sys/log/cloud_controller_ng/cloud_controller_ng.log"] {"timestamp":1475179527.3187902,"message":"Started GET \"/v2/info\" for user: , ip: 127.0.0.1 with vcap-request-id: f6ac49a3-5988-48d5-8110-f6a272fbc74a at 2016-09-29 20:05:27 UTC","log_level":"info","source":"cc.api","data":{},"thread_id":47062185509200,"fiber_id":47062154523660,"process_id":15535,"file":"/var/vcap/packages/cloud_controller_ng/cloud_controller_ng/middleware/request_logs.rb","lineno":12,"method":"call"}

2016-09-29T20:05:37.131407+00:00 b0fa19c0-86de-4447-a670-3f7adbd0b3c1 - - - [NXLOG@14506 bosh_deployment="cf-warden" bosh_job_name="api_z1" bosh_job_index="0" filename="/var/vcap/data/sys/log/cloud_controller_ng/cloud_controller_ng.log"] {"timestamp":1475179527.3196113,"message":"dispatch VCAP::CloudController::InfoController get /v2/info","log_level":"debug","source":"cc.api","data":{"request_guid":"f6ac49a3-5988-48d5-8110-f6a272fbc74a"},"thread_id":47062185509200,"fiber_id":47062154523660,"process_id":15535,"file":"/var/vcap/data/packages/cloud_controller_ng/f87cb49aa2cd87792cb9c2211a79e1542502be4d.1-b1a5f3c830cb6c32ae9e685628b24aa967f5ae54/cloud_controller_ng/lib/cloud_controller/rest_controller/routes.rb","lineno":12,"method":"block in define_route"}

2016-09-29T20:05:37.131432+00:00 b0fa19c0-86de-4447-a670-3f7adbd0b3c1 - - - [NXLOG@14506 bosh_deployment="cf-warden" bosh_job_name="api_z1" bosh_job_index="0" filename="/var/vcap/data/sys/log/cloud_controller_ng/cloud_controller_ng.log"] {"timestamp":1475179527.319905,"message":"parse_params: {} ","log_level":"debug","source":"cc.api","data":{"request_guid":"f6ac49a3-5988-48d5-8110-f6a272fbc74a"},"thread_id":47062185509200,"fiber_id":47062154523660,"process_id":15535,"file":"/var/vcap/data/packages/cloud_controller_ng/f87cb49aa2cd87792cb9c2211a79e1542502be4d.1-b1a5f3c830cb6c32ae9e685628b24aa967f5ae54/cloud_controller_ng/lib/cloud_controller/rest_controller/common_params.rb","lineno":10,"method":"parse"}

2016-09-29T20:05:37.131447+00:00 b0fa19c0-86de-4447-a670-3f7adbd0b3c1 - - - [NXLOG@14506 bosh_deployment="cf-warden" bosh_job_name="api_z1" bosh_job_index="0" filename="/var/vcap/data/sys/log/cloud_controller_ng/cloud_controller_ng.log"] {"timestamp":1475179527.3200743,"message":"cc.dispatch","log_level":"debug","source":"cc.api","data":{"request_guid":"f6ac49a3-5988-48d5-8110-f6a272fbc74a","endpoint":"read","args":[]},"thread_id":47062185509200,"fiber_id":47062154523660,"process_id":15535,"file":"/var/vcap/data/packages/cloud_controller_ng/f87cb49aa2cd87792cb9c2211a79e1542502be4d.1-b1a5f3c830cb6c32ae9e685628b24aa967f5ae54/cloud_controller_ng/app/controllers/base/base_controller.rb","lineno":78,"method":"dispatch"}

2016-09-29T20:05:37.131469+00:00 b0fa19c0-86de-4447-a670-3f7adbd0b3c1 - - - [NXLOG@14506 bosh_deployment="cf-warden" bosh_job_name="api_z1" bosh_job_index="0" filename="/var/vcap/data/sys/log/cloud_controller_ng/cloud_controller_ng.log"] {"timestamp":1475179527.320465,"message":"Completed 200 vcap-request-id: f6ac49a3-5988-48d5-8110-f6a272fbc74a","log_level":"info","source":"cc.api","data":{},"thread_id":47062185509200,"fiber_id":47062154523660,"process_id":15535,"file":"/var/vcap/packages/cloud_controller_ng/cloud_controller_ng/middleware/request_logs.rb","lineno":24,"method":"call"}

2016-09-29T20:05:37.131480+00:00 b0fa19c0-86de-4447-a670-3f7adbd0b3c1 - - - [NXLOG@14506 bosh_deployment="cf-warden" bosh_job_name="api_z1" bosh_job_index="0" filename="/var/vcap/data/sys/log/cloud_controller_ng/cloud_controller_ng.log"] {"timestamp":1475179527.3206966,"message":"Statsd: cc.requests.outstanding:-1|c\ncc.requests.completed:1|c\ncc.http_status.2XX:1|c","log_level":"debug","source":"statsd.client","data":{},"thread_id":47062185509200,"fiber_id":47062154523660,"process_id":15535,"file":"/var/vcap/packages/cloud_controller_ng/cloud_controller_ng/vendor/bundle/ruby/2.3.0/gems/statsd-ruby-1.2.1/lib/statsd.rb","lineno":254,"method":"send_to_socket"}

2016-09-29T20:05:37.131494+00:00 b0fa19c0-86de-4447-a670-3f7adbd0b3c1 - - - [NXLOG@14506 bosh_deployment="cf-warden" bosh_job_name="api_z1" bosh_job_index="0" filename="/var/vcap/data/sys/log/cloud_controller_ng/cloud_controller_ng.log"] {"timestamp":1475179527.7933917,"message":"(0.000604s) SELECT * FROM \"delayed_jobs\" WHERE ((((\"run_at\" <= '2016-09-29 20:05:27.792304+0000') AND (\"locked_at\" IS NULL)) OR (\"locked_by\" = 'cc_api_worker.api_z1.0.2')) AND (\"failed_at\" IS NULL) AND (\"queue\" IN ('cc-api_z1-0'))) ORDER BY \"priority\" ASC, \"run_at\" ASC LIMIT 5","log_level":"debug2","source":"cc.background","data":{},"thread_id":47118928261380,"fiber_id":47118965175380,"process_id":15629,"file":"/var/vcap/packages/cloud_controller_ng/cloud_controller_ng/vendor/bundle/ruby/2.3.0/gems/sequel-4.29.0/lib/sequel/database/logging.rb","lineno":70,"method":"block in log_each"}

2016-09-29T20:05:37.131511+00:00 b0fa19c0-86de-4447-a670-3f7adbd0b3c1 - - - [NXLOG@14506 bosh_deployment="cf-warden" bosh_job_name="api_z1" bosh_job_index="0" filename="/var/vcap/data/sys/log/cloud_controller_ng/cloud_controller_ng.log"] {"timestamp":1475179529.1007402,"message":"(0.000645s) SELECT * FROM \"delayed_jobs\" WHERE ((((\"run_at\" <= '2016-09-29 20:05:29.099534+0000') AND (\"locked_at\" IS NULL)) OR (\"locked_by\" = 'cc_api_worker.api_z1.0.1')) AND (\"failed_at\" IS NULL) AND (\"queue\" IN ('cc-api_z1-0'))) ORDER BY \"priority\" ASC, \"run_at\" ASC LIMIT 5","log_level":"debug2","source":"cc.background","data":{},"thread_id":47452862460180,"fiber_id":47452899698480,"process_id":15587,"file":"/var/vcap/packages/cloud_controller_ng/cloud_controller_ng/vendor/bundle/ruby/2.3.0/gems/sequel-4.29.0/lib/sequel/database/logging.rb","lineno":70,"method":"block in log_each"}

2016-09-29T20:05:37.131532+00:00 b0fa19c0-86de-4447-a670-3f7adbd0b3c1 - - - [NXLOG@14506 bosh_deployment="cf-warden" bosh_job_name="api_z1" bosh_job_index="0" filename="/var/vcap/data/sys/log/cloud_controller_ng/cloud_controller_ng.log"] {"timestamp":1475179530.910512,"message":"Statsd: cc.requests.outstanding:1|c","log_level":"debug","source":"statsd.client","data":{},"thread_id":47062185508960,"fiber_id":47062150331380,"process_id":15535,"file":"/var/vcap/packages/cloud_controller_ng/cloud_controller_ng/vendor/bundle/ruby/2.3.0/gems/statsd-ruby-1.2.1/lib/statsd.rb","lineno":254,"method":"send_to_socket"}

2016-09-29T20:05:37.131600+00:00 b0fa19c0-86de-4447-a670-3f7adbd0b3c1 - - - [NXLOG@14506 bosh_deployment="cf-warden" bosh_job_name="api_z1" bosh_job_index="0" filename="/var/vcap/data/sys/log/cloud_controller_ng/cloud_controller_ng.log"] {"timestamp":1475179530.9110856,"message":"Started GET \"/v2/syslog_drain_urls?batch_size=1000\" for user: , ip: 127.0.0.1 with vcap-request-id: ec286679-37ad-43e8-62ca-10c4adb82db8::625f8f43-90f4-489a-b97a-e1657a2ac07f at 2016-09-29 20:05:30 UTC","log_level":"info","source":"cc.api","data":{},"thread_id":47062185508960,"fiber_id":47062150331380,"process_id":15535,"file":"/var/vcap/packages/cloud_controller_ng/cloud_controller_ng/middleware/request_logs.rb","lineno":12,"method":"call"}

2016-09-29T20:05:37.131642+00:00 b0fa19c0-86de-4447-a670-3f7adbd0b3c1 - - - [NXLOG@14506 bosh_deployment="cf-warden" bosh_job_name="api_z1" bosh_job_index="0" filename="/var/vcap/data/sys/log/cloud_controller_ng/cloud_controller_ng.log"] {"timestamp":1475179530.9115224,"message":"dispatch VCAP::CloudController::SyslogDrainUrlsController get /v2/syslog_drain_urls","log_level":"debug","source":"cc.api","data":{"request_guid":"ec286679-37ad-43e8-62ca-10c4adb82db8::625f8f43-90f4-489a-b97a-e1657a2ac07f"},"thread_id":47062185508960,"fiber_id":47062150331380,"process_id":15535,"file":"/var/vcap/data/packages/cloud_controller_ng/f87cb49aa2cd87792cb9c2211a79e1542502be4d.1-b1a5f3c830cb6c32ae9e685628b24aa967f5ae54/cloud_controller_ng/lib/cloud_controller/rest_controller/routes.rb","lineno":12,"method":"block in define_route"}

2016-09-29T20:05:37.131682+00:00 b0fa19c0-86de-4447-a670-3f7adbd0b3c1 - - - [NXLOG@14506 bosh_deployment="cf-warden" bosh_job_name="api_z1" bosh_job_index="0" filename="/var/vcap/data/sys/log/cloud_controller_ng/cloud_controller_ng.log"] {"timestamp":1475179530.91166,"message":"parse_params: {\"batch_size\"=>\"1000\"} batch_size=1000","log_level":"debug","source":"cc.api","data":{"request_guid":"ec286679-37ad-43e8-62ca-10c4adb82db8::625f8f43-90f4-489a-b97a-e1657a2ac07f"},"thread_id":47062185508960,"fiber_id":47062150331380,"process_id":15535,"file":"/var/vcap/data/packages/cloud_controller_ng/f87cb49aa2cd87792cb9c2211a79e1542502be4d.1-b1a5f3c830cb6c32ae9e685628b24aa967f5ae54/cloud_controller_ng/lib/cloud_controller/rest_controller/common_params.rb","lineno":10,"method":"parse"}

2016-09-29T20:05:37.131723+00:00 b0fa19c0-86de-4447-a670-3f7adbd0b3c1 - - - [NXLOG@14506 bosh_deployment="cf-warden" bosh_job_name="api_z1" bosh_job_index="0" filename="/var/vcap/data/sys/log/cloud_controller_ng/cloud_controller_ng.log"] {"timestamp":1475179530.9117982,"message":"cc.dispatch","log_level":"debug","source":"cc.api","data":{"request_guid":"ec286679-37ad-43e8-62ca-10c4adb82db8::625f8f43-90f4-489a-b97a-e1657a2ac07f","endpoint":"list","args":[]},"thread_id":47062185508960,"fiber_id":47062150331380,"process_id":15535,"file":"/var/vcap/data/packages/cloud_controller_ng/f87cb49aa2cd87792cb9c2211a79e1542502be4d.1-b1a5f3c830cb6c32ae9e685628b24aa967f5ae54/cloud_controller_ng/app/controllers/base/base_controller.rb","lineno":78,"method":"dispatch"}

2016-09-29T20:05:37.131752+00:00 b0fa19c0-86de-4447-a670-3f7adbd0b3c1 - - - [NXLOG@14506 bosh_deployment="cf-warden" bosh_job_name="api_z1" bosh_job_index="0" filename="/var/vcap/data/sys/log/cloud_controller_ng/cloud_controller_ng.log"] {"timestamp":1475179530.9139628,"message":"(0.000739s) SELECT \"apps\".\"guid\", string_agg(\"service_bindings\".\"syslog_drain_url\", ',') AS \"syslog_drain_urls\" FROM \"apps\" INNER JOIN \"service_bindings\" ON (\"service_bindings\".\"app_id\" = \"apps\".\"id\") WHERE ((syslog_drain_url IS NOT NULL) AND (syslog_drain_url != '')) GROUP BY \"apps\".\"guid\" UNION ALL (SELECT \"apps_v3\".\"guid\", string_agg(\"v3_service_bindings\".\"syslog_drain_url\", ',') AS \"syslog_drain_urls\" FROM \"apps_v3\" INNER JOIN \"v3_service_bindings\" ON (\"v3_service_bindings\".\"app_id\" = \"apps_v3\".\"id\") WHERE ((syslog_drain_url IS NOT NULL) AND (syslog_drain_url != '')) GROUP BY \"apps_v3\".\"guid\") ORDER BY \"guid\" LIMIT 1000 OFFSET 0","log_level":"debug2","source":"cc.db","data":{"request_guid":"ec286679-37ad-43e8-62ca-10c4adb82db8::625f8f43-90f4-489a-b97a-e1657a2ac07f"},"thread_id":47062185508960,"fiber_id":47062150331380,"process_id":15535,"file":"/var/vcap/packages/cloud_controller_ng/cloud_controller_ng/vendor/bundle/ruby/2.3.0/gems/sequel-4.29.0/lib/sequel/database/logging.rb","lineno":70,"method":"block in log_each"}

2016-09-29T20:05:37.131771+00:00 b0fa19c0-86de-4447-a670-3f7adbd0b3c1 - - - [NXLOG@14506 bosh_deployment="cf-warden" bosh_job_name="api_z1" bosh_job_index="0" filename="/var/vcap/data/sys/log/cloud_controller_ng/cloud_controller_ng.log"] {"timestamp":1475179530.9141707,"message":"Completed 200 vcap-request-id: ec286679-37ad-43e8-62ca-10c4adb82db8::625f8f43-90f4-489a-b97a-e1657a2ac07f","log_level":"info","source":"cc.api","data":{},"thread_id":47062185508960,"fiber_id":47062150331380,"process_id":15535,"file":"/var/vcap/packages/cloud_controller_ng/cloud_controller_ng/middleware/request_logs.rb","lineno":24,"method":"call"}

2016-09-29T20:05:37.131798+00:00 b0fa19c0-86de-4447-a670-3f7adbd0b3c1 - - - [NXLOG@14506 bosh_deployment="cf-warden" bosh_job_name="api_z1" bosh_job_index="0" filename="/var/vcap/data/sys/log/cloud_controller_ng/cloud_controller_ng.log"] {"timestamp":1475179530.9143357,"message":"Statsd: cc.requests.outstanding:-1|c\ncc.requests.completed:1|c\ncc.http_status.2XX:1|c","log_level":"debug","source":"statsd.client","data":{},"thread_id":47062185508960,"fiber_id":47062150331380,"process_id":15535,"file":"/var/vcap/packages/cloud_controller_ng/cloud_controller_ng/vendor/bundle/ruby/2.3.0/gems/statsd-ruby-1.2.1/lib/statsd.rb","lineno":254,"method":"send_to_socket"}

2016-09-29T20:05:37.131812+00:00 b0fa19c0-86de-4447-a670-3f7adbd0b3c1 - - - [NXLOG@14506 bosh_deployment="cf-warden" bosh_job_name="api_z1" bosh_job_index="0" filename="/var/vcap/data/sys/log/cloud_controller_ng/cloud_controller_ng.log"] {"timestamp":1475179532.8133023,"message":"(0.000608s) SELECT * FROM \"delayed_jobs\" WHERE ((((\"run_at\" <= '2016-09-29 20:05:32.812149+0000') AND (\"locked_at\" IS NULL)) OR (\"locked_by\" = 'cc_api_worker.api_z1.0.2')) AND (\"failed_at\" IS NULL) AND (\"queue\" IN ('cc-api_z1-0'))) ORDER BY \"priority\" ASC, \"run_at\" ASC LIMIT 5","log_level":"debug2","source":"cc.background","data":{},"thread_id":47118928261380,"fiber_id":47118965175380,"process_id":15629,"file":"/var/vcap/packages/cloud_controller_ng/cloud_controller_ng/vendor/bundle/ruby/2.3.0/gems/sequel-4.29.0/lib/sequel/database/logging.rb","lineno":70,"method":"block in log_each"}

2016-09-29T20:05:37.131848+00:00 b0fa19c0-86de-4447-a670-3f7adbd0b3c1 - - - [NXLOG@14506 bosh_deployment="cf-warden" bosh_job_name="api_z1" bosh_job_index="0" filename="/var/vcap/data/sys/log/cloud_controller_ng/cloud_controller_ng.log"] {"timestamp":1475179534.1238716,"message":"(0.000776s) SELECT * FROM \"delayed_jobs\" WHERE ((((\"run_at\" <= '2016-09-29 20:05:34.122430+0000') AND (\"locked_at\" IS NULL)) OR (\"locked_by\" = 'cc_api_worker.api_z1.0.1')) AND (\"failed_at\" IS NULL) AND (\"queue\" IN ('cc-api_z1-0'))) ORDER BY \"priority\" ASC, \"run_at\" ASC LIMIT 5","log_level":"debug2","source":"cc.background","data":{},"thread_id":47452862460180,"fiber_id":47452899698480,"process_id":15587,"file":"/var/vcap/packages/cloud_controller_ng/cloud_controller_ng/vendor/bundle/ruby/2.3.0/gems/sequel-4.29.0/lib/sequel/database/logging.rb","lineno":70,"method":"block in log_each"}

2016-09-29T20:05:37.131893+00:00 b0fa19c0-86de-4447-a670-3f7adbd0b3c1 - - - [NXLOG@14506 bosh_deployment="cf-warden" bosh_job_name="api_z1" bosh_job_index="0" filename="/var/vcap/data/sys/log/cloud_controller_ng/cloud_controller_ng.log"] {"timestamp":1475179534.4318323,"message":"Statsd: cc.vitals.uptime:1899806|g\ncc.vitals.cpu:0.0|g\ncc.vitals.mem_bytes:150700032|g\ncc.vitals.cpu_load_avg:0.14|g\ncc.vitals.mem_used_bytes:4028272640|g\ncc.vitals.mem_free_bytes:2229776384|g\ncc.vitals.num_cores:4|g","log_level":"debug","source":"statsd.client","data":{},"thread_id":47062143684880,"fiber_id":47062184032460,"process_id":15535,"file":"/var/vcap/packages/cloud_controller_ng/cloud_controller_ng/vendor/bundle/ruby/2.3.0/gems/statsd-ruby-1.2.1/lib/statsd.rb","lineno":254,"method":"send_to_socket"}

2016-09-29T20:05:37.131907+00:00 b0fa19c0-86de-4447-a670-3f7adbd0b3c1 - - - [NXLOG@14506 bosh_deployment="cf-warden" bosh_job_name="api_z1" bosh_job_index="0" filename="/var/vcap/data/sys/log/cloud_controller_ng/cloud_controller_ng.log"] {"timestamp":1475179534.432103,"message":"Statsd: cc.log_count.off:0|g\ncc.log_count.fatal:0|g\ncc.log_count.error:0|g\ncc.log_count.warn:0|g\ncc.log_count.info:45814|g\ncc.log_count.debug:139795|g\ncc.log_count.debug1:0|g\ncc.log_count.debug2:27369|g\ncc.log_count.all:0|g","log_level":"debug","source":"statsd.client","data":{},"thread_id":47062143684880,"fiber_id":47062184032460,"process_id":15535,"file":"/var/vcap/packages/cloud_controller_ng/cloud_controller_ng/vendor/bundle/ruby/2.3.0/gems/statsd-ruby-1.2.1/lib/statsd.rb","lineno":254,"method":"send_to_socket"}

2016-09-29T20:05:37.131932+00:00 b0fa19c0-86de-4447-a670-3f7adbd0b3c1 - - - [NXLOG@14506 bosh_deployment="cf-warden" bosh_job_name="api_z1" bosh_job_index="0" filename="/var/vcap/data/sys/log/cloud_controller_ng/cloud_controller_ng.log"] {"timestamp":1475179534.4332993,"message":"(0.000582s) SELECT count(*) AS \"count\" FROM \"tasks\" WHERE (\"state\" = 'RUNNING') LIMIT 1","log_level":"debug2","source":"cc.db","data":{},"thread_id":47062143684880,"fiber_id":47062184032460,"process_id":15535,"file":"/var/vcap/packages/cloud_controller_ng/cloud_controller_ng/vendor/bundle/ruby/2.3.0/gems/sequel-4.29.0/lib/sequel/database/logging.rb","lineno":70,"method":"block in log_each"}

2016-09-29T20:05:37.131944+00:00 b0fa19c0-86de-4447-a670-3f7adbd0b3c1 - - - [NXLOG@14506 bosh_deployment="cf-warden" bosh_job_name="api_z1" bosh_job_index="0" filename="/var/vcap/data/sys/log/cloud_controller_ng/cloud_controller_ng.log"] {"timestamp":1475179534.4338083,"message":"(0.000171s) SELECT sum(\"memory_in_mb\") AS \"sum\" FROM \"tasks\" WHERE (\"state\" = 'RUNNING') LIMIT 1","log_level":"debug2","source":"cc.db","data":{},"thread_id":47062143684880,"fiber_id":47062184032460,"process_id":15535,"file":"/var/vcap/packages/cloud_controller_ng/cloud_controller_ng/vendor/bundle/ruby/2.3.0/gems/sequel-4.29.0/lib/sequel/database/logging.rb","lineno":70,"method":"block in log_each"}

2016-09-29T20:05:37.131967+00:00 b0fa19c0-86de-4447-a670-3f7adbd0b3c1 - - - [NXLOG@14506 bosh_deployment="cf-warden" bosh_job_name="api_z1" bosh_job_index="0" filename="/var/vcap/data/sys/log/cloud_controller_ng/cloud_controller_ng.log"] {"timestamp":1475179534.4339592,"message":"Statsd: cc.tasks_running.count:0|g\ncc.tasks_running.memory_in_mb:0|g","log_level":"debug","source":"statsd.client","data":{},"thread_id":47062143684880,"fiber_id":47062184032460,"process_id":15535,"file":"/var/vcap/packages/cloud_controller_ng/cloud_controller_ng/vendor/bundle/ruby/2.3.0/gems/statsd-ruby-1.2.1/lib/statsd.rb","lineno":254,"method":"send_to_socket"}

2016-09-29T20:05:37.131979+00:00 b0fa19c0-86de-4447-a670-3f7adbd0b3c1 - - - [NXLOG@14506 bosh_deployment="cf-warden" bosh_job_name="api_z1" bosh_job_index="0" filename="/var/vcap/data/sys/log/cloud_controller_ng/cloud_controller_ng.log"] {"timestamp":1475179536.506999,"message":"(0.000493s) SELECT \"queue\", count(*) AS \"count\" FROM \"delayed_jobs\" WHERE (\"attempts\" = 0) GROUP BY \"queue\"","log_level":"debug2","source":"cc.db","data":{},"thread_id":47062143684880,"fiber_id":47062184032460,"process_id":15535,"file":"/var/vcap/packages/cloud_controller_ng/cloud_controller_ng/vendor/bundle/ruby/2.3.0/gems/sequel-4.29.0/lib/sequel/database/logging.rb","lineno":70,"method":"block in log_each"}

2016-09-29T20:05:37.132001+00:00 b0fa19c0-86de-4447-a670-3f7adbd0b3c1 - - - [NXLOG@14506 bosh_deployment="cf-warden" bosh_job_name="api_z1" bosh_job_index="0" filename="/var/vcap/data/sys/log/cloud_controller_ng/cloud_controller_ng.log"] {"timestamp":1475179536.50735,"message":"Statsd: cc.job_queue_length.total:0|g\ncc.job_queue_length.total:0|g","log_level":"debug","source":"statsd.client","data":{},"thread_id":47062143684880,"fiber_id":47062184032460,"process_id":15535,"file":"/var/vcap/packages/cloud_controller_ng/cloud_controller_ng/vendor/bundle/ruby/2.3.0/gems/statsd-ruby-1.2.1/lib/statsd.rb","lineno":254,"method":"send_to_socket"}

2016-09-29T20:05:37.132013+00:00 b0fa19c0-86de-4447-a670-3f7adbd0b3c1 - - - [NXLOG@14506 bosh_deployment="cf-warden" bosh_job_name="api_z1" bosh_job_index="0" filename="/var/vcap/data/sys/log/cloud_controller_ng/cloud_controller_ng.log"] {"timestamp":1475179536.5075471,"message":"Statsd: cc.thread_info.thread_count:21|g\ncc.thread_info.event_machine.connection_count:3|g\ncc.thread_info.event_machine.threadqueue.size:0|g\ncc.thread_info.event_machine.threadqueue.num_waiting:20|g\ncc.thread_info.event_machine.resultqueue.size:0|g\ncc.thread_info.event_machine.resultqueue.num_waiting:0|g","log_level":"debug","source":"statsd.client","data":{},"thread_id":47062143684880,"fiber_id":47062184032460,"process_id":15535,"file":"/var/vcap/packages/cloud_controller_ng/cloud_controller_ng/vendor/bundle/ruby/2.3.0/gems/statsd-ruby-1.2.1/lib/statsd.rb","lineno":254,"method":"send_to_socket"}

2016-09-29T20:05:37.132039+00:00 b0fa19c0-86de-4447-a670-3f7adbd0b3c1 - - - [NXLOG@14506 bosh_deployment="cf-warden" bosh_job_name="api_z1" bosh_job_index="0" filename="/var/vcap/data/sys/log/cloud_controller_ng/cloud_controller_ng.log"] {"timestamp":1475179536.5084517,"message":"(0.000649s) SELECT \"queue\", count(*) AS \"count\" FROM \"delayed_jobs\" WHERE (failed_at IS NOT NULL) GROUP BY \"queue\"","log_level":"debug2","source":"cc.db","data":{},"thread_id":47062143684880,"fiber_id":47062184032460,"process_id":15535,"file":"/var/vcap/packages/cloud_controller_ng/cloud_controller_ng/vendor/bundle/ruby/2.3.0/gems/sequel-4.29.0/lib/sequel/database/logging.rb","lineno":70,"method":"block in log_each"}

2016-09-29T20:05:37.132051+00:00 b0fa19c0-86de-4447-a670-3f7adbd0b3c1 - - - [NXLOG@14506 bosh_deployment="cf-warden" bosh_job_name="api_z1" bosh_job_index="0" filename="/var/vcap/data/sys/log/cloud_controller_ng/cloud_controller_ng.log"] {"timestamp":1475179536.5087202,"message":"Statsd: cc.failed_job_count.cc-api_z1-0:2|g\ncc.failed_job_count.total:2|g\ncc.failed_job_count.total:2|g","log_level":"debug","source":"statsd.client","data":{},"thread_id":47062143684880,"fiber_id":47062184032460,"process_id":15535,"file":"/var/vcap/packages/cloud_controller_ng/cloud_controller_ng/vendor/bundle/ruby/2.3.0/gems/statsd-ruby-1.2.1/lib/statsd.rb","lineno":254,"method":"send_to_socket"}

2016-09-29T20:05:37.131306+00:00 152ab062-1f32-4789-910a-13bdc79651b2 - - - [NXLOG@14506 bosh_deployment="cf-warden" bosh_job_name="hm9000_z1" bosh_job_index="0" filename="/var/vcap/data/sys/log/hm9000/hm9000_listener.log"] {"timestamp":"1475179531.790783167","source":"listener","message":"listener.Received a heartbeat","log_level":1,"data":{"Heartbeats Pending Save":"1"}}

2016-09-29T20:05:37.131403+00:00 152ab062-1f32-4789-910a-13bdc79651b2 - - - [NXLOG@14506 bosh_deployment="cf-warden" bosh_job_name="hm9000_z1" bosh_job_index="0" filename="/var/vcap/data/sys/log/hm9000/hm9000_listener.log"] {"timestamp":"1475179531.817589045","source":"listener","message":"listener.Saving Heartbeats","log_level":1,"data":{"Heartbeats to Save":"1"}}

2016-09-29T20:05:37.131566+00:00 152ab062-1f32-4789-910a-13bdc79651b2 - - - [NXLOG@14506 bosh_deployment="cf-warden" bosh_job_name="hm9000_z1" bosh_job_index="0" filename="/var/vcap/data/sys/log/hm9000/hm9000_listener.log"] {"timestamp":"1475179531.822925091","source":"listener","message":"listener.Bumped freshness","log_level":1,"data":{}}

2016-09-29T20:05:37.131629+00:00 152ab062-1f32-4789-910a-13bdc79651b2 - - - [NXLOG@14506 bosh_deployment="cf-warden" bosh_job_name="hm9000_z1" bosh_job_index="0" filename="/var/vcap/data/sys/log/hm9000/hm9000_listener.log"] {"timestamp":"1475179531.822952032","source":"listener","message":"listener.Saved Heartbeats","log_level":1,"data":{"Duration":"5.229158ms","Heartbeats to Save":"1"}}

2016-09-29T20:05:46.982235+00:00 bfc626ef-a2eb-4bad-8f71-fa1d6d0f927f - - - [NXLOG@14506 bosh_deployment="cf-warden" bosh_job_name="loggregator_trafficcontroller_z1" bosh_job_index="0" filename="/var/vcap/data/sys/log/route_registrar/route_registrar.stdout.log"] {"timestamp":"1475179546.733096361","source":"Route Registrar","message":"Route Registrar.no healthchecker found for route","log_level":1,"data":{"route":{"Name":"loggregator","Port":8080,"Tags":null,"URIs":["loggregator.bosh-lite.com"],"RouteServiceUrl":"","RegistrationInterval":20000000000,"HealthCheck":null}}}

2016-09-29T20:05:46.982412+00:00 bfc626ef-a2eb-4bad-8f71-fa1d6d0f927f - - - [NXLOG@14506 bosh_deployment="cf-warden" bosh_job_name="loggregator_trafficcontroller_z1" bosh_job_index="0" filename="/var/vcap/data/sys/log/route_registrar/route_registrar.stdout.log"] {"timestamp":"1475179546.733206272","source":"Route Registrar","message":"Route Registrar.Registering route","log_level":1,"data":{"route":{"Name":"loggregator","Port":8080,"Tags":null,"URIs":["loggregator.bosh-lite.com"],"RouteServiceUrl":"","RegistrationInterval":20000000000,"HealthCheck":null}}}

2016-09-29T20:05:46.982464+00:00 bfc626ef-a2eb-4bad-8f71-fa1d6d0f927f - - - [NXLOG@14506 bosh_deployment="cf-warden" bosh_job_name="loggregator_trafficcontroller_z1" bosh_job_index="0" filename="/var/vcap/data/sys/log/route_registrar/route_registrar.stdout.log"] {"timestamp":"1475179546.733410358","source":"Route Registrar","message":"Route Registrar.Registered routes successfully","log_level":1,"data":{}}

2016-09-29T20:05:56.991882+00:00 fc52b791-0068-48d0-b63d-a9600b8fa32e - - - [NXLOG@14506 bosh_deployment="cf-warden" bosh_job_name="runner_z1" bosh_job_index="0" filename="/var/vcap/data/sys/log/dea_next/dea_next.log"] {"timestamp":1475179551.8222406,"message":"hm9000.heartbeat.accepted","log_level":"debug","source":"Dea::Bootstrap","data":{},"thread_id":47241037004060,"fiber_id":47241049518080,"process_id":6941,"file":"/var/vcap/packages/dea_next/lib/dea/utils/hm9000.rb","lineno":49,"method":"handle_http_response"}

2016-09-29T20:05:57.127392+00:00 f0562343-642f-42d4-aca5-293abe675815 - - - [NXLOG@14506 bosh_deployment="cf-warden" bosh_job_name="blobstore_z1" bosh_job_index="0" filename="/var/vcap/data/sys/log/route_registrar/route_registrar.stdout.log"] {"timestamp":"1475179548.513984919","source":"Route Registrar","message":"Route Registrar.no healthchecker found for route","log_level":1,"data":{"route":{"Name":"blobstore","Port":80,"Tags":{"component":"blobstore"},"URIs":["blobstore.bosh-lite.com"],"RouteServiceUrl":"","RegistrationInterval":20000000000,"HealthCheck":null}}}

2016-09-29T20:05:57.127589+00:00 f0562343-642f-42d4-aca5-293abe675815 - - - [NXLOG@14506 bosh_deployment="cf-warden" bosh_job_name="blobstore_z1" bosh_job_index="0" filename="/var/vcap/data/sys/log/route_registrar/route_registrar.stdout.log"] {"timestamp":"1475179548.514006615","source":"Route Registrar","message":"Route Registrar.Registering route","log_level":1,"data":{"route":{"Name":"blobstore","Port":80,"Tags":{"component":"blobstore"},"URIs":["blobstore.bosh-lite.com"],"RouteServiceUrl":"","RegistrationInterval":20000000000,"HealthCheck":null}}}

2016-09-29T20:05:57.127675+00:00 f0562343-642f-42d4-aca5-293abe675815 - - - [NXLOG@14506 bosh_deployment="cf-warden" bosh_job_name="blobstore_z1" bosh_job_index="0" filename="/var/vcap/data/sys/log/route_registrar/route_registrar.stdout.log"] {"timestamp":"1475179548.514164686","source":"Route Registrar","message":"Route Registrar.Registered routes successfully","log_level":1,"data":{}}

2016-09-29T20:05:57.128069+00:00 05bf1627-ae2f-400c-b1ce-31973a9ff23f - - - [NXLOG@14506 bosh_deployment="cf-warden" bosh_job_name="uaa_z1" bosh_job_index="0" filename="/var/vcap/data/sys/log/uaa/localhost_access.log"] 127.0.0.1 - - [29/Sep/2016:20:05:38 +0000] "GET /healthz HTTP/1.1" 200 3

2016-09-29T20:05:57.128184+00:00 05bf1627-ae2f-400c-b1ce-31973a9ff23f - - - [NXLOG@14506 bosh_deployment="cf-warden" bosh_job_name="uaa_z1" bosh_job_index="0" filename="/var/vcap/data/sys/log/uaa/localhost_access.log"] 127.0.0.1 - - [29/Sep/2016:20:05:40 +0000] "GET /healthz HTTP/1.1" 200 3

2016-09-29T20:05:57.128229+00:00 05bf1627-ae2f-400c-b1ce-31973a9ff23f - - - [NXLOG@14506 bosh_deployment="cf-warden" bosh_job_name="uaa_z1" bosh_job_index="0" filename="/var/vcap/data/sys/log/uaa/localhost_access.log"] 127.0.0.1 - - [29/Sep/2016:20:05:42 +0000] "GET /healthz HTTP/1.1" 200 3

2016-09-29T20:05:57.128269+00:00 05bf1627-ae2f-400c-b1ce-31973a9ff23f - - - [NXLOG@14506 bosh_deployment="cf-warden" bosh_job_name="uaa_z1" bosh_job_index="0" filename="/var/vcap/data/sys/log/uaa/localhost_access.log"] 127.0.0.1 - - [29/Sep/2016:20:05:46 +0000] "GET /healthz HTTP/1.1" 200 3

2016-09-29T20:05:57.128312+00:00 05bf1627-ae2f-400c-b1ce-31973a9ff23f - - - [NXLOG@14506 bosh_deployment="cf-warden" bosh_job_name="uaa_z1" bosh_job_index="0" filename="/var/vcap/data/sys/log/route_registrar/route_registrar.stdout.log"] {"timestamp":"1475179550.808175087","source":"Route Registrar","message":"Route Registrar.Executing script","log_level":1,"data":{"scriptPath":"/var/vcap/jobs/uaa/bin/health_check"}}

2016-09-29T20:05:57.128355+00:00 05bf1627-ae2f-400c-b1ce-31973a9ff23f - - - [NXLOG@14506 bosh_deployment="cf-warden" bosh_job_name="uaa_z1" bosh_job_index="0" filename="/var/vcap/data/sys/log/route_registrar/route_registrar.stdout.log"] {"timestamp":"1475179550.817569733","source":"Route Registrar","message":"Route Registrar.Script exited without error","log_level":1,"data":{"script":"/var/vcap/jobs/uaa/bin/health_check","stderr":"  % Total    % Received % Xferd  Average Speed   Time    Time     Time  Current\n                                 Dload  Upload   Total   Spent    Left  Speed\n\r  0     0    0     0    0     0      0      0 --:--:-- --:--:-- --:--:--     0\r100     3  100     3    0     0   2806      0 --:--:-- --:--:-- --:--:--  3000\n","stdout":""}}

2016-09-29T20:05:57.128464+00:00 05bf1627-ae2f-400c-b1ce-31973a9ff23f - - - [NXLOG@14506 bosh_deployment="cf-warden" bosh_job_name="uaa_z1" bosh_job_index="0" filename="/var/vcap/data/sys/log/route_registrar/route_registrar.stdout.log"] {"timestamp":"1475179550.817643404","source":"Route Registrar","message":"Route Registrar.healthchecker returned healthy for route","log_level":1,"data":{"route":{"Name":"uaa","Port":8080,"Tags":{"component":"uaa"},"URIs":["uaa.bosh-lite.com","*.uaa.bosh-lite.com","login.bosh-lite.com","*.login.bosh-lite.com"],"RouteServiceUrl":"","RegistrationInterval":4000000000,"HealthCheck":{"Name":"uaa-healthcheck","ScriptPath":"/var/vcap/jobs/uaa/bin/health_check","Timeout":2000000000}}}}

2016-09-29T20:05:57.128523+00:00 05bf1627-ae2f-400c-b1ce-31973a9ff23f - - - [NXLOG@14506 bosh_deployment="cf-warden" bosh_job_name="uaa_z1" bosh_job_index="0" filename="/var/vcap/data/sys/log/route_registrar/route_registrar.stdout.log"] {"timestamp":"1475179550.817674637","source":"Route Registrar","message":"Route Registrar.Registering route","log_level":1,"data":{"route":{"Name":"uaa","Port":8080,"Tags":{"component":"uaa"},"URIs":["uaa.bosh-lite.com","*.uaa.bosh-lite.com","login.bosh-lite.com","*.login.bosh-lite.com"],"RouteServiceUrl":"","RegistrationInterval":4000000000,"HealthCheck":{"Name":"uaa-healthcheck","ScriptPath":"/var/vcap/jobs/uaa/bin/health_check","Timeout":2000000000}}}}

2016-09-29T20:05:57.128565+00:00 05bf1627-ae2f-400c-b1ce-31973a9ff23f - - - [NXLOG@14506 bosh_deployment="cf-warden" bosh_job_name="uaa_z1" bosh_job_index="0" filename="/var/vcap/data/sys/log/route_registrar/route_registrar.stdout.log"] {"timestamp":"1475179550.817748547","source":"Route Registrar","message":"Route Registrar.Registered routes successfully","log_level":1,"data":{}}

2016-09-29T20:05:57.128609+00:00 05bf1627-ae2f-400c-b1ce-31973a9ff23f - - - [NXLOG@14506 bosh_deployment="cf-warden" bosh_job_name="uaa_z1" bosh_job_index="0" filename="/var/vcap/data/sys/log/route_registrar/route_registrar.stdout.log"] {"timestamp":"1475179554.808279276","source":"Route Registrar","message":"Route Registrar.Executing script","log_level":1,"data":{"scriptPath":"/var/vcap/jobs/uaa/bin/health_check"}}

2016-09-29T20:05:57.128653+00:00 05bf1627-ae2f-400c-b1ce-31973a9ff23f - - - [NXLOG@14506 bosh_deployment="cf-warden" bosh_job_name="uaa_z1" bosh_job_index="0" filename="/var/vcap/data/sys/log/route_registrar/route_registrar.stdout.log"] {"timestamp":"1475179554.818262100","source":"Route Registrar","message":"Route Registrar.Script exited without error","log_level":1,"data":{"script":"/var/vcap/jobs/uaa/bin/health_check","stderr":"  % Total    % Received % Xferd  Average Speed   Time    Time     Time  Current\n                                 Dload  Upload   Total   Spent    Left  Speed\n\r  0     0    0     0    0     0      0      0 --:--:-- --:--:-- --:--:--     0\r100     3  100     3    0     0   2952      0 --:--:-- --:--:-- --:--:--  3000\n","stdout":""}}

2016-09-29T20:05:57.128709+00:00 05bf1627-ae2f-400c-b1ce-31973a9ff23f - - - [NXLOG@14506 bosh_deployment="cf-warden" bosh_job_name="uaa_z1" bosh_job_index="0" filename="/var/vcap/data/sys/log/route_registrar/route_registrar.stdout.log"] {"timestamp":"1475179554.818350315","source":"Route Registrar","message":"Route Registrar.healthchecker returned healthy for route","log_level":1,"data":{"route":{"Name":"uaa","Port":8080,"Tags":{"component":"uaa"},"URIs":["uaa.bosh-lite.com","*.uaa.bosh-lite.com","login.bosh-lite.com","*.login.bosh-lite.com"],"RouteServiceUrl":"","RegistrationInterval":4000000000,"HealthCheck":{"Name":"uaa-healthcheck","ScriptPath":"/var/vcap/jobs/uaa/bin/health_check","Timeout":2000000000}}}}

2016-09-29T20:05:57.128764+00:00 05bf1627-ae2f-400c-b1ce-31973a9ff23f - - - [NXLOG@14506 bosh_deployment="cf-warden" bosh_job_name="uaa_z1" bosh_job_index="0" filename="/var/vcap/data/sys/log/route_registrar/route_registrar.stdout.log"] {"timestamp":"1475179554.818375349","source":"Route Registrar","message":"Route Registrar.Registering route","log_level":1,"data":{"route":{"Name":"uaa","Port":8080,"Tags":{"component":"uaa"},"URIs":["uaa.bosh-lite.com","*.uaa.bosh-lite.com","login.bosh-lite.com","*.login.bosh-lite.com"],"RouteServiceUrl":"","RegistrationInterval":4000000000,"HealthCheck":{"Name":"uaa-healthcheck","ScriptPath":"/var/vcap/jobs/uaa/bin/health_check","Timeout":2000000000}}}}

2016-09-29T20:05:57.128816+00:00 05bf1627-ae2f-400c-b1ce-31973a9ff23f - - - [NXLOG@14506 bosh_deployment="cf-warden" bosh_job_name="uaa_z1" bosh_job_index="0" filename="/var/vcap/data/sys/log/route_registrar/route_registrar.stdout.log"] {"timestamp":"1475179554.818435431","source":"Route Registrar","message":"Route Registrar.Registered routes successfully","log_level":1,"data":{}}

2016-09-29T20:05:57.128870+00:00 05bf1627-ae2f-400c-b1ce-31973a9ff23f - - - [NXLOG@14506 bosh_deployment="cf-warden" bosh_job_name="uaa_z1" bosh_job_index="0" filename="/var/vcap/data/sys/log/uaa/uaa.log"] [2016-09-29 20:05:50.777] uaa - 19013 [http-nio-127.0.0.1-8989-exec-9] .... DEBUG --- AntPathRequestMatcher: Checking match of request : '/healthz'; against '/resources/**'

2016-09-29T20:05:57.128940+00:00 05bf1627-ae2f-400c-b1ce-31973a9ff23f - - - [NXLOG@14506 bosh_deployment="cf-warden" bosh_job_name="uaa_z1" bosh_job_index="0" filename="/var/vcap/data/sys/log/uaa/uaa.log"] [2016-09-29 20:05:50.777] uaa - 19013 [http-nio-127.0.0.1-8989-exec-9] .... DEBUG --- AntPathRequestMatcher: Checking match of request : '/healthz'; against '/square-logo.png'

2016-09-29T20:05:57.129053+00:00 05bf1627-ae2f-400c-b1ce-31973a9ff23f - - - [NXLOG@14506 bosh_deployment="cf-warden" bosh_job_name="uaa_z1" bosh_job_index="0" filename="/var/vcap/data/sys/log/uaa/uaa.log"] [2016-09-29 20:05:50.777] uaa - 19013 [http-nio-127.0.0.1-8989-exec-9] .... DEBUG --- AntPathRequestMatcher: Checking match of request : '/healthz'; against '/info'

2016-09-29T20:05:57.129099+00:00 05bf1627-ae2f-400c-b1ce-31973a9ff23f - - - [NXLOG@14506 bosh_deployment="cf-warden" bosh_job_name="uaa_z1" bosh_job_index="0" filename="/var/vcap/data/sys/log/uaa/uaa.log"] [2016-09-29 20:05:50.777] uaa - 19013 [http-nio-127.0.0.1-8989-exec-9] .... DEBUG --- AntPathRequestMatcher: Checking match of request : '/healthz'; against '/password/**'

2016-09-29T20:05:57.129213+00:00 05bf1627-ae2f-400c-b1ce-31973a9ff23f - - - [NXLOG@14506 bosh_deployment="cf-warden" bosh_job_name="uaa_z1" bosh_job_index="0" filename="/var/vcap/data/sys/log/uaa/uaa.log"] [2016-09-29 20:05:50.777] uaa - 19013 [http-nio-127.0.0.1-8989-exec-9] .... DEBUG --- AntPathRequestMatcher: Checking match of request : '/healthz'; against '/healthz/**'

2016-09-29T20:05:57.129230+00:00 05bf1627-ae2f-400c-b1ce-31973a9ff23f - - - [NXLOG@14506 bosh_deployment="cf-warden" bosh_job_name="uaa_z1" bosh_job_index="0" filename="/var/vcap/data/sys/log/uaa/uaa.log"] [2016-09-29 20:05:50.777] uaa - 19013 [http-nio-127.0.0.1-8989-exec-9] .... DEBUG --- FilterChainProxy: /healthz has an empty filter list

2016-09-29T20:05:57.129241+00:00 05bf1627-ae2f-400c-b1ce-31973a9ff23f - - - [NXLOG@14506 bosh_deployment="cf-warden" bosh_job_name="uaa_z1" bosh_job_index="0" filename="/var/vcap/data/sys/log/uaa/uaa.log"] [2016-09-29 20:05:50.777] uaa - 19013 [http-nio-127.0.0.1-8989-exec-9] .... DEBUG --- DispatcherServlet: DispatcherServlet with name 'spring' processing GET request for [/healthz]

2016-09-29T20:05:57.129251+00:00 05bf1627-ae2f-400c-b1ce-31973a9ff23f - - - [NXLOG@14506 bosh_deployment="cf-warden" bosh_job_name="uaa_z1" bosh_job_index="0" filename="/var/vcap/data/sys/log/uaa/uaa.log"] [2016-09-29 20:05:50.777] uaa - 19013 [http-nio-127.0.0.1-8989-exec-9] .... DEBUG --- DispatcherServlet: Last-Modified value for [/healthz] is: -1

2016-09-29T20:05:57.129261+00:00 05bf1627-ae2f-400c-b1ce-31973a9ff23f - - - [NXLOG@14506 bosh_deployment="cf-warden" bosh_job_name="uaa_z1" bosh_job_index="0" filename="/var/vcap/data/sys/log/uaa/uaa.log"] [2016-09-29 20:05:50.777] uaa - 19013 [http-nio-127.0.0.1-8989-exec-9] .... DEBUG --- RequestResponseBodyMethodProcessor: Written [ok

2016-09-29T20:05:57.129273+00:00 05bf1627-ae2f-400c-b1ce-31973a9ff23f - - - [NXLOG@14506 bosh_deployment="cf-warden" bosh_job_name="uaa_z1" bosh_job_index="0" filename="/var/vcap/data/sys/log/uaa/uaa.log"] ] as "text/plain;charset=ISO-8859-1" using [org.springframework.http.converter.StringHttpMessageConverter@178b2baf]

2016-09-29T20:05:57.129283+00:00 05bf1627-ae2f-400c-b1ce-31973a9ff23f - - - [NXLOG@14506 bosh_deployment="cf-warden" bosh_job_name="uaa_z1" bosh_job_index="0" filename="/var/vcap/data/sys/log/uaa/uaa.log"] [2016-09-29 20:05:50.777] uaa - 19013 [http-nio-127.0.0.1-8989-exec-9] .... DEBUG --- DispatcherServlet: Null ModelAndView returned to DispatcherServlet with name 'spring': assuming HandlerAdapter completed request handling

2016-09-29T20:05:57.129299+00:00 05bf1627-ae2f-400c-b1ce-31973a9ff23f - - - [NXLOG@14506 bosh_deployment="cf-warden" bosh_job_name="uaa_z1" bosh_job_index="0" filename="/var/vcap/data/sys/log/uaa/uaa.log"] [2016-09-29 20:05:50.777] uaa - 19013 [http-nio-127.0.0.1-8989-exec-9] .... DEBUG --- DispatcherServlet: Successfully completed request

2016-09-29T20:05:57.129308+00:00 05bf1627-ae2f-400c-b1ce-31973a9ff23f - - - [NXLOG@14506 bosh_deployment="cf-warden" bosh_job_name="uaa_z1" bosh_job_index="0" filename="/var/vcap/data/sys/log/uaa/uaa.log"] [2016-09-29 20:05:50.815] uaa - 19013 [http-nio-127.0.0.1-8989-exec-2] .... DEBUG --- AntPathRequestMatcher: Checking match of request : '/healthz'; against '/resources/**'

2016-09-29T20:05:57.129318+00:00 05bf1627-ae2f-400c-b1ce-31973a9ff23f - - - [NXLOG@14506 bosh_deployment="cf-warden" bosh_job_name="uaa_z1" bosh_job_index="0" filename="/var/vcap/data/sys/log/uaa/uaa.log"] [2016-09-29 20:05:50.815] uaa - 19013 [http-nio-127.0.0.1-8989-exec-2] .... DEBUG --- AntPathRequestMatcher: Checking match of request : '/healthz'; against '/square-logo.png'

2016-09-29T20:05:57.129329+00:00 05bf1627-ae2f-400c-b1ce-31973a9ff23f - - - [NXLOG@14506 bosh_deployment="cf-warden" bosh_job_name="uaa_z1" bosh_job_index="0" filename="/var/vcap/data/sys/log/uaa/uaa.log"] [2016-09-29 20:05:50.816] uaa - 19013 [http-nio-127.0.0.1-8989-exec-2] .... DEBUG --- AntPathRequestMatcher: Checking match of request : '/healthz'; against '/info'

2016-09-29T20:05:57.129339+00:00 05bf1627-ae2f-400c-b1ce-31973a9ff23f - - - [NXLOG@14506 bosh_deployment="cf-warden" bosh_job_name="uaa_z1" bosh_job_index="0" filename="/var/vcap/data/sys/log/uaa/uaa.log"] [2016-09-29 20:05:50.816] uaa - 19013 [http-nio-127.0.0.1-8989-exec-2] .... DEBUG --- AntPathRequestMatcher: Checking match of request : '/healthz'; against '/password/**'

2016-09-29T20:05:57.129349+00:00 05bf1627-ae2f-400c-b1ce-31973a9ff23f - - - [NXLOG@14506 bosh_deployment="cf-warden" bosh_job_name="uaa_z1" bosh_job_index="0" filename="/var/vcap/data/sys/log/uaa/uaa.log"] [2016-09-29 20:05:50.816] uaa - 19013 [http-nio-127.0.0.1-8989-exec-2] .... DEBUG --- AntPathRequestMatcher: Checking match of request : '/healthz'; against '/healthz/**'

2016-09-29T20:05:57.129408+00:00 05bf1627-ae2f-400c-b1ce-31973a9ff23f - - - [NXLOG@14506 bosh_deployment="cf-warden" bosh_job_name="uaa_z1" bosh_job_index="0" filename="/var/vcap/data/sys/log/uaa/uaa.log"] [2016-09-29 20:05:50.816] uaa - 19013 [http-nio-127.0.0.1-8989-exec-2] .... DEBUG --- FilterChainProxy: /healthz has an empty filter list

2016-09-29T20:05:57.129433+00:00 05bf1627-ae2f-400c-b1ce-31973a9ff23f - - - [NXLOG@14506 bosh_deployment="cf-warden" bosh_job_name="uaa_z1" bosh_job_index="0" filename="/var/vcap/data/sys/log/uaa/uaa.log"] [2016-09-29 20:05:50.816] uaa - 19013 [http-nio-127.0.0.1-8989-exec-2] .... DEBUG --- DispatcherServlet: DispatcherServlet with name 'spring' processing GET request for [/healthz]

2016-09-29T20:05:57.129444+00:00 05bf1627-ae2f-400c-b1ce-31973a9ff23f - - - [NXLOG@14506 bosh_deployment="cf-warden" bosh_job_name="uaa_z1" bosh_job_index="0" filename="/var/vcap/data/sys/log/uaa/uaa.log"] [2016-09-29 20:05:50.816] uaa - 19013 [http-nio-127.0.0.1-8989-exec-2] .... DEBUG --- DispatcherServlet: Last-Modified value for [/healthz] is: -1

2016-09-29T20:05:57.129454+00:00 05bf1627-ae2f-400c-b1ce-31973a9ff23f - - - [NXLOG@14506 bosh_deployment="cf-warden" bosh_job_name="uaa_z1" bosh_job_index="0" filename="/var/vcap/data/sys/log/uaa/uaa.log"] [2016-09-29 20:05:50.816] uaa - 19013 [http-nio-127.0.0.1-8989-exec-2] .... DEBUG --- RequestResponseBodyMethodProcessor: Written [ok

2016-09-29T20:05:57.129464+00:00 05bf1627-ae2f-400c-b1ce-31973a9ff23f - - - [NXLOG@14506 bosh_deployment="cf-warden" bosh_job_name="uaa_z1" bosh_job_index="0" filename="/var/vcap/data/sys/log/uaa/uaa.log"] ] as "text/plain;charset=ISO-8859-1" using [org.springframework.http.converter.StringHttpMessageConverter@178b2baf]

2016-09-29T20:05:57.129474+00:00 05bf1627-ae2f-400c-b1ce-31973a9ff23f - - - [NXLOG@14506 bosh_deployment="cf-warden" bosh_job_name="uaa_z1" bosh_job_index="0" filename="/var/vcap/data/sys/log/uaa/uaa.log"] [2016-09-29 20:05:50.816] uaa - 19013 [http-nio-127.0.0.1-8989-exec-2] .... DEBUG --- DispatcherServlet: Null ModelAndView returned to DispatcherServlet with name 'spring': assuming HandlerAdapter completed request handling

2016-09-29T20:05:57.129497+00:00 05bf1627-ae2f-400c-b1ce-31973a9ff23f - - - [NXLOG@14506 bosh_deployment="cf-warden" bosh_job_name="uaa_z1" bosh_job_index="0" filename="/var/vcap/data/sys/log/uaa/uaa.log"] [2016-09-29 20:05:50.816] uaa - 19013 [http-nio-127.0.0.1-8989-exec-2] .... DEBUG --- DispatcherServlet: Successfully completed request

2016-09-29T20:05:57.129508+00:00 05bf1627-ae2f-400c-b1ce-31973a9ff23f - - - [NXLOG@14506 bosh_deployment="cf-warden" bosh_job_name="uaa_z1" bosh_job_index="0" filename="/var/vcap/data/sys/log/uaa/uaa.log"] [2016-09-29 20:05:51.156] uaa - 19013 [pool-2-thread-1] .... DEBUG --- JdbcTemplate: Executing SQL query [select count(*) from oauth_client_details]

2016-09-29T20:05:57.129517+00:00 05bf1627-ae2f-400c-b1ce-31973a9ff23f - - - [NXLOG@14506 bosh_deployment="cf-warden" bosh_job_name="uaa_z1" bosh_job_index="0" filename="/var/vcap/data/sys/log/uaa/uaa.log"] [2016-09-29 20:05:51.157] uaa - 19013 [pool-2-thread-1] .... DEBUG --- JdbcTemplate: Executing SQL query [select count(*) from users]

2016-09-29T20:05:57.129563+00:00 05bf1627-ae2f-400c-b1ce-31973a9ff23f - - - [NXLOG@14506 bosh_deployment="cf-warden" bosh_job_name="uaa_z1" bosh_job_index="0" filename="/var/vcap/data/sys/log/uaa/uaa.log"] [2016-09-29 20:05:54.816] uaa - 19013 [http-nio-127.0.0.1-8989-exec-1] .... DEBUG --- AntPathRequestMatcher: Checking match of request : '/healthz'; against '/resources/**'

2016-09-29T20:05:57.129586+00:00 05bf1627-ae2f-400c-b1ce-31973a9ff23f - - - [NXLOG@14506 bosh_deployment="cf-warden" bosh_job_name="uaa_z1" bosh_job_index="0" filename="/var/vcap/data/sys/log/uaa/uaa.log"] [2016-09-29 20:05:54.816] uaa - 19013 [http-nio-127.0.0.1-8989-exec-1] .... DEBUG --- AntPathRequestMatcher: Checking match of request : '/healthz'; against '/square-logo.png'

2016-09-29T20:05:57.129597+00:00 05bf1627-ae2f-400c-b1ce-31973a9ff23f - - - [NXLOG@14506 bosh_deployment="cf-warden" bosh_job_name="uaa_z1" bosh_job_index="0" filename="/var/vcap/data/sys/log/uaa/uaa.log"] [2016-09-29 20:05:54.816] uaa - 19013 [http-nio-127.0.0.1-8989-exec-1] .... DEBUG --- AntPathRequestMatcher: Checking match of request : '/healthz'; against '/info'

2016-09-29T20:05:57.129607+00:00 05bf1627-ae2f-400c-b1ce-31973a9ff23f - - - [NXLOG@14506 bosh_deployment="cf-warden" bosh_job_name="uaa_z1" bosh_job_index="0" filename="/var/vcap/data/sys/log/uaa/uaa.log"] [2016-09-29 20:05:54.816] uaa - 19013 [http-nio-127.0.0.1-8989-exec-1] .... DEBUG --- AntPathRequestMatcher: Checking match of request : '/healthz'; against '/password/**'

2016-09-29T20:05:57.129616+00:00 05bf1627-ae2f-400c-b1ce-31973a9ff23f - - - [NXLOG@14506 bosh_deployment="cf-warden" bosh_job_name="uaa_z1" bosh_job_index="0" filename="/var/vcap/data/sys/log/uaa/uaa.log"] [2016-09-29 20:05:54.816] uaa - 19013 [http-nio-127.0.0.1-8989-exec-1] .... DEBUG --- AntPathRequestMatcher: Checking match of request : '/healthz'; against '/healthz/**'

2016-09-29T20:05:57.129638+00:00 05bf1627-ae2f-400c-b1ce-31973a9ff23f - - - [NXLOG@14506 bosh_deployment="cf-warden" bosh_job_name="uaa_z1" bosh_job_index="0" filename="/var/vcap/data/sys/log/uaa/uaa.log"] [2016-09-29 20:05:54.816] uaa - 19013 [http-nio-127.0.0.1-8989-exec-1] .... DEBUG --- FilterChainProxy: /healthz has an empty filter list

2016-09-29T20:05:57.129649+00:00 05bf1627-ae2f-400c-b1ce-31973a9ff23f - - - [NXLOG@14506 bosh_deployment="cf-warden" bosh_job_name="uaa_z1" bosh_job_index="0" filename="/var/vcap/data/sys/log/uaa/uaa.log"] [2016-09-29 20:05:54.816] uaa - 19013 [http-nio-127.0.0.1-8989-exec-1] .... DEBUG --- DispatcherServlet: DispatcherServlet with name 'spring' processing GET request for [/healthz]

2016-09-29T20:05:57.129659+00:00 05bf1627-ae2f-400c-b1ce-31973a9ff23f - - - [NXLOG@14506 bosh_deployment="cf-warden" bosh_job_name="uaa_z1" bosh_job_index="0" filename="/var/vcap/data/sys/log/uaa/uaa.log"] [2016-09-29 20:05:54.816] uaa - 19013 [http-nio-127.0.0.1-8989-exec-1] .... DEBUG --- DispatcherServlet: Last-Modified value for [/healthz] is: -1

2016-09-29T20:05:57.129673+00:00 05bf1627-ae2f-400c-b1ce-31973a9ff23f - - - [NXLOG@14506 bosh_deployment="cf-warden" bosh_job_name="uaa_z1" bosh_job_index="0" filename="/var/vcap/data/sys/log/uaa/uaa.log"] [2016-09-29 20:05:54.816] uaa - 19013 [http-nio-127.0.0.1-8989-exec-1] .... DEBUG --- RequestResponseBodyMethodProcessor: Written [ok

2016-09-29T20:05:57.129682+00:00 05bf1627-ae2f-400c-b1ce-31973a9ff23f - - - [NXLOG@14506 bosh_deployment="cf-warden" bosh_job_name="uaa_z1" bosh_job_index="0" filename="/var/vcap/data/sys/log/uaa/uaa.log"] ] as "text/plain;charset=ISO-8859-1" using [org.springframework.http.converter.StringHttpMessageConverter@178b2baf]

2016-09-29T20:05:57.129692+00:00 05bf1627-ae2f-400c-b1ce-31973a9ff23f - - - [NXLOG@14506 bosh_deployment="cf-warden" bosh_job_name="uaa_z1" bosh_job_index="0" filename="/var/vcap/data/sys/log/uaa/uaa.log"] [2016-09-29 20:05:54.816] uaa - 19013 [http-nio-127.0.0.1-8989-exec-1] .... DEBUG --- DispatcherServlet: Null ModelAndView returned to DispatcherServlet with name 'spring': assuming HandlerAdapter completed request handling

2016-09-29T20:05:57.129714+00:00 05bf1627-ae2f-400c-b1ce-31973a9ff23f - - - [NXLOG@14506 bosh_deployment="cf-warden" bosh_job_name="uaa_z1" bosh_job_index="0" filename="/var/vcap/data/sys/log/uaa/uaa.log"] [2016-09-29 20:05:54.816] uaa - 19013 [http-nio-127.0.0.1-8989-exec-1] .... DEBUG --- DispatcherServlet: Successfully completed request

2016-09-29T20:05:57.129724+00:00 05bf1627-ae2f-400c-b1ce-31973a9ff23f - - - [NXLOG@14506 bosh_deployment="cf-warden" bosh_job_name="uaa_z1" bosh_job_index="0" filename="/var/vcap/data/sys/log/uaa/uaa.log"] [2016-09-29 20:05:56.156] uaa - 19013 [pool-2-thread-1] .... DEBUG --- JdbcTemplate: Executing SQL query [select count(*) from oauth_client_details]

2016-09-29T20:05:57.129734+00:00 05bf1627-ae2f-400c-b1ce-31973a9ff23f - - - [NXLOG@14506 bosh_deployment="cf-warden" bosh_job_name="uaa_z1" bosh_job_index="0" filename="/var/vcap/data/sys/log/uaa/uaa.log"] [2016-09-29 20:05:56.158] uaa - 19013 [pool-2-thread-1] .... DEBUG --- JdbcTemplate: Executing SQL query [select count(*) from users]

2016-09-29T20:05:57.130808+00:00 b0fa19c0-86de-4447-a670-3f7adbd0b3c1 - - - [NXLOG@14506 bosh_deployment="cf-warden" bosh_job_name="api_z1" bosh_job_index="0" filename="/var/vcap/data/sys/log/cloud_controller_worker/cloud_controller_worker.log"] {"timestamp":1475179547.9125748,"message":"(0.000490s) SELECT * FROM \"delayed_jobs\" WHERE ((((\"run_at\" <= '2016-09-29 20:05:47.911826+0000') AND (\"locked_at\" IS NULL)) OR (\"locked_by\" = 'cc_global_worker.api_z1.0.1')) AND (\"failed_at\" IS NULL) AND (\"queue\" IN ('cc-generic'))) ORDER BY \"priority\" ASC, \"run_at\" ASC LIMIT 5","log_level":"debug2","source":"cc.background","data":{},"thread_id":47193737007380,"fiber_id":47193773841900,"process_id":15807,"file":"/var/vcap/packages/cloud_controller_ng/cloud_controller_ng/vendor/bundle/ruby/2.3.0/gems/sequel-4.29.0/lib/sequel/database/logging.rb","lineno":70,"method":"block in log_each"}

2016-09-29T20:05:57.130890+00:00 b0fa19c0-86de-4447-a670-3f7adbd0b3c1 - - - [NXLOG@14506 bosh_deployment="cf-warden" bosh_job_name="api_z1" bosh_job_index="0" filename="/var/vcap/data/sys/log/cloud_controller_worker/cloud_controller_worker.log"] {"timestamp":1475179552.9424536,"message":"(0.000397s) SELECT * FROM \"delayed_jobs\" WHERE ((((\"run_at\" <= '2016-09-29 20:05:52.941556+0000') AND (\"locked_at\" IS NULL)) OR (\"locked_by\" = 'cc_global_worker.api_z1.0.1')) AND (\"failed_at\" IS NULL) AND (\"queue\" IN ('cc-generic'))) ORDER BY \"priority\" ASC, \"run_at\" ASC LIMIT 5","log_level":"debug2","source":"cc.background","data":{},"thread_id":47193737007380,"fiber_id":47193773841900,"process_id":15807,"file":"/var/vcap/packages/cloud_controller_ng/cloud_controller_ng/vendor/bundle/ruby/2.3.0/gems/sequel-4.29.0/lib/sequel/database/logging.rb","lineno":70,"method":"block in log_each"}

2016-09-29T20:05:57.130980+00:00 b0fa19c0-86de-4447-a670-3f7adbd0b3c1 - - - [NXLOG@14506 bosh_deployment="cf-warden" bosh_job_name="api_z1" bosh_job_index="0" filename="/var/vcap/data/sys/log/nginx_cc/nginx.access.log"] 10.244.0.138 - [29/Sep/2016:20:05:47 +0000] "GET /v2/info HTTP/1.1" 200 802 "-" "monit/5.2.5" 10.244.0.138 vcap_request_id:6834c7af-8772-43c4-91f1-db4546b4fcc9 response_time:0.003

2016-09-29T20:05:57.131022+00:00 b0fa19c0-86de-4447-a670-3f7adbd0b3c1 - - - [NXLOG@14506 bosh_deployment="cf-warden" bosh_job_name="api_z1" bosh_job_index="0" filename="/var/vcap/data/sys/log/cloud_controller_ng/cloud_controller_ng.log"] {"timestamp":1475179547.339748,"message":"Statsd: cc.requests.outstanding:1|c","log_level":"debug","source":"statsd.client","data":{},"thread_id":47062185510160,"fiber_id":47062185096940,"process_id":15535,"file":"/var/vcap/packages/cloud_controller_ng/cloud_controller_ng/vendor/bundle/ruby/2.3.0/gems/statsd-ruby-1.2.1/lib/statsd.rb","lineno":254,"method":"send_to_socket"}

2016-09-29T20:05:57.131071+00:00 b0fa19c0-86de-4447-a670-3f7adbd0b3c1 - - - [NXLOG@14506 bosh_deployment="cf-warden" bosh_job_name="api_z1" bosh_job_index="0" filename="/var/vcap/data/sys/log/cloud_controller_ng/cloud_controller_ng.log"] {"timestamp":1475179547.3403032,"message":"Started GET \"/v2/info\" for user: , ip: 127.0.0.1 with vcap-request-id: 6834c7af-8772-43c4-91f1-db4546b4fcc9 at 2016-09-29 20:05:47 UTC","log_level":"info","source":"cc.api","data":{},"thread_id":47062185510160,"fiber_id":47062185096940,"process_id":15535,"file":"/var/vcap/packages/cloud_controller_ng/cloud_controller_ng/middleware/request_logs.rb","lineno":12,"method":"call"}

2016-09-29T20:05:57.131126+00:00 b0fa19c0-86de-4447-a670-3f7adbd0b3c1 - - - [NXLOG@14506 bosh_deployment="cf-warden" bosh_job_name="api_z1" bosh_job_index="0" filename="/var/vcap/data/sys/log/cloud_controller_ng/cloud_controller_ng.log"] {"timestamp":1475179547.3408322,"message":"dispatch VCAP::CloudController::InfoController get /v2/info","log_level":"debug","source":"cc.api","data":{"request_guid":"6834c7af-8772-43c4-91f1-db4546b4fcc9"},"thread_id":47062185510160,"fiber_id":47062185096940,"process_id":15535,"file":"/var/vcap/data/packages/cloud_controller_ng/f87cb49aa2cd87792cb9c2211a79e1542502be4d.1-b1a5f3c830cb6c32ae9e685628b24aa967f5ae54/cloud_controller_ng/lib/cloud_controller/rest_controller/routes.rb","lineno":12,"method":"block in define_route"}

2016-09-29T20:05:57.131179+00:00 b0fa19c0-86de-4447-a670-3f7adbd0b3c1 - - - [NXLOG@14506 bosh_deployment="cf-warden" bosh_job_name="api_z1" bosh_job_index="0" filename="/var/vcap/data/sys/log/cloud_controller_ng/cloud_controller_ng.log"] {"timestamp":1475179547.34101,"message":"parse_params: {} ","log_level":"debug","source":"cc.api","data":{"request_guid":"6834c7af-8772-43c4-91f1-db4546b4fcc9"},"thread_id":47062185510160,"fiber_id":47062185096940,"process_id":15535,"file":"/var/vcap/data/packages/cloud_controller_ng/f87cb49aa2cd87792cb9c2211a79e1542502be4d.1-b1a5f3c830cb6c32ae9e685628b24aa967f5ae54/cloud_controller_ng/lib/cloud_controller/rest_controller/common_params.rb","lineno":10,"method":"parse"}

2016-09-29T20:05:57.131281+00:00 b0fa19c0-86de-4447-a670-3f7adbd0b3c1 - - - [NXLOG@14506 bosh_deployment="cf-warden" bosh_job_name="api_z1" bosh_job_index="0" filename="/var/vcap/data/sys/log/cloud_controller_ng/cloud_controller_ng.log"] {"timestamp":1475179547.341166,"message":"cc.dispatch","log_level":"debug","source":"cc.api","data":{"request_guid":"6834c7af-8772-43c4-91f1-db4546b4fcc9","endpoint":"read","args":[]},"thread_id":47062185510160,"fiber_id":47062185096940,"process_id":15535,"file":"/var/vcap/data/packages/cloud_controller_ng/f87cb49aa2cd87792cb9c2211a79e1542502be4d.1-b1a5f3c830cb6c32ae9e685628b24aa967f5ae54/cloud_controller_ng/app/controllers/base/base_controller.rb","lineno":78,"method":"dispatch"}

2016-09-29T20:05:57.131324+00:00 b0fa19c0-86de-4447-a670-3f7adbd0b3c1 - - - [NXLOG@14506 bosh_deployment="cf-warden" bosh_job_name="api_z1" bosh_job_index="0" filename="/var/vcap/data/sys/log/cloud_controller_ng/cloud_controller_ng.log"] {"timestamp":1475179547.3413734,"message":"Completed 200 vcap-request-id: 6834c7af-8772-43c4-91f1-db4546b4fcc9","log_level":"info","source":"cc.api","data":{},"thread_id":47062185510160,"fiber_id":47062185096940,"process_id":15535,"file":"/var/vcap/packages/cloud_controller_ng/cloud_controller_ng/middleware/request_logs.rb","lineno":24,"method":"call"}

2016-09-29T20:05:57.131362+00:00 b0fa19c0-86de-4447-a670-3f7adbd0b3c1 - - - [NXLOG@14506 bosh_deployment="cf-warden" bosh_job_name="api_z1" bosh_job_index="0" filename="/var/vcap/data/sys/log/cloud_controller_ng/cloud_controller_ng.log"] {"timestamp":1475179547.3415341,"message":"Statsd: cc.requests.outstanding:-1|c\ncc.requests.completed:1|c\ncc.http_status.2XX:1|c","log_level":"debug","source":"statsd.client","data":{},"thread_id":47062185510160,"fiber_id":47062185096940,"process_id":15535,"file":"/var/vcap/packages/cloud_controller_ng/cloud_controller_ng/vendor/bundle/ruby/2.3.0/gems/statsd-ruby-1.2.1/lib/statsd.rb","lineno":254,"method":"send_to_socket"}

2016-09-29T20:05:57.131544+00:00 152ab062-1f32-4789-910a-13bdc79651b2 - - - [NXLOG@14506 bosh_deployment="cf-warden" bosh_job_name="hm9000_z1" bosh_job_index="0" filename="/var/vcap/data/sys/log/hm9000/hm9000_listener.log"] {"timestamp":"1475179551.821522713","source":"listener","message":"listener.Received a heartbeat","log_level":1,"data":{"Heartbeats Pending Save":"1"}}

2016-09-29T20:05:57.131628+00:00 152ab062-1f32-4789-910a-13bdc79651b2 - - - [NXLOG@14506 bosh_deployment="cf-warden" bosh_job_name="hm9000_z1" bosh_job_index="0" filename="/var/vcap/data/sys/log/hm9000/hm9000_listener.log"] {"timestamp":"1475179552.816061974","source":"listener","message":"listener.Saving Heartbeats","log_level":1,"data":{"Heartbeats to Save":"1"}}

2016-09-29T20:05:57.131684+00:00 152ab062-1f32-4789-910a-13bdc79651b2 - - - [NXLOG@14506 bosh_deployment="cf-warden" bosh_job_name="hm9000_z1" bosh_job_index="0" filename="/var/vcap/data/sys/log/hm9000/hm9000_listener.log"] {"timestamp":"1475179552.824272871","source":"listener","message":"listener.Bumped freshness","log_level":1,"data":{}}

2016-09-29T20:05:57.131723+00:00 152ab062-1f32-4789-910a-13bdc79651b2 - - - [NXLOG@14506 bosh_deployment="cf-warden" bosh_job_name="hm9000_z1" bosh_job_index="0" filename="/var/vcap/data/sys/log/hm9000/hm9000_listener.log"] {"timestamp":"1475179552.824419498","source":"listener","message":"listener.Saved Heartbeats","log_level":1,"data":{"Duration":"8.244695ms","Heartbeats to Save":"1"}}

2016-09-29T20:05:57.131397+00:00 b0fa19c0-86de-4447-a670-3f7adbd0b3c1 - - - [NXLOG@14506 bosh_deployment="cf-warden" bosh_job_name="api_z1" bosh_job_index="0" filename="/var/vcap/data/sys/log/cloud_controller_ng/cloud_controller_ng.log"] {"timestamp":1475179547.9143708,"message":"(0.000432s) SELECT * FROM \"delayed_jobs\" WHERE ((((\"run_at\" <= '2016-09-29 20:05:47.913375+0000') AND (\"locked_at\" IS NULL)) OR (\"locked_by\" = 'cc_api_worker.api_z1.0.2')) AND (\"failed_at\" IS NULL) AND (\"queue\" IN ('cc-api_z1-0'))) ORDER BY \"priority\" ASC, \"run_at\" ASC LIMIT 5","log_level":"debug2","source":"cc.background","data":{},"thread_id":47118928261380,"fiber_id":47118965175380,"process_id":15629,"file":"/var/vcap/packages/cloud_controller_ng/cloud_controller_ng/vendor/bundle/ruby/2.3.0/gems/sequel-4.29.0/lib/sequel/database/logging.rb","lineno":70,"method":"block in log_each"}

2016-09-29T20:05:57.131449+00:00 b0fa19c0-86de-4447-a670-3f7adbd0b3c1 - - - [NXLOG@14506 bosh_deployment="cf-warden" bosh_job_name="api_z1" bosh_job_index="0" filename="/var/vcap/data/sys/log/cloud_controller_ng/cloud_controller_ng.log"] {"timestamp":1475179549.1869328,"message":"(0.000568s) SELECT * FROM \"delayed_jobs\" WHERE ((((\"run_at\" <= '2016-09-29 20:05:49.185766+0000') AND (\"locked_at\" IS NULL)) OR (\"locked_by\" = 'cc_api_worker.api_z1.0.1')) AND (\"failed_at\" IS NULL) AND (\"queue\" IN ('cc-api_z1-0'))) ORDER BY \"priority\" ASC, \"run_at\" ASC LIMIT 5","log_level":"debug2","source":"cc.background","data":{},"thread_id":47452862460180,"fiber_id":47452899698480,"process_id":15587,"file":"/var/vcap/packages/cloud_controller_ng/cloud_controller_ng/vendor/bundle/ruby/2.3.0/gems/sequel-4.29.0/lib/sequel/database/logging.rb","lineno":70,"method":"block in log_each"}

2016-09-29T20:05:57.131500+00:00 b0fa19c0-86de-4447-a670-3f7adbd0b3c1 - - - [NXLOG@14506 bosh_deployment="cf-warden" bosh_job_name="api_z1" bosh_job_index="0" filename="/var/vcap/data/sys/log/cloud_controller_ng/cloud_controller_ng.log"] {"timestamp":1475179552.9425614,"message":"(0.000625s) SELECT * FROM \"delayed_jobs\" WHERE ((((\"run_at\" <= '2016-09-29 20:05:52.941414+0000') AND (\"locked_at\" IS NULL)) OR (\"locked_by\" = 'cc_api_worker.api_z1.0.2')) AND (\"failed_at\" IS NULL) AND (\"queue\" IN ('cc-api_z1-0'))) ORDER BY \"priority\" ASC, \"run_at\" ASC LIMIT 5","log_level":"debug2","source":"cc.background","data":{},"thread_id":47118928261380,"fiber_id":47118965175380,"process_id":15629,"file":"/var/vcap/packages/cloud_controller_ng/cloud_controller_ng/vendor/bundle/ruby/2.3.0/gems/sequel-4.29.0/lib/sequel/database/logging.rb","lineno":70,"method":"block in log_each"}

2016-09-29T20:05:57.131541+00:00 b0fa19c0-86de-4447-a670-3f7adbd0b3c1 - - - [NXLOG@14506 bosh_deployment="cf-warden" bosh_job_name="api_z1" bosh_job_index="0" filename="/var/vcap/data/sys/log/cloud_controller_ng/cloud_controller_ng.log"] {"timestamp":1475179554.209464,"message":"(0.000714s) SELECT * FROM \"delayed_jobs\" WHERE ((((\"run_at\" <= '2016-09-29 20:05:54.207890+0000') AND (\"locked_at\" IS NULL)) OR (\"locked_by\" = 'cc_api_worker.api_z1.0.1')) AND (\"failed_at\" IS NULL) AND (\"queue\" IN ('cc-api_z1-0'))) ORDER BY \"priority\" ASC, \"run_at\" ASC LIMIT 5","log_level":"debug2","source":"cc.background","data":{},"thread_id":47452862460180,"fiber_id":47452899698480,"process_id":15587,"file":"/var/vcap/packages/cloud_controller_ng/cloud_controller_ng/vendor/bundle/ruby/2.3.0/gems/sequel-4.29.0/lib/sequel/database/logging.rb","lineno":70,"method":"block in log_each"}

2016-09-29T20:06:06.983805+00:00 bfc626ef-a2eb-4bad-8f71-fa1d6d0f927f - - - [NXLOG@14506 bosh_deployment="cf-warden" bosh_job_name="loggregator_trafficcontroller_z1" bosh_job_index="0" filename="/var/vcap/data/sys/log/route_registrar/route_registrar.stdout.log"] {"timestamp":"1475179566.733571053","source":"Route Registrar","message":"Route Registrar.no healthchecker found for route","log_level":1,"data":{"route":{"Name":"loggregator","Port":8080,"Tags":null,"URIs":["loggregator.bosh-lite.com"],"RouteServiceUrl":"","RegistrationInterval":20000000000,"HealthCheck":null}}}

2016-09-29T20:06:06.984047+00:00 bfc626ef-a2eb-4bad-8f71-fa1d6d0f927f - - - [NXLOG@14506 bosh_deployment="cf-warden" bosh_job_name="loggregator_trafficcontroller_z1" bosh_job_index="0" filename="/var/vcap/data/sys/log/route_registrar/route_registrar.stdout.log"] {"timestamp":"1475179566.733687401","source":"Route Registrar","message":"Route Registrar.Registering route","log_level":1,"data":{"route":{"Name":"loggregator","Port":8080,"Tags":null,"URIs":["loggregator.bosh-lite.com"],"RouteServiceUrl":"","RegistrationInterval":20000000000,"HealthCheck":null}}}

2016-09-29T20:06:06.984122+00:00 bfc626ef-a2eb-4bad-8f71-fa1d6d0f927f - - - [NXLOG@14506 bosh_deployment="cf-warden" bosh_job_name="loggregator_trafficcontroller_z1" bosh_job_index="0" filename="/var/vcap/data/sys/log/route_registrar/route_registrar.stdout.log"] {"timestamp":"1475179566.733806610","source":"Route Registrar","message":"Route Registrar.Registered routes successfully","log_level":1,"data":{}}

2016-09-29T20:06:06.984188+00:00 bfc626ef-a2eb-4bad-8f71-fa1d6d0f927f - - - [NXLOG@14506 bosh_deployment="cf-warden" bosh_job_name="loggregator_trafficcontroller_z1" bosh_job_index="0" filename="/var/vcap/data/sys/log/route_registrar/route_registrar.stdout.log"] {"timestamp":"1475179566.733827353","source":"Route Registrar","message":"Route Registrar.no healthchecker found for route","log_level":1,"data":{"route":{"Name":"doppler","Port":8081,"Tags":null,"URIs":["doppler.bosh-lite.com"],"RouteServiceUrl":"","RegistrationInterval":20000000000,"HealthCheck":null}}}

2016-09-29T20:06:06.984273+00:00 bfc626ef-a2eb-4bad-8f71-fa1d6d0f927f - - - [NXLOG@14506 bosh_deployment="cf-warden" bosh_job_name="loggregator_trafficcontroller_z1" bosh_job_index="0" filename="/var/vcap/data/sys/log/route_registrar/route_registrar.stdout.log"] {"timestamp":"1475179566.733970642","source":"Route Registrar","message":"Route Registrar.Registering route","log_level":1,"data":{"route":{"Name":"doppler","Port":8081,"Tags":null,"URIs":["doppler.bosh-lite.com"],"RouteServiceUrl":"","RegistrationInterval":20000000000,"HealthCheck":null}}}

2016-09-29T20:06:06.984340+00:00 bfc626ef-a2eb-4bad-8f71-fa1d6d0f927f - - - [NXLOG@14506 bosh_deployment="cf-warden" bosh_job_name="loggregator_trafficcontroller_z1" bosh_job_index="0" filename="/var/vcap/data/sys/log/route_registrar/route_registrar.stdout.log"] {"timestamp":"1475179566.734041452","source":"Route Registrar","message":"Route Registrar.Registered routes successfully","log_level":1,"data":{}}

2016-09-29T20:06:06.984214+00:00 81da04d2-3e1d-4a50-80cd-e5b2e7a3a719 - - - [NXLOG@14506 bosh_deployment="cf-warden" bosh_job_name="router_z1" bosh_job_index="0" filename="/var/vcap/data/sys/log/gorouter/access.log"] api.bosh-lite.com - [29/09/2016:20:06:00.922 +0000] "GET /v2/syslog_drain_urls?batch_size=1000 HTTP/1.1" 200 0 42 "-" "Go-http-client/1.1" 10.244.0.34:51410 x_forwarded_for:"10.244.0.146" x_forwarded_proto:"https" vcap_request_id:b29dcaad-ec44-4d3c-7d9c-f0433ef35a0a response_time:0.006336046 app_id:

2016-09-29T20:06:06.991979+00:00 fc52b791-0068-48d0-b63d-a9600b8fa32e - - - [NXLOG@14506 bosh_deployment="cf-warden" bosh_job_name="runner_z1" bosh_job_index="0" filename="/var/vcap/data/sys/log/dea_next/dea_next.log"] {"timestamp":1475179561.8075764,"message":"hm9000.heartbeat.sending","log_level":"debug","source":"Dea::Bootstrap","data":{"destination":"https://listener-hm9000.service.cf.internal:5335/dea/heartbeat"},"thread_id":47241037142420,"fiber_id":47241050325380,"process_id":6941,"file":"/var/vcap/packages/dea_next/lib/dea/utils/hm9000.rb","lineno":29,"method":"send_heartbeat"}

2016-09-29T20:06:06.992124+00:00 fc52b791-0068-48d0-b63d-a9600b8fa32e - - - [NXLOG@14506 bosh_deployment="cf-warden" bosh_job_name="runner_z1" bosh_job_index="0" filename="/var/vcap/data/sys/log/dea_next/dea_next.log"] {"timestamp":1475179561.8104017,"message":"hm9000.heartbeat.accepted","log_level":"debug","source":"Dea::Bootstrap","data":{},"thread_id":47241050154600,"fiber_id":47241049451020,"process_id":6941,"file":"/var/vcap/packages/dea_next/lib/dea/utils/hm9000.rb","lineno":49,"method":"handle_http_response"}

2016-09-29T20:06:06.992171+00:00 fc52b791-0068-48d0-b63d-a9600b8fa32e - - - [NXLOG@14506 bosh_deployment="cf-warden" bosh_job_name="runner_z1" bosh_job_index="0" filename="/var/vcap/data/sys/log/dea_next/dea_next.log"] {"timestamp":1475179566.10606,"message":"Reaping orphaned containers","log_level":"debug","source":"Dea::Bootstrap","data":{},"thread_id":47241037142420,"fiber_id":47241050325380,"process_id":6941,"file":"/var/vcap/packages/dea_next/lib/dea/bootstrap.rb","lineno":236,"method":"reap_orphaned_containers"}

2016-09-29T20:06:07.128284+00:00 05bf1627-ae2f-400c-b1ce-31973a9ff23f - - - [NXLOG@14506 bosh_deployment="cf-warden" bosh_job_name="uaa_z1" bosh_job_index="0" filename="/var/vcap/data/sys/log/uaa/localhost_access.log"] 127.0.0.1 - - [29/Sep/2016:20:05:50 +0000] "GET /healthz HTTP/1.1" 200 3

2016-09-29T20:06:07.128406+00:00 05bf1627-ae2f-400c-b1ce-31973a9ff23f - - - [NXLOG@14506 bosh_deployment="cf-warden" bosh_job_name="uaa_z1" bosh_job_index="0" filename="/var/vcap/data/sys/log/uaa/localhost_access.log"] 127.0.0.1 - - [29/Sep/2016:20:05:50 +0000] "GET /healthz HTTP/1.1" 200 3

2016-09-29T20:06:07.128476+00:00 05bf1627-ae2f-400c-b1ce-31973a9ff23f - - - [NXLOG@14506 bosh_deployment="cf-warden" bosh_job_name="uaa_z1" bosh_job_index="0" filename="/var/vcap/data/sys/log/uaa/localhost_access.log"] 127.0.0.1 - - [29/Sep/2016:20:05:54 +0000] "GET /healthz HTTP/1.1" 200 3

2016-09-29T20:06:07.128513+00:00 05bf1627-ae2f-400c-b1ce-31973a9ff23f - - - [NXLOG@14506 bosh_deployment="cf-warden" bosh_job_name="uaa_z1" bosh_job_index="0" filename="/var/vcap/data/sys/log/route_registrar/route_registrar.stdout.log"] {"timestamp":"1475179558.808264256","source":"Route Registrar","message":"Route Registrar.Executing script","log_level":1,"data":{"scriptPath":"/var/vcap/jobs/uaa/bin/health_check"}}

2016-09-29T20:06:07.128566+00:00 05bf1627-ae2f-400c-b1ce-31973a9ff23f - - - [NXLOG@14506 bosh_deployment="cf-warden" bosh_job_name="uaa_z1" bosh_job_index="0" filename="/var/vcap/data/sys/log/route_registrar/route_registrar.stdout.log"] {"timestamp":"1475179558.820328951","source":"Route Registrar","message":"Route Registrar.Script exited without error","log_level":1,"data":{"script":"/var/vcap/jobs/uaa/bin/health_check","stderr":"  % Total    % Received % Xferd  Average Speed   Time    Time     Time  Current\n                                 Dload  Upload   Total   Spent    Left  Speed\n\r  0     0    0     0    0     0      0      0 --:--:-- --:--:-- --:--:--     0\r100     3  100     3    0     0   1563      0 --:--:-- --:--:-- --:--:--  3000\n","stdout":""}}

2016-09-29T20:06:07.128621+00:00 05bf1627-ae2f-400c-b1ce-31973a9ff23f - - - [NXLOG@14506 bosh_deployment="cf-warden" bosh_job_name="uaa_z1" bosh_job_index="0" filename="/var/vcap/data/sys/log/route_registrar/route_registrar.stdout.log"] {"timestamp":"1475179558.820435524","source":"Route Registrar","message":"Route Registrar.healthchecker returned healthy for route","log_level":1,"data":{"route":{"Name":"uaa","Port":8080,"Tags":{"component":"uaa"},"URIs":["uaa.bosh-lite.com","*.uaa.bosh-lite.com","login.bosh-lite.com","*.login.bosh-lite.com"],"RouteServiceUrl":"","RegistrationInterval":4000000000,"HealthCheck":{"Name":"uaa-healthcheck","ScriptPath":"/var/vcap/jobs/uaa/bin/health_check","Timeout":2000000000}}}}

2016-09-29T20:06:07.128672+00:00 05bf1627-ae2f-400c-b1ce-31973a9ff23f - - - [NXLOG@14506 bosh_deployment="cf-warden" bosh_job_name="uaa_z1" bosh_job_index="0" filename="/var/vcap/data/sys/log/route_registrar/route_registrar.stdout.log"] {"timestamp":"1475179558.820441484","source":"Route Registrar","message":"Route Registrar.Registering route","log_level":1,"data":{"route":{"Name":"uaa","Port":8080,"Tags":{"component":"uaa"},"URIs":["uaa.bosh-lite.com","*.uaa.bosh-lite.com","login.bosh-lite.com","*.login.bosh-lite.com"],"RouteServiceUrl":"","RegistrationInterval":4000000000,"HealthCheck":{"Name":"uaa-healthcheck","ScriptPath":"/var/vcap/jobs/uaa/bin/health_check","Timeout":2000000000}}}}

2016-09-29T20:06:07.128724+00:00 05bf1627-ae2f-400c-b1ce-31973a9ff23f - - - [NXLOG@14506 bosh_deployment="cf-warden" bosh_job_name="uaa_z1" bosh_job_index="0" filename="/var/vcap/data/sys/log/route_registrar/route_registrar.stdout.log"] {"timestamp":"1475179558.820571184","source":"Route Registrar","message":"Route Registrar.Registered routes successfully","log_level":1,"data":{}}

2016-09-29T20:06:07.128773+00:00 05bf1627-ae2f-400c-b1ce-31973a9ff23f - - - [NXLOG@14506 bosh_deployment="cf-warden" bosh_job_name="uaa_z1" bosh_job_index="0" filename="/var/vcap/data/sys/log/route_registrar/route_registrar.stdout.log"] {"timestamp":"1475179562.808233976","source":"Route Registrar","message":"Route Registrar.Executing script","log_level":1,"data":{"scriptPath":"/var/vcap/jobs/uaa/bin/health_check"}}

2016-09-29T20:06:07.128812+00:00 05bf1627-ae2f-400c-b1ce-31973a9ff23f - - - [NXLOG@14506 bosh_deployment="cf-warden" bosh_job_name="uaa_z1" bosh_job_index="0" filename="/var/vcap/data/sys/log/route_registrar/route_registrar.stdout.log"] {"timestamp":"1475179562.818491697","source":"Route Registrar","message":"Route Registrar.Script exited without error","log_level":1,"data":{"script":"/var/vcap/jobs/uaa/bin/health_check","stderr":"  % Total    % Received % Xferd  Average Speed   Time    Time     Time  Current\n                                 Dload  Upload   Total   Spent    Left  Speed\n\r  0     0    0     0    0     0      0      0 --:--:-- --:--:-- --:--:--     0\r100     3  100     3    0     0   3492      0 --:--:-- --:--:-- --:--:--  3000\n","stdout":""}}

2016-09-29T20:06:07.128857+00:00 05bf1627-ae2f-400c-b1ce-31973a9ff23f - - - [NXLOG@14506 bosh_deployment="cf-warden" bosh_job_name="uaa_z1" bosh_job_index="0" filename="/var/vcap/data/sys/log/route_registrar/route_registrar.stdout.log"] {"timestamp":"1475179562.818514585","source":"Route Registrar","message":"Route Registrar.healthchecker returned healthy for route","log_level":1,"data":{"route":{"Name":"uaa","Port":8080,"Tags":{"component":"uaa"},"URIs":["uaa.bosh-lite.com","*.uaa.bosh-lite.com","login.bosh-lite.com","*.login.bosh-lite.com"],"RouteServiceUrl":"","RegistrationInterval":4000000000,"HealthCheck":{"Name":"uaa-healthcheck","ScriptPath":"/var/vcap/jobs/uaa/bin/health_check","Timeout":2000000000}}}}

2016-09-29T20:06:07.128898+00:00 05bf1627-ae2f-400c-b1ce-31973a9ff23f - - - [NXLOG@14506 bosh_deployment="cf-warden" bosh_job_name="uaa_z1" bosh_job_index="0" filename="/var/vcap/data/sys/log/route_registrar/route_registrar.stdout.log"] {"timestamp":"1475179562.818599701","source":"Route Registrar","message":"Route Registrar.Registering route","log_level":1,"data":{"route":{"Name":"uaa","Port":8080,"Tags":{"component":"uaa"},"URIs":["uaa.bosh-lite.com","*.uaa.bosh-lite.com","login.bosh-lite.com","*.login.bosh-lite.com"],"RouteServiceUrl":"","RegistrationInterval":4000000000,"HealthCheck":{"Name":"uaa-healthcheck","ScriptPath":"/var/vcap/jobs/uaa/bin/health_check","Timeout":2000000000}}}}

2016-09-29T20:06:07.128938+00:00 05bf1627-ae2f-400c-b1ce-31973a9ff23f - - - [NXLOG@14506 bosh_deployment="cf-warden" bosh_job_name="uaa_z1" bosh_job_index="0" filename="/var/vcap/data/sys/log/route_registrar/route_registrar.stdout.log"] {"timestamp":"1475179562.818674088","source":"Route Registrar","message":"Route Registrar.Registered routes successfully","log_level":1,"data":{}}

2016-09-29T20:06:07.129077+00:00 05bf1627-ae2f-400c-b1ce-31973a9ff23f - - - [NXLOG@14506 bosh_deployment="cf-warden" bosh_job_name="uaa_z1" bosh_job_index="0" filename="/var/vcap/data/sys/log/route_registrar/route_registrar.stdout.log"] {"timestamp":"1475179566.808326006","source":"Route Registrar","message":"Route Registrar.Executing script","log_level":1,"data":{"scriptPath":"/var/vcap/jobs/uaa/bin/health_check"}}

2016-09-29T20:06:16.992430+00:00 fc52b791-0068-48d0-b63d-a9600b8fa32e - - - [NXLOG@14506 bosh_deployment="cf-warden" bosh_job_name="runner_z1" bosh_job_index="0" filename="/var/vcap/data/sys/log/dea_next/dea_next.log"] {"timestamp":1475179571.808478,"message":"hm9000.heartbeat.sending","log_level":"debug","source":"Dea::Bootstrap","data":{"destination":"https://listener-hm9000.service.cf.internal:5335/dea/heartbeat"},"thread_id":47241037142420,"fiber_id":47241050325380,"process_id":6941,"file":"/var/vcap/packages/dea_next/lib/dea/utils/hm9000.rb","lineno":29,"method":"send_heartbeat"}

2016-09-29T20:06:16.992550+00:00 fc52b791-0068-48d0-b63d-a9600b8fa32e - - - [NXLOG@14506 bosh_deployment="cf-warden" bosh_job_name="runner_z1" bosh_job_index="0" filename="/var/vcap/data/sys/log/dea_next/dea_next.log"] {"timestamp":1475179571.8105323,"message":"hm9000.heartbeat.accepted","log_level":"debug","source":"Dea::Bootstrap","data":{},"thread_id":47241050153600,"fiber_id":47241049165100,"process_id":6941,"file":"/var/vcap/packages/dea_next/lib/dea/utils/hm9000.rb","lineno":49,"method":"handle_http_response"}

2016-09-29T20:06:17.128304+00:00 f0562343-642f-42d4-aca5-293abe675815 - - - [NXLOG@14506 bosh_deployment="cf-warden" bosh_job_name="blobstore_z1" bosh_job_index="0" filename="/var/vcap/data/sys/log/route_registrar/route_registrar.stdout.log"] {"timestamp":"1475179568.518466473","source":"Route Registrar","message":"Route Registrar.no healthchecker found for route","log_level":1,"data":{"route":{"Name":"blobstore","Port":80,"Tags":{"component":"blobstore"},"URIs":["blobstore.bosh-lite.com"],"RouteServiceUrl":"","RegistrationInterval":20000000000,"HealthCheck":null}}}

2016-09-29T20:06:17.128407+00:00 f0562343-642f-42d4-aca5-293abe675815 - - - [NXLOG@14506 bosh_deployment="cf-warden" bosh_job_name="blobstore_z1" bosh_job_index="0" filename="/var/vcap/data/sys/log/route_registrar/route_registrar.stdout.log"] {"timestamp":"1475179568.518548250","source":"Route Registrar","message":"Route Registrar.Registering route","log_level":1,"data":{"route":{"Name":"blobstore","Port":80,"Tags":{"component":"blobstore"},"URIs":["blobstore.bosh-lite.com"],"RouteServiceUrl":"","RegistrationInterval":20000000000,"HealthCheck":null}}}

2016-09-29T20:06:17.128441+00:00 f0562343-642f-42d4-aca5-293abe675815 - - - [NXLOG@14506 bosh_deployment="cf-warden" bosh_job_name="blobstore_z1" bosh_job_index="0" filename="/var/vcap/data/sys/log/route_registrar/route_registrar.stdout.log"] {"timestamp":"1475179568.518650770","source":"Route Registrar","message":"Route Registrar.Registered routes successfully","log_level":1,"data":{}}

2016-09-29T20:06:17.131860+00:00 05bf1627-ae2f-400c-b1ce-31973a9ff23f - - - [NXLOG@14506 bosh_deployment="cf-warden" bosh_job_name="uaa_z1" bosh_job_index="0" filename="/var/vcap/data/sys/log/uaa/localhost_access.log"] 127.0.0.1 - - [29/Sep/2016:20:05:58 +0000] "GET /healthz HTTP/1.1" 200 3

2016-09-29T20:06:17.131944+00:00 05bf1627-ae2f-400c-b1ce-31973a9ff23f - - - [NXLOG@14506 bosh_deployment="cf-warden" bosh_job_name="uaa_z1" bosh_job_index="0" filename="/var/vcap/data/sys/log/uaa/localhost_access.log"] 127.0.0.1 - - [29/Sep/2016:20:06:00 +0000] "GET /healthz HTTP/1.1" 200 3

2016-09-29T20:06:17.131975+00:00 05bf1627-ae2f-400c-b1ce-31973a9ff23f - - - [NXLOG@14506 bosh_deployment="cf-warden" bosh_job_name="uaa_z1" bosh_job_index="0" filename="/var/vcap/data/sys/log/uaa/localhost_access.log"] 127.0.0.1 - - [29/Sep/2016:20:06:02 +0000] "GET /healthz HTTP/1.1" 200 3

2016-09-29T20:06:17.132005+00:00 05bf1627-ae2f-400c-b1ce-31973a9ff23f - - - [NXLOG@14506 bosh_deployment="cf-warden" bosh_job_name="uaa_z1" bosh_job_index="0" filename="/var/vcap/data/sys/log/uaa/localhost_access.log"] 127.0.0.1 - - [29/Sep/2016:20:06:06 +0000] "GET /healthz HTTP/1.1" 200 3

2016-09-29T20:06:17.132034+00:00 05bf1627-ae2f-400c-b1ce-31973a9ff23f - - - [NXLOG@14506 bosh_deployment="cf-warden" bosh_job_name="uaa_z1" bosh_job_index="0" filename="/var/vcap/data/sys/log/route_registrar/route_registrar.stdout.log"] {"timestamp":"1475179570.808529139","source":"Route Registrar","message":"Route Registrar.Executing script","log_level":1,"data":{"scriptPath":"/var/vcap/jobs/uaa/bin/health_check"}}

2016-09-29T20:06:17.132065+00:00 05bf1627-ae2f-400c-b1ce-31973a9ff23f - - - [NXLOG@14506 bosh_deployment="cf-warden" bosh_job_name="uaa_z1" bosh_job_index="0" filename="/var/vcap/data/sys/log/route_registrar/route_registrar.stdout.log"] {"timestamp":"1475179570.819329739","source":"Route Registrar","message":"Route Registrar.Script exited without error","log_level":1,"data":{"script":"/var/vcap/jobs/uaa/bin/health_check","stderr":"  % Total    % Received % Xferd  Average Speed   Time    Time     Time  Current\n                                 Dload  Upload   Total   Spent    Left  Speed\n\r  0     0    0     0    0     0      0      0 --:--:-- --:--:-- --:--:--     0\r100     3  100     3    0     0   2901      0 --:--:-- --:--:-- --:--:--  3000\n","stdout":""}}

2016-09-29T20:06:17.132148+00:00 05bf1627-ae2f-400c-b1ce-31973a9ff23f - - - [NXLOG@14506 bosh_deployment="cf-warden" bosh_job_name="uaa_z1" bosh_job_index="0" filename="/var/vcap/data/sys/log/route_registrar/route_registrar.stdout.log"] {"timestamp":"1475179570.819467783","source":"Route Registrar","message":"Route Registrar.healthchecker returned healthy for route","log_level":1,"data":{"route":{"Name":"uaa","Port":8080,"Tags":{"component":"uaa"},"URIs":["uaa.bosh-lite.com","*.uaa.bosh-lite.com","login.bosh-lite.com","*.login.bosh-lite.com"],"RouteServiceUrl":"","RegistrationInterval":4000000000,"HealthCheck":{"Name":"uaa-healthcheck","ScriptPath":"/var/vcap/jobs/uaa/bin/health_check","Timeout":2000000000}}}}

2016-09-29T20:06:17.132181+00:00 05bf1627-ae2f-400c-b1ce-31973a9ff23f - - - [NXLOG@14506 bosh_deployment="cf-warden" bosh_job_name="uaa_z1" bosh_job_index="0" filename="/var/vcap/data/sys/log/route_registrar/route_registrar.stdout.log"] {"timestamp":"1475179570.819493771","source":"Route Registrar","message":"Route Registrar.Registering route","log_level":1,"data":{"route":{"Name":"uaa","Port":8080,"Tags":{"component":"uaa"},"URIs":["uaa.bosh-lite.com","*.uaa.bosh-lite.com","login.bosh-lite.com","*.login.bosh-lite.com"],"RouteServiceUrl":"","RegistrationInterval":4000000000,"HealthCheck":{"Name":"uaa-healthcheck","ScriptPath":"/var/vcap/jobs/uaa/bin/health_check","Timeout":2000000000}}}}

2016-09-29T20:06:17.132221+00:00 05bf1627-ae2f-400c-b1ce-31973a9ff23f - - - [NXLOG@14506 bosh_deployment="cf-warden" bosh_job_name="uaa_z1" bosh_job_index="0" filename="/var/vcap/data/sys/log/route_registrar/route_registrar.stdout.log"] {"timestamp":"1475179570.819604635","source":"Route Registrar","message":"Route Registrar.Registered routes successfully","log_level":1,"data":{}}

2016-09-29T20:06:17.132257+00:00 05bf1627-ae2f-400c-b1ce-31973a9ff23f - - - [NXLOG@14506 bosh_deployment="cf-warden" bosh_job_name="uaa_z1" bosh_job_index="0" filename="/var/vcap/data/sys/log/route_registrar/route_registrar.stdout.log"] {"timestamp":"1475179574.808382988","source":"Route Registrar","message":"Route Registrar.Executing script","log_level":1,"data":{"scriptPath":"/var/vcap/jobs/uaa/bin/health_check"}}

2016-09-29T20:06:17.132284+00:00 05bf1627-ae2f-400c-b1ce-31973a9ff23f - - - [NXLOG@14506 bosh_deployment="cf-warden" bosh_job_name="uaa_z1" bosh_job_index="0" filename="/var/vcap/data/sys/log/route_registrar/route_registrar.stdout.log"] {"timestamp":"1475179574.821005106","source":"Route Registrar","message":"Route Registrar.Script exited without error","log_level":1,"data":{"script":"/var/vcap/jobs/uaa/bin/health_check","stderr":"  % Total    % Received % Xferd  Average Speed   Time    Time     Time  Current\n                                 Dload  Upload   Total   Spent    Left  Speed\n\r  0     0    0     0    0     0      0      0 --:--:-- --:--:-- --:--:--     0\r100     3  100     3    0     0   2806      0 --:--:-- --:--:-- --:--:--  3000\n","stdout":""}}

2016-09-29T20:06:17.132321+00:00 05bf1627-ae2f-400c-b1ce-31973a9ff23f - - - [NXLOG@14506 bosh_deployment="cf-warden" bosh_job_name="uaa_z1" bosh_job_index="0" filename="/var/vcap/data/sys/log/route_registrar/route_registrar.stdout.log"] {"timestamp":"1475179574.821116686","source":"Route Registrar","message":"Route Registrar.healthchecker returned healthy for route","log_level":1,"data":{"route":{"Name":"uaa","Port":8080,"Tags":{"component":"uaa"},"URIs":["uaa.bosh-lite.com","*.uaa.bosh-lite.com","login.bosh-lite.com","*.login.bosh-lite.com"],"RouteServiceUrl":"","RegistrationInterval":4000000000,"HealthCheck":{"Name":"uaa-healthcheck","ScriptPath":"/var/vcap/jobs/uaa/bin/health_check","Timeout":2000000000}}}}

2016-09-29T20:06:17.132349+00:00 05bf1627-ae2f-400c-b1ce-31973a9ff23f - - - [NXLOG@14506 bosh_deployment="cf-warden" bosh_job_name="uaa_z1" bosh_job_index="0" filename="/var/vcap/data/sys/log/route_registrar/route_registrar.stdout.log"] {"timestamp":"1475179574.821138620","source":"Route Registrar","message":"Route Registrar.Registering route","log_level":1,"data":{"route":{"Name":"uaa","Port":8080,"Tags":{"component":"uaa"},"URIs":["uaa.bosh-lite.com","*.uaa.bosh-lite.com","login.bosh-lite.com","*.login.bosh-lite.com"],"RouteServiceUrl":"","RegistrationInterval":4000000000,"HealthCheck":{"Name":"uaa-healthcheck","ScriptPath":"/var/vcap/jobs/uaa/bin/health_check","Timeout":2000000000}}}}

2016-09-29T20:06:17.132386+00:00 05bf1627-ae2f-400c-b1ce-31973a9ff23f - - - [NXLOG@14506 bosh_deployment="cf-warden" bosh_job_name="uaa_z1" bosh_job_index="0" filename="/var/vcap/data/sys/log/route_registrar/route_registrar.stdout.log"] {"timestamp":"1475179574.821207523","source":"Route Registrar","message":"Route Registrar.Registered routes successfully","log_level":1,"data":{}}

2016-09-29T20:06:17.132414+00:00 05bf1627-ae2f-400c-b1ce-31973a9ff23f - - - [NXLOG@14506 bosh_deployment="cf-warden" bosh_job_name="uaa_z1" bosh_job_index="0" filename="/var/vcap/data/sys/log/uaa/uaa.log"] [2016-09-29 20:06:10.792] uaa - 19013 [http-nio-127.0.0.1-8989-exec-3] .... DEBUG --- AntPathRequestMatcher: Checking match of request : '/healthz'; against '/resources/**'

2016-09-29T20:06:17.132441+00:00 05bf1627-ae2f-400c-b1ce-31973a9ff23f - - - [NXLOG@14506 bosh_deployment="cf-warden" bosh_job_name="uaa_z1" bosh_job_index="0" filename="/var/vcap/data/sys/log/uaa/uaa.log"] [2016-09-29 20:06:10.792] uaa - 19013 [http-nio-127.0.0.1-8989-exec-3] .... DEBUG --- AntPathRequestMatcher: Checking match of request : '/healthz'; against '/square-logo.png'

2016-09-29T20:06:17.132468+00:00 05bf1627-ae2f-400c-b1ce-31973a9ff23f - - - [NXLOG@14506 bosh_deployment="cf-warden" bosh_job_name="uaa_z1" bosh_job_index="0" filename="/var/vcap/data/sys/log/uaa/uaa.log"] [2016-09-29 20:06:10.792] uaa - 19013 [http-nio-127.0.0.1-8989-exec-3] .... DEBUG --- AntPathRequestMatcher: Checking match of request : '/healthz'; against '/info'

2016-09-29T20:06:17.132499+00:00 05bf1627-ae2f-400c-b1ce-31973a9ff23f - - - [NXLOG@14506 bosh_deployment="cf-warden" bosh_job_name="uaa_z1" bosh_job_index="0" filename="/var/vcap/data/sys/log/uaa/uaa.log"] [2016-09-29 20:06:10.792] uaa - 19013 [http-nio-127.0.0.1-8989-exec-3] .... DEBUG --- AntPathRequestMatcher: Checking match of request : '/healthz'; against '/password/**'

2016-09-29T20:06:17.132509+00:00 05bf1627-ae2f-400c-b1ce-31973a9ff23f - - - [NXLOG@14506 bosh_deployment="cf-warden" bosh_job_name="uaa_z1" bosh_job_index="0" filename="/var/vcap/data/sys/log/uaa/uaa.log"] [2016-09-29 20:06:10.792] uaa - 19013 [http-nio-127.0.0.1-8989-exec-3] .... DEBUG --- AntPathRequestMatcher: Checking match of request : '/healthz'; against '/healthz/**'

2016-09-29T20:06:17.132536+00:00 05bf1627-ae2f-400c-b1ce-31973a9ff23f - - - [NXLOG@14506 bosh_deployment="cf-warden" bosh_job_name="uaa_z1" bosh_job_index="0" filename="/var/vcap/data/sys/log/uaa/uaa.log"] [2016-09-29 20:06:10.792] uaa - 19013 [http-nio-127.0.0.1-8989-exec-3] .... DEBUG --- FilterChainProxy: /healthz has an empty filter list

2016-09-29T20:06:17.132553+00:00 05bf1627-ae2f-400c-b1ce-31973a9ff23f - - - [NXLOG@14506 bosh_deployment="cf-warden" bosh_job_name="uaa_z1" bosh_job_index="0" filename="/var/vcap/data/sys/log/uaa/uaa.log"] [2016-09-29 20:06:10.792] uaa - 19013 [http-nio-127.0.0.1-8989-exec-3] .... DEBUG --- DispatcherServlet: DispatcherServlet with name 'spring' processing GET request for [/healthz]

2016-09-29T20:06:17.132611+00:00 05bf1627-ae2f-400c-b1ce-31973a9ff23f - - - [NXLOG@14506 bosh_deployment="cf-warden" bosh_job_name="uaa_z1" bosh_job_index="0" filename="/var/vcap/data/sys/log/uaa/uaa.log"] [2016-09-29 20:06:10.792] uaa - 19013 [http-nio-127.0.0.1-8989-exec-3] .... DEBUG --- DispatcherServlet: Last-Modified value for [/healthz] is: -1

2016-09-29T20:06:17.132621+00:00 05bf1627-ae2f-400c-b1ce-31973a9ff23f - - - [NXLOG@14506 bosh_deployment="cf-warden" bosh_job_name="uaa_z1" bosh_job_index="0" filename="/var/vcap/data/sys/log/uaa/uaa.log"] [2016-09-29 20:06:10.792] uaa - 19013 [http-nio-127.0.0.1-8989-exec-3] .... DEBUG --- RequestResponseBodyMethodProcessor: Written [ok

2016-09-29T20:06:17.132629+00:00 05bf1627-ae2f-400c-b1ce-31973a9ff23f - - - [NXLOG@14506 bosh_deployment="cf-warden" bosh_job_name="uaa_z1" bosh_job_index="0" filename="/var/vcap/data/sys/log/uaa/uaa.log"] ] as "text/plain;charset=ISO-8859-1" using [org.springframework.http.converter.StringHttpMessageConverter@178b2baf]

2016-09-29T20:06:17.132637+00:00 05bf1627-ae2f-400c-b1ce-31973a9ff23f - - - [NXLOG@14506 bosh_deployment="cf-warden" bosh_job_name="uaa_z1" bosh_job_index="0" filename="/var/vcap/data/sys/log/uaa/uaa.log"] [2016-09-29 20:06:10.792] uaa - 19013 [http-nio-127.0.0.1-8989-exec-3] .... DEBUG --- DispatcherServlet: Null ModelAndView returned to DispatcherServlet with name 'spring': assuming HandlerAdapter completed request handling

2016-09-29T20:06:17.132675+00:00 05bf1627-ae2f-400c-b1ce-31973a9ff23f - - - [NXLOG@14506 bosh_deployment="cf-warden" bosh_job_name="uaa_z1" bosh_job_index="0" filename="/var/vcap/data/sys/log/uaa/uaa.log"] [2016-09-29 20:06:10.792] uaa - 19013 [http-nio-127.0.0.1-8989-exec-3] .... DEBUG --- DispatcherServlet: Successfully completed request

2016-09-29T20:06:17.132693+00:00 05bf1627-ae2f-400c-b1ce-31973a9ff23f - - - [NXLOG@14506 bosh_deployment="cf-warden" bosh_job_name="uaa_z1" bosh_job_index="0" filename="/var/vcap/data/sys/log/uaa/uaa.log"] [2016-09-29 20:06:10.807] uaa - 19013 [ZoneAwareMetadataManager.Refresh[idpMetadataManager]] .... DEBUG --- ZoneAwareIdpMetadataManager: Running SAML SP refresh[ZoneAwareMetadataManager.Refresh[idpMetadataManager]-859022334] - ignoreTimestamp=false

2016-09-29T20:06:17.132696+00:00 05bf1627-ae2f-400c-b1ce-31973a9ff23f - - - [NXLOG@14506 bosh_deployment="cf-warden" bosh_job_name="uaa_z1" bosh_job_index="0" filename="/var/vcap/data/sys/log/uaa/uaa.log"] [2016-09-29 20:06:10.807] uaa - 19013 [ZoneAwareMetadataManager.Refresh[idpMetadataManager]] .... DEBUG --- JdbcTemplate: Executing SQL query [select id,version,created,lastmodified,name,subdomain,description,config from identity_zone ]

2016-09-29T20:06:17.132775+00:00 05bf1627-ae2f-400c-b1ce-31973a9ff23f - - - [NXLOG@14506 bosh_deployment="cf-warden" bosh_job_name="uaa_z1" bosh_job_index="0" filename="/var/vcap/data/sys/log/uaa/uaa.log"] [2016-09-29 20:06:10.808] uaa - 19013 [ZoneAwareMetadataManager.Refresh[idpMetadataManager]] .... DEBUG --- JdbcTemplate: Executing prepared SQL query

2016-09-29T20:06:17.132783+00:00 05bf1627-ae2f-400c-b1ce-31973a9ff23f - - - [NXLOG@14506 bosh_deployment="cf-warden" bosh_job_name="uaa_z1" bosh_job_index="0" filename="/var/vcap/data/sys/log/uaa/uaa.log"] [2016-09-29 20:06:10.808] uaa - 19013 [ZoneAwareMetadataManager.Refresh[idpMetadataManager]] .... DEBUG --- JdbcTemplate: Executing prepared SQL statement [select id,version,created,lastmodified,name,entity_id,config,identity_zone_id,active from service_provider where identity_zone_id=?]

2016-09-29T20:06:17.132822+00:00 05bf1627-ae2f-400c-b1ce-31973a9ff23f - - - [NXLOG@14506 bosh_deployment="cf-warden" bosh_job_name="uaa_z1" bosh_job_index="0" filename="/var/vcap/data/sys/log/uaa/uaa.log"] [2016-09-29 20:06:10.817] uaa - 19013 [http-nio-127.0.0.1-8989-exec-1] .... DEBUG --- AntPathRequestMatcher: Checking match of request : '/healthz'; against '/resources/**'

2016-09-29T20:06:17.132831+00:00 05bf1627-ae2f-400c-b1ce-31973a9ff23f - - - [NXLOG@14506 bosh_deployment="cf-warden" bosh_job_name="uaa_z1" bosh_job_index="0" filename="/var/vcap/data/sys/log/uaa/uaa.log"] [2016-09-29 20:06:10.817] uaa - 19013 [http-nio-127.0.0.1-8989-exec-1] .... DEBUG --- AntPathRequestMatcher: Checking match of request : '/healthz'; against '/square-logo.png'

2016-09-29T20:06:17.132857+00:00 05bf1627-ae2f-400c-b1ce-31973a9ff23f - - - [NXLOG@14506 bosh_deployment="cf-warden" bosh_job_name="uaa_z1" bosh_job_index="0" filename="/var/vcap/data/sys/log/uaa/uaa.log"] [2016-09-29 20:06:10.817] uaa - 19013 [http-nio-127.0.0.1-8989-exec-1] .... DEBUG --- AntPathRequestMatcher: Checking match of request : '/healthz'; against '/info'

2016-09-29T20:06:17.132864+00:00 05bf1627-ae2f-400c-b1ce-31973a9ff23f - - - [NXLOG@14506 bosh_deployment="cf-warden" bosh_job_name="uaa_z1" bosh_job_index="0" filename="/var/vcap/data/sys/log/uaa/uaa.log"] [2016-09-29 20:06:10.817] uaa - 19013 [http-nio-127.0.0.1-8989-exec-1] .... DEBUG --- AntPathRequestMatcher: Checking match of request : '/healthz'; against '/password/**'

2016-09-29T20:06:17.132871+00:00 05bf1627-ae2f-400c-b1ce-31973a9ff23f - - - [NXLOG@14506 bosh_deployment="cf-warden" bosh_job_name="uaa_z1" bosh_job_index="0" filename="/var/vcap/data/sys/log/uaa/uaa.log"] [2016-09-29 20:06:10.817] uaa - 19013 [http-nio-127.0.0.1-8989-exec-1] .... DEBUG --- AntPathRequestMatcher: Checking match of request : '/healthz'; against '/healthz/**'

2016-09-29T20:06:17.132889+00:00 05bf1627-ae2f-400c-b1ce-31973a9ff23f - - - [NXLOG@14506 bosh_deployment="cf-warden" bosh_job_name="uaa_z1" bosh_job_index="0" filename="/var/vcap/data/sys/log/uaa/uaa.log"] [2016-09-29 20:06:10.817] uaa - 19013 [http-nio-127.0.0.1-8989-exec-1] .... DEBUG --- FilterChainProxy: /healthz has an empty filter list

2016-09-29T20:06:17.132897+00:00 05bf1627-ae2f-400c-b1ce-31973a9ff23f - - - [NXLOG@14506 bosh_deployment="cf-warden" bosh_job_name="uaa_z1" bosh_job_index="0" filename="/var/vcap/data/sys/log/uaa/uaa.log"] [2016-09-29 20:06:10.817] uaa - 19013 [http-nio-127.0.0.1-8989-exec-1] .... DEBUG --- DispatcherServlet: DispatcherServlet with name 'spring' processing GET request for [/healthz]

2016-09-29T20:06:17.132904+00:00 05bf1627-ae2f-400c-b1ce-31973a9ff23f - - - [NXLOG@14506 bosh_deployment="cf-warden" bosh_job_name="uaa_z1" bosh_job_index="0" filename="/var/vcap/data/sys/log/uaa/uaa.log"] [2016-09-29 20:06:10.817] uaa - 19013 [http-nio-127.0.0.1-8989-exec-1] .... DEBUG --- DispatcherServlet: Last-Modified value for [/healthz] is: -1

2016-09-29T20:06:17.132922+00:00 05bf1627-ae2f-400c-b1ce-31973a9ff23f - - - [NXLOG@14506 bosh_deployment="cf-warden" bosh_job_name="uaa_z1" bosh_job_index="0" filename="/var/vcap/data/sys/log/uaa/uaa.log"] [2016-09-29 20:06:10.817] uaa - 19013 [http-nio-127.0.0.1-8989-exec-1] .... DEBUG --- RequestResponseBodyMethodProcessor: Written [ok

2016-09-29T20:06:17.134249+00:00 05bf1627-ae2f-400c-b1ce-31973a9ff23f - - - [NXLOG@14506 bosh_deployment="cf-warden" bosh_job_name="uaa_z1" bosh_job_index="0" filename="/var/vcap/data/sys/log/uaa/uaa.log"] ] as "text/plain;charset=ISO-8859-1" using [org.springframework.http.converter.StringHttpMessageConverter@178b2baf]

2016-09-29T20:06:17.134272+00:00 05bf1627-ae2f-400c-b1ce-31973a9ff23f - - - [NXLOG@14506 bosh_deployment="cf-warden" bosh_job_name="uaa_z1" bosh_job_index="0" filename="/var/vcap/data/sys/log/uaa/uaa.log"] [2016-09-29 20:06:10.818] uaa - 19013 [http-nio-127.0.0.1-8989-exec-1] .... DEBUG --- DispatcherServlet: Null ModelAndView returned to DispatcherServlet with name 'spring': assuming HandlerAdapter completed request handling

2016-09-29T20:06:17.134282+00:00 05bf1627-ae2f-400c-b1ce-31973a9ff23f - - - [NXLOG@14506 bosh_deployment="cf-warden" bosh_job_name="uaa_z1" bosh_job_index="0" filename="/var/vcap/data/sys/log/uaa/uaa.log"] [2016-09-29 20:06:10.818] uaa - 19013 [http-nio-127.0.0.1-8989-exec-1] .... DEBUG --- DispatcherServlet: Successfully completed request

2016-09-29T20:06:17.134295+00:00 05bf1627-ae2f-400c-b1ce-31973a9ff23f - - - [NXLOG@14506 bosh_deployment="cf-warden" bosh_job_name="uaa_z1" bosh_job_index="0" filename="/var/vcap/data/sys/log/uaa/uaa.log"] [2016-09-29 20:06:11.161] uaa - 19013 [pool-2-thread-1] .... DEBUG --- JdbcTemplate: Executing SQL query [select count(*) from oauth_client_details]

2016-09-29T20:06:17.134368+00:00 05bf1627-ae2f-400c-b1ce-31973a9ff23f - - - [NXLOG@14506 bosh_deployment="cf-warden" bosh_job_name="uaa_z1" bosh_job_index="0" filename="/var/vcap/data/sys/log/uaa/uaa.log"] [2016-09-29 20:06:11.163] uaa - 19013 [pool-2-thread-1] .... DEBUG --- JdbcTemplate: Executing SQL query [select count(*) from users]

2016-09-29T20:06:17.134379+00:00 05bf1627-ae2f-400c-b1ce-31973a9ff23f - - - [NXLOG@14506 bosh_deployment="cf-warden" bosh_job_name="uaa_z1" bosh_job_index="0" filename="/var/vcap/data/sys/log/uaa/uaa.log"] [2016-09-29 20:06:14.819] uaa - 19013 [http-nio-127.0.0.1-8989-exec-6] .... DEBUG --- AntPathRequestMatcher: Checking match of request : '/healthz'; against '/resources/**'

2016-09-29T20:06:17.134386+00:00 05bf1627-ae2f-400c-b1ce-31973a9ff23f - - - [NXLOG@14506 bosh_deployment="cf-warden" bosh_job_name="uaa_z1" bosh_job_index="0" filename="/var/vcap/data/sys/log/uaa/uaa.log"] [2016-09-29 20:06:14.819] uaa - 19013 [http-nio-127.0.0.1-8989-exec-6] .... DEBUG --- AntPathRequestMatcher: Checking match of request : '/healthz'; against '/square-logo.png'

2016-09-29T20:06:17.134394+00:00 05bf1627-ae2f-400c-b1ce-31973a9ff23f - - - [NXLOG@14506 bosh_deployment="cf-warden" bosh_job_name="uaa_z1" bosh_job_index="0" filename="/var/vcap/data/sys/log/uaa/uaa.log"] [2016-09-29 20:06:14.819] uaa - 19013 [http-nio-127.0.0.1-8989-exec-6] .... DEBUG --- AntPathRequestMatcher: Checking match of request : '/healthz'; against '/info'

2016-09-29T20:06:17.134413+00:00 05bf1627-ae2f-400c-b1ce-31973a9ff23f - - - [NXLOG@14506 bosh_deployment="cf-warden" bosh_job_name="uaa_z1" bosh_job_index="0" filename="/var/vcap/data/sys/log/uaa/uaa.log"] [2016-09-29 20:06:14.819] uaa - 19013 [http-nio-127.0.0.1-8989-exec-6] .... DEBUG --- AntPathRequestMatcher: Checking match of request : '/healthz'; against '/password/**'

2016-09-29T20:06:17.134431+00:00 05bf1627-ae2f-400c-b1ce-31973a9ff23f - - - [NXLOG@14506 bosh_deployment="cf-warden" bosh_job_name="uaa_z1" bosh_job_index="0" filename="/var/vcap/data/sys/log/uaa/uaa.log"] [2016-09-29 20:06:14.819] uaa - 19013 [http-nio-127.0.0.1-8989-exec-6] .... DEBUG --- AntPathRequestMatcher: Checking match of request : '/healthz'; against '/healthz/**'

2016-09-29T20:06:17.134440+00:00 05bf1627-ae2f-400c-b1ce-31973a9ff23f - - - [NXLOG@14506 bosh_deployment="cf-warden" bosh_job_name="uaa_z1" bosh_job_index="0" filename="/var/vcap/data/sys/log/uaa/uaa.log"] [2016-09-29 20:06:14.819] uaa - 19013 [http-nio-127.0.0.1-8989-exec-6] .... DEBUG --- FilterChainProxy: /healthz has an empty filter list

2016-09-29T20:06:17.134452+00:00 05bf1627-ae2f-400c-b1ce-31973a9ff23f - - - [NXLOG@14506 bosh_deployment="cf-warden" bosh_job_name="uaa_z1" bosh_job_index="0" filename="/var/vcap/data/sys/log/uaa/uaa.log"] [2016-09-29 20:06:14.819] uaa - 19013 [http-nio-127.0.0.1-8989-exec-6] .... DEBUG --- DispatcherServlet: DispatcherServlet with name 'spring' processing GET request for [/healthz]

2016-09-29T20:06:17.134465+00:00 05bf1627-ae2f-400c-b1ce-31973a9ff23f - - - [NXLOG@14506 bosh_deployment="cf-warden" bosh_job_name="uaa_z1" bosh_job_index="0" filename="/var/vcap/data/sys/log/uaa/uaa.log"] [2016-09-29 20:06:14.819] uaa - 19013 [http-nio-127.0.0.1-8989-exec-6] .... DEBUG --- DispatcherServlet: Last-Modified value for [/healthz] is: -1

2016-09-29T20:06:17.134478+00:00 05bf1627-ae2f-400c-b1ce-31973a9ff23f - - - [NXLOG@14506 bosh_deployment="cf-warden" bosh_job_name="uaa_z1" bosh_job_index="0" filename="/var/vcap/data/sys/log/uaa/uaa.log"] [2016-09-29 20:06:14.819] uaa - 19013 [http-nio-127.0.0.1-8989-exec-6] .... DEBUG --- RequestResponseBodyMethodProcessor: Written [ok

2016-09-29T20:06:17.134509+00:00 05bf1627-ae2f-400c-b1ce-31973a9ff23f - - - [NXLOG@14506 bosh_deployment="cf-warden" bosh_job_name="uaa_z1" bosh_job_index="0" filename="/var/vcap/data/sys/log/uaa/uaa.log"] ] as "text/plain;charset=ISO-8859-1" using [org.springframework.http.converter.StringHttpMessageConverter@178b2baf]

2016-09-29T20:06:17.134522+00:00 05bf1627-ae2f-400c-b1ce-31973a9ff23f - - - [NXLOG@14506 bosh_deployment="cf-warden" bosh_job_name="uaa_z1" bosh_job_index="0" filename="/var/vcap/data/sys/log/uaa/uaa.log"] [2016-09-29 20:06:14.819] uaa - 19013 [http-nio-127.0.0.1-8989-exec-6] .... DEBUG --- DispatcherServlet: Null ModelAndView returned to DispatcherServlet with name 'spring': assuming HandlerAdapter completed request handling

2016-09-29T20:06:17.134535+00:00 05bf1627-ae2f-400c-b1ce-31973a9ff23f - - - [NXLOG@14506 bosh_deployment="cf-warden" bosh_job_name="uaa_z1" bosh_job_index="0" filename="/var/vcap/data/sys/log/uaa/uaa.log"] [2016-09-29 20:06:14.819] uaa - 19013 [http-nio-127.0.0.1-8989-exec-6] .... DEBUG --- DispatcherServlet: Successfully completed request

2016-09-29T20:06:17.134585+00:00 05bf1627-ae2f-400c-b1ce-31973a9ff23f - - - [NXLOG@14506 bosh_deployment="cf-warden" bosh_job_name="uaa_z1" bosh_job_index="0" filename="/var/vcap/data/sys/log/uaa/uaa.log"] [2016-09-29 20:06:16.156] uaa - 19013 [pool-2-thread-1] .... DEBUG --- JdbcTemplate: Executing SQL query [select count(*) from oauth_client_details]

2016-09-29T20:06:17.134597+00:00 05bf1627-ae2f-400c-b1ce-31973a9ff23f - - - [NXLOG@14506 bosh_deployment="cf-warden" bosh_job_name="uaa_z1" bosh_job_index="0" filename="/var/vcap/data/sys/log/uaa/uaa.log"] [2016-09-29 20:06:16.158] uaa - 19013 [pool-2-thread-1] .... DEBUG --- JdbcTemplate: Executing SQL query [select count(*) from users]

2016-09-29T20:06:17.132598+00:00 152ab062-1f32-4789-910a-13bdc79651b2 - - - [NXLOG@14506 bosh_deployment="cf-warden" bosh_job_name="hm9000_z1" bosh_job_index="0" filename="/var/vcap/data/sys/log/hm9000/hm9000_listener.log"] {"timestamp":"1475179571.809944868","source":"listener","message":"listener.Received a heartbeat","log_level":1,"data":{"Heartbeats Pending Save":"1"}}

2016-09-29T20:06:17.132668+00:00 152ab062-1f32-4789-910a-13bdc79651b2 - - - [NXLOG@14506 bosh_deployment="cf-warden" bosh_job_name="hm9000_z1" bosh_job_index="0" filename="/var/vcap/data/sys/log/hm9000/hm9000_listener.log"] {"timestamp":"1475179571.816380262","source":"listener","message":"listener.Saving Heartbeats","log_level":1,"data":{"Heartbeats to Save":"1"}}

2016-09-29T20:06:17.132729+00:00 152ab062-1f32-4789-910a-13bdc79651b2 - - - [NXLOG@14506 bosh_deployment="cf-warden" bosh_job_name="hm9000_z1" bosh_job_index="0" filename="/var/vcap/data/sys/log/hm9000/hm9000_listener.log"] {"timestamp":"1475179571.826487303","source":"listener","message":"listener.Bumped freshness","log_level":1,"data":{}}

2016-09-29T20:06:17.132784+00:00 152ab062-1f32-4789-910a-13bdc79651b2 - - - [NXLOG@14506 bosh_deployment="cf-warden" bosh_job_name="hm9000_z1" bosh_job_index="0" filename="/var/vcap/data/sys/log/hm9000/hm9000_listener.log"] {"timestamp":"1475179571.826530933","source":"listener","message":"listener.Saved Heartbeats","log_level":1,"data":{"Duration":"10.069992ms","Heartbeats to Save":"1"}}

2016-09-29T20:06:17.134840+00:00 b0fa19c0-86de-4447-a670-3f7adbd0b3c1 - - - [NXLOG@14506 bosh_deployment="cf-warden" bosh_job_name="api_z1" bosh_job_index="0" filename="/var/vcap/data/sys/log/cloud_controller_worker/cloud_controller_worker.log"] {"timestamp":1475179568.0093467,"message":"(0.000411s) SELECT * FROM \"delayed_jobs\" WHERE ((((\"run_at\" <= '2016-09-29 20:06:08.008416+0000') AND (\"locked_at\" IS NULL)) OR (\"locked_by\" = 'cc_global_worker.api_z1.0.1')) AND (\"failed_at\" IS NULL) AND (\"queue\" IN ('cc-generic'))) ORDER BY \"priority\" ASC, \"run_at\" ASC LIMIT 5","log_level":"debug2","source":"cc.background","data":{},"thread_id":47193737007380,"fiber_id":47193773841900,"process_id":15807,"file":"/var/vcap/packages/cloud_controller_ng/cloud_controller_ng/vendor/bundle/ruby/2.3.0/gems/sequel-4.29.0/lib/sequel/database/logging.rb","lineno":70,"method":"block in log_each"}

2016-09-29T20:06:17.134930+00:00 b0fa19c0-86de-4447-a670-3f7adbd0b3c1 - - - [NXLOG@14506 bosh_deployment="cf-warden" bosh_job_name="api_z1" bosh_job_index="0" filename="/var/vcap/data/sys/log/cloud_controller_worker/cloud_controller_worker.log"] {"timestamp":1475179573.0348065,"message":"(0.000460s) SELECT * FROM \"delayed_jobs\" WHERE ((((\"run_at\" <= '2016-09-29 20:06:13.033731+0000') AND (\"locked_at\" IS NULL)) OR (\"locked_by\" = 'cc_global_worker.api_z1.0.1')) AND (\"failed_at\" IS NULL) AND (\"queue\" IN ('cc-generic'))) ORDER BY \"priority\" ASC, \"run_at\" ASC LIMIT 5","log_level":"debug2","source":"cc.background","data":{},"thread_id":47193737007380,"fiber_id":47193773841900,"process_id":15807,"file":"/var/vcap/packages/cloud_controller_ng/cloud_controller_ng/vendor/bundle/ruby/2.3.0/gems/sequel-4.29.0/lib/sequel/database/logging.rb","lineno":70,"method":"block in log_each"}

2016-09-29T20:06:17.135001+00:00 b0fa19c0-86de-4447-a670-3f7adbd0b3c1 - - - [NXLOG@14506 bosh_deployment="cf-warden" bosh_job_name="api_z1" bosh_job_index="0" filename="/var/vcap/data/sys/log/nginx_cc/nginx.access.log"] 10.244.0.138 - [29/Sep/2016:20:06:07 +0000] "GET /v2/info HTTP/1.1" 200 802 "-" "monit/5.2.5" 10.244.0.138 vcap_request_id:730548ce-ff27-4485-a861-865becbc5f3e response_time:0.004

2016-09-29T20:06:17.135040+00:00 b0fa19c0-86de-4447-a670-3f7adbd0b3c1 - - - [NXLOG@14506 bosh_deployment="cf-warden" bosh_job_name="api_z1" bosh_job_index="0" filename="/var/vcap/data/sys/log/nginx_cc/nginx.access.log"] api.bosh-lite.com - [29/Sep/2016:20:06:16 +0000] "GET /v2/syslog_drain_urls?batch_size=1000 HTTP/1.1" 200 326 "-" "Go-http-client/1.1" 10.244.0.146, 10.244.0.34, 10.244.0.22 vcap_request_id:2d239019-11ce-45c2-7654-b8645c649336::9edab2d1-0f30-4885-b7e1-b23ef89f919f response_time:0.004

2016-09-29T20:06:17.135080+00:00 b0fa19c0-86de-4447-a670-3f7adbd0b3c1 - - - [NXLOG@14506 bosh_deployment="cf-warden" bosh_job_name="api_z1" bosh_job_index="0" filename="/var/vcap/data/sys/log/cloud_controller_ng/cloud_controller_ng.log"] {"timestamp":1475179567.3596222,"message":"Statsd: cc.requests.outstanding:1|c","log_level":"debug","source":"statsd.client","data":{},"thread_id":47062185508100,"fiber_id":47062167821140,"process_id":15535,"file":"/var/vcap/packages/cloud_controller_ng/cloud_controller_ng/vendor/bundle/ruby/2.3.0/gems/statsd-ruby-1.2.1/lib/statsd.rb","lineno":254,"method":"send_to_socket"}

2016-09-29T20:06:17.135118+00:00 b0fa19c0-86de-4447-a670-3f7adbd0b3c1 - - - [NXLOG@14506 bosh_deployment="cf-warden" bosh_job_name="api_z1" bosh_job_index="0" filename="/var/vcap/data/sys/log/cloud_controller_ng/cloud_controller_ng.log"] {"timestamp":1475179567.3601832,"message":"Started GET \"/v2/info\" for user: , ip: 127.0.0.1 with vcap-request-id: 730548ce-ff27-4485-a861-865becbc5f3e at 2016-09-29 20:06:07 UTC","log_level":"info","source":"cc.api","data":{},"thread_id":47062185508100,"fiber_id":47062167821140,"process_id":15535,"file":"/var/vcap/packages/cloud_controller_ng/cloud_controller_ng/middleware/request_logs.rb","lineno":12,"method":"call"}

2016-09-29T20:06:17.135196+00:00 b0fa19c0-86de-4447-a670-3f7adbd0b3c1 - - - [NXLOG@14506 bosh_deployment="cf-warden" bosh_job_name="api_z1" bosh_job_index="0" filename="/var/vcap/data/sys/log/cloud_controller_ng/cloud_controller_ng.log"] {"timestamp":1475179567.3608522,"message":"dispatch VCAP::CloudController::InfoController get /v2/info","log_level":"debug","source":"cc.api","data":{"request_guid":"730548ce-ff27-4485-a861-865becbc5f3e"},"thread_id":47062185508100,"fiber_id":47062167821140,"process_id":15535,"file":"/var/vcap/data/packages/cloud_controller_ng/f87cb49aa2cd87792cb9c2211a79e1542502be4d.1-b1a5f3c830cb6c32ae9e685628b24aa967f5ae54/cloud_controller_ng/lib/cloud_controller/rest_controller/routes.rb","lineno":12,"method":"block in define_route"}

2016-09-29T20:06:17.135250+00:00 b0fa19c0-86de-4447-a670-3f7adbd0b3c1 - - - [NXLOG@14506 bosh_deployment="cf-warden" bosh_job_name="api_z1" bosh_job_index="0" filename="/var/vcap/data/sys/log/cloud_controller_ng/cloud_controller_ng.log"] {"timestamp":1475179567.3611069,"message":"parse_params: {} ","log_level":"debug","source":"cc.api","data":{"request_guid":"730548ce-ff27-4485-a861-865becbc5f3e"},"thread_id":47062185508100,"fiber_id":47062167821140,"process_id":15535,"file":"/var/vcap/data/packages/cloud_controller_ng/f87cb49aa2cd87792cb9c2211a79e1542502be4d.1-b1a5f3c830cb6c32ae9e685628b24aa967f5ae54/cloud_controller_ng/lib/cloud_controller/rest_controller/common_params.rb","lineno":10,"method":"parse"}

2016-09-29T20:06:17.135344+00:00 b0fa19c0-86de-4447-a670-3f7adbd0b3c1 - - - [NXLOG@14506 bosh_deployment="cf-warden" bosh_job_name="api_z1" bosh_job_index="0" filename="/var/vcap/data/sys/log/cloud_controller_ng/cloud_controller_ng.log"] {"timestamp":1475179567.3612444,"message":"cc.dispatch","log_level":"debug","source":"cc.api","data":{"request_guid":"730548ce-ff27-4485-a861-865becbc5f3e","endpoint":"read","args":[]},"thread_id":47062185508100,"fiber_id":47062167821140,"process_id":15535,"file":"/var/vcap/data/packages/cloud_controller_ng/f87cb49aa2cd87792cb9c2211a79e1542502be4d.1-b1a5f3c830cb6c32ae9e685628b24aa967f5ae54/cloud_controller_ng/app/controllers/base/base_controller.rb","lineno":78,"method":"dispatch"}

2016-09-29T20:06:17.135499+00:00 b0fa19c0-86de-4447-a670-3f7adbd0b3c1 - - - [NXLOG@14506 bosh_deployment="cf-warden" bosh_job_name="api_z1" bosh_job_index="0" filename="/var/vcap/data/sys/log/cloud_controller_ng/cloud_controller_ng.log"] {"timestamp":1475179567.3616264,"message":"Completed 200 vcap-request-id: 730548ce-ff27-4485-a861-865becbc5f3e","log_level":"info","source":"cc.api","data":{},"thread_id":47062185508100,"fiber_id":47062167821140,"process_id":15535,"file":"/var/vcap/packages/cloud_controller_ng/cloud_controller_ng/middleware/request_logs.rb","lineno":24,"method":"call"}

2016-09-29T20:06:17.135533+00:00 b0fa19c0-86de-4447-a670-3f7adbd0b3c1 - - - [NXLOG@14506 bosh_deployment="cf-warden" bosh_job_name="api_z1" bosh_job_index="0" filename="/var/vcap/data/sys/log/cloud_controller_ng/cloud_controller_ng.log"] {"timestamp":1475179567.3617337,"message":"Statsd: cc.requests.outstanding:-1|c\ncc.requests.completed:1|c\ncc.http_status.2XX:1|c","log_level":"debug","source":"statsd.client","data":{},"thread_id":47062185508100,"fiber_id":47062167821140,"process_id":15535,"file":"/var/vcap/packages/cloud_controller_ng/cloud_controller_ng/vendor/bundle/ruby/2.3.0/gems/statsd-ruby-1.2.1/lib/statsd.rb","lineno":254,"method":"send_to_socket"}

2016-09-29T20:06:17.135572+00:00 b0fa19c0-86de-4447-a670-3f7adbd0b3c1 - - - [NXLOG@14506 bosh_deployment="cf-warden" bosh_job_name="api_z1" bosh_job_index="0" filename="/var/vcap/data/sys/log/cloud_controller_ng/cloud_controller_ng.log"] {"timestamp":1475179568.0078042,"message":"(0.000753s) SELECT * FROM \"delayed_jobs\" WHERE ((((\"run_at\" <= '2016-09-29 20:06:08.006342+0000') AND (\"locked_at\" IS NULL)) OR (\"locked_by\" = 'cc_api_worker.api_z1.0.2')) AND (\"failed_at\" IS NULL) AND (\"queue\" IN ('cc-api_z1-0'))) ORDER BY \"priority\" ASC, \"run_at\" ASC LIMIT 5","log_level":"debug2","source":"cc.background","data":{},"thread_id":47118928261380,"fiber_id":47118965175380,"process_id":15629,"file":"/var/vcap/packages/cloud_controller_ng/cloud_controller_ng/vendor/bundle/ruby/2.3.0/gems/sequel-4.29.0/lib/sequel/database/logging.rb","lineno":70,"method":"block in log_each"}

2016-09-29T20:06:17.135613+00:00 b0fa19c0-86de-4447-a670-3f7adbd0b3c1 - - - [NXLOG@14506 bosh_deployment="cf-warden" bosh_job_name="api_z1" bosh_job_index="0" filename="/var/vcap/data/sys/log/cloud_controller_ng/cloud_controller_ng.log"] {"timestamp":1475179569.2727053,"message":"(0.000539s) SELECT * FROM \"delayed_jobs\" WHERE ((((\"run_at\" <= '2016-09-29 20:06:09.271614+0000') AND (\"locked_at\" IS NULL)) OR (\"locked_by\" = 'cc_api_worker.api_z1.0.1')) AND (\"failed_at\" IS NULL) AND (\"queue\" IN ('cc-api_z1-0'))) ORDER BY \"priority\" ASC, \"run_at\" ASC LIMIT 5","log_level":"debug2","source":"cc.background","data":{},"thread_id":47452862460180,"fiber_id":47452899698480,"process_id":15587,"file":"/var/vcap/packages/cloud_controller_ng/cloud_controller_ng/vendor/bundle/ruby/2.3.0/gems/sequel-4.29.0/lib/sequel/database/logging.rb","lineno":70,"method":"block in log_each"}

2016-09-29T20:06:17.135644+00:00 b0fa19c0-86de-4447-a670-3f7adbd0b3c1 - - - [NXLOG@14506 bosh_deployment="cf-warden" bosh_job_name="api_z1" bosh_job_index="0" filename="/var/vcap/data/sys/log/cloud_controller_ng/cloud_controller_ng.log"] {"timestamp":1475179573.033859,"message":"(0.000652s) SELECT * FROM \"delayed_jobs\" WHERE ((((\"run_at\" <= '2016-09-29 20:06:13.032750+0000') AND (\"locked_at\" IS NULL)) OR (\"locked_by\" = 'cc_api_worker.api_z1.0.2')) AND (\"failed_at\" IS NULL) AND (\"queue\" IN ('cc-api_z1-0'))) ORDER BY \"priority\" ASC, \"run_at\" ASC LIMIT 5","log_level":"debug2","source":"cc.background","data":{},"thread_id":47118928261380,"fiber_id":47118965175380,"process_id":15629,"file":"/var/vcap/packages/cloud_controller_ng/cloud_controller_ng/vendor/bundle/ruby/2.3.0/gems/sequel-4.29.0/lib/sequel/database/logging.rb","lineno":70,"method":"block in log_each"}

2016-09-29T20:06:17.135684+00:00 b0fa19c0-86de-4447-a670-3f7adbd0b3c1 - - - [NXLOG@14506 bosh_deployment="cf-warden" bosh_job_name="api_z1" bosh_job_index="0" filename="/var/vcap/data/sys/log/cloud_controller_ng/cloud_controller_ng.log"] {"timestamp":1475179574.2928643,"message":"(0.000593s) SELECT * FROM \"delayed_jobs\" WHERE ((((\"run_at\" <= '2016-09-29 20:06:14.291743+0000') AND (\"locked_at\" IS NULL)) OR (\"locked_by\" = 'cc_api_worker.api_z1.0.1')) AND (\"failed_at\" IS NULL) AND (\"queue\" IN ('cc-api_z1-0'))) ORDER BY \"priority\" ASC, \"run_at\" ASC LIMIT 5","log_level":"debug2","source":"cc.background","data":{},"thread_id":47452862460180,"fiber_id":47452899698480,"process_id":15587,"file":"/var/vcap/packages/cloud_controller_ng/cloud_controller_ng/vendor/bundle/ruby/2.3.0/gems/sequel-4.29.0/lib/sequel/database/logging.rb","lineno":70,"method":"block in log_each"}

2016-09-29T20:06:17.135715+00:00 b0fa19c0-86de-4447-a670-3f7adbd0b3c1 - - - [NXLOG@14506 bosh_deployment="cf-warden" bosh_job_name="api_z1" bosh_job_index="0" filename="/var/vcap/data/sys/log/cloud_controller_ng/cloud_controller_ng.log"] {"timestamp":1475179576.0697882,"message":"Statsd: cc.requests.outstanding:1|c","log_level":"debug","source":"statsd.client","data":{},"thread_id":47062185515280,"fiber_id":47062186433920,"process_id":15535,"file":"/var/vcap/packages/cloud_controller_ng/cloud_controller_ng/vendor/bundle/ruby/2.3.0/gems/statsd-ruby-1.2.1/lib/statsd.rb","lineno":254,"method":"send_to_socket"}

2016-09-29T20:06:17.135756+00:00 b0fa19c0-86de-4447-a670-3f7adbd0b3c1 - - - [NXLOG@14506 bosh_deployment="cf-warden" bosh_job_name="api_z1" bosh_job_index="0" filename="/var/vcap/data/sys/log/cloud_controller_ng/cloud_controller_ng.log"] {"timestamp":1475179576.0703971,"message":"Started GET \"/v2/syslog_drain_urls?batch_size=1000\" for user: , ip: 127.0.0.1 with vcap-request-id: 2d239019-11ce-45c2-7654-b8645c649336::9edab2d1-0f30-4885-b7e1-b23ef89f919f at 2016-09-29 20:06:16 UTC","log_level":"info","source":"cc.api","data":{},"thread_id":47062185515280,"fiber_id":47062186433920,"process_id":15535,"file":"/var/vcap/packages/cloud_controller_ng/cloud_controller_ng/middleware/request_logs.rb","lineno":12,"method":"call"}

2016-09-29T20:06:17.135789+00:00 b0fa19c0-86de-4447-a670-3f7adbd0b3c1 - - - [NXLOG@14506 bosh_deployment="cf-warden" bosh_job_name="api_z1" bosh_job_index="0" filename="/var/vcap/data/sys/log/cloud_controller_ng/cloud_controller_ng.log"] {"timestamp":1475179576.0710719,"message":"dispatch VCAP::CloudController::SyslogDrainUrlsController get /v2/syslog_drain_urls","log_level":"debug","source":"cc.api","data":{"request_guid":"2d239019-11ce-45c2-7654-b8645c649336::9edab2d1-0f30-4885-b7e1-b23ef89f919f"},"thread_id":47062185515280,"fiber_id":47062186433920,"process_id":15535,"file":"/var/vcap/data/packages/cloud_controller_ng/f87cb49aa2cd87792cb9c2211a79e1542502be4d.1-b1a5f3c830cb6c32ae9e685628b24aa967f5ae54/cloud_controller_ng/lib/cloud_controller/rest_controller/routes.rb","lineno":12,"method":"block in define_route"}

2016-09-29T20:06:17.135815+00:00 b0fa19c0-86de-4447-a670-3f7adbd0b3c1 - - - [NXLOG@14506 bosh_deployment="cf-warden" bosh_job_name="api_z1" bosh_job_index="0" filename="/var/vcap/data/sys/log/cloud_controller_ng/cloud_controller_ng.log"] {"timestamp":1475179576.0712578,"message":"parse_params: {\"batch_size\"=>\"1000\"} batch_size=1000","log_level":"debug","source":"cc.api","data":{"request_guid":"2d239019-11ce-45c2-7654-b8645c649336::9edab2d1-0f30-4885-b7e1-b23ef89f919f"},"thread_id":47062185515280,"fiber_id":47062186433920,"process_id":15535,"file":"/var/vcap/data/packages/cloud_controller_ng/f87cb49aa2cd87792cb9c2211a79e1542502be4d.1-b1a5f3c830cb6c32ae9e685628b24aa967f5ae54/cloud_controller_ng/lib/cloud_controller/rest_controller/common_params.rb","lineno":10,"method":"parse"}

2016-09-29T20:06:17.135843+00:00 b0fa19c0-86de-4447-a670-3f7adbd0b3c1 - - - [NXLOG@14506 bosh_deployment="cf-warden" bosh_job_name="api_z1" bosh_job_index="0" filename="/var/vcap/data/sys/log/cloud_controller_ng/cloud_controller_ng.log"] {"timestamp":1475179576.071374,"message":"cc.dispatch","log_level":"debug","source":"cc.api","data":{"request_guid":"2d239019-11ce-45c2-7654-b8645c649336::9edab2d1-0f30-4885-b7e1-b23ef89f919f","endpoint":"list","args":[]},"thread_id":47062185515280,"fiber_id":47062186433920,"process_id":15535,"file":"/var/vcap/data/packages/cloud_controller_ng/f87cb49aa2cd87792cb9c2211a79e1542502be4d.1-b1a5f3c830cb6c32ae9e685628b24aa967f5ae54/cloud_controller_ng/app/controllers/base/base_controller.rb","lineno":78,"method":"dispatch"}

2016-09-29T20:06:17.135867+00:00 b0fa19c0-86de-4447-a670-3f7adbd0b3c1 - - - [NXLOG@14506 bosh_deployment="cf-warden" bosh_job_name="api_z1" bosh_job_index="0" filename="/var/vcap/data/sys/log/cloud_controller_ng/cloud_controller_ng.log"] {"timestamp":1475179576.0728834,"message":"(0.000633s) SELECT \"apps\".\"guid\", string_agg(\"service_bindings\".\"syslog_drain_url\", ',') AS \"syslog_drain_urls\" FROM \"apps\" INNER JOIN \"service_bindings\" ON (\"service_bindings\".\"app_id\" = \"apps\".\"id\") WHERE ((syslog_drain_url IS NOT NULL) AND (syslog_drain_url != '')) GROUP BY \"apps\".\"guid\" UNION ALL (SELECT \"apps_v3\".\"guid\", string_agg(\"v3_service_bindings\".\"syslog_drain_url\", ',') AS \"syslog_drain_urls\" FROM \"apps_v3\" INNER JOIN \"v3_service_bindings\" ON (\"v3_service_bindings\".\"app_id\" = \"apps_v3\".\"id\") WHERE ((syslog_drain_url IS NOT NULL) AND (syslog_drain_url != '')) GROUP BY \"apps_v3\".\"guid\") ORDER BY \"guid\" LIMIT 1000 OFFSET 0","log_level":"debug2","source":"cc.db","data":{"request_guid":"2d239019-11ce-45c2-7654-b8645c649336::9edab2d1-0f30-4885-b7e1-b23ef89f919f"},"thread_id":47062185515280,"fiber_id":47062186433920,"process_id":15535,"file":"/var/vcap/packages/cloud_controller_ng/cloud_controller_ng/vendor/bundle/ruby/2.3.0/gems/sequel-4.29.0/lib/sequel/database/logging.rb","lineno":70,"method":"block in log_each"}

2016-09-29T20:06:17.135906+00:00 b0fa19c0-86de-4447-a670-3f7adbd0b3c1 - - - [NXLOG@14506 bosh_deployment="cf-warden" bosh_job_name="api_z1" bosh_job_index="0" filename="/var/vcap/data/sys/log/cloud_controller_ng/cloud_controller_ng.log"] {"timestamp":1475179576.0734527,"message":"Completed 200 vcap-request-id: 2d239019-11ce-45c2-7654-b8645c649336::9edab2d1-0f30-4885-b7e1-b23ef89f919f","log_level":"info","source":"cc.api","data":{},"thread_id":47062185515280,"fiber_id":47062186433920,"process_id":15535,"file":"/var/vcap/packages/cloud_controller_ng/cloud_controller_ng/middleware/request_logs.rb","lineno":24,"method":"call"}

2016-09-29T20:06:17.135935+00:00 b0fa19c0-86de-4447-a670-3f7adbd0b3c1 - - - [NXLOG@14506 bosh_deployment="cf-warden" bosh_job_name="api_z1" bosh_job_index="0" filename="/var/vcap/data/sys/log/cloud_controller_ng/cloud_controller_ng.log"] {"timestamp":1475179576.0736182,"message":"Statsd: cc.requests.outstanding:-1|c\ncc.requests.completed:1|c\ncc.http_status.2XX:1|c","log_level":"debug","source":"statsd.client","data":{},"thread_id":47062185515280,"fiber_id":47062186433920,"process_id":15535,"file":"/var/vcap/packages/cloud_controller_ng/cloud_controller_ng/vendor/bundle/ruby/2.3.0/gems/statsd-ruby-1.2.1/lib/statsd.rb","lineno":254,"method":"send_to_socket"}

2016-09-29T20:06:26.984000+00:00 bfc626ef-a2eb-4bad-8f71-fa1d6d0f927f - - - [NXLOG@14506 bosh_deployment="cf-warden" bosh_job_name="loggregator_trafficcontroller_z1" bosh_job_index="0" filename="/var/vcap/data/sys/log/route_registrar/route_registrar.stdout.log"] {"timestamp":"1475179586.733247519","source":"Route Registrar","message":"Route Registrar.no healthchecker found for route","log_level":1,"data":{"route":{"Name":"doppler","Port":8081,"Tags":null,"URIs":["doppler.bosh-lite.com"],"RouteServiceUrl":"","RegistrationInterval":20000000000,"HealthCheck":null}}}

2016-09-29T20:06:26.984267+00:00 bfc626ef-a2eb-4bad-8f71-fa1d6d0f927f - - - [NXLOG@14506 bosh_deployment="cf-warden" bosh_job_name="loggregator_trafficcontroller_z1" bosh_job_index="0" filename="/var/vcap/data/sys/log/route_registrar/route_registrar.stdout.log"] {"timestamp":"1475179586.733378410","source":"Route Registrar","message":"Route Registrar.Registering route","log_level":1,"data":{"route":{"Name":"doppler","Port":8081,"Tags":null,"URIs":["doppler.bosh-lite.com"],"RouteServiceUrl":"","RegistrationInterval":20000000000,"HealthCheck":null}}}

2016-09-29T20:06:26.984380+00:00 bfc626ef-a2eb-4bad-8f71-fa1d6d0f927f - - - [NXLOG@14506 bosh_deployment="cf-warden" bosh_job_name="loggregator_trafficcontroller_z1" bosh_job_index="0" filename="/var/vcap/data/sys/log/route_registrar/route_registrar.stdout.log"] {"timestamp":"1475179586.733493090","source":"Route Registrar","message":"Route Registrar.Registered routes successfully","log_level":1,"data":{}}

2016-09-29T20:06:26.984518+00:00 bfc626ef-a2eb-4bad-8f71-fa1d6d0f927f - - - [NXLOG@14506 bosh_deployment="cf-warden" bosh_job_name="loggregator_trafficcontroller_z1" bosh_job_index="0" filename="/var/vcap/data/sys/log/route_registrar/route_registrar.stdout.log"] {"timestamp":"1475179586.733520269","source":"Route Registrar","message":"Route Registrar.no healthchecker found for route","log_level":1,"data":{"route":{"Name":"loggregator","Port":8080,"Tags":null,"URIs":["loggregator.bosh-lite.com"],"RouteServiceUrl":"","RegistrationInterval":20000000000,"HealthCheck":null}}}

2016-09-29T20:06:26.984614+00:00 bfc626ef-a2eb-4bad-8f71-fa1d6d0f927f - - - [NXLOG@14506 bosh_deployment="cf-warden" bosh_job_name="loggregator_trafficcontroller_z1" bosh_job_index="0" filename="/var/vcap/data/sys/log/route_registrar/route_registrar.stdout.log"] {"timestamp":"1475179586.733543873","source":"Route Registrar","message":"Route Registrar.Registering route","log_level":1,"data":{"route":{"Name":"loggregator","Port":8080,"Tags":null,"URIs":["loggregator.bosh-lite.com"],"RouteServiceUrl":"","RegistrationInterval":20000000000,"HealthCheck":null}}}

2016-09-29T20:06:26.984695+00:00 bfc626ef-a2eb-4bad-8f71-fa1d6d0f927f - - - [NXLOG@14506 bosh_deployment="cf-warden" bosh_job_name="loggregator_trafficcontroller_z1" bosh_job_index="0" filename="/var/vcap/data/sys/log/route_registrar/route_registrar.stdout.log"] {"timestamp":"1475179586.733613968","source":"Route Registrar","message":"Route Registrar.Registered routes successfully","log_level":1,"data":{}}

2016-09-29T20:06:26.992750+00:00 fc52b791-0068-48d0-b63d-a9600b8fa32e - - - [NXLOG@14506 bosh_deployment="cf-warden" bosh_job_name="runner_z1" bosh_job_index="0" filename="/var/vcap/data/sys/log/dea_next/dea_next.log"] {"timestamp":1475179581.8094175,"message":"hm9000.heartbeat.sending","log_level":"debug","source":"Dea::Bootstrap","data":{"destination":"https://listener-hm9000.service.cf.internal:5335/dea/heartbeat"},"thread_id":47241037142420,"fiber_id":47241050325380,"process_id":6941,"file":"/var/vcap/packages/dea_next/lib/dea/utils/hm9000.rb","lineno":29,"method":"send_heartbeat"}

2016-09-29T20:06:26.992896+00:00 fc52b791-0068-48d0-b63d-a9600b8fa32e - - - [NXLOG@14506 bosh_deployment="cf-warden" bosh_job_name="runner_z1" bosh_job_index="0" filename="/var/vcap/data/sys/log/dea_next/dea_next.log"] {"timestamp":1475179581.8239288,"message":"hm9000.heartbeat.accepted","log_level":"debug","source":"Dea::Bootstrap","data":{},"thread_id":47241047596740,"fiber_id":47241049126240,"process_id":6941,"file":"/var/vcap/packages/dea_next/lib/dea/utils/hm9000.rb","lineno":49,"method":"handle_http_response"}

2016-09-29T20:06:27.128851+00:00 05bf1627-ae2f-400c-b1ce-31973a9ff23f - - - [NXLOG@14506 bosh_deployment="cf-warden" bosh_job_name="uaa_z1" bosh_job_index="0" filename="/var/vcap/data/sys/log/uaa/localhost_access.log"] 127.0.0.1 - - [29/Sep/2016:20:06:10 +0000] "GET /healthz HTTP/1.1" 200 3

2016-09-29T20:06:27.129030+00:00 05bf1627-ae2f-400c-b1ce-31973a9ff23f - - - [NXLOG@14506 bosh_deployment="cf-warden" bosh_job_name="uaa_z1" bosh_job_index="0" filename="/var/vcap/data/sys/log/uaa/localhost_access.log"] 127.0.0.1 - - [29/Sep/2016:20:06:10 +0000] "GET /healthz HTTP/1.1" 200 3

2016-09-29T20:06:36.993212+00:00 fc52b791-0068-48d0-b63d-a9600b8fa32e - - - [NXLOG@14506 bosh_deployment="cf-warden" bosh_job_name="runner_z1" bosh_job_index="0" filename="/var/vcap/data/sys/log/dea_next/dea_next.log"] {"timestamp":1475179591.8118076,"message":"hm9000.heartbeat.sending","log_level":"debug","source":"Dea::Bootstrap","data":{"destination":"https://listener-hm9000.service.cf.internal:5335/dea/heartbeat"},"thread_id":47241037142420,"fiber_id":47241050325380,"process_id":6941,"file":"/var/vcap/packages/dea_next/lib/dea/utils/hm9000.rb","lineno":29,"method":"send_heartbeat"}

2016-09-29T20:06:36.993373+00:00 fc52b791-0068-48d0-b63d-a9600b8fa32e - - - [NXLOG@14506 bosh_deployment="cf-warden" bosh_job_name="runner_z1" bosh_job_index="0" filename="/var/vcap/data/sys/log/dea_next/dea_next.log"] {"timestamp":1475179591.8139966,"message":"hm9000.heartbeat.accepted","log_level":"debug","source":"Dea::Bootstrap","data":{},"thread_id":47241037002940,"fiber_id":47241047587280,"process_id":6941,"file":"/var/vcap/packages/dea_next/lib/dea/utils/hm9000.rb","lineno":49,"method":"handle_http_response"}

2016-09-29T20:06:36.993436+00:00 fc52b791-0068-48d0-b63d-a9600b8fa32e - - - [NXLOG@14506 bosh_deployment="cf-warden" bosh_job_name="runner_z1" bosh_job_index="0" filename="/var/vcap/data/sys/log/dea_next/dea_next.log"] {"timestamp":1475179596.1075008,"message":"Reaping orphaned containers","log_level":"debug","source":"Dea::Bootstrap","data":{},"thread_id":47241037142420,"fiber_id":47241050325380,"process_id":6941,"file":"/var/vcap/packages/dea_next/lib/dea/bootstrap.rb","lineno":236,"method":"reap_orphaned_containers"}

2016-09-29T20:06:37.130462+00:00 f0562343-642f-42d4-aca5-293abe675815 - - - [NXLOG@14506 bosh_deployment="cf-warden" bosh_job_name="blobstore_z1" bosh_job_index="0" filename="/var/vcap/data/sys/log/route_registrar/route_registrar.stdout.log"] {"timestamp":"1475179588.519231081","source":"Route Registrar","message":"Route Registrar.no healthchecker found for route","log_level":1,"data":{"route":{"Name":"blobstore","Port":80,"Tags":{"component":"blobstore"},"URIs":["blobstore.bosh-lite.com"],"RouteServiceUrl":"","RegistrationInterval":20000000000,"HealthCheck":null}}}

2016-09-29T20:06:37.130593+00:00 f0562343-642f-42d4-aca5-293abe675815 - - - [NXLOG@14506 bosh_deployment="cf-warden" bosh_job_name="blobstore_z1" bosh_job_index="0" filename="/var/vcap/data/sys/log/route_registrar/route_registrar.stdout.log"] {"timestamp":"1475179588.519324780","source":"Route Registrar","message":"Route Registrar.Registering route","log_level":1,"data":{"route":{"Name":"blobstore","Port":80,"Tags":{"component":"blobstore"},"URIs":["blobstore.bosh-lite.com"],"RouteServiceUrl":"","RegistrationInterval":20000000000,"HealthCheck":null}}}

2016-09-29T20:06:37.130637+00:00 f0562343-642f-42d4-aca5-293abe675815 - - - [NXLOG@14506 bosh_deployment="cf-warden" bosh_job_name="blobstore_z1" bosh_job_index="0" filename="/var/vcap/data/sys/log/route_registrar/route_registrar.stdout.log"] {"timestamp":"1475179588.519370794","source":"Route Registrar","message":"Route Registrar.Registered routes successfully","log_level":1,"data":{}}

2016-09-29T20:06:37.132700+00:00 05bf1627-ae2f-400c-b1ce-31973a9ff23f - - - [NXLOG@14506 bosh_deployment="cf-warden" bosh_job_name="uaa_z1" bosh_job_index="0" filename="/var/vcap/data/sys/log/uaa/localhost_access.log"] 127.0.0.1 - - [29/Sep/2016:20:06:18 +0000] "GET /healthz HTTP/1.1" 200 3

2016-09-29T20:06:37.132790+00:00 05bf1627-ae2f-400c-b1ce-31973a9ff23f - - - [NXLOG@14506 bosh_deployment="cf-warden" bosh_job_name="uaa_z1" bosh_job_index="0" filename="/var/vcap/data/sys/log/uaa/localhost_access.log"] 127.0.0.1 - - [29/Sep/2016:20:06:20 +0000] "GET /healthz HTTP/1.1" 200 3

2016-09-29T20:06:37.132831+00:00 05bf1627-ae2f-400c-b1ce-31973a9ff23f - - - [NXLOG@14506 bosh_deployment="cf-warden" bosh_job_name="uaa_z1" bosh_job_index="0" filename="/var/vcap/data/sys/log/uaa/localhost_access.log"] 127.0.0.1 - - [29/Sep/2016:20:06:22 +0000] "GET /healthz HTTP/1.1" 200 3

2016-09-29T20:06:37.133003+00:00 05bf1627-ae2f-400c-b1ce-31973a9ff23f - - - [NXLOG@14506 bosh_deployment="cf-warden" bosh_job_name="uaa_z1" bosh_job_index="0" filename="/var/vcap/data/sys/log/uaa/localhost_access.log"] 127.0.0.1 - - [29/Sep/2016:20:06:26 +0000] "GET /healthz HTTP/1.1" 200 3

2016-09-29T20:06:37.133067+00:00 05bf1627-ae2f-400c-b1ce-31973a9ff23f - - - [NXLOG@14506 bosh_deployment="cf-warden" bosh_job_name="uaa_z1" bosh_job_index="0" filename="/var/vcap/data/sys/log/route_registrar/route_registrar.stdout.log"] {"timestamp":"1475179590.808200598","source":"Route Registrar","message":"Route Registrar.Executing script","log_level":1,"data":{"scriptPath":"/var/vcap/jobs/uaa/bin/health_check"}}

2016-09-29T20:06:37.133107+00:00 05bf1627-ae2f-400c-b1ce-31973a9ff23f - - - [NXLOG@14506 bosh_deployment="cf-warden" bosh_job_name="uaa_z1" bosh_job_index="0" filename="/var/vcap/data/sys/log/route_registrar/route_registrar.stdout.log"] {"timestamp":"1475179590.819234610","source":"Route Registrar","message":"Route Registrar.Script exited without error","log_level":1,"data":{"script":"/var/vcap/jobs/uaa/bin/health_check","stderr":"  % Total    % Received % Xferd  Average Speed   Time    Time     Time  Current\n                                 Dload  Upload   Total   Spent    Left  Speed\n\r  0     0    0     0    0     0      0      0 --:--:-- --:--:-- --:--:--     0\r100     3  100     3    0     0   3092      0 --:--:-- --:--:-- --:--:--  3000\n","stdout":""}}

2016-09-29T20:06:37.133161+00:00 05bf1627-ae2f-400c-b1ce-31973a9ff23f - - - [NXLOG@14506 bosh_deployment="cf-warden" bosh_job_name="uaa_z1" bosh_job_index="0" filename="/var/vcap/data/sys/log/route_registrar/route_registrar.stdout.log"] {"timestamp":"1475179590.819277048","source":"Route Registrar","message":"Route Registrar.healthchecker returned healthy for route","log_level":1,"data":{"route":{"Name":"uaa","Port":8080,"Tags":{"component":"uaa"},"URIs":["uaa.bosh-lite.com","*.uaa.bosh-lite.com","login.bosh-lite.com","*.login.bosh-lite.com"],"RouteServiceUrl":"","RegistrationInterval":4000000000,"HealthCheck":{"Name":"uaa-healthcheck","ScriptPath":"/var/vcap/jobs/uaa/bin/health_check","Timeout":2000000000}}}}

2016-09-29T20:06:37.133200+00:00 05bf1627-ae2f-400c-b1ce-31973a9ff23f - - - [NXLOG@14506 bosh_deployment="cf-warden" bosh_job_name="uaa_z1" bosh_job_index="0" filename="/var/vcap/data/sys/log/route_registrar/route_registrar.stdout.log"] {"timestamp":"1475179590.819325447","source":"Route Registrar","message":"Route Registrar.Registering route","log_level":1,"data":{"route":{"Name":"uaa","Port":8080,"Tags":{"component":"uaa"},"URIs":["uaa.bosh-lite.com","*.uaa.bosh-lite.com","login.bosh-lite.com","*.login.bosh-lite.com"],"RouteServiceUrl":"","RegistrationInterval":4000000000,"HealthCheck":{"Name":"uaa-healthcheck","ScriptPath":"/var/vcap/jobs/uaa/bin/health_check","Timeout":2000000000}}}}

2016-09-29T20:06:37.133237+00:00 05bf1627-ae2f-400c-b1ce-31973a9ff23f - - - [NXLOG@14506 bosh_deployment="cf-warden" bosh_job_name="uaa_z1" bosh_job_index="0" filename="/var/vcap/data/sys/log/route_registrar/route_registrar.stdout.log"] {"timestamp":"1475179590.819392681","source":"Route Registrar","message":"Route Registrar.Registered routes successfully","log_level":1,"data":{}}

2016-09-29T20:06:37.133301+00:00 05bf1627-ae2f-400c-b1ce-31973a9ff23f - - - [NXLOG@14506 bosh_deployment="cf-warden" bosh_job_name="uaa_z1" bosh_job_index="0" filename="/var/vcap/data/sys/log/route_registrar/route_registrar.stdout.log"] {"timestamp":"1475179594.808238268","source":"Route Registrar","message":"Route Registrar.Executing script","log_level":1,"data":{"scriptPath":"/var/vcap/jobs/uaa/bin/health_check"}}

2016-09-29T20:06:37.133404+00:00 05bf1627-ae2f-400c-b1ce-31973a9ff23f - - - [NXLOG@14506 bosh_deployment="cf-warden" bosh_job_name="uaa_z1" bosh_job_index="0" filename="/var/vcap/data/sys/log/route_registrar/route_registrar.stdout.log"] {"timestamp":"1475179594.818135023","source":"Route Registrar","message":"Route Registrar.Script exited without error","log_level":1,"data":{"script":"/var/vcap/jobs/uaa/bin/health_check","stderr":"  % Total    % Received % Xferd  Average Speed   Time    Time     Time  Current\n                                 Dload  Upload   Total   Spent    Left  Speed\n\r  0     0    0     0    0     0      0      0 --:--:-- --:--:-- --:--:--     0\r100     3  100     3    0     0   3167      0 --:--:-- --:--:-- --:--:--  3000\n","stdout":""}}

2016-09-29T20:06:37.133496+00:00 05bf1627-ae2f-400c-b1ce-31973a9ff23f - - - [NXLOG@14506 bosh_deployment="cf-warden" bosh_job_name="uaa_z1" bosh_job_index="0" filename="/var/vcap/data/sys/log/route_registrar/route_registrar.stdout.log"] {"timestamp":"1475179594.818206549","source":"Route Registrar","message":"Route Registrar.healthchecker returned healthy for route","log_level":1,"data":{"route":{"Name":"uaa","Port":8080,"Tags":{"component":"uaa"},"URIs":["uaa.bosh-lite.com","*.uaa.bosh-lite.com","login.bosh-lite.com","*.login.bosh-lite.com"],"RouteServiceUrl":"","RegistrationInterval":4000000000,"HealthCheck":{"Name":"uaa-healthcheck","ScriptPath":"/var/vcap/jobs/uaa/bin/health_check","Timeout":2000000000}}}}

2016-09-29T20:06:37.133605+00:00 05bf1627-ae2f-400c-b1ce-31973a9ff23f - - - [NXLOG@14506 bosh_deployment="cf-warden" bosh_job_name="uaa_z1" bosh_job_index="0" filename="/var/vcap/data/sys/log/route_registrar/route_registrar.stdout.log"] {"timestamp":"1475179594.818228960","source":"Route Registrar","message":"Route Registrar.Registering route","log_level":1,"data":{"route":{"Name":"uaa","Port":8080,"Tags":{"component":"uaa"},"URIs":["uaa.bosh-lite.com","*.uaa.bosh-lite.com","login.bosh-lite.com","*.login.bosh-lite.com"],"RouteServiceUrl":"","RegistrationInterval":4000000000,"HealthCheck":{"Name":"uaa-healthcheck","ScriptPath":"/var/vcap/jobs/uaa/bin/health_check","Timeout":2000000000}}}}

2016-09-29T20:06:37.133690+00:00 05bf1627-ae2f-400c-b1ce-31973a9ff23f - - - [NXLOG@14506 bosh_deployment="cf-warden" bosh_job_name="uaa_z1" bosh_job_index="0" filename="/var/vcap/data/sys/log/route_registrar/route_registrar.stdout.log"] {"timestamp":"1475179594.818289518","source":"Route Registrar","message":"Route Registrar.Registered routes successfully","log_level":1,"data":{}}

2016-09-29T20:06:37.133803+00:00 05bf1627-ae2f-400c-b1ce-31973a9ff23f - - - [NXLOG@14506 bosh_deployment="cf-warden" bosh_job_name="uaa_z1" bosh_job_index="0" filename="/var/vcap/data/sys/log/uaa/uaa.log"] [2016-09-29 20:06:30.804] uaa - 19013 [http-nio-127.0.0.1-8989-exec-5] .... DEBUG --- AntPathRequestMatcher: Checking match of request : '/healthz'; against '/resources/**'

2016-09-29T20:06:37.133857+00:00 05bf1627-ae2f-400c-b1ce-31973a9ff23f - - - [NXLOG@14506 bosh_deployment="cf-warden" bosh_job_name="uaa_z1" bosh_job_index="0" filename="/var/vcap/data/sys/log/uaa/uaa.log"] [2016-09-29 20:06:30.804] uaa - 19013 [http-nio-127.0.0.1-8989-exec-5] .... DEBUG --- AntPathRequestMatcher: Checking match of request : '/healthz'; against '/square-logo.png'

2016-09-29T20:06:37.133886+00:00 05bf1627-ae2f-400c-b1ce-31973a9ff23f - - - [NXLOG@14506 bosh_deployment="cf-warden" bosh_job_name="uaa_z1" bosh_job_index="0" filename="/var/vcap/data/sys/log/uaa/uaa.log"] [2016-09-29 20:06:30.804] uaa - 19013 [http-nio-127.0.0.1-8989-exec-5] .... DEBUG --- AntPathRequestMatcher: Checking match of request : '/healthz'; against '/info'

2016-09-29T20:06:37.133919+00:00 05bf1627-ae2f-400c-b1ce-31973a9ff23f - - - [NXLOG@14506 bosh_deployment="cf-warden" bosh_job_name="uaa_z1" bosh_job_index="0" filename="/var/vcap/data/sys/log/uaa/uaa.log"] [2016-09-29 20:06:30.804] uaa - 19013 [http-nio-127.0.0.1-8989-exec-5] .... DEBUG --- AntPathRequestMatcher: Checking match of request : '/healthz'; against '/password/**'

2016-09-29T20:06:37.133937+00:00 05bf1627-ae2f-400c-b1ce-31973a9ff23f - - - [NXLOG@14506 bosh_deployment="cf-warden" bosh_job_name="uaa_z1" bosh_job_index="0" filename="/var/vcap/data/sys/log/uaa/uaa.log"] [2016-09-29 20:06:30.804] uaa - 19013 [http-nio-127.0.0.1-8989-exec-5] .... DEBUG --- AntPathRequestMatcher: Checking match of request : '/healthz'; against '/healthz/**'

2016-09-29T20:06:37.133953+00:00 05bf1627-ae2f-400c-b1ce-31973a9ff23f - - - [NXLOG@14506 bosh_deployment="cf-warden" bosh_job_name="uaa_z1" bosh_job_index="0" filename="/var/vcap/data/sys/log/uaa/uaa.log"] [2016-09-29 20:06:30.804] uaa - 19013 [http-nio-127.0.0.1-8989-exec-5] .... DEBUG --- FilterChainProxy: /healthz has an empty filter list

2016-09-29T20:06:37.133968+00:00 05bf1627-ae2f-400c-b1ce-31973a9ff23f - - - [NXLOG@14506 bosh_deployment="cf-warden" bosh_job_name="uaa_z1" bosh_job_index="0" filename="/var/vcap/data/sys/log/uaa/uaa.log"] [2016-09-29 20:06:30.804] uaa - 19013 [http-nio-127.0.0.1-8989-exec-5] .... DEBUG --- DispatcherServlet: DispatcherServlet with name 'spring' processing GET request for [/healthz]

2016-09-29T20:06:37.133997+00:00 05bf1627-ae2f-400c-b1ce-31973a9ff23f - - - [NXLOG@14506 bosh_deployment="cf-warden" bosh_job_name="uaa_z1" bosh_job_index="0" filename="/var/vcap/data/sys/log/uaa/uaa.log"] [2016-09-29 20:06:30.804] uaa - 19013 [http-nio-127.0.0.1-8989-exec-5] .... DEBUG --- DispatcherServlet: Last-Modified value for [/healthz] is: -1

2016-09-29T20:06:37.134014+00:00 05bf1627-ae2f-400c-b1ce-31973a9ff23f - - - [NXLOG@14506 bosh_deployment="cf-warden" bosh_job_name="uaa_z1" bosh_job_index="0" filename="/var/vcap/data/sys/log/uaa/uaa.log"] [2016-09-29 20:06:30.805] uaa - 19013 [http-nio-127.0.0.1-8989-exec-5] .... DEBUG --- RequestResponseBodyMethodProcessor: Written [ok

2016-09-29T20:06:37.134030+00:00 05bf1627-ae2f-400c-b1ce-31973a9ff23f - - - [NXLOG@14506 bosh_deployment="cf-warden" bosh_job_name="uaa_z1" bosh_job_index="0" filename="/var/vcap/data/sys/log/uaa/uaa.log"] ] as "text/plain;charset=ISO-8859-1" using [org.springframework.http.converter.StringHttpMessageConverter@178b2baf]

2016-09-29T20:06:37.134052+00:00 05bf1627-ae2f-400c-b1ce-31973a9ff23f - - - [NXLOG@14506 bosh_deployment="cf-warden" bosh_job_name="uaa_z1" bosh_job_index="0" filename="/var/vcap/data/sys/log/uaa/uaa.log"] [2016-09-29 20:06:30.805] uaa - 19013 [http-nio-127.0.0.1-8989-exec-5] .... DEBUG --- DispatcherServlet: Null ModelAndView returned to DispatcherServlet with name 'spring': assuming HandlerAdapter completed request handling

2016-09-29T20:06:37.134094+00:00 05bf1627-ae2f-400c-b1ce-31973a9ff23f - - - [NXLOG@14506 bosh_deployment="cf-warden" bosh_job_name="uaa_z1" bosh_job_index="0" filename="/var/vcap/data/sys/log/uaa/uaa.log"] [2016-09-29 20:06:30.805] uaa - 19013 [http-nio-127.0.0.1-8989-exec-5] .... DEBUG --- DispatcherServlet: Successfully completed request

2016-09-29T20:06:37.134123+00:00 05bf1627-ae2f-400c-b1ce-31973a9ff23f - - - [NXLOG@14506 bosh_deployment="cf-warden" bosh_job_name="uaa_z1" bosh_job_index="0" filename="/var/vcap/data/sys/log/uaa/uaa.log"] [2016-09-29 20:06:30.816] uaa - 19013 [http-nio-127.0.0.1-8989-exec-6] .... DEBUG --- AntPathRequestMatcher: Checking match of request : '/healthz'; against '/resources/**'

2016-09-29T20:06:37.134150+00:00 05bf1627-ae2f-400c-b1ce-31973a9ff23f - - - [NXLOG@14506 bosh_deployment="cf-warden" bosh_job_name="uaa_z1" bosh_job_index="0" filename="/var/vcap/data/sys/log/uaa/uaa.log"] [2016-09-29 20:06:30.816] uaa - 19013 [http-nio-127.0.0.1-8989-exec-6] .... DEBUG --- AntPathRequestMatcher: Checking match of request : '/healthz'; against '/square-logo.png'

2016-09-29T20:06:37.134177+00:00 05bf1627-ae2f-400c-b1ce-31973a9ff23f - - - [NXLOG@14506 bosh_deployment="cf-warden" bosh_job_name="uaa_z1" bosh_job_index="0" filename="/var/vcap/data/sys/log/uaa/uaa.log"] [2016-09-29 20:06:30.816] uaa - 19013 [http-nio-127.0.0.1-8989-exec-6] .... DEBUG --- AntPathRequestMatcher: Checking match of request : '/healthz'; against '/info'

2016-09-29T20:06:37.133553+00:00 b0fa19c0-86de-4447-a670-3f7adbd0b3c1 - - - [NXLOG@14506 bosh_deployment="cf-warden" bosh_job_name="api_z1" bosh_job_index="0" filename="/var/vcap/data/sys/log/cloud_controller_worker/cloud_controller_worker.log"] {"timestamp":1475179588.1235437,"message":"(0.000450s) SELECT * FROM \"delayed_jobs\" WHERE ((((\"run_at\" <= '2016-09-29 20:06:28.122624+0000') AND (\"locked_at\" IS NULL)) OR (\"locked_by\" = 'cc_global_worker.api_z1.0.1')) AND (\"failed_at\" IS NULL) AND (\"queue\" IN ('cc-generic'))) ORDER BY \"priority\" ASC, \"run_at\" ASC LIMIT 5","log_level":"debug2","source":"cc.background","data":{},"thread_id":47193737007380,"fiber_id":47193773841900,"process_id":15807,"file":"/var/vcap/packages/cloud_controller_ng/cloud_controller_ng/vendor/bundle/ruby/2.3.0/gems/sequel-4.29.0/lib/sequel/database/logging.rb","lineno":70,"method":"block in log_each"}

2016-09-29T20:06:37.133796+00:00 b0fa19c0-86de-4447-a670-3f7adbd0b3c1 - - - [NXLOG@14506 bosh_deployment="cf-warden" bosh_job_name="api_z1" bosh_job_index="0" filename="/var/vcap/data/sys/log/cloud_controller_worker/cloud_controller_worker.log"] {"timestamp":1475179593.1427038,"message":"(0.000539s) SELECT * FROM \"delayed_jobs\" WHERE ((((\"run_at\" <= '2016-09-29 20:06:33.141665+0000') AND (\"locked_at\" IS NULL)) OR (\"locked_by\" = 'cc_global_worker.api_z1.0.1')) AND (\"failed_at\" IS NULL) AND (\"queue\" IN ('cc-generic'))) ORDER BY \"priority\" ASC, \"run_at\" ASC LIMIT 5","log_level":"debug2","source":"cc.background","data":{},"thread_id":47193737007380,"fiber_id":47193773841900,"process_id":15807,"file":"/var/vcap/packages/cloud_controller_ng/cloud_controller_ng/vendor/bundle/ruby/2.3.0/gems/sequel-4.29.0/lib/sequel/database/logging.rb","lineno":70,"method":"block in log_each"}

2016-09-29T20:06:37.133842+00:00 b0fa19c0-86de-4447-a670-3f7adbd0b3c1 - - - [NXLOG@14506 bosh_deployment="cf-warden" bosh_job_name="api_z1" bosh_job_index="0" filename="/var/vcap/data/sys/log/nginx_cc/nginx.access.log"] 10.244.0.138 - [29/Sep/2016:20:06:27 +0000] "GET /v2/info HTTP/1.1" 200 802 "-" "monit/5.2.5" 10.244.0.138 vcap_request_id:e5ab8329-f91b-4093-8e03-9de1a9714f33 response_time:0.004

2016-09-29T20:06:37.133902+00:00 b0fa19c0-86de-4447-a670-3f7adbd0b3c1 - - - [NXLOG@14506 bosh_deployment="cf-warden" bosh_job_name="api_z1" bosh_job_index="0" filename="/var/vcap/data/sys/log/nginx_cc/nginx.access.log"] api.bosh-lite.com - [29/Sep/2016:20:06:30 +0000] "GET /v2/syslog_drain_urls?batch_size=1000 HTTP/1.1" 200 326 "-" "Go-http-client/1.1" 10.244.0.146, 10.244.0.34, 10.244.0.22 vcap_request_id:5d2622f9-9ec4-4282-717b-075e01bee697::182191fe-1f25-4d52-be92-bceaae837511 response_time:0.006

2016-09-29T20:06:37.133933+00:00 b0fa19c0-86de-4447-a670-3f7adbd0b3c1 - - - [NXLOG@14506 bosh_deployment="cf-warden" bosh_job_name="api_z1" bosh_job_index="0" filename="/var/vcap/data/sys/log/cloud_controller_ng/cloud_controller_ng.log"] {"timestamp":1475179587.378199,"message":"Statsd: cc.requests.outstanding:1|c","log_level":"debug","source":"statsd.client","data":{},"thread_id":47062185511100,"fiber_id":47062165300880,"process_id":15535,"file":"/var/vcap/packages/cloud_controller_ng/cloud_controller_ng/vendor/bundle/ruby/2.3.0/gems/statsd-ruby-1.2.1/lib/statsd.rb","lineno":254,"method":"send_to_socket"}

2016-09-29T20:06:37.133963+00:00 b0fa19c0-86de-4447-a670-3f7adbd0b3c1 - - - [NXLOG@14506 bosh_deployment="cf-warden" bosh_job_name="api_z1" bosh_job_index="0" filename="/var/vcap/data/sys/log/cloud_controller_ng/cloud_controller_ng.log"] {"timestamp":1475179587.3788676,"message":"Started GET \"/v2/info\" for user: , ip: 127.0.0.1 with vcap-request-id: e5ab8329-f91b-4093-8e03-9de1a9714f33 at 2016-09-29 20:06:27 UTC","log_level":"info","source":"cc.api","data":{},"thread_id":47062185511100,"fiber_id":47062165300880,"process_id":15535,"file":"/var/vcap/packages/cloud_controller_ng/cloud_controller_ng/middleware/request_logs.rb","lineno":12,"method":"call"}

2016-09-29T20:06:37.134036+00:00 b0fa19c0-86de-4447-a670-3f7adbd0b3c1 - - - [NXLOG@14506 bosh_deployment="cf-warden" bosh_job_name="api_z1" bosh_job_index="0" filename="/var/vcap/data/sys/log/cloud_controller_ng/cloud_controller_ng.log"] {"timestamp":1475179587.3795671,"message":"dispatch VCAP::CloudController::InfoController get /v2/info","log_level":"debug","source":"cc.api","data":{"request_guid":"e5ab8329-f91b-4093-8e03-9de1a9714f33"},"thread_id":47062185511100,"fiber_id":47062165300880,"process_id":15535,"file":"/var/vcap/data/packages/cloud_controller_ng/f87cb49aa2cd87792cb9c2211a79e1542502be4d.1-b1a5f3c830cb6c32ae9e685628b24aa967f5ae54/cloud_controller_ng/lib/cloud_controller/rest_controller/routes.rb","lineno":12,"method":"block in define_route"}

2016-09-29T20:06:37.134173+00:00 b0fa19c0-86de-4447-a670-3f7adbd0b3c1 - - - [NXLOG@14506 bosh_deployment="cf-warden" bosh_job_name="api_z1" bosh_job_index="0" filename="/var/vcap/data/sys/log/cloud_controller_ng/cloud_controller_ng.log"] {"timestamp":1475179587.379756,"message":"parse_params: {} ","log_level":"debug","source":"cc.api","data":{"request_guid":"e5ab8329-f91b-4093-8e03-9de1a9714f33"},"thread_id":47062185511100,"fiber_id":47062165300880,"process_id":15535,"file":"/var/vcap/data/packages/cloud_controller_ng/f87cb49aa2cd87792cb9c2211a79e1542502be4d.1-b1a5f3c830cb6c32ae9e685628b24aa967f5ae54/cloud_controller_ng/lib/cloud_controller/rest_controller/common_params.rb","lineno":10,"method":"parse"}

2016-09-29T20:06:37.134211+00:00 b0fa19c0-86de-4447-a670-3f7adbd0b3c1 - - - [NXLOG@14506 bosh_deployment="cf-warden" bosh_job_name="api_z1" bosh_job_index="0" filename="/var/vcap/data/sys/log/cloud_controller_ng/cloud_controller_ng.log"] {"timestamp":1475179587.3799286,"message":"cc.dispatch","log_level":"debug","source":"cc.api","data":{"request_guid":"e5ab8329-f91b-4093-8e03-9de1a9714f33","endpoint":"read","args":[]},"thread_id":47062185511100,"fiber_id":47062165300880,"process_id":15535,"file":"/var/vcap/data/packages/cloud_controller_ng/f87cb49aa2cd87792cb9c2211a79e1542502be4d.1-b1a5f3c830cb6c32ae9e685628b24aa967f5ae54/cloud_controller_ng/app/controllers/base/base_controller.rb","lineno":78,"method":"dispatch"}

2016-09-29T20:06:37.134259+00:00 b0fa19c0-86de-4447-a670-3f7adbd0b3c1 - - - [NXLOG@14506 bosh_deployment="cf-warden" bosh_job_name="api_z1" bosh_job_index="0" filename="/var/vcap/data/sys/log/cloud_controller_ng/cloud_controller_ng.log"] {"timestamp":1475179587.3802364,"message":"Completed 200 vcap-request-id: e5ab8329-f91b-4093-8e03-9de1a9714f33","log_level":"info","source":"cc.api","data":{},"thread_id":47062185511100,"fiber_id":47062165300880,"process_id":15535,"file":"/var/vcap/packages/cloud_controller_ng/cloud_controller_ng/middleware/request_logs.rb","lineno":24,"method":"call"}

2016-09-29T20:06:37.134203+00:00 05bf1627-ae2f-400c-b1ce-31973a9ff23f - - - [NXLOG@14506 bosh_deployment="cf-warden" bosh_job_name="uaa_z1" bosh_job_index="0" filename="/var/vcap/data/sys/log/uaa/uaa.log"] [2016-09-29 20:06:30.816] uaa - 19013 [http-nio-127.0.0.1-8989-exec-6] .... DEBUG --- AntPathRequestMatcher: Checking match of request : '/healthz'; against '/password/**'

2016-09-29T20:06:37.134247+00:00 05bf1627-ae2f-400c-b1ce-31973a9ff23f - - - [NXLOG@14506 bosh_deployment="cf-warden" bosh_job_name="uaa_z1" bosh_job_index="0" filename="/var/vcap/data/sys/log/uaa/uaa.log"] [2016-09-29 20:06:30.816] uaa - 19013 [http-nio-127.0.0.1-8989-exec-6] .... DEBUG --- AntPathRequestMatcher: Checking match of request : '/healthz'; against '/healthz/**'

2016-09-29T20:06:37.134277+00:00 05bf1627-ae2f-400c-b1ce-31973a9ff23f - - - [NXLOG@14506 bosh_deployment="cf-warden" bosh_job_name="uaa_z1" bosh_job_index="0" filename="/var/vcap/data/sys/log/uaa/uaa.log"] [2016-09-29 20:06:30.816] uaa - 19013 [http-nio-127.0.0.1-8989-exec-6] .... DEBUG --- FilterChainProxy: /healthz has an empty filter list

2016-09-29T20:06:37.134304+00:00 05bf1627-ae2f-400c-b1ce-31973a9ff23f - - - [NXLOG@14506 bosh_deployment="cf-warden" bosh_job_name="uaa_z1" bosh_job_index="0" filename="/var/vcap/data/sys/log/uaa/uaa.log"] [2016-09-29 20:06:30.816] uaa - 19013 [http-nio-127.0.0.1-8989-exec-6] .... DEBUG --- DispatcherServlet: DispatcherServlet with name 'spring' processing GET request for [/healthz]

2016-09-29T20:06:37.134372+00:00 05bf1627-ae2f-400c-b1ce-31973a9ff23f - - - [NXLOG@14506 bosh_deployment="cf-warden" bosh_job_name="uaa_z1" bosh_job_index="0" filename="/var/vcap/data/sys/log/uaa/uaa.log"] [2016-09-29 20:06:30.816] uaa - 19013 [http-nio-127.0.0.1-8989-exec-6] .... DEBUG --- DispatcherServlet: Last-Modified value for [/healthz] is: -1

2016-09-29T20:06:37.134400+00:00 05bf1627-ae2f-400c-b1ce-31973a9ff23f - - - [NXLOG@14506 bosh_deployment="cf-warden" bosh_job_name="uaa_z1" bosh_job_index="0" filename="/var/vcap/data/sys/log/uaa/uaa.log"] [2016-09-29 20:06:30.816] uaa - 19013 [http-nio-127.0.0.1-8989-exec-6] .... DEBUG --- RequestResponseBodyMethodProcessor: Written [ok

2016-09-29T20:06:37.134428+00:00 05bf1627-ae2f-400c-b1ce-31973a9ff23f - - - [NXLOG@14506 bosh_deployment="cf-warden" bosh_job_name="uaa_z1" bosh_job_index="0" filename="/var/vcap/data/sys/log/uaa/uaa.log"] ] as "text/plain;charset=ISO-8859-1" using [org.springframework.http.converter.StringHttpMessageConverter@178b2baf]

2016-09-29T20:06:37.134457+00:00 05bf1627-ae2f-400c-b1ce-31973a9ff23f - - - [NXLOG@14506 bosh_deployment="cf-warden" bosh_job_name="uaa_z1" bosh_job_index="0" filename="/var/vcap/data/sys/log/uaa/uaa.log"] [2016-09-29 20:06:30.816] uaa - 19013 [http-nio-127.0.0.1-8989-exec-6] .... DEBUG --- DispatcherServlet: Null ModelAndView returned to DispatcherServlet with name 'spring': assuming HandlerAdapter completed request handling

2016-09-29T20:06:37.134641+00:00 05bf1627-ae2f-400c-b1ce-31973a9ff23f - - - [NXLOG@14506 bosh_deployment="cf-warden" bosh_job_name="uaa_z1" bosh_job_index="0" filename="/var/vcap/data/sys/log/uaa/uaa.log"] [2016-09-29 20:06:30.816] uaa - 19013 [http-nio-127.0.0.1-8989-exec-6] .... DEBUG --- DispatcherServlet: Successfully completed request

2016-09-29T20:06:37.134714+00:00 05bf1627-ae2f-400c-b1ce-31973a9ff23f - - - [NXLOG@14506 bosh_deployment="cf-warden" bosh_job_name="uaa_z1" bosh_job_index="0" filename="/var/vcap/data/sys/log/uaa/uaa.log"] [2016-09-29 20:06:31.156] uaa - 19013 [pool-2-thread-1] .... DEBUG --- JdbcTemplate: Executing SQL query [select count(*) from oauth_client_details]

2016-09-29T20:06:37.134779+00:00 05bf1627-ae2f-400c-b1ce-31973a9ff23f - - - [NXLOG@14506 bosh_deployment="cf-warden" bosh_job_name="uaa_z1" bosh_job_index="0" filename="/var/vcap/data/sys/log/uaa/uaa.log"] [2016-09-29 20:06:31.158] uaa - 19013 [pool-2-thread-1] .... DEBUG --- JdbcTemplate: Executing SQL query [select count(*) from users]

2016-09-29T20:06:37.134828+00:00 05bf1627-ae2f-400c-b1ce-31973a9ff23f - - - [NXLOG@14506 bosh_deployment="cf-warden" bosh_job_name="uaa_z1" bosh_job_index="0" filename="/var/vcap/data/sys/log/uaa/uaa.log"] [2016-09-29 20:06:34.816] uaa - 19013 [http-nio-127.0.0.1-8989-exec-7] .... DEBUG --- AntPathRequestMatcher: Checking match of request : '/healthz'; against '/resources/**'

2016-09-29T20:06:37.134866+00:00 05bf1627-ae2f-400c-b1ce-31973a9ff23f - - - [NXLOG@14506 bosh_deployment="cf-warden" bosh_job_name="uaa_z1" bosh_job_index="0" filename="/var/vcap/data/sys/log/uaa/uaa.log"] [2016-09-29 20:06:34.816] uaa - 19013 [http-nio-127.0.0.1-8989-exec-7] .... DEBUG --- AntPathRequestMatcher: Checking match of request : '/healthz'; against '/square-logo.png'

2016-09-29T20:06:37.134902+00:00 05bf1627-ae2f-400c-b1ce-31973a9ff23f - - - [NXLOG@14506 bosh_deployment="cf-warden" bosh_job_name="uaa_z1" bosh_job_index="0" filename="/var/vcap/data/sys/log/uaa/uaa.log"] [2016-09-29 20:06:34.816] uaa - 19013 [http-nio-127.0.0.1-8989-exec-7] .... DEBUG --- AntPathRequestMatcher: Checking match of request : '/healthz'; against '/info'

2016-09-29T20:06:37.134938+00:00 05bf1627-ae2f-400c-b1ce-31973a9ff23f - - - [NXLOG@14506 bosh_deployment="cf-warden" bosh_job_name="uaa_z1" bosh_job_index="0" filename="/var/vcap/data/sys/log/uaa/uaa.log"] [2016-09-29 20:06:34.816] uaa - 19013 [http-nio-127.0.0.1-8989-exec-7] .... DEBUG --- AntPathRequestMatcher: Checking match of request : '/healthz'; against '/password/**'

2016-09-29T20:06:37.134975+00:00 05bf1627-ae2f-400c-b1ce-31973a9ff23f - - - [NXLOG@14506 bosh_deployment="cf-warden" bosh_job_name="uaa_z1" bosh_job_index="0" filename="/var/vcap/data/sys/log/uaa/uaa.log"] [2016-09-29 20:06:34.816] uaa - 19013 [http-nio-127.0.0.1-8989-exec-7] .... DEBUG --- AntPathRequestMatcher: Checking match of request : '/healthz'; against '/healthz/**'

2016-09-29T20:06:37.135010+00:00 05bf1627-ae2f-400c-b1ce-31973a9ff23f - - - [NXLOG@14506 bosh_deployment="cf-warden" bosh_job_name="uaa_z1" bosh_job_index="0" filename="/var/vcap/data/sys/log/uaa/uaa.log"] [2016-09-29 20:06:34.816] uaa - 19013 [http-nio-127.0.0.1-8989-exec-7] .... DEBUG --- FilterChainProxy: /healthz has an empty filter list

2016-09-29T20:06:37.135046+00:00 05bf1627-ae2f-400c-b1ce-31973a9ff23f - - - [NXLOG@14506 bosh_deployment="cf-warden" bosh_job_name="uaa_z1" bosh_job_index="0" filename="/var/vcap/data/sys/log/uaa/uaa.log"] [2016-09-29 20:06:34.816] uaa - 19013 [http-nio-127.0.0.1-8989-exec-7] .... DEBUG --- DispatcherServlet: DispatcherServlet with name 'spring' processing GET request for [/healthz]

2016-09-29T20:06:37.135107+00:00 05bf1627-ae2f-400c-b1ce-31973a9ff23f - - - [NXLOG@14506 bosh_deployment="cf-warden" bosh_job_name="uaa_z1" bosh_job_index="0" filename="/var/vcap/data/sys/log/uaa/uaa.log"] [2016-09-29 20:06:34.816] uaa - 19013 [http-nio-127.0.0.1-8989-exec-7] .... DEBUG --- DispatcherServlet: Last-Modified value for [/healthz] is: -1

2016-09-29T20:06:37.135172+00:00 05bf1627-ae2f-400c-b1ce-31973a9ff23f - - - [NXLOG@14506 bosh_deployment="cf-warden" bosh_job_name="uaa_z1" bosh_job_index="0" filename="/var/vcap/data/sys/log/uaa/uaa.log"] [2016-09-29 20:06:34.816] uaa - 19013 [http-nio-127.0.0.1-8989-exec-7] .... DEBUG --- RequestResponseBodyMethodProcessor: Written [ok

2016-09-29T20:06:37.134332+00:00 b0fa19c0-86de-4447-a670-3f7adbd0b3c1 - - - [NXLOG@14506 bosh_deployment="cf-warden" bosh_job_name="api_z1" bosh_job_index="0" filename="/var/vcap/data/sys/log/cloud_controller_ng/cloud_controller_ng.log"] {"timestamp":1475179587.3804228,"message":"Statsd: cc.requests.outstanding:-1|c\ncc.requests.completed:1|c\ncc.http_status.2XX:1|c","log_level":"debug","source":"statsd.client","data":{},"thread_id":47062185511100,"fiber_id":47062165300880,"process_id":15535,"file":"/var/vcap/packages/cloud_controller_ng/cloud_controller_ng/vendor/bundle/ruby/2.3.0/gems/statsd-ruby-1.2.1/lib/statsd.rb","lineno":254,"method":"send_to_socket"}

2016-09-29T20:06:37.134383+00:00 b0fa19c0-86de-4447-a670-3f7adbd0b3c1 - - - [NXLOG@14506 bosh_deployment="cf-warden" bosh_job_name="api_z1" bosh_job_index="0" filename="/var/vcap/data/sys/log/cloud_controller_ng/cloud_controller_ng.log"] {"timestamp":1475179588.119506,"message":"(0.000634s) SELECT * FROM \"delayed_jobs\" WHERE ((((\"run_at\" <= '2016-09-29 20:06:28.118256+0000') AND (\"locked_at\" IS NULL)) OR (\"locked_by\" = 'cc_api_worker.api_z1.0.2')) AND (\"failed_at\" IS NULL) AND (\"queue\" IN ('cc-api_z1-0'))) ORDER BY \"priority\" ASC, \"run_at\" ASC LIMIT 5","log_level":"debug2","source":"cc.background","data":{},"thread_id":47118928261380,"fiber_id":47118965175380,"process_id":15629,"file":"/var/vcap/packages/cloud_controller_ng/cloud_controller_ng/vendor/bundle/ruby/2.3.0/gems/sequel-4.29.0/lib/sequel/database/logging.rb","lineno":70,"method":"block in log_each"}

2016-09-29T20:06:37.134428+00:00 b0fa19c0-86de-4447-a670-3f7adbd0b3c1 - - - [NXLOG@14506 bosh_deployment="cf-warden" bosh_job_name="api_z1" bosh_job_index="0" filename="/var/vcap/data/sys/log/cloud_controller_ng/cloud_controller_ng.log"] {"timestamp":1475179589.3758693,"message":"(0.000676s) SELECT * FROM \"delayed_jobs\" WHERE ((((\"run_at\" <= '2016-09-29 20:06:29.374529+0000') AND (\"locked_at\" IS NULL)) OR (\"locked_by\" = 'cc_api_worker.api_z1.0.1')) AND (\"failed_at\" IS NULL) AND (\"queue\" IN ('cc-api_z1-0'))) ORDER BY \"priority\" ASC, \"run_at\" ASC LIMIT 5","log_level":"debug2","source":"cc.background","data":{},"thread_id":47452862460180,"fiber_id":47452899698480,"process_id":15587,"file":"/var/vcap/packages/cloud_controller_ng/cloud_controller_ng/vendor/bundle/ruby/2.3.0/gems/sequel-4.29.0/lib/sequel/database/logging.rb","lineno":70,"method":"block in log_each"}

2016-09-29T20:06:37.134458+00:00 b0fa19c0-86de-4447-a670-3f7adbd0b3c1 - - - [NXLOG@14506 bosh_deployment="cf-warden" bosh_job_name="api_z1" bosh_job_index="0" filename="/var/vcap/data/sys/log/cloud_controller_ng/cloud_controller_ng.log"] {"timestamp":1475179590.9030955,"message":"Statsd: cc.requests.outstanding:1|c","log_level":"debug","source":"statsd.client","data":{},"thread_id":47062185510360,"fiber_id":47062169423560,"process_id":15535,"file":"/var/vcap/packages/cloud_controller_ng/cloud_controller_ng/vendor/bundle/ruby/2.3.0/gems/statsd-ruby-1.2.1/lib/statsd.rb","lineno":254,"method":"send_to_socket"}

2016-09-29T20:06:37.134486+00:00 b0fa19c0-86de-4447-a670-3f7adbd0b3c1 - - - [NXLOG@14506 bosh_deployment="cf-warden" bosh_job_name="api_z1" bosh_job_index="0" filename="/var/vcap/data/sys/log/cloud_controller_ng/cloud_controller_ng.log"] {"timestamp":1475179590.9036703,"message":"Started GET \"/v2/syslog_drain_urls?batch_size=1000\" for user: , ip: 127.0.0.1 with vcap-request-id: 5d2622f9-9ec4-4282-717b-075e01bee697::182191fe-1f25-4d52-be92-bceaae837511 at 2016-09-29 20:06:30 UTC","log_level":"info","source":"cc.api","data":{},"thread_id":47062185510360,"fiber_id":47062169423560,"process_id":15535,"file":"/var/vcap/packages/cloud_controller_ng/cloud_controller_ng/middleware/request_logs.rb","lineno":12,"method":"call"}

2016-09-29T20:06:37.134515+00:00 b0fa19c0-86de-4447-a670-3f7adbd0b3c1 - - - [NXLOG@14506 bosh_deployment="cf-warden" bosh_job_name="api_z1" bosh_job_index="0" filename="/var/vcap/data/sys/log/cloud_controller_ng/cloud_controller_ng.log"] {"timestamp":1475179590.9044247,"message":"dispatch VCAP::CloudController::SyslogDrainUrlsController get /v2/syslog_drain_urls","log_level":"debug","source":"cc.api","data":{"request_guid":"5d2622f9-9ec4-4282-717b-075e01bee697::182191fe-1f25-4d52-be92-bceaae837511"},"thread_id":47062185510360,"fiber_id":47062169423560,"process_id":15535,"file":"/var/vcap/data/packages/cloud_controller_ng/f87cb49aa2cd87792cb9c2211a79e1542502be4d.1-b1a5f3c830cb6c32ae9e685628b24aa967f5ae54/cloud_controller_ng/lib/cloud_controller/rest_controller/routes.rb","lineno":12,"method":"block in define_route"}

2016-09-29T20:06:37.134595+00:00 b0fa19c0-86de-4447-a670-3f7adbd0b3c1 - - - [NXLOG@14506 bosh_deployment="cf-warden" bosh_job_name="api_z1" bosh_job_index="0" filename="/var/vcap/data/sys/log/cloud_controller_ng/cloud_controller_ng.log"] {"timestamp":1475179590.9046035,"message":"parse_params: {\"batch_size\"=>\"1000\"} batch_size=1000","log_level":"debug","source":"cc.api","data":{"request_guid":"5d2622f9-9ec4-4282-717b-075e01bee697::182191fe-1f25-4d52-be92-bceaae837511"},"thread_id":47062185510360,"fiber_id":47062169423560,"process_id":15535,"file":"/var/vcap/data/packages/cloud_controller_ng/f87cb49aa2cd87792cb9c2211a79e1542502be4d.1-b1a5f3c830cb6c32ae9e685628b24aa967f5ae54/cloud_controller_ng/lib/cloud_controller/rest_controller/common_params.rb","lineno":10,"method":"parse"}

2016-09-29T20:06:37.134629+00:00 b0fa19c0-86de-4447-a670-3f7adbd0b3c1 - - - [NXLOG@14506 bosh_deployment="cf-warden" bosh_job_name="api_z1" bosh_job_index="0" filename="/var/vcap/data/sys/log/cloud_controller_ng/cloud_controller_ng.log"] {"timestamp":1475179590.9047685,"message":"cc.dispatch","log_level":"debug","source":"cc.api","data":{"request_guid":"5d2622f9-9ec4-4282-717b-075e01bee697::182191fe-1f25-4d52-be92-bceaae837511","endpoint":"list","args":[]},"thread_id":47062185510360,"fiber_id":47062169423560,"process_id":15535,"file":"/var/vcap/data/packages/cloud_controller_ng/f87cb49aa2cd87792cb9c2211a79e1542502be4d.1-b1a5f3c830cb6c32ae9e685628b24aa967f5ae54/cloud_controller_ng/app/controllers/base/base_controller.rb","lineno":78,"method":"dispatch"}

2016-09-29T20:06:37.134641+00:00 b0fa19c0-86de-4447-a670-3f7adbd0b3c1 - - - [NXLOG@14506 bosh_deployment="cf-warden" bosh_job_name="api_z1" bosh_job_index="0" filename="/var/vcap/data/sys/log/cloud_controller_ng/cloud_controller_ng.log"] {"timestamp":1475179590.907395,"message":"(0.000849s) SELECT \"apps\".\"guid\", string_agg(\"service_bindings\".\"syslog_drain_url\", ',') AS \"syslog_drain_urls\" FROM \"apps\" INNER JOIN \"service_bindings\" ON (\"service_bindings\".\"app_id\" = \"apps\".\"id\") WHERE ((syslog_drain_url IS NOT NULL) AND (syslog_drain_url != '')) GROUP BY \"apps\".\"guid\" UNION ALL (SELECT \"apps_v3\".\"guid\", string_agg(\"v3_service_bindings\".\"syslog_drain_url\", ',') AS \"syslog_drain_urls\" FROM \"apps_v3\" INNER JOIN \"v3_service_bindings\" ON (\"v3_service_bindings\".\"app_id\" = \"apps_v3\".\"id\") WHERE ((syslog_drain_url IS NOT NULL) AND (syslog_drain_url != '')) GROUP BY \"apps_v3\".\"guid\") ORDER BY \"guid\" LIMIT 1000 OFFSET 0","log_level":"debug2","source":"cc.db","data":{"request_guid":"5d2622f9-9ec4-4282-717b-075e01bee697::182191fe-1f25-4d52-be92-bceaae837511"},"thread_id":47062185510360,"fiber_id":47062169423560,"process_id":15535,"file":"/var/vcap/packages/cloud_controller_ng/cloud_controller_ng/vendor/bundle/ruby/2.3.0/gems/sequel-4.29.0/lib/sequel/database/logging.rb","lineno":70,"method":"block in log_each"}

2016-09-29T20:06:37.134665+00:00 b0fa19c0-86de-4447-a670-3f7adbd0b3c1 - - - [NXLOG@14506 bosh_deployment="cf-warden" bosh_job_name="api_z1" bosh_job_index="0" filename="/var/vcap/data/sys/log/cloud_controller_ng/cloud_controller_ng.log"] {"timestamp":1475179590.9077888,"message":"Completed 200 vcap-request-id: 5d2622f9-9ec4-4282-717b-075e01bee697::182191fe-1f25-4d52-be92-bceaae837511","log_level":"info","source":"cc.api","data":{},"thread_id":47062185510360,"fiber_id":47062169423560,"process_id":15535,"file":"/var/vcap/packages/cloud_controller_ng/cloud_controller_ng/middleware/request_logs.rb","lineno":24,"method":"call"}

2016-09-29T20:06:37.135216+00:00 05bf1627-ae2f-400c-b1ce-31973a9ff23f - - - [NXLOG@14506 bosh_deployment="cf-warden" bosh_job_name="uaa_z1" bosh_job_index="0" filename="/var/vcap/data/sys/log/uaa/uaa.log"] ] as "text/plain;charset=ISO-8859-1" using [org.springframework.http.converter.StringHttpMessageConverter@178b2baf]

2016-09-29T20:06:37.135264+00:00 05bf1627-ae2f-400c-b1ce-31973a9ff23f - - - [NXLOG@14506 bosh_deployment="cf-warden" bosh_job_name="uaa_z1" bosh_job_index="0" filename="/var/vcap/data/sys/log/uaa/uaa.log"] [2016-09-29 20:06:34.816] uaa - 19013 [http-nio-127.0.0.1-8989-exec-7] .... DEBUG --- DispatcherServlet: Null ModelAndView returned to DispatcherServlet with name 'spring': assuming HandlerAdapter completed request handling

2016-09-29T20:06:37.135332+00:00 05bf1627-ae2f-400c-b1ce-31973a9ff23f - - - [NXLOG@14506 bosh_deployment="cf-warden" bosh_job_name="uaa_z1" bosh_job_index="0" filename="/var/vcap/data/sys/log/uaa/uaa.log"] [2016-09-29 20:06:34.817] uaa - 19013 [http-nio-127.0.0.1-8989-exec-7] .... DEBUG --- DispatcherServlet: Successfully completed request

2016-09-29T20:06:37.135352+00:00 05bf1627-ae2f-400c-b1ce-31973a9ff23f - - - [NXLOG@14506 bosh_deployment="cf-warden" bosh_job_name="uaa_z1" bosh_job_index="0" filename="/var/vcap/data/sys/log/uaa/uaa.log"] [2016-09-29 20:06:36.156] uaa - 19013 [pool-2-thread-1] .... DEBUG --- JdbcTemplate: Executing SQL query [select count(*) from oauth_client_details]

2016-09-29T20:06:37.135389+00:00 05bf1627-ae2f-400c-b1ce-31973a9ff23f - - - [NXLOG@14506 bosh_deployment="cf-warden" bosh_job_name="uaa_z1" bosh_job_index="0" filename="/var/vcap/data/sys/log/uaa/uaa.log"] [2016-09-29 20:06:36.159] uaa - 19013 [pool-2-thread-1] .... DEBUG --- JdbcTemplate: Executing SQL query [select count(*) from users]

2016-09-29T20:06:37.134676+00:00 b0fa19c0-86de-4447-a670-3f7adbd0b3c1 - - - [NXLOG@14506 bosh_deployment="cf-warden" bosh_job_name="api_z1" bosh_job_index="0" filename="/var/vcap/data/sys/log/cloud_controller_ng/cloud_controller_ng.log"] {"timestamp":1475179590.9078774,"message":"Statsd: cc.requests.outstanding:-1|c\ncc.requests.completed:1|c\ncc.http_status.2XX:1|c","log_level":"debug","source":"statsd.client","data":{},"thread_id":47062185510360,"fiber_id":47062169423560,"process_id":15535,"file":"/var/vcap/packages/cloud_controller_ng/cloud_controller_ng/vendor/bundle/ruby/2.3.0/gems/statsd-ruby-1.2.1/lib/statsd.rb","lineno":254,"method":"send_to_socket"}

2016-09-29T20:06:37.134687+00:00 b0fa19c0-86de-4447-a670-3f7adbd0b3c1 - - - [NXLOG@14506 bosh_deployment="cf-warden" bosh_job_name="api_z1" bosh_job_index="0" filename="/var/vcap/data/sys/log/cloud_controller_ng/cloud_controller_ng.log"] {"timestamp":1475179593.1446078,"message":"(0.000566s) SELECT * FROM \"delayed_jobs\" WHERE ((((\"run_at\" <= '2016-09-29 20:06:33.143568+0000') AND (\"locked_at\" IS NULL)) OR (\"locked_by\" = 'cc_api_worker.api_z1.0.2')) AND (\"failed_at\" IS NULL) AND (\"queue\" IN ('cc-api_z1-0'))) ORDER BY \"priority\" ASC, \"run_at\" ASC LIMIT 5","log_level":"debug2","source":"cc.background","data":{},"thread_id":47118928261380,"fiber_id":47118965175380,"process_id":15629,"file":"/var/vcap/packages/cloud_controller_ng/cloud_controller_ng/vendor/bundle/ruby/2.3.0/gems/sequel-4.29.0/lib/sequel/database/logging.rb","lineno":70,"method":"block in log_each"}

2016-09-29T20:06:37.134717+00:00 b0fa19c0-86de-4447-a670-3f7adbd0b3c1 - - - [NXLOG@14506 bosh_deployment="cf-warden" bosh_job_name="api_z1" bosh_job_index="0" filename="/var/vcap/data/sys/log/cloud_controller_ng/cloud_controller_ng.log"] {"timestamp":1475179594.401088,"message":"(0.000507s) SELECT * FROM \"delayed_jobs\" WHERE ((((\"run_at\" <= '2016-09-29 20:06:34.400054+0000') AND (\"locked_at\" IS NULL)) OR (\"locked_by\" = 'cc_api_worker.api_z1.0.1')) AND (\"failed_at\" IS NULL) AND (\"queue\" IN ('cc-api_z1-0'))) ORDER BY \"priority\" ASC, \"run_at\" ASC LIMIT 5","log_level":"debug2","source":"cc.background","data":{},"thread_id":47452862460180,"fiber_id":47452899698480,"process_id":15587,"file":"/var/vcap/packages/cloud_controller_ng/cloud_controller_ng/vendor/bundle/ruby/2.3.0/gems/sequel-4.29.0/lib/sequel/database/logging.rb","lineno":70,"method":"block in log_each"}

2016-09-29T20:06:37.134761+00:00 b0fa19c0-86de-4447-a670-3f7adbd0b3c1 - - - [NXLOG@14506 bosh_deployment="cf-warden" bosh_job_name="api_z1" bosh_job_index="0" filename="/var/vcap/data/sys/log/cloud_controller_ng/cloud_controller_ng.log"] {"timestamp":1475179594.4578772,"message":"Statsd: cc.vitals.uptime:1899866|g\ncc.vitals.cpu:0.0|g\ncc.vitals.mem_bytes:150700032|g\ncc.vitals.cpu_load_avg:0.49|g\ncc.vitals.mem_used_bytes:4028731392|g\ncc.vitals.mem_free_bytes:2229317632|g\ncc.vitals.num_cores:4|g","log_level":"debug","source":"statsd.client","data":{},"thread_id":47062143684880,"fiber_id":47062184032460,"process_id":15535,"file":"/var/vcap/packages/cloud_controller_ng/cloud_controller_ng/vendor/bundle/ruby/2.3.0/gems/statsd-ruby-1.2.1/lib/statsd.rb","lineno":254,"method":"send_to_socket"}

2016-09-29T20:06:37.134842+00:00 b0fa19c0-86de-4447-a670-3f7adbd0b3c1 - - - [NXLOG@14506 bosh_deployment="cf-warden" bosh_job_name="api_z1" bosh_job_index="0" filename="/var/vcap/data/sys/log/cloud_controller_ng/cloud_controller_ng.log"] {"timestamp":1475179594.4582,"message":"Statsd: cc.log_count.off:0|g\ncc.log_count.fatal:0|g\ncc.log_count.error:0|g\ncc.log_count.warn:0|g\ncc.log_count.info:45836|g\ncc.log_count.debug:139863|g\ncc.log_count.debug1:0|g\ncc.log_count.debug2:27383|g\ncc.log_count.all:0|g","log_level":"debug","source":"statsd.client","data":{},"thread_id":47062143684880,"fiber_id":47062184032460,"process_id":15535,"file":"/var/vcap/packages/cloud_controller_ng/cloud_controller_ng/vendor/bundle/ruby/2.3.0/gems/statsd-ruby-1.2.1/lib/statsd.rb","lineno":254,"method":"send_to_socket"}

2016-09-29T20:06:37.134866+00:00 b0fa19c0-86de-4447-a670-3f7adbd0b3c1 - - - [NXLOG@14506 bosh_deployment="cf-warden" bosh_job_name="api_z1" bosh_job_index="0" filename="/var/vcap/data/sys/log/cloud_controller_ng/cloud_controller_ng.log"] {"timestamp":1475179594.459507,"message":"(0.000641s) SELECT count(*) AS \"count\" FROM \"tasks\" WHERE (\"state\" = 'RUNNING') LIMIT 1","log_level":"debug2","source":"cc.db","data":{},"thread_id":47062143684880,"fiber_id":47062184032460,"process_id":15535,"file":"/var/vcap/packages/cloud_controller_ng/cloud_controller_ng/vendor/bundle/ruby/2.3.0/gems/sequel-4.29.0/lib/sequel/database/logging.rb","lineno":70,"method":"block in log_each"}

2016-09-29T20:06:37.134935+00:00 b0fa19c0-86de-4447-a670-3f7adbd0b3c1 - - - [NXLOG@14506 bosh_deployment="cf-warden" bosh_job_name="api_z1" bosh_job_index="0" filename="/var/vcap/data/sys/log/cloud_controller_ng/cloud_controller_ng.log"] {"timestamp":1475179594.4599848,"message":"(0.000171s) SELECT sum(\"memory_in_mb\") AS \"sum\" FROM \"tasks\" WHERE (\"state\" = 'RUNNING') LIMIT 1","log_level":"debug2","source":"cc.db","data":{},"thread_id":47062143684880,"fiber_id":47062184032460,"process_id":15535,"file":"/var/vcap/packages/cloud_controller_ng/cloud_controller_ng/vendor/bundle/ruby/2.3.0/gems/sequel-4.29.0/lib/sequel/database/logging.rb","lineno":70,"method":"block in log_each"}

2016-09-29T20:06:37.134976+00:00 b0fa19c0-86de-4447-a670-3f7adbd0b3c1 - - - [NXLOG@14506 bosh_deployment="cf-warden" bosh_job_name="api_z1" bosh_job_index="0" filename="/var/vcap/data/sys/log/cloud_controller_ng/cloud_controller_ng.log"] {"timestamp":1475179594.4601648,"message":"Statsd: cc.tasks_running.count:0|g\ncc.tasks_running.memory_in_mb:0|g","log_level":"debug","source":"statsd.client","data":{},"thread_id":47062143684880,"fiber_id":47062184032460,"process_id":15535,"file":"/var/vcap/packages/cloud_controller_ng/cloud_controller_ng/vendor/bundle/ruby/2.3.0/gems/statsd-ruby-1.2.1/lib/statsd.rb","lineno":254,"method":"send_to_socket"}

2016-09-29T20:06:37.134999+00:00 b0fa19c0-86de-4447-a670-3f7adbd0b3c1 - - - [NXLOG@14506 bosh_deployment="cf-warden" bosh_job_name="api_z1" bosh_job_index="0" filename="/var/vcap/data/sys/log/cloud_controller_ng/cloud_controller_ng.log"] {"timestamp":1475179596.5157065,"message":"(0.000890s) SELECT \"queue\", count(*) AS \"count\" FROM \"delayed_jobs\" WHERE (\"attempts\" = 0) GROUP BY \"queue\"","log_level":"debug2","source":"cc.db","data":{},"thread_id":47062143684880,"fiber_id":47062184032460,"process_id":15535,"file":"/var/vcap/packages/cloud_controller_ng/cloud_controller_ng/vendor/bundle/ruby/2.3.0/gems/sequel-4.29.0/lib/sequel/database/logging.rb","lineno":70,"method":"block in log_each"}

2016-09-29T20:06:37.135010+00:00 b0fa19c0-86de-4447-a670-3f7adbd0b3c1 - - - [NXLOG@14506 bosh_deployment="cf-warden" bosh_job_name="api_z1" bosh_job_index="0" filename="/var/vcap/data/sys/log/cloud_controller_ng/cloud_controller_ng.log"] {"timestamp":1475179596.5161602,"message":"Statsd: cc.job_queue_length.total:0|g\ncc.job_queue_length.total:0|g","log_level":"debug","source":"statsd.client","data":{},"thread_id":47062143684880,"fiber_id":47062184032460,"process_id":15535,"file":"/var/vcap/packages/cloud_controller_ng/cloud_controller_ng/vendor/bundle/ruby/2.3.0/gems/statsd-ruby-1.2.1/lib/statsd.rb","lineno":254,"method":"send_to_socket"}

2016-09-29T20:06:37.135030+00:00 b0fa19c0-86de-4447-a670-3f7adbd0b3c1 - - - [NXLOG@14506 bosh_deployment="cf-warden" bosh_job_name="api_z1" bosh_job_index="0" filename="/var/vcap/data/sys/log/cloud_controller_ng/cloud_controller_ng.log"] {"timestamp":1475179596.5165656,"message":"Statsd: cc.thread_info.thread_count:21|g\ncc.thread_info.event_machine.connection_count:3|g\ncc.thread_info.event_machine.threadqueue.size:0|g\ncc.thread_info.event_machine.threadqueue.num_waiting:20|g\ncc.thread_info.event_machine.resultqueue.size:0|g\ncc.thread_info.event_machine.resultqueue.num_waiting:0|g","log_level":"debug","source":"statsd.client","data":{},"thread_id":47062143684880,"fiber_id":47062184032460,"process_id":15535,"file":"/var/vcap/packages/cloud_controller_ng/cloud_controller_ng/vendor/bundle/ruby/2.3.0/gems/statsd-ruby-1.2.1/lib/statsd.rb","lineno":254,"method":"send_to_socket"}

2016-09-29T20:06:37.135098+00:00 b0fa19c0-86de-4447-a670-3f7adbd0b3c1 - - - [NXLOG@14506 bosh_deployment="cf-warden" bosh_job_name="api_z1" bosh_job_index="0" filename="/var/vcap/data/sys/log/cloud_controller_ng/cloud_controller_ng.log"] {"timestamp":1475179596.5174356,"message":"(0.000335s) SELECT \"queue\", count(*) AS \"count\" FROM \"delayed_jobs\" WHERE (failed_at IS NOT NULL) GROUP BY \"queue\"","log_level":"debug2","source":"cc.db","data":{},"thread_id":47062143684880,"fiber_id":47062184032460,"process_id":15535,"file":"/var/vcap/packages/cloud_controller_ng/cloud_controller_ng/vendor/bundle/ruby/2.3.0/gems/sequel-4.29.0/lib/sequel/database/logging.rb","lineno":70,"method":"block in log_each"}

2016-09-29T20:06:37.135142+00:00 b0fa19c0-86de-4447-a670-3f7adbd0b3c1 - - - [NXLOG@14506 bosh_deployment="cf-warden" bosh_job_name="api_z1" bosh_job_index="0" filename="/var/vcap/data/sys/log/cloud_controller_ng/cloud_controller_ng.log"] {"timestamp":1475179596.5177467,"message":"Statsd: cc.failed_job_count.cc-api_z1-0:2|g\ncc.failed_job_count.total:2|g\ncc.failed_job_count.total:2|g","log_level":"debug","source":"statsd.client","data":{},"thread_id":47062143684880,"fiber_id":47062184032460,"process_id":15535,"file":"/var/vcap/packages/cloud_controller_ng/cloud_controller_ng/vendor/bundle/ruby/2.3.0/gems/statsd-ruby-1.2.1/lib/statsd.rb","lineno":254,"method":"send_to_socket"}

2016-09-29T20:06:37.135323+00:00 152ab062-1f32-4789-910a-13bdc79651b2 - - - [NXLOG@14506 bosh_deployment="cf-warden" bosh_job_name="hm9000_z1" bosh_job_index="0" filename="/var/vcap/data/sys/log/hm9000/hm9000_listener.log"] {"timestamp":"1475179591.813207865","source":"listener","message":"listener.Received a heartbeat","log_level":1,"data":{"Heartbeats Pending Save":"1"}}

2016-09-29T20:06:37.135392+00:00 152ab062-1f32-4789-910a-13bdc79651b2 - - - [NXLOG@14506 bosh_deployment="cf-warden" bosh_job_name="hm9000_z1" bosh_job_index="0" filename="/var/vcap/data/sys/log/hm9000/hm9000_listener.log"] {"timestamp":"1475179591.815937042","source":"listener","message":"listener.Saving Heartbeats","log_level":1,"data":{"Heartbeats to Save":"1"}}

2016-09-29T20:06:37.135631+00:00 152ab062-1f32-4789-910a-13bdc79651b2 - - - [NXLOG@14506 bosh_deployment="cf-warden" bosh_job_name="hm9000_z1" bosh_job_index="0" filename="/var/vcap/data/sys/log/hm9000/hm9000_listener.log"] {"timestamp":"1475179591.822932243","source":"listener","message":"listener.Bumped freshness","log_level":1,"data":{}}

2016-09-29T20:06:37.135703+00:00 152ab062-1f32-4789-910a-13bdc79651b2 - - - [NXLOG@14506 bosh_deployment="cf-warden" bosh_job_name="hm9000_z1" bosh_job_index="0" filename="/var/vcap/data/sys/log/hm9000/hm9000_listener.log"] {"timestamp":"1475179591.823026657","source":"listener","message":"listener.Saved Heartbeats","log_level":1,"data":{"Duration":"7.009518ms","Heartbeats to Save":"1"}}

2016-09-29T20:06:46.984896+00:00 bfc626ef-a2eb-4bad-8f71-fa1d6d0f927f - - - [NXLOG@14506 bosh_deployment="cf-warden" bosh_job_name="loggregator_trafficcontroller_z1" bosh_job_index="0" filename="/var/vcap/data/sys/log/route_registrar/route_registrar.stdout.log"] {"timestamp":"1475179606.733258247","source":"Route Registrar","message":"Route Registrar.no healthchecker found for route","log_level":1,"data":{"route":{"Name":"loggregator","Port":8080,"Tags":null,"URIs":["loggregator.bosh-lite.com"],"RouteServiceUrl":"","RegistrationInterval":20000000000,"HealthCheck":null}}}

2016-09-29T20:06:46.985690+00:00 bfc626ef-a2eb-4bad-8f71-fa1d6d0f927f - - - [NXLOG@14506 bosh_deployment="cf-warden" bosh_job_name="loggregator_trafficcontroller_z1" bosh_job_index="0" filename="/var/vcap/data/sys/log/route_registrar/route_registrar.stdout.log"] {"timestamp":"1475179606.733400106","source":"Route Registrar","message":"Route Registrar.Registering route","log_level":1,"data":{"route":{"Name":"loggregator","Port":8080,"Tags":null,"URIs":["loggregator.bosh-lite.com"],"RouteServiceUrl":"","RegistrationInterval":20000000000,"HealthCheck":null}}}

2016-09-29T20:06:46.985819+00:00 bfc626ef-a2eb-4bad-8f71-fa1d6d0f927f - - - [NXLOG@14506 bosh_deployment="cf-warden" bosh_job_name="loggregator_trafficcontroller_z1" bosh_job_index="0" filename="/var/vcap/data/sys/log/route_registrar/route_registrar.stdout.log"] {"timestamp":"1475179606.733504295","source":"Route Registrar","message":"Route Registrar.Registered routes successfully","log_level":1,"data":{}}

2016-09-29T20:06:56.993781+00:00 fc52b791-0068-48d0-b63d-a9600b8fa32e - - - [NXLOG@14506 bosh_deployment="cf-warden" bosh_job_name="runner_z1" bosh_job_index="0" filename="/var/vcap/data/sys/log/dea_next/dea_next.log"] {"timestamp":1475179611.8188357,"message":"hm9000.heartbeat.accepted","log_level":"debug","source":"Dea::Bootstrap","data":{},"thread_id":47241050154260,"fiber_id":47241051787100,"process_id":6941,"file":"/var/vcap/packages/dea_next/lib/dea/utils/hm9000.rb","lineno":49,"method":"handle_http_response"}

2016-09-29T20:06:57.135535+00:00 152ab062-1f32-4789-910a-13bdc79651b2 - - - [NXLOG@14506 bosh_deployment="cf-warden" bosh_job_name="hm9000_z1" bosh_job_index="0" filename="/var/vcap/data/sys/log/hm9000/hm9000_listener.log"] {"timestamp":"1475179611.818124294","source":"listener","message":"listener.Received a heartbeat","log_level":1,"data":{"Heartbeats Pending Save":"1"}}

2016-09-29T20:06:57.135706+00:00 152ab062-1f32-4789-910a-13bdc79651b2 - - - [NXLOG@14506 bosh_deployment="cf-warden" bosh_job_name="hm9000_z1" bosh_job_index="0" filename="/var/vcap/data/sys/log/hm9000/hm9000_listener.log"] {"timestamp":"1475179612.816153526","source":"listener","message":"listener.Saving Heartbeats","log_level":1,"data":{"Heartbeats to Save":"1"}}

2016-09-29T20:06:57.135791+00:00 152ab062-1f32-4789-910a-13bdc79651b2 - - - [NXLOG@14506 bosh_deployment="cf-warden" bosh_job_name="hm9000_z1" bosh_job_index="0" filename="/var/vcap/data/sys/log/hm9000/hm9000_listener.log"] {"timestamp":"1475179612.823012352","source":"listener","message":"listener.Bumped freshness","log_level":1,"data":{}}

2016-09-29T20:06:57.135847+00:00 152ab062-1f32-4789-910a-13bdc79651b2 - - - [NXLOG@14506 bosh_deployment="cf-warden" bosh_job_name="hm9000_z1" bosh_job_index="0" filename="/var/vcap/data/sys/log/hm9000/hm9000_listener.log"] {"timestamp":"1475179612.823042393","source":"listener","message":"listener.Saved Heartbeats","log_level":1,"data":{"Duration":"6.746307ms","Heartbeats to Save":"1"}}

2016-09-29T20:06:57.135632+00:00 f0562343-642f-42d4-aca5-293abe675815 - - - [NXLOG@14506 bosh_deployment="cf-warden" bosh_job_name="blobstore_z1" bosh_job_index="0" filename="/var/vcap/data/sys/log/route_registrar/route_registrar.stdout.log"] {"timestamp":"1475179608.513108730","source":"Route Registrar","message":"Route Registrar.no healthchecker found for route","log_level":1,"data":{"route":{"Name":"blobstore","Port":80,"Tags":{"component":"blobstore"},"URIs":["blobstore.bosh-lite.com"],"RouteServiceUrl":"","RegistrationInterval":20000000000,"HealthCheck":null}}}

2016-09-29T20:06:57.135783+00:00 f0562343-642f-42d4-aca5-293abe675815 - - - [NXLOG@14506 bosh_deployment="cf-warden" bosh_job_name="blobstore_z1" bosh_job_index="0" filename="/var/vcap/data/sys/log/route_registrar/route_registrar.stdout.log"] {"timestamp":"1475179608.513127565","source":"Route Registrar","message":"Route Registrar.Registering route","log_level":1,"data":{"route":{"Name":"blobstore","Port":80,"Tags":{"component":"blobstore"},"URIs":["blobstore.bosh-lite.com"],"RouteServiceUrl":"","RegistrationInterval":20000000000,"HealthCheck":null}}}

2016-09-29T20:06:57.135945+00:00 f0562343-642f-42d4-aca5-293abe675815 - - - [NXLOG@14506 bosh_deployment="cf-warden" bosh_job_name="blobstore_z1" bosh_job_index="0" filename="/var/vcap/data/sys/log/route_registrar/route_registrar.stdout.log"] {"timestamp":"1475179608.513286114","source":"Route Registrar","message":"Route Registrar.Registered routes successfully","log_level":1,"data":{}}

2016-09-29T20:06:57.135644+00:00 b0fa19c0-86de-4447-a670-3f7adbd0b3c1 - - - [NXLOG@14506 bosh_deployment="cf-warden" bosh_job_name="api_z1" bosh_job_index="0" filename="/var/vcap/data/sys/log/cloud_controller_worker/cloud_controller_worker.log"] {"timestamp":1475179608.2168095,"message":"(0.000659s) SELECT * FROM \"delayed_jobs\" WHERE ((((\"run_at\" <= '2016-09-29 20:06:48.215517+0000') AND (\"locked_at\" IS NULL)) OR (\"locked_by\" = 'cc_global_worker.api_z1.0.1')) AND (\"failed_at\" IS NULL) AND (\"queue\" IN ('cc-generic'))) ORDER BY \"priority\" ASC, \"run_at\" ASC LIMIT 5","log_level":"debug2","source":"cc.background","data":{},"thread_id":47193737007380,"fiber_id":47193773841900,"process_id":15807,"file":"/var/vcap/packages/cloud_controller_ng/cloud_controller_ng/vendor/bundle/ruby/2.3.0/gems/sequel-4.29.0/lib/sequel/database/logging.rb","lineno":70,"method":"block in log_each"}

2016-09-29T20:06:57.135762+00:00 b0fa19c0-86de-4447-a670-3f7adbd0b3c1 - - - [NXLOG@14506 bosh_deployment="cf-warden" bosh_job_name="api_z1" bosh_job_index="0" filename="/var/vcap/data/sys/log/cloud_controller_worker/cloud_controller_worker.log"] {"timestamp":1475179613.240696,"message":"(0.000686s) SELECT * FROM \"delayed_jobs\" WHERE ((((\"run_at\" <= '2016-09-29 20:06:53.238805+0000') AND (\"locked_at\" IS NULL)) OR (\"locked_by\" = 'cc_global_worker.api_z1.0.1')) AND (\"failed_at\" IS NULL) AND (\"queue\" IN ('cc-generic'))) ORDER BY \"priority\" ASC, \"run_at\" ASC LIMIT 5","log_level":"debug2","source":"cc.background","data":{},"thread_id":47193737007380,"fiber_id":47193773841900,"process_id":15807,"file":"/var/vcap/packages/cloud_controller_ng/cloud_controller_ng/vendor/bundle/ruby/2.3.0/gems/sequel-4.29.0/lib/sequel/database/logging.rb","lineno":70,"method":"block in log_each"}

2016-09-29T20:06:57.135835+00:00 b0fa19c0-86de-4447-a670-3f7adbd0b3c1 - - - [NXLOG@14506 bosh_deployment="cf-warden" bosh_job_name="api_z1" bosh_job_index="0" filename="/var/vcap/data/sys/log/nginx_cc/nginx.access.log"] 10.244.0.138 - [29/Sep/2016:20:06:47 +0000] "GET /v2/info HTTP/1.1" 200 802 "-" "monit/5.2.5" 10.244.0.138 vcap_request_id:109e4481-efd0-41db-991a-c3d3edba0de6 response_time:0.004

2016-09-29T20:06:57.135901+00:00 b0fa19c0-86de-4447-a670-3f7adbd0b3c1 - - - [NXLOG@14506 bosh_deployment="cf-warden" bosh_job_name="api_z1" bosh_job_index="0" filename="/var/vcap/data/sys/log/cloud_controller_ng/cloud_controller_ng.log"] {"timestamp":1475179607.3966792,"message":"Statsd: cc.requests.outstanding:1|c","log_level":"debug","source":"statsd.client","data":{},"thread_id":47062185510880,"fiber_id":47062184711880,"process_id":15535,"file":"/var/vcap/packages/cloud_controller_ng/cloud_controller_ng/vendor/bundle/ruby/2.3.0/gems/statsd-ruby-1.2.1/lib/statsd.rb","lineno":254,"method":"send_to_socket"}

2016-09-29T20:06:57.135961+00:00 b0fa19c0-86de-4447-a670-3f7adbd0b3c1 - - - [NXLOG@14506 bosh_deployment="cf-warden" bosh_job_name="api_z1" bosh_job_index="0" filename="/var/vcap/data/sys/log/cloud_controller_ng/cloud_controller_ng.log"] {"timestamp":1475179607.397268,"message":"Started GET \"/v2/info\" for user: , ip: 127.0.0.1 with vcap-request-id: 109e4481-efd0-41db-991a-c3d3edba0de6 at 2016-09-29 20:06:47 UTC","log_level":"info","source":"cc.api","data":{},"thread_id":47062185510880,"fiber_id":47062184711880,"process_id":15535,"file":"/var/vcap/packages/cloud_controller_ng/cloud_controller_ng/middleware/request_logs.rb","lineno":12,"method":"call"}

2016-09-29T20:06:57.136024+00:00 b0fa19c0-86de-4447-a670-3f7adbd0b3c1 - - - [NXLOG@14506 bosh_deployment="cf-warden" bosh_job_name="api_z1" bosh_job_index="0" filename="/var/vcap/data/sys/log/cloud_controller_ng/cloud_controller_ng.log"] {"timestamp":1475179607.3977673,"message":"dispatch VCAP::CloudController::InfoController get /v2/info","log_level":"debug","source":"cc.api","data":{"request_guid":"109e4481-efd0-41db-991a-c3d3edba0de6"},"thread_id":47062185510880,"fiber_id":47062184711880,"process_id":15535,"file":"/var/vcap/data/packages/cloud_controller_ng/f87cb49aa2cd87792cb9c2211a79e1542502be4d.1-b1a5f3c830cb6c32ae9e685628b24aa967f5ae54/cloud_controller_ng/lib/cloud_controller/rest_controller/routes.rb","lineno":12,"method":"block in define_route"}

2016-09-29T20:06:57.136086+00:00 b0fa19c0-86de-4447-a670-3f7adbd0b3c1 - - - [NXLOG@14506 bosh_deployment="cf-warden" bosh_job_name="api_z1" bosh_job_index="0" filename="/var/vcap/data/sys/log/cloud_controller_ng/cloud_controller_ng.log"] {"timestamp":1475179607.3977673,"message":"parse_params: {} ","log_level":"debug","source":"cc.api","data":{"request_guid":"109e4481-efd0-41db-991a-c3d3edba0de6"},"thread_id":47062185510880,"fiber_id":47062184711880,"process_id":15535,"file":"/var/vcap/data/packages/cloud_controller_ng/f87cb49aa2cd87792cb9c2211a79e1542502be4d.1-b1a5f3c830cb6c32ae9e685628b24aa967f5ae54/cloud_controller_ng/lib/cloud_controller/rest_controller/common_params.rb","lineno":10,"method":"parse"}

2016-09-29T20:06:57.136152+00:00 b0fa19c0-86de-4447-a670-3f7adbd0b3c1 - - - [NXLOG@14506 bosh_deployment="cf-warden" bosh_job_name="api_z1" bosh_job_index="0" filename="/var/vcap/data/sys/log/cloud_controller_ng/cloud_controller_ng.log"] {"timestamp":1475179607.3983984,"message":"cc.dispatch","log_level":"debug","source":"cc.api","data":{"request_guid":"109e4481-efd0-41db-991a-c3d3edba0de6","endpoint":"read","args":[]},"thread_id":47062185510880,"fiber_id":47062184711880,"process_id":15535,"file":"/var/vcap/data/packages/cloud_controller_ng/f87cb49aa2cd87792cb9c2211a79e1542502be4d.1-b1a5f3c830cb6c32ae9e685628b24aa967f5ae54/cloud_controller_ng/app/controllers/base/base_controller.rb","lineno":78,"method":"dispatch"}

2016-09-29T20:06:57.136241+00:00 b0fa19c0-86de-4447-a670-3f7adbd0b3c1 - - - [NXLOG@14506 bosh_deployment="cf-warden" bosh_job_name="api_z1" bosh_job_index="0" filename="/var/vcap/data/sys/log/cloud_controller_ng/cloud_controller_ng.log"] {"timestamp":1475179607.3987381,"message":"Completed 200 vcap-request-id: 109e4481-efd0-41db-991a-c3d3edba0de6","log_level":"info","source":"cc.api","data":{},"thread_id":47062185510880,"fiber_id":47062184711880,"process_id":15535,"file":"/var/vcap/packages/cloud_controller_ng/cloud_controller_ng/middleware/request_logs.rb","lineno":24,"method":"call"}

2016-09-29T20:06:57.136300+00:00 b0fa19c0-86de-4447-a670-3f7adbd0b3c1 - - - [NXLOG@14506 bosh_deployment="cf-warden" bosh_job_name="api_z1" bosh_job_index="0" filename="/var/vcap/data/sys/log/cloud_controller_ng/cloud_controller_ng.log"] {"timestamp":1475179607.3988893,"message":"Statsd: cc.requests.outstanding:-1|c\ncc.requests.completed:1|c\ncc.http_status.2XX:1|c","log_level":"debug","source":"statsd.client","data":{},"thread_id":47062185510880,"fiber_id":47062184711880,"process_id":15535,"file":"/var/vcap/packages/cloud_controller_ng/cloud_controller_ng/vendor/bundle/ruby/2.3.0/gems/statsd-ruby-1.2.1/lib/statsd.rb","lineno":254,"method":"send_to_socket"}

2016-09-29T20:06:57.136387+00:00 b0fa19c0-86de-4447-a670-3f7adbd0b3c1 - - - [NXLOG@14506 bosh_deployment="cf-warden" bosh_job_name="api_z1" bosh_job_index="0" filename="/var/vcap/data/sys/log/cloud_controller_ng/cloud_controller_ng.log"] {"timestamp":1475179608.2177782,"message":"(0.000580s) SELECT * FROM \"delayed_jobs\" WHERE ((((\"run_at\" <= '2016-09-29 20:06:48.216488+0000') AND (\"locked_at\" IS NULL)) OR (\"locked_by\" = 'cc_api_worker.api_z1.0.2')) AND (\"failed_at\" IS NULL) AND (\"queue\" IN ('cc-api_z1-0'))) ORDER BY \"priority\" ASC, \"run_at\" ASC LIMIT 5","log_level":"debug2","source":"cc.background","data":{},"thread_id":47118928261380,"fiber_id":47118965175380,"process_id":15629,"file":"/var/vcap/packages/cloud_controller_ng/cloud_controller_ng/vendor/bundle/ruby/2.3.0/gems/sequel-4.29.0/lib/sequel/database/logging.rb","lineno":70,"method":"block in log_each"}

2016-09-29T20:06:57.136447+00:00 b0fa19c0-86de-4447-a670-3f7adbd0b3c1 - - - [NXLOG@14506 bosh_deployment="cf-warden" bosh_job_name="api_z1" bosh_job_index="0" filename="/var/vcap/data/sys/log/cloud_controller_ng/cloud_controller_ng.log"] {"timestamp":1475179609.463539,"message":"(0.000539s) SELECT * FROM \"delayed_jobs\" WHERE ((((\"run_at\" <= '2016-09-29 20:06:49.462576+0000') AND (\"locked_at\" IS NULL)) OR (\"locked_by\" = 'cc_api_worker.api_z1.0.1')) AND (\"failed_at\" IS NULL) AND (\"queue\" IN ('cc-api_z1-0'))) ORDER BY \"priority\" ASC, \"run_at\" ASC LIMIT 5","log_level":"debug2","source":"cc.background","data":{},"thread_id":47452862460180,"fiber_id":47452899698480,"process_id":15587,"file":"/var/vcap/packages/cloud_controller_ng/cloud_controller_ng/vendor/bundle/ruby/2.3.0/gems/sequel-4.29.0/lib/sequel/database/logging.rb","lineno":70,"method":"block in log_each"}

2016-09-29T20:06:57.136504+00:00 b0fa19c0-86de-4447-a670-3f7adbd0b3c1 - - - [NXLOG@14506 bosh_deployment="cf-warden" bosh_job_name="api_z1" bosh_job_index="0" filename="/var/vcap/data/sys/log/cloud_controller_ng/cloud_controller_ng.log"] {"timestamp":1475179613.2411125,"message":"(0.000400s) SELECT * FROM \"delayed_jobs\" WHERE ((((\"run_at\" <= '2016-09-29 20:06:53.240183+0000') AND (\"locked_at\" IS NULL)) OR (\"locked_by\" = 'cc_api_worker.api_z1.0.2')) AND (\"failed_at\" IS NULL) AND (\"queue\" IN ('cc-api_z1-0'))) ORDER BY \"priority\" ASC, \"run_at\" ASC LIMIT 5","log_level":"debug2","source":"cc.background","data":{},"thread_id":47118928261380,"fiber_id":47118965175380,"process_id":15629,"file":"/var/vcap/packages/cloud_controller_ng/cloud_controller_ng/vendor/bundle/ruby/2.3.0/gems/sequel-4.29.0/lib/sequel/database/logging.rb","lineno":70,"method":"block in log_each"}

2016-09-29T20:06:57.136586+00:00 b0fa19c0-86de-4447-a670-3f7adbd0b3c1 - - - [NXLOG@14506 bosh_deployment="cf-warden" bosh_job_name="api_z1" bosh_job_index="0" filename="/var/vcap/data/sys/log/cloud_controller_ng/cloud_controller_ng.log"] {"timestamp":1475179614.48486,"message":"(0.000535s) SELECT * FROM \"delayed_jobs\" WHERE ((((\"run_at\" <= '2016-09-29 20:06:54.483828+0000') AND (\"locked_at\" IS NULL)) OR (\"locked_by\" = 'cc_api_worker.api_z1.0.1')) AND (\"failed_at\" IS NULL) AND (\"queue\" IN ('cc-api_z1-0'))) ORDER BY \"priority\" ASC, \"run_at\" ASC LIMIT 5","log_level":"debug2","source":"cc.background","data":{},"thread_id":47452862460180,"fiber_id":47452899698480,"process_id":15587,"file":"/var/vcap/packages/cloud_controller_ng/cloud_controller_ng/vendor/bundle/ruby/2.3.0/gems/sequel-4.29.0/lib/sequel/database/logging.rb","lineno":70,"method":"block in log_each"}

2016-09-29T20:06:57.137317+00:00 05bf1627-ae2f-400c-b1ce-31973a9ff23f - - - [NXLOG@14506 bosh_deployment="cf-warden" bosh_job_name="uaa_z1" bosh_job_index="0" filename="/var/vcap/data/sys/log/uaa/localhost_access.log"] 127.0.0.1 - - [29/Sep/2016:20:06:38 +0000] "GET /healthz HTTP/1.1" 200 3

2016-09-29T20:06:57.137422+00:00 05bf1627-ae2f-400c-b1ce-31973a9ff23f - - - [NXLOG@14506 bosh_deployment="cf-warden" bosh_job_name="uaa_z1" bosh_job_index="0" filename="/var/vcap/data/sys/log/uaa/localhost_access.log"] 127.0.0.1 - - [29/Sep/2016:20:06:40 +0000] "GET /healthz HTTP/1.1" 200 3

2016-09-29T20:06:57.137483+00:00 05bf1627-ae2f-400c-b1ce-31973a9ff23f - - - [NXLOG@14506 bosh_deployment="cf-warden" bosh_job_name="uaa_z1" bosh_job_index="0" filename="/var/vcap/data/sys/log/uaa/localhost_access.log"] 127.0.0.1 - - [29/Sep/2016:20:06:42 +0000] "GET /healthz HTTP/1.1" 200 3

2016-09-29T20:06:57.137705+00:00 05bf1627-ae2f-400c-b1ce-31973a9ff23f - - - [NXLOG@14506 bosh_deployment="cf-warden" bosh_job_name="uaa_z1" bosh_job_index="0" filename="/var/vcap/data/sys/log/uaa/localhost_access.log"] 127.0.0.1 - - [29/Sep/2016:20:06:46 +0000] "GET /healthz HTTP/1.1" 200 3

2016-09-29T20:06:57.137784+00:00 05bf1627-ae2f-400c-b1ce-31973a9ff23f - - - [NXLOG@14506 bosh_deployment="cf-warden" bosh_job_name="uaa_z1" bosh_job_index="0" filename="/var/vcap/data/sys/log/route_registrar/route_registrar.stdout.log"] {"timestamp":"1475179610.808111429","source":"Route Registrar","message":"Route Registrar.Executing script","log_level":1,"data":{"scriptPath":"/var/vcap/jobs/uaa/bin/health_check"}}

2016-09-29T20:06:57.137842+00:00 05bf1627-ae2f-400c-b1ce-31973a9ff23f - - - [NXLOG@14506 bosh_deployment="cf-warden" bosh_job_name="uaa_z1" bosh_job_index="0" filename="/var/vcap/data/sys/log/route_registrar/route_registrar.stdout.log"] {"timestamp":"1475179610.820701599","source":"Route Registrar","message":"Route Registrar.Script exited without error","log_level":1,"data":{"script":"/var/vcap/jobs/uaa/bin/health_check","stderr":"  % Total    % Received % Xferd  Average Speed   Time    Time     Time  Current\n                                 Dload  Upload   Total   Spent    Left  Speed\n\r  0     0    0     0    0     0      0      0 --:--:-- --:--:-- --:--:--     0\r100     3  100     3    0     0   1795      0 --:--:-- --:--:-- --:--:--  3000\n","stdout":""}}

2016-09-29T20:06:57.137973+00:00 05bf1627-ae2f-400c-b1ce-31973a9ff23f - - - [NXLOG@14506 bosh_deployment="cf-warden" bosh_job_name="uaa_z1" bosh_job_index="0" filename="/var/vcap/data/sys/log/route_registrar/route_registrar.stdout.log"] {"timestamp":"1475179610.820781231","source":"Route Registrar","message":"Route Registrar.healthchecker returned healthy for route","log_level":1,"data":{"route":{"Name":"uaa","Port":8080,"Tags":{"component":"uaa"},"URIs":["uaa.bosh-lite.com","*.uaa.bosh-lite.com","login.bosh-lite.com","*.login.bosh-lite.com"],"RouteServiceUrl":"","RegistrationInterval":4000000000,"HealthCheck":{"Name":"uaa-healthcheck","ScriptPath":"/var/vcap/jobs/uaa/bin/health_check","Timeout":2000000000}}}}

2016-09-29T20:06:57.138136+00:00 05bf1627-ae2f-400c-b1ce-31973a9ff23f - - - [NXLOG@14506 bosh_deployment="cf-warden" bosh_job_name="uaa_z1" bosh_job_index="0" filename="/var/vcap/data/sys/log/route_registrar/route_registrar.stdout.log"] {"timestamp":"1475179610.820812464","source":"Route Registrar","message":"Route Registrar.Registering route","log_level":1,"data":{"route":{"Name":"uaa","Port":8080,"Tags":{"component":"uaa"},"URIs":["uaa.bosh-lite.com","*.uaa.bosh-lite.com","login.bosh-lite.com","*.login.bosh-lite.com"],"RouteServiceUrl":"","RegistrationInterval":4000000000,"HealthCheck":{"Name":"uaa-healthcheck","ScriptPath":"/var/vcap/jobs/uaa/bin/health_check","Timeout":2000000000}}}}

2016-09-29T20:06:57.138239+00:00 05bf1627-ae2f-400c-b1ce-31973a9ff23f - - - [NXLOG@14506 bosh_deployment="cf-warden" bosh_job_name="uaa_z1" bosh_job_index="0" filename="/var/vcap/data/sys/log/route_registrar/route_registrar.stdout.log"] {"timestamp":"1475179610.820880175","source":"Route Registrar","message":"Route Registrar.Registered routes successfully","log_level":1,"data":{}}

2016-09-29T20:06:57.138305+00:00 05bf1627-ae2f-400c-b1ce-31973a9ff23f - - - [NXLOG@14506 bosh_deployment="cf-warden" bosh_job_name="uaa_z1" bosh_job_index="0" filename="/var/vcap/data/sys/log/route_registrar/route_registrar.stdout.log"] {"timestamp":"1475179614.808386803","source":"Route Registrar","message":"Route Registrar.Executing script","log_level":1,"data":{"scriptPath":"/var/vcap/jobs/uaa/bin/health_check"}}

2016-09-29T20:06:57.138369+00:00 05bf1627-ae2f-400c-b1ce-31973a9ff23f - - - [NXLOG@14506 bosh_deployment="cf-warden" bosh_job_name="uaa_z1" bosh_job_index="0" filename="/var/vcap/data/sys/log/route_registrar/route_registrar.stdout.log"] {"timestamp":"1475179614.821216345","source":"Route Registrar","message":"Route Registrar.Script exited without error","log_level":1,"data":{"script":"/var/vcap/jobs/uaa/bin/health_check","stderr":"  % Total    % Received % Xferd  Average Speed   Time    Time     Time  Current\n                                 Dload  Upload   Total   Spent    Left  Speed\n\r  0     0    0     0    0     0      0      0 --:--:-- --:--:-- --:--:--     0\r100     3  100     3    0     0   1397      0 --:--:-- --:--:-- --:--:--  3000\n","stdout":""}}

2016-09-29T20:06:57.138434+00:00 05bf1627-ae2f-400c-b1ce-31973a9ff23f - - - [NXLOG@14506 bosh_deployment="cf-warden" bosh_job_name="uaa_z1" bosh_job_index="0" filename="/var/vcap/data/sys/log/route_registrar/route_registrar.stdout.log"] {"timestamp":"1475179614.821320534","source":"Route Registrar","message":"Route Registrar.healthchecker returned healthy for route","log_level":1,"data":{"route":{"Name":"uaa","Port":8080,"Tags":{"component":"uaa"},"URIs":["uaa.bosh-lite.com","*.uaa.bosh-lite.com","login.bosh-lite.com","*.login.bosh-lite.com"],"RouteServiceUrl":"","RegistrationInterval":4000000000,"HealthCheck":{"Name":"uaa-healthcheck","ScriptPath":"/var/vcap/jobs/uaa/bin/health_check","Timeout":2000000000}}}}

2016-09-29T20:06:57.138521+00:00 05bf1627-ae2f-400c-b1ce-31973a9ff23f - - - [NXLOG@14506 bosh_deployment="cf-warden" bosh_job_name="uaa_z1" bosh_job_index="0" filename="/var/vcap/data/sys/log/route_registrar/route_registrar.stdout.log"] {"timestamp":"1475179614.821352959","source":"Route Registrar","message":"Route Registrar.Registering route","log_level":1,"data":{"route":{"Name":"uaa","Port":8080,"Tags":{"component":"uaa"},"URIs":["uaa.bosh-lite.com","*.uaa.bosh-lite.com","login.bosh-lite.com","*.login.bosh-lite.com"],"RouteServiceUrl":"","RegistrationInterval":4000000000,"HealthCheck":{"Name":"uaa-healthcheck","ScriptPath":"/var/vcap/jobs/uaa/bin/health_check","Timeout":2000000000}}}}

2016-09-29T20:06:57.138588+00:00 05bf1627-ae2f-400c-b1ce-31973a9ff23f - - - [NXLOG@14506 bosh_deployment="cf-warden" bosh_job_name="uaa_z1" bosh_job_index="0" filename="/var/vcap/data/sys/log/route_registrar/route_registrar.stdout.log"] {"timestamp":"1475179614.821423054","source":"Route Registrar","message":"Route Registrar.Registered routes successfully","log_level":1,"data":{}}

2016-09-29T20:06:57.138702+00:00 05bf1627-ae2f-400c-b1ce-31973a9ff23f - - - [NXLOG@14506 bosh_deployment="cf-warden" bosh_job_name="uaa_z1" bosh_job_index="0" filename="/var/vcap/data/sys/log/uaa/uaa.log"] [2016-09-29 20:06:50.813] uaa - 19013 [http-nio-127.0.0.1-8989-exec-8] .... DEBUG --- AntPathRequestMatcher: Checking match of request : '/healthz'; against '/resources/**'

2016-09-29T20:06:57.138823+00:00 05bf1627-ae2f-400c-b1ce-31973a9ff23f - - - [NXLOG@14506 bosh_deployment="cf-warden" bosh_job_name="uaa_z1" bosh_job_index="0" filename="/var/vcap/data/sys/log/uaa/uaa.log"] [2016-09-29 20:06:50.813] uaa - 19013 [http-nio-127.0.0.1-8989-exec-8] .... DEBUG --- AntPathRequestMatcher: Checking match of request : '/healthz'; against '/square-logo.png'

2016-09-29T20:06:57.139040+00:00 05bf1627-ae2f-400c-b1ce-31973a9ff23f - - - [NXLOG@14506 bosh_deployment="cf-warden" bosh_job_name="uaa_z1" bosh_job_index="0" filename="/var/vcap/data/sys/log/uaa/uaa.log"] [2016-09-29 20:06:50.813] uaa - 19013 [http-nio-127.0.0.1-8989-exec-8] .... DEBUG --- AntPathRequestMatcher: Checking match of request : '/healthz'; against '/info'

2016-09-29T20:06:57.139079+00:00 05bf1627-ae2f-400c-b1ce-31973a9ff23f - - - [NXLOG@14506 bosh_deployment="cf-warden" bosh_job_name="uaa_z1" bosh_job_index="0" filename="/var/vcap/data/sys/log/uaa/uaa.log"] [2016-09-29 20:06:50.813] uaa - 19013 [http-nio-127.0.0.1-8989-exec-8] .... DEBUG --- AntPathRequestMatcher: Checking match of request : '/healthz'; against '/password/**'

2016-09-29T20:06:57.139092+00:00 05bf1627-ae2f-400c-b1ce-31973a9ff23f - - - [NXLOG@14506 bosh_deployment="cf-warden" bosh_job_name="uaa_z1" bosh_job_index="0" filename="/var/vcap/data/sys/log/uaa/uaa.log"] [2016-09-29 20:06:50.813] uaa - 19013 [http-nio-127.0.0.1-8989-exec-8] .... DEBUG --- AntPathRequestMatcher: Checking match of request : '/healthz'; against '/healthz/**'

2016-09-29T20:06:57.139103+00:00 05bf1627-ae2f-400c-b1ce-31973a9ff23f - - - [NXLOG@14506 bosh_deployment="cf-warden" bosh_job_name="uaa_z1" bosh_job_index="0" filename="/var/vcap/data/sys/log/uaa/uaa.log"] [2016-09-29 20:06:50.813] uaa - 19013 [http-nio-127.0.0.1-8989-exec-8] .... DEBUG --- FilterChainProxy: /healthz has an empty filter list

2016-09-29T20:06:57.139113+00:00 05bf1627-ae2f-400c-b1ce-31973a9ff23f - - - [NXLOG@14506 bosh_deployment="cf-warden" bosh_job_name="uaa_z1" bosh_job_index="0" filename="/var/vcap/data/sys/log/uaa/uaa.log"] [2016-09-29 20:06:50.813] uaa - 19013 [http-nio-127.0.0.1-8989-exec-8] .... DEBUG --- DispatcherServlet: DispatcherServlet with name 'spring' processing GET request for [/healthz]

2016-09-29T20:06:57.139144+00:00 05bf1627-ae2f-400c-b1ce-31973a9ff23f - - - [NXLOG@14506 bosh_deployment="cf-warden" bosh_job_name="uaa_z1" bosh_job_index="0" filename="/var/vcap/data/sys/log/uaa/uaa.log"] [2016-09-29 20:06:50.813] uaa - 19013 [http-nio-127.0.0.1-8989-exec-8] .... DEBUG --- DispatcherServlet: Last-Modified value for [/healthz] is: -1

2016-09-29T20:06:57.139160+00:00 05bf1627-ae2f-400c-b1ce-31973a9ff23f - - - [NXLOG@14506 bosh_deployment="cf-warden" bosh_job_name="uaa_z1" bosh_job_index="0" filename="/var/vcap/data/sys/log/uaa/uaa.log"] [2016-09-29 20:06:50.814] uaa - 19013 [http-nio-127.0.0.1-8989-exec-8] .... DEBUG --- RequestResponseBodyMethodProcessor: Written [ok

2016-09-29T20:06:57.139181+00:00 05bf1627-ae2f-400c-b1ce-31973a9ff23f - - - [NXLOG@14506 bosh_deployment="cf-warden" bosh_job_name="uaa_z1" bosh_job_index="0" filename="/var/vcap/data/sys/log/uaa/uaa.log"] ] as "text/plain;charset=ISO-8859-1" using [org.springframework.http.converter.StringHttpMessageConverter@178b2baf]

2016-09-29T20:06:57.139190+00:00 05bf1627-ae2f-400c-b1ce-31973a9ff23f - - - [NXLOG@14506 bosh_deployment="cf-warden" bosh_job_name="uaa_z1" bosh_job_index="0" filename="/var/vcap/data/sys/log/uaa/uaa.log"] [2016-09-29 20:06:50.814] uaa - 19013 [http-nio-127.0.0.1-8989-exec-8] .... DEBUG --- DispatcherServlet: Null ModelAndView returned to DispatcherServlet with name 'spring': assuming HandlerAdapter completed request handling

2016-09-29T20:06:57.139200+00:00 05bf1627-ae2f-400c-b1ce-31973a9ff23f - - - [NXLOG@14506 bosh_deployment="cf-warden" bosh_job_name="uaa_z1" bosh_job_index="0" filename="/var/vcap/data/sys/log/uaa/uaa.log"] [2016-09-29 20:06:50.814] uaa - 19013 [http-nio-127.0.0.1-8989-exec-8] .... DEBUG --- DispatcherServlet: Successfully completed request

2016-09-29T20:06:57.139210+00:00 05bf1627-ae2f-400c-b1ce-31973a9ff23f - - - [NXLOG@14506 bosh_deployment="cf-warden" bosh_job_name="uaa_z1" bosh_job_index="0" filename="/var/vcap/data/sys/log/uaa/uaa.log"] [2016-09-29 20:06:50.819] uaa - 19013 [http-nio-127.0.0.1-8989-exec-7] .... DEBUG --- AntPathRequestMatcher: Checking match of request : '/healthz'; against '/resources/**'

2016-09-29T20:06:57.139221+00:00 05bf1627-ae2f-400c-b1ce-31973a9ff23f - - - [NXLOG@14506 bosh_deployment="cf-warden" bosh_job_name="uaa_z1" bosh_job_index="0" filename="/var/vcap/data/sys/log/uaa/uaa.log"] [2016-09-29 20:06:50.819] uaa - 19013 [http-nio-127.0.0.1-8989-exec-7] .... DEBUG --- AntPathRequestMatcher: Checking match of request : '/healthz'; against '/square-logo.png'

2016-09-29T20:06:57.139230+00:00 05bf1627-ae2f-400c-b1ce-31973a9ff23f - - - [NXLOG@14506 bosh_deployment="cf-warden" bosh_job_name="uaa_z1" bosh_job_index="0" filename="/var/vcap/data/sys/log/uaa/uaa.log"] [2016-09-29 20:06:50.819] uaa - 19013 [http-nio-127.0.0.1-8989-exec-7] .... DEBUG --- AntPathRequestMatcher: Checking match of request : '/healthz'; against '/info'

2016-09-29T20:06:57.139284+00:00 05bf1627-ae2f-400c-b1ce-31973a9ff23f - - - [NXLOG@14506 bosh_deployment="cf-warden" bosh_job_name="uaa_z1" bosh_job_index="0" filename="/var/vcap/data/sys/log/uaa/uaa.log"] [2016-09-29 20:06:50.819] uaa - 19013 [http-nio-127.0.0.1-8989-exec-7] .... DEBUG --- AntPathRequestMatcher: Checking match of request : '/healthz'; against '/password/**'

2016-09-29T20:06:57.139758+00:00 05bf1627-ae2f-400c-b1ce-31973a9ff23f - - - [NXLOG@14506 bosh_deployment="cf-warden" bosh_job_name="uaa_z1" bosh_job_index="0" filename="/var/vcap/data/sys/log/uaa/uaa.log"] [2016-09-29 20:06:50.819] uaa - 19013 [http-nio-127.0.0.1-8989-exec-7] .... DEBUG --- AntPathRequestMatcher: Checking match of request : '/healthz'; against '/healthz/**'

2016-09-29T20:06:57.139868+00:00 05bf1627-ae2f-400c-b1ce-31973a9ff23f - - - [NXLOG@14506 bosh_deployment="cf-warden" bosh_job_name="uaa_z1" bosh_job_index="0" filename="/var/vcap/data/sys/log/uaa/uaa.log"] [2016-09-29 20:06:50.819] uaa - 19013 [http-nio-127.0.0.1-8989-exec-7] .... DEBUG --- FilterChainProxy: /healthz has an empty filter list

2016-09-29T20:06:57.139884+00:00 05bf1627-ae2f-400c-b1ce-31973a9ff23f - - - [NXLOG@14506 bosh_deployment="cf-warden" bosh_job_name="uaa_z1" bosh_job_index="0" filename="/var/vcap/data/sys/log/uaa/uaa.log"] [2016-09-29 20:06:50.819] uaa - 19013 [http-nio-127.0.0.1-8989-exec-7] .... DEBUG --- DispatcherServlet: DispatcherServlet with name 'spring' processing GET request for [/healthz]

2016-09-29T20:06:57.139902+00:00 05bf1627-ae2f-400c-b1ce-31973a9ff23f - - - [NXLOG@14506 bosh_deployment="cf-warden" bosh_job_name="uaa_z1" bosh_job_index="0" filename="/var/vcap/data/sys/log/uaa/uaa.log"] [2016-09-29 20:06:50.819] uaa - 19013 [http-nio-127.0.0.1-8989-exec-7] .... DEBUG --- DispatcherServlet: Last-Modified value for [/healthz] is: -1

2016-09-29T20:06:57.139912+00:00 05bf1627-ae2f-400c-b1ce-31973a9ff23f - - - [NXLOG@14506 bosh_deployment="cf-warden" bosh_job_name="uaa_z1" bosh_job_index="0" filename="/var/vcap/data/sys/log/uaa/uaa.log"] [2016-09-29 20:06:50.819] uaa - 19013 [http-nio-127.0.0.1-8989-exec-7] .... DEBUG --- RequestResponseBodyMethodProcessor: Written [ok

2016-09-29T20:06:57.139922+00:00 05bf1627-ae2f-400c-b1ce-31973a9ff23f - - - [NXLOG@14506 bosh_deployment="cf-warden" bosh_job_name="uaa_z1" bosh_job_index="0" filename="/var/vcap/data/sys/log/uaa/uaa.log"] ] as "text/plain;charset=ISO-8859-1" using [org.springframework.http.converter.StringHttpMessageConverter@178b2baf]

2016-09-29T20:06:57.139936+00:00 05bf1627-ae2f-400c-b1ce-31973a9ff23f - - - [NXLOG@14506 bosh_deployment="cf-warden" bosh_job_name="uaa_z1" bosh_job_index="0" filename="/var/vcap/data/sys/log/uaa/uaa.log"] [2016-09-29 20:06:50.819] uaa - 19013 [http-nio-127.0.0.1-8989-exec-7] .... DEBUG --- DispatcherServlet: Null ModelAndView returned to DispatcherServlet with name 'spring': assuming HandlerAdapter completed request handling

2016-09-29T20:06:57.139945+00:00 05bf1627-ae2f-400c-b1ce-31973a9ff23f - - - [NXLOG@14506 bosh_deployment="cf-warden" bosh_job_name="uaa_z1" bosh_job_index="0" filename="/var/vcap/data/sys/log/uaa/uaa.log"] [2016-09-29 20:06:50.819] uaa - 19013 [http-nio-127.0.0.1-8989-exec-7] .... DEBUG --- DispatcherServlet: Successfully completed request

2016-09-29T20:06:57.139954+00:00 05bf1627-ae2f-400c-b1ce-31973a9ff23f - - - [NXLOG@14506 bosh_deployment="cf-warden" bosh_job_name="uaa_z1" bosh_job_index="0" filename="/var/vcap/data/sys/log/uaa/uaa.log"] [2016-09-29 20:06:51.157] uaa - 19013 [pool-2-thread-1] .... DEBUG --- JdbcTemplate: Executing SQL query [select count(*) from oauth_client_details]

2016-09-29T20:06:57.139965+00:00 05bf1627-ae2f-400c-b1ce-31973a9ff23f - - - [NXLOG@14506 bosh_deployment="cf-warden" bosh_job_name="uaa_z1" bosh_job_index="0" filename="/var/vcap/data/sys/log/uaa/uaa.log"] [2016-09-29 20:06:51.158] uaa - 19013 [pool-2-thread-1] .... DEBUG --- JdbcTemplate: Executing SQL query [select count(*) from users]

2016-09-29T20:06:57.139974+00:00 05bf1627-ae2f-400c-b1ce-31973a9ff23f - - - [NXLOG@14506 bosh_deployment="cf-warden" bosh_job_name="uaa_z1" bosh_job_index="0" filename="/var/vcap/data/sys/log/uaa/uaa.log"] [2016-09-29 20:06:54.818] uaa - 19013 [http-nio-127.0.0.1-8989-exec-4] .... DEBUG --- AntPathRequestMatcher: Checking match of request : '/healthz'; against '/resources/**'

2016-09-29T20:06:57.139983+00:00 05bf1627-ae2f-400c-b1ce-31973a9ff23f - - - [NXLOG@14506 bosh_deployment="cf-warden" bosh_job_name="uaa_z1" bosh_job_index="0" filename="/var/vcap/data/sys/log/uaa/uaa.log"] [2016-09-29 20:06:54.818] uaa - 19013 [http-nio-127.0.0.1-8989-exec-4] .... DEBUG --- AntPathRequestMatcher: Checking match of request : '/healthz'; against '/square-logo.png'

2016-09-29T20:06:57.139993+00:00 05bf1627-ae2f-400c-b1ce-31973a9ff23f - - - [NXLOG@14506 bosh_deployment="cf-warden" bosh_job_name="uaa_z1" bosh_job_index="0" filename="/var/vcap/data/sys/log/uaa/uaa.log"] [2016-09-29 20:06:54.818] uaa - 19013 [http-nio-127.0.0.1-8989-exec-4] .... DEBUG --- AntPathRequestMatcher: Checking match of request : '/healthz'; against '/info'

2016-09-29T20:06:57.140002+00:00 05bf1627-ae2f-400c-b1ce-31973a9ff23f - - - [NXLOG@14506 bosh_deployment="cf-warden" bosh_job_name="uaa_z1" bosh_job_index="0" filename="/var/vcap/data/sys/log/uaa/uaa.log"] [2016-09-29 20:06:54.818] uaa - 19013 [http-nio-127.0.0.1-8989-exec-4] .... DEBUG --- AntPathRequestMatcher: Checking match of request : '/healthz'; against '/password/**'

2016-09-29T20:06:57.140011+00:00 05bf1627-ae2f-400c-b1ce-31973a9ff23f - - - [NXLOG@14506 bosh_deployment="cf-warden" bosh_job_name="uaa_z1" bosh_job_index="0" filename="/var/vcap/data/sys/log/uaa/uaa.log"] [2016-09-29 20:06:54.818] uaa - 19013 [http-nio-127.0.0.1-8989-exec-4] .... DEBUG --- AntPathRequestMatcher: Checking match of request : '/healthz'; against '/healthz/**'

2016-09-29T20:06:57.140021+00:00 05bf1627-ae2f-400c-b1ce-31973a9ff23f - - - [NXLOG@14506 bosh_deployment="cf-warden" bosh_job_name="uaa_z1" bosh_job_index="0" filename="/var/vcap/data/sys/log/uaa/uaa.log"] [2016-09-29 20:06:54.818] uaa - 19013 [http-nio-127.0.0.1-8989-exec-4] .... DEBUG --- FilterChainProxy: /healthz has an empty filter list

2016-09-29T20:06:57.140030+00:00 05bf1627-ae2f-400c-b1ce-31973a9ff23f - - - [NXLOG@14506 bosh_deployment="cf-warden" bosh_job_name="uaa_z1" bosh_job_index="0" filename="/var/vcap/data/sys/log/uaa/uaa.log"] [2016-09-29 20:06:54.818] uaa - 19013 [http-nio-127.0.0.1-8989-exec-4] .... DEBUG --- DispatcherServlet: DispatcherServlet with name 'spring' processing GET request for [/healthz]

2016-09-29T20:06:57.140040+00:00 05bf1627-ae2f-400c-b1ce-31973a9ff23f - - - [NXLOG@14506 bosh_deployment="cf-warden" bosh_job_name="uaa_z1" bosh_job_index="0" filename="/var/vcap/data/sys/log/uaa/uaa.log"] [2016-09-29 20:06:54.819] uaa - 19013 [http-nio-127.0.0.1-8989-exec-4] .... DEBUG --- DispatcherServlet: Last-Modified value for [/healthz] is: -1

2016-09-29T20:06:57.140050+00:00 05bf1627-ae2f-400c-b1ce-31973a9ff23f - - - [NXLOG@14506 bosh_deployment="cf-warden" bosh_job_name="uaa_z1" bosh_job_index="0" filename="/var/vcap/data/sys/log/uaa/uaa.log"] [2016-09-29 20:06:54.819] uaa - 19013 [http-nio-127.0.0.1-8989-exec-4] .... DEBUG --- RequestResponseBodyMethodProcessor: Written [ok

2016-09-29T20:06:57.140059+00:00 05bf1627-ae2f-400c-b1ce-31973a9ff23f - - - [NXLOG@14506 bosh_deployment="cf-warden" bosh_job_name="uaa_z1" bosh_job_index="0" filename="/var/vcap/data/sys/log/uaa/uaa.log"] ] as "text/plain;charset=ISO-8859-1" using [org.springframework.http.converter.StringHttpMessageConverter@178b2baf]

2016-09-29T20:06:57.140073+00:00 05bf1627-ae2f-400c-b1ce-31973a9ff23f - - - [NXLOG@14506 bosh_deployment="cf-warden" bosh_job_name="uaa_z1" bosh_job_index="0" filename="/var/vcap/data/sys/log/uaa/uaa.log"] [2016-09-29 20:06:54.819] uaa - 19013 [http-nio-127.0.0.1-8989-exec-4] .... DEBUG --- DispatcherServlet: Null ModelAndView returned to DispatcherServlet with name 'spring': assuming HandlerAdapter completed request handling

2016-09-29T20:06:57.140082+00:00 05bf1627-ae2f-400c-b1ce-31973a9ff23f - - - [NXLOG@14506 bosh_deployment="cf-warden" bosh_job_name="uaa_z1" bosh_job_index="0" filename="/var/vcap/data/sys/log/uaa/uaa.log"] [2016-09-29 20:06:54.819] uaa - 19013 [http-nio-127.0.0.1-8989-exec-4] .... DEBUG --- DispatcherServlet: Successfully completed request

2016-09-29T20:06:57.140096+00:00 05bf1627-ae2f-400c-b1ce-31973a9ff23f - - - [NXLOG@14506 bosh_deployment="cf-warden" bosh_job_name="uaa_z1" bosh_job_index="0" filename="/var/vcap/data/sys/log/uaa/uaa.log"] [2016-09-29 20:06:56.156] uaa - 19013 [pool-2-thread-1] .... DEBUG --- JdbcTemplate: Executing SQL query [select count(*) from oauth_client_details]

2016-09-29T20:06:57.140105+00:00 05bf1627-ae2f-400c-b1ce-31973a9ff23f - - - [NXLOG@14506 bosh_deployment="cf-warden" bosh_job_name="uaa_z1" bosh_job_index="0" filename="/var/vcap/data/sys/log/uaa/uaa.log"] [2016-09-29 20:06:56.158] uaa - 19013 [pool-2-thread-1] .... DEBUG --- JdbcTemplate: Executing SQL query [select count(*) from users]

2016-09-29T20:07:06.985725+00:00 bfc626ef-a2eb-4bad-8f71-fa1d6d0f927f - - - [NXLOG@14506 bosh_deployment="cf-warden" bosh_job_name="loggregator_trafficcontroller_z1" bosh_job_index="0" filename="/var/vcap/data/sys/log/route_registrar/route_registrar.stdout.log"] {"timestamp":"1475179626.734165430","source":"Route Registrar","message":"Route Registrar.no healthchecker found for route","log_level":1,"data":{"route":{"Name":"doppler","Port":8081,"Tags":null,"URIs":["doppler.bosh-lite.com"],"RouteServiceUrl":"","RegistrationInterval":20000000000,"HealthCheck":null}}}

2016-09-29T20:07:06.985971+00:00 bfc626ef-a2eb-4bad-8f71-fa1d6d0f927f - - - [NXLOG@14506 bosh_deployment="cf-warden" bosh_job_name="loggregator_trafficcontroller_z1" bosh_job_index="0" filename="/var/vcap/data/sys/log/route_registrar/route_registrar.stdout.log"] {"timestamp":"1475179626.734359264","source":"Route Registrar","message":"Route Registrar.Registering route","log_level":1,"data":{"route":{"Name":"doppler","Port":8081,"Tags":null,"URIs":["doppler.bosh-lite.com"],"RouteServiceUrl":"","RegistrationInterval":20000000000,"HealthCheck":null}}}

2016-09-29T20:07:06.986101+00:00 bfc626ef-a2eb-4bad-8f71-fa1d6d0f927f - - - [NXLOG@14506 bosh_deployment="cf-warden" bosh_job_name="loggregator_trafficcontroller_z1" bosh_job_index="0" filename="/var/vcap/data/sys/log/route_registrar/route_registrar.stdout.log"] {"timestamp":"1475179626.734474182","source":"Route Registrar","message":"Route Registrar.Registered routes successfully","log_level":1,"data":{}}

2016-09-29T20:07:06.986250+00:00 bfc626ef-a2eb-4bad-8f71-fa1d6d0f927f - - - [NXLOG@14506 bosh_deployment="cf-warden" bosh_job_name="loggregator_trafficcontroller_z1" bosh_job_index="0" filename="/var/vcap/data/sys/log/route_registrar/route_registrar.stdout.log"] {"timestamp":"1475179626.734498024","source":"Route Registrar","message":"Route Registrar.no healthchecker found for route","log_level":1,"data":{"route":{"Name":"loggregator","Port":8080,"Tags":null,"URIs":["loggregator.bosh-lite.com"],"RouteServiceUrl":"","RegistrationInterval":20000000000,"HealthCheck":null}}}

2016-09-29T20:07:06.986399+00:00 bfc626ef-a2eb-4bad-8f71-fa1d6d0f927f - - - [NXLOG@14506 bosh_deployment="cf-warden" bosh_job_name="loggregator_trafficcontroller_z1" bosh_job_index="0" filename="/var/vcap/data/sys/log/route_registrar/route_registrar.stdout.log"] {"timestamp":"1475179626.734547853","source":"Route Registrar","message":"Route Registrar.Registering route","log_level":1,"data":{"route":{"Name":"loggregator","Port":8080,"Tags":null,"URIs":["loggregator.bosh-lite.com"],"RouteServiceUrl":"","RegistrationInterval":20000000000,"HealthCheck":null}}}

2016-09-29T20:07:06.986580+00:00 bfc626ef-a2eb-4bad-8f71-fa1d6d0f927f - - - [NXLOG@14506 bosh_deployment="cf-warden" bosh_job_name="loggregator_trafficcontroller_z1" bosh_job_index="0" filename="/var/vcap/data/sys/log/route_registrar/route_registrar.stdout.log"] {"timestamp":"1475179626.734614134","source":"Route Registrar","message":"Route Registrar.Registered routes successfully","log_level":1,"data":{}}

2016-09-29T20:07:06.987470+00:00 81da04d2-3e1d-4a50-80cd-e5b2e7a3a719 - - - [NXLOG@14506 bosh_deployment="cf-warden" bosh_job_name="router_z1" bosh_job_index="0" filename="/var/vcap/data/sys/log/gorouter/access.log"] api.bosh-lite.com - [29/09/2016:20:07:01.283 +0000] "GET /v2/syslog_drain_urls?batch_size=1000 HTTP/1.1" 200 0 42 "-" "Go-http-client/1.1" 10.244.0.34:52540 x_forwarded_for:"10.244.0.146" x_forwarded_proto:"https" vcap_request_id:97d8f272-4949-47aa-4347-dd21a363c114 response_time:0.0068785 app_id:

2016-09-29T20:07:06.993783+00:00 fc52b791-0068-48d0-b63d-a9600b8fa32e - - - [NXLOG@14506 bosh_deployment="cf-warden" bosh_job_name="runner_z1" bosh_job_index="0" filename="/var/vcap/data/sys/log/dea_next/dea_next.log"] {"timestamp":1475179621.8186338,"message":"hm9000.heartbeat.sending","log_level":"debug","source":"Dea::Bootstrap","data":{"destination":"https://listener-hm9000.service.cf.internal:5335/dea/heartbeat"},"thread_id":47241037142420,"fiber_id":47241050325380,"process_id":6941,"file":"/var/vcap/packages/dea_next/lib/dea/utils/hm9000.rb","lineno":29,"method":"send_heartbeat"}

2016-09-29T20:07:06.993885+00:00 fc52b791-0068-48d0-b63d-a9600b8fa32e - - - [NXLOG@14506 bosh_deployment="cf-warden" bosh_job_name="runner_z1" bosh_job_index="0" filename="/var/vcap/data/sys/log/dea_next/dea_next.log"] {"timestamp":1475179621.8335154,"message":"hm9000.heartbeat.accepted","log_level":"debug","source":"Dea::Bootstrap","data":{},"thread_id":47241050154140,"fiber_id":47241051666340,"process_id":6941,"file":"/var/vcap/packages/dea_next/lib/dea/utils/hm9000.rb","lineno":49,"method":"handle_http_response"}

2016-09-29T20:07:06.993945+00:00 fc52b791-0068-48d0-b63d-a9600b8fa32e - - - [NXLOG@14506 bosh_deployment="cf-warden" bosh_job_name="runner_z1" bosh_job_index="0" filename="/var/vcap/data/sys/log/dea_next/dea_next.log"] {"timestamp":1475179626.1096952,"message":"Reaping orphaned containers","log_level":"debug","source":"Dea::Bootstrap","data":{},"thread_id":47241037142420,"fiber_id":47241050325380,"process_id":6941,"file":"/var/vcap/packages/dea_next/lib/dea/bootstrap.rb","lineno":236,"method":"reap_orphaned_containers"}

2016-09-29T20:07:07.131992+00:00 05bf1627-ae2f-400c-b1ce-31973a9ff23f - - - [NXLOG@14506 bosh_deployment="cf-warden" bosh_job_name="uaa_z1" bosh_job_index="0" filename="/var/vcap/data/sys/log/uaa/localhost_access.log"] 127.0.0.1 - - [29/Sep/2016:20:06:50 +0000] "GET /healthz HTTP/1.1" 200 3

2016-09-29T20:07:07.132126+00:00 05bf1627-ae2f-400c-b1ce-31973a9ff23f - - - [NXLOG@14506 bosh_deployment="cf-warden" bosh_job_name="uaa_z1" bosh_job_index="0" filename="/var/vcap/data/sys/log/uaa/localhost_access.log"] 127.0.0.1 - - [29/Sep/2016:20:06:50 +0000] "GET /healthz HTTP/1.1" 200 3

2016-09-29T20:07:07.132170+00:00 05bf1627-ae2f-400c-b1ce-31973a9ff23f - - - [NXLOG@14506 bosh_deployment="cf-warden" bosh_job_name="uaa_z1" bosh_job_index="0" filename="/var/vcap/data/sys/log/uaa/localhost_access.log"] 127.0.0.1 - - [29/Sep/2016:20:06:54 +0000] "GET /healthz HTTP/1.1" 200 3

2016-09-29T20:07:07.132210+00:00 05bf1627-ae2f-400c-b1ce-31973a9ff23f - - - [NXLOG@14506 bosh_deployment="cf-warden" bosh_job_name="uaa_z1" bosh_job_index="0" filename="/var/vcap/data/sys/log/route_registrar/route_registrar.stdout.log"] {"timestamp":"1475179618.808430433","source":"Route Registrar","message":"Route Registrar.Executing script","log_level":1,"data":{"scriptPath":"/var/vcap/jobs/uaa/bin/health_check"}}

2016-09-29T20:07:07.132252+00:00 05bf1627-ae2f-400c-b1ce-31973a9ff23f - - - [NXLOG@14506 bosh_deployment="cf-warden" bosh_job_name="uaa_z1" bosh_job_index="0" filename="/var/vcap/data/sys/log/route_registrar/route_registrar.stdout.log"] {"timestamp":"1475179618.822166681","source":"Route Registrar","message":"Route Registrar.Script exited without error","log_level":1,"data":{"script":"/var/vcap/jobs/uaa/bin/health_check","stderr":"  % Total    % Received % Xferd  Average Speed   Time    Time     Time  Current\n                                 Dload  Upload   Total   Spent    Left  Speed\n\r  0     0    0     0    0     0      0      0 --:--:-- --:--:-- --:--:--     0\r100     3  100     3    0     0   2811      0 --:--:-- --:--:-- --:--:--  3000\n","stdout":""}}

2016-09-29T20:07:07.132314+00:00 05bf1627-ae2f-400c-b1ce-31973a9ff23f - - - [NXLOG@14506 bosh_deployment="cf-warden" bosh_job_name="uaa_z1" bosh_job_index="0" filename="/var/vcap/data/sys/log/route_registrar/route_registrar.stdout.log"] {"timestamp":"1475179618.822237730","source":"Route Registrar","message":"Route Registrar.healthchecker returned healthy for route","log_level":1,"data":{"route":{"Name":"uaa","Port":8080,"Tags":{"component":"uaa"},"URIs":["uaa.bosh-lite.com","*.uaa.bosh-lite.com","login.bosh-lite.com","*.login.bosh-lite.com"],"RouteServiceUrl":"","RegistrationInterval":4000000000,"HealthCheck":{"Name":"uaa-healthcheck","ScriptPath":"/var/vcap/jobs/uaa/bin/health_check","Timeout":2000000000}}}}

2016-09-29T20:07:07.132352+00:00 05bf1627-ae2f-400c-b1ce-31973a9ff23f - - - [NXLOG@14506 bosh_deployment="cf-warden" bosh_job_name="uaa_z1" bosh_job_index="0" filename="/var/vcap/data/sys/log/route_registrar/route_registrar.stdout.log"] {"timestamp":"1475179618.822260141","source":"Route Registrar","message":"Route Registrar.Registering route","log_level":1,"data":{"route":{"Name":"uaa","Port":8080,"Tags":{"component":"uaa"},"URIs":["uaa.bosh-lite.com","*.uaa.bosh-lite.com","login.bosh-lite.com","*.login.bosh-lite.com"],"RouteServiceUrl":"","RegistrationInterval":4000000000,"HealthCheck":{"Name":"uaa-healthcheck","ScriptPath":"/var/vcap/jobs/uaa/bin/health_check","Timeout":2000000000}}}}

2016-09-29T20:07:07.132389+00:00 05bf1627-ae2f-400c-b1ce-31973a9ff23f - - - [NXLOG@14506 bosh_deployment="cf-warden" bosh_job_name="uaa_z1" bosh_job_index="0" filename="/var/vcap/data/sys/log/route_registrar/route_registrar.stdout.log"] {"timestamp":"1475179618.822324276","source":"Route Registrar","message":"Route Registrar.Registered routes successfully","log_level":1,"data":{}}

2016-09-29T20:07:07.132423+00:00 05bf1627-ae2f-400c-b1ce-31973a9ff23f - - - [NXLOG@14506 bosh_deployment="cf-warden" bosh_job_name="uaa_z1" bosh_job_index="0" filename="/var/vcap/data/sys/log/route_registrar/route_registrar.stdout.log"] {"timestamp":"1475179622.808555841","source":"Route Registrar","message":"Route Registrar.Executing script","log_level":1,"data":{"scriptPath":"/var/vcap/jobs/uaa/bin/health_check"}}

2016-09-29T20:07:07.132457+00:00 05bf1627-ae2f-400c-b1ce-31973a9ff23f - - - [NXLOG@14506 bosh_deployment="cf-warden" bosh_job_name="uaa_z1" bosh_job_index="0" filename="/var/vcap/data/sys/log/route_registrar/route_registrar.stdout.log"] {"timestamp":"1475179622.825287580","source":"Route Registrar","message":"Route Registrar.Script exited without error","log_level":1,"data":{"script":"/var/vcap/jobs/uaa/bin/health_check","stderr":"  % Total    % Received % Xferd  Average Speed   Time    Time     Time  Current\n                                 Dload  Upload   Total   Spent    Left  Speed\n\r  0     0    0     0    0     0      0      0 --:--:-- --:--:-- --:--:--     0\r100     3  100     3    0     0   2218      0 --:--:-- --:--:-- --:--:--  3000\n","stdout":""}}

2016-09-29T20:07:07.132496+00:00 05bf1627-ae2f-400c-b1ce-31973a9ff23f - - - [NXLOG@14506 bosh_deployment="cf-warden" bosh_job_name="uaa_z1" bosh_job_index="0" filename="/var/vcap/data/sys/log/route_registrar/route_registrar.stdout.log"] {"timestamp":"1475179622.825429440","source":"Route Registrar","message":"Route Registrar.healthchecker returned healthy for route","log_level":1,"data":{"route":{"Name":"uaa","Port":8080,"Tags":{"component":"uaa"},"URIs":["uaa.bosh-lite.com","*.uaa.bosh-lite.com","login.bosh-lite.com","*.login.bosh-lite.com"],"RouteServiceUrl":"","RegistrationInterval":4000000000,"HealthCheck":{"Name":"uaa-healthcheck","ScriptPath":"/var/vcap/jobs/uaa/bin/health_check","Timeout":2000000000}}}}

2016-09-29T20:07:07.132531+00:00 05bf1627-ae2f-400c-b1ce-31973a9ff23f - - - [NXLOG@14506 bosh_deployment="cf-warden" bosh_job_name="uaa_z1" bosh_job_index="0" filename="/var/vcap/data/sys/log/route_registrar/route_registrar.stdout.log"] {"timestamp":"1475179622.825462580","source":"Route Registrar","message":"Route Registrar.Registering route","log_level":1,"data":{"route":{"Name":"uaa","Port":8080,"Tags":{"component":"uaa"},"URIs":["uaa.bosh-lite.com","*.uaa.bosh-lite.com","login.bosh-lite.com","*.login.bosh-lite.com"],"RouteServiceUrl":"","RegistrationInterval":4000000000,"HealthCheck":{"Name":"uaa-healthcheck","ScriptPath":"/var/vcap/jobs/uaa/bin/health_check","Timeout":2000000000}}}}

2016-09-29T20:07:07.132567+00:00 05bf1627-ae2f-400c-b1ce-31973a9ff23f - - - [NXLOG@14506 bosh_deployment="cf-warden" bosh_job_name="uaa_z1" bosh_job_index="0" filename="/var/vcap/data/sys/log/route_registrar/route_registrar.stdout.log"] {"timestamp":"1475179622.825536966","source":"Route Registrar","message":"Route Registrar.Registered routes successfully","log_level":1,"data":{}}

2016-09-29T20:07:07.132601+00:00 05bf1627-ae2f-400c-b1ce-31973a9ff23f - - - [NXLOG@14506 bosh_deployment="cf-warden" bosh_job_name="uaa_z1" bosh_job_index="0" filename="/var/vcap/data/sys/log/route_registrar/route_registrar.stdout.log"] {"timestamp":"1475179626.808461905","source":"Route Registrar","message":"Route Registrar.Executing script","log_level":1,"data":{"scriptPath":"/var/vcap/jobs/uaa/bin/health_check"}}

2016-09-29T20:07:16.994266+00:00 fc52b791-0068-48d0-b63d-a9600b8fa32e - - - [NXLOG@14506 bosh_deployment="cf-warden" bosh_job_name="runner_z1" bosh_job_index="0" filename="/var/vcap/data/sys/log/dea_next/dea_next.log"] {"timestamp":1475179631.821037,"message":"hm9000.heartbeat.sending","log_level":"debug","source":"Dea::Bootstrap","data":{"destination":"https://listener-hm9000.service.cf.internal:5335/dea/heartbeat"},"thread_id":47241037142420,"fiber_id":47241050325380,"process_id":6941,"file":"/var/vcap/packages/dea_next/lib/dea/utils/hm9000.rb","lineno":29,"method":"send_heartbeat"}

2016-09-29T20:07:16.994465+00:00 fc52b791-0068-48d0-b63d-a9600b8fa32e - - - [NXLOG@14506 bosh_deployment="cf-warden" bosh_job_name="runner_z1" bosh_job_index="0" filename="/var/vcap/data/sys/log/dea_next/dea_next.log"] {"timestamp":1475179631.823239,"message":"hm9000.heartbeat.accepted","log_level":"debug","source":"Dea::Bootstrap","data":{},"thread_id":47241050153960,"fiber_id":47241051414980,"process_id":6941,"file":"/var/vcap/packages/dea_next/lib/dea/utils/hm9000.rb","lineno":49,"method":"handle_http_response"}

2016-09-29T20:07:17.131933+00:00 f0562343-642f-42d4-aca5-293abe675815 - - - [NXLOG@14506 bosh_deployment="cf-warden" bosh_job_name="blobstore_z1" bosh_job_index="0" filename="/var/vcap/data/sys/log/route_registrar/route_registrar.stdout.log"] {"timestamp":"1475179628.514226675","source":"Route Registrar","message":"Route Registrar.no healthchecker found for route","log_level":1,"data":{"route":{"Name":"blobstore","Port":80,"Tags":{"component":"blobstore"},"URIs":["blobstore.bosh-lite.com"],"RouteServiceUrl":"","RegistrationInterval":20000000000,"HealthCheck":null}}}

2016-09-29T20:07:17.132145+00:00 f0562343-642f-42d4-aca5-293abe675815 - - - [NXLOG@14506 bosh_deployment="cf-warden" bosh_job_name="blobstore_z1" bosh_job_index="0" filename="/var/vcap/data/sys/log/route_registrar/route_registrar.stdout.log"] {"timestamp":"1475179628.514309645","source":"Route Registrar","message":"Route Registrar.Registering route","log_level":1,"data":{"route":{"Name":"blobstore","Port":80,"Tags":{"component":"blobstore"},"URIs":["blobstore.bosh-lite.com"],"RouteServiceUrl":"","RegistrationInterval":20000000000,"HealthCheck":null}}}

2016-09-29T20:07:17.132228+00:00 f0562343-642f-42d4-aca5-293abe675815 - - - [NXLOG@14506 bosh_deployment="cf-warden" bosh_job_name="blobstore_z1" bosh_job_index="0" filename="/var/vcap/data/sys/log/route_registrar/route_registrar.stdout.log"] {"timestamp":"1475179628.514516115","source":"Route Registrar","message":"Route Registrar.Registered routes successfully","log_level":1,"data":{}}

2016-09-29T20:07:17.134537+00:00 b0fa19c0-86de-4447-a670-3f7adbd0b3c1 - - - [NXLOG@14506 bosh_deployment="cf-warden" bosh_job_name="api_z1" bosh_job_index="0" filename="/var/vcap/data/sys/log/cloud_controller_worker/cloud_controller_worker.log"] {"timestamp":1475179628.3339002,"message":"(0.000554s) SELECT * FROM \"delayed_jobs\" WHERE ((((\"run_at\" <= '2016-09-29 20:07:08.332780+0000') AND (\"locked_at\" IS NULL)) OR (\"locked_by\" = 'cc_global_worker.api_z1.0.1')) AND (\"failed_at\" IS NULL) AND (\"queue\" IN ('cc-generic'))) ORDER BY \"priority\" ASC, \"run_at\" ASC LIMIT 5","log_level":"debug2","source":"cc.background","data":{},"thread_id":47193737007380,"fiber_id":47193773841900,"process_id":15807,"file":"/var/vcap/packages/cloud_controller_ng/cloud_controller_ng/vendor/bundle/ruby/2.3.0/gems/sequel-4.29.0/lib/sequel/database/logging.rb","lineno":70,"method":"block in log_each"}

2016-09-29T20:07:17.134679+00:00 b0fa19c0-86de-4447-a670-3f7adbd0b3c1 - - - [NXLOG@14506 bosh_deployment="cf-warden" bosh_job_name="api_z1" bosh_job_index="0" filename="/var/vcap/data/sys/log/cloud_controller_worker/cloud_controller_worker.log"] {"timestamp":1475179633.362234,"message":"(0.000610s) SELECT * FROM \"delayed_jobs\" WHERE ((((\"run_at\" <= '2016-09-29 20:07:13.361032+0000') AND (\"locked_at\" IS NULL)) OR (\"locked_by\" = 'cc_global_worker.api_z1.0.1')) AND (\"failed_at\" IS NULL) AND (\"queue\" IN ('cc-generic'))) ORDER BY \"priority\" ASC, \"run_at\" ASC LIMIT 5","log_level":"debug2","source":"cc.background","data":{},"thread_id":47193737007380,"fiber_id":47193773841900,"process_id":15807,"file":"/var/vcap/packages/cloud_controller_ng/cloud_controller_ng/vendor/bundle/ruby/2.3.0/gems/sequel-4.29.0/lib/sequel/database/logging.rb","lineno":70,"method":"block in log_each"}

2016-09-29T20:07:17.134730+00:00 b0fa19c0-86de-4447-a670-3f7adbd0b3c1 - - - [NXLOG@14506 bosh_deployment="cf-warden" bosh_job_name="api_z1" bosh_job_index="0" filename="/var/vcap/data/sys/log/nginx_cc/nginx.access.log"] 10.244.0.138 - [29/Sep/2016:20:07:07 +0000] "GET /v2/info HTTP/1.1" 200 802 "-" "monit/5.2.5" 10.244.0.138 vcap_request_id:f2fa748c-b4e3-4455-8605-15ad2d9d158c response_time:0.004

2016-09-29T20:07:17.134769+00:00 b0fa19c0-86de-4447-a670-3f7adbd0b3c1 - - - [NXLOG@14506 bosh_deployment="cf-warden" bosh_job_name="api_z1" bosh_job_index="0" filename="/var/vcap/data/sys/log/nginx_cc/nginx.access.log"] api.bosh-lite.com - [29/Sep/2016:20:07:15 +0000] "GET /v2/syslog_drain_urls?batch_size=1000 HTTP/1.1" 200 326 "-" "Go-http-client/1.1" 10.244.0.146, 10.244.0.34, 10.244.0.22 vcap_request_id:7cca7859-0a81-4038-6093-ce571cfaa68c::33aca90d-53ab-45f7-b3a0-1833530a5f78 response_time:0.004

2016-09-29T20:07:17.134819+00:00 b0fa19c0-86de-4447-a670-3f7adbd0b3c1 - - - [NXLOG@14506 bosh_deployment="cf-warden" bosh_job_name="api_z1" bosh_job_index="0" filename="/var/vcap/data/sys/log/cloud_controller_ng/cloud_controller_ng.log"] {"timestamp":1475179627.414642,"message":"Statsd: cc.requests.outstanding:1|c","log_level":"debug","source":"statsd.client","data":{},"thread_id":47062185515280,"fiber_id":47062186433920,"process_id":15535,"file":"/var/vcap/packages/cloud_controller_ng/cloud_controller_ng/vendor/bundle/ruby/2.3.0/gems/statsd-ruby-1.2.1/lib/statsd.rb","lineno":254,"method":"send_to_socket"}

2016-09-29T20:07:17.134904+00:00 b0fa19c0-86de-4447-a670-3f7adbd0b3c1 - - - [NXLOG@14506 bosh_deployment="cf-warden" bosh_job_name="api_z1" bosh_job_index="0" filename="/var/vcap/data/sys/log/cloud_controller_ng/cloud_controller_ng.log"] {"timestamp":1475179627.415227,"message":"Started GET \"/v2/info\" for user: , ip: 127.0.0.1 with vcap-request-id: f2fa748c-b4e3-4455-8605-15ad2d9d158c at 2016-09-29 20:07:07 UTC","log_level":"info","source":"cc.api","data":{},"thread_id":47062185515280,"fiber_id":47062186433920,"process_id":15535,"file":"/var/vcap/packages/cloud_controller_ng/cloud_controller_ng/middleware/request_logs.rb","lineno":12,"method":"call"}

2016-09-29T20:07:17.134947+00:00 b0fa19c0-86de-4447-a670-3f7adbd0b3c1 - - - [NXLOG@14506 bosh_deployment="cf-warden" bosh_job_name="api_z1" bosh_job_index="0" filename="/var/vcap/data/sys/log/cloud_controller_ng/cloud_controller_ng.log"] {"timestamp":1475179627.4165387,"message":"dispatch VCAP::CloudController::InfoController get /v2/info","log_level":"debug","source":"cc.api","data":{"request_guid":"f2fa748c-b4e3-4455-8605-15ad2d9d158c"},"thread_id":47062185515280,"fiber_id":47062186433920,"process_id":15535,"file":"/var/vcap/data/packages/cloud_controller_ng/f87cb49aa2cd87792cb9c2211a79e1542502be4d.1-b1a5f3c830cb6c32ae9e685628b24aa967f5ae54/cloud_controller_ng/lib/cloud_controller/rest_controller/routes.rb","lineno":12,"method":"block in define_route"}

2016-09-29T20:07:17.134986+00:00 b0fa19c0-86de-4447-a670-3f7adbd0b3c1 - - - [NXLOG@14506 bosh_deployment="cf-warden" bosh_job_name="api_z1" bosh_job_index="0" filename="/var/vcap/data/sys/log/cloud_controller_ng/cloud_controller_ng.log"] {"timestamp":1475179627.4167962,"message":"parse_params: {} ","log_level":"debug","source":"cc.api","data":{"request_guid":"f2fa748c-b4e3-4455-8605-15ad2d9d158c"},"thread_id":47062185515280,"fiber_id":47062186433920,"process_id":15535,"file":"/var/vcap/data/packages/cloud_controller_ng/f87cb49aa2cd87792cb9c2211a79e1542502be4d.1-b1a5f3c830cb6c32ae9e685628b24aa967f5ae54/cloud_controller_ng/lib/cloud_controller/rest_controller/common_params.rb","lineno":10,"method":"parse"}

2016-09-29T20:07:17.135024+00:00 b0fa19c0-86de-4447-a670-3f7adbd0b3c1 - - - [NXLOG@14506 bosh_deployment="cf-warden" bosh_job_name="api_z1" bosh_job_index="0" filename="/var/vcap/data/sys/log/cloud_controller_ng/cloud_controller_ng.log"] {"timestamp":1475179627.4169297,"message":"cc.dispatch","log_level":"debug","source":"cc.api","data":{"request_guid":"f2fa748c-b4e3-4455-8605-15ad2d9d158c","endpoint":"read","args":[]},"thread_id":47062185515280,"fiber_id":47062186433920,"process_id":15535,"file":"/var/vcap/data/packages/cloud_controller_ng/f87cb49aa2cd87792cb9c2211a79e1542502be4d.1-b1a5f3c830cb6c32ae9e685628b24aa967f5ae54/cloud_controller_ng/app/controllers/base/base_controller.rb","lineno":78,"method":"dispatch"}

2016-09-29T20:07:17.135062+00:00 b0fa19c0-86de-4447-a670-3f7adbd0b3c1 - - - [NXLOG@14506 bosh_deployment="cf-warden" bosh_job_name="api_z1" bosh_job_index="0" filename="/var/vcap/data/sys/log/cloud_controller_ng/cloud_controller_ng.log"] {"timestamp":1475179627.4174576,"message":"Completed 200 vcap-request-id: f2fa748c-b4e3-4455-8605-15ad2d9d158c","log_level":"info","source":"cc.api","data":{},"thread_id":47062185515280,"fiber_id":47062186433920,"process_id":15535,"file":"/var/vcap/packages/cloud_controller_ng/cloud_controller_ng/middleware/request_logs.rb","lineno":24,"method":"call"}

2016-09-29T20:07:17.135100+00:00 b0fa19c0-86de-4447-a670-3f7adbd0b3c1 - - - [NXLOG@14506 bosh_deployment="cf-warden" bosh_job_name="api_z1" bosh_job_index="0" filename="/var/vcap/data/sys/log/cloud_controller_ng/cloud_controller_ng.log"] {"timestamp":1475179627.4176133,"message":"Statsd: cc.requests.outstanding:-1|c\ncc.requests.completed:1|c\ncc.http_status.2XX:1|c","log_level":"debug","source":"statsd.client","data":{},"thread_id":47062185515280,"fiber_id":47062186433920,"process_id":15535,"file":"/var/vcap/packages/cloud_controller_ng/cloud_controller_ng/vendor/bundle/ruby/2.3.0/gems/statsd-ruby-1.2.1/lib/statsd.rb","lineno":254,"method":"send_to_socket"}

2016-09-29T20:07:17.135138+00:00 b0fa19c0-86de-4447-a670-3f7adbd0b3c1 - - - [NXLOG@14506 bosh_deployment="cf-warden" bosh_job_name="api_z1" bosh_job_index="0" filename="/var/vcap/data/sys/log/cloud_controller_ng/cloud_controller_ng.log"] {"timestamp":1475179628.334716,"message":"(0.000511s) SELECT * FROM \"delayed_jobs\" WHERE ((((\"run_at\" <= '2016-09-29 20:07:08.333642+0000') AND (\"locked_at\" IS NULL)) OR (\"locked_by\" = 'cc_api_worker.api_z1.0.2')) AND (\"failed_at\" IS NULL) AND (\"queue\" IN ('cc-api_z1-0'))) ORDER BY \"priority\" ASC, \"run_at\" ASC LIMIT 5","log_level":"debug2","source":"cc.background","data":{},"thread_id":47118928261380,"fiber_id":47118965175380,"process_id":15629,"file":"/var/vcap/packages/cloud_controller_ng/cloud_controller_ng/vendor/bundle/ruby/2.3.0/gems/sequel-4.29.0/lib/sequel/database/logging.rb","lineno":70,"method":"block in log_each"}

2016-09-29T20:07:17.135176+00:00 b0fa19c0-86de-4447-a670-3f7adbd0b3c1 - - - [NXLOG@14506 bosh_deployment="cf-warden" bosh_job_name="api_z1" bosh_job_index="0" filename="/var/vcap/data/sys/log/cloud_controller_ng/cloud_controller_ng.log"] {"timestamp":1475179629.556992,"message":"(0.000557s) SELECT * FROM \"delayed_jobs\" WHERE ((((\"run_at\" <= '2016-09-29 20:07:09.555860+0000') AND (\"locked_at\" IS NULL)) OR (\"locked_by\" = 'cc_api_worker.api_z1.0.1')) AND (\"failed_at\" IS NULL) AND (\"queue\" IN ('cc-api_z1-0'))) ORDER BY \"priority\" ASC, \"run_at\" ASC LIMIT 5","log_level":"debug2","source":"cc.background","data":{},"thread_id":47452862460180,"fiber_id":47452899698480,"process_id":15587,"file":"/var/vcap/packages/cloud_controller_ng/cloud_controller_ng/vendor/bundle/ruby/2.3.0/gems/sequel-4.29.0/lib/sequel/database/logging.rb","lineno":70,"method":"block in log_each"}

2016-09-29T20:07:17.135214+00:00 b0fa19c0-86de-4447-a670-3f7adbd0b3c1 - - - [NXLOG@14506 bosh_deployment="cf-warden" bosh_job_name="api_z1" bosh_job_index="0" filename="/var/vcap/data/sys/log/cloud_controller_ng/cloud_controller_ng.log"] {"timestamp":1475179633.3627164,"message":"(0.001010s) SELECT * FROM \"delayed_jobs\" WHERE ((((\"run_at\" <= '2016-09-29 20:07:13.361220+0000') AND (\"locked_at\" IS NULL)) OR (\"locked_by\" = 'cc_api_worker.api_z1.0.2')) AND (\"failed_at\" IS NULL) AND (\"queue\" IN ('cc-api_z1-0'))) ORDER BY \"priority\" ASC, \"run_at\" ASC LIMIT 5","log_level":"debug2","source":"cc.background","data":{},"thread_id":47118928261380,"fiber_id":47118965175380,"process_id":15629,"file":"/var/vcap/packages/cloud_controller_ng/cloud_controller_ng/vendor/bundle/ruby/2.3.0/gems/sequel-4.29.0/lib/sequel/database/logging.rb","lineno":70,"method":"block in log_each"}

2016-09-29T20:07:17.134850+00:00 05bf1627-ae2f-400c-b1ce-31973a9ff23f - - - [NXLOG@14506 bosh_deployment="cf-warden" bosh_job_name="uaa_z1" bosh_job_index="0" filename="/var/vcap/data/sys/log/uaa/localhost_access.log"] 127.0.0.1 - - [29/Sep/2016:20:06:58 +0000] "GET /healthz HTTP/1.1" 200 3

2016-09-29T20:07:17.134934+00:00 05bf1627-ae2f-400c-b1ce-31973a9ff23f - - - [NXLOG@14506 bosh_deployment="cf-warden" bosh_job_name="uaa_z1" bosh_job_index="0" filename="/var/vcap/data/sys/log/uaa/localhost_access.log"] 127.0.0.1 - - [29/Sep/2016:20:07:00 +0000] "GET /healthz HTTP/1.1" 200 3

2016-09-29T20:07:17.134975+00:00 05bf1627-ae2f-400c-b1ce-31973a9ff23f - - - [NXLOG@14506 bosh_deployment="cf-warden" bosh_job_name="uaa_z1" bosh_job_index="0" filename="/var/vcap/data/sys/log/uaa/localhost_access.log"] 127.0.0.1 - - [29/Sep/2016:20:07:02 +0000] "GET /healthz HTTP/1.1" 200 3

2016-09-29T20:07:17.135010+00:00 05bf1627-ae2f-400c-b1ce-31973a9ff23f - - - [NXLOG@14506 bosh_deployment="cf-warden" bosh_job_name="uaa_z1" bosh_job_index="0" filename="/var/vcap/data/sys/log/uaa/localhost_access.log"] 127.0.0.1 - - [29/Sep/2016:20:07:06 +0000] "GET /healthz HTTP/1.1" 200 3

2016-09-29T20:07:17.135046+00:00 05bf1627-ae2f-400c-b1ce-31973a9ff23f - - - [NXLOG@14506 bosh_deployment="cf-warden" bosh_job_name="uaa_z1" bosh_job_index="0" filename="/var/vcap/data/sys/log/route_registrar/route_registrar.stdout.log"] {"timestamp":"1475179630.808530569","source":"Route Registrar","message":"Route Registrar.Executing script","log_level":1,"data":{"scriptPath":"/var/vcap/jobs/uaa/bin/health_check"}}

2016-09-29T20:07:17.135083+00:00 05bf1627-ae2f-400c-b1ce-31973a9ff23f - - - [NXLOG@14506 bosh_deployment="cf-warden" bosh_job_name="uaa_z1" bosh_job_index="0" filename="/var/vcap/data/sys/log/route_registrar/route_registrar.stdout.log"] {"timestamp":"1475179630.819553852","source":"Route Registrar","message":"Route Registrar.Script exited without error","log_level":1,"data":{"script":"/var/vcap/jobs/uaa/bin/health_check","stderr":"  % Total    % Received % Xferd  Average Speed   Time    Time     Time  Current\n                                 Dload  Upload   Total   Spent    Left  Speed\n\r  0     0    0     0    0     0      0      0 --:--:-- --:--:-- --:--:--     0\r100     3  100     3    0     0   2253      0 --:--:-- --:--:-- --:--:--  3000\n","stdout":""}}

2016-09-29T20:07:17.135126+00:00 05bf1627-ae2f-400c-b1ce-31973a9ff23f - - - [NXLOG@14506 bosh_deployment="cf-warden" bosh_job_name="uaa_z1" bosh_job_index="0" filename="/var/vcap/data/sys/log/route_registrar/route_registrar.stdout.log"] {"timestamp":"1475179630.819672823","source":"Route Registrar","message":"Route Registrar.healthchecker returned healthy for route","log_level":1,"data":{"route":{"Name":"uaa","Port":8080,"Tags":{"component":"uaa"},"URIs":["uaa.bosh-lite.com","*.uaa.bosh-lite.com","login.bosh-lite.com","*.login.bosh-lite.com"],"RouteServiceUrl":"","RegistrationInterval":4000000000,"HealthCheck":{"Name":"uaa-healthcheck","ScriptPath":"/var/vcap/jobs/uaa/bin/health_check","Timeout":2000000000}}}}

2016-09-29T20:07:17.135165+00:00 05bf1627-ae2f-400c-b1ce-31973a9ff23f - - - [NXLOG@14506 bosh_deployment="cf-warden" bosh_job_name="uaa_z1" bosh_job_index="0" filename="/var/vcap/data/sys/log/route_registrar/route_registrar.stdout.log"] {"timestamp":"1475179630.819728851","source":"Route Registrar","message":"Route Registrar.Registering route","log_level":1,"data":{"route":{"Name":"uaa","Port":8080,"Tags":{"component":"uaa"},"URIs":["uaa.bosh-lite.com","*.uaa.bosh-lite.com","login.bosh-lite.com","*.login.bosh-lite.com"],"RouteServiceUrl":"","RegistrationInterval":4000000000,"HealthCheck":{"Name":"uaa-healthcheck","ScriptPath":"/var/vcap/jobs/uaa/bin/health_check","Timeout":2000000000}}}}

2016-09-29T20:07:17.135203+00:00 05bf1627-ae2f-400c-b1ce-31973a9ff23f - - - [NXLOG@14506 bosh_deployment="cf-warden" bosh_job_name="uaa_z1" bosh_job_index="0" filename="/var/vcap/data/sys/log/route_registrar/route_registrar.stdout.log"] {"timestamp":"1475179630.819805861","source":"Route Registrar","message":"Route Registrar.Registered routes successfully","log_level":1,"data":{}}

2016-09-29T20:07:17.135241+00:00 05bf1627-ae2f-400c-b1ce-31973a9ff23f - - - [NXLOG@14506 bosh_deployment="cf-warden" bosh_job_name="uaa_z1" bosh_job_index="0" filename="/var/vcap/data/sys/log/route_registrar/route_registrar.stdout.log"] {"timestamp":"1475179634.809066057","source":"Route Registrar","message":"Route Registrar.Executing script","log_level":1,"data":{"scriptPath":"/var/vcap/jobs/uaa/bin/health_check"}}

2016-09-29T20:07:17.135254+00:00 b0fa19c0-86de-4447-a670-3f7adbd0b3c1 - - - [NXLOG@14506 bosh_deployment="cf-warden" bosh_job_name="api_z1" bosh_job_index="0" filename="/var/vcap/data/sys/log/cloud_controller_ng/cloud_controller_ng.log"] {"timestamp":1475179634.5780683,"message":"(0.000541s) SELECT * FROM \"delayed_jobs\" WHERE ((((\"run_at\" <= '2016-09-29 20:07:14.577048+0000') AND (\"locked_at\" IS NULL)) OR (\"locked_by\" = 'cc_api_worker.api_z1.0.1')) AND (\"failed_at\" IS NULL) AND (\"queue\" IN ('cc-api_z1-0'))) ORDER BY \"priority\" ASC, \"run_at\" ASC LIMIT 5","log_level":"debug2","source":"cc.background","data":{},"thread_id":47452862460180,"fiber_id":47452899698480,"process_id":15587,"file":"/var/vcap/packages/cloud_controller_ng/cloud_controller_ng/vendor/bundle/ruby/2.3.0/gems/sequel-4.29.0/lib/sequel/database/logging.rb","lineno":70,"method":"block in log_each"}

2016-09-29T20:07:17.135294+00:00 b0fa19c0-86de-4447-a670-3f7adbd0b3c1 - - - [NXLOG@14506 bosh_deployment="cf-warden" bosh_job_name="api_z1" bosh_job_index="0" filename="/var/vcap/data/sys/log/cloud_controller_ng/cloud_controller_ng.log"] {"timestamp":1475179635.9037824,"message":"Statsd: cc.requests.outstanding:1|c","log_level":"debug","source":"statsd.client","data":{},"thread_id":47062185508960,"fiber_id":47062150331380,"process_id":15535,"file":"/var/vcap/packages/cloud_controller_ng/cloud_controller_ng/vendor/bundle/ruby/2.3.0/gems/statsd-ruby-1.2.1/lib/statsd.rb","lineno":254,"method":"send_to_socket"}

2016-09-29T20:07:17.135331+00:00 b0fa19c0-86de-4447-a670-3f7adbd0b3c1 - - - [NXLOG@14506 bosh_deployment="cf-warden" bosh_job_name="api_z1" bosh_job_index="0" filename="/var/vcap/data/sys/log/cloud_controller_ng/cloud_controller_ng.log"] {"timestamp":1475179635.904507,"message":"Started GET \"/v2/syslog_drain_urls?batch_size=1000\" for user: , ip: 127.0.0.1 with vcap-request-id: 7cca7859-0a81-4038-6093-ce571cfaa68c::33aca90d-53ab-45f7-b3a0-1833530a5f78 at 2016-09-29 20:07:15 UTC","log_level":"info","source":"cc.api","data":{},"thread_id":47062185508960,"fiber_id":47062150331380,"process_id":15535,"file":"/var/vcap/packages/cloud_controller_ng/cloud_controller_ng/middleware/request_logs.rb","lineno":12,"method":"call"}

2016-09-29T20:07:17.135361+00:00 b0fa19c0-86de-4447-a670-3f7adbd0b3c1 - - - [NXLOG@14506 bosh_deployment="cf-warden" bosh_job_name="api_z1" bosh_job_index="0" filename="/var/vcap/data/sys/log/cloud_controller_ng/cloud_controller_ng.log"] {"timestamp":1475179635.9051483,"message":"dispatch VCAP::CloudController::SyslogDrainUrlsController get /v2/syslog_drain_urls","log_level":"debug","source":"cc.api","data":{"request_guid":"7cca7859-0a81-4038-6093-ce571cfaa68c::33aca90d-53ab-45f7-b3a0-1833530a5f78"},"thread_id":47062185508960,"fiber_id":47062150331380,"process_id":15535,"file":"/var/vcap/data/packages/cloud_controller_ng/f87cb49aa2cd87792cb9c2211a79e1542502be4d.1-b1a5f3c830cb6c32ae9e685628b24aa967f5ae54/cloud_controller_ng/lib/cloud_controller/rest_controller/routes.rb","lineno":12,"method":"block in define_route"}

2016-09-29T20:07:17.135376+00:00 b0fa19c0-86de-4447-a670-3f7adbd0b3c1 - - - [NXLOG@14506 bosh_deployment="cf-warden" bosh_job_name="api_z1" bosh_job_index="0" filename="/var/vcap/data/sys/log/cloud_controller_ng/cloud_controller_ng.log"] {"timestamp":1475179635.9053905,"message":"parse_params: {\"batch_size\"=>\"1000\"} batch_size=1000","log_level":"debug","source":"cc.api","data":{"request_guid":"7cca7859-0a81-4038-6093-ce571cfaa68c::33aca90d-53ab-45f7-b3a0-1833530a5f78"},"thread_id":47062185508960,"fiber_id":47062150331380,"process_id":15535,"file":"/var/vcap/data/packages/cloud_controller_ng/f87cb49aa2cd87792cb9c2211a79e1542502be4d.1-b1a5f3c830cb6c32ae9e685628b24aa967f5ae54/cloud_controller_ng/lib/cloud_controller/rest_controller/common_params.rb","lineno":10,"method":"parse"}

2016-09-29T20:07:17.135405+00:00 b0fa19c0-86de-4447-a670-3f7adbd0b3c1 - - - [NXLOG@14506 bosh_deployment="cf-warden" bosh_job_name="api_z1" bosh_job_index="0" filename="/var/vcap/data/sys/log/cloud_controller_ng/cloud_controller_ng.log"] {"timestamp":1475179635.9055016,"message":"cc.dispatch","log_level":"debug","source":"cc.api","data":{"request_guid":"7cca7859-0a81-4038-6093-ce571cfaa68c::33aca90d-53ab-45f7-b3a0-1833530a5f78","endpoint":"list","args":[]},"thread_id":47062185508960,"fiber_id":47062150331380,"process_id":15535,"file":"/var/vcap/data/packages/cloud_controller_ng/f87cb49aa2cd87792cb9c2211a79e1542502be4d.1-b1a5f3c830cb6c32ae9e685628b24aa967f5ae54/cloud_controller_ng/app/controllers/base/base_controller.rb","lineno":78,"method":"dispatch"}

2016-09-29T20:07:17.135419+00:00 b0fa19c0-86de-4447-a670-3f7adbd0b3c1 - - - [NXLOG@14506 bosh_deployment="cf-warden" bosh_job_name="api_z1" bosh_job_index="0" filename="/var/vcap/data/sys/log/cloud_controller_ng/cloud_controller_ng.log"] {"timestamp":1475179635.907051,"message":"(0.000856s) SELECT \"apps\".\"guid\", string_agg(\"service_bindings\".\"syslog_drain_url\", ',') AS \"syslog_drain_urls\" FROM \"apps\" INNER JOIN \"service_bindings\" ON (\"service_bindings\".\"app_id\" = \"apps\".\"id\") WHERE ((syslog_drain_url IS NOT NULL) AND (syslog_drain_url != '')) GROUP BY \"apps\".\"guid\" UNION ALL (SELECT \"apps_v3\".\"guid\", string_agg(\"v3_service_bindings\".\"syslog_drain_url\", ',') AS \"syslog_drain_urls\" FROM \"apps_v3\" INNER JOIN \"v3_service_bindings\" ON (\"v3_service_bindings\".\"app_id\" = \"apps_v3\".\"id\") WHERE ((syslog_drain_url IS NOT NULL) AND (syslog_drain_url != '')) GROUP BY \"apps_v3\".\"guid\") ORDER BY \"guid\" LIMIT 1000 OFFSET 0","log_level":"debug2","source":"cc.db","data":{"request_guid":"7cca7859-0a81-4038-6093-ce571cfaa68c::33aca90d-53ab-45f7-b3a0-1833530a5f78"},"thread_id":47062185508960,"fiber_id":47062150331380,"process_id":15535,"file":"/var/vcap/packages/cloud_controller_ng/cloud_controller_ng/vendor/bundle/ruby/2.3.0/gems/sequel-4.29.0/lib/sequel/database/logging.rb","lineno":70,"method":"block in log_each"}

2016-09-29T20:07:17.135443+00:00 b0fa19c0-86de-4447-a670-3f7adbd0b3c1 - - - [NXLOG@14506 bosh_deployment="cf-warden" bosh_job_name="api_z1" bosh_job_index="0" filename="/var/vcap/data/sys/log/cloud_controller_ng/cloud_controller_ng.log"] {"timestamp":1475179635.9073822,"message":"Completed 200 vcap-request-id: 7cca7859-0a81-4038-6093-ce571cfaa68c::33aca90d-53ab-45f7-b3a0-1833530a5f78","log_level":"info","source":"cc.api","data":{},"thread_id":47062185508960,"fiber_id":47062150331380,"process_id":15535,"file":"/var/vcap/packages/cloud_controller_ng/cloud_controller_ng/middleware/request_logs.rb","lineno":24,"method":"call"}

2016-09-29T20:07:17.135482+00:00 b0fa19c0-86de-4447-a670-3f7adbd0b3c1 - - - [NXLOG@14506 bosh_deployment="cf-warden" bosh_job_name="api_z1" bosh_job_index="0" filename="/var/vcap/data/sys/log/cloud_controller_ng/cloud_controller_ng.log"] {"timestamp":1475179635.9075313,"message":"Statsd: cc.requests.outstanding:-1|c\ncc.requests.completed:1|c\ncc.http_status.2XX:1|c","log_level":"debug","source":"statsd.client","data":{},"thread_id":47062185508960,"fiber_id":47062150331380,"process_id":15535,"file":"/var/vcap/packages/cloud_controller_ng/cloud_controller_ng/vendor/bundle/ruby/2.3.0/gems/statsd-ruby-1.2.1/lib/statsd.rb","lineno":254,"method":"send_to_socket"}

2016-09-29T20:07:17.135154+00:00 152ab062-1f32-4789-910a-13bdc79651b2 - - - [NXLOG@14506 bosh_deployment="cf-warden" bosh_job_name="hm9000_z1" bosh_job_index="0" filename="/var/vcap/data/sys/log/hm9000/hm9000_listener.log"] {"timestamp":"1475179631.822488546","source":"listener","message":"listener.Received a heartbeat","log_level":1,"data":{"Heartbeats Pending Save":"1"}}

2016-09-29T20:07:17.135245+00:00 152ab062-1f32-4789-910a-13bdc79651b2 - - - [NXLOG@14506 bosh_deployment="cf-warden" bosh_job_name="hm9000_z1" bosh_job_index="0" filename="/var/vcap/data/sys/log/hm9000/hm9000_listener.log"] {"timestamp":"1475179632.815981150","source":"listener","message":"listener.Saving Heartbeats","log_level":1,"data":{"Heartbeats to Save":"1"}}

2016-09-29T20:07:17.135303+00:00 152ab062-1f32-4789-910a-13bdc79651b2 - - - [NXLOG@14506 bosh_deployment="cf-warden" bosh_job_name="hm9000_z1" bosh_job_index="0" filename="/var/vcap/data/sys/log/hm9000/hm9000_listener.log"] {"timestamp":"1475179632.825562000","source":"listener","message":"listener.Bumped freshness","log_level":1,"data":{}}

2016-09-29T20:07:17.135356+00:00 152ab062-1f32-4789-910a-13bdc79651b2 - - - [NXLOG@14506 bosh_deployment="cf-warden" bosh_job_name="hm9000_z1" bosh_job_index="0" filename="/var/vcap/data/sys/log/hm9000/hm9000_listener.log"] {"timestamp":"1475179632.825598717","source":"listener","message":"listener.Saved Heartbeats","log_level":1,"data":{"Duration":"9.367113ms","Heartbeats to Save":"1"}}

2016-09-29T20:07:17.135278+00:00 05bf1627-ae2f-400c-b1ce-31973a9ff23f - - - [NXLOG@14506 bosh_deployment="cf-warden" bosh_job_name="uaa_z1" bosh_job_index="0" filename="/var/vcap/data/sys/log/route_registrar/route_registrar.stdout.log"] {"timestamp":"1475179634.820838451","source":"Route Registrar","message":"Route Registrar.Script exited without error","log_level":1,"data":{"script":"/var/vcap/jobs/uaa/bin/health_check","stderr":"  % Total    % Received % Xferd  Average Speed   Time    Time     Time  Current\n                                 Dload  Upload   Total   Spent    Left  Speed\n\r  0     0    0     0    0     0      0      0 --:--:-- --:--:-- --:--:--     0\r100     3  100     3    0     0   2471      0 --:--:-- --:--:-- --:--:--  3000\n","stdout":""}}

2016-09-29T20:07:17.135320+00:00 05bf1627-ae2f-400c-b1ce-31973a9ff23f - - - [NXLOG@14506 bosh_deployment="cf-warden" bosh_job_name="uaa_z1" bosh_job_index="0" filename="/var/vcap/data/sys/log/route_registrar/route_registrar.stdout.log"] {"timestamp":"1475179634.820911169","source":"Route Registrar","message":"Route Registrar.healthchecker returned healthy for route","log_level":1,"data":{"route":{"Name":"uaa","Port":8080,"Tags":{"component":"uaa"},"URIs":["uaa.bosh-lite.com","*.uaa.bosh-lite.com","login.bosh-lite.com","*.login.bosh-lite.com"],"RouteServiceUrl":"","RegistrationInterval":4000000000,"HealthCheck":{"Name":"uaa-healthcheck","ScriptPath":"/var/vcap/jobs/uaa/bin/health_check","Timeout":2000000000}}}}

2016-09-29T20:07:17.135358+00:00 05bf1627-ae2f-400c-b1ce-31973a9ff23f - - - [NXLOG@14506 bosh_deployment="cf-warden" bosh_job_name="uaa_z1" bosh_job_index="0" filename="/var/vcap/data/sys/log/route_registrar/route_registrar.stdout.log"] {"timestamp":"1475179634.820914030","source":"Route Registrar","message":"Route Registrar.Registering route","log_level":1,"data":{"route":{"Name":"uaa","Port":8080,"Tags":{"component":"uaa"},"URIs":["uaa.bosh-lite.com","*.uaa.bosh-lite.com","login.bosh-lite.com","*.login.bosh-lite.com"],"RouteServiceUrl":"","RegistrationInterval":4000000000,"HealthCheck":{"Name":"uaa-healthcheck","ScriptPath":"/var/vcap/jobs/uaa/bin/health_check","Timeout":2000000000}}}}

2016-09-29T20:07:17.135398+00:00 05bf1627-ae2f-400c-b1ce-31973a9ff23f - - - [NXLOG@14506 bosh_deployment="cf-warden" bosh_job_name="uaa_z1" bosh_job_index="0" filename="/var/vcap/data/sys/log/route_registrar/route_registrar.stdout.log"] {"timestamp":"1475179634.821052074","source":"Route Registrar","message":"Route Registrar.Registered routes successfully","log_level":1,"data":{}}

2016-09-29T20:07:17.135485+00:00 05bf1627-ae2f-400c-b1ce-31973a9ff23f - - - [NXLOG@14506 bosh_deployment="cf-warden" bosh_job_name="uaa_z1" bosh_job_index="0" filename="/var/vcap/data/sys/log/uaa/uaa.log"] [2016-09-29 20:07:10.817] uaa - 19013 [http-nio-127.0.0.1-8989-exec-10] .... DEBUG --- AntPathRequestMatcher: Checking match of request : '/healthz'; against '/resources/**'

2016-09-29T20:07:17.135539+00:00 05bf1627-ae2f-400c-b1ce-31973a9ff23f - - - [NXLOG@14506 bosh_deployment="cf-warden" bosh_job_name="uaa_z1" bosh_job_index="0" filename="/var/vcap/data/sys/log/uaa/uaa.log"] [2016-09-29 20:07:10.817] uaa - 19013 [http-nio-127.0.0.1-8989-exec-10] .... DEBUG --- AntPathRequestMatcher: Checking match of request : '/healthz'; against '/square-logo.png'

2016-09-29T20:07:17.135575+00:00 05bf1627-ae2f-400c-b1ce-31973a9ff23f - - - [NXLOG@14506 bosh_deployment="cf-warden" bosh_job_name="uaa_z1" bosh_job_index="0" filename="/var/vcap/data/sys/log/uaa/uaa.log"] [2016-09-29 20:07:10.817] uaa - 19013 [http-nio-127.0.0.1-8989-exec-10] .... DEBUG --- AntPathRequestMatcher: Checking match of request : '/healthz'; against '/info'

2016-09-29T20:07:17.135598+00:00 05bf1627-ae2f-400c-b1ce-31973a9ff23f - - - [NXLOG@14506 bosh_deployment="cf-warden" bosh_job_name="uaa_z1" bosh_job_index="0" filename="/var/vcap/data/sys/log/uaa/uaa.log"] [2016-09-29 20:07:10.817] uaa - 19013 [http-nio-127.0.0.1-8989-exec-10] .... DEBUG --- AntPathRequestMatcher: Checking match of request : '/healthz'; against '/password/**'

2016-09-29T20:07:17.135608+00:00 05bf1627-ae2f-400c-b1ce-31973a9ff23f - - - [NXLOG@14506 bosh_deployment="cf-warden" bosh_job_name="uaa_z1" bosh_job_index="0" filename="/var/vcap/data/sys/log/uaa/uaa.log"] [2016-09-29 20:07:10.817] uaa - 19013 [http-nio-127.0.0.1-8989-exec-10] .... DEBUG --- AntPathRequestMatcher: Checking match of request : '/healthz'; against '/healthz/**'

2016-09-29T20:07:17.135618+00:00 05bf1627-ae2f-400c-b1ce-31973a9ff23f - - - [NXLOG@14506 bosh_deployment="cf-warden" bosh_job_name="uaa_z1" bosh_job_index="0" filename="/var/vcap/data/sys/log/uaa/uaa.log"] [2016-09-29 20:07:10.817] uaa - 19013 [http-nio-127.0.0.1-8989-exec-10] .... DEBUG --- FilterChainProxy: /healthz has an empty filter list

2016-09-29T20:07:17.135627+00:00 05bf1627-ae2f-400c-b1ce-31973a9ff23f - - - [NXLOG@14506 bosh_deployment="cf-warden" bosh_job_name="uaa_z1" bosh_job_index="0" filename="/var/vcap/data/sys/log/uaa/uaa.log"] [2016-09-29 20:07:10.817] uaa - 19013 [http-nio-127.0.0.1-8989-exec-10] .... DEBUG --- DispatcherServlet: DispatcherServlet with name 'spring' processing GET request for [/healthz]

2016-09-29T20:07:17.135650+00:00 05bf1627-ae2f-400c-b1ce-31973a9ff23f - - - [NXLOG@14506 bosh_deployment="cf-warden" bosh_job_name="uaa_z1" bosh_job_index="0" filename="/var/vcap/data/sys/log/uaa/uaa.log"] [2016-09-29 20:07:10.817] uaa - 19013 [http-nio-127.0.0.1-8989-exec-10] .... DEBUG --- DispatcherServlet: Last-Modified value for [/healthz] is: -1

2016-09-29T20:07:17.135660+00:00 05bf1627-ae2f-400c-b1ce-31973a9ff23f - - - [NXLOG@14506 bosh_deployment="cf-warden" bosh_job_name="uaa_z1" bosh_job_index="0" filename="/var/vcap/data/sys/log/uaa/uaa.log"] [2016-09-29 20:07:10.817] uaa - 19013 [http-nio-127.0.0.1-8989-exec-10] .... DEBUG --- RequestResponseBodyMethodProcessor: Written [ok

2016-09-29T20:07:17.135669+00:00 05bf1627-ae2f-400c-b1ce-31973a9ff23f - - - [NXLOG@14506 bosh_deployment="cf-warden" bosh_job_name="uaa_z1" bosh_job_index="0" filename="/var/vcap/data/sys/log/uaa/uaa.log"] ] as "text/plain;charset=ISO-8859-1" using [org.springframework.http.converter.StringHttpMessageConverter@178b2baf]

2016-09-29T20:07:17.135678+00:00 05bf1627-ae2f-400c-b1ce-31973a9ff23f - - - [NXLOG@14506 bosh_deployment="cf-warden" bosh_job_name="uaa_z1" bosh_job_index="0" filename="/var/vcap/data/sys/log/uaa/uaa.log"] [2016-09-29 20:07:10.817] uaa - 19013 [http-nio-127.0.0.1-8989-exec-10] .... DEBUG --- DispatcherServlet: Null ModelAndView returned to DispatcherServlet with name 'spring': assuming HandlerAdapter completed request handling

2016-09-29T20:07:17.135699+00:00 05bf1627-ae2f-400c-b1ce-31973a9ff23f - - - [NXLOG@14506 bosh_deployment="cf-warden" bosh_job_name="uaa_z1" bosh_job_index="0" filename="/var/vcap/data/sys/log/uaa/uaa.log"] [2016-09-29 20:07:10.817] uaa - 19013 [http-nio-127.0.0.1-8989-exec-10] .... DEBUG --- DispatcherServlet: Successfully completed request

2016-09-29T20:07:17.135709+00:00 05bf1627-ae2f-400c-b1ce-31973a9ff23f - - - [NXLOG@14506 bosh_deployment="cf-warden" bosh_job_name="uaa_z1" bosh_job_index="0" filename="/var/vcap/data/sys/log/uaa/uaa.log"] [2016-09-29 20:07:10.822] uaa - 19013 [http-nio-127.0.0.1-8989-exec-9] .... DEBUG --- AntPathRequestMatcher: Checking match of request : '/healthz'; against '/resources/**'

2016-09-29T20:07:17.135719+00:00 05bf1627-ae2f-400c-b1ce-31973a9ff23f - - - [NXLOG@14506 bosh_deployment="cf-warden" bosh_job_name="uaa_z1" bosh_job_index="0" filename="/var/vcap/data/sys/log/uaa/uaa.log"] [2016-09-29 20:07:10.822] uaa - 19013 [http-nio-127.0.0.1-8989-exec-9] .... DEBUG --- AntPathRequestMatcher: Checking match of request : '/healthz'; against '/square-logo.png'

2016-09-29T20:07:17.135728+00:00 05bf1627-ae2f-400c-b1ce-31973a9ff23f - - - [NXLOG@14506 bosh_deployment="cf-warden" bosh_job_name="uaa_z1" bosh_job_index="0" filename="/var/vcap/data/sys/log/uaa/uaa.log"] [2016-09-29 20:07:10.822] uaa - 19013 [http-nio-127.0.0.1-8989-exec-9] .... DEBUG --- AntPathRequestMatcher: Checking match of request : '/healthz'; against '/info'

2016-09-29T20:07:17.135749+00:00 05bf1627-ae2f-400c-b1ce-31973a9ff23f - - - [NXLOG@14506 bosh_deployment="cf-warden" bosh_job_name="uaa_z1" bosh_job_index="0" filename="/var/vcap/data/sys/log/uaa/uaa.log"] [2016-09-29 20:07:10.822] uaa - 19013 [http-nio-127.0.0.1-8989-exec-9] .... DEBUG --- AntPathRequestMatcher: Checking match of request : '/healthz'; against '/password/**'

2016-09-29T20:07:17.135758+00:00 05bf1627-ae2f-400c-b1ce-31973a9ff23f - - - [NXLOG@14506 bosh_deployment="cf-warden" bosh_job_name="uaa_z1" bosh_job_index="0" filename="/var/vcap/data/sys/log/uaa/uaa.log"] [2016-09-29 20:07:10.822] uaa - 19013 [http-nio-127.0.0.1-8989-exec-9] .... DEBUG --- AntPathRequestMatcher: Checking match of request : '/healthz'; against '/healthz/**'

2016-09-29T20:07:17.135768+00:00 05bf1627-ae2f-400c-b1ce-31973a9ff23f - - - [NXLOG@14506 bosh_deployment="cf-warden" bosh_job_name="uaa_z1" bosh_job_index="0" filename="/var/vcap/data/sys/log/uaa/uaa.log"] [2016-09-29 20:07:10.822] uaa - 19013 [http-nio-127.0.0.1-8989-exec-9] .... DEBUG --- FilterChainProxy: /healthz has an empty filter list

2016-09-29T20:07:17.135777+00:00 05bf1627-ae2f-400c-b1ce-31973a9ff23f - - - [NXLOG@14506 bosh_deployment="cf-warden" bosh_job_name="uaa_z1" bosh_job_index="0" filename="/var/vcap/data/sys/log/uaa/uaa.log"] [2016-09-29 20:07:10.822] uaa - 19013 [http-nio-127.0.0.1-8989-exec-9] .... DEBUG --- DispatcherServlet: DispatcherServlet with name 'spring' processing GET request for [/healthz]

2016-09-29T20:07:17.135799+00:00 05bf1627-ae2f-400c-b1ce-31973a9ff23f - - - [NXLOG@14506 bosh_deployment="cf-warden" bosh_job_name="uaa_z1" bosh_job_index="0" filename="/var/vcap/data/sys/log/uaa/uaa.log"] [2016-09-29 20:07:10.822] uaa - 19013 [http-nio-127.0.0.1-8989-exec-9] .... DEBUG --- DispatcherServlet: Last-Modified value for [/healthz] is: -1

2016-09-29T20:07:17.135809+00:00 05bf1627-ae2f-400c-b1ce-31973a9ff23f - - - [NXLOG@14506 bosh_deployment="cf-warden" bosh_job_name="uaa_z1" bosh_job_index="0" filename="/var/vcap/data/sys/log/uaa/uaa.log"] [2016-09-29 20:07:10.822] uaa - 19013 [http-nio-127.0.0.1-8989-exec-9] .... DEBUG --- RequestResponseBodyMethodProcessor: Written [ok

2016-09-29T20:07:17.135818+00:00 05bf1627-ae2f-400c-b1ce-31973a9ff23f - - - [NXLOG@14506 bosh_deployment="cf-warden" bosh_job_name="uaa_z1" bosh_job_index="0" filename="/var/vcap/data/sys/log/uaa/uaa.log"] ] as "text/plain;charset=ISO-8859-1" using [org.springframework.http.converter.StringHttpMessageConverter@178b2baf]

2016-09-29T20:07:17.135827+00:00 05bf1627-ae2f-400c-b1ce-31973a9ff23f - - - [NXLOG@14506 bosh_deployment="cf-warden" bosh_job_name="uaa_z1" bosh_job_index="0" filename="/var/vcap/data/sys/log/uaa/uaa.log"] [2016-09-29 20:07:10.822] uaa - 19013 [http-nio-127.0.0.1-8989-exec-9] .... DEBUG --- DispatcherServlet: Null ModelAndView returned to DispatcherServlet with name 'spring': assuming HandlerAdapter completed request handling

2016-09-29T20:07:17.135840+00:00 05bf1627-ae2f-400c-b1ce-31973a9ff23f - - - [NXLOG@14506 bosh_deployment="cf-warden" bosh_job_name="uaa_z1" bosh_job_index="0" filename="/var/vcap/data/sys/log/uaa/uaa.log"] [2016-09-29 20:07:10.822] uaa - 19013 [http-nio-127.0.0.1-8989-exec-9] .... DEBUG --- DispatcherServlet: Successfully completed request

2016-09-29T20:07:17.135849+00:00 05bf1627-ae2f-400c-b1ce-31973a9ff23f - - - [NXLOG@14506 bosh_deployment="cf-warden" bosh_job_name="uaa_z1" bosh_job_index="0" filename="/var/vcap/data/sys/log/uaa/uaa.log"] [2016-09-29 20:07:11.156] uaa - 19013 [pool-2-thread-1] .... DEBUG --- JdbcTemplate: Executing SQL query [select count(*) from oauth_client_details]

2016-09-29T20:07:17.135858+00:00 05bf1627-ae2f-400c-b1ce-31973a9ff23f - - - [NXLOG@14506 bosh_deployment="cf-warden" bosh_job_name="uaa_z1" bosh_job_index="0" filename="/var/vcap/data/sys/log/uaa/uaa.log"] [2016-09-29 20:07:11.158] uaa - 19013 [pool-2-thread-1] .... DEBUG --- JdbcTemplate: Executing SQL query [select count(*) from users]

2016-09-29T20:07:17.135879+00:00 05bf1627-ae2f-400c-b1ce-31973a9ff23f - - - [NXLOG@14506 bosh_deployment="cf-warden" bosh_job_name="uaa_z1" bosh_job_index="0" filename="/var/vcap/data/sys/log/uaa/uaa.log"] [2016-09-29 20:07:14.818] uaa - 19013 [http-nio-127.0.0.1-8989-exec-2] .... DEBUG --- AntPathRequestMatcher: Checking match of request : '/healthz'; against '/resources/**'

2016-09-29T20:07:17.135889+00:00 05bf1627-ae2f-400c-b1ce-31973a9ff23f - - - [NXLOG@14506 bosh_deployment="cf-warden" bosh_job_name="uaa_z1" bosh_job_index="0" filename="/var/vcap/data/sys/log/uaa/uaa.log"] [2016-09-29 20:07:14.818] uaa - 19013 [http-nio-127.0.0.1-8989-exec-2] .... DEBUG --- AntPathRequestMatcher: Checking match of request : '/healthz'; against '/square-logo.png'

2016-09-29T20:07:17.135898+00:00 05bf1627-ae2f-400c-b1ce-31973a9ff23f - - - [NXLOG@14506 bosh_deployment="cf-warden" bosh_job_name="uaa_z1" bosh_job_index="0" filename="/var/vcap/data/sys/log/uaa/uaa.log"] [2016-09-29 20:07:14.818] uaa - 19013 [http-nio-127.0.0.1-8989-exec-2] .... DEBUG --- AntPathRequestMatcher: Checking match of request : '/healthz'; against '/info'

2016-09-29T20:07:17.135907+00:00 05bf1627-ae2f-400c-b1ce-31973a9ff23f - - - [NXLOG@14506 bosh_deployment="cf-warden" bosh_job_name="uaa_z1" bosh_job_index="0" filename="/var/vcap/data/sys/log/uaa/uaa.log"] [2016-09-29 20:07:14.818] uaa - 19013 [http-nio-127.0.0.1-8989-exec-2] .... DEBUG --- AntPathRequestMatcher: Checking match of request : '/healthz'; against '/password/**'

2016-09-29T20:07:17.135916+00:00 05bf1627-ae2f-400c-b1ce-31973a9ff23f - - - [NXLOG@14506 bosh_deployment="cf-warden" bosh_job_name="uaa_z1" bosh_job_index="0" filename="/var/vcap/data/sys/log/uaa/uaa.log"] [2016-09-29 20:07:14.818] uaa - 19013 [http-nio-127.0.0.1-8989-exec-2] .... DEBUG --- AntPathRequestMatcher: Checking match of request : '/healthz'; against '/healthz/**'

2016-09-29T20:07:17.135929+00:00 05bf1627-ae2f-400c-b1ce-31973a9ff23f - - - [NXLOG@14506 bosh_deployment="cf-warden" bosh_job_name="uaa_z1" bosh_job_index="0" filename="/var/vcap/data/sys/log/uaa/uaa.log"] [2016-09-29 20:07:14.818] uaa - 19013 [http-nio-127.0.0.1-8989-exec-2] .... DEBUG --- FilterChainProxy: /healthz has an empty filter list

2016-09-29T20:07:17.135937+00:00 05bf1627-ae2f-400c-b1ce-31973a9ff23f - - - [NXLOG@14506 bosh_deployment="cf-warden" bosh_job_name="uaa_z1" bosh_job_index="0" filename="/var/vcap/data/sys/log/uaa/uaa.log"] [2016-09-29 20:07:14.818] uaa - 19013 [http-nio-127.0.0.1-8989-exec-2] .... DEBUG --- DispatcherServlet: DispatcherServlet with name 'spring' processing GET request for [/healthz]

2016-09-29T20:07:17.135946+00:00 05bf1627-ae2f-400c-b1ce-31973a9ff23f - - - [NXLOG@14506 bosh_deployment="cf-warden" bosh_job_name="uaa_z1" bosh_job_index="0" filename="/var/vcap/data/sys/log/uaa/uaa.log"] [2016-09-29 20:07:14.818] uaa - 19013 [http-nio-127.0.0.1-8989-exec-2] .... DEBUG --- DispatcherServlet: Last-Modified value for [/healthz] is: -1

2016-09-29T20:07:17.135958+00:00 05bf1627-ae2f-400c-b1ce-31973a9ff23f - - - [NXLOG@14506 bosh_deployment="cf-warden" bosh_job_name="uaa_z1" bosh_job_index="0" filename="/var/vcap/data/sys/log/uaa/uaa.log"] [2016-09-29 20:07:14.818] uaa - 19013 [http-nio-127.0.0.1-8989-exec-2] .... DEBUG --- RequestResponseBodyMethodProcessor: Written [ok

2016-09-29T20:07:17.135967+00:00 05bf1627-ae2f-400c-b1ce-31973a9ff23f - - - [NXLOG@14506 bosh_deployment="cf-warden" bosh_job_name="uaa_z1" bosh_job_index="0" filename="/var/vcap/data/sys/log/uaa/uaa.log"] ] as "text/plain;charset=ISO-8859-1" using [org.springframework.http.converter.StringHttpMessageConverter@178b2baf]

2016-09-29T20:07:17.135975+00:00 05bf1627-ae2f-400c-b1ce-31973a9ff23f - - - [NXLOG@14506 bosh_deployment="cf-warden" bosh_job_name="uaa_z1" bosh_job_index="0" filename="/var/vcap/data/sys/log/uaa/uaa.log"] [2016-09-29 20:07:14.818] uaa - 19013 [http-nio-127.0.0.1-8989-exec-2] .... DEBUG --- DispatcherServlet: Null ModelAndView returned to DispatcherServlet with name 'spring': assuming HandlerAdapter completed request handling

2016-09-29T20:07:17.135987+00:00 05bf1627-ae2f-400c-b1ce-31973a9ff23f - - - [NXLOG@14506 bosh_deployment="cf-warden" bosh_job_name="uaa_z1" bosh_job_index="0" filename="/var/vcap/data/sys/log/uaa/uaa.log"] [2016-09-29 20:07:14.818] uaa - 19013 [http-nio-127.0.0.1-8989-exec-2] .... DEBUG --- DispatcherServlet: Successfully completed request

2016-09-29T20:07:17.135996+00:00 05bf1627-ae2f-400c-b1ce-31973a9ff23f - - - [NXLOG@14506 bosh_deployment="cf-warden" bosh_job_name="uaa_z1" bosh_job_index="0" filename="/var/vcap/data/sys/log/uaa/uaa.log"] [2016-09-29 20:07:16.156] uaa - 19013 [pool-2-thread-1] .... DEBUG --- JdbcTemplate: Executing SQL query [select count(*) from oauth_client_details]

2016-09-29T20:07:17.136005+00:00 05bf1627-ae2f-400c-b1ce-31973a9ff23f - - - [NXLOG@14506 bosh_deployment="cf-warden" bosh_job_name="uaa_z1" bosh_job_index="0" filename="/var/vcap/data/sys/log/uaa/uaa.log"] [2016-09-29 20:07:16.158] uaa - 19013 [pool-2-thread-1] .... DEBUG --- JdbcTemplate: Executing SQL query [select count(*) from users]

2016-09-29T20:07:26.987290+00:00 bfc626ef-a2eb-4bad-8f71-fa1d6d0f927f - - - [NXLOG@14506 bosh_deployment="cf-warden" bosh_job_name="loggregator_trafficcontroller_z1" bosh_job_index="0" filename="/var/vcap/data/sys/log/route_registrar/route_registrar.stdout.log"] {"timestamp":"1475179646.734172106","source":"Route Registrar","message":"Route Registrar.no healthchecker found for route","log_level":1,"data":{"route":{"Name":"doppler","Port":8081,"Tags":null,"URIs":["doppler.bosh-lite.com"],"RouteServiceUrl":"","RegistrationInterval":20000000000,"HealthCheck":null}}}

2016-09-29T20:07:26.987396+00:00 bfc626ef-a2eb-4bad-8f71-fa1d6d0f927f - - - [NXLOG@14506 bosh_deployment="cf-warden" bosh_job_name="loggregator_trafficcontroller_z1" bosh_job_index="0" filename="/var/vcap/data/sys/log/route_registrar/route_registrar.stdout.log"] {"timestamp":"1475179646.734276533","source":"Route Registrar","message":"Route Registrar.Registering route","log_level":1,"data":{"route":{"Name":"doppler","Port":8081,"Tags":null,"URIs":["doppler.bosh-lite.com"],"RouteServiceUrl":"","RegistrationInterval":20000000000,"HealthCheck":null}}}

2016-09-29T20:07:26.987439+00:00 bfc626ef-a2eb-4bad-8f71-fa1d6d0f927f - - - [NXLOG@14506 bosh_deployment="cf-warden" bosh_job_name="loggregator_trafficcontroller_z1" bosh_job_index="0" filename="/var/vcap/data/sys/log/route_registrar/route_registrar.stdout.log"] {"timestamp":"1475179646.734344244","source":"Route Registrar","message":"Route Registrar.Registered routes successfully","log_level":1,"data":{}}

2016-09-29T20:07:26.987478+00:00 bfc626ef-a2eb-4bad-8f71-fa1d6d0f927f - - - [NXLOG@14506 bosh_deployment="cf-warden" bosh_job_name="loggregator_trafficcontroller_z1" bosh_job_index="0" filename="/var/vcap/data/sys/log/route_registrar/route_registrar.stdout.log"] {"timestamp":"1475179646.734359026","source":"Route Registrar","message":"Route Registrar.no healthchecker found for route","log_level":1,"data":{"route":{"Name":"loggregator","Port":8080,"Tags":null,"URIs":["loggregator.bosh-lite.com"],"RouteServiceUrl":"","RegistrationInterval":20000000000,"HealthCheck":null}}}

2016-09-29T20:07:26.987518+00:00 bfc626ef-a2eb-4bad-8f71-fa1d6d0f927f - - - [NXLOG@14506 bosh_deployment="cf-warden" bosh_job_name="loggregator_trafficcontroller_z1" bosh_job_index="0" filename="/var/vcap/data/sys/log/route_registrar/route_registrar.stdout.log"] {"timestamp":"1475179646.734374762","source":"Route Registrar","message":"Route Registrar.Registering route","log_level":1,"data":{"route":{"Name":"loggregator","Port":8080,"Tags":null,"URIs":["loggregator.bosh-lite.com"],"RouteServiceUrl":"","RegistrationInterval":20000000000,"HealthCheck":null}}}

2016-09-29T20:07:26.987558+00:00 bfc626ef-a2eb-4bad-8f71-fa1d6d0f927f - - - [NXLOG@14506 bosh_deployment="cf-warden" bosh_job_name="loggregator_trafficcontroller_z1" bosh_job_index="0" filename="/var/vcap/data/sys/log/route_registrar/route_registrar.stdout.log"] {"timestamp":"1475179646.734414816","source":"Route Registrar","message":"Route Registrar.Registered routes successfully","log_level":1,"data":{}}

2016-09-29T20:07:26.994067+00:00 fc52b791-0068-48d0-b63d-a9600b8fa32e - - - [NXLOG@14506 bosh_deployment="cf-warden" bosh_job_name="runner_z1" bosh_job_index="0" filename="/var/vcap/data/sys/log/dea_next/dea_next.log"] {"timestamp":1475179641.8237658,"message":"hm9000.heartbeat.sending","log_level":"debug","source":"Dea::Bootstrap","data":{"destination":"https://listener-hm9000.service.cf.internal:5335/dea/heartbeat"},"thread_id":47241037142420,"fiber_id":47241050325380,"process_id":6941,"file":"/var/vcap/packages/dea_next/lib/dea/utils/hm9000.rb","lineno":29,"method":"send_heartbeat"}

2016-09-29T20:07:26.994166+00:00 fc52b791-0068-48d0-b63d-a9600b8fa32e - - - [NXLOG@14506 bosh_deployment="cf-warden" bosh_job_name="runner_z1" bosh_job_index="0" filename="/var/vcap/data/sys/log/dea_next/dea_next.log"] {"timestamp":1475179641.8368676,"message":"hm9000.heartbeat.accepted","log_level":"debug","source":"Dea::Bootstrap","data":{},"thread_id":47241050153780,"fiber_id":47241051299020,"process_id":6941,"file":"/var/vcap/packages/dea_next/lib/dea/utils/hm9000.rb","lineno":49,"method":"handle_http_response"}

2016-09-29T20:07:27.133435+00:00 05bf1627-ae2f-400c-b1ce-31973a9ff23f - - - [NXLOG@14506 bosh_deployment="cf-warden" bosh_job_name="uaa_z1" bosh_job_index="0" filename="/var/vcap/data/sys/log/uaa/localhost_access.log"] 127.0.0.1 - - [29/Sep/2016:20:07:10 +0000] "GET /healthz HTTP/1.1" 200 3

2016-09-29T20:07:27.133570+00:00 05bf1627-ae2f-400c-b1ce-31973a9ff23f - - - [NXLOG@14506 bosh_deployment="cf-warden" bosh_job_name="uaa_z1" bosh_job_index="0" filename="/var/vcap/data/sys/log/uaa/localhost_access.log"] 127.0.0.1 - - [29/Sep/2016:20:07:10 +0000] "GET /healthz HTTP/1.1" 200 3

2016-09-29T20:07:27.133636+00:00 05bf1627-ae2f-400c-b1ce-31973a9ff23f - - - [NXLOG@14506 bosh_deployment="cf-warden" bosh_job_name="uaa_z1" bosh_job_index="0" filename="/var/vcap/data/sys/log/uaa/localhost_access.log"] 127.0.0.1 - - [29/Sep/2016:20:07:14 +0000] "GET /healthz HTTP/1.1" 200 3

2016-09-29T20:07:27.133677+00:00 05bf1627-ae2f-400c-b1ce-31973a9ff23f - - - [NXLOG@14506 bosh_deployment="cf-warden" bosh_job_name="uaa_z1" bosh_job_index="0" filename="/var/vcap/data/sys/log/route_registrar/route_registrar.stdout.log"] {"timestamp":"1475179638.808309078","source":"Route Registrar","message":"Route Registrar.Executing script","log_level":1,"data":{"scriptPath":"/var/vcap/jobs/uaa/bin/health_check"}}

2016-09-29T20:07:27.133718+00:00 05bf1627-ae2f-400c-b1ce-31973a9ff23f - - - [NXLOG@14506 bosh_deployment="cf-warden" bosh_job_name="uaa_z1" bosh_job_index="0" filename="/var/vcap/data/sys/log/route_registrar/route_registrar.stdout.log"] {"timestamp":"1475179638.819787979","source":"Route Registrar","message":"Route Registrar.Script exited without error","log_level":1,"data":{"script":"/var/vcap/jobs/uaa/bin/health_check","stderr":"  % Total    % Received % Xferd  Average Speed   Time    Time     Time  Current\n                                 Dload  Upload   Total   Spent    Left  Speed\n\r  0     0    0     0    0     0      0      0 --:--:-- --:--:-- --:--:--     0\r100     3  100     3    0     0   2191      0 --:--:-- --:--:-- --:--:--  3000\n","stdout":""}}

2016-09-29T20:07:27.133772+00:00 05bf1627-ae2f-400c-b1ce-31973a9ff23f - - - [NXLOG@14506 bosh_deployment="cf-warden" bosh_job_name="uaa_z1" bosh_job_index="0" filename="/var/vcap/data/sys/log/route_registrar/route_registrar.stdout.log"] {"timestamp":"1475179638.819867373","source":"Route Registrar","message":"Route Registrar.healthchecker returned healthy for route","log_level":1,"data":{"route":{"Name":"uaa","Port":8080,"Tags":{"component":"uaa"},"URIs":["uaa.bosh-lite.com","*.uaa.bosh-lite.com","login.bosh-lite.com","*.login.bosh-lite.com"],"RouteServiceUrl":"","RegistrationInterval":4000000000,"HealthCheck":{"Name":"uaa-healthcheck","ScriptPath":"/var/vcap/jobs/uaa/bin/health_check","Timeout":2000000000}}}}

2016-09-29T20:07:36.994863+00:00 fc52b791-0068-48d0-b63d-a9600b8fa32e - - - [NXLOG@14506 bosh_deployment="cf-warden" bosh_job_name="runner_z1" bosh_job_index="0" filename="/var/vcap/data/sys/log/dea_next/dea_next.log"] {"timestamp":1475179651.8258479,"message":"hm9000.heartbeat.sending","log_level":"debug","source":"Dea::Bootstrap","data":{"destination":"https://listener-hm9000.service.cf.internal:5335/dea/heartbeat"},"thread_id":47241037142420,"fiber_id":47241050325380,"process_id":6941,"file":"/var/vcap/packages/dea_next/lib/dea/utils/hm9000.rb","lineno":29,"method":"send_heartbeat"}

2016-09-29T20:07:36.995059+00:00 fc52b791-0068-48d0-b63d-a9600b8fa32e - - - [NXLOG@14506 bosh_deployment="cf-warden" bosh_job_name="runner_z1" bosh_job_index="0" filename="/var/vcap/data/sys/log/dea_next/dea_next.log"] {"timestamp":1475179651.8298173,"message":"hm9000.heartbeat.accepted","log_level":"debug","source":"Dea::Bootstrap","data":{},"thread_id":47241050154720,"fiber_id":47241051243860,"process_id":6941,"file":"/var/vcap/packages/dea_next/lib/dea/utils/hm9000.rb","lineno":49,"method":"handle_http_response"}

2016-09-29T20:07:36.995126+00:00 fc52b791-0068-48d0-b63d-a9600b8fa32e - - - [NXLOG@14506 bosh_deployment="cf-warden" bosh_job_name="runner_z1" bosh_job_index="0" filename="/var/vcap/data/sys/log/dea_next/dea_next.log"] {"timestamp":1475179656.1158075,"message":"Reaping orphaned containers","log_level":"debug","source":"Dea::Bootstrap","data":{},"thread_id":47241037142420,"fiber_id":47241050325380,"process_id":6941,"file":"/var/vcap/packages/dea_next/lib/dea/bootstrap.rb","lineno":236,"method":"reap_orphaned_containers"}

2016-09-29T20:07:37.133571+00:00 f0562343-642f-42d4-aca5-293abe675815 - - - [NXLOG@14506 bosh_deployment="cf-warden" bosh_job_name="blobstore_z1" bosh_job_index="0" filename="/var/vcap/data/sys/log/route_registrar/route_registrar.stdout.log"] {"timestamp":"1475179648.512999535","source":"Route Registrar","message":"Route Registrar.no healthchecker found for route","log_level":1,"data":{"route":{"Name":"blobstore","Port":80,"Tags":{"component":"blobstore"},"URIs":["blobstore.bosh-lite.com"],"RouteServiceUrl":"","RegistrationInterval":20000000000,"HealthCheck":null}}}

2016-09-29T20:07:37.133711+00:00 f0562343-642f-42d4-aca5-293abe675815 - - - [NXLOG@14506 bosh_deployment="cf-warden" bosh_job_name="blobstore_z1" bosh_job_index="0" filename="/var/vcap/data/sys/log/route_registrar/route_registrar.stdout.log"] {"timestamp":"1475179648.513078690","source":"Route Registrar","message":"Route Registrar.Registering route","log_level":1,"data":{"route":{"Name":"blobstore","Port":80,"Tags":{"component":"blobstore"},"URIs":["blobstore.bosh-lite.com"],"RouteServiceUrl":"","RegistrationInterval":20000000000,"HealthCheck":null}}}

2016-09-29T20:07:37.133756+00:00 f0562343-642f-42d4-aca5-293abe675815 - - - [NXLOG@14506 bosh_deployment="cf-warden" bosh_job_name="blobstore_z1" bosh_job_index="0" filename="/var/vcap/data/sys/log/route_registrar/route_registrar.stdout.log"] {"timestamp":"1475179648.513168573","source":"Route Registrar","message":"Route Registrar.Registered routes successfully","log_level":1,"data":{}}

2016-09-29T20:07:37.134972+00:00 b0fa19c0-86de-4447-a670-3f7adbd0b3c1 - - - [NXLOG@14506 bosh_deployment="cf-warden" bosh_job_name="api_z1" bosh_job_index="0" filename="/var/vcap/data/sys/log/cloud_controller_worker/cloud_controller_worker.log"] {"timestamp":1475179648.443124,"message":"(0.000494s) SELECT * FROM \"delayed_jobs\" WHERE ((((\"run_at\" <= '2016-09-29 20:07:28.442120+0000') AND (\"locked_at\" IS NULL)) OR (\"locked_by\" = 'cc_global_worker.api_z1.0.1')) AND (\"failed_at\" IS NULL) AND (\"queue\" IN ('cc-generic'))) ORDER BY \"priority\" ASC, \"run_at\" ASC LIMIT 5","log_level":"debug2","source":"cc.background","data":{},"thread_id":47193737007380,"fiber_id":47193773841900,"process_id":15807,"file":"/var/vcap/packages/cloud_controller_ng/cloud_controller_ng/vendor/bundle/ruby/2.3.0/gems/sequel-4.29.0/lib/sequel/database/logging.rb","lineno":70,"method":"block in log_each"}

2016-09-29T20:07:37.135052+00:00 b0fa19c0-86de-4447-a670-3f7adbd0b3c1 - - - [NXLOG@14506 bosh_deployment="cf-warden" bosh_job_name="api_z1" bosh_job_index="0" filename="/var/vcap/data/sys/log/cloud_controller_worker/cloud_controller_worker.log"] {"timestamp":1475179653.4631557,"message":"(0.000579s) SELECT * FROM \"delayed_jobs\" WHERE ((((\"run_at\" <= '2016-09-29 20:07:33.462058+0000') AND (\"locked_at\" IS NULL)) OR (\"locked_by\" = 'cc_global_worker.api_z1.0.1')) AND (\"failed_at\" IS NULL) AND (\"queue\" IN ('cc-generic'))) ORDER BY \"priority\" ASC, \"run_at\" ASC LIMIT 5","log_level":"debug2","source":"cc.background","data":{},"thread_id":47193737007380,"fiber_id":47193773841900,"process_id":15807,"file":"/var/vcap/packages/cloud_controller_ng/cloud_controller_ng/vendor/bundle/ruby/2.3.0/gems/sequel-4.29.0/lib/sequel/database/logging.rb","lineno":70,"method":"block in log_each"}

2016-09-29T20:07:37.135098+00:00 b0fa19c0-86de-4447-a670-3f7adbd0b3c1 - - - [NXLOG@14506 bosh_deployment="cf-warden" bosh_job_name="api_z1" bosh_job_index="0" filename="/var/vcap/data/sys/log/nginx_cc/nginx.access.log"] 10.244.0.138 - [29/Sep/2016:20:07:27 +0000] "GET /v2/info HTTP/1.1" 200 802 "-" "monit/5.2.5" 10.244.0.138 vcap_request_id:969caeae-5279-40f0-b275-80075184cc73 response_time:0.004

2016-09-29T20:07:37.135136+00:00 b0fa19c0-86de-4447-a670-3f7adbd0b3c1 - - - [NXLOG@14506 bosh_deployment="cf-warden" bosh_job_name="api_z1" bosh_job_index="0" filename="/var/vcap/data/sys/log/nginx_cc/nginx.access.log"] api.bosh-lite.com - [29/Sep/2016:20:07:30 +0000] "GET /v2/syslog_drain_urls?batch_size=1000 HTTP/1.1" 200 326 "-" "Go-http-client/1.1" 10.244.0.146, 10.244.0.34, 10.244.0.22 vcap_request_id:6129118e-f247-404f-4e50-863e16a566e8::baee341c-21f1-4f63-9d8e-d37e1f5ee406 response_time:0.004

2016-09-29T20:07:37.135192+00:00 b0fa19c0-86de-4447-a670-3f7adbd0b3c1 - - - [NXLOG@14506 bosh_deployment="cf-warden" bosh_job_name="api_z1" bosh_job_index="0" filename="/var/vcap/data/sys/log/cloud_controller_ng/cloud_controller_ng.log"] {"timestamp":1475179647.4366155,"message":"Statsd: cc.requests.outstanding:1|c","log_level":"debug","source":"statsd.client","data":{},"thread_id":47062185509880,"fiber_id":47062155394860,"process_id":15535,"file":"/var/vcap/packages/cloud_controller_ng/cloud_controller_ng/vendor/bundle/ruby/2.3.0/gems/statsd-ruby-1.2.1/lib/statsd.rb","lineno":254,"method":"send_to_socket"}

2016-09-29T20:07:37.135232+00:00 b0fa19c0-86de-4447-a670-3f7adbd0b3c1 - - - [NXLOG@14506 bosh_deployment="cf-warden" bosh_job_name="api_z1" bosh_job_index="0" filename="/var/vcap/data/sys/log/cloud_controller_ng/cloud_controller_ng.log"] {"timestamp":1475179647.4370987,"message":"Started GET \"/v2/info\" for user: , ip: 127.0.0.1 with vcap-request-id: 969caeae-5279-40f0-b275-80075184cc73 at 2016-09-29 20:07:27 UTC","log_level":"info","source":"cc.api","data":{},"thread_id":47062185509880,"fiber_id":47062155394860,"process_id":15535,"file":"/var/vcap/packages/cloud_controller_ng/cloud_controller_ng/middleware/request_logs.rb","lineno":12,"method":"call"}

2016-09-29T20:07:37.135272+00:00 b0fa19c0-86de-4447-a670-3f7adbd0b3c1 - - - [NXLOG@14506 bosh_deployment="cf-warden" bosh_job_name="api_z1" bosh_job_index="0" filename="/var/vcap/data/sys/log/cloud_controller_ng/cloud_controller_ng.log"] {"timestamp":1475179647.437889,"message":"dispatch VCAP::CloudController::InfoController get /v2/info","log_level":"debug","source":"cc.api","data":{"request_guid":"969caeae-5279-40f0-b275-80075184cc73"},"thread_id":47062185509880,"fiber_id":47062155394860,"process_id":15535,"file":"/var/vcap/data/packages/cloud_controller_ng/f87cb49aa2cd87792cb9c2211a79e1542502be4d.1-b1a5f3c830cb6c32ae9e685628b24aa967f5ae54/cloud_controller_ng/lib/cloud_controller/rest_controller/routes.rb","lineno":12,"method":"block in define_route"}

2016-09-29T20:07:37.135309+00:00 b0fa19c0-86de-4447-a670-3f7adbd0b3c1 - - - [NXLOG@14506 bosh_deployment="cf-warden" bosh_job_name="api_z1" bosh_job_index="0" filename="/var/vcap/data/sys/log/cloud_controller_ng/cloud_controller_ng.log"] {"timestamp":1475179647.4380617,"message":"parse_params: {} ","log_level":"debug","source":"cc.api","data":{"request_guid":"969caeae-5279-40f0-b275-80075184cc73"},"thread_id":47062185509880,"fiber_id":47062155394860,"process_id":15535,"file":"/var/vcap/data/packages/cloud_controller_ng/f87cb49aa2cd87792cb9c2211a79e1542502be4d.1-b1a5f3c830cb6c32ae9e685628b24aa967f5ae54/cloud_controller_ng/lib/cloud_controller/rest_controller/common_params.rb","lineno":10,"method":"parse"}

2016-09-29T20:07:37.135347+00:00 b0fa19c0-86de-4447-a670-3f7adbd0b3c1 - - - [NXLOG@14506 bosh_deployment="cf-warden" bosh_job_name="api_z1" bosh_job_index="0" filename="/var/vcap/data/sys/log/cloud_controller_ng/cloud_controller_ng.log"] {"timestamp":1475179647.438186,"message":"cc.dispatch","log_level":"debug","source":"cc.api","data":{"request_guid":"969caeae-5279-40f0-b275-80075184cc73","endpoint":"read","args":[]},"thread_id":47062185509880,"fiber_id":47062155394860,"process_id":15535,"file":"/var/vcap/data/packages/cloud_controller_ng/f87cb49aa2cd87792cb9c2211a79e1542502be4d.1-b1a5f3c830cb6c32ae9e685628b24aa967f5ae54/cloud_controller_ng/app/controllers/base/base_controller.rb","lineno":78,"method":"dispatch"}

2016-09-29T20:07:37.135384+00:00 b0fa19c0-86de-4447-a670-3f7adbd0b3c1 - - - [NXLOG@14506 bosh_deployment="cf-warden" bosh_job_name="api_z1" bosh_job_index="0" filename="/var/vcap/data/sys/log/cloud_controller_ng/cloud_controller_ng.log"] {"timestamp":1475179647.438329,"message":"Completed 200 vcap-request-id: 969caeae-5279-40f0-b275-80075184cc73","log_level":"info","source":"cc.api","data":{},"thread_id":47062185509880,"fiber_id":47062155394860,"process_id":15535,"file":"/var/vcap/packages/cloud_controller_ng/cloud_controller_ng/middleware/request_logs.rb","lineno":24,"method":"call"}

2016-09-29T20:07:37.135422+00:00 b0fa19c0-86de-4447-a670-3f7adbd0b3c1 - - - [NXLOG@14506 bosh_deployment="cf-warden" bosh_job_name="api_z1" bosh_job_index="0" filename="/var/vcap/data/sys/log/cloud_controller_ng/cloud_controller_ng.log"] {"timestamp":1475179647.43849,"message":"Statsd: cc.requests.outstanding:-1|c\ncc.requests.completed:1|c\ncc.http_status.2XX:1|c","log_level":"debug","source":"statsd.client","data":{},"thread_id":47062185509880,"fiber_id":47062155394860,"process_id":15535,"file":"/var/vcap/packages/cloud_controller_ng/cloud_controller_ng/vendor/bundle/ruby/2.3.0/gems/statsd-ruby-1.2.1/lib/statsd.rb","lineno":254,"method":"send_to_socket"}

2016-09-29T20:07:37.135478+00:00 b0fa19c0-86de-4447-a670-3f7adbd0b3c1 - - - [NXLOG@14506 bosh_deployment="cf-warden" bosh_job_name="api_z1" bosh_job_index="0" filename="/var/vcap/data/sys/log/cloud_controller_ng/cloud_controller_ng.log"] {"timestamp":1475179648.4418457,"message":"(0.000823s) SELECT * FROM \"delayed_jobs\" WHERE ((((\"run_at\" <= '2016-09-29 20:07:28.440224+0000') AND (\"locked_at\" IS NULL)) OR (\"locked_by\" = 'cc_api_worker.api_z1.0.2')) AND (\"failed_at\" IS NULL) AND (\"queue\" IN ('cc-api_z1-0'))) ORDER BY \"priority\" ASC, \"run_at\" ASC LIMIT 5","log_level":"debug2","source":"cc.background","data":{},"thread_id":47118928261380,"fiber_id":47118965175380,"process_id":15629,"file":"/var/vcap/packages/cloud_controller_ng/cloud_controller_ng/vendor/bundle/ruby/2.3.0/gems/sequel-4.29.0/lib/sequel/database/logging.rb","lineno":70,"method":"block in log_each"}

2016-09-29T20:07:37.135495+00:00 b0fa19c0-86de-4447-a670-3f7adbd0b3c1 - - - [NXLOG@14506 bosh_deployment="cf-warden" bosh_job_name="api_z1" bosh_job_index="0" filename="/var/vcap/data/sys/log/cloud_controller_ng/cloud_controller_ng.log"] {"timestamp":1475179649.6378887,"message":"(0.000576s) SELECT * FROM \"delayed_jobs\" WHERE ((((\"run_at\" <= '2016-09-29 20:07:29.636734+0000') AND (\"locked_at\" IS NULL)) OR (\"locked_by\" = 'cc_api_worker.api_z1.0.1')) AND (\"failed_at\" IS NULL) AND (\"queue\" IN ('cc-api_z1-0'))) ORDER BY \"priority\" ASC, \"run_at\" ASC LIMIT 5","log_level":"debug2","source":"cc.background","data":{},"thread_id":47452862460180,"fiber_id":47452899698480,"process_id":15587,"file":"/var/vcap/packages/cloud_controller_ng/cloud_controller_ng/vendor/bundle/ruby/2.3.0/gems/sequel-4.29.0/lib/sequel/database/logging.rb","lineno":70,"method":"block in log_each"}

2016-09-29T20:07:37.135581+00:00 b0fa19c0-86de-4447-a670-3f7adbd0b3c1 - - - [NXLOG@14506 bosh_deployment="cf-warden" bosh_job_name="api_z1" bosh_job_index="0" filename="/var/vcap/data/sys/log/cloud_controller_ng/cloud_controller_ng.log"] {"timestamp":1475179650.9397025,"message":"Statsd: cc.requests.outstanding:1|c","log_level":"debug","source":"statsd.client","data":{},"thread_id":47062185510540,"fiber_id":47062184968220,"process_id":15535,"file":"/var/vcap/packages/cloud_controller_ng/cloud_controller_ng/vendor/bundle/ruby/2.3.0/gems/statsd-ruby-1.2.1/lib/statsd.rb","lineno":254,"method":"send_to_socket"}

2016-09-29T20:07:37.135684+00:00 b0fa19c0-86de-4447-a670-3f7adbd0b3c1 - - - [NXLOG@14506 bosh_deployment="cf-warden" bosh_job_name="api_z1" bosh_job_index="0" filename="/var/vcap/data/sys/log/cloud_controller_ng/cloud_controller_ng.log"] {"timestamp":1475179650.9402287,"message":"Started GET \"/v2/syslog_drain_urls?batch_size=1000\" for user: , ip: 127.0.0.1 with vcap-request-id: 6129118e-f247-404f-4e50-863e16a566e8::baee341c-21f1-4f63-9d8e-d37e1f5ee406 at 2016-09-29 20:07:30 UTC","log_level":"info","source":"cc.api","data":{},"thread_id":47062185510540,"fiber_id":47062184968220,"process_id":15535,"file":"/var/vcap/packages/cloud_controller_ng/cloud_controller_ng/middleware/request_logs.rb","lineno":12,"method":"call"}

2016-09-29T20:07:37.135728+00:00 b0fa19c0-86de-4447-a670-3f7adbd0b3c1 - - - [NXLOG@14506 bosh_deployment="cf-warden" bosh_job_name="api_z1" bosh_job_index="0" filename="/var/vcap/data/sys/log/cloud_controller_ng/cloud_controller_ng.log"] {"timestamp":1475179650.9409251,"message":"dispatch VCAP::CloudController::SyslogDrainUrlsController get /v2/syslog_drain_urls","log_level":"debug","source":"cc.api","data":{"request_guid":"6129118e-f247-404f-4e50-863e16a566e8::baee341c-21f1-4f63-9d8e-d37e1f5ee406"},"thread_id":47062185510540,"fiber_id":47062184968220,"process_id":15535,"file":"/var/vcap/data/packages/cloud_controller_ng/f87cb49aa2cd87792cb9c2211a79e1542502be4d.1-b1a5f3c830cb6c32ae9e685628b24aa967f5ae54/cloud_controller_ng/lib/cloud_controller/rest_controller/routes.rb","lineno":12,"method":"block in define_route"}

2016-09-29T20:07:37.135776+00:00 b0fa19c0-86de-4447-a670-3f7adbd0b3c1 - - - [NXLOG@14506 bosh_deployment="cf-warden" bosh_job_name="api_z1" bosh_job_index="0" filename="/var/vcap/data/sys/log/cloud_controller_ng/cloud_controller_ng.log"] {"timestamp":1475179650.9411228,"message":"parse_params: {\"batch_size\"=>\"1000\"} batch_size=1000","log_level":"debug","source":"cc.api","data":{"request_guid":"6129118e-f247-404f-4e50-863e16a566e8::baee341c-21f1-4f63-9d8e-d37e1f5ee406"},"thread_id":47062185510540,"fiber_id":47062184968220,"process_id":15535,"file":"/var/vcap/data/packages/cloud_controller_ng/f87cb49aa2cd87792cb9c2211a79e1542502be4d.1-b1a5f3c830cb6c32ae9e685628b24aa967f5ae54/cloud_controller_ng/lib/cloud_controller/rest_controller/common_params.rb","lineno":10,"method":"parse"}

2016-09-29T20:07:37.135837+00:00 b0fa19c0-86de-4447-a670-3f7adbd0b3c1 - - - [NXLOG@14506 bosh_deployment="cf-warden" bosh_job_name="api_z1" bosh_job_index="0" filename="/var/vcap/data/sys/log/cloud_controller_ng/cloud_controller_ng.log"] {"timestamp":1475179650.9412808,"message":"cc.dispatch","log_level":"debug","source":"cc.api","data":{"request_guid":"6129118e-f247-404f-4e50-863e16a566e8::baee341c-21f1-4f63-9d8e-d37e1f5ee406","endpoint":"list","args":[]},"thread_id":47062185510540,"fiber_id":47062184968220,"process_id":15535,"file":"/var/vcap/data/packages/cloud_controller_ng/f87cb49aa2cd87792cb9c2211a79e1542502be4d.1-b1a5f3c830cb6c32ae9e685628b24aa967f5ae54/cloud_controller_ng/app/controllers/base/base_controller.rb","lineno":78,"method":"dispatch"}

2016-09-29T20:07:37.135855+00:00 b0fa19c0-86de-4447-a670-3f7adbd0b3c1 - - - [NXLOG@14506 bosh_deployment="cf-warden" bosh_job_name="api_z1" bosh_job_index="0" filename="/var/vcap/data/sys/log/cloud_controller_ng/cloud_controller_ng.log"] {"timestamp":1475179650.9427233,"message":"(0.000738s) SELECT \"apps\".\"guid\", string_agg(\"service_bindings\".\"syslog_drain_url\", ',') AS \"syslog_drain_urls\" FROM \"apps\" INNER JOIN \"service_bindings\" ON (\"service_bindings\".\"app_id\" = \"apps\".\"id\") WHERE ((syslog_drain_url IS NOT NULL) AND (syslog_drain_url != '')) GROUP BY \"apps\".\"guid\" UNION ALL (SELECT \"apps_v3\".\"guid\", string_agg(\"v3_service_bindings\".\"syslog_drain_url\", ',') AS \"syslog_drain_urls\" FROM \"apps_v3\" INNER JOIN \"v3_service_bindings\" ON (\"v3_service_bindings\".\"app_id\" = \"apps_v3\".\"id\") WHERE ((syslog_drain_url IS NOT NULL) AND (syslog_drain_url != '')) GROUP BY \"apps_v3\".\"guid\") ORDER BY \"guid\" LIMIT 1000 OFFSET 0","log_level":"debug2","source":"cc.db","data":{"request_guid":"6129118e-f247-404f-4e50-863e16a566e8::baee341c-21f1-4f63-9d8e-d37e1f5ee406"},"thread_id":47062185510540,"fiber_id":47062184968220,"process_id":15535,"file":"/var/vcap/packages/cloud_controller_ng/cloud_controller_ng/vendor/bundle/ruby/2.3.0/gems/sequel-4.29.0/lib/sequel/database/logging.rb","lineno":70,"method":"block in log_each"}

2016-09-29T20:07:37.135917+00:00 b0fa19c0-86de-4447-a670-3f7adbd0b3c1 - - - [NXLOG@14506 bosh_deployment="cf-warden" bosh_job_name="api_z1" bosh_job_index="0" filename="/var/vcap/data/sys/log/cloud_controller_ng/cloud_controller_ng.log"] {"timestamp":1475179650.9430199,"message":"Completed 200 vcap-request-id: 6129118e-f247-404f-4e50-863e16a566e8::baee341c-21f1-4f63-9d8e-d37e1f5ee406","log_level":"info","source":"cc.api","data":{},"thread_id":47062185510540,"fiber_id":47062184968220,"process_id":15535,"file":"/var/vcap/packages/cloud_controller_ng/cloud_controller_ng/middleware/request_logs.rb","lineno":24,"method":"call"}

2016-09-29T20:07:37.135932+00:00 b0fa19c0-86de-4447-a670-3f7adbd0b3c1 - - - [NXLOG@14506 bosh_deployment="cf-warden" bosh_job_name="api_z1" bosh_job_index="0" filename="/var/vcap/data/sys/log/cloud_controller_ng/cloud_controller_ng.log"] {"timestamp":1475179650.9431777,"message":"Statsd: cc.requests.outstanding:-1|c\ncc.requests.completed:1|c\ncc.http_status.2XX:1|c","log_level":"debug","source":"statsd.client","data":{},"thread_id":47062185510540,"fiber_id":47062184968220,"process_id":15535,"file":"/var/vcap/packages/cloud_controller_ng/cloud_controller_ng/vendor/bundle/ruby/2.3.0/gems/statsd-ruby-1.2.1/lib/statsd.rb","lineno":254,"method":"send_to_socket"}

2016-09-29T20:07:37.135945+00:00 b0fa19c0-86de-4447-a670-3f7adbd0b3c1 - - - [NXLOG@14506 bosh_deployment="cf-warden" bosh_job_name="api_z1" bosh_job_index="0" filename="/var/vcap/data/sys/log/cloud_controller_ng/cloud_controller_ng.log"] {"timestamp":1475179653.4685078,"message":"(0.000460s) SELECT * FROM \"delayed_jobs\" WHERE ((((\"run_at\" <= '2016-09-29 20:07:33.467578+0000') AND (\"locked_at\" IS NULL)) OR (\"locked_by\" = 'cc_api_worker.api_z1.0.2')) AND (\"failed_at\" IS NULL) AND (\"queue\" IN ('cc-api_z1-0'))) ORDER BY \"priority\" ASC, \"run_at\" ASC LIMIT 5","log_level":"debug2","source":"cc.background","data":{},"thread_id":47118928261380,"fiber_id":47118965175380,"process_id":15629,"file":"/var/vcap/packages/cloud_controller_ng/cloud_controller_ng/vendor/bundle/ruby/2.3.0/gems/sequel-4.29.0/lib/sequel/database/logging.rb","lineno":70,"method":"block in log_each"}

2016-09-29T20:07:37.135971+00:00 b0fa19c0-86de-4447-a670-3f7adbd0b3c1 - - - [NXLOG@14506 bosh_deployment="cf-warden" bosh_job_name="api_z1" bosh_job_index="0" filename="/var/vcap/data/sys/log/cloud_controller_ng/cloud_controller_ng.log"] {"timestamp":1475179654.483312,"message":"Statsd: cc.vitals.uptime:1899926|g\ncc.vitals.cpu:0.0|g\ncc.vitals.mem_bytes:150700032|g\ncc.vitals.cpu_load_avg:0.65|g\ncc.vitals.mem_used_bytes:4030210048|g\ncc.vitals.mem_free_bytes:2227838976|g\ncc.vitals.num_cores:4|g","log_level":"debug","source":"statsd.client","data":{},"thread_id":47062143684880,"fiber_id":47062184032460,"process_id":15535,"file":"/var/vcap/packages/cloud_controller_ng/cloud_controller_ng/vendor/bundle/ruby/2.3.0/gems/statsd-ruby-1.2.1/lib/statsd.rb","lineno":254,"method":"send_to_socket"}

2016-09-29T20:07:37.135985+00:00 b0fa19c0-86de-4447-a670-3f7adbd0b3c1 - - - [NXLOG@14506 bosh_deployment="cf-warden" bosh_job_name="api_z1" bosh_job_index="0" filename="/var/vcap/data/sys/log/cloud_controller_ng/cloud_controller_ng.log"] {"timestamp":1475179654.483608,"message":"Statsd: cc.log_count.off:0|g\ncc.log_count.fatal:0|g\ncc.log_count.error:0|g\ncc.log_count.warn:0|g\ncc.log_count.info:45858|g\ncc.log_count.debug:139930|g\ncc.log_count.debug1:0|g\ncc.log_count.debug2:27396|g\ncc.log_count.all:0|g","log_level":"debug","source":"statsd.client","data":{},"thread_id":47062143684880,"fiber_id":47062184032460,"process_id":15535,"file":"/var/vcap/packages/cloud_controller_ng/cloud_controller_ng/vendor/bundle/ruby/2.3.0/gems/statsd-ruby-1.2.1/lib/statsd.rb","lineno":254,"method":"send_to_socket"}

2016-09-29T20:07:37.136001+00:00 b0fa19c0-86de-4447-a670-3f7adbd0b3c1 - - - [NXLOG@14506 bosh_deployment="cf-warden" bosh_job_name="api_z1" bosh_job_index="0" filename="/var/vcap/data/sys/log/cloud_controller_ng/cloud_controller_ng.log"] {"timestamp":1475179654.4847527,"message":"(0.000590s) SELECT count(*) AS \"count\" FROM \"tasks\" WHERE (\"state\" = 'RUNNING') LIMIT 1","log_level":"debug2","source":"cc.db","data":{},"thread_id":47062143684880,"fiber_id":47062184032460,"process_id":15535,"file":"/var/vcap/packages/cloud_controller_ng/cloud_controller_ng/vendor/bundle/ruby/2.3.0/gems/sequel-4.29.0/lib/sequel/database/logging.rb","lineno":70,"method":"block in log_each"}

2016-09-29T20:07:37.136025+00:00 b0fa19c0-86de-4447-a670-3f7adbd0b3c1 - - - [NXLOG@14506 bosh_deployment="cf-warden" bosh_job_name="api_z1" bosh_job_index="0" filename="/var/vcap/data/sys/log/cloud_controller_ng/cloud_controller_ng.log"] {"timestamp":1475179654.4855828,"message":"(0.000240s) SELECT sum(\"memory_in_mb\") AS \"sum\" FROM \"tasks\" WHERE (\"state\" = 'RUNNING') LIMIT 1","log_level":"debug2","source":"cc.db","data":{},"thread_id":47062143684880,"fiber_id":47062184032460,"process_id":15535,"file":"/var/vcap/packages/cloud_controller_ng/cloud_controller_ng/vendor/bundle/ruby/2.3.0/gems/sequel-4.29.0/lib/sequel/database/logging.rb","lineno":70,"method":"block in log_each"}

2016-09-29T20:07:37.136037+00:00 b0fa19c0-86de-4447-a670-3f7adbd0b3c1 - - - [NXLOG@14506 bosh_deployment="cf-warden" bosh_job_name="api_z1" bosh_job_index="0" filename="/var/vcap/data/sys/log/cloud_controller_ng/cloud_controller_ng.log"] {"timestamp":1475179654.485829,"message":"Statsd: cc.tasks_running.count:0|g\ncc.tasks_running.memory_in_mb:0|g","log_level":"debug","source":"statsd.client","data":{},"thread_id":47062143684880,"fiber_id":47062184032460,"process_id":15535,"file":"/var/vcap/packages/cloud_controller_ng/cloud_controller_ng/vendor/bundle/ruby/2.3.0/gems/statsd-ruby-1.2.1/lib/statsd.rb","lineno":254,"method":"send_to_socket"}

2016-09-29T20:07:37.136051+00:00 b0fa19c0-86de-4447-a670-3f7adbd0b3c1 - - - [NXLOG@14506 bosh_deployment="cf-warden" bosh_job_name="api_z1" bosh_job_index="0" filename="/var/vcap/data/sys/log/cloud_controller_ng/cloud_controller_ng.log"] {"timestamp":1475179654.659416,"message":"(0.000862s) SELECT * FROM \"delayed_jobs\" WHERE ((((\"run_at\" <= '2016-09-29 20:07:34.657890+0000') AND (\"locked_at\" IS NULL)) OR (\"locked_by\" = 'cc_api_worker.api_z1.0.1')) AND (\"failed_at\" IS NULL) AND (\"queue\" IN ('cc-api_z1-0'))) ORDER BY \"priority\" ASC, \"run_at\" ASC LIMIT 5","log_level":"debug2","source":"cc.background","data":{},"thread_id":47452862460180,"fiber_id":47452899698480,"process_id":15587,"file":"/var/vcap/packages/cloud_controller_ng/cloud_controller_ng/vendor/bundle/ruby/2.3.0/gems/sequel-4.29.0/lib/sequel/database/logging.rb","lineno":70,"method":"block in log_each"}

2016-09-29T20:07:37.135858+00:00 05bf1627-ae2f-400c-b1ce-31973a9ff23f - - - [NXLOG@14506 bosh_deployment="cf-warden" bosh_job_name="uaa_z1" bosh_job_index="0" filename="/var/vcap/data/sys/log/uaa/localhost_access.log"] 127.0.0.1 - - [29/Sep/2016:20:07:18 +0000] "GET /healthz HTTP/1.1" 200 3

2016-09-29T20:07:37.135976+00:00 05bf1627-ae2f-400c-b1ce-31973a9ff23f - - - [NXLOG@14506 bosh_deployment="cf-warden" bosh_job_name="uaa_z1" bosh_job_index="0" filename="/var/vcap/data/sys/log/uaa/localhost_access.log"] 127.0.0.1 - - [29/Sep/2016:20:07:20 +0000] "GET /healthz HTTP/1.1" 200 3

2016-09-29T20:07:37.136015+00:00 05bf1627-ae2f-400c-b1ce-31973a9ff23f - - - [NXLOG@14506 bosh_deployment="cf-warden" bosh_job_name="uaa_z1" bosh_job_index="0" filename="/var/vcap/data/sys/log/uaa/localhost_access.log"] 127.0.0.1 - - [29/Sep/2016:20:07:22 +0000] "GET /healthz HTTP/1.1" 200 3

2016-09-29T20:07:37.136049+00:00 05bf1627-ae2f-400c-b1ce-31973a9ff23f - - - [NXLOG@14506 bosh_deployment="cf-warden" bosh_job_name="uaa_z1" bosh_job_index="0" filename="/var/vcap/data/sys/log/uaa/localhost_access.log"] 127.0.0.1 - - [29/Sep/2016:20:07:26 +0000] "GET /healthz HTTP/1.1" 200 3

2016-09-29T20:07:37.136124+00:00 05bf1627-ae2f-400c-b1ce-31973a9ff23f - - - [NXLOG@14506 bosh_deployment="cf-warden" bosh_job_name="uaa_z1" bosh_job_index="0" filename="/var/vcap/data/sys/log/route_registrar/route_registrar.stdout.log"] {"timestamp":"1475179650.809019804","source":"Route Registrar","message":"Route Registrar.Executing script","log_level":1,"data":{"scriptPath":"/var/vcap/jobs/uaa/bin/health_check"}}

2016-09-29T20:07:37.136077+00:00 b0fa19c0-86de-4447-a670-3f7adbd0b3c1 - - - [NXLOG@14506 bosh_deployment="cf-warden" bosh_job_name="api_z1" bosh_job_index="0" filename="/var/vcap/data/sys/log/cloud_controller_ng/cloud_controller_ng.log"] {"timestamp":1475179656.5220966,"message":"(0.000607s) SELECT \"queue\", count(*) AS \"count\" FROM \"delayed_jobs\" WHERE (\"attempts\" = 0) GROUP BY \"queue\"","log_level":"debug2","source":"cc.db","data":{},"thread_id":47062143684880,"fiber_id":47062184032460,"process_id":15535,"file":"/var/vcap/packages/cloud_controller_ng/cloud_controller_ng/vendor/bundle/ruby/2.3.0/gems/sequel-4.29.0/lib/sequel/database/logging.rb","lineno":70,"method":"block in log_each"}

2016-09-29T20:07:37.136095+00:00 b0fa19c0-86de-4447-a670-3f7adbd0b3c1 - - - [NXLOG@14506 bosh_deployment="cf-warden" bosh_job_name="api_z1" bosh_job_index="0" filename="/var/vcap/data/sys/log/cloud_controller_ng/cloud_controller_ng.log"] {"timestamp":1475179656.5224416,"message":"Statsd: cc.job_queue_length.total:0|g\ncc.job_queue_length.total:0|g","log_level":"debug","source":"statsd.client","data":{},"thread_id":47062143684880,"fiber_id":47062184032460,"process_id":15535,"file":"/var/vcap/packages/cloud_controller_ng/cloud_controller_ng/vendor/bundle/ruby/2.3.0/gems/statsd-ruby-1.2.1/lib/statsd.rb","lineno":254,"method":"send_to_socket"}

2016-09-29T20:07:37.136106+00:00 b0fa19c0-86de-4447-a670-3f7adbd0b3c1 - - - [NXLOG@14506 bosh_deployment="cf-warden" bosh_job_name="api_z1" bosh_job_index="0" filename="/var/vcap/data/sys/log/cloud_controller_ng/cloud_controller_ng.log"] {"timestamp":1475179656.522742,"message":"Statsd: cc.thread_info.thread_count:21|g\ncc.thread_info.event_machine.connection_count:3|g\ncc.thread_info.event_machine.threadqueue.size:0|g\ncc.thread_info.event_machine.threadqueue.num_waiting:20|g\ncc.thread_info.event_machine.resultqueue.size:0|g\ncc.thread_info.event_machine.resultqueue.num_waiting:0|g","log_level":"debug","source":"statsd.client","data":{},"thread_id":47062143684880,"fiber_id":47062184032460,"process_id":15535,"file":"/var/vcap/packages/cloud_controller_ng/cloud_controller_ng/vendor/bundle/ruby/2.3.0/gems/statsd-ruby-1.2.1/lib/statsd.rb","lineno":254,"method":"send_to_socket"}

2016-09-29T20:07:37.136118+00:00 b0fa19c0-86de-4447-a670-3f7adbd0b3c1 - - - [NXLOG@14506 bosh_deployment="cf-warden" bosh_job_name="api_z1" bosh_job_index="0" filename="/var/vcap/data/sys/log/cloud_controller_ng/cloud_controller_ng.log"] {"timestamp":1475179656.5237544,"message":"(0.000554s) SELECT \"queue\", count(*) AS \"count\" FROM \"delayed_jobs\" WHERE (failed_at IS NOT NULL) GROUP BY \"queue\"","log_level":"debug2","source":"cc.db","data":{},"thread_id":47062143684880,"fiber_id":47062184032460,"process_id":15535,"file":"/var/vcap/packages/cloud_controller_ng/cloud_controller_ng/vendor/bundle/ruby/2.3.0/gems/sequel-4.29.0/lib/sequel/database/logging.rb","lineno":70,"method":"block in log_each"}

2016-09-29T20:07:37.136142+00:00 b0fa19c0-86de-4447-a670-3f7adbd0b3c1 - - - [NXLOG@14506 bosh_deployment="cf-warden" bosh_job_name="api_z1" bosh_job_index="0" filename="/var/vcap/data/sys/log/cloud_controller_ng/cloud_controller_ng.log"] {"timestamp":1475179656.524019,"message":"Statsd: cc.failed_job_count.cc-api_z1-0:2|g\ncc.failed_job_count.total:2|g\ncc.failed_job_count.total:2|g","log_level":"debug","source":"statsd.client","data":{},"thread_id":47062143684880,"fiber_id":47062184032460,"process_id":15535,"file":"/var/vcap/packages/cloud_controller_ng/cloud_controller_ng/vendor/bundle/ruby/2.3.0/gems/statsd-ruby-1.2.1/lib/statsd.rb","lineno":254,"method":"send_to_socket"}

2016-09-29T20:07:37.136158+00:00 05bf1627-ae2f-400c-b1ce-31973a9ff23f - - - [NXLOG@14506 bosh_deployment="cf-warden" bosh_job_name="uaa_z1" bosh_job_index="0" filename="/var/vcap/data/sys/log/route_registrar/route_registrar.stdout.log"] {"timestamp":"1475179650.820755243","source":"Route Registrar","message":"Route Registrar.Script exited without error","log_level":1,"data":{"script":"/var/vcap/jobs/uaa/bin/health_check","stderr":"  % Total    % Received % Xferd  Average Speed   Time    Time     Time  Current\n                                 Dload  Upload   Total   Spent    Left  Speed\n\r  0     0    0     0    0     0      0      0 --:--:-- --:--:-- --:--:--     0\r100     3  100     3    0     0   2077      0 --:--:-- --:--:-- --:--:--  3000\n","stdout":""}}

2016-09-29T20:07:37.136198+00:00 05bf1627-ae2f-400c-b1ce-31973a9ff23f - - - [NXLOG@14506 bosh_deployment="cf-warden" bosh_job_name="uaa_z1" bosh_job_index="0" filename="/var/vcap/data/sys/log/route_registrar/route_registrar.stdout.log"] {"timestamp":"1475179650.820884228","source":"Route Registrar","message":"Route Registrar.healthchecker returned healthy for route","log_level":1,"data":{"route":{"Name":"uaa","Port":8080,"Tags":{"component":"uaa"},"URIs":["uaa.bosh-lite.com","*.uaa.bosh-lite.com","login.bosh-lite.com","*.login.bosh-lite.com"],"RouteServiceUrl":"","RegistrationInterval":4000000000,"HealthCheck":{"Name":"uaa-healthcheck","ScriptPath":"/var/vcap/jobs/uaa/bin/health_check","Timeout":2000000000}}}}

2016-09-29T20:07:37.136234+00:00 05bf1627-ae2f-400c-b1ce-31973a9ff23f - - - [NXLOG@14506 bosh_deployment="cf-warden" bosh_job_name="uaa_z1" bosh_job_index="0" filename="/var/vcap/data/sys/log/route_registrar/route_registrar.stdout.log"] {"timestamp":"1475179650.820918560","source":"Route Registrar","message":"Route Registrar.Registering route","log_level":1,"data":{"route":{"Name":"uaa","Port":8080,"Tags":{"component":"uaa"},"URIs":["uaa.bosh-lite.com","*.uaa.bosh-lite.com","login.bosh-lite.com","*.login.bosh-lite.com"],"RouteServiceUrl":"","RegistrationInterval":4000000000,"HealthCheck":{"Name":"uaa-healthcheck","ScriptPath":"/var/vcap/jobs/uaa/bin/health_check","Timeout":2000000000}}}}

2016-09-29T20:07:37.136270+00:00 05bf1627-ae2f-400c-b1ce-31973a9ff23f - - - [NXLOG@14506 bosh_deployment="cf-warden" bosh_job_name="uaa_z1" bosh_job_index="0" filename="/var/vcap/data/sys/log/route_registrar/route_registrar.stdout.log"] {"timestamp":"1475179650.821095228","source":"Route Registrar","message":"Route Registrar.Registered routes successfully","log_level":1,"data":{}}

2016-09-29T20:07:37.136304+00:00 05bf1627-ae2f-400c-b1ce-31973a9ff23f - - - [NXLOG@14506 bosh_deployment="cf-warden" bosh_job_name="uaa_z1" bosh_job_index="0" filename="/var/vcap/data/sys/log/route_registrar/route_registrar.stdout.log"] {"timestamp":"1475179654.808619976","source":"Route Registrar","message":"Route Registrar.Executing script","log_level":1,"data":{"scriptPath":"/var/vcap/jobs/uaa/bin/health_check"}}

2016-09-29T20:07:37.136335+00:00 05bf1627-ae2f-400c-b1ce-31973a9ff23f - - - [NXLOG@14506 bosh_deployment="cf-warden" bosh_job_name="uaa_z1" bosh_job_index="0" filename="/var/vcap/data/sys/log/route_registrar/route_registrar.stdout.log"] {"timestamp":"1475179654.821234941","source":"Route Registrar","message":"Route Registrar.Script exited without error","log_level":1,"data":{"script":"/var/vcap/jobs/uaa/bin/health_check","stderr":"  % Total    % Received % Xferd  Average Speed   Time    Time     Time  Current\n                                 Dload  Upload   Total   Spent    Left  Speed\n\r  0     0    0     0    0     0      0      0 --:--:-- --:--:-- --:--:--     0\r100     3  100     3    0     0   1954      0 --:--:-- --:--:-- --:--:--  3000\n","stdout":""}}

2016-09-29T20:07:37.136371+00:00 05bf1627-ae2f-400c-b1ce-31973a9ff23f - - - [NXLOG@14506 bosh_deployment="cf-warden" bosh_job_name="uaa_z1" bosh_job_index="0" filename="/var/vcap/data/sys/log/route_registrar/route_registrar.stdout.log"] {"timestamp":"1475179654.821346283","source":"Route Registrar","message":"Route Registrar.healthchecker returned healthy for route","log_level":1,"data":{"route":{"Name":"uaa","Port":8080,"Tags":{"component":"uaa"},"URIs":["uaa.bosh-lite.com","*.uaa.bosh-lite.com","login.bosh-lite.com","*.login.bosh-lite.com"],"RouteServiceUrl":"","RegistrationInterval":4000000000,"HealthCheck":{"Name":"uaa-healthcheck","ScriptPath":"/var/vcap/jobs/uaa/bin/health_check","Timeout":2000000000}}}}

2016-09-29T20:07:37.136417+00:00 05bf1627-ae2f-400c-b1ce-31973a9ff23f - - - [NXLOG@14506 bosh_deployment="cf-warden" bosh_job_name="uaa_z1" bosh_job_index="0" filename="/var/vcap/data/sys/log/route_registrar/route_registrar.stdout.log"] {"timestamp":"1475179654.821377993","source":"Route Registrar","message":"Route Registrar.Registering route","log_level":1,"data":{"route":{"Name":"uaa","Port":8080,"Tags":{"component":"uaa"},"URIs":["uaa.bosh-lite.com","*.uaa.bosh-lite.com","login.bosh-lite.com","*.login.bosh-lite.com"],"RouteServiceUrl":"","RegistrationInterval":4000000000,"HealthCheck":{"Name":"uaa-healthcheck","ScriptPath":"/var/vcap/jobs/uaa/bin/health_check","Timeout":2000000000}}}}

2016-09-29T20:07:37.136457+00:00 05bf1627-ae2f-400c-b1ce-31973a9ff23f - - - [NXLOG@14506 bosh_deployment="cf-warden" bosh_job_name="uaa_z1" bosh_job_index="0" filename="/var/vcap/data/sys/log/route_registrar/route_registrar.stdout.log"] {"timestamp":"1475179654.821454048","source":"Route Registrar","message":"Route Registrar.Registered routes successfully","log_level":1,"data":{}}

2016-09-29T20:07:37.136489+00:00 05bf1627-ae2f-400c-b1ce-31973a9ff23f - - - [NXLOG@14506 bosh_deployment="cf-warden" bosh_job_name="uaa_z1" bosh_job_index="0" filename="/var/vcap/data/sys/log/uaa/uaa.log"] [2016-09-29 20:07:30.819] uaa - 19013 [http-nio-127.0.0.1-8989-exec-9] .... DEBUG --- AntPathRequestMatcher: Checking match of request : '/healthz'; against '/resources/**'

2016-09-29T20:07:37.136532+00:00 05bf1627-ae2f-400c-b1ce-31973a9ff23f - - - [NXLOG@14506 bosh_deployment="cf-warden" bosh_job_name="uaa_z1" bosh_job_index="0" filename="/var/vcap/data/sys/log/uaa/uaa.log"] [2016-09-29 20:07:30.819] uaa - 19013 [http-nio-127.0.0.1-8989-exec-9] .... DEBUG --- AntPathRequestMatcher: Checking match of request : '/healthz'; against '/square-logo.png'

2016-09-29T20:07:37.136624+00:00 05bf1627-ae2f-400c-b1ce-31973a9ff23f - - - [NXLOG@14506 bosh_deployment="cf-warden" bosh_job_name="uaa_z1" bosh_job_index="0" filename="/var/vcap/data/sys/log/uaa/uaa.log"] [2016-09-29 20:07:30.819] uaa - 19013 [http-nio-127.0.0.1-8989-exec-9] .... DEBUG --- AntPathRequestMatcher: Checking match of request : '/healthz'; against '/info'

2016-09-29T20:07:37.136650+00:00 05bf1627-ae2f-400c-b1ce-31973a9ff23f - - - [NXLOG@14506 bosh_deployment="cf-warden" bosh_job_name="uaa_z1" bosh_job_index="0" filename="/var/vcap/data/sys/log/uaa/uaa.log"] [2016-09-29 20:07:30.819] uaa - 19013 [http-nio-127.0.0.1-8989-exec-9] .... DEBUG --- AntPathRequestMatcher: Checking match of request : '/healthz'; against '/password/**'

2016-09-29T20:07:37.136661+00:00 05bf1627-ae2f-400c-b1ce-31973a9ff23f - - - [NXLOG@14506 bosh_deployment="cf-warden" bosh_job_name="uaa_z1" bosh_job_index="0" filename="/var/vcap/data/sys/log/uaa/uaa.log"] [2016-09-29 20:07:30.819] uaa - 19013 [http-nio-127.0.0.1-8989-exec-9] .... DEBUG --- AntPathRequestMatcher: Checking match of request : '/healthz'; against '/healthz/**'

2016-09-29T20:07:37.136672+00:00 05bf1627-ae2f-400c-b1ce-31973a9ff23f - - - [NXLOG@14506 bosh_deployment="cf-warden" bosh_job_name="uaa_z1" bosh_job_index="0" filename="/var/vcap/data/sys/log/uaa/uaa.log"] [2016-09-29 20:07:30.819] uaa - 19013 [http-nio-127.0.0.1-8989-exec-9] .... DEBUG --- FilterChainProxy: /healthz has an empty filter list

2016-09-29T20:07:37.136681+00:00 05bf1627-ae2f-400c-b1ce-31973a9ff23f - - - [NXLOG@14506 bosh_deployment="cf-warden" bosh_job_name="uaa_z1" bosh_job_index="0" filename="/var/vcap/data/sys/log/uaa/uaa.log"] [2016-09-29 20:07:30.819] uaa - 19013 [http-nio-127.0.0.1-8989-exec-9] .... DEBUG --- DispatcherServlet: DispatcherServlet with name 'spring' processing GET request for [/healthz]

2016-09-29T20:07:37.136704+00:00 05bf1627-ae2f-400c-b1ce-31973a9ff23f - - - [NXLOG@14506 bosh_deployment="cf-warden" bosh_job_name="uaa_z1" bosh_job_index="0" filename="/var/vcap/data/sys/log/uaa/uaa.log"] [2016-09-29 20:07:30.819] uaa - 19013 [http-nio-127.0.0.1-8989-exec-9] .... DEBUG --- DispatcherServlet: Last-Modified value for [/healthz] is: -1

2016-09-29T20:07:37.136714+00:00 05bf1627-ae2f-400c-b1ce-31973a9ff23f - - - [NXLOG@14506 bosh_deployment="cf-warden" bosh_job_name="uaa_z1" bosh_job_index="0" filename="/var/vcap/data/sys/log/uaa/uaa.log"] [2016-09-29 20:07:30.819] uaa - 19013 [http-nio-127.0.0.1-8989-exec-9] .... DEBUG --- RequestResponseBodyMethodProcessor: Written [ok

2016-09-29T20:07:37.136724+00:00 05bf1627-ae2f-400c-b1ce-31973a9ff23f - - - [NXLOG@14506 bosh_deployment="cf-warden" bosh_job_name="uaa_z1" bosh_job_index="0" filename="/var/vcap/data/sys/log/uaa/uaa.log"] ] as "text/plain;charset=ISO-8859-1" using [org.springframework.http.converter.StringHttpMessageConverter@178b2baf]

2016-09-29T20:07:37.136733+00:00 05bf1627-ae2f-400c-b1ce-31973a9ff23f - - - [NXLOG@14506 bosh_deployment="cf-warden" bosh_job_name="uaa_z1" bosh_job_index="0" filename="/var/vcap/data/sys/log/uaa/uaa.log"] [2016-09-29 20:07:30.819] uaa - 19013 [http-nio-127.0.0.1-8989-exec-9] .... DEBUG --- DispatcherServlet: Null ModelAndView returned to DispatcherServlet with name 'spring': assuming HandlerAdapter completed request handling

2016-09-29T20:07:37.136460+00:00 152ab062-1f32-4789-910a-13bdc79651b2 - - - [NXLOG@14506 bosh_deployment="cf-warden" bosh_job_name="hm9000_z1" bosh_job_index="0" filename="/var/vcap/data/sys/log/hm9000/hm9000_listener.log"] {"timestamp":"1475179651.827794313","source":"listener","message":"listener.Received a heartbeat","log_level":1,"data":{"Heartbeats Pending Save":"1"}}

2016-09-29T20:07:37.136531+00:00 152ab062-1f32-4789-910a-13bdc79651b2 - - - [NXLOG@14506 bosh_deployment="cf-warden" bosh_job_name="hm9000_z1" bosh_job_index="0" filename="/var/vcap/data/sys/log/hm9000/hm9000_listener.log"] {"timestamp":"1475179652.816011667","source":"listener","message":"listener.Saving Heartbeats","log_level":1,"data":{"Heartbeats to Save":"1"}}

2016-09-29T20:07:37.136631+00:00 152ab062-1f32-4789-910a-13bdc79651b2 - - - [NXLOG@14506 bosh_deployment="cf-warden" bosh_job_name="hm9000_z1" bosh_job_index="0" filename="/var/vcap/data/sys/log/hm9000/hm9000_listener.log"] {"timestamp":"1475179652.823644638","source":"listener","message":"listener.Bumped freshness","log_level":1,"data":{}}

2016-09-29T20:07:37.136687+00:00 152ab062-1f32-4789-910a-13bdc79651b2 - - - [NXLOG@14506 bosh_deployment="cf-warden" bosh_job_name="hm9000_z1" bosh_job_index="0" filename="/var/vcap/data/sys/log/hm9000/hm9000_listener.log"] {"timestamp":"1475179652.823893309","source":"listener","message":"listener.Saved Heartbeats","log_level":1,"data":{"Duration":"7.796027ms","Heartbeats to Save":"1"}}

2016-09-29T20:07:37.136755+00:00 05bf1627-ae2f-400c-b1ce-31973a9ff23f - - - [NXLOG@14506 bosh_deployment="cf-warden" bosh_job_name="uaa_z1" bosh_job_index="0" filename="/var/vcap/data/sys/log/uaa/uaa.log"] [2016-09-29 20:07:30.819] uaa - 19013 [http-nio-127.0.0.1-8989-exec-9] .... DEBUG --- DispatcherServlet: Successfully completed request

2016-09-29T20:07:37.136765+00:00 05bf1627-ae2f-400c-b1ce-31973a9ff23f - - - [NXLOG@14506 bosh_deployment="cf-warden" bosh_job_name="uaa_z1" bosh_job_index="0" filename="/var/vcap/data/sys/log/uaa/uaa.log"] [2016-09-29 20:07:30.829] uaa - 19013 [http-nio-127.0.0.1-8989-exec-3] .... DEBUG --- AntPathRequestMatcher: Checking match of request : '/healthz'; against '/resources/**'

2016-09-29T20:07:37.136774+00:00 05bf1627-ae2f-400c-b1ce-31973a9ff23f - - - [NXLOG@14506 bosh_deployment="cf-warden" bosh_job_name="uaa_z1" bosh_job_index="0" filename="/var/vcap/data/sys/log/uaa/uaa.log"] [2016-09-29 20:07:30.829] uaa - 19013 [http-nio-127.0.0.1-8989-exec-3] .... DEBUG --- AntPathRequestMatcher: Checking match of request : '/healthz'; against '/square-logo.png'

2016-09-29T20:07:37.136784+00:00 05bf1627-ae2f-400c-b1ce-31973a9ff23f - - - [NXLOG@14506 bosh_deployment="cf-warden" bosh_job_name="uaa_z1" bosh_job_index="0" filename="/var/vcap/data/sys/log/uaa/uaa.log"] [2016-09-29 20:07:30.829] uaa - 19013 [http-nio-127.0.0.1-8989-exec-3] .... DEBUG --- AntPathRequestMatcher: Checking match of request : '/healthz'; against '/info'

2016-09-29T20:07:37.136804+00:00 05bf1627-ae2f-400c-b1ce-31973a9ff23f - - - [NXLOG@14506 bosh_deployment="cf-warden" bosh_job_name="uaa_z1" bosh_job_index="0" filename="/var/vcap/data/sys/log/uaa/uaa.log"] [2016-09-29 20:07:30.829] uaa - 19013 [http-nio-127.0.0.1-8989-exec-3] .... DEBUG --- AntPathRequestMatcher: Checking match of request : '/healthz'; against '/password/**'

2016-09-29T20:07:37.136814+00:00 05bf1627-ae2f-400c-b1ce-31973a9ff23f - - - [NXLOG@14506 bosh_deployment="cf-warden" bosh_job_name="uaa_z1" bosh_job_index="0" filename="/var/vcap/data/sys/log/uaa/uaa.log"] [2016-09-29 20:07:30.829] uaa - 19013 [http-nio-127.0.0.1-8989-exec-3] .... DEBUG --- AntPathRequestMatcher: Checking match of request : '/healthz'; against '/healthz/**'

2016-09-29T20:07:37.136823+00:00 05bf1627-ae2f-400c-b1ce-31973a9ff23f - - - [NXLOG@14506 bosh_deployment="cf-warden" bosh_job_name="uaa_z1" bosh_job_index="0" filename="/var/vcap/data/sys/log/uaa/uaa.log"] [2016-09-29 20:07:30.829] uaa - 19013 [http-nio-127.0.0.1-8989-exec-3] .... DEBUG --- FilterChainProxy: /healthz has an empty filter list

2016-09-29T20:07:37.136832+00:00 05bf1627-ae2f-400c-b1ce-31973a9ff23f - - - [NXLOG@14506 bosh_deployment="cf-warden" bosh_job_name="uaa_z1" bosh_job_index="0" filename="/var/vcap/data/sys/log/uaa/uaa.log"] [2016-09-29 20:07:30.829] uaa - 19013 [http-nio-127.0.0.1-8989-exec-3] .... DEBUG --- DispatcherServlet: DispatcherServlet with name 'spring' processing GET request for [/healthz]

2016-09-29T20:07:37.136843+00:00 05bf1627-ae2f-400c-b1ce-31973a9ff23f - - - [NXLOG@14506 bosh_deployment="cf-warden" bosh_job_name="uaa_z1" bosh_job_index="0" filename="/var/vcap/data/sys/log/uaa/uaa.log"] [2016-09-29 20:07:30.829] uaa - 19013 [http-nio-127.0.0.1-8989-exec-3] .... DEBUG --- DispatcherServlet: Last-Modified value for [/healthz] is: -1

2016-09-29T20:07:37.136852+00:00 05bf1627-ae2f-400c-b1ce-31973a9ff23f - - - [NXLOG@14506 bosh_deployment="cf-warden" bosh_job_name="uaa_z1" bosh_job_index="0" filename="/var/vcap/data/sys/log/uaa/uaa.log"] [2016-09-29 20:07:30.829] uaa - 19013 [http-nio-127.0.0.1-8989-exec-3] .... DEBUG --- RequestResponseBodyMethodProcessor: Written [ok

2016-09-29T20:07:37.136861+00:00 05bf1627-ae2f-400c-b1ce-31973a9ff23f - - - [NXLOG@14506 bosh_deployment="cf-warden" bosh_job_name="uaa_z1" bosh_job_index="0" filename="/var/vcap/data/sys/log/uaa/uaa.log"] ] as "text/plain;charset=ISO-8859-1" using [org.springframework.http.converter.StringHttpMessageConverter@178b2baf]

2016-09-29T20:07:37.136870+00:00 05bf1627-ae2f-400c-b1ce-31973a9ff23f - - - [NXLOG@14506 bosh_deployment="cf-warden" bosh_job_name="uaa_z1" bosh_job_index="0" filename="/var/vcap/data/sys/log/uaa/uaa.log"] [2016-09-29 20:07:30.829] uaa - 19013 [http-nio-127.0.0.1-8989-exec-3] .... DEBUG --- DispatcherServlet: Null ModelAndView returned to DispatcherServlet with name 'spring': assuming HandlerAdapter completed request handling

2016-09-29T20:07:37.136881+00:00 05bf1627-ae2f-400c-b1ce-31973a9ff23f - - - [NXLOG@14506 bosh_deployment="cf-warden" bosh_job_name="uaa_z1" bosh_job_index="0" filename="/var/vcap/data/sys/log/uaa/uaa.log"] [2016-09-29 20:07:30.829] uaa - 19013 [http-nio-127.0.0.1-8989-exec-3] .... DEBUG --- DispatcherServlet: Successfully completed request

2016-09-29T20:07:37.139132+00:00 05bf1627-ae2f-400c-b1ce-31973a9ff23f - - - [NXLOG@14506 bosh_deployment="cf-warden" bosh_job_name="uaa_z1" bosh_job_index="0" filename="/var/vcap/data/sys/log/uaa/uaa.log"] [2016-09-29 20:07:31.159] uaa - 19013 [pool-2-thread-1] .... DEBUG --- JdbcTemplate: Executing SQL query [select count(*) from oauth_client_details]

2016-09-29T20:07:37.139653+00:00 05bf1627-ae2f-400c-b1ce-31973a9ff23f - - - [NXLOG@14506 bosh_deployment="cf-warden" bosh_job_name="uaa_z1" bosh_job_index="0" filename="/var/vcap/data/sys/log/uaa/uaa.log"] [2016-09-29 20:07:31.161] uaa - 19013 [pool-2-thread-1] .... DEBUG --- JdbcTemplate: Executing SQL query [select count(*) from users]

2016-09-29T20:07:37.139669+00:00 05bf1627-ae2f-400c-b1ce-31973a9ff23f - - - [NXLOG@14506 bosh_deployment="cf-warden" bosh_job_name="uaa_z1" bosh_job_index="0" filename="/var/vcap/data/sys/log/uaa/uaa.log"] [2016-09-29 20:07:34.818] uaa - 19013 [http-nio-127.0.0.1-8989-exec-1] .... DEBUG --- AntPathRequestMatcher: Checking match of request : '/healthz'; against '/resources/**'

2016-09-29T20:07:37.139679+00:00 05bf1627-ae2f-400c-b1ce-31973a9ff23f - - - [NXLOG@14506 bosh_deployment="cf-warden" bosh_job_name="uaa_z1" bosh_job_index="0" filename="/var/vcap/data/sys/log/uaa/uaa.log"] [2016-09-29 20:07:34.818] uaa - 19013 [http-nio-127.0.0.1-8989-exec-1] .... DEBUG --- AntPathRequestMatcher: Checking match of request : '/healthz'; against '/square-logo.png'

2016-09-29T20:07:37.139746+00:00 05bf1627-ae2f-400c-b1ce-31973a9ff23f - - - [NXLOG@14506 bosh_deployment="cf-warden" bosh_job_name="uaa_z1" bosh_job_index="0" filename="/var/vcap/data/sys/log/uaa/uaa.log"] [2016-09-29 20:07:34.818] uaa - 19013 [http-nio-127.0.0.1-8989-exec-1] .... DEBUG --- AntPathRequestMatcher: Checking match of request : '/healthz'; against '/info'

2016-09-29T20:07:37.139756+00:00 05bf1627-ae2f-400c-b1ce-31973a9ff23f - - - [NXLOG@14506 bosh_deployment="cf-warden" bosh_job_name="uaa_z1" bosh_job_index="0" filename="/var/vcap/data/sys/log/uaa/uaa.log"] [2016-09-29 20:07:34.818] uaa - 19013 [http-nio-127.0.0.1-8989-exec-1] .... DEBUG --- AntPathRequestMatcher: Checking match of request : '/healthz'; against '/password/**'

2016-09-29T20:07:37.139822+00:00 05bf1627-ae2f-400c-b1ce-31973a9ff23f - - - [NXLOG@14506 bosh_deployment="cf-warden" bosh_job_name="uaa_z1" bosh_job_index="0" filename="/var/vcap/data/sys/log/uaa/uaa.log"] [2016-09-29 20:07:34.818] uaa - 19013 [http-nio-127.0.0.1-8989-exec-1] .... DEBUG --- AntPathRequestMatcher: Checking match of request : '/healthz'; against '/healthz/**'

2016-09-29T20:07:37.139886+00:00 05bf1627-ae2f-400c-b1ce-31973a9ff23f - - - [NXLOG@14506 bosh_deployment="cf-warden" bosh_job_name="uaa_z1" bosh_job_index="0" filename="/var/vcap/data/sys/log/uaa/uaa.log"] [2016-09-29 20:07:34.818] uaa - 19013 [http-nio-127.0.0.1-8989-exec-1] .... DEBUG --- FilterChainProxy: /healthz has an empty filter list

2016-09-29T20:07:37.139952+00:00 05bf1627-ae2f-400c-b1ce-31973a9ff23f - - - [NXLOG@14506 bosh_deployment="cf-warden" bosh_job_name="uaa_z1" bosh_job_index="0" filename="/var/vcap/data/sys/log/uaa/uaa.log"] [2016-09-29 20:07:34.819] uaa - 19013 [http-nio-127.0.0.1-8989-exec-1] .... DEBUG --- DispatcherServlet: DispatcherServlet with name 'spring' processing GET request for [/healthz]

2016-09-29T20:07:37.139965+00:00 05bf1627-ae2f-400c-b1ce-31973a9ff23f - - - [NXLOG@14506 bosh_deployment="cf-warden" bosh_job_name="uaa_z1" bosh_job_index="0" filename="/var/vcap/data/sys/log/uaa/uaa.log"] [2016-09-29 20:07:34.819] uaa - 19013 [http-nio-127.0.0.1-8989-exec-1] .... DEBUG --- DispatcherServlet: Last-Modified value for [/healthz] is: -1

2016-09-29T20:07:37.139973+00:00 05bf1627-ae2f-400c-b1ce-31973a9ff23f - - - [NXLOG@14506 bosh_deployment="cf-warden" bosh_job_name="uaa_z1" bosh_job_index="0" filename="/var/vcap/data/sys/log/uaa/uaa.log"] [2016-09-29 20:07:34.819] uaa - 19013 [http-nio-127.0.0.1-8989-exec-1] .... DEBUG --- RequestResponseBodyMethodProcessor: Written [ok

2016-09-29T20:07:37.140007+00:00 05bf1627-ae2f-400c-b1ce-31973a9ff23f - - - [NXLOG@14506 bosh_deployment="cf-warden" bosh_job_name="uaa_z1" bosh_job_index="0" filename="/var/vcap/data/sys/log/uaa/uaa.log"] ] as "text/plain;charset=ISO-8859-1" using [org.springframework.http.converter.StringHttpMessageConverter@178b2baf]

2016-09-29T20:07:37.140016+00:00 05bf1627-ae2f-400c-b1ce-31973a9ff23f - - - [NXLOG@14506 bosh_deployment="cf-warden" bosh_job_name="uaa_z1" bosh_job_index="0" filename="/var/vcap/data/sys/log/uaa/uaa.log"] [2016-09-29 20:07:34.819] uaa - 19013 [http-nio-127.0.0.1-8989-exec-1] .... DEBUG --- DispatcherServlet: Null ModelAndView returned to DispatcherServlet with name 'spring': assuming HandlerAdapter completed request handling

2016-09-29T20:07:37.140150+00:00 05bf1627-ae2f-400c-b1ce-31973a9ff23f - - - [NXLOG@14506 bosh_deployment="cf-warden" bosh_job_name="uaa_z1" bosh_job_index="0" filename="/var/vcap/data/sys/log/uaa/uaa.log"] [2016-09-29 20:07:34.819] uaa - 19013 [http-nio-127.0.0.1-8989-exec-1] .... DEBUG --- DispatcherServlet: Successfully completed request

2016-09-29T20:07:37.140161+00:00 05bf1627-ae2f-400c-b1ce-31973a9ff23f - - - [NXLOG@14506 bosh_deployment="cf-warden" bosh_job_name="uaa_z1" bosh_job_index="0" filename="/var/vcap/data/sys/log/uaa/uaa.log"] [2016-09-29 20:07:36.156] uaa - 19013 [pool-2-thread-1] .... DEBUG --- JdbcTemplate: Executing SQL query [select count(*) from oauth_client_details]

2016-09-29T20:07:37.140169+00:00 05bf1627-ae2f-400c-b1ce-31973a9ff23f - - - [NXLOG@14506 bosh_deployment="cf-warden" bosh_job_name="uaa_z1" bosh_job_index="0" filename="/var/vcap/data/sys/log/uaa/uaa.log"] [2016-09-29 20:07:36.158] uaa - 19013 [pool-2-thread-1] .... DEBUG --- JdbcTemplate: Executing SQL query [select count(*) from users]

2016-09-29T20:07:46.988013+00:00 bfc626ef-a2eb-4bad-8f71-fa1d6d0f927f - - - [NXLOG@14506 bosh_deployment="cf-warden" bosh_job_name="loggregator_trafficcontroller_z1" bosh_job_index="0" filename="/var/vcap/data/sys/log/route_registrar/route_registrar.stdout.log"] {"timestamp":"1475179666.735604525","source":"Route Registrar","message":"Route Registrar.no healthchecker found for route","log_level":1,"data":{"route":{"Name":"doppler","Port":8081,"Tags":null,"URIs":["doppler.bosh-lite.com"],"RouteServiceUrl":"","RegistrationInterval":20000000000,"HealthCheck":null}}}

2016-09-29T20:07:46.988249+00:00 bfc626ef-a2eb-4bad-8f71-fa1d6d0f927f - - - [NXLOG@14506 bosh_deployment="cf-warden" bosh_job_name="loggregator_trafficcontroller_z1" bosh_job_index="0" filename="/var/vcap/data/sys/log/route_registrar/route_registrar.stdout.log"] {"timestamp":"1475179666.735795021","source":"Route Registrar","message":"Route Registrar.Registering route","log_level":1,"data":{"route":{"Name":"doppler","Port":8081,"Tags":null,"URIs":["doppler.bosh-lite.com"],"RouteServiceUrl":"","RegistrationInterval":20000000000,"HealthCheck":null}}}

2016-09-29T20:07:46.988344+00:00 bfc626ef-a2eb-4bad-8f71-fa1d6d0f927f - - - [NXLOG@14506 bosh_deployment="cf-warden" bosh_job_name="loggregator_trafficcontroller_z1" bosh_job_index="0" filename="/var/vcap/data/sys/log/route_registrar/route_registrar.stdout.log"] {"timestamp":"1475179666.735895634","source":"Route Registrar","message":"Route Registrar.Registered routes successfully","log_level":1,"data":{}}

2016-09-29T20:07:56.997220+00:00 fc52b791-0068-48d0-b63d-a9600b8fa32e - - - [NXLOG@14506 bosh_deployment="cf-warden" bosh_job_name="runner_z1" bosh_job_index="0" filename="/var/vcap/data/sys/log/dea_next/dea_next.log"] {"timestamp":1475179671.836805,"message":"hm9000.heartbeat.accepted","log_level":"debug","source":"Dea::Bootstrap","data":{},"thread_id":47241050155040,"fiber_id":47241050974060,"process_id":6941,"file":"/var/vcap/packages/dea_next/lib/dea/utils/hm9000.rb","lineno":49,"method":"handle_http_response"}

2016-09-29T20:07:57.134241+00:00 f0562343-642f-42d4-aca5-293abe675815 - - - [NXLOG@14506 bosh_deployment="cf-warden" bosh_job_name="blobstore_z1" bosh_job_index="0" filename="/var/vcap/data/sys/log/route_registrar/route_registrar.stdout.log"] {"timestamp":"1475179668.512946129","source":"Route Registrar","message":"Route Registrar.no healthchecker found for route","log_level":1,"data":{"route":{"Name":"blobstore","Port":80,"Tags":{"component":"blobstore"},"URIs":["blobstore.bosh-lite.com"],"RouteServiceUrl":"","RegistrationInterval":20000000000,"HealthCheck":null}}}

2016-09-29T20:07:57.134389+00:00 f0562343-642f-42d4-aca5-293abe675815 - - - [NXLOG@14506 bosh_deployment="cf-warden" bosh_job_name="blobstore_z1" bosh_job_index="0" filename="/var/vcap/data/sys/log/route_registrar/route_registrar.stdout.log"] {"timestamp":"1475179668.513083220","source":"Route Registrar","message":"Route Registrar.Registering route","log_level":1,"data":{"route":{"Name":"blobstore","Port":80,"Tags":{"component":"blobstore"},"URIs":["blobstore.bosh-lite.com"],"RouteServiceUrl":"","RegistrationInterval":20000000000,"HealthCheck":null}}}

2016-09-29T20:07:57.134436+00:00 f0562343-642f-42d4-aca5-293abe675815 - - - [NXLOG@14506 bosh_deployment="cf-warden" bosh_job_name="blobstore_z1" bosh_job_index="0" filename="/var/vcap/data/sys/log/route_registrar/route_registrar.stdout.log"] {"timestamp":"1475179668.513174534","source":"Route Registrar","message":"Route Registrar.Registered routes successfully","log_level":1,"data":{}}

2016-09-29T20:07:57.135450+00:00 b0fa19c0-86de-4447-a670-3f7adbd0b3c1 - - - [NXLOG@14506 bosh_deployment="cf-warden" bosh_job_name="api_z1" bosh_job_index="0" filename="/var/vcap/data/sys/log/cloud_controller_worker/cloud_controller_worker.log"] {"timestamp":1475179668.5504532,"message":"(0.000723s) SELECT * FROM \"delayed_jobs\" WHERE ((((\"run_at\" <= '2016-09-29 20:07:48.549250+0000') AND (\"locked_at\" IS NULL)) OR (\"locked_by\" = 'cc_global_worker.api_z1.0.1')) AND (\"failed_at\" IS NULL) AND (\"queue\" IN ('cc-generic'))) ORDER BY \"priority\" ASC, \"run_at\" ASC LIMIT 5","log_level":"debug2","source":"cc.background","data":{},"thread_id":47193737007380,"fiber_id":47193773841900,"process_id":15807,"file":"/var/vcap/packages/cloud_controller_ng/cloud_controller_ng/vendor/bundle/ruby/2.3.0/gems/sequel-4.29.0/lib/sequel/database/logging.rb","lineno":70,"method":"block in log_each"}

2016-09-29T20:07:57.135740+00:00 b0fa19c0-86de-4447-a670-3f7adbd0b3c1 - - - [NXLOG@14506 bosh_deployment="cf-warden" bosh_job_name="api_z1" bosh_job_index="0" filename="/var/vcap/data/sys/log/cloud_controller_worker/cloud_controller_worker.log"] {"timestamp":1475179673.5809176,"message":"(0.000962s) SELECT * FROM \"delayed_jobs\" WHERE ((((\"run_at\" <= '2016-09-29 20:07:53.579180+0000') AND (\"locked_at\" IS NULL)) OR (\"locked_by\" = 'cc_global_worker.api_z1.0.1')) AND (\"failed_at\" IS NULL) AND (\"queue\" IN ('cc-generic'))) ORDER BY \"priority\" ASC, \"run_at\" ASC LIMIT 5","log_level":"debug2","source":"cc.background","data":{},"thread_id":47193737007380,"fiber_id":47193773841900,"process_id":15807,"file":"/var/vcap/packages/cloud_controller_ng/cloud_controller_ng/vendor/bundle/ruby/2.3.0/gems/sequel-4.29.0/lib/sequel/database/logging.rb","lineno":70,"method":"block in log_each"}

2016-09-29T20:07:57.135887+00:00 b0fa19c0-86de-4447-a670-3f7adbd0b3c1 - - - [NXLOG@14506 bosh_deployment="cf-warden" bosh_job_name="api_z1" bosh_job_index="0" filename="/var/vcap/data/sys/log/nginx_cc/nginx.access.log"] 10.244.0.138 - [29/Sep/2016:20:07:47 +0000] "GET /v2/info HTTP/1.1" 200 802 "-" "monit/5.2.5" 10.244.0.138 vcap_request_id:66574174-3d42-48fd-a008-72443fda5032 response_time:0.003

2016-09-29T20:07:57.135945+00:00 b0fa19c0-86de-4447-a670-3f7adbd0b3c1 - - - [NXLOG@14506 bosh_deployment="cf-warden" bosh_job_name="api_z1" bosh_job_index="0" filename="/var/vcap/data/sys/log/cloud_controller_ng/cloud_controller_ng.log"] {"timestamp":1475179667.4637685,"message":"Statsd: cc.requests.outstanding:1|c","log_level":"debug","source":"statsd.client","data":{},"thread_id":47062185508400,"fiber_id":47062174443920,"process_id":15535,"file":"/var/vcap/packages/cloud_controller_ng/cloud_controller_ng/vendor/bundle/ruby/2.3.0/gems/statsd-ruby-1.2.1/lib/statsd.rb","lineno":254,"method":"send_to_socket"}

2016-09-29T20:07:57.136002+00:00 b0fa19c0-86de-4447-a670-3f7adbd0b3c1 - - - [NXLOG@14506 bosh_deployment="cf-warden" bosh_job_name="api_z1" bosh_job_index="0" filename="/var/vcap/data/sys/log/cloud_controller_ng/cloud_controller_ng.log"] {"timestamp":1475179667.4643047,"message":"Started GET \"/v2/info\" for user: , ip: 127.0.0.1 with vcap-request-id: 66574174-3d42-48fd-a008-72443fda5032 at 2016-09-29 20:07:47 UTC","log_level":"info","source":"cc.api","data":{},"thread_id":47062185508400,"fiber_id":47062174443920,"process_id":15535,"file":"/var/vcap/packages/cloud_controller_ng/cloud_controller_ng/middleware/request_logs.rb","lineno":12,"method":"call"}

2016-09-29T20:07:57.136057+00:00 b0fa19c0-86de-4447-a670-3f7adbd0b3c1 - - - [NXLOG@14506 bosh_deployment="cf-warden" bosh_job_name="api_z1" bosh_job_index="0" filename="/var/vcap/data/sys/log/cloud_controller_ng/cloud_controller_ng.log"] {"timestamp":1475179667.465119,"message":"dispatch VCAP::CloudController::InfoController get /v2/info","log_level":"debug","source":"cc.api","data":{"request_guid":"66574174-3d42-48fd-a008-72443fda5032"},"thread_id":47062185508400,"fiber_id":47062174443920,"process_id":15535,"file":"/var/vcap/data/packages/cloud_controller_ng/f87cb49aa2cd87792cb9c2211a79e1542502be4d.1-b1a5f3c830cb6c32ae9e685628b24aa967f5ae54/cloud_controller_ng/lib/cloud_controller/rest_controller/routes.rb","lineno":12,"method":"block in define_route"}

2016-09-29T20:07:57.136111+00:00 b0fa19c0-86de-4447-a670-3f7adbd0b3c1 - - - [NXLOG@14506 bosh_deployment="cf-warden" bosh_job_name="api_z1" bosh_job_index="0" filename="/var/vcap/data/sys/log/cloud_controller_ng/cloud_controller_ng.log"] {"timestamp":1475179667.4653263,"message":"parse_params: {} ","log_level":"debug","source":"cc.api","data":{"request_guid":"66574174-3d42-48fd-a008-72443fda5032"},"thread_id":47062185508400,"fiber_id":47062174443920,"process_id":15535,"file":"/var/vcap/data/packages/cloud_controller_ng/f87cb49aa2cd87792cb9c2211a79e1542502be4d.1-b1a5f3c830cb6c32ae9e685628b24aa967f5ae54/cloud_controller_ng/lib/cloud_controller/rest_controller/common_params.rb","lineno":10,"method":"parse"}

2016-09-29T20:07:57.136163+00:00 b0fa19c0-86de-4447-a670-3f7adbd0b3c1 - - - [NXLOG@14506 bosh_deployment="cf-warden" bosh_job_name="api_z1" bosh_job_index="0" filename="/var/vcap/data/sys/log/cloud_controller_ng/cloud_controller_ng.log"] {"timestamp":1475179667.4654677,"message":"cc.dispatch","log_level":"debug","source":"cc.api","data":{"request_guid":"66574174-3d42-48fd-a008-72443fda5032","endpoint":"read","args":[]},"thread_id":47062185508400,"fiber_id":47062174443920,"process_id":15535,"file":"/var/vcap/data/packages/cloud_controller_ng/f87cb49aa2cd87792cb9c2211a79e1542502be4d.1-b1a5f3c830cb6c32ae9e685628b24aa967f5ae54/cloud_controller_ng/app/controllers/base/base_controller.rb","lineno":78,"method":"dispatch"}

2016-09-29T20:07:57.136217+00:00 b0fa19c0-86de-4447-a670-3f7adbd0b3c1 - - - [NXLOG@14506 bosh_deployment="cf-warden" bosh_job_name="api_z1" bosh_job_index="0" filename="/var/vcap/data/sys/log/cloud_controller_ng/cloud_controller_ng.log"] {"timestamp":1475179667.4658024,"message":"Completed 200 vcap-request-id: 66574174-3d42-48fd-a008-72443fda5032","log_level":"info","source":"cc.api","data":{},"thread_id":47062185508400,"fiber_id":47062174443920,"process_id":15535,"file":"/var/vcap/packages/cloud_controller_ng/cloud_controller_ng/middleware/request_logs.rb","lineno":24,"method":"call"}

2016-09-29T20:07:57.136269+00:00 b0fa19c0-86de-4447-a670-3f7adbd0b3c1 - - - [NXLOG@14506 bosh_deployment="cf-warden" bosh_job_name="api_z1" bosh_job_index="0" filename="/var/vcap/data/sys/log/cloud_controller_ng/cloud_controller_ng.log"] {"timestamp":1475179667.4659297,"message":"Statsd: cc.requests.outstanding:-1|c\ncc.requests.completed:1|c\ncc.http_status.2XX:1|c","log_level":"debug","source":"statsd.client","data":{},"thread_id":47062185508400,"fiber_id":47062174443920,"process_id":15535,"file":"/var/vcap/packages/cloud_controller_ng/cloud_controller_ng/vendor/bundle/ruby/2.3.0/gems/statsd-ruby-1.2.1/lib/statsd.rb","lineno":254,"method":"send_to_socket"}

2016-09-29T20:07:57.136320+00:00 b0fa19c0-86de-4447-a670-3f7adbd0b3c1 - - - [NXLOG@14506 bosh_deployment="cf-warden" bosh_job_name="api_z1" bosh_job_index="0" filename="/var/vcap/data/sys/log/cloud_controller_ng/cloud_controller_ng.log"] {"timestamp":1475179668.54958,"message":"(0.000385s) SELECT * FROM \"delayed_jobs\" WHERE ((((\"run_at\" <= '2016-09-29 20:07:48.548826+0000') AND (\"locked_at\" IS NULL)) OR (\"locked_by\" = 'cc_api_worker.api_z1.0.2')) AND (\"failed_at\" IS NULL) AND (\"queue\" IN ('cc-api_z1-0'))) ORDER BY \"priority\" ASC, \"run_at\" ASC LIMIT 5","log_level":"debug2","source":"cc.background","data":{},"thread_id":47118928261380,"fiber_id":47118965175380,"process_id":15629,"file":"/var/vcap/packages/cloud_controller_ng/cloud_controller_ng/vendor/bundle/ruby/2.3.0/gems/sequel-4.29.0/lib/sequel/database/logging.rb","lineno":70,"method":"block in log_each"}

2016-09-29T20:07:57.136373+00:00 b0fa19c0-86de-4447-a670-3f7adbd0b3c1 - - - [NXLOG@14506 bosh_deployment="cf-warden" bosh_job_name="api_z1" bosh_job_index="0" filename="/var/vcap/data/sys/log/cloud_controller_ng/cloud_controller_ng.log"] {"timestamp":1475179669.7241912,"message":"(0.000453s) SELECT * FROM \"delayed_jobs\" WHERE ((((\"run_at\" <= '2016-09-29 20:07:49.723255+0000') AND (\"locked_at\" IS NULL)) OR (\"locked_by\" = 'cc_api_worker.api_z1.0.1')) AND (\"failed_at\" IS NULL) AND (\"queue\" IN ('cc-api_z1-0'))) ORDER BY \"priority\" ASC, \"run_at\" ASC LIMIT 5","log_level":"debug2","source":"cc.background","data":{},"thread_id":47452862460180,"fiber_id":47452899698480,"process_id":15587,"file":"/var/vcap/packages/cloud_controller_ng/cloud_controller_ng/vendor/bundle/ruby/2.3.0/gems/sequel-4.29.0/lib/sequel/database/logging.rb","lineno":70,"method":"block in log_each"}

2016-09-29T20:07:57.136427+00:00 b0fa19c0-86de-4447-a670-3f7adbd0b3c1 - - - [NXLOG@14506 bosh_deployment="cf-warden" bosh_job_name="api_z1" bosh_job_index="0" filename="/var/vcap/data/sys/log/cloud_controller_ng/cloud_controller_ng.log"] {"timestamp":1475179673.5810206,"message":"(0.000950s) SELECT * FROM \"delayed_jobs\" WHERE ((((\"run_at\" <= '2016-09-29 20:07:53.579144+0000') AND (\"locked_at\" IS NULL)) OR (\"locked_by\" = 'cc_api_worker.api_z1.0.2')) AND (\"failed_at\" IS NULL) AND (\"queue\" IN ('cc-api_z1-0'))) ORDER BY \"priority\" ASC, \"run_at\" ASC LIMIT 5","log_level":"debug2","source":"cc.background","data":{},"thread_id":47118928261380,"fiber_id":47118965175380,"process_id":15629,"file":"/var/vcap/packages/cloud_controller_ng/cloud_controller_ng/vendor/bundle/ruby/2.3.0/gems/sequel-4.29.0/lib/sequel/database/logging.rb","lineno":70,"method":"block in log_each"}

2016-09-29T20:07:57.136480+00:00 b0fa19c0-86de-4447-a670-3f7adbd0b3c1 - - - [NXLOG@14506 bosh_deployment="cf-warden" bosh_job_name="api_z1" bosh_job_index="0" filename="/var/vcap/data/sys/log/cloud_controller_ng/cloud_controller_ng.log"] {"timestamp":1475179674.750365,"message":"(0.001935s) SELECT * FROM \"delayed_jobs\" WHERE ((((\"run_at\" <= '2016-09-29 20:07:54.747566+0000') AND (\"locked_at\" IS NULL)) OR (\"locked_by\" = 'cc_api_worker.api_z1.0.1')) AND (\"failed_at\" IS NULL) AND (\"queue\" IN ('cc-api_z1-0'))) ORDER BY \"priority\" ASC, \"run_at\" ASC LIMIT 5","log_level":"debug2","source":"cc.background","data":{},"thread_id":47452862460180,"fiber_id":47452899698480,"process_id":15587,"file":"/var/vcap/packages/cloud_controller_ng/cloud_controller_ng/vendor/bundle/ruby/2.3.0/gems/sequel-4.29.0/lib/sequel/database/logging.rb","lineno":70,"method":"block in log_each"}

2016-09-29T20:07:57.137799+00:00 05bf1627-ae2f-400c-b1ce-31973a9ff23f - - - [NXLOG@14506 bosh_deployment="cf-warden" bosh_job_name="uaa_z1" bosh_job_index="0" filename="/var/vcap/data/sys/log/uaa/localhost_access.log"] 127.0.0.1 - - [29/Sep/2016:20:07:38 +0000] "GET /healthz HTTP/1.1" 200 3

2016-09-29T20:07:57.137913+00:00 05bf1627-ae2f-400c-b1ce-31973a9ff23f - - - [NXLOG@14506 bosh_deployment="cf-warden" bosh_job_name="uaa_z1" bosh_job_index="0" filename="/var/vcap/data/sys/log/uaa/localhost_access.log"] 127.0.0.1 - - [29/Sep/2016:20:07:40 +0000] "GET /healthz HTTP/1.1" 200 3

2016-09-29T20:07:57.138289+00:00 05bf1627-ae2f-400c-b1ce-31973a9ff23f - - - [NXLOG@14506 bosh_deployment="cf-warden" bosh_job_name="uaa_z1" bosh_job_index="0" filename="/var/vcap/data/sys/log/uaa/localhost_access.log"] 127.0.0.1 - - [29/Sep/2016:20:07:42 +0000] "GET /healthz HTTP/1.1" 200 3

2016-09-29T20:07:57.138735+00:00 05bf1627-ae2f-400c-b1ce-31973a9ff23f - - - [NXLOG@14506 bosh_deployment="cf-warden" bosh_job_name="uaa_z1" bosh_job_index="0" filename="/var/vcap/data/sys/log/uaa/localhost_access.log"] 127.0.0.1 - - [29/Sep/2016:20:07:46 +0000] "GET /healthz HTTP/1.1" 200 3

2016-09-29T20:07:57.138806+00:00 05bf1627-ae2f-400c-b1ce-31973a9ff23f - - - [NXLOG@14506 bosh_deployment="cf-warden" bosh_job_name="uaa_z1" bosh_job_index="0" filename="/var/vcap/data/sys/log/route_registrar/route_registrar.stdout.log"] {"timestamp":"1475179670.808309555","source":"Route Registrar","message":"Route Registrar.Executing script","log_level":1,"data":{"scriptPath":"/var/vcap/jobs/uaa/bin/health_check"}}

2016-09-29T20:07:57.138848+00:00 05bf1627-ae2f-400c-b1ce-31973a9ff23f - - - [NXLOG@14506 bosh_deployment="cf-warden" bosh_job_name="uaa_z1" bosh_job_index="0" filename="/var/vcap/data/sys/log/route_registrar/route_registrar.stdout.log"] {"timestamp":"1475179670.825651169","source":"Route Registrar","message":"Route Registrar.Script exited without error","log_level":1,"data":{"script":"/var/vcap/jobs/uaa/bin/health_check","stderr":"  % Total    % Received % Xferd  Average Speed   Time    Time     Time  Current\n                                 Dload  Upload   Total   Spent    Left  Speed\n\r  0     0    0     0    0     0      0      0 --:--:-- --:--:-- --:--:--     0\r100     3  100     3    0     0   2868      0 --:--:-- --:--:-- --:--:--  3000\n","stdout":""}}

2016-09-29T20:07:57.138904+00:00 05bf1627-ae2f-400c-b1ce-31973a9ff23f - - - [NXLOG@14506 bosh_deployment="cf-warden" bosh_job_name="uaa_z1" bosh_job_index="0" filename="/var/vcap/data/sys/log/route_registrar/route_registrar.stdout.log"] {"timestamp":"1475179670.825730085","source":"Route Registrar","message":"Route Registrar.healthchecker returned healthy for route","log_level":1,"data":{"route":{"Name":"uaa","Port":8080,"Tags":{"component":"uaa"},"URIs":["uaa.bosh-lite.com","*.uaa.bosh-lite.com","login.bosh-lite.com","*.login.bosh-lite.com"],"RouteServiceUrl":"","RegistrationInterval":4000000000,"HealthCheck":{"Name":"uaa-healthcheck","ScriptPath":"/var/vcap/jobs/uaa/bin/health_check","Timeout":2000000000}}}}

2016-09-29T20:07:57.138944+00:00 05bf1627-ae2f-400c-b1ce-31973a9ff23f - - - [NXLOG@14506 bosh_deployment="cf-warden" bosh_job_name="uaa_z1" bosh_job_index="0" filename="/var/vcap/data/sys/log/route_registrar/route_registrar.stdout.log"] {"timestamp":"1475179670.825766802","source":"Route Registrar","message":"Route Registrar.Registering route","log_level":1,"data":{"route":{"Name":"uaa","Port":8080,"Tags":{"component":"uaa"},"URIs":["uaa.bosh-lite.com","*.uaa.bosh-lite.com","login.bosh-lite.com","*.login.bosh-lite.com"],"RouteServiceUrl":"","RegistrationInterval":4000000000,"HealthCheck":{"Name":"uaa-healthcheck","ScriptPath":"/var/vcap/jobs/uaa/bin/health_check","Timeout":2000000000}}}}

2016-09-29T20:07:57.138994+00:00 05bf1627-ae2f-400c-b1ce-31973a9ff23f - - - [NXLOG@14506 bosh_deployment="cf-warden" bosh_job_name="uaa_z1" bosh_job_index="0" filename="/var/vcap/data/sys/log/route_registrar/route_registrar.stdout.log"] {"timestamp":"1475179670.825834036","source":"Route Registrar","message":"Route Registrar.Registered routes successfully","log_level":1,"data":{}}

2016-09-29T20:07:57.139030+00:00 05bf1627-ae2f-400c-b1ce-31973a9ff23f - - - [NXLOG@14506 bosh_deployment="cf-warden" bosh_job_name="uaa_z1" bosh_job_index="0" filename="/var/vcap/data/sys/log/route_registrar/route_registrar.stdout.log"] {"timestamp":"1475179674.808300257","source":"Route Registrar","message":"Route Registrar.Executing script","log_level":1,"data":{"scriptPath":"/var/vcap/jobs/uaa/bin/health_check"}}

2016-09-29T20:07:57.139079+00:00 05bf1627-ae2f-400c-b1ce-31973a9ff23f - - - [NXLOG@14506 bosh_deployment="cf-warden" bosh_job_name="uaa_z1" bosh_job_index="0" filename="/var/vcap/data/sys/log/route_registrar/route_registrar.stdout.log"] {"timestamp":"1475179674.821304560","source":"Route Registrar","message":"Route Registrar.Script exited without error","log_level":1,"data":{"script":"/var/vcap/jobs/uaa/bin/health_check","stderr":"  % Total    % Received % Xferd  Average Speed   Time    Time     Time  Current\n                                 Dload  Upload   Total   Spent    Left  Speed\n\r  0     0    0     0    0     0      0      0 --:--:-- --:--:-- --:--:--     0\r100     3  100     3    0     0   2775      0 --:--:-- --:--:-- --:--:--  3000\n","stdout":""}}

2016-09-29T20:07:57.139132+00:00 05bf1627-ae2f-400c-b1ce-31973a9ff23f - - - [NXLOG@14506 bosh_deployment="cf-warden" bosh_job_name="uaa_z1" bosh_job_index="0" filename="/var/vcap/data/sys/log/route_registrar/route_registrar.stdout.log"] {"timestamp":"1475179674.821476936","source":"Route Registrar","message":"Route Registrar.healthchecker returned healthy for route","log_level":1,"data":{"route":{"Name":"uaa","Port":8080,"Tags":{"component":"uaa"},"URIs":["uaa.bosh-lite.com","*.uaa.bosh-lite.com","login.bosh-lite.com","*.login.bosh-lite.com"],"RouteServiceUrl":"","RegistrationInterval":4000000000,"HealthCheck":{"Name":"uaa-healthcheck","ScriptPath":"/var/vcap/jobs/uaa/bin/health_check","Timeout":2000000000}}}}

2016-09-29T20:07:57.139169+00:00 05bf1627-ae2f-400c-b1ce-31973a9ff23f - - - [NXLOG@14506 bosh_deployment="cf-warden" bosh_job_name="uaa_z1" bosh_job_index="0" filename="/var/vcap/data/sys/log/route_registrar/route_registrar.stdout.log"] {"timestamp":"1475179674.821515799","source":"Route Registrar","message":"Route Registrar.Registering route","log_level":1,"data":{"route":{"Name":"uaa","Port":8080,"Tags":{"component":"uaa"},"URIs":["uaa.bosh-lite.com","*.uaa.bosh-lite.com","login.bosh-lite.com","*.login.bosh-lite.com"],"RouteServiceUrl":"","RegistrationInterval":4000000000,"HealthCheck":{"Name":"uaa-healthcheck","ScriptPath":"/var/vcap/jobs/uaa/bin/health_check","Timeout":2000000000}}}}

2016-09-29T20:07:57.139216+00:00 05bf1627-ae2f-400c-b1ce-31973a9ff23f - - - [NXLOG@14506 bosh_deployment="cf-warden" bosh_job_name="uaa_z1" bosh_job_index="0" filename="/var/vcap/data/sys/log/route_registrar/route_registrar.stdout.log"] {"timestamp":"1475179674.821579456","source":"Route Registrar","message":"Route Registrar.Registered routes successfully","log_level":1,"data":{}}

2016-09-29T20:07:57.139257+00:00 05bf1627-ae2f-400c-b1ce-31973a9ff23f - - - [NXLOG@14506 bosh_deployment="cf-warden" bosh_job_name="uaa_z1" bosh_job_index="0" filename="/var/vcap/data/sys/log/uaa/uaa.log"] [2016-09-29 20:07:50.823] uaa - 19013 [http-nio-127.0.0.1-8989-exec-3] .... DEBUG --- AntPathRequestMatcher: Checking match of request : '/healthz'; against '/resources/**'

2016-09-29T20:07:57.139303+00:00 05bf1627-ae2f-400c-b1ce-31973a9ff23f - - - [NXLOG@14506 bosh_deployment="cf-warden" bosh_job_name="uaa_z1" bosh_job_index="0" filename="/var/vcap/data/sys/log/uaa/uaa.log"] [2016-09-29 20:07:50.823] uaa - 19013 [http-nio-127.0.0.1-8989-exec-3] .... DEBUG --- AntPathRequestMatcher: Checking match of request : '/healthz'; against '/square-logo.png'

2016-09-29T20:07:57.139338+00:00 05bf1627-ae2f-400c-b1ce-31973a9ff23f - - - [NXLOG@14506 bosh_deployment="cf-warden" bosh_job_name="uaa_z1" bosh_job_index="0" filename="/var/vcap/data/sys/log/uaa/uaa.log"] [2016-09-29 20:07:50.823] uaa - 19013 [http-nio-127.0.0.1-8989-exec-3] .... DEBUG --- AntPathRequestMatcher: Checking match of request : '/healthz'; against '/info'

2016-09-29T20:07:57.139364+00:00 05bf1627-ae2f-400c-b1ce-31973a9ff23f - - - [NXLOG@14506 bosh_deployment="cf-warden" bosh_job_name="uaa_z1" bosh_job_index="0" filename="/var/vcap/data/sys/log/uaa/uaa.log"] [2016-09-29 20:07:50.823] uaa - 19013 [http-nio-127.0.0.1-8989-exec-3] .... DEBUG --- AntPathRequestMatcher: Checking match of request : '/healthz'; against '/password/**'

2016-09-29T20:07:57.139390+00:00 05bf1627-ae2f-400c-b1ce-31973a9ff23f - - - [NXLOG@14506 bosh_deployment="cf-warden" bosh_job_name="uaa_z1" bosh_job_index="0" filename="/var/vcap/data/sys/log/uaa/uaa.log"] [2016-09-29 20:07:50.823] uaa - 19013 [http-nio-127.0.0.1-8989-exec-3] .... DEBUG --- AntPathRequestMatcher: Checking match of request : '/healthz'; against '/healthz/**'

2016-09-29T20:07:57.139400+00:00 05bf1627-ae2f-400c-b1ce-31973a9ff23f - - - [NXLOG@14506 bosh_deployment="cf-warden" bosh_job_name="uaa_z1" bosh_job_index="0" filename="/var/vcap/data/sys/log/uaa/uaa.log"] [2016-09-29 20:07:50.823] uaa - 19013 [http-nio-127.0.0.1-8989-exec-3] .... DEBUG --- FilterChainProxy: /healthz has an empty filter list

2016-09-29T20:07:57.139409+00:00 05bf1627-ae2f-400c-b1ce-31973a9ff23f - - - [NXLOG@14506 bosh_deployment="cf-warden" bosh_job_name="uaa_z1" bosh_job_index="0" filename="/var/vcap/data/sys/log/uaa/uaa.log"] [2016-09-29 20:07:50.823] uaa - 19013 [http-nio-127.0.0.1-8989-exec-3] .... DEBUG --- DispatcherServlet: DispatcherServlet with name 'spring' processing GET request for [/healthz]

2016-09-29T20:07:57.139446+00:00 05bf1627-ae2f-400c-b1ce-31973a9ff23f - - - [NXLOG@14506 bosh_deployment="cf-warden" bosh_job_name="uaa_z1" bosh_job_index="0" filename="/var/vcap/data/sys/log/uaa/uaa.log"] [2016-09-29 20:07:50.823] uaa - 19013 [http-nio-127.0.0.1-8989-exec-3] .... DEBUG --- DispatcherServlet: Last-Modified value for [/healthz] is: -1

2016-09-29T20:07:57.139458+00:00 05bf1627-ae2f-400c-b1ce-31973a9ff23f - - - [NXLOG@14506 bosh_deployment="cf-warden" bosh_job_name="uaa_z1" bosh_job_index="0" filename="/var/vcap/data/sys/log/uaa/uaa.log"] [2016-09-29 20:07:50.823] uaa - 19013 [http-nio-127.0.0.1-8989-exec-3] .... DEBUG --- RequestResponseBodyMethodProcessor: Written [ok

2016-09-29T20:07:57.139467+00:00 05bf1627-ae2f-400c-b1ce-31973a9ff23f - - - [NXLOG@14506 bosh_deployment="cf-warden" bosh_job_name="uaa_z1" bosh_job_index="0" filename="/var/vcap/data/sys/log/uaa/uaa.log"] ] as "text/plain;charset=ISO-8859-1" using [org.springframework.http.converter.StringHttpMessageConverter@178b2baf]

2016-09-29T20:07:57.139481+00:00 05bf1627-ae2f-400c-b1ce-31973a9ff23f - - - [NXLOG@14506 bosh_deployment="cf-warden" bosh_job_name="uaa_z1" bosh_job_index="0" filename="/var/vcap/data/sys/log/uaa/uaa.log"] [2016-09-29 20:07:50.823] uaa - 19013 [http-nio-127.0.0.1-8989-exec-3] .... DEBUG --- DispatcherServlet: Null ModelAndView returned to DispatcherServlet with name 'spring': assuming HandlerAdapter completed request handling

2016-09-29T20:07:57.139490+00:00 05bf1627-ae2f-400c-b1ce-31973a9ff23f - - - [NXLOG@14506 bosh_deployment="cf-warden" bosh_job_name="uaa_z1" bosh_job_index="0" filename="/var/vcap/data/sys/log/uaa/uaa.log"] [2016-09-29 20:07:50.823] uaa - 19013 [http-nio-127.0.0.1-8989-exec-3] .... DEBUG --- DispatcherServlet: Successfully completed request

2016-09-29T20:07:57.139500+00:00 05bf1627-ae2f-400c-b1ce-31973a9ff23f - - - [NXLOG@14506 bosh_deployment="cf-warden" bosh_job_name="uaa_z1" bosh_job_index="0" filename="/var/vcap/data/sys/log/uaa/uaa.log"] [2016-09-29 20:07:50.837] uaa - 19013 [http-nio-127.0.0.1-8989-exec-5] .... DEBUG --- AntPathRequestMatcher: Checking match of request : '/healthz'; against '/resources/**'

2016-09-29T20:07:57.139537+00:00 05bf1627-ae2f-400c-b1ce-31973a9ff23f - - - [NXLOG@14506 bosh_deployment="cf-warden" bosh_job_name="uaa_z1" bosh_job_index="0" filename="/var/vcap/data/sys/log/uaa/uaa.log"] [2016-09-29 20:07:50.837] uaa - 19013 [http-nio-127.0.0.1-8989-exec-5] .... DEBUG --- AntPathRequestMatcher: Checking match of request : '/healthz'; against '/square-logo.png'

2016-09-29T20:07:57.139548+00:00 05bf1627-ae2f-400c-b1ce-31973a9ff23f - - - [NXLOG@14506 bosh_deployment="cf-warden" bosh_job_name="uaa_z1" bosh_job_index="0" filename="/var/vcap/data/sys/log/uaa/uaa.log"] [2016-09-29 20:07:50.837] uaa - 19013 [http-nio-127.0.0.1-8989-exec-5] .... DEBUG --- AntPathRequestMatcher: Checking match of request : '/healthz'; against '/info'

2016-09-29T20:07:57.139557+00:00 05bf1627-ae2f-400c-b1ce-31973a9ff23f - - - [NXLOG@14506 bosh_deployment="cf-warden" bosh_job_name="uaa_z1" bosh_job_index="0" filename="/var/vcap/data/sys/log/uaa/uaa.log"] [2016-09-29 20:07:50.837] uaa - 19013 [http-nio-127.0.0.1-8989-exec-5] .... DEBUG --- AntPathRequestMatcher: Checking match of request : '/healthz'; against '/password/**'

2016-09-29T20:07:57.139566+00:00 05bf1627-ae2f-400c-b1ce-31973a9ff23f - - - [NXLOG@14506 bosh_deployment="cf-warden" bosh_job_name="uaa_z1" bosh_job_index="0" filename="/var/vcap/data/sys/log/uaa/uaa.log"] [2016-09-29 20:07:50.837] uaa - 19013 [http-nio-127.0.0.1-8989-exec-5] .... DEBUG --- AntPathRequestMatcher: Checking match of request : '/healthz'; against '/healthz/**'

2016-09-29T20:07:57.139589+00:00 05bf1627-ae2f-400c-b1ce-31973a9ff23f - - - [NXLOG@14506 bosh_deployment="cf-warden" bosh_job_name="uaa_z1" bosh_job_index="0" filename="/var/vcap/data/sys/log/uaa/uaa.log"] [2016-09-29 20:07:50.837] uaa - 19013 [http-nio-127.0.0.1-8989-exec-5] .... DEBUG --- FilterChainProxy: /healthz has an empty filter list

2016-09-29T20:07:57.139602+00:00 05bf1627-ae2f-400c-b1ce-31973a9ff23f - - - [NXLOG@14506 bosh_deployment="cf-warden" bosh_job_name="uaa_z1" bosh_job_index="0" filename="/var/vcap/data/sys/log/uaa/uaa.log"] [2016-09-29 20:07:50.837] uaa - 19013 [http-nio-127.0.0.1-8989-exec-5] .... DEBUG --- DispatcherServlet: DispatcherServlet with name 'spring' processing GET request for [/healthz]

2016-09-29T20:07:57.139615+00:00 05bf1627-ae2f-400c-b1ce-31973a9ff23f - - - [NXLOG@14506 bosh_deployment="cf-warden" bosh_job_name="uaa_z1" bosh_job_index="0" filename="/var/vcap/data/sys/log/uaa/uaa.log"] [2016-09-29 20:07:50.838] uaa - 19013 [http-nio-127.0.0.1-8989-exec-5] .... DEBUG --- DispatcherServlet: Last-Modified value for [/healthz] is: -1

2016-09-29T20:07:57.139627+00:00 05bf1627-ae2f-400c-b1ce-31973a9ff23f - - - [NXLOG@14506 bosh_deployment="cf-warden" bosh_job_name="uaa_z1" bosh_job_index="0" filename="/var/vcap/data/sys/log/uaa/uaa.log"] [2016-09-29 20:07:50.838] uaa - 19013 [http-nio-127.0.0.1-8989-exec-5] .... DEBUG --- RequestResponseBodyMethodProcessor: Written [ok

2016-09-29T20:07:57.139661+00:00 05bf1627-ae2f-400c-b1ce-31973a9ff23f - - - [NXLOG@14506 bosh_deployment="cf-warden" bosh_job_name="uaa_z1" bosh_job_index="0" filename="/var/vcap/data/sys/log/uaa/uaa.log"] ] as "text/plain;charset=ISO-8859-1" using [org.springframework.http.converter.StringHttpMessageConverter@178b2baf]

2016-09-29T20:07:57.139673+00:00 05bf1627-ae2f-400c-b1ce-31973a9ff23f - - - [NXLOG@14506 bosh_deployment="cf-warden" bosh_job_name="uaa_z1" bosh_job_index="0" filename="/var/vcap/data/sys/log/uaa/uaa.log"] [2016-09-29 20:07:50.838] uaa - 19013 [http-nio-127.0.0.1-8989-exec-5] .... DEBUG --- DispatcherServlet: Null ModelAndView returned to DispatcherServlet with name 'spring': assuming HandlerAdapter completed request handling

2016-09-29T20:07:57.139683+00:00 05bf1627-ae2f-400c-b1ce-31973a9ff23f - - - [NXLOG@14506 bosh_deployment="cf-warden" bosh_job_name="uaa_z1" bosh_job_index="0" filename="/var/vcap/data/sys/log/uaa/uaa.log"] [2016-09-29 20:07:50.838] uaa - 19013 [http-nio-127.0.0.1-8989-exec-5] .... DEBUG --- DispatcherServlet: Successfully completed request

2016-09-29T20:07:57.139697+00:00 05bf1627-ae2f-400c-b1ce-31973a9ff23f - - - [NXLOG@14506 bosh_deployment="cf-warden" bosh_job_name="uaa_z1" bosh_job_index="0" filename="/var/vcap/data/sys/log/uaa/uaa.log"] [2016-09-29 20:07:51.156] uaa - 19013 [pool-2-thread-1] .... DEBUG --- JdbcTemplate: Executing SQL query [select count(*) from oauth_client_details]

2016-09-29T20:07:57.139719+00:00 05bf1627-ae2f-400c-b1ce-31973a9ff23f - - - [NXLOG@14506 bosh_deployment="cf-warden" bosh_job_name="uaa_z1" bosh_job_index="0" filename="/var/vcap/data/sys/log/uaa/uaa.log"] [2016-09-29 20:07:51.158] uaa - 19013 [pool-2-thread-1] .... DEBUG --- JdbcTemplate: Executing SQL query [select count(*) from users]

2016-09-29T20:07:57.139730+00:00 05bf1627-ae2f-400c-b1ce-31973a9ff23f - - - [NXLOG@14506 bosh_deployment="cf-warden" bosh_job_name="uaa_z1" bosh_job_index="0" filename="/var/vcap/data/sys/log/uaa/uaa.log"] [2016-09-29 20:07:54.819] uaa - 19013 [http-nio-127.0.0.1-8989-exec-6] .... DEBUG --- AntPathRequestMatcher: Checking match of request : '/healthz'; against '/resources/**'

2016-09-29T20:07:57.139743+00:00 05bf1627-ae2f-400c-b1ce-31973a9ff23f - - - [NXLOG@14506 bosh_deployment="cf-warden" bosh_job_name="uaa_z1" bosh_job_index="0" filename="/var/vcap/data/sys/log/uaa/uaa.log"] [2016-09-29 20:07:54.819] uaa - 19013 [http-nio-127.0.0.1-8989-exec-6] .... DEBUG --- AntPathRequestMatcher: Checking match of request : '/healthz'; against '/square-logo.png'

2016-09-29T20:07:57.139782+00:00 05bf1627-ae2f-400c-b1ce-31973a9ff23f - - - [NXLOG@14506 bosh_deployment="cf-warden" bosh_job_name="uaa_z1" bosh_job_index="0" filename="/var/vcap/data/sys/log/uaa/uaa.log"] [2016-09-29 20:07:54.819] uaa - 19013 [http-nio-127.0.0.1-8989-exec-6] .... DEBUG --- AntPathRequestMatcher: Checking match of request : '/healthz'; against '/info'

2016-09-29T20:07:57.139794+00:00 05bf1627-ae2f-400c-b1ce-31973a9ff23f - - - [NXLOG@14506 bosh_deployment="cf-warden" bosh_job_name="uaa_z1" bosh_job_index="0" filename="/var/vcap/data/sys/log/uaa/uaa.log"] [2016-09-29 20:07:54.819] uaa - 19013 [http-nio-127.0.0.1-8989-exec-6] .... DEBUG --- AntPathRequestMatcher: Checking match of request : '/healthz'; against '/password/**'

2016-09-29T20:07:57.139804+00:00 05bf1627-ae2f-400c-b1ce-31973a9ff23f - - - [NXLOG@14506 bosh_deployment="cf-warden" bosh_job_name="uaa_z1" bosh_job_index="0" filename="/var/vcap/data/sys/log/uaa/uaa.log"] [2016-09-29 20:07:54.819] uaa - 19013 [http-nio-127.0.0.1-8989-exec-6] .... DEBUG --- AntPathRequestMatcher: Checking match of request : '/healthz'; against '/healthz/**'

2016-09-29T20:07:57.139831+00:00 05bf1627-ae2f-400c-b1ce-31973a9ff23f - - - [NXLOG@14506 bosh_deployment="cf-warden" bosh_job_name="uaa_z1" bosh_job_index="0" filename="/var/vcap/data/sys/log/uaa/uaa.log"] [2016-09-29 20:07:54.819] uaa - 19013 [http-nio-127.0.0.1-8989-exec-6] .... DEBUG --- FilterChainProxy: /healthz has an empty filter list

2016-09-29T20:07:57.139854+00:00 05bf1627-ae2f-400c-b1ce-31973a9ff23f - - - [NXLOG@14506 bosh_deployment="cf-warden" bosh_job_name="uaa_z1" bosh_job_index="0" filename="/var/vcap/data/sys/log/uaa/uaa.log"] [2016-09-29 20:07:54.819] uaa - 19013 [http-nio-127.0.0.1-8989-exec-6] .... DEBUG --- DispatcherServlet: DispatcherServlet with name 'spring' processing GET request for [/healthz]

2016-09-29T20:07:57.139864+00:00 05bf1627-ae2f-400c-b1ce-31973a9ff23f - - - [NXLOG@14506 bosh_deployment="cf-warden" bosh_job_name="uaa_z1" bosh_job_index="0" filename="/var/vcap/data/sys/log/uaa/uaa.log"] [2016-09-29 20:07:54.819] uaa - 19013 [http-nio-127.0.0.1-8989-exec-6] .... DEBUG --- DispatcherServlet: Last-Modified value for [/healthz] is: -1

2016-09-29T20:07:57.139886+00:00 05bf1627-ae2f-400c-b1ce-31973a9ff23f - - - [NXLOG@14506 bosh_deployment="cf-warden" bosh_job_name="uaa_z1" bosh_job_index="0" filename="/var/vcap/data/sys/log/uaa/uaa.log"] [2016-09-29 20:07:54.819] uaa - 19013 [http-nio-127.0.0.1-8989-exec-6] .... DEBUG --- RequestResponseBodyMethodProcessor: Written [ok

2016-09-29T20:07:57.139912+00:00 05bf1627-ae2f-400c-b1ce-31973a9ff23f - - - [NXLOG@14506 bosh_deployment="cf-warden" bosh_job_name="uaa_z1" bosh_job_index="0" filename="/var/vcap/data/sys/log/uaa/uaa.log"] ] as "text/plain;charset=ISO-8859-1" using [org.springframework.http.converter.StringHttpMessageConverter@178b2baf]

2016-09-29T20:07:57.139945+00:00 05bf1627-ae2f-400c-b1ce-31973a9ff23f - - - [NXLOG@14506 bosh_deployment="cf-warden" bosh_job_name="uaa_z1" bosh_job_index="0" filename="/var/vcap/data/sys/log/uaa/uaa.log"] [2016-09-29 20:07:54.819] uaa - 19013 [http-nio-127.0.0.1-8989-exec-6] .... DEBUG --- DispatcherServlet: Null ModelAndView returned to DispatcherServlet with name 'spring': assuming HandlerAdapter completed request handling

2016-09-29T20:07:57.139954+00:00 05bf1627-ae2f-400c-b1ce-31973a9ff23f - - - [NXLOG@14506 bosh_deployment="cf-warden" bosh_job_name="uaa_z1" bosh_job_index="0" filename="/var/vcap/data/sys/log/uaa/uaa.log"] [2016-09-29 20:07:54.819] uaa - 19013 [http-nio-127.0.0.1-8989-exec-6] .... DEBUG --- DispatcherServlet: Successfully completed request

2016-09-29T20:07:57.139962+00:00 05bf1627-ae2f-400c-b1ce-31973a9ff23f - - - [NXLOG@14506 bosh_deployment="cf-warden" bosh_job_name="uaa_z1" bosh_job_index="0" filename="/var/vcap/data/sys/log/uaa/uaa.log"] [2016-09-29 20:07:56.157] uaa - 19013 [pool-2-thread-1] .... DEBUG --- JdbcTemplate: Executing SQL query [select count(*) from oauth_client_details]

2016-09-29T20:07:57.139995+00:00 05bf1627-ae2f-400c-b1ce-31973a9ff23f - - - [NXLOG@14506 bosh_deployment="cf-warden" bosh_job_name="uaa_z1" bosh_job_index="0" filename="/var/vcap/data/sys/log/uaa/uaa.log"] [2016-09-29 20:07:56.158] uaa - 19013 [pool-2-thread-1] .... DEBUG --- JdbcTemplate: Executing SQL query [select count(*) from users]

2016-09-29T20:07:57.138348+00:00 152ab062-1f32-4789-910a-13bdc79651b2 - - - [NXLOG@14506 bosh_deployment="cf-warden" bosh_job_name="hm9000_z1" bosh_job_index="0" filename="/var/vcap/data/sys/log/hm9000/hm9000_listener.log"] {"timestamp":"1475179671.836021423","source":"listener","message":"listener.Received a heartbeat","log_level":1,"data":{"Heartbeats Pending Save":"1"}}

2016-09-29T20:07:57.138492+00:00 152ab062-1f32-4789-910a-13bdc79651b2 - - - [NXLOG@14506 bosh_deployment="cf-warden" bosh_job_name="hm9000_z1" bosh_job_index="0" filename="/var/vcap/data/sys/log/hm9000/hm9000_listener.log"] {"timestamp":"1475179672.815863132","source":"listener","message":"listener.Saving Heartbeats","log_level":1,"data":{"Heartbeats to Save":"1"}}

2016-09-29T20:07:57.138556+00:00 152ab062-1f32-4789-910a-13bdc79651b2 - - - [NXLOG@14506 bosh_deployment="cf-warden" bosh_job_name="hm9000_z1" bosh_job_index="0" filename="/var/vcap/data/sys/log/hm9000/hm9000_listener.log"] {"timestamp":"1475179672.824299335","source":"listener","message":"listener.Bumped freshness","log_level":1,"data":{}}

2016-09-29T20:07:57.138612+00:00 152ab062-1f32-4789-910a-13bdc79651b2 - - - [NXLOG@14506 bosh_deployment="cf-warden" bosh_job_name="hm9000_z1" bosh_job_index="0" filename="/var/vcap/data/sys/log/hm9000/hm9000_listener.log"] {"timestamp":"1475179672.824335575","source":"listener","message":"listener.Saved Heartbeats","log_level":1,"data":{"Duration":"8.416568ms","Heartbeats to Save":"1"}}

2016-09-29T20:08:06.990176+00:00 bfc626ef-a2eb-4bad-8f71-fa1d6d0f927f - - - [NXLOG@14506 bosh_deployment="cf-warden" bosh_job_name="loggregator_trafficcontroller_z1" bosh_job_index="0" filename="/var/vcap/data/sys/log/route_registrar/route_registrar.stdout.log"] {"timestamp":"1475179686.733958244","source":"Route Registrar","message":"Route Registrar.no healthchecker found for route","log_level":1,"data":{"route":{"Name":"doppler","Port":8081,"Tags":null,"URIs":["doppler.bosh-lite.com"],"RouteServiceUrl":"","RegistrationInterval":20000000000,"HealthCheck":null}}}

2016-09-29T20:08:06.990350+00:00 bfc626ef-a2eb-4bad-8f71-fa1d6d0f927f - - - [NXLOG@14506 bosh_deployment="cf-warden" bosh_job_name="loggregator_trafficcontroller_z1" bosh_job_index="0" filename="/var/vcap/data/sys/log/route_registrar/route_registrar.stdout.log"] {"timestamp":"1475179686.734038830","source":"Route Registrar","message":"Route Registrar.Registering route","log_level":1,"data":{"route":{"Name":"doppler","Port":8081,"Tags":null,"URIs":["doppler.bosh-lite.com"],"RouteServiceUrl":"","RegistrationInterval":20000000000,"HealthCheck":null}}}

2016-09-29T20:08:06.990463+00:00 bfc626ef-a2eb-4bad-8f71-fa1d6d0f927f - - - [NXLOG@14506 bosh_deployment="cf-warden" bosh_job_name="loggregator_trafficcontroller_z1" bosh_job_index="0" filename="/var/vcap/data/sys/log/route_registrar/route_registrar.stdout.log"] {"timestamp":"1475179686.734116554","source":"Route Registrar","message":"Route Registrar.Registered routes successfully","log_level":1,"data":{}}

2016-09-29T20:08:06.990593+00:00 bfc626ef-a2eb-4bad-8f71-fa1d6d0f927f - - - [NXLOG@14506 bosh_deployment="cf-warden" bosh_job_name="loggregator_trafficcontroller_z1" bosh_job_index="0" filename="/var/vcap/data/sys/log/route_registrar/route_registrar.stdout.log"] {"timestamp":"1475179686.734137058","source":"Route Registrar","message":"Route Registrar.no healthchecker found for route","log_level":1,"data":{"route":{"Name":"loggregator","Port":8080,"Tags":null,"URIs":["loggregator.bosh-lite.com"],"RouteServiceUrl":"","RegistrationInterval":20000000000,"HealthCheck":null}}}

2016-09-29T20:08:06.990635+00:00 bfc626ef-a2eb-4bad-8f71-fa1d6d0f927f - - - [NXLOG@14506 bosh_deployment="cf-warden" bosh_job_name="loggregator_trafficcontroller_z1" bosh_job_index="0" filename="/var/vcap/data/sys/log/route_registrar/route_registrar.stdout.log"] {"timestamp":"1475179686.734153271","source":"Route Registrar","message":"Route Registrar.Registering route","log_level":1,"data":{"route":{"Name":"loggregator","Port":8080,"Tags":null,"URIs":["loggregator.bosh-lite.com"],"RouteServiceUrl":"","RegistrationInterval":20000000000,"HealthCheck":null}}}

2016-09-29T20:08:06.990671+00:00 bfc626ef-a2eb-4bad-8f71-fa1d6d0f927f - - - [NXLOG@14506 bosh_deployment="cf-warden" bosh_job_name="loggregator_trafficcontroller_z1" bosh_job_index="0" filename="/var/vcap/data/sys/log/route_registrar/route_registrar.stdout.log"] {"timestamp":"1475179686.734195471","source":"Route Registrar","message":"Route Registrar.Registered routes successfully","log_level":1,"data":{}}

2016-09-29T20:08:06.990818+00:00 81da04d2-3e1d-4a50-80cd-e5b2e7a3a719 - - - [NXLOG@14506 bosh_deployment="cf-warden" bosh_job_name="router_z1" bosh_job_index="0" filename="/var/vcap/data/sys/log/gorouter/access.log"] api.bosh-lite.com - [29/09/2016:20:08:00.910 +0000] "GET /v2/syslog_drain_urls?batch_size=1000 HTTP/1.1" 200 0 42 "-" "Go-http-client/1.1" 10.244.0.34:53666 x_forwarded_for:"10.244.0.146" x_forwarded_proto:"https" vcap_request_id:7d7c19bd-cd57-4e64-7c7a-ad2c382a8861 response_time:0.007364014 app_id:

2016-09-29T20:08:06.995432+00:00 fc52b791-0068-48d0-b63d-a9600b8fa32e - - - [NXLOG@14506 bosh_deployment="cf-warden" bosh_job_name="runner_z1" bosh_job_index="0" filename="/var/vcap/data/sys/log/dea_next/dea_next.log"] {"timestamp":1475179681.8367877,"message":"hm9000.heartbeat.sending","log_level":"debug","source":"Dea::Bootstrap","data":{"destination":"https://listener-hm9000.service.cf.internal:5335/dea/heartbeat"},"thread_id":47241037142420,"fiber_id":47241050325380,"process_id":6941,"file":"/var/vcap/packages/dea_next/lib/dea/utils/hm9000.rb","lineno":29,"method":"send_heartbeat"}

2016-09-29T20:08:06.995549+00:00 fc52b791-0068-48d0-b63d-a9600b8fa32e - - - [NXLOG@14506 bosh_deployment="cf-warden" bosh_job_name="runner_z1" bosh_job_index="0" filename="/var/vcap/data/sys/log/dea_next/dea_next.log"] {"timestamp":1475179681.8542862,"message":"hm9000.heartbeat.accepted","log_level":"debug","source":"Dea::Bootstrap","data":{},"thread_id":47241050155280,"fiber_id":47241050574880,"process_id":6941,"file":"/var/vcap/packages/dea_next/lib/dea/utils/hm9000.rb","lineno":49,"method":"handle_http_response"}

2016-09-29T20:08:06.995605+00:00 fc52b791-0068-48d0-b63d-a9600b8fa32e - - - [NXLOG@14506 bosh_deployment="cf-warden" bosh_job_name="runner_z1" bosh_job_index="0" filename="/var/vcap/data/sys/log/dea_next/dea_next.log"] {"timestamp":1475179686.117294,"message":"Reaping orphaned containers","log_level":"debug","source":"Dea::Bootstrap","data":{},"thread_id":47241037142420,"fiber_id":47241050325380,"process_id":6941,"file":"/var/vcap/packages/dea_next/lib/dea/bootstrap.rb","lineno":236,"method":"reap_orphaned_containers"}

2016-09-29T20:08:07.135498+00:00 05bf1627-ae2f-400c-b1ce-31973a9ff23f - - - [NXLOG@14506 bosh_deployment="cf-warden" bosh_job_name="uaa_z1" bosh_job_index="0" filename="/var/vcap/data/sys/log/uaa/localhost_access.log"] 127.0.0.1 - - [29/Sep/2016:20:07:50 +0000] "GET /healthz HTTP/1.1" 200 3

2016-09-29T20:08:07.135665+00:00 05bf1627-ae2f-400c-b1ce-31973a9ff23f - - - [NXLOG@14506 bosh_deployment="cf-warden" bosh_job_name="uaa_z1" bosh_job_index="0" filename="/var/vcap/data/sys/log/uaa/localhost_access.log"] 127.0.0.1 - - [29/Sep/2016:20:07:50 +0000] "GET /healthz HTTP/1.1" 200 3

2016-09-29T20:08:07.135727+00:00 05bf1627-ae2f-400c-b1ce-31973a9ff23f - - - [NXLOG@14506 bosh_deployment="cf-warden" bosh_job_name="uaa_z1" bosh_job_index="0" filename="/var/vcap/data/sys/log/uaa/localhost_access.log"] 127.0.0.1 - - [29/Sep/2016:20:07:54 +0000] "GET /healthz HTTP/1.1" 200 3

2016-09-29T20:08:07.135783+00:00 05bf1627-ae2f-400c-b1ce-31973a9ff23f - - - [NXLOG@14506 bosh_deployment="cf-warden" bosh_job_name="uaa_z1" bosh_job_index="0" filename="/var/vcap/data/sys/log/route_registrar/route_registrar.stdout.log"] {"timestamp":"1475179678.808256626","source":"Route Registrar","message":"Route Registrar.Executing script","log_level":1,"data":{"scriptPath":"/var/vcap/jobs/uaa/bin/health_check"}}

2016-09-29T20:08:07.135840+00:00 05bf1627-ae2f-400c-b1ce-31973a9ff23f - - - [NXLOG@14506 bosh_deployment="cf-warden" bosh_job_name="uaa_z1" bosh_job_index="0" filename="/var/vcap/data/sys/log/route_registrar/route_registrar.stdout.log"] {"timestamp":"1475179678.824220896","source":"Route Registrar","message":"Route Registrar.Script exited without error","log_level":1,"data":{"script":"/var/vcap/jobs/uaa/bin/health_check","stderr":"  % Total    % Received % Xferd  Average Speed   Time    Time     Time  Current\n                                 Dload  Upload   Total   Spent    Left  Speed\n\r  0     0    0     0    0     0      0      0 --:--:-- --:--:-- --:--:--     0\r100     3  100     3    0     0   1667      0 --:--:-- --:--:-- --:--:--  3000\n","stdout":""}}

2016-09-29T20:08:07.135932+00:00 05bf1627-ae2f-400c-b1ce-31973a9ff23f - - - [NXLOG@14506 bosh_deployment="cf-warden" bosh_job_name="uaa_z1" bosh_job_index="0" filename="/var/vcap/data/sys/log/route_registrar/route_registrar.stdout.log"] {"timestamp":"1475179678.824297667","source":"Route Registrar","message":"Route Registrar.healthchecker returned healthy for route","log_level":1,"data":{"route":{"Name":"uaa","Port":8080,"Tags":{"component":"uaa"},"URIs":["uaa.bosh-lite.com","*.uaa.bosh-lite.com","login.bosh-lite.com","*.login.bosh-lite.com"],"RouteServiceUrl":"","RegistrationInterval":4000000000,"HealthCheck":{"Name":"uaa-healthcheck","ScriptPath":"/var/vcap/jobs/uaa/bin/health_check","Timeout":2000000000}}}}

2016-09-29T20:08:07.135990+00:00 05bf1627-ae2f-400c-b1ce-31973a9ff23f - - - [NXLOG@14506 bosh_deployment="cf-warden" bosh_job_name="uaa_z1" bosh_job_index="0" filename="/var/vcap/data/sys/log/route_registrar/route_registrar.stdout.log"] {"timestamp":"1475179678.824321032","source":"Route Registrar","message":"Route Registrar.Registering route","log_level":1,"data":{"route":{"Name":"uaa","Port":8080,"Tags":{"component":"uaa"},"URIs":["uaa.bosh-lite.com","*.uaa.bosh-lite.com","login.bosh-lite.com","*.login.bosh-lite.com"],"RouteServiceUrl":"","RegistrationInterval":4000000000,"HealthCheck":{"Name":"uaa-healthcheck","ScriptPath":"/var/vcap/jobs/uaa/bin/health_check","Timeout":2000000000}}}}

2016-09-29T20:08:07.136067+00:00 05bf1627-ae2f-400c-b1ce-31973a9ff23f - - - [NXLOG@14506 bosh_deployment="cf-warden" bosh_job_name="uaa_z1" bosh_job_index="0" filename="/var/vcap/data/sys/log/route_registrar/route_registrar.stdout.log"] {"timestamp":"1475179678.824433804","source":"Route Registrar","message":"Route Registrar.Registered routes successfully","log_level":1,"data":{}}

2016-09-29T20:08:07.136122+00:00 05bf1627-ae2f-400c-b1ce-31973a9ff23f - - - [NXLOG@14506 bosh_deployment="cf-warden" bosh_job_name="uaa_z1" bosh_job_index="0" filename="/var/vcap/data/sys/log/route_registrar/route_registrar.stdout.log"] {"timestamp":"1475179682.808640718","source":"Route Registrar","message":"Route Registrar.Executing script","log_level":1,"data":{"scriptPath":"/var/vcap/jobs/uaa/bin/health_check"}}

2016-09-29T20:08:07.135664+00:00 b0fa19c0-86de-4447-a670-3f7adbd0b3c1 - - - [NXLOG@14506 bosh_deployment="cf-warden" bosh_job_name="api_z1" bosh_job_index="0" filename="/var/vcap/data/sys/log/route_registrar/route_registrar.stdout.log"] {"timestamp":"1475179687.087346077","source":"Route Registrar","message":"Route Registrar.no healthchecker found for route","log_level":1,"data":{"route":{"Name":"api","Port":9022,"Tags":{"component":"CloudController"},"URIs":["api.bosh-lite.com"],"RouteServiceUrl":"","RegistrationInterval":20000000000,"HealthCheck":null}}}

2016-09-29T20:08:07.135795+00:00 b0fa19c0-86de-4447-a670-3f7adbd0b3c1 - - - [NXLOG@14506 bosh_deployment="cf-warden" bosh_job_name="api_z1" bosh_job_index="0" filename="/var/vcap/data/sys/log/route_registrar/route_registrar.stdout.log"] {"timestamp":"1475179687.087908506","source":"Route Registrar","message":"Route Registrar.Registering route","log_level":1,"data":{"route":{"Name":"api","Port":9022,"Tags":{"component":"CloudController"},"URIs":["api.bosh-lite.com"],"RouteServiceUrl":"","RegistrationInterval":20000000000,"HealthCheck":null}}}

2016-09-29T20:08:07.135864+00:00 b0fa19c0-86de-4447-a670-3f7adbd0b3c1 - - - [NXLOG@14506 bosh_deployment="cf-warden" bosh_job_name="api_z1" bosh_job_index="0" filename="/var/vcap/data/sys/log/route_registrar/route_registrar.stdout.log"] {"timestamp":"1475179687.087996721","source":"Route Registrar","message":"Route Registrar.Registered routes successfully","log_level":1,"data":{}}

2016-09-29T20:08:07.135965+00:00 b0fa19c0-86de-4447-a670-3f7adbd0b3c1 - - - [NXLOG@14506 bosh_deployment="cf-warden" bosh_job_name="api_z1" bosh_job_index="0" filename="/var/vcap/data/sys/log/cloud_controller_worker/cloud_controller_worker.log"] {"timestamp":1475179678.6076014,"message":"(0.000609s) SELECT * FROM \"delayed_jobs\" WHERE ((((\"run_at\" <= '2016-09-29 20:07:58.606271+0000') AND (\"locked_at\" IS NULL)) OR (\"locked_by\" = 'cc_global_worker.api_z1.0.1')) AND (\"failed_at\" IS NULL) AND (\"queue\" IN ('cc-generic'))) ORDER BY \"priority\" ASC, \"run_at\" ASC LIMIT 5","log_level":"debug2","source":"cc.background","data":{},"thread_id":47193737007380,"fiber_id":47193773841900,"process_id":15807,"file":"/var/vcap/packages/cloud_controller_ng/cloud_controller_ng/vendor/bundle/ruby/2.3.0/gems/sequel-4.29.0/lib/sequel/database/logging.rb","lineno":70,"method":"block in log_each"}

2016-09-29T20:08:07.136028+00:00 b0fa19c0-86de-4447-a670-3f7adbd0b3c1 - - - [NXLOG@14506 bosh_deployment="cf-warden" bosh_job_name="api_z1" bosh_job_index="0" filename="/var/vcap/data/sys/log/cloud_controller_worker/cloud_controller_worker.log"] {"timestamp":1475179683.636732,"message":"(0.001341s) SELECT * FROM \"delayed_jobs\" WHERE ((((\"run_at\" <= '2016-09-29 20:08:03.634878+0000') AND (\"locked_at\" IS NULL)) OR (\"locked_by\" = 'cc_global_worker.api_z1.0.1')) AND (\"failed_at\" IS NULL) AND (\"queue\" IN ('cc-generic'))) ORDER BY \"priority\" ASC, \"run_at\" ASC LIMIT 5","log_level":"debug2","source":"cc.background","data":{},"thread_id":47193737007380,"fiber_id":47193773841900,"process_id":15807,"file":"/var/vcap/packages/cloud_controller_ng/cloud_controller_ng/vendor/bundle/ruby/2.3.0/gems/sequel-4.29.0/lib/sequel/database/logging.rb","lineno":70,"method":"block in log_each"}

2016-09-29T20:08:16.996802+00:00 fc52b791-0068-48d0-b63d-a9600b8fa32e - - - [NXLOG@14506 bosh_deployment="cf-warden" bosh_job_name="runner_z1" bosh_job_index="0" filename="/var/vcap/data/sys/log/dea_next/dea_next.log"] {"timestamp":1475179691.839432,"message":"hm9000.heartbeat.sending","log_level":"debug","source":"Dea::Bootstrap","data":{"destination":"https://listener-hm9000.service.cf.internal:5335/dea/heartbeat"},"thread_id":47241037142420,"fiber_id":47241050325380,"process_id":6941,"file":"/var/vcap/packages/dea_next/lib/dea/utils/hm9000.rb","lineno":29,"method":"send_heartbeat"}

2016-09-29T20:08:16.996945+00:00 fc52b791-0068-48d0-b63d-a9600b8fa32e - - - [NXLOG@14506 bosh_deployment="cf-warden" bosh_job_name="runner_z1" bosh_job_index="0" filename="/var/vcap/data/sys/log/dea_next/dea_next.log"] {"timestamp":1475179691.8414671,"message":"hm9000.heartbeat.accepted","log_level":"debug","source":"Dea::Bootstrap","data":{},"thread_id":47241050155580,"fiber_id":47241050513920,"process_id":6941,"file":"/var/vcap/packages/dea_next/lib/dea/utils/hm9000.rb","lineno":49,"method":"handle_http_response"}

2016-09-29T20:08:17.137815+00:00 05bf1627-ae2f-400c-b1ce-31973a9ff23f - - - [NXLOG@14506 bosh_deployment="cf-warden" bosh_job_name="uaa_z1" bosh_job_index="0" filename="/var/vcap/data/sys/log/uaa/localhost_access.log"] 127.0.0.1 - - [29/Sep/2016:20:07:58 +0000] "GET /healthz HTTP/1.1" 200 3

2016-09-29T20:08:17.138006+00:00 05bf1627-ae2f-400c-b1ce-31973a9ff23f - - - [NXLOG@14506 bosh_deployment="cf-warden" bosh_job_name="uaa_z1" bosh_job_index="0" filename="/var/vcap/data/sys/log/uaa/localhost_access.log"] 127.0.0.1 - - [29/Sep/2016:20:08:00 +0000] "GET /healthz HTTP/1.1" 200 3

2016-09-29T20:08:17.138070+00:00 05bf1627-ae2f-400c-b1ce-31973a9ff23f - - - [NXLOG@14506 bosh_deployment="cf-warden" bosh_job_name="uaa_z1" bosh_job_index="0" filename="/var/vcap/data/sys/log/uaa/localhost_access.log"] 127.0.0.1 - - [29/Sep/2016:20:08:02 +0000] "GET /healthz HTTP/1.1" 200 3

2016-09-29T20:08:17.138125+00:00 05bf1627-ae2f-400c-b1ce-31973a9ff23f - - - [NXLOG@14506 bosh_deployment="cf-warden" bosh_job_name="uaa_z1" bosh_job_index="0" filename="/var/vcap/data/sys/log/uaa/localhost_access.log"] 127.0.0.1 - - [29/Sep/2016:20:08:06 +0000] "GET /healthz HTTP/1.1" 200 3

2016-09-29T20:08:17.138177+00:00 05bf1627-ae2f-400c-b1ce-31973a9ff23f - - - [NXLOG@14506 bosh_deployment="cf-warden" bosh_job_name="uaa_z1" bosh_job_index="0" filename="/var/vcap/data/sys/log/route_registrar/route_registrar.stdout.log"] {"timestamp":"1475179690.808323860","source":"Route Registrar","message":"Route Registrar.Executing script","log_level":1,"data":{"scriptPath":"/var/vcap/jobs/uaa/bin/health_check"}}

2016-09-29T20:08:17.138232+00:00 05bf1627-ae2f-400c-b1ce-31973a9ff23f - - - [NXLOG@14506 bosh_deployment="cf-warden" bosh_job_name="uaa_z1" bosh_job_index="0" filename="/var/vcap/data/sys/log/route_registrar/route_registrar.stdout.log"] {"timestamp":"1475179690.820761919","source":"Route Registrar","message":"Route Registrar.Script exited without error","log_level":1,"data":{"script":"/var/vcap/jobs/uaa/bin/health_check","stderr":"  % Total    % Received % Xferd  Average Speed   Time    Time     Time  Current\n                                 Dload  Upload   Total   Spent    Left  Speed\n\r  0     0    0     0    0     0      0      0 --:--:-- --:--:-- --:--:--     0\r100     3  100     3    0     0   1322      0 --:--:-- --:--:-- --:--:--  1500\n","stdout":""}}

2016-09-29T20:08:17.138314+00:00 05bf1627-ae2f-400c-b1ce-31973a9ff23f - - - [NXLOG@14506 bosh_deployment="cf-warden" bosh_job_name="uaa_z1" bosh_job_index="0" filename="/var/vcap/data/sys/log/route_registrar/route_registrar.stdout.log"] {"timestamp":"1475179690.820815325","source":"Route Registrar","message":"Route Registrar.healthchecker returned healthy for route","log_level":1,"data":{"route":{"Name":"uaa","Port":8080,"Tags":{"component":"uaa"},"URIs":["uaa.bosh-lite.com","*.uaa.bosh-lite.com","login.bosh-lite.com","*.login.bosh-lite.com"],"RouteServiceUrl":"","RegistrationInterval":4000000000,"HealthCheck":{"Name":"uaa-healthcheck","ScriptPath":"/var/vcap/jobs/uaa/bin/health_check","Timeout":2000000000}}}}

2016-09-29T20:08:17.137902+00:00 f0562343-642f-42d4-aca5-293abe675815 - - - [NXLOG@14506 bosh_deployment="cf-warden" bosh_job_name="blobstore_z1" bosh_job_index="0" filename="/var/vcap/data/sys/log/route_registrar/route_registrar.stdout.log"] {"timestamp":"1475179688.513000250","source":"Route Registrar","message":"Route Registrar.no healthchecker found for route","log_level":1,"data":{"route":{"Name":"blobstore","Port":80,"Tags":{"component":"blobstore"},"URIs":["blobstore.bosh-lite.com"],"RouteServiceUrl":"","RegistrationInterval":20000000000,"HealthCheck":null}}}

2016-09-29T20:08:17.138166+00:00 f0562343-642f-42d4-aca5-293abe675815 - - - [NXLOG@14506 bosh_deployment="cf-warden" bosh_job_name="blobstore_z1" bosh_job_index="0" filename="/var/vcap/data/sys/log/route_registrar/route_registrar.stdout.log"] {"timestamp":"1475179688.513111115","source":"Route Registrar","message":"Route Registrar.Registering route","log_level":1,"data":{"route":{"Name":"blobstore","Port":80,"Tags":{"component":"blobstore"},"URIs":["blobstore.bosh-lite.com"],"RouteServiceUrl":"","RegistrationInterval":20000000000,"HealthCheck":null}}}

2016-09-29T20:08:17.138343+00:00 f0562343-642f-42d4-aca5-293abe675815 - - - [NXLOG@14506 bosh_deployment="cf-warden" bosh_job_name="blobstore_z1" bosh_job_index="0" filename="/var/vcap/data/sys/log/route_registrar/route_registrar.stdout.log"] {"timestamp":"1475179688.513166428","source":"Route Registrar","message":"Route Registrar.Registered routes successfully","log_level":1,"data":{}}

2016-09-29T20:08:17.138456+00:00 b0fa19c0-86de-4447-a670-3f7adbd0b3c1 - - - [NXLOG@14506 bosh_deployment="cf-warden" bosh_job_name="api_z1" bosh_job_index="0" filename="/var/vcap/data/sys/log/cloud_controller_worker/cloud_controller_worker.log"] {"timestamp":1475179688.6596928,"message":"(0.001362s) SELECT * FROM \"delayed_jobs\" WHERE ((((\"run_at\" <= '2016-09-29 20:08:08.657346+0000') AND (\"locked_at\" IS NULL)) OR (\"locked_by\" = 'cc_global_worker.api_z1.0.1')) AND (\"failed_at\" IS NULL) AND (\"queue\" IN ('cc-generic'))) ORDER BY \"priority\" ASC, \"run_at\" ASC LIMIT 5","log_level":"debug2","source":"cc.background","data":{},"thread_id":47193737007380,"fiber_id":47193773841900,"process_id":15807,"file":"/var/vcap/packages/cloud_controller_ng/cloud_controller_ng/vendor/bundle/ruby/2.3.0/gems/sequel-4.29.0/lib/sequel/database/logging.rb","lineno":70,"method":"block in log_each"}

2016-09-29T20:08:17.138594+00:00 b0fa19c0-86de-4447-a670-3f7adbd0b3c1 - - - [NXLOG@14506 bosh_deployment="cf-warden" bosh_job_name="api_z1" bosh_job_index="0" filename="/var/vcap/data/sys/log/cloud_controller_worker/cloud_controller_worker.log"] {"timestamp":1475179693.7005327,"message":"(0.000628s) SELECT * FROM \"delayed_jobs\" WHERE ((((\"run_at\" <= '2016-09-29 20:08:13.699391+0000') AND (\"locked_at\" IS NULL)) OR (\"locked_by\" = 'cc_global_worker.api_z1.0.1')) AND (\"failed_at\" IS NULL) AND (\"queue\" IN ('cc-generic'))) ORDER BY \"priority\" ASC, \"run_at\" ASC LIMIT 5","log_level":"debug2","source":"cc.background","data":{},"thread_id":47193737007380,"fiber_id":47193773841900,"process_id":15807,"file":"/var/vcap/packages/cloud_controller_ng/cloud_controller_ng/vendor/bundle/ruby/2.3.0/gems/sequel-4.29.0/lib/sequel/database/logging.rb","lineno":70,"method":"block in log_each"}

2016-09-29T20:08:17.138767+00:00 b0fa19c0-86de-4447-a670-3f7adbd0b3c1 - - - [NXLOG@14506 bosh_deployment="cf-warden" bosh_job_name="api_z1" bosh_job_index="0" filename="/var/vcap/data/sys/log/nginx_cc/nginx.access.log"] 10.244.0.138 - [29/Sep/2016:20:08:07 +0000] "GET /v2/info HTTP/1.1" 200 802 "-" "monit/5.2.5" 10.244.0.138 vcap_request_id:b9d073e5-4ea5-4842-a0d3-aa98799733ca response_time:0.003

2016-09-29T20:08:17.138849+00:00 b0fa19c0-86de-4447-a670-3f7adbd0b3c1 - - - [NXLOG@14506 bosh_deployment="cf-warden" bosh_job_name="api_z1" bosh_job_index="0" filename="/var/vcap/data/sys/log/nginx_cc/nginx.access.log"] api.bosh-lite.com - [29/Sep/2016:20:08:15 +0000] "GET /v2/syslog_drain_urls?batch_size=1000 HTTP/1.1" 200 326 "-" "Go-http-client/1.1" 10.244.0.146, 10.244.0.34, 10.244.0.22 vcap_request_id:b137a22f-640f-4a42-53a1-4e7b88a991f5::2ce89cb4-5259-48b9-9bd4-b43454c62a27 response_time:0.005

2016-09-29T20:08:17.138929+00:00 b0fa19c0-86de-4447-a670-3f7adbd0b3c1 - - - [NXLOG@14506 bosh_deployment="cf-warden" bosh_job_name="api_z1" bosh_job_index="0" filename="/var/vcap/data/sys/log/cloud_controller_ng/cloud_controller_ng.log"] {"timestamp":1475179687.484885,"message":"Statsd: cc.requests.outstanding:1|c","log_level":"debug","source":"statsd.client","data":{},"thread_id":47062185508960,"fiber_id":47062150331380,"process_id":15535,"file":"/var/vcap/packages/cloud_controller_ng/cloud_controller_ng/vendor/bundle/ruby/2.3.0/gems/statsd-ruby-1.2.1/lib/statsd.rb","lineno":254,"method":"send_to_socket"}

2016-09-29T20:08:17.139008+00:00 b0fa19c0-86de-4447-a670-3f7adbd0b3c1 - - - [NXLOG@14506 bosh_deployment="cf-warden" bosh_job_name="api_z1" bosh_job_index="0" filename="/var/vcap/data/sys/log/cloud_controller_ng/cloud_controller_ng.log"] {"timestamp":1475179687.4854167,"message":"Started GET \"/v2/info\" for user: , ip: 127.0.0.1 with vcap-request-id: b9d073e5-4ea5-4842-a0d3-aa98799733ca at 2016-09-29 20:08:07 UTC","log_level":"info","source":"cc.api","data":{},"thread_id":47062185508960,"fiber_id":47062150331380,"process_id":15535,"file":"/var/vcap/packages/cloud_controller_ng/cloud_controller_ng/middleware/request_logs.rb","lineno":12,"method":"call"}

2016-09-29T20:08:17.139065+00:00 b0fa19c0-86de-4447-a670-3f7adbd0b3c1 - - - [NXLOG@14506 bosh_deployment="cf-warden" bosh_job_name="api_z1" bosh_job_index="0" filename="/var/vcap/data/sys/log/cloud_controller_ng/cloud_controller_ng.log"] {"timestamp":1475179687.4862816,"message":"dispatch VCAP::CloudController::InfoController get /v2/info","log_level":"debug","source":"cc.api","data":{"request_guid":"b9d073e5-4ea5-4842-a0d3-aa98799733ca"},"thread_id":47062185508960,"fiber_id":47062150331380,"process_id":15535,"file":"/var/vcap/data/packages/cloud_controller_ng/f87cb49aa2cd87792cb9c2211a79e1542502be4d.1-b1a5f3c830cb6c32ae9e685628b24aa967f5ae54/cloud_controller_ng/lib/cloud_controller/rest_controller/routes.rb","lineno":12,"method":"block in define_route"}

2016-09-29T20:08:17.139118+00:00 b0fa19c0-86de-4447-a670-3f7adbd0b3c1 - - - [NXLOG@14506 bosh_deployment="cf-warden" bosh_job_name="api_z1" bosh_job_index="0" filename="/var/vcap/data/sys/log/cloud_controller_ng/cloud_controller_ng.log"] {"timestamp":1475179687.486482,"message":"parse_params: {} ","log_level":"debug","source":"cc.api","data":{"request_guid":"b9d073e5-4ea5-4842-a0d3-aa98799733ca"},"thread_id":47062185508960,"fiber_id":47062150331380,"process_id":15535,"file":"/var/vcap/data/packages/cloud_controller_ng/f87cb49aa2cd87792cb9c2211a79e1542502be4d.1-b1a5f3c830cb6c32ae9e685628b24aa967f5ae54/cloud_controller_ng/lib/cloud_controller/rest_controller/common_params.rb","lineno":10,"method":"parse"}

2016-09-29T20:08:17.139173+00:00 b0fa19c0-86de-4447-a670-3f7adbd0b3c1 - - - [NXLOG@14506 bosh_deployment="cf-warden" bosh_job_name="api_z1" bosh_job_index="0" filename="/var/vcap/data/sys/log/cloud_controller_ng/cloud_controller_ng.log"] {"timestamp":1475179687.4866378,"message":"cc.dispatch","log_level":"debug","source":"cc.api","data":{"request_guid":"b9d073e5-4ea5-4842-a0d3-aa98799733ca","endpoint":"read","args":[]},"thread_id":47062185508960,"fiber_id":47062150331380,"process_id":15535,"file":"/var/vcap/data/packages/cloud_controller_ng/f87cb49aa2cd87792cb9c2211a79e1542502be4d.1-b1a5f3c830cb6c32ae9e685628b24aa967f5ae54/cloud_controller_ng/app/controllers/base/base_controller.rb","lineno":78,"method":"dispatch"}

2016-09-29T20:08:17.139225+00:00 b0fa19c0-86de-4447-a670-3f7adbd0b3c1 - - - [NXLOG@14506 bosh_deployment="cf-warden" bosh_job_name="api_z1" bosh_job_index="0" filename="/var/vcap/data/sys/log/cloud_controller_ng/cloud_controller_ng.log"] {"timestamp":1475179687.486964,"message":"Completed 200 vcap-request-id: b9d073e5-4ea5-4842-a0d3-aa98799733ca","log_level":"info","source":"cc.api","data":{},"thread_id":47062185508960,"fiber_id":47062150331380,"process_id":15535,"file":"/var/vcap/packages/cloud_controller_ng/cloud_controller_ng/middleware/request_logs.rb","lineno":24,"method":"call"}

2016-09-29T20:08:17.139277+00:00 b0fa19c0-86de-4447-a670-3f7adbd0b3c1 - - - [NXLOG@14506 bosh_deployment="cf-warden" bosh_job_name="api_z1" bosh_job_index="0" filename="/var/vcap/data/sys/log/cloud_controller_ng/cloud_controller_ng.log"] {"timestamp":1475179687.4871278,"message":"Statsd: cc.requests.outstanding:-1|c\ncc.requests.completed:1|c\ncc.http_status.2XX:1|c","log_level":"debug","source":"statsd.client","data":{},"thread_id":47062185508960,"fiber_id":47062150331380,"process_id":15535,"file":"/var/vcap/packages/cloud_controller_ng/cloud_controller_ng/vendor/bundle/ruby/2.3.0/gems/statsd-ruby-1.2.1/lib/statsd.rb","lineno":254,"method":"send_to_socket"}

2016-09-29T20:08:17.139332+00:00 b0fa19c0-86de-4447-a670-3f7adbd0b3c1 - - - [NXLOG@14506 bosh_deployment="cf-warden" bosh_job_name="api_z1" bosh_job_index="0" filename="/var/vcap/data/sys/log/cloud_controller_ng/cloud_controller_ng.log"] {"timestamp":1475179688.6624205,"message":"(0.000593s) SELECT * FROM \"delayed_jobs\" WHERE ((((\"run_at\" <= '2016-09-29 20:08:08.661304+0000') AND (\"locked_at\" IS NULL)) OR (\"locked_by\" = 'cc_api_worker.api_z1.0.2')) AND (\"failed_at\" IS NULL) AND (\"queue\" IN ('cc-api_z1-0'))) ORDER BY \"priority\" ASC, \"run_at\" ASC LIMIT 5","log_level":"debug2","source":"cc.background","data":{},"thread_id":47118928261380,"fiber_id":47118965175380,"process_id":15629,"file":"/var/vcap/packages/cloud_controller_ng/cloud_controller_ng/vendor/bundle/ruby/2.3.0/gems/sequel-4.29.0/lib/sequel/database/logging.rb","lineno":70,"method":"block in log_each"}

2016-09-29T20:08:17.139386+00:00 b0fa19c0-86de-4447-a670-3f7adbd0b3c1 - - - [NXLOG@14506 bosh_deployment="cf-warden" bosh_job_name="api_z1" bosh_job_index="0" filename="/var/vcap/data/sys/log/cloud_controller_ng/cloud_controller_ng.log"] {"timestamp":1475179689.8295922,"message":"(0.000633s) SELECT * FROM \"delayed_jobs\" WHERE ((((\"run_at\" <= '2016-09-29 20:08:09.828451+0000') AND (\"locked_at\" IS NULL)) OR (\"locked_by\" = 'cc_api_worker.api_z1.0.1')) AND (\"failed_at\" IS NULL) AND (\"queue\" IN ('cc-api_z1-0'))) ORDER BY \"priority\" ASC, \"run_at\" ASC LIMIT 5","log_level":"debug2","source":"cc.background","data":{},"thread_id":47452862460180,"fiber_id":47452899698480,"process_id":15587,"file":"/var/vcap/packages/cloud_controller_ng/cloud_controller_ng/vendor/bundle/ruby/2.3.0/gems/sequel-4.29.0/lib/sequel/database/logging.rb","lineno":70,"method":"block in log_each"}

2016-09-29T20:08:17.139472+00:00 b0fa19c0-86de-4447-a670-3f7adbd0b3c1 - - - [NXLOG@14506 bosh_deployment="cf-warden" bosh_job_name="api_z1" bosh_job_index="0" filename="/var/vcap/data/sys/log/cloud_controller_ng/cloud_controller_ng.log"] {"timestamp":1475179693.7066307,"message":"(0.000622s) SELECT * FROM \"delayed_jobs\" WHERE ((((\"run_at\" <= '2016-09-29 20:08:13.705470+0000') AND (\"locked_at\" IS NULL)) OR (\"locked_by\" = 'cc_api_worker.api_z1.0.2')) AND (\"failed_at\" IS NULL) AND (\"queue\" IN ('cc-api_z1-0'))) ORDER BY \"priority\" ASC, \"run_at\" ASC LIMIT 5","log_level":"debug2","source":"cc.background","data":{},"thread_id":47118928261380,"fiber_id":47118965175380,"process_id":15629,"file":"/var/vcap/packages/cloud_controller_ng/cloud_controller_ng/vendor/bundle/ruby/2.3.0/gems/sequel-4.29.0/lib/sequel/database/logging.rb","lineno":70,"method":"block in log_each"}

2016-09-29T20:08:17.139623+00:00 b0fa19c0-86de-4447-a670-3f7adbd0b3c1 - - - [NXLOG@14506 bosh_deployment="cf-warden" bosh_job_name="api_z1" bosh_job_index="0" filename="/var/vcap/data/sys/log/cloud_controller_ng/cloud_controller_ng.log"] {"timestamp":1475179694.8500628,"message":"(0.000563s) SELECT * FROM \"delayed_jobs\" WHERE ((((\"run_at\" <= '2016-09-29 20:08:14.848755+0000') AND (\"locked_at\" IS NULL)) OR (\"locked_by\" = 'cc_api_worker.api_z1.0.1')) AND (\"failed_at\" IS NULL) AND (\"queue\" IN ('cc-api_z1-0'))) ORDER BY \"priority\" ASC, \"run_at\" ASC LIMIT 5","log_level":"debug2","source":"cc.background","data":{},"thread_id":47452862460180,"fiber_id":47452899698480,"process_id":15587,"file":"/var/vcap/packages/cloud_controller_ng/cloud_controller_ng/vendor/bundle/ruby/2.3.0/gems/sequel-4.29.0/lib/sequel/database/logging.rb","lineno":70,"method":"block in log_each"}

2016-09-29T20:08:17.139685+00:00 b0fa19c0-86de-4447-a670-3f7adbd0b3c1 - - - [NXLOG@14506 bosh_deployment="cf-warden" bosh_job_name="api_z1" bosh_job_index="0" filename="/var/vcap/data/sys/log/cloud_controller_ng/cloud_controller_ng.log"] {"timestamp":1475179695.9063356,"message":"Statsd: cc.requests.outstanding:1|c","log_level":"debug","source":"statsd.client","data":{},"thread_id":47062185510360,"fiber_id":47062169423560,"process_id":15535,"file":"/var/vcap/packages/cloud_controller_ng/cloud_controller_ng/vendor/bundle/ruby/2.3.0/gems/statsd-ruby-1.2.1/lib/statsd.rb","lineno":254,"method":"send_to_socket"}

2016-09-29T20:08:17.139844+00:00 b0fa19c0-86de-4447-a670-3f7adbd0b3c1 - - - [NXLOG@14506 bosh_deployment="cf-warden" bosh_job_name="api_z1" bosh_job_index="0" filename="/var/vcap/data/sys/log/cloud_controller_ng/cloud_controller_ng.log"] {"timestamp":1475179695.9070423,"message":"Started GET \"/v2/syslog_drain_urls?batch_size=1000\" for user: , ip: 127.0.0.1 with vcap-request-id: b137a22f-640f-4a42-53a1-4e7b88a991f5::2ce89cb4-5259-48b9-9bd4-b43454c62a27 at 2016-09-29 20:08:15 UTC","log_level":"info","source":"cc.api","data":{},"thread_id":47062185510360,"fiber_id":47062169423560,"process_id":15535,"file":"/var/vcap/packages/cloud_controller_ng/cloud_controller_ng/middleware/request_logs.rb","lineno":12,"method":"call"}

2016-09-29T20:08:17.139903+00:00 b0fa19c0-86de-4447-a670-3f7adbd0b3c1 - - - [NXLOG@14506 bosh_deployment="cf-warden" bosh_job_name="api_z1" bosh_job_index="0" filename="/var/vcap/data/sys/log/cloud_controller_ng/cloud_controller_ng.log"] {"timestamp":1475179695.9078772,"message":"dispatch VCAP::CloudController::SyslogDrainUrlsController get /v2/syslog_drain_urls","log_level":"debug","source":"cc.api","data":{"request_guid":"b137a22f-640f-4a42-53a1-4e7b88a991f5::2ce89cb4-5259-48b9-9bd4-b43454c62a27"},"thread_id":47062185510360,"fiber_id":47062169423560,"process_id":15535,"file":"/var/vcap/data/packages/cloud_controller_ng/f87cb49aa2cd87792cb9c2211a79e1542502be4d.1-b1a5f3c830cb6c32ae9e685628b24aa967f5ae54/cloud_controller_ng/lib/cloud_controller/rest_controller/routes.rb","lineno":12,"method":"block in define_route"}

2016-09-29T20:08:17.139948+00:00 b0fa19c0-86de-4447-a670-3f7adbd0b3c1 - - - [NXLOG@14506 bosh_deployment="cf-warden" bosh_job_name="api_z1" bosh_job_index="0" filename="/var/vcap/data/sys/log/cloud_controller_ng/cloud_controller_ng.log"] {"timestamp":1475179695.9080617,"message":"parse_params: {\"batch_size\"=>\"1000\"} batch_size=1000","log_level":"debug","source":"cc.api","data":{"request_guid":"b137a22f-640f-4a42-53a1-4e7b88a991f5::2ce89cb4-5259-48b9-9bd4-b43454c62a27"},"thread_id":47062185510360,"fiber_id":47062169423560,"process_id":15535,"file":"/var/vcap/data/packages/cloud_controller_ng/f87cb49aa2cd87792cb9c2211a79e1542502be4d.1-b1a5f3c830cb6c32ae9e685628b24aa967f5ae54/cloud_controller_ng/lib/cloud_controller/rest_controller/common_params.rb","lineno":10,"method":"parse"}

2016-09-29T20:08:17.139977+00:00 b0fa19c0-86de-4447-a670-3f7adbd0b3c1 - - - [NXLOG@14506 bosh_deployment="cf-warden" bosh_job_name="api_z1" bosh_job_index="0" filename="/var/vcap/data/sys/log/cloud_controller_ng/cloud_controller_ng.log"] {"timestamp":1475179695.9081972,"message":"cc.dispatch","log_level":"debug","source":"cc.api","data":{"request_guid":"b137a22f-640f-4a42-53a1-4e7b88a991f5::2ce89cb4-5259-48b9-9bd4-b43454c62a27","endpoint":"list","args":[]},"thread_id":47062185510360,"fiber_id":47062169423560,"process_id":15535,"file":"/var/vcap/data/packages/cloud_controller_ng/f87cb49aa2cd87792cb9c2211a79e1542502be4d.1-b1a5f3c830cb6c32ae9e685628b24aa967f5ae54/cloud_controller_ng/app/controllers/base/base_controller.rb","lineno":78,"method":"dispatch"}

2016-09-29T20:08:17.140021+00:00 b0fa19c0-86de-4447-a670-3f7adbd0b3c1 - - - [NXLOG@14506 bosh_deployment="cf-warden" bosh_job_name="api_z1" bosh_job_index="0" filename="/var/vcap/data/sys/log/cloud_controller_ng/cloud_controller_ng.log"] {"timestamp":1475179695.9098668,"message":"(0.000922s) SELECT \"apps\".\"guid\", string_agg(\"service_bindings\".\"syslog_drain_url\", ',') AS \"syslog_drain_urls\" FROM \"apps\" INNER JOIN \"service_bindings\" ON (\"service_bindings\".\"app_id\" = \"apps\".\"id\") WHERE ((syslog_drain_url IS NOT NULL) AND (syslog_drain_url != '')) GROUP BY \"apps\".\"guid\" UNION ALL (SELECT \"apps_v3\".\"guid\", string_agg(\"v3_service_bindings\".\"syslog_drain_url\", ',') AS \"syslog_drain_urls\" FROM \"apps_v3\" INNER JOIN \"v3_service_bindings\" ON (\"v3_service_bindings\".\"app_id\" = \"apps_v3\".\"id\") WHERE ((syslog_drain_url IS NOT NULL) AND (syslog_drain_url != '')) GROUP BY \"apps_v3\".\"guid\") ORDER BY \"guid\" LIMIT 1000 OFFSET 0","log_level":"debug2","source":"cc.db","data":{"request_guid":"b137a22f-640f-4a42-53a1-4e7b88a991f5::2ce89cb4-5259-48b9-9bd4-b43454c62a27"},"thread_id":47062185510360,"fiber_id":47062169423560,"process_id":15535,"file":"/var/vcap/packages/cloud_controller_ng/cloud_controller_ng/vendor/bundle/ruby/2.3.0/gems/sequel-4.29.0/lib/sequel/database/logging.rb","lineno":70,"method":"block in log_each"}

2016-09-29T20:08:17.140078+00:00 b0fa19c0-86de-4447-a670-3f7adbd0b3c1 - - - [NXLOG@14506 bosh_deployment="cf-warden" bosh_job_name="api_z1" bosh_job_index="0" filename="/var/vcap/data/sys/log/cloud_controller_ng/cloud_controller_ng.log"] {"timestamp":1475179695.9102752,"message":"Completed 200 vcap-request-id: b137a22f-640f-4a42-53a1-4e7b88a991f5::2ce89cb4-5259-48b9-9bd4-b43454c62a27","log_level":"info","source":"cc.api","data":{},"thread_id":47062185510360,"fiber_id":47062169423560,"process_id":15535,"file":"/var/vcap/packages/cloud_controller_ng/cloud_controller_ng/middleware/request_logs.rb","lineno":24,"method":"call"}

2016-09-29T20:08:17.140104+00:00 b0fa19c0-86de-4447-a670-3f7adbd0b3c1 - - - [NXLOG@14506 bosh_deployment="cf-warden" bosh_job_name="api_z1" bosh_job_index="0" filename="/var/vcap/data/sys/log/cloud_controller_ng/cloud_controller_ng.log"] {"timestamp":1475179695.9104345,"message":"Statsd: cc.requests.outstanding:-1|c\ncc.requests.completed:1|c\ncc.http_status.2XX:1|c","log_level":"debug","source":"statsd.client","data":{},"thread_id":47062185510360,"fiber_id":47062169423560,"process_id":15535,"file":"/var/vcap/packages/cloud_controller_ng/cloud_controller_ng/vendor/bundle/ruby/2.3.0/gems/statsd-ruby-1.2.1/lib/statsd.rb","lineno":254,"method":"send_to_socket"}

2016-09-29T20:08:17.139250+00:00 05bf1627-ae2f-400c-b1ce-31973a9ff23f - - - [NXLOG@14506 bosh_deployment="cf-warden" bosh_job_name="uaa_z1" bosh_job_index="0" filename="/var/vcap/data/sys/log/route_registrar/route_registrar.stdout.log"] {"timestamp":"1475179690.820855379","source":"Route Registrar","message":"Route Registrar.Registering route","log_level":1,"data":{"route":{"Name":"uaa","Port":8080,"Tags":{"component":"uaa"},"URIs":["uaa.bosh-lite.com","*.uaa.bosh-lite.com","login.bosh-lite.com","*.login.bosh-lite.com"],"RouteServiceUrl":"","RegistrationInterval":4000000000,"HealthCheck":{"Name":"uaa-healthcheck","ScriptPath":"/var/vcap/jobs/uaa/bin/health_check","Timeout":2000000000}}}}

2016-09-29T20:08:17.139306+00:00 05bf1627-ae2f-400c-b1ce-31973a9ff23f - - - [NXLOG@14506 bosh_deployment="cf-warden" bosh_job_name="uaa_z1" bosh_job_index="0" filename="/var/vcap/data/sys/log/route_registrar/route_registrar.stdout.log"] {"timestamp":"1475179690.820914507","source":"Route Registrar","message":"Route Registrar.Registered routes successfully","log_level":1,"data":{}}

2016-09-29T20:08:17.139344+00:00 05bf1627-ae2f-400c-b1ce-31973a9ff23f - - - [NXLOG@14506 bosh_deployment="cf-warden" bosh_job_name="uaa_z1" bosh_job_index="0" filename="/var/vcap/data/sys/log/route_registrar/route_registrar.stdout.log"] {"timestamp":"1475179694.808341980","source":"Route Registrar","message":"Route Registrar.Executing script","log_level":1,"data":{"scriptPath":"/var/vcap/jobs/uaa/bin/health_check"}}

2016-09-29T20:08:17.139381+00:00 05bf1627-ae2f-400c-b1ce-31973a9ff23f - - - [NXLOG@14506 bosh_deployment="cf-warden" bosh_job_name="uaa_z1" bosh_job_index="0" filename="/var/vcap/data/sys/log/route_registrar/route_registrar.stdout.log"] {"timestamp":"1475179694.819634676","source":"Route Registrar","message":"Route Registrar.Script exited without error","log_level":1,"data":{"script":"/var/vcap/jobs/uaa/bin/health_check","stderr":"  % Total    % Received % Xferd  Average Speed   Time    Time     Time  Current\n                                 Dload  Upload   Total   Spent    Left  Speed\n\r  0     0    0     0    0     0      0      0 --:--:-- --:--:-- --:--:--     0\r100     3  100     3    0     0   3125      0 --:--:-- --:--:-- --:--:--  3000\n","stdout":""}}

2016-09-29T20:08:17.139421+00:00 05bf1627-ae2f-400c-b1ce-31973a9ff23f - - - [NXLOG@14506 bosh_deployment="cf-warden" bosh_job_name="uaa_z1" bosh_job_index="0" filename="/var/vcap/data/sys/log/route_registrar/route_registrar.stdout.log"] {"timestamp":"1475179694.819694519","source":"Route Registrar","message":"Route Registrar.healthchecker returned healthy for route","log_level":1,"data":{"route":{"Name":"uaa","Port":8080,"Tags":{"component":"uaa"},"URIs":["uaa.bosh-lite.com","*.uaa.bosh-lite.com","login.bosh-lite.com","*.login.bosh-lite.com"],"RouteServiceUrl":"","RegistrationInterval":4000000000,"HealthCheck":{"Name":"uaa-healthcheck","ScriptPath":"/var/vcap/jobs/uaa/bin/health_check","Timeout":2000000000}}}}

2016-09-29T20:08:17.139459+00:00 05bf1627-ae2f-400c-b1ce-31973a9ff23f - - - [NXLOG@14506 bosh_deployment="cf-warden" bosh_job_name="uaa_z1" bosh_job_index="0" filename="/var/vcap/data/sys/log/route_registrar/route_registrar.stdout.log"] {"timestamp":"1475179694.819721699","source":"Route Registrar","message":"Route Registrar.Registering route","log_level":1,"data":{"route":{"Name":"uaa","Port":8080,"Tags":{"component":"uaa"},"URIs":["uaa.bosh-lite.com","*.uaa.bosh-lite.com","login.bosh-lite.com","*.login.bosh-lite.com"],"RouteServiceUrl":"","RegistrationInterval":4000000000,"HealthCheck":{"Name":"uaa-healthcheck","ScriptPath":"/var/vcap/jobs/uaa/bin/health_check","Timeout":2000000000}}}}

2016-09-29T20:08:17.139495+00:00 05bf1627-ae2f-400c-b1ce-31973a9ff23f - - - [NXLOG@14506 bosh_deployment="cf-warden" bosh_job_name="uaa_z1" bosh_job_index="0" filename="/var/vcap/data/sys/log/route_registrar/route_registrar.stdout.log"] {"timestamp":"1475179694.819777489","source":"Route Registrar","message":"Route Registrar.Registered routes successfully","log_level":1,"data":{}}

2016-09-29T20:08:17.139530+00:00 05bf1627-ae2f-400c-b1ce-31973a9ff23f - - - [NXLOG@14506 bosh_deployment="cf-warden" bosh_job_name="uaa_z1" bosh_job_index="0" filename="/var/vcap/data/sys/log/uaa/uaa.log"] [2016-09-29 20:08:10.807] uaa - 19013 [ZoneAwareMetadataManager.Refresh[idpMetadataManager]] .... DEBUG --- ZoneAwareIdpMetadataManager: Running SAML SP refresh[ZoneAwareMetadataManager.Refresh[idpMetadataManager]-859022334] - ignoreTimestamp=false

2016-09-29T20:08:17.139567+00:00 05bf1627-ae2f-400c-b1ce-31973a9ff23f - - - [NXLOG@14506 bosh_deployment="cf-warden" bosh_job_name="uaa_z1" bosh_job_index="0" filename="/var/vcap/data/sys/log/uaa/uaa.log"] [2016-09-29 20:08:10.807] uaa - 19013 [ZoneAwareMetadataManager.Refresh[idpMetadataManager]] .... DEBUG --- JdbcTemplate: Executing SQL query [select id,version,created,lastmodified,name,subdomain,description,config from identity_zone ]

2016-09-29T20:08:17.139603+00:00 05bf1627-ae2f-400c-b1ce-31973a9ff23f - - - [NXLOG@14506 bosh_deployment="cf-warden" bosh_job_name="uaa_z1" bosh_job_index="0" filename="/var/vcap/data/sys/log/uaa/uaa.log"] [2016-09-29 20:08:10.808] uaa - 19013 [ZoneAwareMetadataManager.Refresh[idpMetadataManager]] .... DEBUG --- JdbcTemplate: Executing prepared SQL query

2016-09-29T20:08:17.139628+00:00 05bf1627-ae2f-400c-b1ce-31973a9ff23f - - - [NXLOG@14506 bosh_deployment="cf-warden" bosh_job_name="uaa_z1" bosh_job_index="0" filename="/var/vcap/data/sys/log/uaa/uaa.log"] [2016-09-29 20:08:10.808] uaa - 19013 [ZoneAwareMetadataManager.Refresh[idpMetadataManager]] .... DEBUG --- JdbcTemplate: Executing prepared SQL statement [select id,version,created,lastmodified,name,entity_id,config,identity_zone_id,active from service_provider where identity_zone_id=?]

2016-09-29T20:08:17.139640+00:00 05bf1627-ae2f-400c-b1ce-31973a9ff23f - - - [NXLOG@14506 bosh_deployment="cf-warden" bosh_job_name="uaa_z1" bosh_job_index="0" filename="/var/vcap/data/sys/log/uaa/uaa.log"] [2016-09-29 20:08:10.819] uaa - 19013 [http-nio-127.0.0.1-8989-exec-5] .... DEBUG --- AntPathRequestMatcher: Checking match of request : '/healthz'; against '/resources/**'

2016-09-29T20:08:17.139650+00:00 05bf1627-ae2f-400c-b1ce-31973a9ff23f - - - [NXLOG@14506 bosh_deployment="cf-warden" bosh_job_name="uaa_z1" bosh_job_index="0" filename="/var/vcap/data/sys/log/uaa/uaa.log"] [2016-09-29 20:08:10.819] uaa - 19013 [http-nio-127.0.0.1-8989-exec-5] .... DEBUG --- AntPathRequestMatcher: Checking match of request : '/healthz'; against '/square-logo.png'

2016-09-29T20:08:17.139661+00:00 05bf1627-ae2f-400c-b1ce-31973a9ff23f - - - [NXLOG@14506 bosh_deployment="cf-warden" bosh_job_name="uaa_z1" bosh_job_index="0" filename="/var/vcap/data/sys/log/uaa/uaa.log"] [2016-09-29 20:08:10.819] uaa - 19013 [http-nio-127.0.0.1-8989-exec-5] .... DEBUG --- AntPathRequestMatcher: Checking match of request : '/healthz'; against '/info'

2016-09-29T20:08:17.139686+00:00 05bf1627-ae2f-400c-b1ce-31973a9ff23f - - - [NXLOG@14506 bosh_deployment="cf-warden" bosh_job_name="uaa_z1" bosh_job_index="0" filename="/var/vcap/data/sys/log/uaa/uaa.log"] [2016-09-29 20:08:10.819] uaa - 19013 [http-nio-127.0.0.1-8989-exec-5] .... DEBUG --- AntPathRequestMatcher: Checking match of request : '/healthz'; against '/password/**'

2016-09-29T20:08:17.139688+00:00 05bf1627-ae2f-400c-b1ce-31973a9ff23f - - - [NXLOG@14506 bosh_deployment="cf-warden" bosh_job_name="uaa_z1" bosh_job_index="0" filename="/var/vcap/data/sys/log/uaa/uaa.log"] [2016-09-29 20:08:10.819] uaa - 19013 [http-nio-127.0.0.1-8989-exec-5] .... DEBUG --- AntPathRequestMatcher: Checking match of request : '/healthz'; against '/healthz/**'

2016-09-29T20:08:17.139797+00:00 05bf1627-ae2f-400c-b1ce-31973a9ff23f - - - [NXLOG@14506 bosh_deployment="cf-warden" bosh_job_name="uaa_z1" bosh_job_index="0" filename="/var/vcap/data/sys/log/uaa/uaa.log"] [2016-09-29 20:08:10.819] uaa - 19013 [http-nio-127.0.0.1-8989-exec-5] .... DEBUG --- FilterChainProxy: /healthz has an empty filter list

2016-09-29T20:08:17.139819+00:00 05bf1627-ae2f-400c-b1ce-31973a9ff23f - - - [NXLOG@14506 bosh_deployment="cf-warden" bosh_job_name="uaa_z1" bosh_job_index="0" filename="/var/vcap/data/sys/log/uaa/uaa.log"] [2016-09-29 20:08:10.819] uaa - 19013 [http-nio-127.0.0.1-8989-exec-5] .... DEBUG --- DispatcherServlet: DispatcherServlet with name 'spring' processing GET request for [/healthz]

2016-09-29T20:08:17.139879+00:00 05bf1627-ae2f-400c-b1ce-31973a9ff23f - - - [NXLOG@14506 bosh_deployment="cf-warden" bosh_job_name="uaa_z1" bosh_job_index="0" filename="/var/vcap/data/sys/log/uaa/uaa.log"] [2016-09-29 20:08:10.819] uaa - 19013 [http-nio-127.0.0.1-8989-exec-5] .... DEBUG --- DispatcherServlet: Last-Modified value for [/healthz] is: -1

2016-09-29T20:08:17.139900+00:00 05bf1627-ae2f-400c-b1ce-31973a9ff23f - - - [NXLOG@14506 bosh_deployment="cf-warden" bosh_job_name="uaa_z1" bosh_job_index="0" filename="/var/vcap/data/sys/log/uaa/uaa.log"] [2016-09-29 20:08:10.819] uaa - 19013 [http-nio-127.0.0.1-8989-exec-5] .... DEBUG --- RequestResponseBodyMethodProcessor: Written [ok

2016-09-29T20:08:17.139916+00:00 05bf1627-ae2f-400c-b1ce-31973a9ff23f - - - [NXLOG@14506 bosh_deployment="cf-warden" bosh_job_name="uaa_z1" bosh_job_index="0" filename="/var/vcap/data/sys/log/uaa/uaa.log"] ] as "text/plain;charset=ISO-8859-1" using [org.springframework.http.converter.StringHttpMessageConverter@178b2baf]

2016-09-29T20:08:17.139933+00:00 05bf1627-ae2f-400c-b1ce-31973a9ff23f - - - [NXLOG@14506 bosh_deployment="cf-warden" bosh_job_name="uaa_z1" bosh_job_index="0" filename="/var/vcap/data/sys/log/uaa/uaa.log"] [2016-09-29 20:08:10.819] uaa - 19013 [http-nio-127.0.0.1-8989-exec-5] .... DEBUG --- DispatcherServlet: Null ModelAndView returned to DispatcherServlet with name 'spring': assuming HandlerAdapter completed request handling

2016-09-29T20:08:17.139980+00:00 05bf1627-ae2f-400c-b1ce-31973a9ff23f - - - [NXLOG@14506 bosh_deployment="cf-warden" bosh_job_name="uaa_z1" bosh_job_index="0" filename="/var/vcap/data/sys/log/uaa/uaa.log"] [2016-09-29 20:08:10.819] uaa - 19013 [http-nio-127.0.0.1-8989-exec-5] .... DEBUG --- DispatcherServlet: Successfully completed request

2016-09-29T20:08:17.140000+00:00 05bf1627-ae2f-400c-b1ce-31973a9ff23f - - - [NXLOG@14506 bosh_deployment="cf-warden" bosh_job_name="uaa_z1" bosh_job_index="0" filename="/var/vcap/data/sys/log/uaa/uaa.log"] [2016-09-29 20:08:10.846] uaa - 19013 [http-nio-127.0.0.1-8989-exec-8] .... DEBUG --- AntPathRequestMatcher: Checking match of request : '/healthz'; against '/resources/**'

2016-09-29T20:08:17.140018+00:00 05bf1627-ae2f-400c-b1ce-31973a9ff23f - - - [NXLOG@14506 bosh_deployment="cf-warden" bosh_job_name="uaa_z1" bosh_job_index="0" filename="/var/vcap/data/sys/log/uaa/uaa.log"] [2016-09-29 20:08:10.846] uaa - 19013 [http-nio-127.0.0.1-8989-exec-8] .... DEBUG --- AntPathRequestMatcher: Checking match of request : '/healthz'; against '/square-logo.png'

2016-09-29T20:08:17.140035+00:00 05bf1627-ae2f-400c-b1ce-31973a9ff23f - - - [NXLOG@14506 bosh_deployment="cf-warden" bosh_job_name="uaa_z1" bosh_job_index="0" filename="/var/vcap/data/sys/log/uaa/uaa.log"] [2016-09-29 20:08:10.846] uaa - 19013 [http-nio-127.0.0.1-8989-exec-8] .... DEBUG --- AntPathRequestMatcher: Checking match of request : '/healthz'; against '/info'

2016-09-29T20:08:17.140086+00:00 05bf1627-ae2f-400c-b1ce-31973a9ff23f - - - [NXLOG@14506 bosh_deployment="cf-warden" bosh_job_name="uaa_z1" bosh_job_index="0" filename="/var/vcap/data/sys/log/uaa/uaa.log"] [2016-09-29 20:08:10.846] uaa - 19013 [http-nio-127.0.0.1-8989-exec-8] .... DEBUG --- AntPathRequestMatcher: Checking match of request : '/healthz'; against '/password/**'

2016-09-29T20:08:17.140107+00:00 05bf1627-ae2f-400c-b1ce-31973a9ff23f - - - [NXLOG@14506 bosh_deployment="cf-warden" bosh_job_name="uaa_z1" bosh_job_index="0" filename="/var/vcap/data/sys/log/uaa/uaa.log"] [2016-09-29 20:08:10.846] uaa - 19013 [http-nio-127.0.0.1-8989-exec-8] .... DEBUG --- AntPathRequestMatcher: Checking match of request : '/healthz'; against '/healthz/**'

2016-09-29T20:08:17.140124+00:00 05bf1627-ae2f-400c-b1ce-31973a9ff23f - - - [NXLOG@14506 bosh_deployment="cf-warden" bosh_job_name="uaa_z1" bosh_job_index="0" filename="/var/vcap/data/sys/log/uaa/uaa.log"] [2016-09-29 20:08:10.846] uaa - 19013 [http-nio-127.0.0.1-8989-exec-8] .... DEBUG --- FilterChainProxy: /healthz has an empty filter list

2016-09-29T20:08:17.140170+00:00 05bf1627-ae2f-400c-b1ce-31973a9ff23f - - - [NXLOG@14506 bosh_deployment="cf-warden" bosh_job_name="uaa_z1" bosh_job_index="0" filename="/var/vcap/data/sys/log/uaa/uaa.log"] [2016-09-29 20:08:10.846] uaa - 19013 [http-nio-127.0.0.1-8989-exec-8] .... DEBUG --- DispatcherServlet: DispatcherServlet with name 'spring' processing GET request for [/healthz]

2016-09-29T20:08:17.140190+00:00 05bf1627-ae2f-400c-b1ce-31973a9ff23f - - - [NXLOG@14506 bosh_deployment="cf-warden" bosh_job_name="uaa_z1" bosh_job_index="0" filename="/var/vcap/data/sys/log/uaa/uaa.log"] [2016-09-29 20:08:10.846] uaa - 19013 [http-nio-127.0.0.1-8989-exec-8] .... DEBUG --- DispatcherServlet: Last-Modified value for [/healthz] is: -1

2016-09-29T20:08:17.140208+00:00 05bf1627-ae2f-400c-b1ce-31973a9ff23f - - - [NXLOG@14506 bosh_deployment="cf-warden" bosh_job_name="uaa_z1" bosh_job_index="0" filename="/var/vcap/data/sys/log/uaa/uaa.log"] [2016-09-29 20:08:10.846] uaa - 19013 [http-nio-127.0.0.1-8989-exec-8] .... DEBUG --- RequestResponseBodyMethodProcessor: Written [ok

2016-09-29T20:08:17.140227+00:00 05bf1627-ae2f-400c-b1ce-31973a9ff23f - - - [NXLOG@14506 bosh_deployment="cf-warden" bosh_job_name="uaa_z1" bosh_job_index="0" filename="/var/vcap/data/sys/log/uaa/uaa.log"] ] as "text/plain;charset=ISO-8859-1" using [org.springframework.http.converter.StringHttpMessageConverter@178b2baf]

2016-09-29T20:08:17.140238+00:00 05bf1627-ae2f-400c-b1ce-31973a9ff23f - - - [NXLOG@14506 bosh_deployment="cf-warden" bosh_job_name="uaa_z1" bosh_job_index="0" filename="/var/vcap/data/sys/log/uaa/uaa.log"] [2016-09-29 20:08:10.846] uaa - 19013 [http-nio-127.0.0.1-8989-exec-8] .... DEBUG --- DispatcherServlet: Null ModelAndView returned to DispatcherServlet with name 'spring': assuming HandlerAdapter completed request handling

2016-09-29T20:08:17.140268+00:00 05bf1627-ae2f-400c-b1ce-31973a9ff23f - - - [NXLOG@14506 bosh_deployment="cf-warden" bosh_job_name="uaa_z1" bosh_job_index="0" filename="/var/vcap/data/sys/log/uaa/uaa.log"] [2016-09-29 20:08:10.846] uaa - 19013 [http-nio-127.0.0.1-8989-exec-8] .... DEBUG --- DispatcherServlet: Successfully completed request

2016-09-29T20:08:17.140280+00:00 05bf1627-ae2f-400c-b1ce-31973a9ff23f - - - [NXLOG@14506 bosh_deployment="cf-warden" bosh_job_name="uaa_z1" bosh_job_index="0" filename="/var/vcap/data/sys/log/uaa/uaa.log"] [2016-09-29 20:08:11.164] uaa - 19013 [pool-2-thread-1] .... DEBUG --- JdbcTemplate: Executing SQL query [select count(*) from oauth_client_details]

2016-09-29T20:08:17.140290+00:00 05bf1627-ae2f-400c-b1ce-31973a9ff23f - - - [NXLOG@14506 bosh_deployment="cf-warden" bosh_job_name="uaa_z1" bosh_job_index="0" filename="/var/vcap/data/sys/log/uaa/uaa.log"] [2016-09-29 20:08:11.166] uaa - 19013 [pool-2-thread-1] .... DEBUG --- JdbcTemplate: Executing SQL query [select count(*) from users]

2016-09-29T20:08:17.140301+00:00 05bf1627-ae2f-400c-b1ce-31973a9ff23f - - - [NXLOG@14506 bosh_deployment="cf-warden" bosh_job_name="uaa_z1" bosh_job_index="0" filename="/var/vcap/data/sys/log/uaa/uaa.log"] [2016-09-29 20:08:14.817] uaa - 19013 [http-nio-127.0.0.1-8989-exec-7] .... DEBUG --- AntPathRequestMatcher: Checking match of request : '/healthz'; against '/resources/**'

2016-09-29T20:08:17.140312+00:00 05bf1627-ae2f-400c-b1ce-31973a9ff23f - - - [NXLOG@14506 bosh_deployment="cf-warden" bosh_job_name="uaa_z1" bosh_job_index="0" filename="/var/vcap/data/sys/log/uaa/uaa.log"] [2016-09-29 20:08:14.817] uaa - 19013 [http-nio-127.0.0.1-8989-exec-7] .... DEBUG --- AntPathRequestMatcher: Checking match of request : '/healthz'; against '/square-logo.png'

2016-09-29T20:08:17.140325+00:00 05bf1627-ae2f-400c-b1ce-31973a9ff23f - - - [NXLOG@14506 bosh_deployment="cf-warden" bosh_job_name="uaa_z1" bosh_job_index="0" filename="/var/vcap/data/sys/log/uaa/uaa.log"] [2016-09-29 20:08:14.817] uaa - 19013 [http-nio-127.0.0.1-8989-exec-7] .... DEBUG --- AntPathRequestMatcher: Checking match of request : '/healthz'; against '/info'

2016-09-29T20:08:17.140113+00:00 152ab062-1f32-4789-910a-13bdc79651b2 - - - [NXLOG@14506 bosh_deployment="cf-warden" bosh_job_name="hm9000_z1" bosh_job_index="0" filename="/var/vcap/data/sys/log/hm9000/hm9000_listener.log"] {"timestamp":"1475179691.840569973","source":"listener","message":"listener.Received a heartbeat","log_level":1,"data":{"Heartbeats Pending Save":"1"}}

2016-09-29T20:08:17.140280+00:00 152ab062-1f32-4789-910a-13bdc79651b2 - - - [NXLOG@14506 bosh_deployment="cf-warden" bosh_job_name="hm9000_z1" bosh_job_index="0" filename="/var/vcap/data/sys/log/hm9000/hm9000_listener.log"] {"timestamp":"1475179692.823267937","source":"listener","message":"listener.Saving Heartbeats","log_level":1,"data":{"Heartbeats to Save":"1"}}

2016-09-29T20:08:17.140356+00:00 152ab062-1f32-4789-910a-13bdc79651b2 - - - [NXLOG@14506 bosh_deployment="cf-warden" bosh_job_name="hm9000_z1" bosh_job_index="0" filename="/var/vcap/data/sys/log/hm9000/hm9000_listener.log"] {"timestamp":"1475179692.833015919","source":"listener","message":"listener.Bumped freshness","log_level":1,"data":{}}

2016-09-29T20:08:17.140401+00:00 152ab062-1f32-4789-910a-13bdc79651b2 - - - [NXLOG@14506 bosh_deployment="cf-warden" bosh_job_name="hm9000_z1" bosh_job_index="0" filename="/var/vcap/data/sys/log/hm9000/hm9000_listener.log"] {"timestamp":"1475179692.833087444","source":"listener","message":"listener.Saved Heartbeats","log_level":1,"data":{"Duration":"9.73509ms","Heartbeats to Save":"1"}}

2016-09-29T20:08:17.140336+00:00 05bf1627-ae2f-400c-b1ce-31973a9ff23f - - - [NXLOG@14506 bosh_deployment="cf-warden" bosh_job_name="uaa_z1" bosh_job_index="0" filename="/var/vcap/data/sys/log/uaa/uaa.log"] [2016-09-29 20:08:14.817] uaa - 19013 [http-nio-127.0.0.1-8989-exec-7] .... DEBUG --- AntPathRequestMatcher: Checking match of request : '/healthz'; against '/password/**'

2016-09-29T20:08:17.140349+00:00 05bf1627-ae2f-400c-b1ce-31973a9ff23f - - - [NXLOG@14506 bosh_deployment="cf-warden" bosh_job_name="uaa_z1" bosh_job_index="0" filename="/var/vcap/data/sys/log/uaa/uaa.log"] [2016-09-29 20:08:14.817] uaa - 19013 [http-nio-127.0.0.1-8989-exec-7] .... DEBUG --- AntPathRequestMatcher: Checking match of request : '/healthz'; against '/healthz/**'

2016-09-29T20:08:17.140361+00:00 05bf1627-ae2f-400c-b1ce-31973a9ff23f - - - [NXLOG@14506 bosh_deployment="cf-warden" bosh_job_name="uaa_z1" bosh_job_index="0" filename="/var/vcap/data/sys/log/uaa/uaa.log"] [2016-09-29 20:08:14.817] uaa - 19013 [http-nio-127.0.0.1-8989-exec-7] .... DEBUG --- FilterChainProxy: /healthz has an empty filter list

2016-09-29T20:08:17.140373+00:00 05bf1627-ae2f-400c-b1ce-31973a9ff23f - - - [NXLOG@14506 bosh_deployment="cf-warden" bosh_job_name="uaa_z1" bosh_job_index="0" filename="/var/vcap/data/sys/log/uaa/uaa.log"] [2016-09-29 20:08:14.817] uaa - 19013 [http-nio-127.0.0.1-8989-exec-7] .... DEBUG --- DispatcherServlet: DispatcherServlet with name 'spring' processing GET request for [/healthz]

2016-09-29T20:08:17.140385+00:00 05bf1627-ae2f-400c-b1ce-31973a9ff23f - - - [NXLOG@14506 bosh_deployment="cf-warden" bosh_job_name="uaa_z1" bosh_job_index="0" filename="/var/vcap/data/sys/log/uaa/uaa.log"] [2016-09-29 20:08:14.817] uaa - 19013 [http-nio-127.0.0.1-8989-exec-7] .... DEBUG --- DispatcherServlet: Last-Modified value for [/healthz] is: -1

2016-09-29T20:08:17.140398+00:00 05bf1627-ae2f-400c-b1ce-31973a9ff23f - - - [NXLOG@14506 bosh_deployment="cf-warden" bosh_job_name="uaa_z1" bosh_job_index="0" filename="/var/vcap/data/sys/log/uaa/uaa.log"] [2016-09-29 20:08:14.818] uaa - 19013 [http-nio-127.0.0.1-8989-exec-7] .... DEBUG --- RequestResponseBodyMethodProcessor: Written [ok

2016-09-29T20:08:17.140409+00:00 05bf1627-ae2f-400c-b1ce-31973a9ff23f - - - [NXLOG@14506 bosh_deployment="cf-warden" bosh_job_name="uaa_z1" bosh_job_index="0" filename="/var/vcap/data/sys/log/uaa/uaa.log"] ] as "text/plain;charset=ISO-8859-1" using [org.springframework.http.converter.StringHttpMessageConverter@178b2baf]

2016-09-29T20:08:17.140421+00:00 05bf1627-ae2f-400c-b1ce-31973a9ff23f - - - [NXLOG@14506 bosh_deployment="cf-warden" bosh_job_name="uaa_z1" bosh_job_index="0" filename="/var/vcap/data/sys/log/uaa/uaa.log"] [2016-09-29 20:08:14.818] uaa - 19013 [http-nio-127.0.0.1-8989-exec-7] .... DEBUG --- DispatcherServlet: Null ModelAndView returned to DispatcherServlet with name 'spring': assuming HandlerAdapter completed request handling

2016-09-29T20:08:17.140433+00:00 05bf1627-ae2f-400c-b1ce-31973a9ff23f - - - [NXLOG@14506 bosh_deployment="cf-warden" bosh_job_name="uaa_z1" bosh_job_index="0" filename="/var/vcap/data/sys/log/uaa/uaa.log"] [2016-09-29 20:08:14.818] uaa - 19013 [http-nio-127.0.0.1-8989-exec-7] .... DEBUG --- DispatcherServlet: Successfully completed request

2016-09-29T20:08:17.140445+00:00 05bf1627-ae2f-400c-b1ce-31973a9ff23f - - - [NXLOG@14506 bosh_deployment="cf-warden" bosh_job_name="uaa_z1" bosh_job_index="0" filename="/var/vcap/data/sys/log/uaa/uaa.log"] [2016-09-29 20:08:16.156] uaa - 19013 [pool-2-thread-1] .... DEBUG --- JdbcTemplate: Executing SQL query [select count(*) from oauth_client_details]

2016-09-29T20:08:17.140457+00:00 05bf1627-ae2f-400c-b1ce-31973a9ff23f - - - [NXLOG@14506 bosh_deployment="cf-warden" bosh_job_name="uaa_z1" bosh_job_index="0" filename="/var/vcap/data/sys/log/uaa/uaa.log"] [2016-09-29 20:08:16.158] uaa - 19013 [pool-2-thread-1] .... DEBUG --- JdbcTemplate: Executing SQL query [select count(*) from users]

2016-09-29T20:08:26.990596+00:00 bfc626ef-a2eb-4bad-8f71-fa1d6d0f927f - - - [NXLOG@14506 bosh_deployment="cf-warden" bosh_job_name="loggregator_trafficcontroller_z1" bosh_job_index="0" filename="/var/vcap/data/sys/log/route_registrar/route_registrar.stdout.log"] {"timestamp":"1475179706.733743906","source":"Route Registrar","message":"Route Registrar.no healthchecker found for route","log_level":1,"data":{"route":{"Name":"doppler","Port":8081,"Tags":null,"URIs":["doppler.bosh-lite.com"],"RouteServiceUrl":"","RegistrationInterval":20000000000,"HealthCheck":null}}}

2016-09-29T20:08:26.990724+00:00 bfc626ef-a2eb-4bad-8f71-fa1d6d0f927f - - - [NXLOG@14506 bosh_deployment="cf-warden" bosh_job_name="loggregator_trafficcontroller_z1" bosh_job_index="0" filename="/var/vcap/data/sys/log/route_registrar/route_registrar.stdout.log"] {"timestamp":"1475179706.733832359","source":"Route Registrar","message":"Route Registrar.Registering route","log_level":1,"data":{"route":{"Name":"doppler","Port":8081,"Tags":null,"URIs":["doppler.bosh-lite.com"],"RouteServiceUrl":"","RegistrationInterval":20000000000,"HealthCheck":null}}}

2016-09-29T20:08:26.990788+00:00 bfc626ef-a2eb-4bad-8f71-fa1d6d0f927f - - - [NXLOG@14506 bosh_deployment="cf-warden" bosh_job_name="loggregator_trafficcontroller_z1" bosh_job_index="0" filename="/var/vcap/data/sys/log/route_registrar/route_registrar.stdout.log"] {"timestamp":"1475179706.733915806","source":"Route Registrar","message":"Route Registrar.Registered routes successfully","log_level":1,"data":{}}

2016-09-29T20:08:26.990859+00:00 bfc626ef-a2eb-4bad-8f71-fa1d6d0f927f - - - [NXLOG@14506 bosh_deployment="cf-warden" bosh_job_name="loggregator_trafficcontroller_z1" bosh_job_index="0" filename="/var/vcap/data/sys/log/route_registrar/route_registrar.stdout.log"] {"timestamp":"1475179706.733931065","source":"Route Registrar","message":"Route Registrar.no healthchecker found for route","log_level":1,"data":{"route":{"Name":"loggregator","Port":8080,"Tags":null,"URIs":["loggregator.bosh-lite.com"],"RouteServiceUrl":"","RegistrationInterval":20000000000,"HealthCheck":null}}}

2016-09-29T20:08:26.991070+00:00 bfc626ef-a2eb-4bad-8f71-fa1d6d0f927f - - - [NXLOG@14506 bosh_deployment="cf-warden" bosh_job_name="loggregator_trafficcontroller_z1" bosh_job_index="0" filename="/var/vcap/data/sys/log/route_registrar/route_registrar.stdout.log"] {"timestamp":"1475179706.733946323","source":"Route Registrar","message":"Route Registrar.Registering route","log_level":1,"data":{"route":{"Name":"loggregator","Port":8080,"Tags":null,"URIs":["loggregator.bosh-lite.com"],"RouteServiceUrl":"","RegistrationInterval":20000000000,"HealthCheck":null}}}

2016-09-29T20:08:26.991107+00:00 bfc626ef-a2eb-4bad-8f71-fa1d6d0f927f - - - [NXLOG@14506 bosh_deployment="cf-warden" bosh_job_name="loggregator_trafficcontroller_z1" bosh_job_index="0" filename="/var/vcap/data/sys/log/route_registrar/route_registrar.stdout.log"] {"timestamp":"1475179706.733991146","source":"Route Registrar","message":"Route Registrar.Registered routes successfully","log_level":1,"data":{}}

2016-09-29T20:08:26.996536+00:00 fc52b791-0068-48d0-b63d-a9600b8fa32e - - - [NXLOG@14506 bosh_deployment="cf-warden" bosh_job_name="runner_z1" bosh_job_index="0" filename="/var/vcap/data/sys/log/dea_next/dea_next.log"] {"timestamp":1475179701.8412824,"message":"hm9000.heartbeat.sending","log_level":"debug","source":"Dea::Bootstrap","data":{"destination":"https://listener-hm9000.service.cf.internal:5335/dea/heartbeat"},"thread_id":47241037142420,"fiber_id":47241050325380,"process_id":6941,"file":"/var/vcap/packages/dea_next/lib/dea/utils/hm9000.rb","lineno":29,"method":"send_heartbeat"}

2016-09-29T20:08:26.996670+00:00 fc52b791-0068-48d0-b63d-a9600b8fa32e - - - [NXLOG@14506 bosh_deployment="cf-warden" bosh_job_name="runner_z1" bosh_job_index="0" filename="/var/vcap/data/sys/log/dea_next/dea_next.log"] {"timestamp":1475179701.8565378,"message":"hm9000.heartbeat.accepted","log_level":"debug","source":"Dea::Bootstrap","data":{},"thread_id":47241047596880,"fiber_id":47241050424420,"process_id":6941,"file":"/var/vcap/packages/dea_next/lib/dea/utils/hm9000.rb","lineno":49,"method":"handle_http_response"}

2016-09-29T20:08:27.138770+00:00 05bf1627-ae2f-400c-b1ce-31973a9ff23f - - - [NXLOG@14506 bosh_deployment="cf-warden" bosh_job_name="uaa_z1" bosh_job_index="0" filename="/var/vcap/data/sys/log/uaa/localhost_access.log"] 127.0.0.1 - - [29/Sep/2016:20:08:10 +0000] "GET /healthz HTTP/1.1" 200 3

2016-09-29T20:08:27.138927+00:00 05bf1627-ae2f-400c-b1ce-31973a9ff23f - - - [NXLOG@14506 bosh_deployment="cf-warden" bosh_job_name="uaa_z1" bosh_job_index="0" filename="/var/vcap/data/sys/log/uaa/localhost_access.log"] 127.0.0.1 - - [29/Sep/2016:20:08:10 +0000] "GET /healthz HTTP/1.1" 200 3

2016-09-29T20:08:36.997201+00:00 fc52b791-0068-48d0-b63d-a9600b8fa32e - - - [NXLOG@14506 bosh_deployment="cf-warden" bosh_job_name="runner_z1" bosh_job_index="0" filename="/var/vcap/data/sys/log/dea_next/dea_next.log"] {"timestamp":1475179711.8433232,"message":"hm9000.heartbeat.sending","log_level":"debug","source":"Dea::Bootstrap","data":{"destination":"https://listener-hm9000.service.cf.internal:5335/dea/heartbeat"},"thread_id":47241037142420,"fiber_id":47241050325380,"process_id":6941,"file":"/var/vcap/packages/dea_next/lib/dea/utils/hm9000.rb","lineno":29,"method":"send_heartbeat"}

2016-09-29T20:08:36.997309+00:00 fc52b791-0068-48d0-b63d-a9600b8fa32e - - - [NXLOG@14506 bosh_deployment="cf-warden" bosh_job_name="runner_z1" bosh_job_index="0" filename="/var/vcap/data/sys/log/dea_next/dea_next.log"] {"timestamp":1475179711.8455043,"message":"hm9000.heartbeat.accepted","log_level":"debug","source":"Dea::Bootstrap","data":{},"thread_id":47241047596600,"fiber_id":47241050003500,"process_id":6941,"file":"/var/vcap/packages/dea_next/lib/dea/utils/hm9000.rb","lineno":49,"method":"handle_http_response"}

2016-09-29T20:08:36.997370+00:00 fc52b791-0068-48d0-b63d-a9600b8fa32e - - - [NXLOG@14506 bosh_deployment="cf-warden" bosh_job_name="runner_z1" bosh_job_index="0" filename="/var/vcap/data/sys/log/dea_next/dea_next.log"] {"timestamp":1475179716.1190999,"message":"Reaping orphaned containers","log_level":"debug","source":"Dea::Bootstrap","data":{},"thread_id":47241037142420,"fiber_id":47241050325380,"process_id":6941,"file":"/var/vcap/packages/dea_next/lib/dea/bootstrap.rb","lineno":236,"method":"reap_orphaned_containers"}

2016-09-29T20:08:37.138727+00:00 f0562343-642f-42d4-aca5-293abe675815 - - - [NXLOG@14506 bosh_deployment="cf-warden" bosh_job_name="blobstore_z1" bosh_job_index="0" filename="/var/vcap/data/sys/log/route_registrar/route_registrar.stdout.log"] {"timestamp":"1475179708.512935162","source":"Route Registrar","message":"Route Registrar.no healthchecker found for route","log_level":1,"data":{"route":{"Name":"blobstore","Port":80,"Tags":{"component":"blobstore"},"URIs":["blobstore.bosh-lite.com"],"RouteServiceUrl":"","RegistrationInterval":20000000000,"HealthCheck":null}}}

2016-09-29T20:08:37.138853+00:00 f0562343-642f-42d4-aca5-293abe675815 - - - [NXLOG@14506 bosh_deployment="cf-warden" bosh_job_name="blobstore_z1" bosh_job_index="0" filename="/var/vcap/data/sys/log/route_registrar/route_registrar.stdout.log"] {"timestamp":"1475179708.513039589","source":"Route Registrar","message":"Route Registrar.Registering route","log_level":1,"data":{"route":{"Name":"blobstore","Port":80,"Tags":{"component":"blobstore"},"URIs":["blobstore.bosh-lite.com"],"RouteServiceUrl":"","RegistrationInterval":20000000000,"HealthCheck":null}}}

2016-09-29T20:08:37.138886+00:00 f0562343-642f-42d4-aca5-293abe675815 - - - [NXLOG@14506 bosh_deployment="cf-warden" bosh_job_name="blobstore_z1" bosh_job_index="0" filename="/var/vcap/data/sys/log/route_registrar/route_registrar.stdout.log"] {"timestamp":"1475179708.513133764","source":"Route Registrar","message":"Route Registrar.Registered routes successfully","log_level":1,"data":{}}

2016-09-29T20:08:37.141452+00:00 152ab062-1f32-4789-910a-13bdc79651b2 - - - [NXLOG@14506 bosh_deployment="cf-warden" bosh_job_name="hm9000_z1" bosh_job_index="0" filename="/var/vcap/data/sys/log/hm9000/hm9000_listener.log"] {"timestamp":"1475179711.844651699","source":"listener","message":"listener.Received a heartbeat","log_level":1,"data":{"Heartbeats Pending Save":"1"}}

2016-09-29T20:08:37.141585+00:00 152ab062-1f32-4789-910a-13bdc79651b2 - - - [NXLOG@14506 bosh_deployment="cf-warden" bosh_job_name="hm9000_z1" bosh_job_index="0" filename="/var/vcap/data/sys/log/hm9000/hm9000_listener.log"] {"timestamp":"1475179712.817257881","source":"listener","message":"listener.Saving Heartbeats","log_level":1,"data":{"Heartbeats to Save":"1"}}

2016-09-29T20:08:37.141625+00:00 152ab062-1f32-4789-910a-13bdc79651b2 - - - [NXLOG@14506 bosh_deployment="cf-warden" bosh_job_name="hm9000_z1" bosh_job_index="0" filename="/var/vcap/data/sys/log/hm9000/hm9000_listener.log"] {"timestamp":"1475179712.825039148","source":"listener","message":"listener.Bumped freshness","log_level":1,"data":{}}

2016-09-29T20:08:37.141866+00:00 152ab062-1f32-4789-910a-13bdc79651b2 - - - [NXLOG@14506 bosh_deployment="cf-warden" bosh_job_name="hm9000_z1" bosh_job_index="0" filename="/var/vcap/data/sys/log/hm9000/hm9000_listener.log"] {"timestamp":"1475179712.825077772","source":"listener","message":"listener.Saved Heartbeats","log_level":1,"data":{"Duration":"7.733052ms","Heartbeats to Save":"1"}}

2016-09-29T20:08:37.142499+00:00 b0fa19c0-86de-4447-a670-3f7adbd0b3c1 - - - [NXLOG@14506 bosh_deployment="cf-warden" bosh_job_name="api_z1" bosh_job_index="0" filename="/var/vcap/data/sys/log/cloud_controller_worker/cloud_controller_worker.log"] {"timestamp":1475179708.7939658,"message":"(0.000360s) SELECT * FROM \"delayed_jobs\" WHERE ((((\"run_at\" <= '2016-09-29 20:08:28.793076+0000') AND (\"locked_at\" IS NULL)) OR (\"locked_by\" = 'cc_global_worker.api_z1.0.1')) AND (\"failed_at\" IS NULL) AND (\"queue\" IN ('cc-generic'))) ORDER BY \"priority\" ASC, \"run_at\" ASC LIMIT 5","log_level":"debug2","source":"cc.background","data":{},"thread_id":47193737007380,"fiber_id":47193773841900,"process_id":15807,"file":"/var/vcap/packages/cloud_controller_ng/cloud_controller_ng/vendor/bundle/ruby/2.3.0/gems/sequel-4.29.0/lib/sequel/database/logging.rb","lineno":70,"method":"block in log_each"}

2016-09-29T20:08:37.142558+00:00 b0fa19c0-86de-4447-a670-3f7adbd0b3c1 - - - [NXLOG@14506 bosh_deployment="cf-warden" bosh_job_name="api_z1" bosh_job_index="0" filename="/var/vcap/data/sys/log/cloud_controller_worker/cloud_controller_worker.log"] {"timestamp":1475179713.8154185,"message":"(0.000449s) SELECT * FROM \"delayed_jobs\" WHERE ((((\"run_at\" <= '2016-09-29 20:08:33.814482+0000') AND (\"locked_at\" IS NULL)) OR (\"locked_by\" = 'cc_global_worker.api_z1.0.1')) AND (\"failed_at\" IS NULL) AND (\"queue\" IN ('cc-generic'))) ORDER BY \"priority\" ASC, \"run_at\" ASC LIMIT 5","log_level":"debug2","source":"cc.background","data":{},"thread_id":47193737007380,"fiber_id":47193773841900,"process_id":15807,"file":"/var/vcap/packages/cloud_controller_ng/cloud_controller_ng/vendor/bundle/ruby/2.3.0/gems/sequel-4.29.0/lib/sequel/database/logging.rb","lineno":70,"method":"block in log_each"}

2016-09-29T20:08:37.142591+00:00 b0fa19c0-86de-4447-a670-3f7adbd0b3c1 - - - [NXLOG@14506 bosh_deployment="cf-warden" bosh_job_name="api_z1" bosh_job_index="0" filename="/var/vcap/data/sys/log/nginx_cc/nginx.access.log"] 10.244.0.138 - [29/Sep/2016:20:08:27 +0000] "GET /v2/info HTTP/1.1" 200 802 "-" "monit/5.2.5" 10.244.0.138 vcap_request_id:42a1d9f4-1e48-4fd8-9b6d-1af632a2ef10 response_time:0.011

2016-09-29T20:08:37.142621+00:00 b0fa19c0-86de-4447-a670-3f7adbd0b3c1 - - - [NXLOG@14506 bosh_deployment="cf-warden" bosh_job_name="api_z1" bosh_job_index="0" filename="/var/vcap/data/sys/log/nginx_cc/nginx.access.log"] api.bosh-lite.com - [29/Sep/2016:20:08:30 +0000] "GET /v2/syslog_drain_urls?batch_size=1000 HTTP/1.1" 200 326 "-" "Go-http-client/1.1" 10.244.0.146, 10.244.0.34, 10.244.0.22 vcap_request_id:ee99accc-831a-440b-4b84-f75205896b99::4d84e558-1392-4cdd-b995-b3c2d5ad130a response_time:0.005

2016-09-29T20:08:37.142650+00:00 b0fa19c0-86de-4447-a670-3f7adbd0b3c1 - - - [NXLOG@14506 bosh_deployment="cf-warden" bosh_job_name="api_z1" bosh_job_index="0" filename="/var/vcap/data/sys/log/cloud_controller_ng/cloud_controller_ng.log"] {"timestamp":1475179707.5111,"message":"Statsd: cc.requests.outstanding:1|c","log_level":"debug","source":"statsd.client","data":{},"thread_id":47062185510160,"fiber_id":47062185096940,"process_id":15535,"file":"/var/vcap/packages/cloud_controller_ng/cloud_controller_ng/vendor/bundle/ruby/2.3.0/gems/statsd-ruby-1.2.1/lib/statsd.rb","lineno":254,"method":"send_to_socket"}

2016-09-29T20:08:37.142679+00:00 b0fa19c0-86de-4447-a670-3f7adbd0b3c1 - - - [NXLOG@14506 bosh_deployment="cf-warden" bosh_job_name="api_z1" bosh_job_index="0" filename="/var/vcap/data/sys/log/cloud_controller_ng/cloud_controller_ng.log"] {"timestamp":1475179707.5116773,"message":"Started GET \"/v2/info\" for user: , ip: 127.0.0.1 with vcap-request-id: 42a1d9f4-1e48-4fd8-9b6d-1af632a2ef10 at 2016-09-29 20:08:27 UTC","log_level":"info","source":"cc.api","data":{},"thread_id":47062185510160,"fiber_id":47062185096940,"process_id":15535,"file":"/var/vcap/packages/cloud_controller_ng/cloud_controller_ng/middleware/request_logs.rb","lineno":12,"method":"call"}

2016-09-29T20:08:37.142706+00:00 b0fa19c0-86de-4447-a670-3f7adbd0b3c1 - - - [NXLOG@14506 bosh_deployment="cf-warden" bosh_job_name="api_z1" bosh_job_index="0" filename="/var/vcap/data/sys/log/cloud_controller_ng/cloud_controller_ng.log"] {"timestamp":1475179707.5129983,"message":"dispatch VCAP::CloudController::InfoController get /v2/info","log_level":"debug","source":"cc.api","data":{"request_guid":"42a1d9f4-1e48-4fd8-9b6d-1af632a2ef10"},"thread_id":47062185510160,"fiber_id":47062185096940,"process_id":15535,"file":"/var/vcap/data/packages/cloud_controller_ng/f87cb49aa2cd87792cb9c2211a79e1542502be4d.1-b1a5f3c830cb6c32ae9e685628b24aa967f5ae54/cloud_controller_ng/lib/cloud_controller/rest_controller/routes.rb","lineno":12,"method":"block in define_route"}

2016-09-29T20:08:37.142734+00:00 b0fa19c0-86de-4447-a670-3f7adbd0b3c1 - - - [NXLOG@14506 bosh_deployment="cf-warden" bosh_job_name="api_z1" bosh_job_index="0" filename="/var/vcap/data/sys/log/cloud_controller_ng/cloud_controller_ng.log"] {"timestamp":1475179707.5132444,"message":"parse_params: {} ","log_level":"debug","source":"cc.api","data":{"request_guid":"42a1d9f4-1e48-4fd8-9b6d-1af632a2ef10"},"thread_id":47062185510160,"fiber_id":47062185096940,"process_id":15535,"file":"/var/vcap/data/packages/cloud_controller_ng/f87cb49aa2cd87792cb9c2211a79e1542502be4d.1-b1a5f3c830cb6c32ae9e685628b24aa967f5ae54/cloud_controller_ng/lib/cloud_controller/rest_controller/common_params.rb","lineno":10,"method":"parse"}

2016-09-29T20:08:37.142766+00:00 b0fa19c0-86de-4447-a670-3f7adbd0b3c1 - - - [NXLOG@14506 bosh_deployment="cf-warden" bosh_job_name="api_z1" bosh_job_index="0" filename="/var/vcap/data/sys/log/cloud_controller_ng/cloud_controller_ng.log"] {"timestamp":1475179707.5133715,"message":"cc.dispatch","log_level":"debug","source":"cc.api","data":{"request_guid":"42a1d9f4-1e48-4fd8-9b6d-1af632a2ef10","endpoint":"read","args":[]},"thread_id":47062185510160,"fiber_id":47062185096940,"process_id":15535,"file":"/var/vcap/data/packages/cloud_controller_ng/f87cb49aa2cd87792cb9c2211a79e1542502be4d.1-b1a5f3c830cb6c32ae9e685628b24aa967f5ae54/cloud_controller_ng/app/controllers/base/base_controller.rb","lineno":78,"method":"dispatch"}

2016-09-29T20:08:37.142807+00:00 b0fa19c0-86de-4447-a670-3f7adbd0b3c1 - - - [NXLOG@14506 bosh_deployment="cf-warden" bosh_job_name="api_z1" bosh_job_index="0" filename="/var/vcap/data/sys/log/cloud_controller_ng/cloud_controller_ng.log"] {"timestamp":1475179707.5136907,"message":"Completed 200 vcap-request-id: 42a1d9f4-1e48-4fd8-9b6d-1af632a2ef10","log_level":"info","source":"cc.api","data":{},"thread_id":47062185510160,"fiber_id":47062185096940,"process_id":15535,"file":"/var/vcap/packages/cloud_controller_ng/cloud_controller_ng/middleware/request_logs.rb","lineno":24,"method":"call"}

2016-09-29T20:08:37.142840+00:00 b0fa19c0-86de-4447-a670-3f7adbd0b3c1 - - - [NXLOG@14506 bosh_deployment="cf-warden" bosh_job_name="api_z1" bosh_job_index="0" filename="/var/vcap/data/sys/log/cloud_controller_ng/cloud_controller_ng.log"] {"timestamp":1475179707.5138419,"message":"Statsd: cc.requests.outstanding:-1|c\ncc.requests.completed:1|c\ncc.http_status.2XX:1|c","log_level":"debug","source":"statsd.client","data":{},"thread_id":47062185510160,"fiber_id":47062185096940,"process_id":15535,"file":"/var/vcap/packages/cloud_controller_ng/cloud_controller_ng/vendor/bundle/ruby/2.3.0/gems/statsd-ruby-1.2.1/lib/statsd.rb","lineno":254,"method":"send_to_socket"}

2016-09-29T20:08:37.142851+00:00 b0fa19c0-86de-4447-a670-3f7adbd0b3c1 - - - [NXLOG@14506 bosh_deployment="cf-warden" bosh_job_name="api_z1" bosh_job_index="0" filename="/var/vcap/data/sys/log/cloud_controller_ng/cloud_controller_ng.log"] {"timestamp":1475179708.7880232,"message":"(0.000504s) SELECT * FROM \"delayed_jobs\" WHERE ((((\"run_at\" <= '2016-09-29 20:08:28.786921+0000') AND (\"locked_at\" IS NULL)) OR (\"locked_by\" = 'cc_api_worker.api_z1.0.2')) AND (\"failed_at\" IS NULL) AND (\"queue\" IN ('cc-api_z1-0'))) ORDER BY \"priority\" ASC, \"run_at\" ASC LIMIT 5","log_level":"debug2","source":"cc.background","data":{},"thread_id":47118928261380,"fiber_id":47118965175380,"process_id":15629,"file":"/var/vcap/packages/cloud_controller_ng/cloud_controller_ng/vendor/bundle/ruby/2.3.0/gems/sequel-4.29.0/lib/sequel/database/logging.rb","lineno":70,"method":"block in log_each"}

2016-09-29T20:08:37.142927+00:00 b0fa19c0-86de-4447-a670-3f7adbd0b3c1 - - - [NXLOG@14506 bosh_deployment="cf-warden" bosh_job_name="api_z1" bosh_job_index="0" filename="/var/vcap/data/sys/log/cloud_controller_ng/cloud_controller_ng.log"] {"timestamp":1475179709.9173481,"message":"(0.000784s) SELECT * FROM \"delayed_jobs\" WHERE ((((\"run_at\" <= '2016-09-29 20:08:29.916089+0000') AND (\"locked_at\" IS NULL)) OR (\"locked_by\" = 'cc_api_worker.api_z1.0.1')) AND (\"failed_at\" IS NULL) AND (\"queue\" IN ('cc-api_z1-0'))) ORDER BY \"priority\" ASC, \"run_at\" ASC LIMIT 5","log_level":"debug2","source":"cc.background","data":{},"thread_id":47452862460180,"fiber_id":47452899698480,"process_id":15587,"file":"/var/vcap/packages/cloud_controller_ng/cloud_controller_ng/vendor/bundle/ruby/2.3.0/gems/sequel-4.29.0/lib/sequel/database/logging.rb","lineno":70,"method":"block in log_each"}

2016-09-29T20:08:37.142960+00:00 b0fa19c0-86de-4447-a670-3f7adbd0b3c1 - - - [NXLOG@14506 bosh_deployment="cf-warden" bosh_job_name="api_z1" bosh_job_index="0" filename="/var/vcap/data/sys/log/cloud_controller_ng/cloud_controller_ng.log"] {"timestamp":1475179710.9088438,"message":"Statsd: cc.requests.outstanding:1|c","log_level":"debug","source":"statsd.client","data":{},"thread_id":47062185510700,"fiber_id":47062157081500,"process_id":15535,"file":"/var/vcap/packages/cloud_controller_ng/cloud_controller_ng/vendor/bundle/ruby/2.3.0/gems/statsd-ruby-1.2.1/lib/statsd.rb","lineno":254,"method":"send_to_socket"}

2016-09-29T20:08:37.142999+00:00 b0fa19c0-86de-4447-a670-3f7adbd0b3c1 - - - [NXLOG@14506 bosh_deployment="cf-warden" bosh_job_name="api_z1" bosh_job_index="0" filename="/var/vcap/data/sys/log/cloud_controller_ng/cloud_controller_ng.log"] {"timestamp":1475179710.9096498,"message":"Started GET \"/v2/syslog_drain_urls?batch_size=1000\" for user: , ip: 127.0.0.1 with vcap-request-id: ee99accc-831a-440b-4b84-f75205896b99::4d84e558-1392-4cdd-b995-b3c2d5ad130a at 2016-09-29 20:08:30 UTC","log_level":"info","source":"cc.api","data":{},"thread_id":47062185510700,"fiber_id":47062157081500,"process_id":15535,"file":"/var/vcap/packages/cloud_controller_ng/cloud_controller_ng/middleware/request_logs.rb","lineno":12,"method":"call"}

2016-09-29T20:08:37.143052+00:00 b0fa19c0-86de-4447-a670-3f7adbd0b3c1 - - - [NXLOG@14506 bosh_deployment="cf-warden" bosh_job_name="api_z1" bosh_job_index="0" filename="/var/vcap/data/sys/log/cloud_controller_ng/cloud_controller_ng.log"] {"timestamp":1475179710.910459,"message":"dispatch VCAP::CloudController::SyslogDrainUrlsController get /v2/syslog_drain_urls","log_level":"debug","source":"cc.api","data":{"request_guid":"ee99accc-831a-440b-4b84-f75205896b99::4d84e558-1392-4cdd-b995-b3c2d5ad130a"},"thread_id":47062185510700,"fiber_id":47062157081500,"process_id":15535,"file":"/var/vcap/data/packages/cloud_controller_ng/f87cb49aa2cd87792cb9c2211a79e1542502be4d.1-b1a5f3c830cb6c32ae9e685628b24aa967f5ae54/cloud_controller_ng/lib/cloud_controller/rest_controller/routes.rb","lineno":12,"method":"block in define_route"}

2016-09-29T20:08:37.143123+00:00 b0fa19c0-86de-4447-a670-3f7adbd0b3c1 - - - [NXLOG@14506 bosh_deployment="cf-warden" bosh_job_name="api_z1" bosh_job_index="0" filename="/var/vcap/data/sys/log/cloud_controller_ng/cloud_controller_ng.log"] {"timestamp":1475179710.9106565,"message":"parse_params: {\"batch_size\"=>\"1000\"} batch_size=1000","log_level":"debug","source":"cc.api","data":{"request_guid":"ee99accc-831a-440b-4b84-f75205896b99::4d84e558-1392-4cdd-b995-b3c2d5ad130a"},"thread_id":47062185510700,"fiber_id":47062157081500,"process_id":15535,"file":"/var/vcap/data/packages/cloud_controller_ng/f87cb49aa2cd87792cb9c2211a79e1542502be4d.1-b1a5f3c830cb6c32ae9e685628b24aa967f5ae54/cloud_controller_ng/lib/cloud_controller/rest_controller/common_params.rb","lineno":10,"method":"parse"}

2016-09-29T20:08:37.143170+00:00 b0fa19c0-86de-4447-a670-3f7adbd0b3c1 - - - [NXLOG@14506 bosh_deployment="cf-warden" bosh_job_name="api_z1" bosh_job_index="0" filename="/var/vcap/data/sys/log/cloud_controller_ng/cloud_controller_ng.log"] {"timestamp":1475179710.9108074,"message":"cc.dispatch","log_level":"debug","source":"cc.api","data":{"request_guid":"ee99accc-831a-440b-4b84-f75205896b99::4d84e558-1392-4cdd-b995-b3c2d5ad130a","endpoint":"list","args":[]},"thread_id":47062185510700,"fiber_id":47062157081500,"process_id":15535,"file":"/var/vcap/data/packages/cloud_controller_ng/f87cb49aa2cd87792cb9c2211a79e1542502be4d.1-b1a5f3c830cb6c32ae9e685628b24aa967f5ae54/cloud_controller_ng/app/controllers/base/base_controller.rb","lineno":78,"method":"dispatch"}

2016-09-29T20:08:37.143195+00:00 b0fa19c0-86de-4447-a670-3f7adbd0b3c1 - - - [NXLOG@14506 bosh_deployment="cf-warden" bosh_job_name="api_z1" bosh_job_index="0" filename="/var/vcap/data/sys/log/cloud_controller_ng/cloud_controller_ng.log"] {"timestamp":1475179710.9122257,"message":"(0.000770s) SELECT \"apps\".\"guid\", string_agg(\"service_bindings\".\"syslog_drain_url\", ',') AS \"syslog_drain_urls\" FROM \"apps\" INNER JOIN \"service_bindings\" ON (\"service_bindings\".\"app_id\" = \"apps\".\"id\") WHERE ((syslog_drain_url IS NOT NULL) AND (syslog_drain_url != '')) GROUP BY \"apps\".\"guid\" UNION ALL (SELECT \"apps_v3\".\"guid\", string_agg(\"v3_service_bindings\".\"syslog_drain_url\", ',') AS \"syslog_drain_urls\" FROM \"apps_v3\" INNER JOIN \"v3_service_bindings\" ON (\"v3_service_bindings\".\"app_id\" = \"apps_v3\".\"id\") WHERE ((syslog_drain_url IS NOT NULL) AND (syslog_drain_url != '')) GROUP BY \"apps_v3\".\"guid\") ORDER BY \"guid\" LIMIT 1000 OFFSET 0","log_level":"debug2","source":"cc.db","data":{"request_guid":"ee99accc-831a-440b-4b84-f75205896b99::4d84e558-1392-4cdd-b995-b3c2d5ad130a"},"thread_id":47062185510700,"fiber_id":47062157081500,"process_id":15535,"file":"/var/vcap/packages/cloud_controller_ng/cloud_controller_ng/vendor/bundle/ruby/2.3.0/gems/sequel-4.29.0/lib/sequel/database/logging.rb","lineno":70,"method":"block in log_each"}

2016-09-29T20:08:37.143223+00:00 b0fa19c0-86de-4447-a670-3f7adbd0b3c1 - - - [NXLOG@14506 bosh_deployment="cf-warden" bosh_job_name="api_z1" bosh_job_index="0" filename="/var/vcap/data/sys/log/cloud_controller_ng/cloud_controller_ng.log"] {"timestamp":1475179710.9125657,"message":"Completed 200 vcap-request-id: ee99accc-831a-440b-4b84-f75205896b99::4d84e558-1392-4cdd-b995-b3c2d5ad130a","log_level":"info","source":"cc.api","data":{},"thread_id":47062185510700,"fiber_id":47062157081500,"process_id":15535,"file":"/var/vcap/packages/cloud_controller_ng/cloud_controller_ng/middleware/request_logs.rb","lineno":24,"method":"call"}

2016-09-29T20:08:37.140328+00:00 05bf1627-ae2f-400c-b1ce-31973a9ff23f - - - [NXLOG@14506 bosh_deployment="cf-warden" bosh_job_name="uaa_z1" bosh_job_index="0" filename="/var/vcap/data/sys/log/uaa/localhost_access.log"] 127.0.0.1 - - [29/Sep/2016:20:08:18 +0000] "GET /healthz HTTP/1.1" 200 3

2016-09-29T20:08:37.140432+00:00 05bf1627-ae2f-400c-b1ce-31973a9ff23f - - - [NXLOG@14506 bosh_deployment="cf-warden" bosh_job_name="uaa_z1" bosh_job_index="0" filename="/var/vcap/data/sys/log/uaa/localhost_access.log"] 127.0.0.1 - - [29/Sep/2016:20:08:20 +0000] "GET /healthz HTTP/1.1" 200 3

2016-09-29T20:08:37.140502+00:00 05bf1627-ae2f-400c-b1ce-31973a9ff23f - - - [NXLOG@14506 bosh_deployment="cf-warden" bosh_job_name="uaa_z1" bosh_job_index="0" filename="/var/vcap/data/sys/log/uaa/localhost_access.log"] 127.0.0.1 - - [29/Sep/2016:20:08:22 +0000] "GET /healthz HTTP/1.1" 200 3

2016-09-29T20:08:37.140548+00:00 05bf1627-ae2f-400c-b1ce-31973a9ff23f - - - [NXLOG@14506 bosh_deployment="cf-warden" bosh_job_name="uaa_z1" bosh_job_index="0" filename="/var/vcap/data/sys/log/uaa/localhost_access.log"] 127.0.0.1 - - [29/Sep/2016:20:08:26 +0000] "GET /healthz HTTP/1.1" 200 3

2016-09-29T20:08:37.140591+00:00 05bf1627-ae2f-400c-b1ce-31973a9ff23f - - - [NXLOG@14506 bosh_deployment="cf-warden" bosh_job_name="uaa_z1" bosh_job_index="0" filename="/var/vcap/data/sys/log/route_registrar/route_registrar.stdout.log"] {"timestamp":"1475179710.808288813","source":"Route Registrar","message":"Route Registrar.Executing script","log_level":1,"data":{"scriptPath":"/var/vcap/jobs/uaa/bin/health_check"}}

2016-09-29T20:08:37.140629+00:00 05bf1627-ae2f-400c-b1ce-31973a9ff23f - - - [NXLOG@14506 bosh_deployment="cf-warden" bosh_job_name="uaa_z1" bosh_job_index="0" filename="/var/vcap/data/sys/log/route_registrar/route_registrar.stdout.log"] {"timestamp":"1475179710.818833351","source":"Route Registrar","message":"Route Registrar.Script exited without error","log_level":1,"data":{"script":"/var/vcap/jobs/uaa/bin/health_check","stderr":"  % Total    % Received % Xferd  Average Speed   Time    Time     Time  Current\n                                 Dload  Upload   Total   Spent    Left  Speed\n\r  0     0    0     0    0     0      0      0 --:--:-- --:--:-- --:--:--     0\r100     3  100     3    0     0   3389      0 --:--:-- --:--:-- --:--:--  3000\n","stdout":""}}

2016-09-29T20:08:37.140718+00:00 05bf1627-ae2f-400c-b1ce-31973a9ff23f - - - [NXLOG@14506 bosh_deployment="cf-warden" bosh_job_name="uaa_z1" bosh_job_index="0" filename="/var/vcap/data/sys/log/route_registrar/route_registrar.stdout.log"] {"timestamp":"1475179710.818909883","source":"Route Registrar","message":"Route Registrar.healthchecker returned healthy for route","log_level":1,"data":{"route":{"Name":"uaa","Port":8080,"Tags":{"component":"uaa"},"URIs":["uaa.bosh-lite.com","*.uaa.bosh-lite.com","login.bosh-lite.com","*.login.bosh-lite.com"],"RouteServiceUrl":"","RegistrationInterval":4000000000,"HealthCheck":{"Name":"uaa-healthcheck","ScriptPath":"/var/vcap/jobs/uaa/bin/health_check","Timeout":2000000000}}}}

2016-09-29T20:08:37.140840+00:00 05bf1627-ae2f-400c-b1ce-31973a9ff23f - - - [NXLOG@14506 bosh_deployment="cf-warden" bosh_job_name="uaa_z1" bosh_job_index="0" filename="/var/vcap/data/sys/log/route_registrar/route_registrar.stdout.log"] {"timestamp":"1475179710.818931103","source":"Route Registrar","message":"Route Registrar.Registering route","log_level":1,"data":{"route":{"Name":"uaa","Port":8080,"Tags":{"component":"uaa"},"URIs":["uaa.bosh-lite.com","*.uaa.bosh-lite.com","login.bosh-lite.com","*.login.bosh-lite.com"],"RouteServiceUrl":"","RegistrationInterval":4000000000,"HealthCheck":{"Name":"uaa-healthcheck","ScriptPath":"/var/vcap/jobs/uaa/bin/health_check","Timeout":2000000000}}}}

2016-09-29T20:08:37.140911+00:00 05bf1627-ae2f-400c-b1ce-31973a9ff23f - - - [NXLOG@14506 bosh_deployment="cf-warden" bosh_job_name="uaa_z1" bosh_job_index="0" filename="/var/vcap/data/sys/log/route_registrar/route_registrar.stdout.log"] {"timestamp":"1475179710.819005966","source":"Route Registrar","message":"Route Registrar.Registered routes successfully","log_level":1,"data":{}}

2016-09-29T20:08:37.141132+00:00 05bf1627-ae2f-400c-b1ce-31973a9ff23f - - - [NXLOG@14506 bosh_deployment="cf-warden" bosh_job_name="uaa_z1" bosh_job_index="0" filename="/var/vcap/data/sys/log/route_registrar/route_registrar.stdout.log"] {"timestamp":"1475179714.808752298","source":"Route Registrar","message":"Route Registrar.Executing script","log_level":1,"data":{"scriptPath":"/var/vcap/jobs/uaa/bin/health_check"}}

2016-09-29T20:08:37.141189+00:00 05bf1627-ae2f-400c-b1ce-31973a9ff23f - - - [NXLOG@14506 bosh_deployment="cf-warden" bosh_job_name="uaa_z1" bosh_job_index="0" filename="/var/vcap/data/sys/log/route_registrar/route_registrar.stdout.log"] {"timestamp":"1475179714.822869062","source":"Route Registrar","message":"Route Registrar.Script exited without error","log_level":1,"data":{"script":"/var/vcap/jobs/uaa/bin/health_check","stderr":"  % Total    % Received % Xferd  Average Speed   Time    Time     Time  Current\n                                 Dload  Upload   Total   Spent    Left  Speed\n\r  0     0    0     0    0     0      0      0 --:--:-- --:--:-- --:--:--     0\r100     3  100     3    0     0   2489      0 --:--:-- --:--:-- --:--:--  3000\n","stdout":""}}

2016-09-29T20:08:37.141243+00:00 05bf1627-ae2f-400c-b1ce-31973a9ff23f - - - [NXLOG@14506 bosh_deployment="cf-warden" bosh_job_name="uaa_z1" bosh_job_index="0" filename="/var/vcap/data/sys/log/route_registrar/route_registrar.stdout.log"] {"timestamp":"1475179714.822954416","source":"Route Registrar","message":"Route Registrar.healthchecker returned healthy for route","log_level":1,"data":{"route":{"Name":"uaa","Port":8080,"Tags":{"component":"uaa"},"URIs":["uaa.bosh-lite.com","*.uaa.bosh-lite.com","login.bosh-lite.com","*.login.bosh-lite.com"],"RouteServiceUrl":"","RegistrationInterval":4000000000,"HealthCheck":{"Name":"uaa-healthcheck","ScriptPath":"/var/vcap/jobs/uaa/bin/health_check","Timeout":2000000000}}}}

2016-09-29T20:08:37.141276+00:00 05bf1627-ae2f-400c-b1ce-31973a9ff23f - - - [NXLOG@14506 bosh_deployment="cf-warden" bosh_job_name="uaa_z1" bosh_job_index="0" filename="/var/vcap/data/sys/log/route_registrar/route_registrar.stdout.log"] {"timestamp":"1475179714.822978020","source":"Route Registrar","message":"Route Registrar.Registering route","log_level":1,"data":{"route":{"Name":"uaa","Port":8080,"Tags":{"component":"uaa"},"URIs":["uaa.bosh-lite.com","*.uaa.bosh-lite.com","login.bosh-lite.com","*.login.bosh-lite.com"],"RouteServiceUrl":"","RegistrationInterval":4000000000,"HealthCheck":{"Name":"uaa-healthcheck","ScriptPath":"/var/vcap/jobs/uaa/bin/health_check","Timeout":2000000000}}}}

2016-09-29T20:08:37.141316+00:00 05bf1627-ae2f-400c-b1ce-31973a9ff23f - - - [NXLOG@14506 bosh_deployment="cf-warden" bosh_job_name="uaa_z1" bosh_job_index="0" filename="/var/vcap/data/sys/log/route_registrar/route_registrar.stdout.log"] {"timestamp":"1475179714.823033810","source":"Route Registrar","message":"Route Registrar.Registered routes successfully","log_level":1,"data":{}}

2016-09-29T20:08:37.141366+00:00 05bf1627-ae2f-400c-b1ce-31973a9ff23f - - - [NXLOG@14506 bosh_deployment="cf-warden" bosh_job_name="uaa_z1" bosh_job_index="0" filename="/var/vcap/data/sys/log/uaa/uaa.log"] [2016-09-29 20:08:30.817] uaa - 19013 [http-nio-127.0.0.1-8989-exec-8] .... DEBUG --- AntPathRequestMatcher: Checking match of request : '/healthz'; against '/resources/**'

2016-09-29T20:08:37.141396+00:00 05bf1627-ae2f-400c-b1ce-31973a9ff23f - - - [NXLOG@14506 bosh_deployment="cf-warden" bosh_job_name="uaa_z1" bosh_job_index="0" filename="/var/vcap/data/sys/log/uaa/uaa.log"] [2016-09-29 20:08:30.817] uaa - 19013 [http-nio-127.0.0.1-8989-exec-8] .... DEBUG --- AntPathRequestMatcher: Checking match of request : '/healthz'; against '/square-logo.png'

2016-09-29T20:08:37.141434+00:00 05bf1627-ae2f-400c-b1ce-31973a9ff23f - - - [NXLOG@14506 bosh_deployment="cf-warden" bosh_job_name="uaa_z1" bosh_job_index="0" filename="/var/vcap/data/sys/log/uaa/uaa.log"] [2016-09-29 20:08:30.817] uaa - 19013 [http-nio-127.0.0.1-8989-exec-8] .... DEBUG --- AntPathRequestMatcher: Checking match of request : '/healthz'; against '/info'

2016-09-29T20:08:37.141475+00:00 05bf1627-ae2f-400c-b1ce-31973a9ff23f - - - [NXLOG@14506 bosh_deployment="cf-warden" bosh_job_name="uaa_z1" bosh_job_index="0" filename="/var/vcap/data/sys/log/uaa/uaa.log"] [2016-09-29 20:08:30.817] uaa - 19013 [http-nio-127.0.0.1-8989-exec-8] .... DEBUG --- AntPathRequestMatcher: Checking match of request : '/healthz'; against '/password/**'

2016-09-29T20:08:37.141486+00:00 05bf1627-ae2f-400c-b1ce-31973a9ff23f - - - [NXLOG@14506 bosh_deployment="cf-warden" bosh_job_name="uaa_z1" bosh_job_index="0" filename="/var/vcap/data/sys/log/uaa/uaa.log"] [2016-09-29 20:08:30.817] uaa - 19013 [http-nio-127.0.0.1-8989-exec-8] .... DEBUG --- AntPathRequestMatcher: Checking match of request : '/healthz'; against '/healthz/**'

2016-09-29T20:08:37.141493+00:00 05bf1627-ae2f-400c-b1ce-31973a9ff23f - - - [NXLOG@14506 bosh_deployment="cf-warden" bosh_job_name="uaa_z1" bosh_job_index="0" filename="/var/vcap/data/sys/log/uaa/uaa.log"] [2016-09-29 20:08:30.817] uaa - 19013 [http-nio-127.0.0.1-8989-exec-8] .... DEBUG --- FilterChainProxy: /healthz has an empty filter list

2016-09-29T20:08:37.141501+00:00 05bf1627-ae2f-400c-b1ce-31973a9ff23f - - - [NXLOG@14506 bosh_deployment="cf-warden" bosh_job_name="uaa_z1" bosh_job_index="0" filename="/var/vcap/data/sys/log/uaa/uaa.log"] [2016-09-29 20:08:30.817] uaa - 19013 [http-nio-127.0.0.1-8989-exec-8] .... DEBUG --- DispatcherServlet: DispatcherServlet with name 'spring' processing GET request for [/healthz]

2016-09-29T20:08:37.141531+00:00 05bf1627-ae2f-400c-b1ce-31973a9ff23f - - - [NXLOG@14506 bosh_deployment="cf-warden" bosh_job_name="uaa_z1" bosh_job_index="0" filename="/var/vcap/data/sys/log/uaa/uaa.log"] [2016-09-29 20:08:30.817] uaa - 19013 [http-nio-127.0.0.1-8989-exec-8] .... DEBUG --- DispatcherServlet: Last-Modified value for [/healthz] is: -1

2016-09-29T20:08:37.141558+00:00 05bf1627-ae2f-400c-b1ce-31973a9ff23f - - - [NXLOG@14506 bosh_deployment="cf-warden" bosh_job_name="uaa_z1" bosh_job_index="0" filename="/var/vcap/data/sys/log/uaa/uaa.log"] [2016-09-29 20:08:30.817] uaa - 19013 [http-nio-127.0.0.1-8989-exec-8] .... DEBUG --- RequestResponseBodyMethodProcessor: Written [ok

2016-09-29T20:08:37.141573+00:00 05bf1627-ae2f-400c-b1ce-31973a9ff23f - - - [NXLOG@14506 bosh_deployment="cf-warden" bosh_job_name="uaa_z1" bosh_job_index="0" filename="/var/vcap/data/sys/log/uaa/uaa.log"] ] as "text/plain;charset=ISO-8859-1" using [org.springframework.http.converter.StringHttpMessageConverter@178b2baf]

2016-09-29T20:08:37.141582+00:00 05bf1627-ae2f-400c-b1ce-31973a9ff23f - - - [NXLOG@14506 bosh_deployment="cf-warden" bosh_job_name="uaa_z1" bosh_job_index="0" filename="/var/vcap/data/sys/log/uaa/uaa.log"] [2016-09-29 20:08:30.817] uaa - 19013 [http-nio-127.0.0.1-8989-exec-8] .... DEBUG --- DispatcherServlet: Null ModelAndView returned to DispatcherServlet with name 'spring': assuming HandlerAdapter completed request handling

2016-09-29T20:08:37.141589+00:00 05bf1627-ae2f-400c-b1ce-31973a9ff23f - - - [NXLOG@14506 bosh_deployment="cf-warden" bosh_job_name="uaa_z1" bosh_job_index="0" filename="/var/vcap/data/sys/log/uaa/uaa.log"] [2016-09-29 20:08:30.817] uaa - 19013 [http-nio-127.0.0.1-8989-exec-8] .... DEBUG --- DispatcherServlet: Successfully completed request

2016-09-29T20:08:37.141617+00:00 05bf1627-ae2f-400c-b1ce-31973a9ff23f - - - [NXLOG@14506 bosh_deployment="cf-warden" bosh_job_name="uaa_z1" bosh_job_index="0" filename="/var/vcap/data/sys/log/uaa/uaa.log"] [2016-09-29 20:08:30.853] uaa - 19013 [http-nio-127.0.0.1-8989-exec-10] .... DEBUG --- AntPathRequestMatcher: Checking match of request : '/healthz'; against '/resources/**'

2016-09-29T20:08:37.141625+00:00 05bf1627-ae2f-400c-b1ce-31973a9ff23f - - - [NXLOG@14506 bosh_deployment="cf-warden" bosh_job_name="uaa_z1" bosh_job_index="0" filename="/var/vcap/data/sys/log/uaa/uaa.log"] [2016-09-29 20:08:30.853] uaa - 19013 [http-nio-127.0.0.1-8989-exec-10] .... DEBUG --- AntPathRequestMatcher: Checking match of request : '/healthz'; against '/square-logo.png'

2016-09-29T20:08:37.141625+00:00 05bf1627-ae2f-400c-b1ce-31973a9ff23f - - - [NXLOG@14506 bosh_deployment="cf-warden" bosh_job_name="uaa_z1" bosh_job_index="0" filename="/var/vcap/data/sys/log/uaa/uaa.log"] [2016-09-29 20:08:30.853] uaa - 19013 [http-nio-127.0.0.1-8989-exec-10] .... DEBUG --- AntPathRequestMatcher: Checking match of request : '/healthz'; against '/info'

2016-09-29T20:08:37.141625+00:00 05bf1627-ae2f-400c-b1ce-31973a9ff23f - - - [NXLOG@14506 bosh_deployment="cf-warden" bosh_job_name="uaa_z1" bosh_job_index="0" filename="/var/vcap/data/sys/log/uaa/uaa.log"] [2016-09-29 20:08:30.853] uaa - 19013 [http-nio-127.0.0.1-8989-exec-10] .... DEBUG --- AntPathRequestMatcher: Checking match of request : '/healthz'; against '/password/**'

2016-09-29T20:08:37.141625+00:00 05bf1627-ae2f-400c-b1ce-31973a9ff23f - - - [NXLOG@14506 bosh_deployment="cf-warden" bosh_job_name="uaa_z1" bosh_job_index="0" filename="/var/vcap/data/sys/log/uaa/uaa.log"] [2016-09-29 20:08:30.853] uaa - 19013 [http-nio-127.0.0.1-8989-exec-10] .... DEBUG --- AntPathRequestMatcher: Checking match of request : '/healthz'; against '/healthz/**'

2016-09-29T20:08:37.141625+00:00 05bf1627-ae2f-400c-b1ce-31973a9ff23f - - - [NXLOG@14506 bosh_deployment="cf-warden" bosh_job_name="uaa_z1" bosh_job_index="0" filename="/var/vcap/data/sys/log/uaa/uaa.log"] [2016-09-29 20:08:30.853] uaa - 19013 [http-nio-127.0.0.1-8989-exec-10] .... DEBUG --- FilterChainProxy: /healthz has an empty filter list

2016-09-29T20:08:37.141841+00:00 05bf1627-ae2f-400c-b1ce-31973a9ff23f - - - [NXLOG@14506 bosh_deployment="cf-warden" bosh_job_name="uaa_z1" bosh_job_index="0" filename="/var/vcap/data/sys/log/uaa/uaa.log"] [2016-09-29 20:08:30.853] uaa - 19013 [http-nio-127.0.0.1-8989-exec-10] .... DEBUG --- DispatcherServlet: DispatcherServlet with name 'spring' processing GET request for [/healthz]

2016-09-29T20:08:37.141864+00:00 05bf1627-ae2f-400c-b1ce-31973a9ff23f - - - [NXLOG@14506 bosh_deployment="cf-warden" bosh_job_name="uaa_z1" bosh_job_index="0" filename="/var/vcap/data/sys/log/uaa/uaa.log"] [2016-09-29 20:08:30.853] uaa - 19013 [http-nio-127.0.0.1-8989-exec-10] .... DEBUG --- DispatcherServlet: Last-Modified value for [/healthz] is: -1

2016-09-29T20:08:37.141873+00:00 05bf1627-ae2f-400c-b1ce-31973a9ff23f - - - [NXLOG@14506 bosh_deployment="cf-warden" bosh_job_name="uaa_z1" bosh_job_index="0" filename="/var/vcap/data/sys/log/uaa/uaa.log"] [2016-09-29 20:08:30.854] uaa - 19013 [http-nio-127.0.0.1-8989-exec-10] .... DEBUG --- RequestResponseBodyMethodProcessor: Written [ok

2016-09-29T20:08:37.141881+00:00 05bf1627-ae2f-400c-b1ce-31973a9ff23f - - - [NXLOG@14506 bosh_deployment="cf-warden" bosh_job_name="uaa_z1" bosh_job_index="0" filename="/var/vcap/data/sys/log/uaa/uaa.log"] ] as "text/plain;charset=ISO-8859-1" using [org.springframework.http.converter.StringHttpMessageConverter@178b2baf]

2016-09-29T20:08:37.141934+00:00 05bf1627-ae2f-400c-b1ce-31973a9ff23f - - - [NXLOG@14506 bosh_deployment="cf-warden" bosh_job_name="uaa_z1" bosh_job_index="0" filename="/var/vcap/data/sys/log/uaa/uaa.log"] [2016-09-29 20:08:30.854] uaa - 19013 [http-nio-127.0.0.1-8989-exec-10] .... DEBUG --- DispatcherServlet: Null ModelAndView returned to DispatcherServlet with name 'spring': assuming HandlerAdapter completed request handling

2016-09-29T20:08:37.141976+00:00 05bf1627-ae2f-400c-b1ce-31973a9ff23f - - - [NXLOG@14506 bosh_deployment="cf-warden" bosh_job_name="uaa_z1" bosh_job_index="0" filename="/var/vcap/data/sys/log/uaa/uaa.log"] [2016-09-29 20:08:30.854] uaa - 19013 [http-nio-127.0.0.1-8989-exec-10] .... DEBUG --- DispatcherServlet: Successfully completed request

2016-09-29T20:08:37.142005+00:00 05bf1627-ae2f-400c-b1ce-31973a9ff23f - - - [NXLOG@14506 bosh_deployment="cf-warden" bosh_job_name="uaa_z1" bosh_job_index="0" filename="/var/vcap/data/sys/log/uaa/uaa.log"] [2016-09-29 20:08:31.158] uaa - 19013 [pool-2-thread-1] .... DEBUG --- JdbcTemplate: Executing SQL query [select count(*) from oauth_client_details]

2016-09-29T20:08:37.142041+00:00 05bf1627-ae2f-400c-b1ce-31973a9ff23f - - - [NXLOG@14506 bosh_deployment="cf-warden" bosh_job_name="uaa_z1" bosh_job_index="0" filename="/var/vcap/data/sys/log/uaa/uaa.log"] [2016-09-29 20:08:31.160] uaa - 19013 [pool-2-thread-1] .... DEBUG --- JdbcTemplate: Executing SQL query [select count(*) from users]

2016-09-29T20:08:37.142078+00:00 05bf1627-ae2f-400c-b1ce-31973a9ff23f - - - [NXLOG@14506 bosh_deployment="cf-warden" bosh_job_name="uaa_z1" bosh_job_index="0" filename="/var/vcap/data/sys/log/uaa/uaa.log"] [2016-09-29 20:08:34.820] uaa - 19013 [http-nio-127.0.0.1-8989-exec-4] .... DEBUG --- AntPathRequestMatcher: Checking match of request : '/healthz'; against '/resources/**'

2016-09-29T20:08:37.142106+00:00 05bf1627-ae2f-400c-b1ce-31973a9ff23f - - - [NXLOG@14506 bosh_deployment="cf-warden" bosh_job_name="uaa_z1" bosh_job_index="0" filename="/var/vcap/data/sys/log/uaa/uaa.log"] [2016-09-29 20:08:34.820] uaa - 19013 [http-nio-127.0.0.1-8989-exec-4] .... DEBUG --- AntPathRequestMatcher: Checking match of request : '/healthz'; against '/square-logo.png'

2016-09-29T20:08:37.142130+00:00 05bf1627-ae2f-400c-b1ce-31973a9ff23f - - - [NXLOG@14506 bosh_deployment="cf-warden" bosh_job_name="uaa_z1" bosh_job_index="0" filename="/var/vcap/data/sys/log/uaa/uaa.log"] [2016-09-29 20:08:34.820] uaa - 19013 [http-nio-127.0.0.1-8989-exec-4] .... DEBUG --- AntPathRequestMatcher: Checking match of request : '/healthz'; against '/info'

2016-09-29T20:08:37.142195+00:00 05bf1627-ae2f-400c-b1ce-31973a9ff23f - - - [NXLOG@14506 bosh_deployment="cf-warden" bosh_job_name="uaa_z1" bosh_job_index="0" filename="/var/vcap/data/sys/log/uaa/uaa.log"] [2016-09-29 20:08:34.820] uaa - 19013 [http-nio-127.0.0.1-8989-exec-4] .... DEBUG --- AntPathRequestMatcher: Checking match of request : '/healthz'; against '/password/**'

2016-09-29T20:08:37.142234+00:00 05bf1627-ae2f-400c-b1ce-31973a9ff23f - - - [NXLOG@14506 bosh_deployment="cf-warden" bosh_job_name="uaa_z1" bosh_job_index="0" filename="/var/vcap/data/sys/log/uaa/uaa.log"] [2016-09-29 20:08:34.820] uaa - 19013 [http-nio-127.0.0.1-8989-exec-4] .... DEBUG --- AntPathRequestMatcher: Checking match of request : '/healthz'; against '/healthz/**'

2016-09-29T20:08:37.142261+00:00 05bf1627-ae2f-400c-b1ce-31973a9ff23f - - - [NXLOG@14506 bosh_deployment="cf-warden" bosh_job_name="uaa_z1" bosh_job_index="0" filename="/var/vcap/data/sys/log/uaa/uaa.log"] [2016-09-29 20:08:34.820] uaa - 19013 [http-nio-127.0.0.1-8989-exec-4] .... DEBUG --- FilterChainProxy: /healthz has an empty filter list

2016-09-29T20:08:37.142286+00:00 05bf1627-ae2f-400c-b1ce-31973a9ff23f - - - [NXLOG@14506 bosh_deployment="cf-warden" bosh_job_name="uaa_z1" bosh_job_index="0" filename="/var/vcap/data/sys/log/uaa/uaa.log"] [2016-09-29 20:08:34.820] uaa - 19013 [http-nio-127.0.0.1-8989-exec-4] .... DEBUG --- DispatcherServlet: DispatcherServlet with name 'spring' processing GET request for [/healthz]

2016-09-29T20:08:37.142321+00:00 05bf1627-ae2f-400c-b1ce-31973a9ff23f - - - [NXLOG@14506 bosh_deployment="cf-warden" bosh_job_name="uaa_z1" bosh_job_index="0" filename="/var/vcap/data/sys/log/uaa/uaa.log"] [2016-09-29 20:08:34.820] uaa - 19013 [http-nio-127.0.0.1-8989-exec-4] .... DEBUG --- DispatcherServlet: Last-Modified value for [/healthz] is: -1

2016-09-29T20:08:37.142360+00:00 05bf1627-ae2f-400c-b1ce-31973a9ff23f - - - [NXLOG@14506 bosh_deployment="cf-warden" bosh_job_name="uaa_z1" bosh_job_index="0" filename="/var/vcap/data/sys/log/uaa/uaa.log"] [2016-09-29 20:08:34.821] uaa - 19013 [http-nio-127.0.0.1-8989-exec-4] .... DEBUG --- RequestResponseBodyMethodProcessor: Written [ok

2016-09-29T20:08:37.142401+00:00 05bf1627-ae2f-400c-b1ce-31973a9ff23f - - - [NXLOG@14506 bosh_deployment="cf-warden" bosh_job_name="uaa_z1" bosh_job_index="0" filename="/var/vcap/data/sys/log/uaa/uaa.log"] ] as "text/plain;charset=ISO-8859-1" using [org.springframework.http.converter.StringHttpMessageConverter@178b2baf]

2016-09-29T20:08:37.142464+00:00 05bf1627-ae2f-400c-b1ce-31973a9ff23f - - - [NXLOG@14506 bosh_deployment="cf-warden" bosh_job_name="uaa_z1" bosh_job_index="0" filename="/var/vcap/data/sys/log/uaa/uaa.log"] [2016-09-29 20:08:34.821] uaa - 19013 [http-nio-127.0.0.1-8989-exec-4] .... DEBUG --- DispatcherServlet: Null ModelAndView returned to DispatcherServlet with name 'spring': assuming HandlerAdapter completed request handling

2016-09-29T20:08:37.142489+00:00 05bf1627-ae2f-400c-b1ce-31973a9ff23f - - - [NXLOG@14506 bosh_deployment="cf-warden" bosh_job_name="uaa_z1" bosh_job_index="0" filename="/var/vcap/data/sys/log/uaa/uaa.log"] [2016-09-29 20:08:34.821] uaa - 19013 [http-nio-127.0.0.1-8989-exec-4] .... DEBUG --- DispatcherServlet: Successfully completed request

2016-09-29T20:08:37.142498+00:00 05bf1627-ae2f-400c-b1ce-31973a9ff23f - - - [NXLOG@14506 bosh_deployment="cf-warden" bosh_job_name="uaa_z1" bosh_job_index="0" filename="/var/vcap/data/sys/log/uaa/uaa.log"] [2016-09-29 20:08:36.156] uaa - 19013 [pool-2-thread-1] .... DEBUG --- JdbcTemplate: Executing SQL query [select count(*) from oauth_client_details]

2016-09-29T20:08:37.142542+00:00 05bf1627-ae2f-400c-b1ce-31973a9ff23f - - - [NXLOG@14506 bosh_deployment="cf-warden" bosh_job_name="uaa_z1" bosh_job_index="0" filename="/var/vcap/data/sys/log/uaa/uaa.log"] [2016-09-29 20:08:36.157] uaa - 19013 [pool-2-thread-1] .... DEBUG --- JdbcTemplate: Executing SQL query [select count(*) from users]

2016-09-29T20:08:37.143296+00:00 b0fa19c0-86de-4447-a670-3f7adbd0b3c1 - - - [NXLOG@14506 bosh_deployment="cf-warden" bosh_job_name="api_z1" bosh_job_index="0" filename="/var/vcap/data/sys/log/cloud_controller_ng/cloud_controller_ng.log"] {"timestamp":1475179710.912686,"message":"Statsd: cc.requests.outstanding:-1|c\ncc.requests.completed:1|c\ncc.http_status.2XX:1|c","log_level":"debug","source":"statsd.client","data":{},"thread_id":47062185510700,"fiber_id":47062157081500,"process_id":15535,"file":"/var/vcap/packages/cloud_controller_ng/cloud_controller_ng/vendor/bundle/ruby/2.3.0/gems/statsd-ruby-1.2.1/lib/statsd.rb","lineno":254,"method":"send_to_socket"}

2016-09-29T20:08:37.143331+00:00 b0fa19c0-86de-4447-a670-3f7adbd0b3c1 - - - [NXLOG@14506 bosh_deployment="cf-warden" bosh_job_name="api_z1" bosh_job_index="0" filename="/var/vcap/data/sys/log/cloud_controller_ng/cloud_controller_ng.log"] {"timestamp":1475179713.8108912,"message":"(0.000488s) SELECT * FROM \"delayed_jobs\" WHERE ((((\"run_at\" <= '2016-09-29 20:08:33.809864+0000') AND (\"locked_at\" IS NULL)) OR (\"locked_by\" = 'cc_api_worker.api_z1.0.2')) AND (\"failed_at\" IS NULL) AND (\"queue\" IN ('cc-api_z1-0'))) ORDER BY \"priority\" ASC, \"run_at\" ASC LIMIT 5","log_level":"debug2","source":"cc.background","data":{},"thread_id":47118928261380,"fiber_id":47118965175380,"process_id":15629,"file":"/var/vcap/packages/cloud_controller_ng/cloud_controller_ng/vendor/bundle/ruby/2.3.0/gems/sequel-4.29.0/lib/sequel/database/logging.rb","lineno":70,"method":"block in log_each"}

2016-09-29T20:08:37.143353+00:00 b0fa19c0-86de-4447-a670-3f7adbd0b3c1 - - - [NXLOG@14506 bosh_deployment="cf-warden" bosh_job_name="api_z1" bosh_job_index="0" filename="/var/vcap/data/sys/log/cloud_controller_ng/cloud_controller_ng.log"] {"timestamp":1475179714.5134532,"message":"Statsd: cc.vitals.uptime:1899986|g\ncc.vitals.cpu:0.0|g\ncc.vitals.mem_bytes:150700032|g\ncc.vitals.cpu_load_avg:1.93|g\ncc.vitals.mem_used_bytes:4030828544|g\ncc.vitals.mem_free_bytes:2227220480|g\ncc.vitals.num_cores:4|g","log_level":"debug","source":"statsd.client","data":{},"thread_id":47062143684880,"fiber_id":47062184032460,"process_id":15535,"file":"/var/vcap/packages/cloud_controller_ng/cloud_controller_ng/vendor/bundle/ruby/2.3.0/gems/statsd-ruby-1.2.1/lib/statsd.rb","lineno":254,"method":"send_to_socket"}

2016-09-29T20:08:37.143406+00:00 b0fa19c0-86de-4447-a670-3f7adbd0b3c1 - - - [NXLOG@14506 bosh_deployment="cf-warden" bosh_job_name="api_z1" bosh_job_index="0" filename="/var/vcap/data/sys/log/cloud_controller_ng/cloud_controller_ng.log"] {"timestamp":1475179714.5137463,"message":"Statsd: cc.log_count.off:0|g\ncc.log_count.fatal:0|g\ncc.log_count.error:0|g\ncc.log_count.warn:0|g\ncc.log_count.info:45880|g\ncc.log_count.debug:139997|g\ncc.log_count.debug1:0|g\ncc.log_count.debug2:27409|g\ncc.log_count.all:0|g","log_level":"debug","source":"statsd.client","data":{},"thread_id":47062143684880,"fiber_id":47062184032460,"process_id":15535,"file":"/var/vcap/packages/cloud_controller_ng/cloud_controller_ng/vendor/bundle/ruby/2.3.0/gems/statsd-ruby-1.2.1/lib/statsd.rb","lineno":254,"method":"send_to_socket"}

2016-09-29T20:08:37.143425+00:00 b0fa19c0-86de-4447-a670-3f7adbd0b3c1 - - - [NXLOG@14506 bosh_deployment="cf-warden" bosh_job_name="api_z1" bosh_job_index="0" filename="/var/vcap/data/sys/log/cloud_controller_ng/cloud_controller_ng.log"] {"timestamp":1475179714.5148084,"message":"(0.000490s) SELECT count(*) AS \"count\" FROM \"tasks\" WHERE (\"state\" = 'RUNNING') LIMIT 1","log_level":"debug2","source":"cc.db","data":{},"thread_id":47062143684880,"fiber_id":47062184032460,"process_id":15535,"file":"/var/vcap/packages/cloud_controller_ng/cloud_controller_ng/vendor/bundle/ruby/2.3.0/gems/sequel-4.29.0/lib/sequel/database/logging.rb","lineno":70,"method":"block in log_each"}

2016-09-29T20:08:37.143450+00:00 b0fa19c0-86de-4447-a670-3f7adbd0b3c1 - - - [NXLOG@14506 bosh_deployment="cf-warden" bosh_job_name="api_z1" bosh_job_index="0" filename="/var/vcap/data/sys/log/cloud_controller_ng/cloud_controller_ng.log"] {"timestamp":1475179714.515349,"message":"(0.000182s) SELECT sum(\"memory_in_mb\") AS \"sum\" FROM \"tasks\" WHERE (\"state\" = 'RUNNING') LIMIT 1","log_level":"debug2","source":"cc.db","data":{},"thread_id":47062143684880,"fiber_id":47062184032460,"process_id":15535,"file":"/var/vcap/packages/cloud_controller_ng/cloud_controller_ng/vendor/bundle/ruby/2.3.0/gems/sequel-4.29.0/lib/sequel/database/logging.rb","lineno":70,"method":"block in log_each"}

2016-09-29T20:08:37.143482+00:00 b0fa19c0-86de-4447-a670-3f7adbd0b3c1 - - - [NXLOG@14506 bosh_deployment="cf-warden" bosh_job_name="api_z1" bosh_job_index="0" filename="/var/vcap/data/sys/log/cloud_controller_ng/cloud_controller_ng.log"] {"timestamp":1475179714.5155592,"message":"Statsd: cc.tasks_running.count:0|g\ncc.tasks_running.memory_in_mb:0|g","log_level":"debug","source":"statsd.client","data":{},"thread_id":47062143684880,"fiber_id":47062184032460,"process_id":15535,"file":"/var/vcap/packages/cloud_controller_ng/cloud_controller_ng/vendor/bundle/ruby/2.3.0/gems/statsd-ruby-1.2.1/lib/statsd.rb","lineno":254,"method":"send_to_socket"}

2016-09-29T20:08:37.143511+00:00 b0fa19c0-86de-4447-a670-3f7adbd0b3c1 - - - [NXLOG@14506 bosh_deployment="cf-warden" bosh_job_name="api_z1" bosh_job_index="0" filename="/var/vcap/data/sys/log/cloud_controller_ng/cloud_controller_ng.log"] {"timestamp":1475179714.9380193,"message":"(0.000514s) SELECT * FROM \"delayed_jobs\" WHERE ((((\"run_at\" <= '2016-09-29 20:08:34.936995+0000') AND (\"locked_at\" IS NULL)) OR (\"locked_by\" = 'cc_api_worker.api_z1.0.1')) AND (\"failed_at\" IS NULL) AND (\"queue\" IN ('cc-api_z1-0'))) ORDER BY \"priority\" ASC, \"run_at\" ASC LIMIT 5","log_level":"debug2","source":"cc.background","data":{},"thread_id":47452862460180,"fiber_id":47452899698480,"process_id":15587,"file":"/var/vcap/packages/cloud_controller_ng/cloud_controller_ng/vendor/bundle/ruby/2.3.0/gems/sequel-4.29.0/lib/sequel/database/logging.rb","lineno":70,"method":"block in log_each"}

2016-09-29T20:08:37.143551+00:00 b0fa19c0-86de-4447-a670-3f7adbd0b3c1 - - - [NXLOG@14506 bosh_deployment="cf-warden" bosh_job_name="api_z1" bosh_job_index="0" filename="/var/vcap/data/sys/log/cloud_controller_ng/cloud_controller_ng.log"] {"timestamp":1475179716.5293765,"message":"(0.000794s) SELECT \"queue\", count(*) AS \"count\" FROM \"delayed_jobs\" WHERE (\"attempts\" = 0) GROUP BY \"queue\"","log_level":"debug2","source":"cc.db","data":{},"thread_id":47062143684880,"fiber_id":47062184032460,"process_id":15535,"file":"/var/vcap/packages/cloud_controller_ng/cloud_controller_ng/vendor/bundle/ruby/2.3.0/gems/sequel-4.29.0/lib/sequel/database/logging.rb","lineno":70,"method":"block in log_each"}

2016-09-29T20:08:37.143562+00:00 b0fa19c0-86de-4447-a670-3f7adbd0b3c1 - - - [NXLOG@14506 bosh_deployment="cf-warden" bosh_job_name="api_z1" bosh_job_index="0" filename="/var/vcap/data/sys/log/cloud_controller_ng/cloud_controller_ng.log"] {"timestamp":1475179716.5298944,"message":"Statsd: cc.job_queue_length.total:0|g\ncc.job_queue_length.total:0|g","log_level":"debug","source":"statsd.client","data":{},"thread_id":47062143684880,"fiber_id":47062184032460,"process_id":15535,"file":"/var/vcap/packages/cloud_controller_ng/cloud_controller_ng/vendor/bundle/ruby/2.3.0/gems/statsd-ruby-1.2.1/lib/statsd.rb","lineno":254,"method":"send_to_socket"}

2016-09-29T20:08:37.143573+00:00 b0fa19c0-86de-4447-a670-3f7adbd0b3c1 - - - [NXLOG@14506 bosh_deployment="cf-warden" bosh_job_name="api_z1" bosh_job_index="0" filename="/var/vcap/data/sys/log/cloud_controller_ng/cloud_controller_ng.log"] {"timestamp":1475179716.5303774,"message":"Statsd: cc.thread_info.thread_count:21|g\ncc.thread_info.event_machine.connection_count:3|g\ncc.thread_info.event_machine.threadqueue.size:0|g\ncc.thread_info.event_machine.threadqueue.num_waiting:20|g\ncc.thread_info.event_machine.resultqueue.size:0|g\ncc.thread_info.event_machine.resultqueue.num_waiting:0|g","log_level":"debug","source":"statsd.client","data":{},"thread_id":47062143684880,"fiber_id":47062184032460,"process_id":15535,"file":"/var/vcap/packages/cloud_controller_ng/cloud_controller_ng/vendor/bundle/ruby/2.3.0/gems/statsd-ruby-1.2.1/lib/statsd.rb","lineno":254,"method":"send_to_socket"}

2016-09-29T20:08:37.143595+00:00 b0fa19c0-86de-4447-a670-3f7adbd0b3c1 - - - [NXLOG@14506 bosh_deployment="cf-warden" bosh_job_name="api_z1" bosh_job_index="0" filename="/var/vcap/data/sys/log/cloud_controller_ng/cloud_controller_ng.log"] {"timestamp":1475179716.5314572,"message":"(0.000599s) SELECT \"queue\", count(*) AS \"count\" FROM \"delayed_jobs\" WHERE (failed_at IS NOT NULL) GROUP BY \"queue\"","log_level":"debug2","source":"cc.db","data":{},"thread_id":47062143684880,"fiber_id":47062184032460,"process_id":15535,"file":"/var/vcap/packages/cloud_controller_ng/cloud_controller_ng/vendor/bundle/ruby/2.3.0/gems/sequel-4.29.0/lib/sequel/database/logging.rb","lineno":70,"method":"block in log_each"}

2016-09-29T20:08:37.143618+00:00 b0fa19c0-86de-4447-a670-3f7adbd0b3c1 - - - [NXLOG@14506 bosh_deployment="cf-warden" bosh_job_name="api_z1" bosh_job_index="0" filename="/var/vcap/data/sys/log/cloud_controller_ng/cloud_controller_ng.log"] {"timestamp":1475179716.5317705,"message":"Statsd: cc.failed_job_count.cc-api_z1-0:2|g\ncc.failed_job_count.total:2|g\ncc.failed_job_count.total:2|g","log_level":"debug","source":"statsd.client","data":{},"thread_id":47062143684880,"fiber_id":47062184032460,"process_id":15535,"file":"/var/vcap/packages/cloud_controller_ng/cloud_controller_ng/vendor/bundle/ruby/2.3.0/gems/statsd-ruby-1.2.1/lib/statsd.rb","lineno":254,"method":"send_to_socket"}

2016-09-29T20:08:46.991386+00:00 bfc626ef-a2eb-4bad-8f71-fa1d6d0f927f - - - [NXLOG@14506 bosh_deployment="cf-warden" bosh_job_name="loggregator_trafficcontroller_z1" bosh_job_index="0" filename="/var/vcap/data/sys/log/route_registrar/route_registrar.stdout.log"] {"timestamp":"1475179726.738560677","source":"Route Registrar","message":"Route Registrar.no healthchecker found for route","log_level":1,"data":{"route":{"Name":"loggregator","Port":8080,"Tags":null,"URIs":["loggregator.bosh-lite.com"],"RouteServiceUrl":"","RegistrationInterval":20000000000,"HealthCheck":null}}}

2016-09-29T20:08:46.991574+00:00 bfc626ef-a2eb-4bad-8f71-fa1d6d0f927f - - - [NXLOG@14506 bosh_deployment="cf-warden" bosh_job_name="loggregator_trafficcontroller_z1" bosh_job_index="0" filename="/var/vcap/data/sys/log/route_registrar/route_registrar.stdout.log"] {"timestamp":"1475179726.738671303","source":"Route Registrar","message":"Route Registrar.Registering route","log_level":1,"data":{"route":{"Name":"loggregator","Port":8080,"Tags":null,"URIs":["loggregator.bosh-lite.com"],"RouteServiceUrl":"","RegistrationInterval":20000000000,"HealthCheck":null}}}

2016-09-29T20:08:46.991666+00:00 bfc626ef-a2eb-4bad-8f71-fa1d6d0f927f - - - [NXLOG@14506 bosh_deployment="cf-warden" bosh_job_name="loggregator_trafficcontroller_z1" bosh_job_index="0" filename="/var/vcap/data/sys/log/route_registrar/route_registrar.stdout.log"] {"timestamp":"1475179726.738730192","source":"Route Registrar","message":"Route Registrar.Registered routes successfully","log_level":1,"data":{}}

2016-09-29T20:08:56.999215+00:00 fc52b791-0068-48d0-b63d-a9600b8fa32e - - - [NXLOG@14506 bosh_deployment="cf-warden" bosh_job_name="runner_z1" bosh_job_index="0" filename="/var/vcap/data/sys/log/dea_next/dea_next.log"] {"timestamp":1475179731.8516932,"message":"hm9000.heartbeat.accepted","log_level":"debug","source":"Dea::Bootstrap","data":{},"thread_id":47241047596160,"fiber_id":47241049873700,"process_id":6941,"file":"/var/vcap/packages/dea_next/lib/dea/utils/hm9000.rb","lineno":49,"method":"handle_http_response"}

2016-09-29T20:08:57.139927+00:00 f0562343-642f-42d4-aca5-293abe675815 - - - [NXLOG@14506 bosh_deployment="cf-warden" bosh_job_name="blobstore_z1" bosh_job_index="0" filename="/var/vcap/data/sys/log/route_registrar/route_registrar.stdout.log"] {"timestamp":"1475179728.512910128","source":"Route Registrar","message":"Route Registrar.no healthchecker found for route","log_level":1,"data":{"route":{"Name":"blobstore","Port":80,"Tags":{"component":"blobstore"},"URIs":["blobstore.bosh-lite.com"],"RouteServiceUrl":"","RegistrationInterval":20000000000,"HealthCheck":null}}}

2016-09-29T20:08:57.140076+00:00 f0562343-642f-42d4-aca5-293abe675815 - - - [NXLOG@14506 bosh_deployment="cf-warden" bosh_job_name="blobstore_z1" bosh_job_index="0" filename="/var/vcap/data/sys/log/route_registrar/route_registrar.stdout.log"] {"timestamp":"1475179728.513028860","source":"Route Registrar","message":"Route Registrar.Registering route","log_level":1,"data":{"route":{"Name":"blobstore","Port":80,"Tags":{"component":"blobstore"},"URIs":["blobstore.bosh-lite.com"],"RouteServiceUrl":"","RegistrationInterval":20000000000,"HealthCheck":null}}}

2016-09-29T20:08:57.140123+00:00 f0562343-642f-42d4-aca5-293abe675815 - - - [NXLOG@14506 bosh_deployment="cf-warden" bosh_job_name="blobstore_z1" bosh_job_index="0" filename="/var/vcap/data/sys/log/route_registrar/route_registrar.stdout.log"] {"timestamp":"1475179728.513096094","source":"Route Registrar","message":"Route Registrar.Registered routes successfully","log_level":1,"data":{}}

2016-09-29T20:08:57.140370+00:00 b0fa19c0-86de-4447-a670-3f7adbd0b3c1 - - - [NXLOG@14506 bosh_deployment="cf-warden" bosh_job_name="api_z1" bosh_job_index="0" filename="/var/vcap/data/sys/log/cloud_controller_worker/cloud_controller_worker.log"] {"timestamp":1475179728.872785,"message":"(0.000462s) SELECT * FROM \"delayed_jobs\" WHERE ((((\"run_at\" <= '2016-09-29 20:08:48.871834+0000') AND (\"locked_at\" IS NULL)) OR (\"locked_by\" = 'cc_global_worker.api_z1.0.1')) AND (\"failed_at\" IS NULL) AND (\"queue\" IN ('cc-generic'))) ORDER BY \"priority\" ASC, \"run_at\" ASC LIMIT 5","log_level":"debug2","source":"cc.background","data":{},"thread_id":47193737007380,"fiber_id":47193773841900,"process_id":15807,"file":"/var/vcap/packages/cloud_controller_ng/cloud_controller_ng/vendor/bundle/ruby/2.3.0/gems/sequel-4.29.0/lib/sequel/database/logging.rb","lineno":70,"method":"block in log_each"}

2016-09-29T20:08:57.140490+00:00 b0fa19c0-86de-4447-a670-3f7adbd0b3c1 - - - [NXLOG@14506 bosh_deployment="cf-warden" bosh_job_name="api_z1" bosh_job_index="0" filename="/var/vcap/data/sys/log/cloud_controller_worker/cloud_controller_worker.log"] {"timestamp":1475179733.8945067,"message":"(0.000489s) SELECT * FROM \"delayed_jobs\" WHERE ((((\"run_at\" <= '2016-09-29 20:08:53.891098+0000') AND (\"locked_at\" IS NULL)) OR (\"locked_by\" = 'cc_global_worker.api_z1.0.1')) AND (\"failed_at\" IS NULL) AND (\"queue\" IN ('cc-generic'))) ORDER BY \"priority\" ASC, \"run_at\" ASC LIMIT 5","log_level":"debug2","source":"cc.background","data":{},"thread_id":47193737007380,"fiber_id":47193773841900,"process_id":15807,"file":"/var/vcap/packages/cloud_controller_ng/cloud_controller_ng/vendor/bundle/ruby/2.3.0/gems/sequel-4.29.0/lib/sequel/database/logging.rb","lineno":70,"method":"block in log_each"}

2016-09-29T20:08:57.140555+00:00 b0fa19c0-86de-4447-a670-3f7adbd0b3c1 - - - [NXLOG@14506 bosh_deployment="cf-warden" bosh_job_name="api_z1" bosh_job_index="0" filename="/var/vcap/data/sys/log/nginx_cc/nginx.access.log"] 10.244.0.138 - [29/Sep/2016:20:08:47 +0000] "GET /v2/info HTTP/1.1" 200 802 "-" "monit/5.2.5" 10.244.0.138 vcap_request_id:98171a73-3c04-4c73-a93d-cf41280fa9a6 response_time:0.004

2016-09-29T20:08:57.140612+00:00 b0fa19c0-86de-4447-a670-3f7adbd0b3c1 - - - [NXLOG@14506 bosh_deployment="cf-warden" bosh_job_name="api_z1" bosh_job_index="0" filename="/var/vcap/data/sys/log/cloud_controller_ng/cloud_controller_ng.log"] {"timestamp":1475179727.5314693,"message":"Statsd: cc.requests.outstanding:1|c","log_level":"debug","source":"statsd.client","data":{},"thread_id":47062185508760,"fiber_id":47062149606040,"process_id":15535,"file":"/var/vcap/packages/cloud_controller_ng/cloud_controller_ng/vendor/bundle/ruby/2.3.0/gems/statsd-ruby-1.2.1/lib/statsd.rb","lineno":254,"method":"send_to_socket"}

2016-09-29T20:08:57.140663+00:00 b0fa19c0-86de-4447-a670-3f7adbd0b3c1 - - - [NXLOG@14506 bosh_deployment="cf-warden" bosh_job_name="api_z1" bosh_job_index="0" filename="/var/vcap/data/sys/log/cloud_controller_ng/cloud_controller_ng.log"] {"timestamp":1475179727.53203,"message":"Started GET \"/v2/info\" for user: , ip: 127.0.0.1 with vcap-request-id: 98171a73-3c04-4c73-a93d-cf41280fa9a6 at 2016-09-29 20:08:47 UTC","log_level":"info","source":"cc.api","data":{},"thread_id":47062185508760,"fiber_id":47062149606040,"process_id":15535,"file":"/var/vcap/packages/cloud_controller_ng/cloud_controller_ng/middleware/request_logs.rb","lineno":12,"method":"call"}

2016-09-29T20:08:57.140718+00:00 b0fa19c0-86de-4447-a670-3f7adbd0b3c1 - - - [NXLOG@14506 bosh_deployment="cf-warden" bosh_job_name="api_z1" bosh_job_index="0" filename="/var/vcap/data/sys/log/cloud_controller_ng/cloud_controller_ng.log"] {"timestamp":1475179727.5327568,"message":"dispatch VCAP::CloudController::InfoController get /v2/info","log_level":"debug","source":"cc.api","data":{"request_guid":"98171a73-3c04-4c73-a93d-cf41280fa9a6"},"thread_id":47062185508760,"fiber_id":47062149606040,"process_id":15535,"file":"/var/vcap/data/packages/cloud_controller_ng/f87cb49aa2cd87792cb9c2211a79e1542502be4d.1-b1a5f3c830cb6c32ae9e685628b24aa967f5ae54/cloud_controller_ng/lib/cloud_controller/rest_controller/routes.rb","lineno":12,"method":"block in define_route"}

2016-09-29T20:08:57.140771+00:00 b0fa19c0-86de-4447-a670-3f7adbd0b3c1 - - - [NXLOG@14506 bosh_deployment="cf-warden" bosh_job_name="api_z1" bosh_job_index="0" filename="/var/vcap/data/sys/log/cloud_controller_ng/cloud_controller_ng.log"] {"timestamp":1475179727.5329387,"message":"parse_params: {} ","log_level":"debug","source":"cc.api","data":{"request_guid":"98171a73-3c04-4c73-a93d-cf41280fa9a6"},"thread_id":47062185508760,"fiber_id":47062149606040,"process_id":15535,"file":"/var/vcap/data/packages/cloud_controller_ng/f87cb49aa2cd87792cb9c2211a79e1542502be4d.1-b1a5f3c830cb6c32ae9e685628b24aa967f5ae54/cloud_controller_ng/lib/cloud_controller/rest_controller/common_params.rb","lineno":10,"method":"parse"}

2016-09-29T20:08:57.140826+00:00 b0fa19c0-86de-4447-a670-3f7adbd0b3c1 - - - [NXLOG@14506 bosh_deployment="cf-warden" bosh_job_name="api_z1" bosh_job_index="0" filename="/var/vcap/data/sys/log/cloud_controller_ng/cloud_controller_ng.log"] {"timestamp":1475179727.53316,"message":"cc.dispatch","log_level":"debug","source":"cc.api","data":{"request_guid":"98171a73-3c04-4c73-a93d-cf41280fa9a6","endpoint":"read","args":[]},"thread_id":47062185508760,"fiber_id":47062149606040,"process_id":15535,"file":"/var/vcap/data/packages/cloud_controller_ng/f87cb49aa2cd87792cb9c2211a79e1542502be4d.1-b1a5f3c830cb6c32ae9e685628b24aa967f5ae54/cloud_controller_ng/app/controllers/base/base_controller.rb","lineno":78,"method":"dispatch"}

2016-09-29T20:08:57.140879+00:00 b0fa19c0-86de-4447-a670-3f7adbd0b3c1 - - - [NXLOG@14506 bosh_deployment="cf-warden" bosh_job_name="api_z1" bosh_job_index="0" filename="/var/vcap/data/sys/log/cloud_controller_ng/cloud_controller_ng.log"] {"timestamp":1475179727.5337753,"message":"Completed 200 vcap-request-id: 98171a73-3c04-4c73-a93d-cf41280fa9a6","log_level":"info","source":"cc.api","data":{},"thread_id":47062185508760,"fiber_id":47062149606040,"process_id":15535,"file":"/var/vcap/packages/cloud_controller_ng/cloud_controller_ng/middleware/request_logs.rb","lineno":24,"method":"call"}

2016-09-29T20:08:57.140946+00:00 b0fa19c0-86de-4447-a670-3f7adbd0b3c1 - - - [NXLOG@14506 bosh_deployment="cf-warden" bosh_job_name="api_z1" bosh_job_index="0" filename="/var/vcap/data/sys/log/cloud_controller_ng/cloud_controller_ng.log"] {"timestamp":1475179727.5339453,"message":"Statsd: cc.requests.outstanding:-1|c\ncc.requests.completed:1|c\ncc.http_status.2XX:1|c","log_level":"debug","source":"statsd.client","data":{},"thread_id":47062185508760,"fiber_id":47062149606040,"process_id":15535,"file":"/var/vcap/packages/cloud_controller_ng/cloud_controller_ng/vendor/bundle/ruby/2.3.0/gems/statsd-ruby-1.2.1/lib/statsd.rb","lineno":254,"method":"send_to_socket"}

2016-09-29T20:08:57.141099+00:00 b0fa19c0-86de-4447-a670-3f7adbd0b3c1 - - - [NXLOG@14506 bosh_deployment="cf-warden" bosh_job_name="api_z1" bosh_job_index="0" filename="/var/vcap/data/sys/log/cloud_controller_ng/cloud_controller_ng.log"] {"timestamp":1475179728.8708076,"message":"(0.000518s) SELECT * FROM \"delayed_jobs\" WHERE ((((\"run_at\" <= '2016-09-29 20:08:48.869756+0000') AND (\"locked_at\" IS NULL)) OR (\"locked_by\" = 'cc_api_worker.api_z1.0.2')) AND (\"failed_at\" IS NULL) AND (\"queue\" IN ('cc-api_z1-0'))) ORDER BY \"priority\" ASC, \"run_at\" ASC LIMIT 5","log_level":"debug2","source":"cc.background","data":{},"thread_id":47118928261380,"fiber_id":47118965175380,"process_id":15629,"file":"/var/vcap/packages/cloud_controller_ng/cloud_controller_ng/vendor/bundle/ruby/2.3.0/gems/sequel-4.29.0/lib/sequel/database/logging.rb","lineno":70,"method":"block in log_each"}

2016-09-29T20:08:57.141176+00:00 b0fa19c0-86de-4447-a670-3f7adbd0b3c1 - - - [NXLOG@14506 bosh_deployment="cf-warden" bosh_job_name="api_z1" bosh_job_index="0" filename="/var/vcap/data/sys/log/cloud_controller_ng/cloud_controller_ng.log"] {"timestamp":1475179729.9994905,"message":"(0.000538s) SELECT * FROM \"delayed_jobs\" WHERE ((((\"run_at\" <= '2016-09-29 20:08:49.998416+0000') AND (\"locked_at\" IS NULL)) OR (\"locked_by\" = 'cc_api_worker.api_z1.0.1')) AND (\"failed_at\" IS NULL) AND (\"queue\" IN ('cc-api_z1-0'))) ORDER BY \"priority\" ASC, \"run_at\" ASC LIMIT 5","log_level":"debug2","source":"cc.background","data":{},"thread_id":47452862460180,"fiber_id":47452899698480,"process_id":15587,"file":"/var/vcap/packages/cloud_controller_ng/cloud_controller_ng/vendor/bundle/ruby/2.3.0/gems/sequel-4.29.0/lib/sequel/database/logging.rb","lineno":70,"method":"block in log_each"}

2016-09-29T20:08:57.141231+00:00 b0fa19c0-86de-4447-a670-3f7adbd0b3c1 - - - [NXLOG@14506 bosh_deployment="cf-warden" bosh_job_name="api_z1" bosh_job_index="0" filename="/var/vcap/data/sys/log/cloud_controller_ng/cloud_controller_ng.log"] {"timestamp":1475179733.8900871,"message":"(0.000516s) SELECT * FROM \"delayed_jobs\" WHERE ((((\"run_at\" <= '2016-09-29 20:08:53.889038+0000') AND (\"locked_at\" IS NULL)) OR (\"locked_by\" = 'cc_api_worker.api_z1.0.2')) AND (\"failed_at\" IS NULL) AND (\"queue\" IN ('cc-api_z1-0'))) ORDER BY \"priority\" ASC, \"run_at\" ASC LIMIT 5","log_level":"debug2","source":"cc.background","data":{},"thread_id":47118928261380,"fiber_id":47118965175380,"process_id":15629,"file":"/var/vcap/packages/cloud_controller_ng/cloud_controller_ng/vendor/bundle/ruby/2.3.0/gems/sequel-4.29.0/lib/sequel/database/logging.rb","lineno":70,"method":"block in log_each"}

2016-09-29T20:08:57.141283+00:00 b0fa19c0-86de-4447-a670-3f7adbd0b3c1 - - - [NXLOG@14506 bosh_deployment="cf-warden" bosh_job_name="api_z1" bosh_job_index="0" filename="/var/vcap/data/sys/log/cloud_controller_ng/cloud_controller_ng.log"] {"timestamp":1475179735.0261052,"message":"(0.000596s) SELECT * FROM \"delayed_jobs\" WHERE ((((\"run_at\" <= '2016-09-29 20:08:55.024992+0000') AND (\"locked_at\" IS NULL)) OR (\"locked_by\" = 'cc_api_worker.api_z1.0.1')) AND (\"failed_at\" IS NULL) AND (\"queue\" IN ('cc-api_z1-0'))) ORDER BY \"priority\" ASC, \"run_at\" ASC LIMIT 5","log_level":"debug2","source":"cc.background","data":{},"thread_id":47452862460180,"fiber_id":47452899698480,"process_id":15587,"file":"/var/vcap/packages/cloud_controller_ng/cloud_controller_ng/vendor/bundle/ruby/2.3.0/gems/sequel-4.29.0/lib/sequel/database/logging.rb","lineno":70,"method":"block in log_each"}

2016-09-29T20:08:57.142485+00:00 152ab062-1f32-4789-910a-13bdc79651b2 - - - [NXLOG@14506 bosh_deployment="cf-warden" bosh_job_name="hm9000_z1" bosh_job_index="0" filename="/var/vcap/data/sys/log/hm9000/hm9000_listener.log"] {"timestamp":"1475179731.851021528","source":"listener","message":"listener.Received a heartbeat","log_level":1,"data":{"Heartbeats Pending Save":"1"}}

2016-09-29T20:08:57.142485+00:00 152ab062-1f32-4789-910a-13bdc79651b2 - - - [NXLOG@14506 bosh_deployment="cf-warden" bosh_job_name="hm9000_z1" bosh_job_index="0" filename="/var/vcap/data/sys/log/hm9000/hm9000_listener.log"] {"timestamp":"1475179732.817811012","source":"listener","message":"listener.Saving Heartbeats","log_level":1,"data":{"Heartbeats to Save":"1"}}

2016-09-29T20:08:57.142739+00:00 152ab062-1f32-4789-910a-13bdc79651b2 - - - [NXLOG@14506 bosh_deployment="cf-warden" bosh_job_name="hm9000_z1" bosh_job_index="0" filename="/var/vcap/data/sys/log/hm9000/hm9000_listener.log"] {"timestamp":"1475179732.825210333","source":"listener","message":"listener.Bumped freshness","log_level":1,"data":{}}

2016-09-29T20:08:57.142789+00:00 152ab062-1f32-4789-910a-13bdc79651b2 - - - [NXLOG@14506 bosh_deployment="cf-warden" bosh_job_name="hm9000_z1" bosh_job_index="0" filename="/var/vcap/data/sys/log/hm9000/hm9000_listener.log"] {"timestamp":"1475179732.825491190","source":"listener","message":"listener.Saved Heartbeats","log_level":1,"data":{"Duration":"7.390817ms","Heartbeats to Save":"1"}}

2016-09-29T20:08:57.143433+00:00 05bf1627-ae2f-400c-b1ce-31973a9ff23f - - - [NXLOG@14506 bosh_deployment="cf-warden" bosh_job_name="uaa_z1" bosh_job_index="0" filename="/var/vcap/data/sys/log/uaa/localhost_access.log"] 127.0.0.1 - - [29/Sep/2016:20:08:38 +0000] "GET /healthz HTTP/1.1" 200 3

2016-09-29T20:08:57.143514+00:00 05bf1627-ae2f-400c-b1ce-31973a9ff23f - - - [NXLOG@14506 bosh_deployment="cf-warden" bosh_job_name="uaa_z1" bosh_job_index="0" filename="/var/vcap/data/sys/log/uaa/localhost_access.log"] 127.0.0.1 - - [29/Sep/2016:20:08:40 +0000] "GET /healthz HTTP/1.1" 200 3

2016-09-29T20:08:57.143581+00:00 05bf1627-ae2f-400c-b1ce-31973a9ff23f - - - [NXLOG@14506 bosh_deployment="cf-warden" bosh_job_name="uaa_z1" bosh_job_index="0" filename="/var/vcap/data/sys/log/uaa/localhost_access.log"] 127.0.0.1 - - [29/Sep/2016:20:08:42 +0000] "GET /healthz HTTP/1.1" 200 3

2016-09-29T20:08:57.143634+00:00 05bf1627-ae2f-400c-b1ce-31973a9ff23f - - - [NXLOG@14506 bosh_deployment="cf-warden" bosh_job_name="uaa_z1" bosh_job_index="0" filename="/var/vcap/data/sys/log/uaa/localhost_access.log"] 127.0.0.1 - - [29/Sep/2016:20:08:46 +0000] "GET /healthz HTTP/1.1" 200 3

2016-09-29T20:08:57.143680+00:00 05bf1627-ae2f-400c-b1ce-31973a9ff23f - - - [NXLOG@14506 bosh_deployment="cf-warden" bosh_job_name="uaa_z1" bosh_job_index="0" filename="/var/vcap/data/sys/log/route_registrar/route_registrar.stdout.log"] {"timestamp":"1475179730.808210611","source":"Route Registrar","message":"Route Registrar.Executing script","log_level":1,"data":{"scriptPath":"/var/vcap/jobs/uaa/bin/health_check"}}

2016-09-29T20:08:57.143872+00:00 05bf1627-ae2f-400c-b1ce-31973a9ff23f - - - [NXLOG@14506 bosh_deployment="cf-warden" bosh_job_name="uaa_z1" bosh_job_index="0" filename="/var/vcap/data/sys/log/route_registrar/route_registrar.stdout.log"] {"timestamp":"1475179730.821811438","source":"Route Registrar","message":"Route Registrar.Script exited without error","log_level":1,"data":{"script":"/var/vcap/jobs/uaa/bin/health_check","stderr":"  % Total    % Received % Xferd  Average Speed   Time    Time     Time  Current\n                                 Dload  Upload   Total   Spent    Left  Speed\n\r  0     0    0     0    0     0      0      0 --:--:-- --:--:-- --:--:--     0\r100     3  100     3    0     0   1206      0 --:--:-- --:--:-- --:--:--  1500\n","stdout":""}}

2016-09-29T20:08:57.144168+00:00 05bf1627-ae2f-400c-b1ce-31973a9ff23f - - - [NXLOG@14506 bosh_deployment="cf-warden" bosh_job_name="uaa_z1" bosh_job_index="0" filename="/var/vcap/data/sys/log/route_registrar/route_registrar.stdout.log"] {"timestamp":"1475179730.821876526","source":"Route Registrar","message":"Route Registrar.healthchecker returned healthy for route","log_level":1,"data":{"route":{"Name":"uaa","Port":8080,"Tags":{"component":"uaa"},"URIs":["uaa.bosh-lite.com","*.uaa.bosh-lite.com","login.bosh-lite.com","*.login.bosh-lite.com"],"RouteServiceUrl":"","RegistrationInterval":4000000000,"HealthCheck":{"Name":"uaa-healthcheck","ScriptPath":"/var/vcap/jobs/uaa/bin/health_check","Timeout":2000000000}}}}

2016-09-29T20:08:57.144521+00:00 05bf1627-ae2f-400c-b1ce-31973a9ff23f - - - [NXLOG@14506 bosh_deployment="cf-warden" bosh_job_name="uaa_z1" bosh_job_index="0" filename="/var/vcap/data/sys/log/route_registrar/route_registrar.stdout.log"] {"timestamp":"1475179730.821898460","source":"Route Registrar","message":"Route Registrar.Registering route","log_level":1,"data":{"route":{"Name":"uaa","Port":8080,"Tags":{"component":"uaa"},"URIs":["uaa.bosh-lite.com","*.uaa.bosh-lite.com","login.bosh-lite.com","*.login.bosh-lite.com"],"RouteServiceUrl":"","RegistrationInterval":4000000000,"HealthCheck":{"Name":"uaa-healthcheck","ScriptPath":"/var/vcap/jobs/uaa/bin/health_check","Timeout":2000000000}}}}

2016-09-29T20:08:57.144572+00:00 05bf1627-ae2f-400c-b1ce-31973a9ff23f - - - [NXLOG@14506 bosh_deployment="cf-warden" bosh_job_name="uaa_z1" bosh_job_index="0" filename="/var/vcap/data/sys/log/route_registrar/route_registrar.stdout.log"] {"timestamp":"1475179730.821969271","source":"Route Registrar","message":"Route Registrar.Registered routes successfully","log_level":1,"data":{}}

2016-09-29T20:08:57.144618+00:00 05bf1627-ae2f-400c-b1ce-31973a9ff23f - - - [NXLOG@14506 bosh_deployment="cf-warden" bosh_job_name="uaa_z1" bosh_job_index="0" filename="/var/vcap/data/sys/log/route_registrar/route_registrar.stdout.log"] {"timestamp":"1475179734.808149576","source":"Route Registrar","message":"Route Registrar.Executing script","log_level":1,"data":{"scriptPath":"/var/vcap/jobs/uaa/bin/health_check"}}

2016-09-29T20:08:57.144803+00:00 05bf1627-ae2f-400c-b1ce-31973a9ff23f - - - [NXLOG@14506 bosh_deployment="cf-warden" bosh_job_name="uaa_z1" bosh_job_index="0" filename="/var/vcap/data/sys/log/route_registrar/route_registrar.stdout.log"] {"timestamp":"1475179734.819722652","source":"Route Registrar","message":"Route Registrar.Script exited without error","log_level":1,"data":{"script":"/var/vcap/jobs/uaa/bin/health_check","stderr":"  % Total    % Received % Xferd  Average Speed   Time    Time     Time  Current\n                                 Dload  Upload   Total   Spent    Left  Speed\n\r  0     0    0     0    0     0      0      0 --:--:-- --:--:-- --:--:--     0\r100     3  100     3    0     0   2666      0 --:--:-- --:--:-- --:--:--  3000\n","stdout":""}}

2016-09-29T20:08:57.145017+00:00 05bf1627-ae2f-400c-b1ce-31973a9ff23f - - - [NXLOG@14506 bosh_deployment="cf-warden" bosh_job_name="uaa_z1" bosh_job_index="0" filename="/var/vcap/data/sys/log/route_registrar/route_registrar.stdout.log"] {"timestamp":"1475179734.819734573","source":"Route Registrar","message":"Route Registrar.healthchecker returned healthy for route","log_level":1,"data":{"route":{"Name":"uaa","Port":8080,"Tags":{"component":"uaa"},"URIs":["uaa.bosh-lite.com","*.uaa.bosh-lite.com","login.bosh-lite.com","*.login.bosh-lite.com"],"RouteServiceUrl":"","RegistrationInterval":4000000000,"HealthCheck":{"Name":"uaa-healthcheck","ScriptPath":"/var/vcap/jobs/uaa/bin/health_check","Timeout":2000000000}}}}

2016-09-29T20:08:57.145073+00:00 05bf1627-ae2f-400c-b1ce-31973a9ff23f - - - [NXLOG@14506 bosh_deployment="cf-warden" bosh_job_name="uaa_z1" bosh_job_index="0" filename="/var/vcap/data/sys/log/route_registrar/route_registrar.stdout.log"] {"timestamp":"1475179734.819773436","source":"Route Registrar","message":"Route Registrar.Registering route","log_level":1,"data":{"route":{"Name":"uaa","Port":8080,"Tags":{"component":"uaa"},"URIs":["uaa.bosh-lite.com","*.uaa.bosh-lite.com","login.bosh-lite.com","*.login.bosh-lite.com"],"RouteServiceUrl":"","RegistrationInterval":4000000000,"HealthCheck":{"Name":"uaa-healthcheck","ScriptPath":"/var/vcap/jobs/uaa/bin/health_check","Timeout":2000000000}}}}

2016-09-29T20:08:57.145116+00:00 05bf1627-ae2f-400c-b1ce-31973a9ff23f - - - [NXLOG@14506 bosh_deployment="cf-warden" bosh_job_name="uaa_z1" bosh_job_index="0" filename="/var/vcap/data/sys/log/route_registrar/route_registrar.stdout.log"] {"timestamp":"1475179734.819831371","source":"Route Registrar","message":"Route Registrar.Registered routes successfully","log_level":1,"data":{}}

2016-09-29T20:08:57.145156+00:00 05bf1627-ae2f-400c-b1ce-31973a9ff23f - - - [NXLOG@14506 bosh_deployment="cf-warden" bosh_job_name="uaa_z1" bosh_job_index="0" filename="/var/vcap/data/sys/log/uaa/uaa.log"] [2016-09-29 20:08:50.819] uaa - 19013 [http-nio-127.0.0.1-8989-exec-10] .... DEBUG --- AntPathRequestMatcher: Checking match of request : '/healthz'; against '/resources/**'

2016-09-29T20:08:57.145194+00:00 05bf1627-ae2f-400c-b1ce-31973a9ff23f - - - [NXLOG@14506 bosh_deployment="cf-warden" bosh_job_name="uaa_z1" bosh_job_index="0" filename="/var/vcap/data/sys/log/uaa/uaa.log"] [2016-09-29 20:08:50.819] uaa - 19013 [http-nio-127.0.0.1-8989-exec-10] .... DEBUG --- AntPathRequestMatcher: Checking match of request : '/healthz'; against '/square-logo.png'

2016-09-29T20:08:57.145233+00:00 05bf1627-ae2f-400c-b1ce-31973a9ff23f - - - [NXLOG@14506 bosh_deployment="cf-warden" bosh_job_name="uaa_z1" bosh_job_index="0" filename="/var/vcap/data/sys/log/uaa/uaa.log"] [2016-09-29 20:08:50.819] uaa - 19013 [http-nio-127.0.0.1-8989-exec-10] .... DEBUG --- AntPathRequestMatcher: Checking match of request : '/healthz'; against '/info'

2016-09-29T20:08:57.145263+00:00 05bf1627-ae2f-400c-b1ce-31973a9ff23f - - - [NXLOG@14506 bosh_deployment="cf-warden" bosh_job_name="uaa_z1" bosh_job_index="0" filename="/var/vcap/data/sys/log/uaa/uaa.log"] [2016-09-29 20:08:50.819] uaa - 19013 [http-nio-127.0.0.1-8989-exec-10] .... DEBUG --- AntPathRequestMatcher: Checking match of request : '/healthz'; against '/password/**'

2016-09-29T20:08:57.145282+00:00 05bf1627-ae2f-400c-b1ce-31973a9ff23f - - - [NXLOG@14506 bosh_deployment="cf-warden" bosh_job_name="uaa_z1" bosh_job_index="0" filename="/var/vcap/data/sys/log/uaa/uaa.log"] [2016-09-29 20:08:50.819] uaa - 19013 [http-nio-127.0.0.1-8989-exec-10] .... DEBUG --- AntPathRequestMatcher: Checking match of request : '/healthz'; against '/healthz/**'

2016-09-29T20:08:57.145299+00:00 05bf1627-ae2f-400c-b1ce-31973a9ff23f - - - [NXLOG@14506 bosh_deployment="cf-warden" bosh_job_name="uaa_z1" bosh_job_index="0" filename="/var/vcap/data/sys/log/uaa/uaa.log"] [2016-09-29 20:08:50.819] uaa - 19013 [http-nio-127.0.0.1-8989-exec-10] .... DEBUG --- FilterChainProxy: /healthz has an empty filter list

2016-09-29T20:08:57.145315+00:00 05bf1627-ae2f-400c-b1ce-31973a9ff23f - - - [NXLOG@14506 bosh_deployment="cf-warden" bosh_job_name="uaa_z1" bosh_job_index="0" filename="/var/vcap/data/sys/log/uaa/uaa.log"] [2016-09-29 20:08:50.820] uaa - 19013 [http-nio-127.0.0.1-8989-exec-10] .... DEBUG --- DispatcherServlet: DispatcherServlet with name 'spring' processing GET request for [/healthz]

2016-09-29T20:08:57.145345+00:00 05bf1627-ae2f-400c-b1ce-31973a9ff23f - - - [NXLOG@14506 bosh_deployment="cf-warden" bosh_job_name="uaa_z1" bosh_job_index="0" filename="/var/vcap/data/sys/log/uaa/uaa.log"] [2016-09-29 20:08:50.820] uaa - 19013 [http-nio-127.0.0.1-8989-exec-10] .... DEBUG --- DispatcherServlet: Last-Modified value for [/healthz] is: -1

2016-09-29T20:08:57.145363+00:00 05bf1627-ae2f-400c-b1ce-31973a9ff23f - - - [NXLOG@14506 bosh_deployment="cf-warden" bosh_job_name="uaa_z1" bosh_job_index="0" filename="/var/vcap/data/sys/log/uaa/uaa.log"] [2016-09-29 20:08:50.820] uaa - 19013 [http-nio-127.0.0.1-8989-exec-10] .... DEBUG --- RequestResponseBodyMethodProcessor: Written [ok

2016-09-29T20:08:57.145380+00:00 05bf1627-ae2f-400c-b1ce-31973a9ff23f - - - [NXLOG@14506 bosh_deployment="cf-warden" bosh_job_name="uaa_z1" bosh_job_index="0" filename="/var/vcap/data/sys/log/uaa/uaa.log"] ] as "text/plain;charset=ISO-8859-1" using [org.springframework.http.converter.StringHttpMessageConverter@178b2baf]

2016-09-29T20:08:57.145397+00:00 05bf1627-ae2f-400c-b1ce-31973a9ff23f - - - [NXLOG@14506 bosh_deployment="cf-warden" bosh_job_name="uaa_z1" bosh_job_index="0" filename="/var/vcap/data/sys/log/uaa/uaa.log"] [2016-09-29 20:08:50.820] uaa - 19013 [http-nio-127.0.0.1-8989-exec-10] .... DEBUG --- DispatcherServlet: Null ModelAndView returned to DispatcherServlet with name 'spring': assuming HandlerAdapter completed request handling

2016-09-29T20:08:57.145428+00:00 05bf1627-ae2f-400c-b1ce-31973a9ff23f - - - [NXLOG@14506 bosh_deployment="cf-warden" bosh_job_name="uaa_z1" bosh_job_index="0" filename="/var/vcap/data/sys/log/uaa/uaa.log"] [2016-09-29 20:08:50.820] uaa - 19013 [http-nio-127.0.0.1-8989-exec-10] .... DEBUG --- DispatcherServlet: Successfully completed request

2016-09-29T20:08:57.145446+00:00 05bf1627-ae2f-400c-b1ce-31973a9ff23f - - - [NXLOG@14506 bosh_deployment="cf-warden" bosh_job_name="uaa_z1" bosh_job_index="0" filename="/var/vcap/data/sys/log/uaa/uaa.log"] [2016-09-29 20:08:50.866] uaa - 19013 [http-nio-127.0.0.1-8989-exec-9] .... DEBUG --- AntPathRequestMatcher: Checking match of request : '/healthz'; against '/resources/**'

2016-09-29T20:08:57.145462+00:00 05bf1627-ae2f-400c-b1ce-31973a9ff23f - - - [NXLOG@14506 bosh_deployment="cf-warden" bosh_job_name="uaa_z1" bosh_job_index="0" filename="/var/vcap/data/sys/log/uaa/uaa.log"] [2016-09-29 20:08:50.866] uaa - 19013 [http-nio-127.0.0.1-8989-exec-9] .... DEBUG --- AntPathRequestMatcher: Checking match of request : '/healthz'; against '/square-logo.png'

2016-09-29T20:08:57.145479+00:00 05bf1627-ae2f-400c-b1ce-31973a9ff23f - - - [NXLOG@14506 bosh_deployment="cf-warden" bosh_job_name="uaa_z1" bosh_job_index="0" filename="/var/vcap/data/sys/log/uaa/uaa.log"] [2016-09-29 20:08:50.866] uaa - 19013 [http-nio-127.0.0.1-8989-exec-9] .... DEBUG --- AntPathRequestMatcher: Checking match of request : '/healthz'; against '/info'

2016-09-29T20:08:57.145536+00:00 05bf1627-ae2f-400c-b1ce-31973a9ff23f - - - [NXLOG@14506 bosh_deployment="cf-warden" bosh_job_name="uaa_z1" bosh_job_index="0" filename="/var/vcap/data/sys/log/uaa/uaa.log"] [2016-09-29 20:08:50.866] uaa - 19013 [http-nio-127.0.0.1-8989-exec-9] .... DEBUG --- AntPathRequestMatcher: Checking match of request : '/healthz'; against '/password/**'

2016-09-29T20:08:57.145556+00:00 05bf1627-ae2f-400c-b1ce-31973a9ff23f - - - [NXLOG@14506 bosh_deployment="cf-warden" bosh_job_name="uaa_z1" bosh_job_index="0" filename="/var/vcap/data/sys/log/uaa/uaa.log"] [2016-09-29 20:08:50.866] uaa - 19013 [http-nio-127.0.0.1-8989-exec-9] .... DEBUG --- AntPathRequestMatcher: Checking match of request : '/healthz'; against '/healthz/**'

2016-09-29T20:08:57.145574+00:00 05bf1627-ae2f-400c-b1ce-31973a9ff23f - - - [NXLOG@14506 bosh_deployment="cf-warden" bosh_job_name="uaa_z1" bosh_job_index="0" filename="/var/vcap/data/sys/log/uaa/uaa.log"] [2016-09-29 20:08:50.866] uaa - 19013 [http-nio-127.0.0.1-8989-exec-9] .... DEBUG --- FilterChainProxy: /healthz has an empty filter list

2016-09-29T20:08:57.145591+00:00 05bf1627-ae2f-400c-b1ce-31973a9ff23f - - - [NXLOG@14506 bosh_deployment="cf-warden" bosh_job_name="uaa_z1" bosh_job_index="0" filename="/var/vcap/data/sys/log/uaa/uaa.log"] [2016-09-29 20:08:50.866] uaa - 19013 [http-nio-127.0.0.1-8989-exec-9] .... DEBUG --- DispatcherServlet: DispatcherServlet with name 'spring' processing GET request for [/healthz]

2016-09-29T20:08:57.145622+00:00 05bf1627-ae2f-400c-b1ce-31973a9ff23f - - - [NXLOG@14506 bosh_deployment="cf-warden" bosh_job_name="uaa_z1" bosh_job_index="0" filename="/var/vcap/data/sys/log/uaa/uaa.log"] [2016-09-29 20:08:50.866] uaa - 19013 [http-nio-127.0.0.1-8989-exec-9] .... DEBUG --- DispatcherServlet: Last-Modified value for [/healthz] is: -1

2016-09-29T20:08:57.145640+00:00 05bf1627-ae2f-400c-b1ce-31973a9ff23f - - - [NXLOG@14506 bosh_deployment="cf-warden" bosh_job_name="uaa_z1" bosh_job_index="0" filename="/var/vcap/data/sys/log/uaa/uaa.log"] [2016-09-29 20:08:50.866] uaa - 19013 [http-nio-127.0.0.1-8989-exec-9] .... DEBUG --- RequestResponseBodyMethodProcessor: Written [ok

2016-09-29T20:08:57.145784+00:00 05bf1627-ae2f-400c-b1ce-31973a9ff23f - - - [NXLOG@14506 bosh_deployment="cf-warden" bosh_job_name="uaa_z1" bosh_job_index="0" filename="/var/vcap/data/sys/log/uaa/uaa.log"] ] as "text/plain;charset=ISO-8859-1" using [org.springframework.http.converter.StringHttpMessageConverter@178b2baf]

2016-09-29T20:08:57.145904+00:00 05bf1627-ae2f-400c-b1ce-31973a9ff23f - - - [NXLOG@14506 bosh_deployment="cf-warden" bosh_job_name="uaa_z1" bosh_job_index="0" filename="/var/vcap/data/sys/log/uaa/uaa.log"] [2016-09-29 20:08:50.866] uaa - 19013 [http-nio-127.0.0.1-8989-exec-9] .... DEBUG --- DispatcherServlet: Null ModelAndView returned to DispatcherServlet with name 'spring': assuming HandlerAdapter completed request handling

2016-09-29T20:08:57.146265+00:00 05bf1627-ae2f-400c-b1ce-31973a9ff23f - - - [NXLOG@14506 bosh_deployment="cf-warden" bosh_job_name="uaa_z1" bosh_job_index="0" filename="/var/vcap/data/sys/log/uaa/uaa.log"] [2016-09-29 20:08:50.866] uaa - 19013 [http-nio-127.0.0.1-8989-exec-9] .... DEBUG --- DispatcherServlet: Successfully completed request

2016-09-29T20:08:57.146438+00:00 05bf1627-ae2f-400c-b1ce-31973a9ff23f - - - [NXLOG@14506 bosh_deployment="cf-warden" bosh_job_name="uaa_z1" bosh_job_index="0" filename="/var/vcap/data/sys/log/uaa/uaa.log"] [2016-09-29 20:08:51.157] uaa - 19013 [pool-2-thread-1] .... DEBUG --- JdbcTemplate: Executing SQL query [select count(*) from oauth_client_details]

2016-09-29T20:08:57.146459+00:00 05bf1627-ae2f-400c-b1ce-31973a9ff23f - - - [NXLOG@14506 bosh_deployment="cf-warden" bosh_job_name="uaa_z1" bosh_job_index="0" filename="/var/vcap/data/sys/log/uaa/uaa.log"] [2016-09-29 20:08:51.159] uaa - 19013 [pool-2-thread-1] .... DEBUG --- JdbcTemplate: Executing SQL query [select count(*) from users]

2016-09-29T20:08:57.146477+00:00 05bf1627-ae2f-400c-b1ce-31973a9ff23f - - - [NXLOG@14506 bosh_deployment="cf-warden" bosh_job_name="uaa_z1" bosh_job_index="0" filename="/var/vcap/data/sys/log/uaa/uaa.log"] [2016-09-29 20:08:54.816] uaa - 19013 [http-nio-127.0.0.1-8989-exec-2] .... DEBUG --- AntPathRequestMatcher: Checking match of request : '/healthz'; against '/resources/**'

2016-09-29T20:08:57.146495+00:00 05bf1627-ae2f-400c-b1ce-31973a9ff23f - - - [NXLOG@14506 bosh_deployment="cf-warden" bosh_job_name="uaa_z1" bosh_job_index="0" filename="/var/vcap/data/sys/log/uaa/uaa.log"] [2016-09-29 20:08:54.816] uaa - 19013 [http-nio-127.0.0.1-8989-exec-2] .... DEBUG --- AntPathRequestMatcher: Checking match of request : '/healthz'; against '/square-logo.png'

2016-09-29T20:08:57.146526+00:00 05bf1627-ae2f-400c-b1ce-31973a9ff23f - - - [NXLOG@14506 bosh_deployment="cf-warden" bosh_job_name="uaa_z1" bosh_job_index="0" filename="/var/vcap/data/sys/log/uaa/uaa.log"] [2016-09-29 20:08:54.816] uaa - 19013 [http-nio-127.0.0.1-8989-exec-2] .... DEBUG --- AntPathRequestMatcher: Checking match of request : '/healthz'; against '/info'

2016-09-29T20:08:57.146545+00:00 05bf1627-ae2f-400c-b1ce-31973a9ff23f - - - [NXLOG@14506 bosh_deployment="cf-warden" bosh_job_name="uaa_z1" bosh_job_index="0" filename="/var/vcap/data/sys/log/uaa/uaa.log"] [2016-09-29 20:08:54.816] uaa - 19013 [http-nio-127.0.0.1-8989-exec-2] .... DEBUG --- AntPathRequestMatcher: Checking match of request : '/healthz'; against '/password/**'

2016-09-29T20:08:57.146562+00:00 05bf1627-ae2f-400c-b1ce-31973a9ff23f - - - [NXLOG@14506 bosh_deployment="cf-warden" bosh_job_name="uaa_z1" bosh_job_index="0" filename="/var/vcap/data/sys/log/uaa/uaa.log"] [2016-09-29 20:08:54.817] uaa - 19013 [http-nio-127.0.0.1-8989-exec-2] .... DEBUG --- AntPathRequestMatcher: Checking match of request : '/healthz'; against '/healthz/**'

2016-09-29T20:08:57.146580+00:00 05bf1627-ae2f-400c-b1ce-31973a9ff23f - - - [NXLOG@14506 bosh_deployment="cf-warden" bosh_job_name="uaa_z1" bosh_job_index="0" filename="/var/vcap/data/sys/log/uaa/uaa.log"] [2016-09-29 20:08:54.817] uaa - 19013 [http-nio-127.0.0.1-8989-exec-2] .... DEBUG --- FilterChainProxy: /healthz has an empty filter list

2016-09-29T20:08:57.146607+00:00 05bf1627-ae2f-400c-b1ce-31973a9ff23f - - - [NXLOG@14506 bosh_deployment="cf-warden" bosh_job_name="uaa_z1" bosh_job_index="0" filename="/var/vcap/data/sys/log/uaa/uaa.log"] [2016-09-29 20:08:54.817] uaa - 19013 [http-nio-127.0.0.1-8989-exec-2] .... DEBUG --- DispatcherServlet: DispatcherServlet with name 'spring' processing GET request for [/healthz]

2016-09-29T20:08:57.146625+00:00 05bf1627-ae2f-400c-b1ce-31973a9ff23f - - - [NXLOG@14506 bosh_deployment="cf-warden" bosh_job_name="uaa_z1" bosh_job_index="0" filename="/var/vcap/data/sys/log/uaa/uaa.log"] [2016-09-29 20:08:54.817] uaa - 19013 [http-nio-127.0.0.1-8989-exec-2] .... DEBUG --- DispatcherServlet: Last-Modified value for [/healthz] is: -1

2016-09-29T20:08:57.146643+00:00 05bf1627-ae2f-400c-b1ce-31973a9ff23f - - - [NXLOG@14506 bosh_deployment="cf-warden" bosh_job_name="uaa_z1" bosh_job_index="0" filename="/var/vcap/data/sys/log/uaa/uaa.log"] [2016-09-29 20:08:54.817] uaa - 19013 [http-nio-127.0.0.1-8989-exec-2] .... DEBUG --- RequestResponseBodyMethodProcessor: Written [ok

2016-09-29T20:08:57.146764+00:00 05bf1627-ae2f-400c-b1ce-31973a9ff23f - - - [NXLOG@14506 bosh_deployment="cf-warden" bosh_job_name="uaa_z1" bosh_job_index="0" filename="/var/vcap/data/sys/log/uaa/uaa.log"] ] as "text/plain;charset=ISO-8859-1" using [org.springframework.http.converter.StringHttpMessageConverter@178b2baf]

2016-09-29T20:08:57.146800+00:00 05bf1627-ae2f-400c-b1ce-31973a9ff23f - - - [NXLOG@14506 bosh_deployment="cf-warden" bosh_job_name="uaa_z1" bosh_job_index="0" filename="/var/vcap/data/sys/log/uaa/uaa.log"] [2016-09-29 20:08:54.817] uaa - 19013 [http-nio-127.0.0.1-8989-exec-2] .... DEBUG --- DispatcherServlet: Null ModelAndView returned to DispatcherServlet with name 'spring': assuming HandlerAdapter completed request handling

2016-09-29T20:08:57.147405+00:00 05bf1627-ae2f-400c-b1ce-31973a9ff23f - - - [NXLOG@14506 bosh_deployment="cf-warden" bosh_job_name="uaa_z1" bosh_job_index="0" filename="/var/vcap/data/sys/log/uaa/uaa.log"] [2016-09-29 20:08:54.817] uaa - 19013 [http-nio-127.0.0.1-8989-exec-2] .... DEBUG --- DispatcherServlet: Successfully completed request

2016-09-29T20:08:57.147437+00:00 05bf1627-ae2f-400c-b1ce-31973a9ff23f - - - [NXLOG@14506 bosh_deployment="cf-warden" bosh_job_name="uaa_z1" bosh_job_index="0" filename="/var/vcap/data/sys/log/uaa/uaa.log"] [2016-09-29 20:08:56.161] uaa - 19013 [pool-2-thread-1] .... DEBUG --- JdbcTemplate: Executing SQL query [select count(*) from oauth_client_details]

2016-09-29T20:08:57.147457+00:00 05bf1627-ae2f-400c-b1ce-31973a9ff23f - - - [NXLOG@14506 bosh_deployment="cf-warden" bosh_job_name="uaa_z1" bosh_job_index="0" filename="/var/vcap/data/sys/log/uaa/uaa.log"] [2016-09-29 20:08:56.163] uaa - 19013 [pool-2-thread-1] .... DEBUG --- JdbcTemplate: Executing SQL query [select count(*) from users]

2016-09-29T20:09:06.992406+00:00 bfc626ef-a2eb-4bad-8f71-fa1d6d0f927f - - - [NXLOG@14506 bosh_deployment="cf-warden" bosh_job_name="loggregator_trafficcontroller_z1" bosh_job_index="0" filename="/var/vcap/data/sys/log/route_registrar/route_registrar.stdout.log"] {"timestamp":"1475179746.733174086","source":"Route Registrar","message":"Route Registrar.no healthchecker found for route","log_level":1,"data":{"route":{"Name":"loggregator","Port":8080,"Tags":null,"URIs":["loggregator.bosh-lite.com"],"RouteServiceUrl":"","RegistrationInterval":20000000000,"HealthCheck":null}}}

2016-09-29T20:09:06.992579+00:00 bfc626ef-a2eb-4bad-8f71-fa1d6d0f927f - - - [NXLOG@14506 bosh_deployment="cf-warden" bosh_job_name="loggregator_trafficcontroller_z1" bosh_job_index="0" filename="/var/vcap/data/sys/log/route_registrar/route_registrar.stdout.log"] {"timestamp":"1475179746.733416557","source":"Route Registrar","message":"Route Registrar.Registering route","log_level":1,"data":{"route":{"Name":"loggregator","Port":8080,"Tags":null,"URIs":["loggregator.bosh-lite.com"],"RouteServiceUrl":"","RegistrationInterval":20000000000,"HealthCheck":null}}}

2016-09-29T20:09:06.992703+00:00 bfc626ef-a2eb-4bad-8f71-fa1d6d0f927f - - - [NXLOG@14506 bosh_deployment="cf-warden" bosh_job_name="loggregator_trafficcontroller_z1" bosh_job_index="0" filename="/var/vcap/data/sys/log/route_registrar/route_registrar.stdout.log"] {"timestamp":"1475179746.733486176","source":"Route Registrar","message":"Route Registrar.Registered routes successfully","log_level":1,"data":{}}

2016-09-29T20:09:06.992761+00:00 bfc626ef-a2eb-4bad-8f71-fa1d6d0f927f - - - [NXLOG@14506 bosh_deployment="cf-warden" bosh_job_name="loggregator_trafficcontroller_z1" bosh_job_index="0" filename="/var/vcap/data/sys/log/route_registrar/route_registrar.stdout.log"] {"timestamp":"1475179746.733487606","source":"Route Registrar","message":"Route Registrar.no healthchecker found for route","log_level":1,"data":{"route":{"Name":"doppler","Port":8081,"Tags":null,"URIs":["doppler.bosh-lite.com"],"RouteServiceUrl":"","RegistrationInterval":20000000000,"HealthCheck":null}}}

2016-09-29T20:09:06.992813+00:00 bfc626ef-a2eb-4bad-8f71-fa1d6d0f927f - - - [NXLOG@14506 bosh_deployment="cf-warden" bosh_job_name="loggregator_trafficcontroller_z1" bosh_job_index="0" filename="/var/vcap/data/sys/log/route_registrar/route_registrar.stdout.log"] {"timestamp":"1475179746.733508825","source":"Route Registrar","message":"Route Registrar.Registering route","log_level":1,"data":{"route":{"Name":"doppler","Port":8081,"Tags":null,"URIs":["doppler.bosh-lite.com"],"RouteServiceUrl":"","RegistrationInterval":20000000000,"HealthCheck":null}}}

2016-09-29T20:09:06.992866+00:00 bfc626ef-a2eb-4bad-8f71-fa1d6d0f927f - - - [NXLOG@14506 bosh_deployment="cf-warden" bosh_job_name="loggregator_trafficcontroller_z1" bosh_job_index="0" filename="/var/vcap/data/sys/log/route_registrar/route_registrar.stdout.log"] {"timestamp":"1475179746.733539104","source":"Route Registrar","message":"Route Registrar.Registered routes successfully","log_level":1,"data":{}}

2016-09-29T20:09:06.992947+00:00 81da04d2-3e1d-4a50-80cd-e5b2e7a3a719 - - - [NXLOG@14506 bosh_deployment="cf-warden" bosh_job_name="router_z1" bosh_job_index="0" filename="/var/vcap/data/sys/log/gorouter/access.log"] api.bosh-lite.com - [29/09/2016:20:09:00.905 +0000] "GET /v2/syslog_drain_urls?batch_size=1000 HTTP/1.1" 200 0 42 "-" "Go-http-client/1.1" 10.244.0.34:54794 x_forwarded_for:"10.244.0.146" x_forwarded_proto:"https" vcap_request_id:a74c6302-6cdd-4cc5-6a0f-3958c61a0906 response_time:0.00663859 app_id:

2016-09-29T20:09:06.997834+00:00 fc52b791-0068-48d0-b63d-a9600b8fa32e - - - [NXLOG@14506 bosh_deployment="cf-warden" bosh_job_name="runner_z1" bosh_job_index="0" filename="/var/vcap/data/sys/log/dea_next/dea_next.log"] {"timestamp":1475179741.8518674,"message":"hm9000.heartbeat.sending","log_level":"debug","source":"Dea::Bootstrap","data":{"destination":"https://listener-hm9000.service.cf.internal:5335/dea/heartbeat"},"thread_id":47241037142420,"fiber_id":47241050325380,"process_id":6941,"file":"/var/vcap/packages/dea_next/lib/dea/utils/hm9000.rb","lineno":29,"method":"send_heartbeat"}

2016-09-29T20:09:06.998021+00:00 fc52b791-0068-48d0-b63d-a9600b8fa32e - - - [NXLOG@14506 bosh_deployment="cf-warden" bosh_job_name="runner_z1" bosh_job_index="0" filename="/var/vcap/data/sys/log/dea_next/dea_next.log"] {"timestamp":1475179741.8670173,"message":"hm9000.heartbeat.accepted","log_level":"debug","source":"Dea::Bootstrap","data":{},"thread_id":47241047596300,"fiber_id":47241049561000,"process_id":6941,"file":"/var/vcap/packages/dea_next/lib/dea/utils/hm9000.rb","lineno":49,"method":"handle_http_response"}

2016-09-29T20:09:06.998127+00:00 fc52b791-0068-48d0-b63d-a9600b8fa32e - - - [NXLOG@14506 bosh_deployment="cf-warden" bosh_job_name="runner_z1" bosh_job_index="0" filename="/var/vcap/data/sys/log/dea_next/dea_next.log"] {"timestamp":1475179746.1198766,"message":"Reaping orphaned containers","log_level":"debug","source":"Dea::Bootstrap","data":{},"thread_id":47241037142420,"fiber_id":47241050325380,"process_id":6941,"file":"/var/vcap/packages/dea_next/lib/dea/bootstrap.rb","lineno":236,"method":"reap_orphaned_containers"}

2016-09-29T20:09:07.139519+00:00 05bf1627-ae2f-400c-b1ce-31973a9ff23f - - - [NXLOG@14506 bosh_deployment="cf-warden" bosh_job_name="uaa_z1" bosh_job_index="0" filename="/var/vcap/data/sys/log/uaa/localhost_access.log"] 127.0.0.1 - - [29/Sep/2016:20:08:50 +0000] "GET /healthz HTTP/1.1" 200 3

2016-09-29T20:09:07.139633+00:00 05bf1627-ae2f-400c-b1ce-31973a9ff23f - - - [NXLOG@14506 bosh_deployment="cf-warden" bosh_job_name="uaa_z1" bosh_job_index="0" filename="/var/vcap/data/sys/log/uaa/localhost_access.log"] 127.0.0.1 - - [29/Sep/2016:20:08:50 +0000] "GET /healthz HTTP/1.1" 200 3

2016-09-29T20:09:07.139729+00:00 05bf1627-ae2f-400c-b1ce-31973a9ff23f - - - [NXLOG@14506 bosh_deployment="cf-warden" bosh_job_name="uaa_z1" bosh_job_index="0" filename="/var/vcap/data/sys/log/uaa/localhost_access.log"] 127.0.0.1 - - [29/Sep/2016:20:08:54 +0000] "GET /healthz HTTP/1.1" 200 3

2016-09-29T20:09:07.139763+00:00 05bf1627-ae2f-400c-b1ce-31973a9ff23f - - - [NXLOG@14506 bosh_deployment="cf-warden" bosh_job_name="uaa_z1" bosh_job_index="0" filename="/var/vcap/data/sys/log/route_registrar/route_registrar.stdout.log"] {"timestamp":"1475179738.808346033","source":"Route Registrar","message":"Route Registrar.Executing script","log_level":1,"data":{"scriptPath":"/var/vcap/jobs/uaa/bin/health_check"}}

2016-09-29T20:09:07.139795+00:00 05bf1627-ae2f-400c-b1ce-31973a9ff23f - - - [NXLOG@14506 bosh_deployment="cf-warden" bosh_job_name="uaa_z1" bosh_job_index="0" filename="/var/vcap/data/sys/log/route_registrar/route_registrar.stdout.log"] {"timestamp":"1475179738.823748589","source":"Route Registrar","message":"Route Registrar.Script exited without error","log_level":1,"data":{"script":"/var/vcap/jobs/uaa/bin/health_check","stderr":"  % Total    % Received % Xferd  Average Speed   Time    Time     Time  Current\n                                 Dload  Upload   Total   Spent    Left  Speed\n\r  0     0    0     0    0     0      0      0 --:--:-- --:--:-- --:--:--     0\r100     3  100     3    0     0    939      0 --:--:-- --:--:-- --:--:--  1500\n","stdout":""}}

2016-09-29T20:09:07.139868+00:00 05bf1627-ae2f-400c-b1ce-31973a9ff23f - - - [NXLOG@14506 bosh_deployment="cf-warden" bosh_job_name="uaa_z1" bosh_job_index="0" filename="/var/vcap/data/sys/log/route_registrar/route_registrar.stdout.log"] {"timestamp":"1475179738.823794603","source":"Route Registrar","message":"Route Registrar.healthchecker returned healthy for route","log_level":1,"data":{"route":{"Name":"uaa","Port":8080,"Tags":{"component":"uaa"},"URIs":["uaa.bosh-lite.com","*.uaa.bosh-lite.com","login.bosh-lite.com","*.login.bosh-lite.com"],"RouteServiceUrl":"","RegistrationInterval":4000000000,"HealthCheck":{"Name":"uaa-healthcheck","ScriptPath":"/var/vcap/jobs/uaa/bin/health_check","Timeout":2000000000}}}}

2016-09-29T20:09:07.139911+00:00 05bf1627-ae2f-400c-b1ce-31973a9ff23f - - - [NXLOG@14506 bosh_deployment="cf-warden" bosh_job_name="uaa_z1" bosh_job_index="0" filename="/var/vcap/data/sys/log/route_registrar/route_registrar.stdout.log"] {"timestamp":"1475179738.823821306","source":"Route Registrar","message":"Route Registrar.Registering route","log_level":1,"data":{"route":{"Name":"uaa","Port":8080,"Tags":{"component":"uaa"},"URIs":["uaa.bosh-lite.com","*.uaa.bosh-lite.com","login.bosh-lite.com","*.login.bosh-lite.com"],"RouteServiceUrl":"","RegistrationInterval":4000000000,"HealthCheck":{"Name":"uaa-healthcheck","ScriptPath":"/var/vcap/jobs/uaa/bin/health_check","Timeout":2000000000}}}}

2016-09-29T20:09:07.139953+00:00 05bf1627-ae2f-400c-b1ce-31973a9ff23f - - - [NXLOG@14506 bosh_deployment="cf-warden" bosh_job_name="uaa_z1" bosh_job_index="0" filename="/var/vcap/data/sys/log/route_registrar/route_registrar.stdout.log"] {"timestamp":"1475179738.823922873","source":"Route Registrar","message":"Route Registrar.Registered routes successfully","log_level":1,"data":{}}

2016-09-29T20:09:07.139985+00:00 05bf1627-ae2f-400c-b1ce-31973a9ff23f - - - [NXLOG@14506 bosh_deployment="cf-warden" bosh_job_name="uaa_z1" bosh_job_index="0" filename="/var/vcap/data/sys/log/route_registrar/route_registrar.stdout.log"] {"timestamp":"1475179742.809059620","source":"Route Registrar","message":"Route Registrar.Executing script","log_level":1,"data":{"scriptPath":"/var/vcap/jobs/uaa/bin/health_check"}}

2016-09-29T20:09:07.140029+00:00 05bf1627-ae2f-400c-b1ce-31973a9ff23f - - - [NXLOG@14506 bosh_deployment="cf-warden" bosh_job_name="uaa_z1" bosh_job_index="0" filename="/var/vcap/data/sys/log/route_registrar/route_registrar.stdout.log"] {"timestamp":"1475179742.824028730","source":"Route Registrar","message":"Route Registrar.Script exited without error","log_level":1,"data":{"script":"/var/vcap/jobs/uaa/bin/health_check","stderr":"  % Total    % Received % Xferd  Average Speed   Time    Time     Time  Current\n                                 Dload  Upload   Total   Spent    Left  Speed\n\r  0     0    0     0    0     0      0      0 --:--:-- --:--:-- --:--:--     0\r100     3  100     3    0     0   3516      0 --:--:-- --:--:-- --:--:--  3000\n","stdout":""}}

2016-09-29T20:09:07.140067+00:00 05bf1627-ae2f-400c-b1ce-31973a9ff23f - - - [NXLOG@14506 bosh_deployment="cf-warden" bosh_job_name="uaa_z1" bosh_job_index="0" filename="/var/vcap/data/sys/log/route_registrar/route_registrar.stdout.log"] {"timestamp":"1475179742.824108124","source":"Route Registrar","message":"Route Registrar.healthchecker returned healthy for route","log_level":1,"data":{"route":{"Name":"uaa","Port":8080,"Tags":{"component":"uaa"},"URIs":["uaa.bosh-lite.com","*.uaa.bosh-lite.com","login.bosh-lite.com","*.login.bosh-lite.com"],"RouteServiceUrl":"","RegistrationInterval":4000000000,"HealthCheck":{"Name":"uaa-healthcheck","ScriptPath":"/var/vcap/jobs/uaa/bin/health_check","Timeout":2000000000}}}}

2016-09-29T20:09:07.140105+00:00 05bf1627-ae2f-400c-b1ce-31973a9ff23f - - - [NXLOG@14506 bosh_deployment="cf-warden" bosh_job_name="uaa_z1" bosh_job_index="0" filename="/var/vcap/data/sys/log/route_registrar/route_registrar.stdout.log"] {"timestamp":"1475179742.824135542","source":"Route Registrar","message":"Route Registrar.Registering route","log_level":1,"data":{"route":{"Name":"uaa","Port":8080,"Tags":{"component":"uaa"},"URIs":["uaa.bosh-lite.com","*.uaa.bosh-lite.com","login.bosh-lite.com","*.login.bosh-lite.com"],"RouteServiceUrl":"","RegistrationInterval":4000000000,"HealthCheck":{"Name":"uaa-healthcheck","ScriptPath":"/var/vcap/jobs/uaa/bin/health_check","Timeout":2000000000}}}}

2016-09-29T20:09:07.140143+00:00 05bf1627-ae2f-400c-b1ce-31973a9ff23f - - - [NXLOG@14506 bosh_deployment="cf-warden" bosh_job_name="uaa_z1" bosh_job_index="0" filename="/var/vcap/data/sys/log/route_registrar/route_registrar.stdout.log"] {"timestamp":"1475179742.824185133","source":"Route Registrar","message":"Route Registrar.Registered routes successfully","log_level":1,"data":{}}

2016-09-29T20:09:07.140173+00:00 05bf1627-ae2f-400c-b1ce-31973a9ff23f - - - [NXLOG@14506 bosh_deployment="cf-warden" bosh_job_name="uaa_z1" bosh_job_index="0" filename="/var/vcap/data/sys/log/route_registrar/route_registrar.stdout.log"] {"timestamp":"1475179746.810266018","source":"Route Registrar","message":"Route Registrar.Executing script","log_level":1,"data":{"scriptPath":"/var/vcap/jobs/uaa/bin/health_check"}}

2016-09-29T20:09:17.000226+00:00 fc52b791-0068-48d0-b63d-a9600b8fa32e - - - [NXLOG@14506 bosh_deployment="cf-warden" bosh_job_name="runner_z1" bosh_job_index="0" filename="/var/vcap/data/sys/log/dea_next/dea_next.log"] {"timestamp":1475179751.8557618,"message":"hm9000.heartbeat.sending","log_level":"debug","source":"Dea::Bootstrap","data":{"destination":"https://listener-hm9000.service.cf.internal:5335/dea/heartbeat"},"thread_id":47241037142420,"fiber_id":47241050325380,"process_id":6941,"file":"/var/vcap/packages/dea_next/lib/dea/utils/hm9000.rb","lineno":29,"method":"send_heartbeat"}

2016-09-29T20:09:17.000468+00:00 fc52b791-0068-48d0-b63d-a9600b8fa32e - - - [NXLOG@14506 bosh_deployment="cf-warden" bosh_job_name="runner_z1" bosh_job_index="0" filename="/var/vcap/data/sys/log/dea_next/dea_next.log"] {"timestamp":1475179751.8577542,"message":"hm9000.heartbeat.accepted","log_level":"debug","source":"Dea::Bootstrap","data":{},"thread_id":47241037004060,"fiber_id":47241049518080,"process_id":6941,"file":"/var/vcap/packages/dea_next/lib/dea/utils/hm9000.rb","lineno":49,"method":"handle_http_response"}

2016-09-29T20:09:17.141078+00:00 f0562343-642f-42d4-aca5-293abe675815 - - - [NXLOG@14506 bosh_deployment="cf-warden" bosh_job_name="blobstore_z1" bosh_job_index="0" filename="/var/vcap/data/sys/log/route_registrar/route_registrar.stdout.log"] {"timestamp":"1475179748.515296459","source":"Route Registrar","message":"Route Registrar.no healthchecker found for route","log_level":1,"data":{"route":{"Name":"blobstore","Port":80,"Tags":{"component":"blobstore"},"URIs":["blobstore.bosh-lite.com"],"RouteServiceUrl":"","RegistrationInterval":20000000000,"HealthCheck":null}}}

2016-09-29T20:09:17.141214+00:00 b0fa19c0-86de-4447-a670-3f7adbd0b3c1 - - - [NXLOG@14506 bosh_deployment="cf-warden" bosh_job_name="api_z1" bosh_job_index="0" filename="/var/vcap/data/sys/log/cloud_controller_worker/cloud_controller_worker.log"] {"timestamp":1475179748.9657526,"message":"(0.000701s) SELECT * FROM \"delayed_jobs\" WHERE ((((\"run_at\" <= '2016-09-29 20:09:08.964382+0000') AND (\"locked_at\" IS NULL)) OR (\"locked_by\" = 'cc_global_worker.api_z1.0.1')) AND (\"failed_at\" IS NULL) AND (\"queue\" IN ('cc-generic'))) ORDER BY \"priority\" ASC, \"run_at\" ASC LIMIT 5","log_level":"debug2","source":"cc.background","data":{},"thread_id":47193737007380,"fiber_id":47193773841900,"process_id":15807,"file":"/var/vcap/packages/cloud_controller_ng/cloud_controller_ng/vendor/bundle/ruby/2.3.0/gems/sequel-4.29.0/lib/sequel/database/logging.rb","lineno":70,"method":"block in log_each"}

2016-09-29T20:09:17.141582+00:00 b0fa19c0-86de-4447-a670-3f7adbd0b3c1 - - - [NXLOG@14506 bosh_deployment="cf-warden" bosh_job_name="api_z1" bosh_job_index="0" filename="/var/vcap/data/sys/log/cloud_controller_worker/cloud_controller_worker.log"] {"timestamp":1475179753.98683,"message":"(0.000686s) SELECT * FROM \"delayed_jobs\" WHERE ((((\"run_at\" <= '2016-09-29 20:09:13.985635+0000') AND (\"locked_at\" IS NULL)) OR (\"locked_by\" = 'cc_global_worker.api_z1.0.1')) AND (\"failed_at\" IS NULL) AND (\"queue\" IN ('cc-generic'))) ORDER BY \"priority\" ASC, \"run_at\" ASC LIMIT 5","log_level":"debug2","source":"cc.background","data":{},"thread_id":47193737007380,"fiber_id":47193773841900,"process_id":15807,"file":"/var/vcap/packages/cloud_controller_ng/cloud_controller_ng/vendor/bundle/ruby/2.3.0/gems/sequel-4.29.0/lib/sequel/database/logging.rb","lineno":70,"method":"block in log_each"}

2016-09-29T20:09:17.141635+00:00 b0fa19c0-86de-4447-a670-3f7adbd0b3c1 - - - [NXLOG@14506 bosh_deployment="cf-warden" bosh_job_name="api_z1" bosh_job_index="0" filename="/var/vcap/data/sys/log/nginx_cc/nginx.access.log"] 10.244.0.138 - [29/Sep/2016:20:09:07 +0000] "GET /v2/info HTTP/1.1" 200 802 "-" "monit/5.2.5" 10.244.0.138 vcap_request_id:c8dfb349-6d2a-4628-bbe7-437e8f3e30eb response_time:0.004

2016-09-29T20:09:17.141675+00:00 b0fa19c0-86de-4447-a670-3f7adbd0b3c1 - - - [NXLOG@14506 bosh_deployment="cf-warden" bosh_job_name="api_z1" bosh_job_index="0" filename="/var/vcap/data/sys/log/nginx_cc/nginx.access.log"] api.bosh-lite.com - [29/Sep/2016:20:09:15 +0000] "GET /v2/syslog_drain_urls?batch_size=1000 HTTP/1.1" 200 326 "-" "Go-http-client/1.1" 10.244.0.146, 10.244.0.34, 10.244.0.22 vcap_request_id:1dfdfa26-713d-410d-42d1-a3ad7104eb03::bf46ec17-8ad6-43f4-9cf1-11a2e3ef2221 response_time:0.006

2016-09-29T20:09:17.141714+00:00 b0fa19c0-86de-4447-a670-3f7adbd0b3c1 - - - [NXLOG@14506 bosh_deployment="cf-warden" bosh_job_name="api_z1" bosh_job_index="0" filename="/var/vcap/data/sys/log/cloud_controller_ng/cloud_controller_ng.log"] {"timestamp":1475179747.5484397,"message":"Statsd: cc.requests.outstanding:1|c","log_level":"debug","source":"statsd.client","data":{},"thread_id":47062185510360,"fiber_id":47062169423560,"process_id":15535,"file":"/var/vcap/packages/cloud_controller_ng/cloud_controller_ng/vendor/bundle/ruby/2.3.0/gems/statsd-ruby-1.2.1/lib/statsd.rb","lineno":254,"method":"send_to_socket"}

2016-09-29T20:09:17.141779+00:00 b0fa19c0-86de-4447-a670-3f7adbd0b3c1 - - - [NXLOG@14506 bosh_deployment="cf-warden" bosh_job_name="api_z1" bosh_job_index="0" filename="/var/vcap/data/sys/log/cloud_controller_ng/cloud_controller_ng.log"] {"timestamp":1475179747.5490859,"message":"Started GET \"/v2/info\" for user: , ip: 127.0.0.1 with vcap-request-id: c8dfb349-6d2a-4628-bbe7-437e8f3e30eb at 2016-09-29 20:09:07 UTC","log_level":"info","source":"cc.api","data":{},"thread_id":47062185510360,"fiber_id":47062169423560,"process_id":15535,"file":"/var/vcap/packages/cloud_controller_ng/cloud_controller_ng/middleware/request_logs.rb","lineno":12,"method":"call"}

2016-09-29T20:09:17.141855+00:00 b0fa19c0-86de-4447-a670-3f7adbd0b3c1 - - - [NXLOG@14506 bosh_deployment="cf-warden" bosh_job_name="api_z1" bosh_job_index="0" filename="/var/vcap/data/sys/log/cloud_controller_ng/cloud_controller_ng.log"] {"timestamp":1475179747.5498528,"message":"dispatch VCAP::CloudController::InfoController get /v2/info","log_level":"debug","source":"cc.api","data":{"request_guid":"c8dfb349-6d2a-4628-bbe7-437e8f3e30eb"},"thread_id":47062185510360,"fiber_id":47062169423560,"process_id":15535,"file":"/var/vcap/data/packages/cloud_controller_ng/f87cb49aa2cd87792cb9c2211a79e1542502be4d.1-b1a5f3c830cb6c32ae9e685628b24aa967f5ae54/cloud_controller_ng/lib/cloud_controller/rest_controller/routes.rb","lineno":12,"method":"block in define_route"}

2016-09-29T20:09:17.141943+00:00 b0fa19c0-86de-4447-a670-3f7adbd0b3c1 - - - [NXLOG@14506 bosh_deployment="cf-warden" bosh_job_name="api_z1" bosh_job_index="0" filename="/var/vcap/data/sys/log/cloud_controller_ng/cloud_controller_ng.log"] {"timestamp":1475179747.5501032,"message":"parse_params: {} ","log_level":"debug","source":"cc.api","data":{"request_guid":"c8dfb349-6d2a-4628-bbe7-437e8f3e30eb"},"thread_id":47062185510360,"fiber_id":47062169423560,"process_id":15535,"file":"/var/vcap/data/packages/cloud_controller_ng/f87cb49aa2cd87792cb9c2211a79e1542502be4d.1-b1a5f3c830cb6c32ae9e685628b24aa967f5ae54/cloud_controller_ng/lib/cloud_controller/rest_controller/common_params.rb","lineno":10,"method":"parse"}

2016-09-29T20:09:17.141989+00:00 b0fa19c0-86de-4447-a670-3f7adbd0b3c1 - - - [NXLOG@14506 bosh_deployment="cf-warden" bosh_job_name="api_z1" bosh_job_index="0" filename="/var/vcap/data/sys/log/cloud_controller_ng/cloud_controller_ng.log"] {"timestamp":1475179747.5502877,"message":"cc.dispatch","log_level":"debug","source":"cc.api","data":{"request_guid":"c8dfb349-6d2a-4628-bbe7-437e8f3e30eb","endpoint":"read","args":[]},"thread_id":47062185510360,"fiber_id":47062169423560,"process_id":15535,"file":"/var/vcap/data/packages/cloud_controller_ng/f87cb49aa2cd87792cb9c2211a79e1542502be4d.1-b1a5f3c830cb6c32ae9e685628b24aa967f5ae54/cloud_controller_ng/app/controllers/base/base_controller.rb","lineno":78,"method":"dispatch"}

2016-09-29T20:09:17.142048+00:00 b0fa19c0-86de-4447-a670-3f7adbd0b3c1 - - - [NXLOG@14506 bosh_deployment="cf-warden" bosh_job_name="api_z1" bosh_job_index="0" filename="/var/vcap/data/sys/log/cloud_controller_ng/cloud_controller_ng.log"] {"timestamp":1475179747.5506516,"message":"Completed 200 vcap-request-id: c8dfb349-6d2a-4628-bbe7-437e8f3e30eb","log_level":"info","source":"cc.api","data":{},"thread_id":47062185510360,"fiber_id":47062169423560,"process_id":15535,"file":"/var/vcap/packages/cloud_controller_ng/cloud_controller_ng/middleware/request_logs.rb","lineno":24,"method":"call"}

2016-09-29T20:09:17.142142+00:00 b0fa19c0-86de-4447-a670-3f7adbd0b3c1 - - - [NXLOG@14506 bosh_deployment="cf-warden" bosh_job_name="api_z1" bosh_job_index="0" filename="/var/vcap/data/sys/log/cloud_controller_ng/cloud_controller_ng.log"] {"timestamp":1475179747.550795,"message":"Statsd: cc.requests.outstanding:-1|c\ncc.requests.completed:1|c\ncc.http_status.2XX:1|c","log_level":"debug","source":"statsd.client","data":{},"thread_id":47062185510360,"fiber_id":47062169423560,"process_id":15535,"file":"/var/vcap/packages/cloud_controller_ng/cloud_controller_ng/vendor/bundle/ruby/2.3.0/gems/statsd-ruby-1.2.1/lib/statsd.rb","lineno":254,"method":"send_to_socket"}

2016-09-29T20:09:17.142218+00:00 b0fa19c0-86de-4447-a670-3f7adbd0b3c1 - - - [NXLOG@14506 bosh_deployment="cf-warden" bosh_job_name="api_z1" bosh_job_index="0" filename="/var/vcap/data/sys/log/cloud_controller_ng/cloud_controller_ng.log"] {"timestamp":1475179748.9677591,"message":"(0.000381s) SELECT * FROM \"delayed_jobs\" WHERE ((((\"run_at\" <= '2016-09-29 20:09:08.966937+0000') AND (\"locked_at\" IS NULL)) OR (\"locked_by\" = 'cc_api_worker.api_z1.0.2')) AND (\"failed_at\" IS NULL) AND (\"queue\" IN ('cc-api_z1-0'))) ORDER BY \"priority\" ASC, \"run_at\" ASC LIMIT 5","log_level":"debug2","source":"cc.background","data":{},"thread_id":47118928261380,"fiber_id":47118965175380,"process_id":15629,"file":"/var/vcap/packages/cloud_controller_ng/cloud_controller_ng/vendor/bundle/ruby/2.3.0/gems/sequel-4.29.0/lib/sequel/database/logging.rb","lineno":70,"method":"block in log_each"}

2016-09-29T20:09:17.142267+00:00 b0fa19c0-86de-4447-a670-3f7adbd0b3c1 - - - [NXLOG@14506 bosh_deployment="cf-warden" bosh_job_name="api_z1" bosh_job_index="0" filename="/var/vcap/data/sys/log/cloud_controller_ng/cloud_controller_ng.log"] {"timestamp":1475179750.0982113,"message":"(0.000684s) SELECT * FROM \"delayed_jobs\" WHERE ((((\"run_at\" <= '2016-09-29 20:09:10.097034+0000') AND (\"locked_at\" IS NULL)) OR (\"locked_by\" = 'cc_api_worker.api_z1.0.1')) AND (\"failed_at\" IS NULL) AND (\"queue\" IN ('cc-api_z1-0'))) ORDER BY \"priority\" ASC, \"run_at\" ASC LIMIT 5","log_level":"debug2","source":"cc.background","data":{},"thread_id":47452862460180,"fiber_id":47452899698480,"process_id":15587,"file":"/var/vcap/packages/cloud_controller_ng/cloud_controller_ng/vendor/bundle/ruby/2.3.0/gems/sequel-4.29.0/lib/sequel/database/logging.rb","lineno":70,"method":"block in log_each"}

2016-09-29T20:09:17.142311+00:00 b0fa19c0-86de-4447-a670-3f7adbd0b3c1 - - - [NXLOG@14506 bosh_deployment="cf-warden" bosh_job_name="api_z1" bosh_job_index="0" filename="/var/vcap/data/sys/log/cloud_controller_ng/cloud_controller_ng.log"] {"timestamp":1475179753.9886734,"message":"(0.000427s) SELECT * FROM \"delayed_jobs\" WHERE ((((\"run_at\" <= '2016-09-29 20:09:13.987702+0000') AND (\"locked_at\" IS NULL)) OR (\"locked_by\" = 'cc_api_worker.api_z1.0.2')) AND (\"failed_at\" IS NULL) AND (\"queue\" IN ('cc-api_z1-0'))) ORDER BY \"priority\" ASC, \"run_at\" ASC LIMIT 5","log_level":"debug2","source":"cc.background","data":{},"thread_id":47118928261380,"fiber_id":47118965175380,"process_id":15629,"file":"/var/vcap/packages/cloud_controller_ng/cloud_controller_ng/vendor/bundle/ruby/2.3.0/gems/sequel-4.29.0/lib/sequel/database/logging.rb","lineno":70,"method":"block in log_each"}

2016-09-29T20:09:17.142385+00:00 b0fa19c0-86de-4447-a670-3f7adbd0b3c1 - - - [NXLOG@14506 bosh_deployment="cf-warden" bosh_job_name="api_z1" bosh_job_index="0" filename="/var/vcap/data/sys/log/cloud_controller_ng/cloud_controller_ng.log"] {"timestamp":1475179755.1218438,"message":"(0.000596s) SELECT * FROM \"delayed_jobs\" WHERE ((((\"run_at\" <= '2016-09-29 20:09:15.120720+0000') AND (\"locked_at\" IS NULL)) OR (\"locked_by\" = 'cc_api_worker.api_z1.0.1')) AND (\"failed_at\" IS NULL) AND (\"queue\" IN ('cc-api_z1-0'))) ORDER BY \"priority\" ASC, \"run_at\" ASC LIMIT 5","log_level":"debug2","source":"cc.background","data":{},"thread_id":47452862460180,"fiber_id":47452899698480,"process_id":15587,"file":"/var/vcap/packages/cloud_controller_ng/cloud_controller_ng/vendor/bundle/ruby/2.3.0/gems/sequel-4.29.0/lib/sequel/database/logging.rb","lineno":70,"method":"block in log_each"}

2016-09-29T20:09:17.142449+00:00 b0fa19c0-86de-4447-a670-3f7adbd0b3c1 - - - [NXLOG@14506 bosh_deployment="cf-warden" bosh_job_name="api_z1" bosh_job_index="0" filename="/var/vcap/data/sys/log/cloud_controller_ng/cloud_controller_ng.log"] {"timestamp":1475179755.918794,"message":"Statsd: cc.requests.outstanding:1|c","log_level":"debug","source":"statsd.client","data":{},"thread_id":47062185510540,"fiber_id":47062184968220,"process_id":15535,"file":"/var/vcap/packages/cloud_controller_ng/cloud_controller_ng/vendor/bundle/ruby/2.3.0/gems/statsd-ruby-1.2.1/lib/statsd.rb","lineno":254,"method":"send_to_socket"}

2016-09-29T20:09:17.142662+00:00 b0fa19c0-86de-4447-a670-3f7adbd0b3c1 - - - [NXLOG@14506 bosh_deployment="cf-warden" bosh_job_name="api_z1" bosh_job_index="0" filename="/var/vcap/data/sys/log/cloud_controller_ng/cloud_controller_ng.log"] {"timestamp":1475179755.9194653,"message":"Started GET \"/v2/syslog_drain_urls?batch_size=1000\" for user: , ip: 127.0.0.1 with vcap-request-id: 1dfdfa26-713d-410d-42d1-a3ad7104eb03::bf46ec17-8ad6-43f4-9cf1-11a2e3ef2221 at 2016-09-29 20:09:15 UTC","log_level":"info","source":"cc.api","data":{},"thread_id":47062185510540,"fiber_id":47062184968220,"process_id":15535,"file":"/var/vcap/packages/cloud_controller_ng/cloud_controller_ng/middleware/request_logs.rb","lineno":12,"method":"call"}

2016-09-29T20:09:17.142713+00:00 b0fa19c0-86de-4447-a670-3f7adbd0b3c1 - - - [NXLOG@14506 bosh_deployment="cf-warden" bosh_job_name="api_z1" bosh_job_index="0" filename="/var/vcap/data/sys/log/cloud_controller_ng/cloud_controller_ng.log"] {"timestamp":1475179755.919931,"message":"dispatch VCAP::CloudController::SyslogDrainUrlsController get /v2/syslog_drain_urls","log_level":"debug","source":"cc.api","data":{"request_guid":"1dfdfa26-713d-410d-42d1-a3ad7104eb03::bf46ec17-8ad6-43f4-9cf1-11a2e3ef2221"},"thread_id":47062185510540,"fiber_id":47062184968220,"process_id":15535,"file":"/var/vcap/data/packages/cloud_controller_ng/f87cb49aa2cd87792cb9c2211a79e1542502be4d.1-b1a5f3c830cb6c32ae9e685628b24aa967f5ae54/cloud_controller_ng/lib/cloud_controller/rest_controller/routes.rb","lineno":12,"method":"block in define_route"}

2016-09-29T20:09:17.142727+00:00 b0fa19c0-86de-4447-a670-3f7adbd0b3c1 - - - [NXLOG@14506 bosh_deployment="cf-warden" bosh_job_name="api_z1" bosh_job_index="0" filename="/var/vcap/data/sys/log/cloud_controller_ng/cloud_controller_ng.log"] {"timestamp":1475179755.9208045,"message":"parse_params: {\"batch_size\"=>\"1000\"} batch_size=1000","log_level":"debug","source":"cc.api","data":{"request_guid":"1dfdfa26-713d-410d-42d1-a3ad7104eb03::bf46ec17-8ad6-43f4-9cf1-11a2e3ef2221"},"thread_id":47062185510540,"fiber_id":47062184968220,"process_id":15535,"file":"/var/vcap/data/packages/cloud_controller_ng/f87cb49aa2cd87792cb9c2211a79e1542502be4d.1-b1a5f3c830cb6c32ae9e685628b24aa967f5ae54/cloud_controller_ng/lib/cloud_controller/rest_controller/common_params.rb","lineno":10,"method":"parse"}

2016-09-29T20:09:17.142813+00:00 b0fa19c0-86de-4447-a670-3f7adbd0b3c1 - - - [NXLOG@14506 bosh_deployment="cf-warden" bosh_job_name="api_z1" bosh_job_index="0" filename="/var/vcap/data/sys/log/cloud_controller_ng/cloud_controller_ng.log"] {"timestamp":1475179755.9211922,"message":"cc.dispatch","log_level":"debug","source":"cc.api","data":{"request_guid":"1dfdfa26-713d-410d-42d1-a3ad7104eb03::bf46ec17-8ad6-43f4-9cf1-11a2e3ef2221","endpoint":"list","args":[]},"thread_id":47062185510540,"fiber_id":47062184968220,"process_id":15535,"file":"/var/vcap/data/packages/cloud_controller_ng/f87cb49aa2cd87792cb9c2211a79e1542502be4d.1-b1a5f3c830cb6c32ae9e685628b24aa967f5ae54/cloud_controller_ng/app/controllers/base/base_controller.rb","lineno":78,"method":"dispatch"}

2016-09-29T20:09:17.142848+00:00 b0fa19c0-86de-4447-a670-3f7adbd0b3c1 - - - [NXLOG@14506 bosh_deployment="cf-warden" bosh_job_name="api_z1" bosh_job_index="0" filename="/var/vcap/data/sys/log/cloud_controller_ng/cloud_controller_ng.log"] {"timestamp":1475179755.9226654,"message":"(0.000772s) SELECT \"apps\".\"guid\", string_agg(\"service_bindings\".\"syslog_drain_url\", ',') AS \"syslog_drain_urls\" FROM \"apps\" INNER JOIN \"service_bindings\" ON (\"service_bindings\".\"app_id\" = \"apps\".\"id\") WHERE ((syslog_drain_url IS NOT NULL) AND (syslog_drain_url != '')) GROUP BY \"apps\".\"guid\" UNION ALL (SELECT \"apps_v3\".\"guid\", string_agg(\"v3_service_bindings\".\"syslog_drain_url\", ',') AS \"syslog_drain_urls\" FROM \"apps_v3\" INNER JOIN \"v3_service_bindings\" ON (\"v3_service_bindings\".\"app_id\" = \"apps_v3\".\"id\") WHERE ((syslog_drain_url IS NOT NULL) AND (syslog_drain_url != '')) GROUP BY \"apps_v3\".\"guid\") ORDER BY \"guid\" LIMIT 1000 OFFSET 0","log_level":"debug2","source":"cc.db","data":{"request_guid":"1dfdfa26-713d-410d-42d1-a3ad7104eb03::bf46ec17-8ad6-43f4-9cf1-11a2e3ef2221"},"thread_id":47062185510540,"fiber_id":47062184968220,"process_id":15535,"file":"/var/vcap/packages/cloud_controller_ng/cloud_controller_ng/vendor/bundle/ruby/2.3.0/gems/sequel-4.29.0/lib/sequel/database/logging.rb","lineno":70,"method":"block in log_each"}

2016-09-29T20:09:17.142867+00:00 b0fa19c0-86de-4447-a670-3f7adbd0b3c1 - - - [NXLOG@14506 bosh_deployment="cf-warden" bosh_job_name="api_z1" bosh_job_index="0" filename="/var/vcap/data/sys/log/cloud_controller_ng/cloud_controller_ng.log"] {"timestamp":1475179755.9229739,"message":"Completed 200 vcap-request-id: 1dfdfa26-713d-410d-42d1-a3ad7104eb03::bf46ec17-8ad6-43f4-9cf1-11a2e3ef2221","log_level":"info","source":"cc.api","data":{},"thread_id":47062185510540,"fiber_id":47062184968220,"process_id":15535,"file":"/var/vcap/packages/cloud_controller_ng/cloud_controller_ng/middleware/request_logs.rb","lineno":24,"method":"call"}

2016-09-29T20:09:17.142897+00:00 b0fa19c0-86de-4447-a670-3f7adbd0b3c1 - - - [NXLOG@14506 bosh_deployment="cf-warden" bosh_job_name="api_z1" bosh_job_index="0" filename="/var/vcap/data/sys/log/cloud_controller_ng/cloud_controller_ng.log"] {"timestamp":1475179755.9231045,"message":"Statsd: cc.requests.outstanding:-1|c\ncc.requests.completed:1|c\ncc.http_status.2XX:1|c","log_level":"debug","source":"statsd.client","data":{},"thread_id":47062185510540,"fiber_id":47062184968220,"process_id":15535,"file":"/var/vcap/packages/cloud_controller_ng/cloud_controller_ng/vendor/bundle/ruby/2.3.0/gems/statsd-ruby-1.2.1/lib/statsd.rb","lineno":254,"method":"send_to_socket"}

2016-09-29T20:09:17.142309+00:00 05bf1627-ae2f-400c-b1ce-31973a9ff23f - - - [NXLOG@14506 bosh_deployment="cf-warden" bosh_job_name="uaa_z1" bosh_job_index="0" filename="/var/vcap/data/sys/log/uaa/localhost_access.log"] 127.0.0.1 - - [29/Sep/2016:20:08:58 +0000] "GET /healthz HTTP/1.1" 200 3

2016-09-29T20:09:17.142446+00:00 05bf1627-ae2f-400c-b1ce-31973a9ff23f - - - [NXLOG@14506 bosh_deployment="cf-warden" bosh_job_name="uaa_z1" bosh_job_index="0" filename="/var/vcap/data/sys/log/uaa/localhost_access.log"] 127.0.0.1 - - [29/Sep/2016:20:09:00 +0000] "GET /healthz HTTP/1.1" 200 3

2016-09-29T20:09:17.142485+00:00 05bf1627-ae2f-400c-b1ce-31973a9ff23f - - - [NXLOG@14506 bosh_deployment="cf-warden" bosh_job_name="uaa_z1" bosh_job_index="0" filename="/var/vcap/data/sys/log/uaa/localhost_access.log"] 127.0.0.1 - - [29/Sep/2016:20:09:02 +0000] "GET /healthz HTTP/1.1" 200 3

2016-09-29T20:09:17.142512+00:00 05bf1627-ae2f-400c-b1ce-31973a9ff23f - - - [NXLOG@14506 bosh_deployment="cf-warden" bosh_job_name="uaa_z1" bosh_job_index="0" filename="/var/vcap/data/sys/log/uaa/localhost_access.log"] 127.0.0.1 - - [29/Sep/2016:20:09:06 +0000] "GET /healthz HTTP/1.1" 200 3

2016-09-29T20:09:17.142540+00:00 05bf1627-ae2f-400c-b1ce-31973a9ff23f - - - [NXLOG@14506 bosh_deployment="cf-warden" bosh_job_name="uaa_z1" bosh_job_index="0" filename="/var/vcap/data/sys/log/route_registrar/route_registrar.stdout.log"] {"timestamp":"1475179750.808268547","source":"Route Registrar","message":"Route Registrar.Executing script","log_level":1,"data":{"scriptPath":"/var/vcap/jobs/uaa/bin/health_check"}}

2016-09-29T20:09:17.142566+00:00 05bf1627-ae2f-400c-b1ce-31973a9ff23f - - - [NXLOG@14506 bosh_deployment="cf-warden" bosh_job_name="uaa_z1" bosh_job_index="0" filename="/var/vcap/data/sys/log/route_registrar/route_registrar.stdout.log"] {"timestamp":"1475179750.819816589","source":"Route Registrar","message":"Route Registrar.Script exited without error","log_level":1,"data":{"script":"/var/vcap/jobs/uaa/bin/health_check","stderr":"  % Total    % Received % Xferd  Average Speed   Time    Time     Time  Current\n                                 Dload  Upload   Total   Spent    Left  Speed\n\r  0     0    0     0    0     0      0      0 --:--:-- --:--:-- --:--:--     0\r100     3  100     3    0     0   2360      0 --:--:-- --:--:-- --:--:--  3000\n","stdout":""}}

2016-09-29T20:09:17.142657+00:00 05bf1627-ae2f-400c-b1ce-31973a9ff23f - - - [NXLOG@14506 bosh_deployment="cf-warden" bosh_job_name="uaa_z1" bosh_job_index="0" filename="/var/vcap/data/sys/log/route_registrar/route_registrar.stdout.log"] {"timestamp":"1475179750.819900274","source":"Route Registrar","message":"Route Registrar.healthchecker returned healthy for route","log_level":1,"data":{"route":{"Name":"uaa","Port":8080,"Tags":{"component":"uaa"},"URIs":["uaa.bosh-lite.com","*.uaa.bosh-lite.com","login.bosh-lite.com","*.login.bosh-lite.com"],"RouteServiceUrl":"","RegistrationInterval":4000000000,"HealthCheck":{"Name":"uaa-healthcheck","ScriptPath":"/var/vcap/jobs/uaa/bin/health_check","Timeout":2000000000}}}}

2016-09-29T20:09:17.142722+00:00 05bf1627-ae2f-400c-b1ce-31973a9ff23f - - - [NXLOG@14506 bosh_deployment="cf-warden" bosh_job_name="uaa_z1" bosh_job_index="0" filename="/var/vcap/data/sys/log/route_registrar/route_registrar.stdout.log"] {"timestamp":"1475179750.819910288","source":"Route Registrar","message":"Route Registrar.Registering route","log_level":1,"data":{"route":{"Name":"uaa","Port":8080,"Tags":{"component":"uaa"},"URIs":["uaa.bosh-lite.com","*.uaa.bosh-lite.com","login.bosh-lite.com","*.login.bosh-lite.com"],"RouteServiceUrl":"","RegistrationInterval":4000000000,"HealthCheck":{"Name":"uaa-healthcheck","ScriptPath":"/var/vcap/jobs/uaa/bin/health_check","Timeout":2000000000}}}}

2016-09-29T20:09:17.142776+00:00 05bf1627-ae2f-400c-b1ce-31973a9ff23f - - - [NXLOG@14506 bosh_deployment="cf-warden" bosh_job_name="uaa_z1" bosh_job_index="0" filename="/var/vcap/data/sys/log/route_registrar/route_registrar.stdout.log"] {"timestamp":"1475179750.819990158","source":"Route Registrar","message":"Route Registrar.Registered routes successfully","log_level":1,"data":{}}

2016-09-29T20:09:17.142827+00:00 05bf1627-ae2f-400c-b1ce-31973a9ff23f - - - [NXLOG@14506 bosh_deployment="cf-warden" bosh_job_name="uaa_z1" bosh_job_index="0" filename="/var/vcap/data/sys/log/route_registrar/route_registrar.stdout.log"] {"timestamp":"1475179754.808185339","source":"Route Registrar","message":"Route Registrar.Executing script","log_level":1,"data":{"scriptPath":"/var/vcap/jobs/uaa/bin/health_check"}}

2016-09-29T20:09:17.142859+00:00 05bf1627-ae2f-400c-b1ce-31973a9ff23f - - - [NXLOG@14506 bosh_deployment="cf-warden" bosh_job_name="uaa_z1" bosh_job_index="0" filename="/var/vcap/data/sys/log/route_registrar/route_registrar.stdout.log"] {"timestamp":"1475179754.821904182","source":"Route Registrar","message":"Route Registrar.Script exited without error","log_level":1,"data":{"script":"/var/vcap/jobs/uaa/bin/health_check","stderr":"  % Total    % Received % Xferd  Average Speed   Time    Time     Time  Current\n                                 Dload  Upload   Total   Spent    Left  Speed\n\r  0     0    0     0    0     0      0      0 --:--:-- --:--:-- --:--:--     0\r100     3  100     3    0     0   1267      0 --:--:-- --:--:-- --:--:--  3000\n","stdout":""}}

2016-09-29T20:09:17.142888+00:00 05bf1627-ae2f-400c-b1ce-31973a9ff23f - - - [NXLOG@14506 bosh_deployment="cf-warden" bosh_job_name="uaa_z1" bosh_job_index="0" filename="/var/vcap/data/sys/log/route_registrar/route_registrar.stdout.log"] {"timestamp":"1475179754.821956873","source":"Route Registrar","message":"Route Registrar.healthchecker returned healthy for route","log_level":1,"data":{"route":{"Name":"uaa","Port":8080,"Tags":{"component":"uaa"},"URIs":["uaa.bosh-lite.com","*.uaa.bosh-lite.com","login.bosh-lite.com","*.login.bosh-lite.com"],"RouteServiceUrl":"","RegistrationInterval":4000000000,"HealthCheck":{"Name":"uaa-healthcheck","ScriptPath":"/var/vcap/jobs/uaa/bin/health_check","Timeout":2000000000}}}}

2016-09-29T20:09:17.143007+00:00 05bf1627-ae2f-400c-b1ce-31973a9ff23f - - - [NXLOG@14506 bosh_deployment="cf-warden" bosh_job_name="uaa_z1" bosh_job_index="0" filename="/var/vcap/data/sys/log/route_registrar/route_registrar.stdout.log"] {"timestamp":"1475179754.821998119","source":"Route Registrar","message":"Route Registrar.Registering route","log_level":1,"data":{"route":{"Name":"uaa","Port":8080,"Tags":{"component":"uaa"},"URIs":["uaa.bosh-lite.com","*.uaa.bosh-lite.com","login.bosh-lite.com","*.login.bosh-lite.com"],"RouteServiceUrl":"","RegistrationInterval":4000000000,"HealthCheck":{"Name":"uaa-healthcheck","ScriptPath":"/var/vcap/jobs/uaa/bin/health_check","Timeout":2000000000}}}}

2016-09-29T20:09:17.143083+00:00 05bf1627-ae2f-400c-b1ce-31973a9ff23f - - - [NXLOG@14506 bosh_deployment="cf-warden" bosh_job_name="uaa_z1" bosh_job_index="0" filename="/var/vcap/data/sys/log/route_registrar/route_registrar.stdout.log"] {"timestamp":"1475179754.822050810","source":"Route Registrar","message":"Route Registrar.Registered routes successfully","log_level":1,"data":{}}

2016-09-29T20:09:17.143161+00:00 05bf1627-ae2f-400c-b1ce-31973a9ff23f - - - [NXLOG@14506 bosh_deployment="cf-warden" bosh_job_name="uaa_z1" bosh_job_index="0" filename="/var/vcap/data/sys/log/uaa/uaa.log"] [2016-09-29 20:09:10.817] uaa - 19013 [http-nio-127.0.0.1-8989-exec-9] .... DEBUG --- AntPathRequestMatcher: Checking match of request : '/healthz'; against '/resources/**'

2016-09-29T20:09:17.143204+00:00 05bf1627-ae2f-400c-b1ce-31973a9ff23f - - - [NXLOG@14506 bosh_deployment="cf-warden" bosh_job_name="uaa_z1" bosh_job_index="0" filename="/var/vcap/data/sys/log/uaa/uaa.log"] [2016-09-29 20:09:10.817] uaa - 19013 [http-nio-127.0.0.1-8989-exec-9] .... DEBUG --- AntPathRequestMatcher: Checking match of request : '/healthz'; against '/square-logo.png'

2016-09-29T20:09:17.143277+00:00 05bf1627-ae2f-400c-b1ce-31973a9ff23f - - - [NXLOG@14506 bosh_deployment="cf-warden" bosh_job_name="uaa_z1" bosh_job_index="0" filename="/var/vcap/data/sys/log/uaa/uaa.log"] [2016-09-29 20:09:10.817] uaa - 19013 [http-nio-127.0.0.1-8989-exec-9] .... DEBUG --- AntPathRequestMatcher: Checking match of request : '/healthz'; against '/info'

2016-09-29T20:09:17.143301+00:00 05bf1627-ae2f-400c-b1ce-31973a9ff23f - - - [NXLOG@14506 bosh_deployment="cf-warden" bosh_job_name="uaa_z1" bosh_job_index="0" filename="/var/vcap/data/sys/log/uaa/uaa.log"] [2016-09-29 20:09:10.817] uaa - 19013 [http-nio-127.0.0.1-8989-exec-9] .... DEBUG --- AntPathRequestMatcher: Checking match of request : '/healthz'; against '/password/**'

2016-09-29T20:09:17.143314+00:00 05bf1627-ae2f-400c-b1ce-31973a9ff23f - - - [NXLOG@14506 bosh_deployment="cf-warden" bosh_job_name="uaa_z1" bosh_job_index="0" filename="/var/vcap/data/sys/log/uaa/uaa.log"] [2016-09-29 20:09:10.817] uaa - 19013 [http-nio-127.0.0.1-8989-exec-9] .... DEBUG --- AntPathRequestMatcher: Checking match of request : '/healthz'; against '/healthz/**'

2016-09-29T20:09:17.143324+00:00 05bf1627-ae2f-400c-b1ce-31973a9ff23f - - - [NXLOG@14506 bosh_deployment="cf-warden" bosh_job_name="uaa_z1" bosh_job_index="0" filename="/var/vcap/data/sys/log/uaa/uaa.log"] [2016-09-29 20:09:10.817] uaa - 19013 [http-nio-127.0.0.1-8989-exec-9] .... DEBUG --- FilterChainProxy: /healthz has an empty filter list

2016-09-29T20:09:17.143335+00:00 05bf1627-ae2f-400c-b1ce-31973a9ff23f - - - [NXLOG@14506 bosh_deployment="cf-warden" bosh_job_name="uaa_z1" bosh_job_index="0" filename="/var/vcap/data/sys/log/uaa/uaa.log"] [2016-09-29 20:09:10.817] uaa - 19013 [http-nio-127.0.0.1-8989-exec-9] .... DEBUG --- DispatcherServlet: DispatcherServlet with name 'spring' processing GET request for [/healthz]

2016-09-29T20:09:17.143397+00:00 05bf1627-ae2f-400c-b1ce-31973a9ff23f - - - [NXLOG@14506 bosh_deployment="cf-warden" bosh_job_name="uaa_z1" bosh_job_index="0" filename="/var/vcap/data/sys/log/uaa/uaa.log"] [2016-09-29 20:09:10.817] uaa - 19013 [http-nio-127.0.0.1-8989-exec-9] .... DEBUG --- DispatcherServlet: Last-Modified value for [/healthz] is: -1

2016-09-29T20:09:17.143409+00:00 05bf1627-ae2f-400c-b1ce-31973a9ff23f - - - [NXLOG@14506 bosh_deployment="cf-warden" bosh_job_name="uaa_z1" bosh_job_index="0" filename="/var/vcap/data/sys/log/uaa/uaa.log"] [2016-09-29 20:09:10.817] uaa - 19013 [http-nio-127.0.0.1-8989-exec-9] .... DEBUG --- RequestResponseBodyMethodProcessor: Written [ok

2016-09-29T20:09:17.143419+00:00 05bf1627-ae2f-400c-b1ce-31973a9ff23f - - - [NXLOG@14506 bosh_deployment="cf-warden" bosh_job_name="uaa_z1" bosh_job_index="0" filename="/var/vcap/data/sys/log/uaa/uaa.log"] ] as "text/plain;charset=ISO-8859-1" using [org.springframework.http.converter.StringHttpMessageConverter@178b2baf]

2016-09-29T20:09:17.143430+00:00 05bf1627-ae2f-400c-b1ce-31973a9ff23f - - - [NXLOG@14506 bosh_deployment="cf-warden" bosh_job_name="uaa_z1" bosh_job_index="0" filename="/var/vcap/data/sys/log/uaa/uaa.log"] [2016-09-29 20:09:10.817] uaa - 19013 [http-nio-127.0.0.1-8989-exec-9] .... DEBUG --- DispatcherServlet: Null ModelAndView returned to DispatcherServlet with name 'spring': assuming HandlerAdapter completed request handling

2016-09-29T20:09:17.143492+00:00 05bf1627-ae2f-400c-b1ce-31973a9ff23f - - - [NXLOG@14506 bosh_deployment="cf-warden" bosh_job_name="uaa_z1" bosh_job_index="0" filename="/var/vcap/data/sys/log/uaa/uaa.log"] [2016-09-29 20:09:10.817] uaa - 19013 [http-nio-127.0.0.1-8989-exec-9] .... DEBUG --- DispatcherServlet: Successfully completed request

2016-09-29T20:09:17.143503+00:00 05bf1627-ae2f-400c-b1ce-31973a9ff23f - - - [NXLOG@14506 bosh_deployment="cf-warden" bosh_job_name="uaa_z1" bosh_job_index="0" filename="/var/vcap/data/sys/log/uaa/uaa.log"] [2016-09-29 20:09:10.882] uaa - 19013 [http-nio-127.0.0.1-8989-exec-3] .... DEBUG --- AntPathRequestMatcher: Checking match of request : '/healthz'; against '/resources/**'

2016-09-29T20:09:17.143514+00:00 05bf1627-ae2f-400c-b1ce-31973a9ff23f - - - [NXLOG@14506 bosh_deployment="cf-warden" bosh_job_name="uaa_z1" bosh_job_index="0" filename="/var/vcap/data/sys/log/uaa/uaa.log"] [2016-09-29 20:09:10.882] uaa - 19013 [http-nio-127.0.0.1-8989-exec-3] .... DEBUG --- AntPathRequestMatcher: Checking match of request : '/healthz'; against '/square-logo.png'

2016-09-29T20:09:17.143524+00:00 05bf1627-ae2f-400c-b1ce-31973a9ff23f - - - [NXLOG@14506 bosh_deployment="cf-warden" bosh_job_name="uaa_z1" bosh_job_index="0" filename="/var/vcap/data/sys/log/uaa/uaa.log"] [2016-09-29 20:09:10.882] uaa - 19013 [http-nio-127.0.0.1-8989-exec-3] .... DEBUG --- AntPathRequestMatcher: Checking match of request : '/healthz'; against '/info'

2016-09-29T20:09:17.143625+00:00 05bf1627-ae2f-400c-b1ce-31973a9ff23f - - - [NXLOG@14506 bosh_deployment="cf-warden" bosh_job_name="uaa_z1" bosh_job_index="0" filename="/var/vcap/data/sys/log/uaa/uaa.log"] [2016-09-29 20:09:10.882] uaa - 19013 [http-nio-127.0.0.1-8989-exec-3] .... DEBUG --- AntPathRequestMatcher: Checking match of request : '/healthz'; against '/password/**'

2016-09-29T20:09:17.143658+00:00 05bf1627-ae2f-400c-b1ce-31973a9ff23f - - - [NXLOG@14506 bosh_deployment="cf-warden" bosh_job_name="uaa_z1" bosh_job_index="0" filename="/var/vcap/data/sys/log/uaa/uaa.log"] [2016-09-29 20:09:10.882] uaa - 19013 [http-nio-127.0.0.1-8989-exec-3] .... DEBUG --- AntPathRequestMatcher: Checking match of request : '/healthz'; against '/healthz/**'

2016-09-29T20:09:17.143678+00:00 05bf1627-ae2f-400c-b1ce-31973a9ff23f - - - [NXLOG@14506 bosh_deployment="cf-warden" bosh_job_name="uaa_z1" bosh_job_index="0" filename="/var/vcap/data/sys/log/uaa/uaa.log"] [2016-09-29 20:09:10.882] uaa - 19013 [http-nio-127.0.0.1-8989-exec-3] .... DEBUG --- FilterChainProxy: /healthz has an empty filter list

2016-09-29T20:09:17.143698+00:00 05bf1627-ae2f-400c-b1ce-31973a9ff23f - - - [NXLOG@14506 bosh_deployment="cf-warden" bosh_job_name="uaa_z1" bosh_job_index="0" filename="/var/vcap/data/sys/log/uaa/uaa.log"] [2016-09-29 20:09:10.882] uaa - 19013 [http-nio-127.0.0.1-8989-exec-3] .... DEBUG --- DispatcherServlet: DispatcherServlet with name 'spring' processing GET request for [/healthz]

2016-09-29T20:09:17.143772+00:00 05bf1627-ae2f-400c-b1ce-31973a9ff23f - - - [NXLOG@14506 bosh_deployment="cf-warden" bosh_job_name="uaa_z1" bosh_job_index="0" filename="/var/vcap/data/sys/log/uaa/uaa.log"] [2016-09-29 20:09:10.882] uaa - 19013 [http-nio-127.0.0.1-8989-exec-3] .... DEBUG --- DispatcherServlet: Last-Modified value for [/healthz] is: -1

2016-09-29T20:09:17.143791+00:00 05bf1627-ae2f-400c-b1ce-31973a9ff23f - - - [NXLOG@14506 bosh_deployment="cf-warden" bosh_job_name="uaa_z1" bosh_job_index="0" filename="/var/vcap/data/sys/log/uaa/uaa.log"] [2016-09-29 20:09:10.882] uaa - 19013 [http-nio-127.0.0.1-8989-exec-3] .... DEBUG --- RequestResponseBodyMethodProcessor: Written [ok

2016-09-29T20:09:17.143808+00:00 05bf1627-ae2f-400c-b1ce-31973a9ff23f - - - [NXLOG@14506 bosh_deployment="cf-warden" bosh_job_name="uaa_z1" bosh_job_index="0" filename="/var/vcap/data/sys/log/uaa/uaa.log"] ] as "text/plain;charset=ISO-8859-1" using [org.springframework.http.converter.StringHttpMessageConverter@178b2baf]

2016-09-29T20:09:17.143904+00:00 05bf1627-ae2f-400c-b1ce-31973a9ff23f - - - [NXLOG@14506 bosh_deployment="cf-warden" bosh_job_name="uaa_z1" bosh_job_index="0" filename="/var/vcap/data/sys/log/uaa/uaa.log"] [2016-09-29 20:09:10.882] uaa - 19013 [http-nio-127.0.0.1-8989-exec-3] .... DEBUG --- DispatcherServlet: Null ModelAndView returned to DispatcherServlet with name 'spring': assuming HandlerAdapter completed request handling

2016-09-29T20:09:17.143992+00:00 05bf1627-ae2f-400c-b1ce-31973a9ff23f - - - [NXLOG@14506 bosh_deployment="cf-warden" bosh_job_name="uaa_z1" bosh_job_index="0" filename="/var/vcap/data/sys/log/uaa/uaa.log"] [2016-09-29 20:09:10.882] uaa - 19013 [http-nio-127.0.0.1-8989-exec-3] .... DEBUG --- DispatcherServlet: Successfully completed request

2016-09-29T20:09:17.144042+00:00 05bf1627-ae2f-400c-b1ce-31973a9ff23f - - - [NXLOG@14506 bosh_deployment="cf-warden" bosh_job_name="uaa_z1" bosh_job_index="0" filename="/var/vcap/data/sys/log/uaa/uaa.log"] [2016-09-29 20:09:11.156] uaa - 19013 [pool-2-thread-1] .... DEBUG --- JdbcTemplate: Executing SQL query [select count(*) from oauth_client_details]

2016-09-29T20:09:17.144055+00:00 05bf1627-ae2f-400c-b1ce-31973a9ff23f - - - [NXLOG@14506 bosh_deployment="cf-warden" bosh_job_name="uaa_z1" bosh_job_index="0" filename="/var/vcap/data/sys/log/uaa/uaa.log"] [2016-09-29 20:09:11.158] uaa - 19013 [pool-2-thread-1] .... DEBUG --- JdbcTemplate: Executing SQL query [select count(*) from users]

2016-09-29T20:09:17.144065+00:00 05bf1627-ae2f-400c-b1ce-31973a9ff23f - - - [NXLOG@14506 bosh_deployment="cf-warden" bosh_job_name="uaa_z1" bosh_job_index="0" filename="/var/vcap/data/sys/log/uaa/uaa.log"] [2016-09-29 20:09:14.820] uaa - 19013 [http-nio-127.0.0.1-8989-exec-1] .... DEBUG --- AntPathRequestMatcher: Checking match of request : '/healthz'; against '/resources/**'

2016-09-29T20:09:17.144075+00:00 05bf1627-ae2f-400c-b1ce-31973a9ff23f - - - [NXLOG@14506 bosh_deployment="cf-warden" bosh_job_name="uaa_z1" bosh_job_index="0" filename="/var/vcap/data/sys/log/uaa/uaa.log"] [2016-09-29 20:09:14.820] uaa - 19013 [http-nio-127.0.0.1-8989-exec-1] .... DEBUG --- AntPathRequestMatcher: Checking match of request : '/healthz'; against '/square-logo.png'

2016-09-29T20:09:17.144136+00:00 05bf1627-ae2f-400c-b1ce-31973a9ff23f - - - [NXLOG@14506 bosh_deployment="cf-warden" bosh_job_name="uaa_z1" bosh_job_index="0" filename="/var/vcap/data/sys/log/uaa/uaa.log"] [2016-09-29 20:09:14.820] uaa - 19013 [http-nio-127.0.0.1-8989-exec-1] .... DEBUG --- AntPathRequestMatcher: Checking match of request : '/healthz'; against '/info'

2016-09-29T20:09:17.144147+00:00 05bf1627-ae2f-400c-b1ce-31973a9ff23f - - - [NXLOG@14506 bosh_deployment="cf-warden" bosh_job_name="uaa_z1" bosh_job_index="0" filename="/var/vcap/data/sys/log/uaa/uaa.log"] [2016-09-29 20:09:14.820] uaa - 19013 [http-nio-127.0.0.1-8989-exec-1] .... DEBUG --- AntPathRequestMatcher: Checking match of request : '/healthz'; against '/password/**'

2016-09-29T20:09:17.144157+00:00 05bf1627-ae2f-400c-b1ce-31973a9ff23f - - - [NXLOG@14506 bosh_deployment="cf-warden" bosh_job_name="uaa_z1" bosh_job_index="0" filename="/var/vcap/data/sys/log/uaa/uaa.log"] [2016-09-29 20:09:14.820] uaa - 19013 [http-nio-127.0.0.1-8989-exec-1] .... DEBUG --- AntPathRequestMatcher: Checking match of request : '/healthz'; against '/healthz/**'

2016-09-29T20:09:17.144166+00:00 05bf1627-ae2f-400c-b1ce-31973a9ff23f - - - [NXLOG@14506 bosh_deployment="cf-warden" bosh_job_name="uaa_z1" bosh_job_index="0" filename="/var/vcap/data/sys/log/uaa/uaa.log"] [2016-09-29 20:09:14.820] uaa - 19013 [http-nio-127.0.0.1-8989-exec-1] .... DEBUG --- FilterChainProxy: /healthz has an empty filter list

2016-09-29T20:09:17.144188+00:00 05bf1627-ae2f-400c-b1ce-31973a9ff23f - - - [NXLOG@14506 bosh_deployment="cf-warden" bosh_job_name="uaa_z1" bosh_job_index="0" filename="/var/vcap/data/sys/log/uaa/uaa.log"] [2016-09-29 20:09:14.820] uaa - 19013 [http-nio-127.0.0.1-8989-exec-1] .... DEBUG --- DispatcherServlet: DispatcherServlet with name 'spring' processing GET request for [/healthz]

2016-09-29T20:09:17.144241+00:00 05bf1627-ae2f-400c-b1ce-31973a9ff23f - - - [NXLOG@14506 bosh_deployment="cf-warden" bosh_job_name="uaa_z1" bosh_job_index="0" filename="/var/vcap/data/sys/log/uaa/uaa.log"] [2016-09-29 20:09:14.820] uaa - 19013 [http-nio-127.0.0.1-8989-exec-1] .... DEBUG --- DispatcherServlet: Last-Modified value for [/healthz] is: -1

2016-09-29T20:09:17.144251+00:00 05bf1627-ae2f-400c-b1ce-31973a9ff23f - - - [NXLOG@14506 bosh_deployment="cf-warden" bosh_job_name="uaa_z1" bosh_job_index="0" filename="/var/vcap/data/sys/log/uaa/uaa.log"] [2016-09-29 20:09:14.820] uaa - 19013 [http-nio-127.0.0.1-8989-exec-1] .... DEBUG --- RequestResponseBodyMethodProcessor: Written [ok

2016-09-29T20:09:17.144260+00:00 05bf1627-ae2f-400c-b1ce-31973a9ff23f - - - [NXLOG@14506 bosh_deployment="cf-warden" bosh_job_name="uaa_z1" bosh_job_index="0" filename="/var/vcap/data/sys/log/uaa/uaa.log"] ] as "text/plain;charset=ISO-8859-1" using [org.springframework.http.converter.StringHttpMessageConverter@178b2baf]

2016-09-29T20:09:17.144281+00:00 05bf1627-ae2f-400c-b1ce-31973a9ff23f - - - [NXLOG@14506 bosh_deployment="cf-warden" bosh_job_name="uaa_z1" bosh_job_index="0" filename="/var/vcap/data/sys/log/uaa/uaa.log"] [2016-09-29 20:09:14.820] uaa - 19013 [http-nio-127.0.0.1-8989-exec-1] .... DEBUG --- DispatcherServlet: Null ModelAndView returned to DispatcherServlet with name 'spring': assuming HandlerAdapter completed request handling

2016-09-29T20:09:17.144292+00:00 05bf1627-ae2f-400c-b1ce-31973a9ff23f - - - [NXLOG@14506 bosh_deployment="cf-warden" bosh_job_name="uaa_z1" bosh_job_index="0" filename="/var/vcap/data/sys/log/uaa/uaa.log"] [2016-09-29 20:09:14.820] uaa - 19013 [http-nio-127.0.0.1-8989-exec-1] .... DEBUG --- DispatcherServlet: Successfully completed request

2016-09-29T20:09:17.144346+00:00 05bf1627-ae2f-400c-b1ce-31973a9ff23f - - - [NXLOG@14506 bosh_deployment="cf-warden" bosh_job_name="uaa_z1" bosh_job_index="0" filename="/var/vcap/data/sys/log/uaa/uaa.log"] [2016-09-29 20:09:16.156] uaa - 19013 [pool-2-thread-1] .... DEBUG --- JdbcTemplate: Executing SQL query [select count(*) from oauth_client_details]

2016-09-29T20:09:17.144857+00:00 05bf1627-ae2f-400c-b1ce-31973a9ff23f - - - [NXLOG@14506 bosh_deployment="cf-warden" bosh_job_name="uaa_z1" bosh_job_index="0" filename="/var/vcap/data/sys/log/uaa/uaa.log"] [2016-09-29 20:09:16.158] uaa - 19013 [pool-2-thread-1] .... DEBUG --- JdbcTemplate: Executing SQL query [select count(*) from users]

2016-09-29T20:09:17.142435+00:00 f0562343-642f-42d4-aca5-293abe675815 - - - [NXLOG@14506 bosh_deployment="cf-warden" bosh_job_name="blobstore_z1" bosh_job_index="0" filename="/var/vcap/data/sys/log/route_registrar/route_registrar.stdout.log"] {"timestamp":"1475179748.515585899","source":"Route Registrar","message":"Route Registrar.Registering route","log_level":1,"data":{"route":{"Name":"blobstore","Port":80,"Tags":{"component":"blobstore"},"URIs":["blobstore.bosh-lite.com"],"RouteServiceUrl":"","RegistrationInterval":20000000000,"HealthCheck":null}}}

2016-09-29T20:09:17.142705+00:00 f0562343-642f-42d4-aca5-293abe675815 - - - [NXLOG@14506 bosh_deployment="cf-warden" bosh_job_name="blobstore_z1" bosh_job_index="0" filename="/var/vcap/data/sys/log/route_registrar/route_registrar.stdout.log"] {"timestamp":"1475179748.515655994","source":"Route Registrar","message":"Route Registrar.Registered routes successfully","log_level":1,"data":{}}

2016-09-29T20:09:17.145551+00:00 152ab062-1f32-4789-910a-13bdc79651b2 - - - [NXLOG@14506 bosh_deployment="cf-warden" bosh_job_name="hm9000_z1" bosh_job_index="0" filename="/var/vcap/data/sys/log/hm9000/hm9000_listener.log"] {"timestamp":"1475179751.857047796","source":"listener","message":"listener.Received a heartbeat","log_level":1,"data":{"Heartbeats Pending Save":"1"}}

2016-09-29T20:09:17.145644+00:00 152ab062-1f32-4789-910a-13bdc79651b2 - - - [NXLOG@14506 bosh_deployment="cf-warden" bosh_job_name="hm9000_z1" bosh_job_index="0" filename="/var/vcap/data/sys/log/hm9000/hm9000_listener.log"] {"timestamp":"1475179752.815997362","source":"listener","message":"listener.Saving Heartbeats","log_level":1,"data":{"Heartbeats to Save":"1"}}

2016-09-29T20:09:17.145684+00:00 152ab062-1f32-4789-910a-13bdc79651b2 - - - [NXLOG@14506 bosh_deployment="cf-warden" bosh_job_name="hm9000_z1" bosh_job_index="0" filename="/var/vcap/data/sys/log/hm9000/hm9000_listener.log"] {"timestamp":"1475179752.824235916","source":"listener","message":"listener.Bumped freshness","log_level":1,"data":{}}

2016-09-29T20:09:17.145726+00:00 152ab062-1f32-4789-910a-13bdc79651b2 - - - [NXLOG@14506 bosh_deployment="cf-warden" bosh_job_name="hm9000_z1" bosh_job_index="0" filename="/var/vcap/data/sys/log/hm9000/hm9000_listener.log"] {"timestamp":"1475179752.824276924","source":"listener","message":"listener.Saved Heartbeats","log_level":1,"data":{"Duration":"8.213179ms","Heartbeats to Save":"1"}}

2016-09-29T20:09:26.993241+00:00 bfc626ef-a2eb-4bad-8f71-fa1d6d0f927f - - - [NXLOG@14506 bosh_deployment="cf-warden" bosh_job_name="loggregator_trafficcontroller_z1" bosh_job_index="0" filename="/var/vcap/data/sys/log/route_registrar/route_registrar.stdout.log"] {"timestamp":"1475179766.734012842","source":"Route Registrar","message":"Route Registrar.no healthchecker found for route","log_level":1,"data":{"route":{"Name":"doppler","Port":8081,"Tags":null,"URIs":["doppler.bosh-lite.com"],"RouteServiceUrl":"","RegistrationInterval":20000000000,"HealthCheck":null}}}

2016-09-29T20:09:26.993350+00:00 bfc626ef-a2eb-4bad-8f71-fa1d6d0f927f - - - [NXLOG@14506 bosh_deployment="cf-warden" bosh_job_name="loggregator_trafficcontroller_z1" bosh_job_index="0" filename="/var/vcap/data/sys/log/route_registrar/route_registrar.stdout.log"] {"timestamp":"1475179766.734161377","source":"Route Registrar","message":"Route Registrar.Registering route","log_level":1,"data":{"route":{"Name":"doppler","Port":8081,"Tags":null,"URIs":["doppler.bosh-lite.com"],"RouteServiceUrl":"","RegistrationInterval":20000000000,"HealthCheck":null}}}

2016-09-29T20:09:26.993383+00:00 bfc626ef-a2eb-4bad-8f71-fa1d6d0f927f - - - [NXLOG@14506 bosh_deployment="cf-warden" bosh_job_name="loggregator_trafficcontroller_z1" bosh_job_index="0" filename="/var/vcap/data/sys/log/route_registrar/route_registrar.stdout.log"] {"timestamp":"1475179766.734215260","source":"Route Registrar","message":"Route Registrar.Registered routes successfully","log_level":1,"data":{}}

2016-09-29T20:09:26.993411+00:00 bfc626ef-a2eb-4bad-8f71-fa1d6d0f927f - - - [NXLOG@14506 bosh_deployment="cf-warden" bosh_job_name="loggregator_trafficcontroller_z1" bosh_job_index="0" filename="/var/vcap/data/sys/log/route_registrar/route_registrar.stdout.log"] {"timestamp":"1475179766.734230042","source":"Route Registrar","message":"Route Registrar.no healthchecker found for route","log_level":1,"data":{"route":{"Name":"loggregator","Port":8080,"Tags":null,"URIs":["loggregator.bosh-lite.com"],"RouteServiceUrl":"","RegistrationInterval":20000000000,"HealthCheck":null}}}

2016-09-29T20:09:26.993437+00:00 bfc626ef-a2eb-4bad-8f71-fa1d6d0f927f - - - [NXLOG@14506 bosh_deployment="cf-warden" bosh_job_name="loggregator_trafficcontroller_z1" bosh_job_index="0" filename="/var/vcap/data/sys/log/route_registrar/route_registrar.stdout.log"] {"timestamp":"1475179766.734244585","source":"Route Registrar","message":"Route Registrar.Registering route","log_level":1,"data":{"route":{"Name":"loggregator","Port":8080,"Tags":null,"URIs":["loggregator.bosh-lite.com"],"RouteServiceUrl":"","RegistrationInterval":20000000000,"HealthCheck":null}}}

2016-09-29T20:09:26.993463+00:00 bfc626ef-a2eb-4bad-8f71-fa1d6d0f927f - - - [NXLOG@14506 bosh_deployment="cf-warden" bosh_job_name="loggregator_trafficcontroller_z1" bosh_job_index="0" filename="/var/vcap/data/sys/log/route_registrar/route_registrar.stdout.log"] {"timestamp":"1475179766.734284401","source":"Route Registrar","message":"Route Registrar.Registered routes successfully","log_level":1,"data":{}}

2016-09-29T20:09:26.998103+00:00 fc52b791-0068-48d0-b63d-a9600b8fa32e - - - [NXLOG@14506 bosh_deployment="cf-warden" bosh_job_name="runner_z1" bosh_job_index="0" filename="/var/vcap/data/sys/log/dea_next/dea_next.log"] {"timestamp":1475179761.857783,"message":"hm9000.heartbeat.sending","log_level":"debug","source":"Dea::Bootstrap","data":{"destination":"https://listener-hm9000.service.cf.internal:5335/dea/heartbeat"},"thread_id":47241037142420,"fiber_id":47241050325380,"process_id":6941,"file":"/var/vcap/packages/dea_next/lib/dea/utils/hm9000.rb","lineno":29,"method":"send_heartbeat"}

2016-09-29T20:09:26.998215+00:00 fc52b791-0068-48d0-b63d-a9600b8fa32e - - - [NXLOG@14506 bosh_deployment="cf-warden" bosh_job_name="runner_z1" bosh_job_index="0" filename="/var/vcap/data/sys/log/dea_next/dea_next.log"] {"timestamp":1475179761.873451,"message":"hm9000.heartbeat.accepted","log_level":"debug","source":"Dea::Bootstrap","data":{},"thread_id":47241050154600,"fiber_id":47241049451020,"process_id":6941,"file":"/var/vcap/packages/dea_next/lib/dea/utils/hm9000.rb","lineno":49,"method":"handle_http_response"}

2016-09-29T20:09:27.140368+00:00 05bf1627-ae2f-400c-b1ce-31973a9ff23f - - - [NXLOG@14506 bosh_deployment="cf-warden" bosh_job_name="uaa_z1" bosh_job_index="0" filename="/var/vcap/data/sys/log/uaa/localhost_access.log"] 127.0.0.1 - - [29/Sep/2016:20:09:10 +0000] "GET /healthz HTTP/1.1" 200 3

2016-09-29T20:09:27.140507+00:00 05bf1627-ae2f-400c-b1ce-31973a9ff23f - - - [NXLOG@14506 bosh_deployment="cf-warden" bosh_job_name="uaa_z1" bosh_job_index="0" filename="/var/vcap/data/sys/log/uaa/localhost_access.log"] 127.0.0.1 - - [29/Sep/2016:20:09:10 +0000] "GET /healthz HTTP/1.1" 200 3

2016-09-29T20:09:27.140547+00:00 05bf1627-ae2f-400c-b1ce-31973a9ff23f - - - [NXLOG@14506 bosh_deployment="cf-warden" bosh_job_name="uaa_z1" bosh_job_index="0" filename="/var/vcap/data/sys/log/uaa/localhost_access.log"] 127.0.0.1 - - [29/Sep/2016:20:09:14 +0000] "GET /healthz HTTP/1.1" 200 3

2016-09-29T20:09:27.140581+00:00 05bf1627-ae2f-400c-b1ce-31973a9ff23f - - - [NXLOG@14506 bosh_deployment="cf-warden" bosh_job_name="uaa_z1" bosh_job_index="0" filename="/var/vcap/data/sys/log/route_registrar/route_registrar.stdout.log"] {"timestamp":"1475179758.808131933","source":"Route Registrar","message":"Route Registrar.Executing script","log_level":1,"data":{"scriptPath":"/var/vcap/jobs/uaa/bin/health_check"}}

2016-09-29T20:09:27.140787+00:00 b0fa19c0-86de-4447-a670-3f7adbd0b3c1 - - - [NXLOG@14506 bosh_deployment="cf-warden" bosh_job_name="api_z1" bosh_job_index="0" filename="/var/vcap/data/sys/log/cloud_controller_clock/cloud_controller_clock.log"] {"timestamp":1475179767.0013783,"message":"Queueing VCAP::CloudController::Jobs::Runtime::PendingPackagesCleanup at 2016-09-29 20:09:27 UTC","log_level":"info","source":"cc.clock","data":{},"thread_id":47458713686280,"fiber_id":47458750305760,"process_id":15766,"file":"/var/vcap/data/packages/cloud_controller_ng/f87cb49aa2cd87792cb9c2211a79e1542502be4d.1-b1a5f3c830cb6c32ae9e685628b24aa967f5ae54/cloud_controller_ng/lib/cloud_controller/clock.rb","lineno":25,"method":"block in schedule_frequent_cleanup"}

2016-09-29T20:09:27.140998+00:00 b0fa19c0-86de-4447-a670-3f7adbd0b3c1 - - - [NXLOG@14506 bosh_deployment="cf-warden" bosh_job_name="api_z1" bosh_job_index="0" filename="/var/vcap/data/sys/log/cloud_controller_clock/cloud_controller_clock.log"] {"timestamp":1475179767.0025358,"message":"(0.000282s) BEGIN","log_level":"debug2","source":"cc.background","data":{},"thread_id":47458713686280,"fiber_id":47458750305760,"process_id":15766,"file":"/var/vcap/packages/cloud_controller_ng/cloud_controller_ng/vendor/bundle/ruby/2.3.0/gems/sequel-4.29.0/lib/sequel/database/logging.rb","lineno":70,"method":"block in log_each"}

2016-09-29T20:09:36.999661+00:00 fc52b791-0068-48d0-b63d-a9600b8fa32e - - - [NXLOG@14506 bosh_deployment="cf-warden" bosh_job_name="runner_z1" bosh_job_index="0" filename="/var/vcap/data/sys/log/dea_next/dea_next.log"] {"timestamp":1475179771.8596458,"message":"hm9000.heartbeat.sending","log_level":"debug","source":"Dea::Bootstrap","data":{"destination":"https://listener-hm9000.service.cf.internal:5335/dea/heartbeat"},"thread_id":47241037142420,"fiber_id":47241050325380,"process_id":6941,"file":"/var/vcap/packages/dea_next/lib/dea/utils/hm9000.rb","lineno":29,"method":"send_heartbeat"}

2016-09-29T20:09:36.999789+00:00 fc52b791-0068-48d0-b63d-a9600b8fa32e - - - [NXLOG@14506 bosh_deployment="cf-warden" bosh_job_name="runner_z1" bosh_job_index="0" filename="/var/vcap/data/sys/log/dea_next/dea_next.log"] {"timestamp":1475179771.8629813,"message":"hm9000.heartbeat.accepted","log_level":"debug","source":"Dea::Bootstrap","data":{},"thread_id":47241050153600,"fiber_id":47241049165100,"process_id":6941,"file":"/var/vcap/packages/dea_next/lib/dea/utils/hm9000.rb","lineno":49,"method":"handle_http_response"}

2016-09-29T20:09:36.999843+00:00 fc52b791-0068-48d0-b63d-a9600b8fa32e - - - [NXLOG@14506 bosh_deployment="cf-warden" bosh_job_name="runner_z1" bosh_job_index="0" filename="/var/vcap/data/sys/log/dea_next/dea_next.log"] {"timestamp":1475179776.1221032,"message":"Reaping orphaned containers","log_level":"debug","source":"Dea::Bootstrap","data":{},"thread_id":47241037142420,"fiber_id":47241050325380,"process_id":6941,"file":"/var/vcap/packages/dea_next/lib/dea/bootstrap.rb","lineno":236,"method":"reap_orphaned_containers"}

2016-09-29T20:09:37.140620+00:00 f0562343-642f-42d4-aca5-293abe675815 - - - [NXLOG@14506 bosh_deployment="cf-warden" bosh_job_name="blobstore_z1" bosh_job_index="0" filename="/var/vcap/data/sys/log/route_registrar/route_registrar.stdout.log"] {"timestamp":"1475179768.513560534","source":"Route Registrar","message":"Route Registrar.no healthchecker found for route","log_level":1,"data":{"route":{"Name":"blobstore","Port":80,"Tags":{"component":"blobstore"},"URIs":["blobstore.bosh-lite.com"],"RouteServiceUrl":"","RegistrationInterval":20000000000,"HealthCheck":null}}}

2016-09-29T20:09:37.141059+00:00 f0562343-642f-42d4-aca5-293abe675815 - - - [NXLOG@14506 bosh_deployment="cf-warden" bosh_job_name="blobstore_z1" bosh_job_index="0" filename="/var/vcap/data/sys/log/route_registrar/route_registrar.stdout.log"] {"timestamp":"1475179768.513643265","source":"Route Registrar","message":"Route Registrar.Registering route","log_level":1,"data":{"route":{"Name":"blobstore","Port":80,"Tags":{"component":"blobstore"},"URIs":["blobstore.bosh-lite.com"],"RouteServiceUrl":"","RegistrationInterval":20000000000,"HealthCheck":null}}}

2016-09-29T20:09:37.141173+00:00 f0562343-642f-42d4-aca5-293abe675815 - - - [NXLOG@14506 bosh_deployment="cf-warden" bosh_job_name="blobstore_z1" bosh_job_index="0" filename="/var/vcap/data/sys/log/route_registrar/route_registrar.stdout.log"] {"timestamp":"1475179768.513827324","source":"Route Registrar","message":"Route Registrar.Registered routes successfully","log_level":1,"data":{}}

2016-09-29T20:09:37.142291+00:00 b0fa19c0-86de-4447-a670-3f7adbd0b3c1 - - - [NXLOG@14506 bosh_deployment="cf-warden" bosh_job_name="api_z1" bosh_job_index="0" filename="/var/vcap/data/sys/log/cloud_controller_worker/cloud_controller_worker.log"] {"timestamp":1475179769.0697765,"message":"(0.000526s) SELECT * FROM \"delayed_jobs\" WHERE ((((\"run_at\" <= '2016-09-29 20:09:29.068872+0000') AND (\"locked_at\" IS NULL)) OR (\"locked_by\" = 'cc_global_worker.api_z1.0.1')) AND (\"failed_at\" IS NULL) AND (\"queue\" IN ('cc-generic'))) ORDER BY \"priority\" ASC, \"run_at\" ASC LIMIT 5","log_level":"debug2","source":"cc.background","data":{},"thread_id":47193737007380,"fiber_id":47193773841900,"process_id":15807,"file":"/var/vcap/packages/cloud_controller_ng/cloud_controller_ng/vendor/bundle/ruby/2.3.0/gems/sequel-4.29.0/lib/sequel/database/logging.rb","lineno":70,"method":"block in log_each"}

2016-09-29T20:09:37.142474+00:00 b0fa19c0-86de-4447-a670-3f7adbd0b3c1 - - - [NXLOG@14506 bosh_deployment="cf-warden" bosh_job_name="api_z1" bosh_job_index="0" filename="/var/vcap/data/sys/log/cloud_controller_worker/cloud_controller_worker.log"] {"timestamp":1475179769.0723095,"message":"(0.001717s) UPDATE \"delayed_jobs\" SET \"locked_at\" = '2016-09-29 20:09:29.070215+0000', \"locked_by\" = 'cc_global_worker.api_z1.0.1' WHERE ((((\"run_at\" <= '2016-09-29 20:09:29.070229+0000') AND (\"locked_at\" IS NULL)) OR (\"locked_by\" = 'cc_global_worker.api_z1.0.1')) AND (\"failed_at\" IS NULL) AND (\"id\" = 587))","log_level":"debug2","source":"cc.background","data":{},"thread_id":47193737007380,"fiber_id":47193773841900,"process_id":15807,"file":"/var/vcap/packages/cloud_controller_ng/cloud_controller_ng/vendor/bundle/ruby/2.3.0/gems/sequel-4.29.0/lib/sequel/database/logging.rb","lineno":70,"method":"block in log_each"}

2016-09-29T20:09:37.142532+00:00 b0fa19c0-86de-4447-a670-3f7adbd0b3c1 - - - [NXLOG@14506 bosh_deployment="cf-warden" bosh_job_name="api_z1" bosh_job_index="0" filename="/var/vcap/data/sys/log/cloud_controller_worker/cloud_controller_worker.log"] {"timestamp":1475179769.0746548,"message":"(0.000289s) UPDATE \"apps\" SET \"package_state\" = 'FAILED', \"staging_failed_reason\" = 'StagingTimeExpired', \"package_pending_since\" = NULL WHERE (package_pending_since < CURRENT_TIMESTAMP - INTERVAL '1200' SECOND)","log_level":"debug2","source":"cc.background","data":{},"thread_id":47193737007380,"fiber_id":47193773841900,"process_id":15807,"file":"/var/vcap/packages/cloud_controller_ng/cloud_controller_ng/vendor/bundle/ruby/2.3.0/gems/sequel-4.29.0/lib/sequel/database/logging.rb","lineno":70,"method":"block in log_each"}

2016-09-29T20:09:37.142582+00:00 b0fa19c0-86de-4447-a670-3f7adbd0b3c1 - - - [NXLOG@14506 bosh_deployment="cf-warden" bosh_job_name="api_z1" bosh_job_index="0" filename="/var/vcap/data/sys/log/cloud_controller_worker/cloud_controller_worker.log"] {"timestamp":1475179769.0753057,"message":"(0.000080s) BEGIN","log_level":"debug2","source":"cc.background","data":{},"thread_id":47193737007380,"fiber_id":47193773841900,"process_id":15807,"file":"/var/vcap/packages/cloud_controller_ng/cloud_controller_ng/vendor/bundle/ruby/2.3.0/gems/sequel-4.29.0/lib/sequel/database/logging.rb","lineno":70,"method":"block in log_each"}

2016-09-29T20:09:37.142643+00:00 b0fa19c0-86de-4447-a670-3f7adbd0b3c1 - - - [NXLOG@14506 bosh_deployment="cf-warden" bosh_job_name="api_z1" bosh_job_index="0" filename="/var/vcap/data/sys/log/cloud_controller_worker/cloud_controller_worker.log"] {"timestamp":1475179769.0758681,"message":"(0.000168s) DELETE FROM \"delayed_jobs\" WHERE \"id\" = 587","log_level":"debug2","source":"cc.background","data":{},"thread_id":47193737007380,"fiber_id":47193773841900,"process_id":15807,"file":"/var/vcap/packages/cloud_controller_ng/cloud_controller_ng/vendor/bundle/ruby/2.3.0/gems/sequel-4.29.0/lib/sequel/database/logging.rb","lineno":70,"method":"block in log_each"}

2016-09-29T20:09:37.142683+00:00 b0fa19c0-86de-4447-a670-3f7adbd0b3c1 - - - [NXLOG@14506 bosh_deployment="cf-warden" bosh_job_name="api_z1" bosh_job_index="0" filename="/var/vcap/data/sys/log/cloud_controller_worker/cloud_controller_worker.log"] {"timestamp":1475179769.0781925,"message":"(0.001515s) COMMIT","log_level":"debug2","source":"cc.background","data":{},"thread_id":47193737007380,"fiber_id":47193773841900,"process_id":15807,"file":"/var/vcap/packages/cloud_controller_ng/cloud_controller_ng/vendor/bundle/ruby/2.3.0/gems/sequel-4.29.0/lib/sequel/database/logging.rb","lineno":70,"method":"block in log_each"}

2016-09-29T20:09:37.142720+00:00 b0fa19c0-86de-4447-a670-3f7adbd0b3c1 - - - [NXLOG@14506 bosh_deployment="cf-warden" bosh_job_name="api_z1" bosh_job_index="0" filename="/var/vcap/data/sys/log/cloud_controller_worker/cloud_controller_worker.log"] {"timestamp":1475179769.0792537,"message":"(0.000345s) SELECT * FROM \"delayed_jobs\" WHERE ((((\"run_at\" <= '2016-09-29 20:09:29.078450+0000') AND (\"locked_at\" IS NULL)) OR (\"locked_by\" = 'cc_global_worker.api_z1.0.1')) AND (\"failed_at\" IS NULL) AND (\"queue\" IN ('cc-generic'))) ORDER BY \"priority\" ASC, \"run_at\" ASC LIMIT 5","log_level":"debug2","source":"cc.background","data":{},"thread_id":47193737007380,"fiber_id":47193773841900,"process_id":15807,"file":"/var/vcap/packages/cloud_controller_ng/cloud_controller_ng/vendor/bundle/ruby/2.3.0/gems/sequel-4.29.0/lib/sequel/database/logging.rb","lineno":70,"method":"block in log_each"}

2016-09-29T20:09:37.142758+00:00 b0fa19c0-86de-4447-a670-3f7adbd0b3c1 - - - [NXLOG@14506 bosh_deployment="cf-warden" bosh_job_name="api_z1" bosh_job_index="0" filename="/var/vcap/data/sys/log/cloud_controller_worker/cloud_controller_worker.log"] {"timestamp":1475179769.0806735,"message":"(0.000429s) SELECT * FROM \"delayed_jobs\" WHERE ((((\"run_at\" <= '2016-09-29 20:09:29.079531+0000') AND (\"locked_at\" IS NULL)) OR (\"locked_by\" = 'cc_global_worker.api_z1.0.1')) AND (\"failed_at\" IS NULL) AND (\"queue\" IN ('cc-generic'))) ORDER BY \"priority\" ASC, \"run_at\" ASC LIMIT 5","log_level":"debug2","source":"cc.background","data":{},"thread_id":47193737007380,"fiber_id":47193773841900,"process_id":15807,"file":"/var/vcap/packages/cloud_controller_ng/cloud_controller_ng/vendor/bundle/ruby/2.3.0/gems/sequel-4.29.0/lib/sequel/database/logging.rb","lineno":70,"method":"block in log_each"}

2016-09-29T20:09:37.142798+00:00 b0fa19c0-86de-4447-a670-3f7adbd0b3c1 - - - [NXLOG@14506 bosh_deployment="cf-warden" bosh_job_name="api_z1" bosh_job_index="0" filename="/var/vcap/data/sys/log/cloud_controller_worker/cloud_controller_worker.log"] {"timestamp":1475179774.1019573,"message":"(0.000681s) SELECT * FROM \"delayed_jobs\" WHERE ((((\"run_at\" <= '2016-09-29 20:09:34.100734+0000') AND (\"locked_at\" IS NULL)) OR (\"locked_by\" = 'cc_global_worker.api_z1.0.1')) AND (\"failed_at\" IS NULL) AND (\"queue\" IN ('cc-generic'))) ORDER BY \"priority\" ASC, \"run_at\" ASC LIMIT 5","log_level":"debug2","source":"cc.background","data":{},"thread_id":47193737007380,"fiber_id":47193773841900,"process_id":15807,"file":"/var/vcap/packages/cloud_controller_ng/cloud_controller_ng/vendor/bundle/ruby/2.3.0/gems/sequel-4.29.0/lib/sequel/database/logging.rb","lineno":70,"method":"block in log_each"}

2016-09-29T20:09:37.142837+00:00 b0fa19c0-86de-4447-a670-3f7adbd0b3c1 - - - [NXLOG@14506 bosh_deployment="cf-warden" bosh_job_name="api_z1" bosh_job_index="0" filename="/var/vcap/data/sys/log/nginx_cc/nginx.access.log"] 10.244.0.138 - [29/Sep/2016:20:09:27 +0000] "GET /v2/info HTTP/1.1" 200 802 "-" "monit/5.2.5" 10.244.0.138 vcap_request_id:eeb433cf-50ab-42ed-bd70-227120606b12 response_time:0.003

2016-09-29T20:09:37.142873+00:00 b0fa19c0-86de-4447-a670-3f7adbd0b3c1 - - - [NXLOG@14506 bosh_deployment="cf-warden" bosh_job_name="api_z1" bosh_job_index="0" filename="/var/vcap/data/sys/log/nginx_cc/nginx.access.log"] api.bosh-lite.com - [29/Sep/2016:20:09:30 +0000] "GET /v2/syslog_drain_urls?batch_size=1000 HTTP/1.1" 200 326 "-" "Go-http-client/1.1" 10.244.0.146, 10.244.0.34, 10.244.0.22 vcap_request_id:d6edf291-2443-466f-5421-cab1c739a76c::649a0d1d-f9ad-41d7-be78-3162fee3d331 response_time:0.005

2016-09-29T20:09:37.142908+00:00 b0fa19c0-86de-4447-a670-3f7adbd0b3c1 - - - [NXLOG@14506 bosh_deployment="cf-warden" bosh_job_name="api_z1" bosh_job_index="0" filename="/var/vcap/data/sys/log/cloud_controller_ng/cloud_controller_ng.log"] {"timestamp":1475179767.5695455,"message":"Statsd: cc.requests.outstanding:1|c","log_level":"debug","source":"statsd.client","data":{},"thread_id":47062185510880,"fiber_id":47062184711880,"process_id":15535,"file":"/var/vcap/packages/cloud_controller_ng/cloud_controller_ng/vendor/bundle/ruby/2.3.0/gems/statsd-ruby-1.2.1/lib/statsd.rb","lineno":254,"method":"send_to_socket"}

2016-09-29T20:09:37.142944+00:00 b0fa19c0-86de-4447-a670-3f7adbd0b3c1 - - - [NXLOG@14506 bosh_deployment="cf-warden" bosh_job_name="api_z1" bosh_job_index="0" filename="/var/vcap/data/sys/log/cloud_controller_ng/cloud_controller_ng.log"] {"timestamp":1475179767.5700855,"message":"Started GET \"/v2/info\" for user: , ip: 127.0.0.1 with vcap-request-id: eeb433cf-50ab-42ed-bd70-227120606b12 at 2016-09-29 20:09:27 UTC","log_level":"info","source":"cc.api","data":{},"thread_id":47062185510880,"fiber_id":47062184711880,"process_id":15535,"file":"/var/vcap/packages/cloud_controller_ng/cloud_controller_ng/middleware/request_logs.rb","lineno":12,"method":"call"}

2016-09-29T20:09:37.142982+00:00 b0fa19c0-86de-4447-a670-3f7adbd0b3c1 - - - [NXLOG@14506 bosh_deployment="cf-warden" bosh_job_name="api_z1" bosh_job_index="0" filename="/var/vcap/data/sys/log/cloud_controller_ng/cloud_controller_ng.log"] {"timestamp":1475179767.5707045,"message":"dispatch VCAP::CloudController::InfoController get /v2/info","log_level":"debug","source":"cc.api","data":{"request_guid":"eeb433cf-50ab-42ed-bd70-227120606b12"},"thread_id":47062185510880,"fiber_id":47062184711880,"process_id":15535,"file":"/var/vcap/data/packages/cloud_controller_ng/f87cb49aa2cd87792cb9c2211a79e1542502be4d.1-b1a5f3c830cb6c32ae9e685628b24aa967f5ae54/cloud_controller_ng/lib/cloud_controller/rest_controller/routes.rb","lineno":12,"method":"block in define_route"}

2016-09-29T20:09:37.143017+00:00 b0fa19c0-86de-4447-a670-3f7adbd0b3c1 - - - [NXLOG@14506 bosh_deployment="cf-warden" bosh_job_name="api_z1" bosh_job_index="0" filename="/var/vcap/data/sys/log/cloud_controller_ng/cloud_controller_ng.log"] {"timestamp":1475179767.5708985,"message":"parse_params: {} ","log_level":"debug","source":"cc.api","data":{"request_guid":"eeb433cf-50ab-42ed-bd70-227120606b12"},"thread_id":47062185510880,"fiber_id":47062184711880,"process_id":15535,"file":"/var/vcap/data/packages/cloud_controller_ng/f87cb49aa2cd87792cb9c2211a79e1542502be4d.1-b1a5f3c830cb6c32ae9e685628b24aa967f5ae54/cloud_controller_ng/lib/cloud_controller/rest_controller/common_params.rb","lineno":10,"method":"parse"}

2016-09-29T20:09:37.143056+00:00 b0fa19c0-86de-4447-a670-3f7adbd0b3c1 - - - [NXLOG@14506 bosh_deployment="cf-warden" bosh_job_name="api_z1" bosh_job_index="0" filename="/var/vcap/data/sys/log/cloud_controller_ng/cloud_controller_ng.log"] {"timestamp":1475179767.5710392,"message":"cc.dispatch","log_level":"debug","source":"cc.api","data":{"request_guid":"eeb433cf-50ab-42ed-bd70-227120606b12","endpoint":"read","args":[]},"thread_id":47062185510880,"fiber_id":47062184711880,"process_id":15535,"file":"/var/vcap/data/packages/cloud_controller_ng/f87cb49aa2cd87792cb9c2211a79e1542502be4d.1-b1a5f3c830cb6c32ae9e685628b24aa967f5ae54/cloud_controller_ng/app/controllers/base/base_controller.rb","lineno":78,"method":"dispatch"}

2016-09-29T20:09:37.143094+00:00 b0fa19c0-86de-4447-a670-3f7adbd0b3c1 - - - [NXLOG@14506 bosh_deployment="cf-warden" bosh_job_name="api_z1" bosh_job_index="0" filename="/var/vcap/data/sys/log/cloud_controller_ng/cloud_controller_ng.log"] {"timestamp":1475179767.5713892,"message":"Completed 200 vcap-request-id: eeb433cf-50ab-42ed-bd70-227120606b12","log_level":"info","source":"cc.api","data":{},"thread_id":47062185510880,"fiber_id":47062184711880,"process_id":15535,"file":"/var/vcap/packages/cloud_controller_ng/cloud_controller_ng/middleware/request_logs.rb","lineno":24,"method":"call"}

2016-09-29T20:09:37.143121+00:00 b0fa19c0-86de-4447-a670-3f7adbd0b3c1 - - - [NXLOG@14506 bosh_deployment="cf-warden" bosh_job_name="api_z1" bosh_job_index="0" filename="/var/vcap/data/sys/log/cloud_controller_ng/cloud_controller_ng.log"] {"timestamp":1475179767.5715137,"message":"Statsd: cc.requests.outstanding:-1|c\ncc.requests.completed:1|c\ncc.http_status.2XX:1|c","log_level":"debug","source":"statsd.client","data":{},"thread_id":47062185510880,"fiber_id":47062184711880,"process_id":15535,"file":"/var/vcap/packages/cloud_controller_ng/cloud_controller_ng/vendor/bundle/ruby/2.3.0/gems/statsd-ruby-1.2.1/lib/statsd.rb","lineno":254,"method":"send_to_socket"}

2016-09-29T20:09:37.143136+00:00 b0fa19c0-86de-4447-a670-3f7adbd0b3c1 - - - [NXLOG@14506 bosh_deployment="cf-warden" bosh_job_name="api_z1" bosh_job_index="0" filename="/var/vcap/data/sys/log/cloud_controller_ng/cloud_controller_ng.log"] {"timestamp":1475179769.0650516,"message":"(0.000527s) SELECT * FROM \"delayed_jobs\" WHERE ((((\"run_at\" <= '2016-09-29 20:09:29.062715+0000') AND (\"locked_at\" IS NULL)) OR (\"locked_by\" = 'cc_api_worker.api_z1.0.2')) AND (\"failed_at\" IS NULL) AND (\"queue\" IN ('cc-api_z1-0'))) ORDER BY \"priority\" ASC, \"run_at\" ASC LIMIT 5","log_level":"debug2","source":"cc.background","data":{},"thread_id":47118928261380,"fiber_id":47118965175380,"process_id":15629,"file":"/var/vcap/packages/cloud_controller_ng/cloud_controller_ng/vendor/bundle/ruby/2.3.0/gems/sequel-4.29.0/lib/sequel/database/logging.rb","lineno":70,"method":"block in log_each"}

2016-09-29T20:09:37.143186+00:00 b0fa19c0-86de-4447-a670-3f7adbd0b3c1 - - - [NXLOG@14506 bosh_deployment="cf-warden" bosh_job_name="api_z1" bosh_job_index="0" filename="/var/vcap/data/sys/log/cloud_controller_ng/cloud_controller_ng.log"] {"timestamp":1475179770.1899436,"message":"(0.000718s) SELECT * FROM \"delayed_jobs\" WHERE ((((\"run_at\" <= '2016-09-29 20:09:30.188234+0000') AND (\"locked_at\" IS NULL)) OR (\"locked_by\" = 'cc_api_worker.api_z1.0.1')) AND (\"failed_at\" IS NULL) AND (\"queue\" IN ('cc-api_z1-0'))) ORDER BY \"priority\" ASC, \"run_at\" ASC LIMIT 5","log_level":"debug2","source":"cc.background","data":{},"thread_id":47452862460180,"fiber_id":47452899698480,"process_id":15587,"file":"/var/vcap/packages/cloud_controller_ng/cloud_controller_ng/vendor/bundle/ruby/2.3.0/gems/sequel-4.29.0/lib/sequel/database/logging.rb","lineno":70,"method":"block in log_each"}

2016-09-29T20:09:37.143201+00:00 b0fa19c0-86de-4447-a670-3f7adbd0b3c1 - - - [NXLOG@14506 bosh_deployment="cf-warden" bosh_job_name="api_z1" bosh_job_index="0" filename="/var/vcap/data/sys/log/cloud_controller_ng/cloud_controller_ng.log"] {"timestamp":1475179770.9113498,"message":"Statsd: cc.requests.outstanding:1|c","log_level":"debug","source":"statsd.client","data":{},"thread_id":47062185508520,"fiber_id":47062184490200,"process_id":15535,"file":"/var/vcap/packages/cloud_controller_ng/cloud_controller_ng/vendor/bundle/ruby/2.3.0/gems/statsd-ruby-1.2.1/lib/statsd.rb","lineno":254,"method":"send_to_socket"}

2016-09-29T20:09:37.143225+00:00 b0fa19c0-86de-4447-a670-3f7adbd0b3c1 - - - [NXLOG@14506 bosh_deployment="cf-warden" bosh_job_name="api_z1" bosh_job_index="0" filename="/var/vcap/data/sys/log/cloud_controller_ng/cloud_controller_ng.log"] {"timestamp":1475179770.9118638,"message":"Started GET \"/v2/syslog_drain_urls?batch_size=1000\" for user: , ip: 127.0.0.1 with vcap-request-id: d6edf291-2443-466f-5421-cab1c739a76c::649a0d1d-f9ad-41d7-be78-3162fee3d331 at 2016-09-29 20:09:30 UTC","log_level":"info","source":"cc.api","data":{},"thread_id":47062185508520,"fiber_id":47062184490200,"process_id":15535,"file":"/var/vcap/packages/cloud_controller_ng/cloud_controller_ng/middleware/request_logs.rb","lineno":12,"method":"call"}

2016-09-29T20:09:37.143239+00:00 b0fa19c0-86de-4447-a670-3f7adbd0b3c1 - - - [NXLOG@14506 bosh_deployment="cf-warden" bosh_job_name="api_z1" bosh_job_index="0" filename="/var/vcap/data/sys/log/cloud_controller_ng/cloud_controller_ng.log"] {"timestamp":1475179770.912608,"message":"dispatch VCAP::CloudController::SyslogDrainUrlsController get /v2/syslog_drain_urls","log_level":"debug","source":"cc.api","data":{"request_guid":"d6edf291-2443-466f-5421-cab1c739a76c::649a0d1d-f9ad-41d7-be78-3162fee3d331"},"thread_id":47062185508520,"fiber_id":47062184490200,"process_id":15535,"file":"/var/vcap/data/packages/cloud_controller_ng/f87cb49aa2cd87792cb9c2211a79e1542502be4d.1-b1a5f3c830cb6c32ae9e685628b24aa967f5ae54/cloud_controller_ng/lib/cloud_controller/rest_controller/routes.rb","lineno":12,"method":"block in define_route"}

2016-09-29T20:09:37.143264+00:00 b0fa19c0-86de-4447-a670-3f7adbd0b3c1 - - - [NXLOG@14506 bosh_deployment="cf-warden" bosh_job_name="api_z1" bosh_job_index="0" filename="/var/vcap/data/sys/log/cloud_controller_ng/cloud_controller_ng.log"] {"timestamp":1475179770.9127662,"message":"parse_params: {\"batch_size\"=>\"1000\"} batch_size=1000","log_level":"debug","source":"cc.api","data":{"request_guid":"d6edf291-2443-466f-5421-cab1c739a76c::649a0d1d-f9ad-41d7-be78-3162fee3d331"},"thread_id":47062185508520,"fiber_id":47062184490200,"process_id":15535,"file":"/var/vcap/data/packages/cloud_controller_ng/f87cb49aa2cd87792cb9c2211a79e1542502be4d.1-b1a5f3c830cb6c32ae9e685628b24aa967f5ae54/cloud_controller_ng/lib/cloud_controller/rest_controller/common_params.rb","lineno":10,"method":"parse"}

2016-09-29T20:09:37.143278+00:00 b0fa19c0-86de-4447-a670-3f7adbd0b3c1 - - - [NXLOG@14506 bosh_deployment="cf-warden" bosh_job_name="api_z1" bosh_job_index="0" filename="/var/vcap/data/sys/log/cloud_controller_ng/cloud_controller_ng.log"] {"timestamp":1475179770.9129045,"message":"cc.dispatch","log_level":"debug","source":"cc.api","data":{"request_guid":"d6edf291-2443-466f-5421-cab1c739a76c::649a0d1d-f9ad-41d7-be78-3162fee3d331","endpoint":"list","args":[]},"thread_id":47062185508520,"fiber_id":47062184490200,"process_id":15535,"file":"/var/vcap/data/packages/cloud_controller_ng/f87cb49aa2cd87792cb9c2211a79e1542502be4d.1-b1a5f3c830cb6c32ae9e685628b24aa967f5ae54/cloud_controller_ng/app/controllers/base/base_controller.rb","lineno":78,"method":"dispatch"}

2016-09-29T20:09:37.143333+00:00 b0fa19c0-86de-4447-a670-3f7adbd0b3c1 - - - [NXLOG@14506 bosh_deployment="cf-warden" bosh_job_name="api_z1" bosh_job_index="0" filename="/var/vcap/data/sys/log/cloud_controller_ng/cloud_controller_ng.log"] {"timestamp":1475179770.9148824,"message":"(0.001080s) SELECT \"apps\".\"guid\", string_agg(\"service_bindings\".\"syslog_drain_url\", ',') AS \"syslog_drain_urls\" FROM \"apps\" INNER JOIN \"service_bindings\" ON (\"service_bindings\".\"app_id\" = \"apps\".\"id\") WHERE ((syslog_drain_url IS NOT NULL) AND (syslog_drain_url != '')) GROUP BY \"apps\".\"guid\" UNION ALL (SELECT \"apps_v3\".\"guid\", string_agg(\"v3_service_bindings\".\"syslog_drain_url\", ',') AS \"syslog_drain_urls\" FROM \"apps_v3\" INNER JOIN \"v3_service_bindings\" ON (\"v3_service_bindings\".\"app_id\" = \"apps_v3\".\"id\") WHERE ((syslog_drain_url IS NOT NULL) AND (syslog_drain_url != '')) GROUP BY \"apps_v3\".\"guid\") ORDER BY \"guid\" LIMIT 1000 OFFSET 0","log_level":"debug2","source":"cc.db","data":{"request_guid":"d6edf291-2443-466f-5421-cab1c739a76c::649a0d1d-f9ad-41d7-be78-3162fee3d331"},"thread_id":47062185508520,"fiber_id":47062184490200,"process_id":15535,"file":"/var/vcap/packages/cloud_controller_ng/cloud_controller_ng/vendor/bundle/ruby/2.3.0/gems/sequel-4.29.0/lib/sequel/database/logging.rb","lineno":70,"method":"block in log_each"}

2016-09-29T20:09:37.143366+00:00 b0fa19c0-86de-4447-a670-3f7adbd0b3c1 - - - [NXLOG@14506 bosh_deployment="cf-warden" bosh_job_name="api_z1" bosh_job_index="0" filename="/var/vcap/data/sys/log/cloud_controller_ng/cloud_controller_ng.log"] {"timestamp":1475179770.9152865,"message":"Completed 200 vcap-request-id: d6edf291-2443-466f-5421-cab1c739a76c::649a0d1d-f9ad-41d7-be78-3162fee3d331","log_level":"info","source":"cc.api","data":{},"thread_id":47062185508520,"fiber_id":47062184490200,"process_id":15535,"file":"/var/vcap/packages/cloud_controller_ng/cloud_controller_ng/middleware/request_logs.rb","lineno":24,"method":"call"}

2016-09-29T20:09:37.143380+00:00 b0fa19c0-86de-4447-a670-3f7adbd0b3c1 - - - [NXLOG@14506 bosh_deployment="cf-warden" bosh_job_name="api_z1" bosh_job_index="0" filename="/var/vcap/data/sys/log/cloud_controller_ng/cloud_controller_ng.log"] {"timestamp":1475179770.9154444,"message":"Statsd: cc.requests.outstanding:-1|c\ncc.requests.completed:1|c\ncc.http_status.2XX:1|c","log_level":"debug","source":"statsd.client","data":{},"thread_id":47062185508520,"fiber_id":47062184490200,"process_id":15535,"file":"/var/vcap/packages/cloud_controller_ng/cloud_controller_ng/vendor/bundle/ruby/2.3.0/gems/statsd-ruby-1.2.1/lib/statsd.rb","lineno":254,"method":"send_to_socket"}

2016-09-29T20:09:37.143405+00:00 b0fa19c0-86de-4447-a670-3f7adbd0b3c1 - - - [NXLOG@14506 bosh_deployment="cf-warden" bosh_job_name="api_z1" bosh_job_index="0" filename="/var/vcap/data/sys/log/cloud_controller_ng/cloud_controller_ng.log"] {"timestamp":1475179774.087417,"message":"(0.000872s) SELECT * FROM \"delayed_jobs\" WHERE ((((\"run_at\" <= '2016-09-29 20:09:34.085955+0000') AND (\"locked_at\" IS NULL)) OR (\"locked_by\" = 'cc_api_worker.api_z1.0.2')) AND (\"failed_at\" IS NULL) AND (\"queue\" IN ('cc-api_z1-0'))) ORDER BY \"priority\" ASC, \"run_at\" ASC LIMIT 5","log_level":"debug2","source":"cc.background","data":{},"thread_id":47118928261380,"fiber_id":47118965175380,"process_id":15629,"file":"/var/vcap/packages/cloud_controller_ng/cloud_controller_ng/vendor/bundle/ruby/2.3.0/gems/sequel-4.29.0/lib/sequel/database/logging.rb","lineno":70,"method":"block in log_each"}

2016-09-29T20:09:37.143420+00:00 b0fa19c0-86de-4447-a670-3f7adbd0b3c1 - - - [NXLOG@14506 bosh_deployment="cf-warden" bosh_job_name="api_z1" bosh_job_index="0" filename="/var/vcap/data/sys/log/cloud_controller_ng/cloud_controller_ng.log"] {"timestamp":1475179774.5375514,"message":"Statsd: cc.vitals.uptime:1900046|g\ncc.vitals.cpu:0.0|g\ncc.vitals.mem_bytes:150700032|g\ncc.vitals.cpu_load_avg:1.43|g\ncc.vitals.mem_used_bytes:4030013440|g\ncc.vitals.mem_free_bytes:2228035584|g\ncc.vitals.num_cores:4|g","log_level":"debug","source":"statsd.client","data":{},"thread_id":47062143684880,"fiber_id":47062184032460,"process_id":15535,"file":"/var/vcap/packages/cloud_controller_ng/cloud_controller_ng/vendor/bundle/ruby/2.3.0/gems/statsd-ruby-1.2.1/lib/statsd.rb","lineno":254,"method":"send_to_socket"}

2016-09-29T20:09:37.143446+00:00 b0fa19c0-86de-4447-a670-3f7adbd0b3c1 - - - [NXLOG@14506 bosh_deployment="cf-warden" bosh_job_name="api_z1" bosh_job_index="0" filename="/var/vcap/data/sys/log/cloud_controller_ng/cloud_controller_ng.log"] {"timestamp":1475179774.5379262,"message":"Statsd: cc.log_count.off:0|g\ncc.log_count.fatal:0|g\ncc.log_count.error:0|g\ncc.log_count.warn:0|g\ncc.log_count.info:45902|g\ncc.log_count.debug:140064|g\ncc.log_count.debug1:0|g\ncc.log_count.debug2:27422|g\ncc.log_count.all:0|g","log_level":"debug","source":"statsd.client","data":{},"thread_id":47062143684880,"fiber_id":47062184032460,"process_id":15535,"file":"/var/vcap/packages/cloud_controller_ng/cloud_controller_ng/vendor/bundle/ruby/2.3.0/gems/statsd-ruby-1.2.1/lib/statsd.rb","lineno":254,"method":"send_to_socket"}

2016-09-29T20:09:37.143461+00:00 b0fa19c0-86de-4447-a670-3f7adbd0b3c1 - - - [NXLOG@14506 bosh_deployment="cf-warden" bosh_job_name="api_z1" bosh_job_index="0" filename="/var/vcap/data/sys/log/cloud_controller_ng/cloud_controller_ng.log"] {"timestamp":1475179774.5394912,"message":"(0.000459s) SELECT count(*) AS \"count\" FROM \"tasks\" WHERE (\"state\" = 'RUNNING') LIMIT 1","log_level":"debug2","source":"cc.db","data":{},"thread_id":47062143684880,"fiber_id":47062184032460,"process_id":15535,"file":"/var/vcap/packages/cloud_controller_ng/cloud_controller_ng/vendor/bundle/ruby/2.3.0/gems/sequel-4.29.0/lib/sequel/database/logging.rb","lineno":70,"method":"block in log_each"}

2016-09-29T20:09:37.143484+00:00 b0fa19c0-86de-4447-a670-3f7adbd0b3c1 - - - [NXLOG@14506 bosh_deployment="cf-warden" bosh_job_name="api_z1" bosh_job_index="0" filename="/var/vcap/data/sys/log/cloud_controller_ng/cloud_controller_ng.log"] {"timestamp":1475179774.5400276,"message":"(0.000173s) SELECT sum(\"memory_in_mb\") AS \"sum\" FROM \"tasks\" WHERE (\"state\" = 'RUNNING') LIMIT 1","log_level":"debug2","source":"cc.db","data":{},"thread_id":47062143684880,"fiber_id":47062184032460,"process_id":15535,"file":"/var/vcap/packages/cloud_controller_ng/cloud_controller_ng/vendor/bundle/ruby/2.3.0/gems/sequel-4.29.0/lib/sequel/database/logging.rb","lineno":70,"method":"block in log_each"}

2016-09-29T20:09:37.143510+00:00 b0fa19c0-86de-4447-a670-3f7adbd0b3c1 - - - [NXLOG@14506 bosh_deployment="cf-warden" bosh_job_name="api_z1" bosh_job_index="0" filename="/var/vcap/data/sys/log/cloud_controller_ng/cloud_controller_ng.log"] {"timestamp":1475179774.5402327,"message":"Statsd: cc.tasks_running.count:0|g\ncc.tasks_running.memory_in_mb:0|g","log_level":"debug","source":"statsd.client","data":{},"thread_id":47062143684880,"fiber_id":47062184032460,"process_id":15535,"file":"/var/vcap/packages/cloud_controller_ng/cloud_controller_ng/vendor/bundle/ruby/2.3.0/gems/statsd-ruby-1.2.1/lib/statsd.rb","lineno":254,"method":"send_to_socket"}

2016-09-29T20:09:37.143523+00:00 b0fa19c0-86de-4447-a670-3f7adbd0b3c1 - - - [NXLOG@14506 bosh_deployment="cf-warden" bosh_job_name="api_z1" bosh_job_index="0" filename="/var/vcap/data/sys/log/cloud_controller_ng/cloud_controller_ng.log"] {"timestamp":1475179775.216487,"message":"(0.000791s) SELECT * FROM \"delayed_jobs\" WHERE ((((\"run_at\" <= '2016-09-29 20:09:35.215099+0000') AND (\"locked_at\" IS NULL)) OR (\"locked_by\" = 'cc_api_worker.api_z1.0.1')) AND (\"failed_at\" IS NULL) AND (\"queue\" IN ('cc-api_z1-0'))) ORDER BY \"priority\" ASC, \"run_at\" ASC LIMIT 5","log_level":"debug2","source":"cc.background","data":{},"thread_id":47452862460180,"fiber_id":47452899698480,"process_id":15587,"file":"/var/vcap/packages/cloud_controller_ng/cloud_controller_ng/vendor/bundle/ruby/2.3.0/gems/sequel-4.29.0/lib/sequel/database/logging.rb","lineno":70,"method":"block in log_each"}

2016-09-29T20:09:37.143553+00:00 b0fa19c0-86de-4447-a670-3f7adbd0b3c1 - - - [NXLOG@14506 bosh_deployment="cf-warden" bosh_job_name="api_z1" bosh_job_index="0" filename="/var/vcap/data/sys/log/cloud_controller_ng/cloud_controller_ng.log"] {"timestamp":1475179776.5351622,"message":"(0.000643s) SELECT \"queue\", count(*) AS \"count\" FROM \"delayed_jobs\" WHERE (\"attempts\" = 0) GROUP BY \"queue\"","log_level":"debug2","source":"cc.db","data":{},"thread_id":47062143684880,"fiber_id":47062184032460,"process_id":15535,"file":"/var/vcap/packages/cloud_controller_ng/cloud_controller_ng/vendor/bundle/ruby/2.3.0/gems/sequel-4.29.0/lib/sequel/database/logging.rb","lineno":70,"method":"block in log_each"}

2016-09-29T20:09:37.143579+00:00 b0fa19c0-86de-4447-a670-3f7adbd0b3c1 - - - [NXLOG@14506 bosh_deployment="cf-warden" bosh_job_name="api_z1" bosh_job_index="0" filename="/var/vcap/data/sys/log/cloud_controller_ng/cloud_controller_ng.log"] {"timestamp":1475179776.5355062,"message":"Statsd: cc.job_queue_length.total:0|g\ncc.job_queue_length.total:0|g","log_level":"debug","source":"statsd.client","data":{},"thread_id":47062143684880,"fiber_id":47062184032460,"process_id":15535,"file":"/var/vcap/packages/cloud_controller_ng/cloud_controller_ng/vendor/bundle/ruby/2.3.0/gems/statsd-ruby-1.2.1/lib/statsd.rb","lineno":254,"method":"send_to_socket"}

2016-09-29T20:09:37.143592+00:00 b0fa19c0-86de-4447-a670-3f7adbd0b3c1 - - - [NXLOG@14506 bosh_deployment="cf-warden" bosh_job_name="api_z1" bosh_job_index="0" filename="/var/vcap/data/sys/log/cloud_controller_ng/cloud_controller_ng.log"] {"timestamp":1475179776.5359223,"message":"Statsd: cc.thread_info.thread_count:21|g\ncc.thread_info.event_machine.connection_count:3|g\ncc.thread_info.event_machine.threadqueue.size:0|g\ncc.thread_info.event_machine.threadqueue.num_waiting:20|g\ncc.thread_info.event_machine.resultqueue.size:0|g\ncc.thread_info.event_machine.resultqueue.num_waiting:0|g","log_level":"debug","source":"statsd.client","data":{},"thread_id":47062143684880,"fiber_id":47062184032460,"process_id":15535,"file":"/var/vcap/packages/cloud_controller_ng/cloud_controller_ng/vendor/bundle/ruby/2.3.0/gems/statsd-ruby-1.2.1/lib/statsd.rb","lineno":254,"method":"send_to_socket"}

2016-09-29T20:09:37.143618+00:00 b0fa19c0-86de-4447-a670-3f7adbd0b3c1 - - - [NXLOG@14506 bosh_deployment="cf-warden" bosh_job_name="api_z1" bosh_job_index="0" filename="/var/vcap/data/sys/log/cloud_controller_ng/cloud_controller_ng.log"] {"timestamp":1475179776.5368912,"message":"(0.000539s) SELECT \"queue\", count(*) AS \"count\" FROM \"delayed_jobs\" WHERE (failed_at IS NOT NULL) GROUP BY \"queue\"","log_level":"debug2","source":"cc.db","data":{},"thread_id":47062143684880,"fiber_id":47062184032460,"process_id":15535,"file":"/var/vcap/packages/cloud_controller_ng/cloud_controller_ng/vendor/bundle/ruby/2.3.0/gems/sequel-4.29.0/lib/sequel/database/logging.rb","lineno":70,"method":"block in log_each"}

2016-09-29T20:09:37.143631+00:00 b0fa19c0-86de-4447-a670-3f7adbd0b3c1 - - - [NXLOG@14506 bosh_deployment="cf-warden" bosh_job_name="api_z1" bosh_job_index="0" filename="/var/vcap/data/sys/log/cloud_controller_ng/cloud_controller_ng.log"] {"timestamp":1475179776.537185,"message":"Statsd: cc.failed_job_count.cc-api_z1-0:2|g\ncc.failed_job_count.total:2|g\ncc.failed_job_count.total:2|g","log_level":"debug","source":"statsd.client","data":{},"thread_id":47062143684880,"fiber_id":47062184032460,"process_id":15535,"file":"/var/vcap/packages/cloud_controller_ng/cloud_controller_ng/vendor/bundle/ruby/2.3.0/gems/statsd-ruby-1.2.1/lib/statsd.rb","lineno":254,"method":"send_to_socket"}

2016-09-29T20:09:37.143657+00:00 b0fa19c0-86de-4447-a670-3f7adbd0b3c1 - - - [NXLOG@14506 bosh_deployment="cf-warden" bosh_job_name="api_z1" bosh_job_index="0" filename="/var/vcap/data/sys/log/cloud_controller_worker/cloud_controller_worker_ctl.log"] [2016-09-29 20:09:29+0000] [Worker(cc_global_worker.api_z1.0.1)] Job VCAP::CloudController::Jobs::ExceptionCatchingJob (id=587) RUNNING

2016-09-29T20:09:37.143669+00:00 b0fa19c0-86de-4447-a670-3f7adbd0b3c1 - - - [NXLOG@14506 bosh_deployment="cf-warden" bosh_job_name="api_z1" bosh_job_index="0" filename="/var/vcap/data/sys/log/cloud_controller_worker/cloud_controller_worker_ctl.log"] [2016-09-29 20:09:29+0000] [Worker(cc_global_worker.api_z1.0.1)] Job VCAP::CloudController::Jobs::ExceptionCatchingJob (id=587) COMPLETED after 0.0053

2016-09-29T20:09:37.143680+00:00 b0fa19c0-86de-4447-a670-3f7adbd0b3c1 - - - [NXLOG@14506 bosh_deployment="cf-warden" bosh_job_name="api_z1" bosh_job_index="0" filename="/var/vcap/data/sys/log/cloud_controller_worker/cloud_controller_worker_ctl.log"] [2016-09-29 20:09:29+0000] [Worker(cc_global_worker.api_z1.0.1)] 1 jobs processed at 94.0546 j/s, 0 failed

2016-09-29T20:09:37.143667+00:00 152ab062-1f32-4789-910a-13bdc79651b2 - - - [NXLOG@14506 bosh_deployment="cf-warden" bosh_job_name="hm9000_z1" bosh_job_index="0" filename="/var/vcap/data/sys/log/hm9000/hm9000_listener.log"] {"timestamp":"1475179771.862177849","source":"listener","message":"listener.Received a heartbeat","log_level":1,"data":{"Heartbeats Pending Save":"1"}}

2016-09-29T20:09:37.143758+00:00 152ab062-1f32-4789-910a-13bdc79651b2 - - - [NXLOG@14506 bosh_deployment="cf-warden" bosh_job_name="hm9000_z1" bosh_job_index="0" filename="/var/vcap/data/sys/log/hm9000/hm9000_listener.log"] {"timestamp":"1475179772.817044258","source":"listener","message":"listener.Saving Heartbeats","log_level":1,"data":{"Heartbeats to Save":"1"}}

2016-09-29T20:09:37.143817+00:00 152ab062-1f32-4789-910a-13bdc79651b2 - - - [NXLOG@14506 bosh_deployment="cf-warden" bosh_job_name="hm9000_z1" bosh_job_index="0" filename="/var/vcap/data/sys/log/hm9000/hm9000_listener.log"] {"timestamp":"1475179772.822813749","source":"listener","message":"listener.Bumped freshness","log_level":1,"data":{}}

2016-09-29T20:09:37.143870+00:00 152ab062-1f32-4789-910a-13bdc79651b2 - - - [NXLOG@14506 bosh_deployment="cf-warden" bosh_job_name="hm9000_z1" bosh_job_index="0" filename="/var/vcap/data/sys/log/hm9000/hm9000_listener.log"] {"timestamp":"1475179772.822841167","source":"listener","message":"listener.Saved Heartbeats","log_level":1,"data":{"Duration":"5.694208ms","Heartbeats to Save":"1"}}

2016-09-29T20:09:37.144007+00:00 05bf1627-ae2f-400c-b1ce-31973a9ff23f - - - [NXLOG@14506 bosh_deployment="cf-warden" bosh_job_name="uaa_z1" bosh_job_index="0" filename="/var/vcap/data/sys/log/uaa/localhost_access.log"] 127.0.0.1 - - [29/Sep/2016:20:09:18 +0000] "GET /healthz HTTP/1.1" 200 3

2016-09-29T20:09:37.144089+00:00 05bf1627-ae2f-400c-b1ce-31973a9ff23f - - - [NXLOG@14506 bosh_deployment="cf-warden" bosh_job_name="uaa_z1" bosh_job_index="0" filename="/var/vcap/data/sys/log/uaa/localhost_access.log"] 127.0.0.1 - - [29/Sep/2016:20:09:20 +0000] "GET /healthz HTTP/1.1" 200 3

2016-09-29T20:09:37.144180+00:00 05bf1627-ae2f-400c-b1ce-31973a9ff23f - - - [NXLOG@14506 bosh_deployment="cf-warden" bosh_job_name="uaa_z1" bosh_job_index="0" filename="/var/vcap/data/sys/log/uaa/localhost_access.log"] 127.0.0.1 - - [29/Sep/2016:20:09:22 +0000] "GET /healthz HTTP/1.1" 200 3

2016-09-29T20:09:37.144249+00:00 05bf1627-ae2f-400c-b1ce-31973a9ff23f - - - [NXLOG@14506 bosh_deployment="cf-warden" bosh_job_name="uaa_z1" bosh_job_index="0" filename="/var/vcap/data/sys/log/uaa/localhost_access.log"] 127.0.0.1 - - [29/Sep/2016:20:09:26 +0000] "GET /healthz HTTP/1.1" 200 3

2016-09-29T20:09:37.144292+00:00 05bf1627-ae2f-400c-b1ce-31973a9ff23f - - - [NXLOG@14506 bosh_deployment="cf-warden" bosh_job_name="uaa_z1" bosh_job_index="0" filename="/var/vcap/data/sys/log/route_registrar/route_registrar.stdout.log"] {"timestamp":"1475179770.808191299","source":"Route Registrar","message":"Route Registrar.Executing script","log_level":1,"data":{"scriptPath":"/var/vcap/jobs/uaa/bin/health_check"}}

2016-09-29T20:09:37.144336+00:00 05bf1627-ae2f-400c-b1ce-31973a9ff23f - - - [NXLOG@14506 bosh_deployment="cf-warden" bosh_job_name="uaa_z1" bosh_job_index="0" filename="/var/vcap/data/sys/log/route_registrar/route_registrar.stdout.log"] {"timestamp":"1475179770.818896532","source":"Route Registrar","message":"Route Registrar.Script exited without error","log_level":1,"data":{"script":"/var/vcap/jobs/uaa/bin/health_check","stderr":"  % Total    % Received % Xferd  Average Speed   Time    Time     Time  Current\n                                 Dload  Upload   Total   Spent    Left  Speed\n\r  0     0    0     0    0     0      0      0 --:--:-- --:--:-- --:--:--     0\r100     3  100     3    0     0   2061      0 --:--:-- --:--:-- --:--:--  3000\n","stdout":""}}

2016-09-29T20:09:37.144443+00:00 05bf1627-ae2f-400c-b1ce-31973a9ff23f - - - [NXLOG@14506 bosh_deployment="cf-warden" bosh_job_name="uaa_z1" bosh_job_index="0" filename="/var/vcap/data/sys/log/route_registrar/route_registrar.stdout.log"] {"timestamp":"1475179770.818983316","source":"Route Registrar","message":"Route Registrar.healthchecker returned healthy for route","log_level":1,"data":{"route":{"Name":"uaa","Port":8080,"Tags":{"component":"uaa"},"URIs":["uaa.bosh-lite.com","*.uaa.bosh-lite.com","login.bosh-lite.com","*.login.bosh-lite.com"],"RouteServiceUrl":"","RegistrationInterval":4000000000,"HealthCheck":{"Name":"uaa-healthcheck","ScriptPath":"/var/vcap/jobs/uaa/bin/health_check","Timeout":2000000000}}}}

2016-09-29T20:09:37.144482+00:00 05bf1627-ae2f-400c-b1ce-31973a9ff23f - - - [NXLOG@14506 bosh_deployment="cf-warden" bosh_job_name="uaa_z1" bosh_job_index="0" filename="/var/vcap/data/sys/log/route_registrar/route_registrar.stdout.log"] {"timestamp":"1475179770.819008350","source":"Route Registrar","message":"Route Registrar.Registering route","log_level":1,"data":{"route":{"Name":"uaa","Port":8080,"Tags":{"component":"uaa"},"URIs":["uaa.bosh-lite.com","*.uaa.bosh-lite.com","login.bosh-lite.com","*.login.bosh-lite.com"],"RouteServiceUrl":"","RegistrationInterval":4000000000,"HealthCheck":{"Name":"uaa-healthcheck","ScriptPath":"/var/vcap/jobs/uaa/bin/health_check","Timeout":2000000000}}}}

2016-09-29T20:09:37.144518+00:00 05bf1627-ae2f-400c-b1ce-31973a9ff23f - - - [NXLOG@14506 bosh_deployment="cf-warden" bosh_job_name="uaa_z1" bosh_job_index="0" filename="/var/vcap/data/sys/log/route_registrar/route_registrar.stdout.log"] {"timestamp":"1475179770.819089890","source":"Route Registrar","message":"Route Registrar.Registered routes successfully","log_level":1,"data":{}}

2016-09-29T20:09:37.144552+00:00 05bf1627-ae2f-400c-b1ce-31973a9ff23f - - - [NXLOG@14506 bosh_deployment="cf-warden" bosh_job_name="uaa_z1" bosh_job_index="0" filename="/var/vcap/data/sys/log/route_registrar/route_registrar.stdout.log"] {"timestamp":"1475179774.808112621","source":"Route Registrar","message":"Route Registrar.Executing script","log_level":1,"data":{"scriptPath":"/var/vcap/jobs/uaa/bin/health_check"}}

2016-09-29T20:09:37.144589+00:00 05bf1627-ae2f-400c-b1ce-31973a9ff23f - - - [NXLOG@14506 bosh_deployment="cf-warden" bosh_job_name="uaa_z1" bosh_job_index="0" filename="/var/vcap/data/sys/log/route_registrar/route_registrar.stdout.log"] {"timestamp":"1475179774.818972826","source":"Route Registrar","message":"Route Registrar.Script exited without error","log_level":1,"data":{"script":"/var/vcap/jobs/uaa/bin/health_check","stderr":"  % Total    % Received % Xferd  Average Speed   Time    Time     Time  Current\n                                 Dload  Upload   Total   Spent    Left  Speed\n\r  0     0    0     0    0     0      0      0 --:--:-- --:--:-- --:--:--     0\r100     3  100     3    0     0   2727      0 --:--:-- --:--:-- --:--:--  3000\n","stdout":""}}

2016-09-29T20:09:37.144641+00:00 05bf1627-ae2f-400c-b1ce-31973a9ff23f - - - [NXLOG@14506 bosh_deployment="cf-warden" bosh_job_name="uaa_z1" bosh_job_index="0" filename="/var/vcap/data/sys/log/route_registrar/route_registrar.stdout.log"] {"timestamp":"1475179774.818976879","source":"Route Registrar","message":"Route Registrar.healthchecker returned healthy for route","log_level":1,"data":{"route":{"Name":"uaa","Port":8080,"Tags":{"component":"uaa"},"URIs":["uaa.bosh-lite.com","*.uaa.bosh-lite.com","login.bosh-lite.com","*.login.bosh-lite.com"],"RouteServiceUrl":"","RegistrationInterval":4000000000,"HealthCheck":{"Name":"uaa-healthcheck","ScriptPath":"/var/vcap/jobs/uaa/bin/health_check","Timeout":2000000000}}}}

2016-09-29T20:09:37.144683+00:00 05bf1627-ae2f-400c-b1ce-31973a9ff23f - - - [NXLOG@14506 bosh_deployment="cf-warden" bosh_job_name="uaa_z1" bosh_job_index="0" filename="/var/vcap/data/sys/log/route_registrar/route_registrar.stdout.log"] {"timestamp":"1475179774.819049120","source":"Route Registrar","message":"Route Registrar.Registering route","log_level":1,"data":{"route":{"Name":"uaa","Port":8080,"Tags":{"component":"uaa"},"URIs":["uaa.bosh-lite.com","*.uaa.bosh-lite.com","login.bosh-lite.com","*.login.bosh-lite.com"],"RouteServiceUrl":"","RegistrationInterval":4000000000,"HealthCheck":{"Name":"uaa-healthcheck","ScriptPath":"/var/vcap/jobs/uaa/bin/health_check","Timeout":2000000000}}}}

2016-09-29T20:09:37.144731+00:00 05bf1627-ae2f-400c-b1ce-31973a9ff23f - - - [NXLOG@14506 bosh_deployment="cf-warden" bosh_job_name="uaa_z1" bosh_job_index="0" filename="/var/vcap/data/sys/log/route_registrar/route_registrar.stdout.log"] {"timestamp":"1475179774.819107533","source":"Route Registrar","message":"Route Registrar.Registered routes successfully","log_level":1,"data":{}}

2016-09-29T20:09:37.144771+00:00 05bf1627-ae2f-400c-b1ce-31973a9ff23f - - - [NXLOG@14506 bosh_deployment="cf-warden" bosh_job_name="uaa_z1" bosh_job_index="0" filename="/var/vcap/data/sys/log/uaa/uaa.log"] [2016-09-29 20:09:30.816] uaa - 19013 [http-nio-127.0.0.1-8989-exec-3] .... DEBUG --- AntPathRequestMatcher: Checking match of request : '/healthz'; against '/resources/**'

2016-09-29T20:09:37.144825+00:00 05bf1627-ae2f-400c-b1ce-31973a9ff23f - - - [NXLOG@14506 bosh_deployment="cf-warden" bosh_job_name="uaa_z1" bosh_job_index="0" filename="/var/vcap/data/sys/log/uaa/uaa.log"] [2016-09-29 20:09:30.816] uaa - 19013 [http-nio-127.0.0.1-8989-exec-3] .... DEBUG --- AntPathRequestMatcher: Checking match of request : '/healthz'; against '/square-logo.png'

2016-09-29T20:09:37.144941+00:00 05bf1627-ae2f-400c-b1ce-31973a9ff23f - - - [NXLOG@14506 bosh_deployment="cf-warden" bosh_job_name="uaa_z1" bosh_job_index="0" filename="/var/vcap/data/sys/log/uaa/uaa.log"] [2016-09-29 20:09:30.816] uaa - 19013 [http-nio-127.0.0.1-8989-exec-3] .... DEBUG --- AntPathRequestMatcher: Checking match of request : '/healthz'; against '/info'

2016-09-29T20:09:37.145028+00:00 05bf1627-ae2f-400c-b1ce-31973a9ff23f - - - [NXLOG@14506 bosh_deployment="cf-warden" bosh_job_name="uaa_z1" bosh_job_index="0" filename="/var/vcap/data/sys/log/uaa/uaa.log"] [2016-09-29 20:09:30.816] uaa - 19013 [http-nio-127.0.0.1-8989-exec-3] .... DEBUG --- AntPathRequestMatcher: Checking match of request : '/healthz'; against '/password/**'

2016-09-29T20:09:37.145043+00:00 05bf1627-ae2f-400c-b1ce-31973a9ff23f - - - [NXLOG@14506 bosh_deployment="cf-warden" bosh_job_name="uaa_z1" bosh_job_index="0" filename="/var/vcap/data/sys/log/uaa/uaa.log"] [2016-09-29 20:09:30.816] uaa - 19013 [http-nio-127.0.0.1-8989-exec-3] .... DEBUG --- AntPathRequestMatcher: Checking match of request : '/healthz'; against '/healthz/**'

2016-09-29T20:09:37.145052+00:00 05bf1627-ae2f-400c-b1ce-31973a9ff23f - - - [NXLOG@14506 bosh_deployment="cf-warden" bosh_job_name="uaa_z1" bosh_job_index="0" filename="/var/vcap/data/sys/log/uaa/uaa.log"] [2016-09-29 20:09:30.816] uaa - 19013 [http-nio-127.0.0.1-8989-exec-3] .... DEBUG --- FilterChainProxy: /healthz has an empty filter list

2016-09-29T20:09:37.145062+00:00 05bf1627-ae2f-400c-b1ce-31973a9ff23f - - - [NXLOG@14506 bosh_deployment="cf-warden" bosh_job_name="uaa_z1" bosh_job_index="0" filename="/var/vcap/data/sys/log/uaa/uaa.log"] [2016-09-29 20:09:30.816] uaa - 19013 [http-nio-127.0.0.1-8989-exec-3] .... DEBUG --- DispatcherServlet: DispatcherServlet with name 'spring' processing GET request for [/healthz]

2016-09-29T20:09:37.145086+00:00 05bf1627-ae2f-400c-b1ce-31973a9ff23f - - - [NXLOG@14506 bosh_deployment="cf-warden" bosh_job_name="uaa_z1" bosh_job_index="0" filename="/var/vcap/data/sys/log/uaa/uaa.log"] [2016-09-29 20:09:30.816] uaa - 19013 [http-nio-127.0.0.1-8989-exec-3] .... DEBUG --- DispatcherServlet: Last-Modified value for [/healthz] is: -1

2016-09-29T20:09:37.145096+00:00 05bf1627-ae2f-400c-b1ce-31973a9ff23f - - - [NXLOG@14506 bosh_deployment="cf-warden" bosh_job_name="uaa_z1" bosh_job_index="0" filename="/var/vcap/data/sys/log/uaa/uaa.log"] [2016-09-29 20:09:30.817] uaa - 19013 [http-nio-127.0.0.1-8989-exec-3] .... DEBUG --- RequestResponseBodyMethodProcessor: Written [ok

2016-09-29T20:09:37.145105+00:00 05bf1627-ae2f-400c-b1ce-31973a9ff23f - - - [NXLOG@14506 bosh_deployment="cf-warden" bosh_job_name="uaa_z1" bosh_job_index="0" filename="/var/vcap/data/sys/log/uaa/uaa.log"] ] as "text/plain;charset=ISO-8859-1" using [org.springframework.http.converter.StringHttpMessageConverter@178b2baf]

2016-09-29T20:09:37.145126+00:00 05bf1627-ae2f-400c-b1ce-31973a9ff23f - - - [NXLOG@14506 bosh_deployment="cf-warden" bosh_job_name="uaa_z1" bosh_job_index="0" filename="/var/vcap/data/sys/log/uaa/uaa.log"] [2016-09-29 20:09:30.817] uaa - 19013 [http-nio-127.0.0.1-8989-exec-3] .... DEBUG --- DispatcherServlet: Null ModelAndView returned to DispatcherServlet with name 'spring': assuming HandlerAdapter completed request handling

2016-09-29T20:09:37.145154+00:00 05bf1627-ae2f-400c-b1ce-31973a9ff23f - - - [NXLOG@14506 bosh_deployment="cf-warden" bosh_job_name="uaa_z1" bosh_job_index="0" filename="/var/vcap/data/sys/log/uaa/uaa.log"] [2016-09-29 20:09:30.817] uaa - 19013 [http-nio-127.0.0.1-8989-exec-3] .... DEBUG --- DispatcherServlet: Successfully completed request

2016-09-29T20:09:37.145168+00:00 05bf1627-ae2f-400c-b1ce-31973a9ff23f - - - [NXLOG@14506 bosh_deployment="cf-warden" bosh_job_name="uaa_z1" bosh_job_index="0" filename="/var/vcap/data/sys/log/uaa/uaa.log"] [2016-09-29 20:09:30.891] uaa - 19013 [http-nio-127.0.0.1-8989-exec-5] .... DEBUG --- AntPathRequestMatcher: Checking match of request : '/healthz'; against '/resources/**'

2016-09-29T20:09:37.145179+00:00 05bf1627-ae2f-400c-b1ce-31973a9ff23f - - - [NXLOG@14506 bosh_deployment="cf-warden" bosh_job_name="uaa_z1" bosh_job_index="0" filename="/var/vcap/data/sys/log/uaa/uaa.log"] [2016-09-29 20:09:30.891] uaa - 19013 [http-nio-127.0.0.1-8989-exec-5] .... DEBUG --- AntPathRequestMatcher: Checking match of request : '/healthz'; against '/square-logo.png'

2016-09-29T20:09:37.145189+00:00 05bf1627-ae2f-400c-b1ce-31973a9ff23f - - - [NXLOG@14506 bosh_deployment="cf-warden" bosh_job_name="uaa_z1" bosh_job_index="0" filename="/var/vcap/data/sys/log/uaa/uaa.log"] [2016-09-29 20:09:30.891] uaa - 19013 [http-nio-127.0.0.1-8989-exec-5] .... DEBUG --- AntPathRequestMatcher: Checking match of request : '/healthz'; against '/info'

2016-09-29T20:09:37.145214+00:00 05bf1627-ae2f-400c-b1ce-31973a9ff23f - - - [NXLOG@14506 bosh_deployment="cf-warden" bosh_job_name="uaa_z1" bosh_job_index="0" filename="/var/vcap/data/sys/log/uaa/uaa.log"] [2016-09-29 20:09:30.891] uaa - 19013 [http-nio-127.0.0.1-8989-exec-5] .... DEBUG --- AntPathRequestMatcher: Checking match of request : '/healthz'; against '/password/**'

2016-09-29T20:09:37.145242+00:00 05bf1627-ae2f-400c-b1ce-31973a9ff23f - - - [NXLOG@14506 bosh_deployment="cf-warden" bosh_job_name="uaa_z1" bosh_job_index="0" filename="/var/vcap/data/sys/log/uaa/uaa.log"] [2016-09-29 20:09:30.891] uaa - 19013 [http-nio-127.0.0.1-8989-exec-5] .... DEBUG --- AntPathRequestMatcher: Checking match of request : '/healthz'; against '/healthz/**'

2016-09-29T20:09:37.145254+00:00 05bf1627-ae2f-400c-b1ce-31973a9ff23f - - - [NXLOG@14506 bosh_deployment="cf-warden" bosh_job_name="uaa_z1" bosh_job_index="0" filename="/var/vcap/data/sys/log/uaa/uaa.log"] [2016-09-29 20:09:30.891] uaa - 19013 [http-nio-127.0.0.1-8989-exec-5] .... DEBUG --- FilterChainProxy: /healthz has an empty filter list

2016-09-29T20:09:37.145264+00:00 05bf1627-ae2f-400c-b1ce-31973a9ff23f - - - [NXLOG@14506 bosh_deployment="cf-warden" bosh_job_name="uaa_z1" bosh_job_index="0" filename="/var/vcap/data/sys/log/uaa/uaa.log"] [2016-09-29 20:09:30.892] uaa - 19013 [http-nio-127.0.0.1-8989-exec-5] .... DEBUG --- DispatcherServlet: DispatcherServlet with name 'spring' processing GET request for [/healthz]

2016-09-29T20:09:37.145287+00:00 05bf1627-ae2f-400c-b1ce-31973a9ff23f - - - [NXLOG@14506 bosh_deployment="cf-warden" bosh_job_name="uaa_z1" bosh_job_index="0" filename="/var/vcap/data/sys/log/uaa/uaa.log"] [2016-09-29 20:09:30.892] uaa - 19013 [http-nio-127.0.0.1-8989-exec-5] .... DEBUG --- DispatcherServlet: Last-Modified value for [/healthz] is: -1

2016-09-29T20:09:37.145315+00:00 05bf1627-ae2f-400c-b1ce-31973a9ff23f - - - [NXLOG@14506 bosh_deployment="cf-warden" bosh_job_name="uaa_z1" bosh_job_index="0" filename="/var/vcap/data/sys/log/uaa/uaa.log"] [2016-09-29 20:09:30.892] uaa - 19013 [http-nio-127.0.0.1-8989-exec-5] .... DEBUG --- RequestResponseBodyMethodProcessor: Written [ok

2016-09-29T20:09:37.145328+00:00 05bf1627-ae2f-400c-b1ce-31973a9ff23f - - - [NXLOG@14506 bosh_deployment="cf-warden" bosh_job_name="uaa_z1" bosh_job_index="0" filename="/var/vcap/data/sys/log/uaa/uaa.log"] ] as "text/plain;charset=ISO-8859-1" using [org.springframework.http.converter.StringHttpMessageConverter@178b2baf]

2016-09-29T20:09:37.145340+00:00 05bf1627-ae2f-400c-b1ce-31973a9ff23f - - - [NXLOG@14506 bosh_deployment="cf-warden" bosh_job_name="uaa_z1" bosh_job_index="0" filename="/var/vcap/data/sys/log/uaa/uaa.log"] [2016-09-29 20:09:30.892] uaa - 19013 [http-nio-127.0.0.1-8989-exec-5] .... DEBUG --- DispatcherServlet: Null ModelAndView returned to DispatcherServlet with name 'spring': assuming HandlerAdapter completed request handling

2016-09-29T20:09:37.145363+00:00 05bf1627-ae2f-400c-b1ce-31973a9ff23f - - - [NXLOG@14506 bosh_deployment="cf-warden" bosh_job_name="uaa_z1" bosh_job_index="0" filename="/var/vcap/data/sys/log/uaa/uaa.log"] [2016-09-29 20:09:30.892] uaa - 19013 [http-nio-127.0.0.1-8989-exec-5] .... DEBUG --- DispatcherServlet: Successfully completed request

2016-09-29T20:09:37.145403+00:00 05bf1627-ae2f-400c-b1ce-31973a9ff23f - - - [NXLOG@14506 bosh_deployment="cf-warden" bosh_job_name="uaa_z1" bosh_job_index="0" filename="/var/vcap/data/sys/log/uaa/uaa.log"] [2016-09-29 20:09:31.156] uaa - 19013 [pool-2-thread-1] .... DEBUG --- JdbcTemplate: Executing SQL query [select count(*) from oauth_client_details]

2016-09-29T20:09:37.145414+00:00 05bf1627-ae2f-400c-b1ce-31973a9ff23f - - - [NXLOG@14506 bosh_deployment="cf-warden" bosh_job_name="uaa_z1" bosh_job_index="0" filename="/var/vcap/data/sys/log/uaa/uaa.log"] [2016-09-29 20:09:31.158] uaa - 19013 [pool-2-thread-1] .... DEBUG --- JdbcTemplate: Executing SQL query [select count(*) from users]

2016-09-29T20:09:37.145423+00:00 05bf1627-ae2f-400c-b1ce-31973a9ff23f - - - [NXLOG@14506 bosh_deployment="cf-warden" bosh_job_name="uaa_z1" bosh_job_index="0" filename="/var/vcap/data/sys/log/uaa/uaa.log"] [2016-09-29 20:09:34.816] uaa - 19013 [http-nio-127.0.0.1-8989-exec-6] .... DEBUG --- AntPathRequestMatcher: Checking match of request : '/healthz'; against '/resources/**'

2016-09-29T20:09:37.145447+00:00 05bf1627-ae2f-400c-b1ce-31973a9ff23f - - - [NXLOG@14506 bosh_deployment="cf-warden" bosh_job_name="uaa_z1" bosh_job_index="0" filename="/var/vcap/data/sys/log/uaa/uaa.log"] [2016-09-29 20:09:34.816] uaa - 19013 [http-nio-127.0.0.1-8989-exec-6] .... DEBUG --- AntPathRequestMatcher: Checking match of request : '/healthz'; against '/square-logo.png'

2016-09-29T20:09:37.145487+00:00 05bf1627-ae2f-400c-b1ce-31973a9ff23f - - - [NXLOG@14506 bosh_deployment="cf-warden" bosh_job_name="uaa_z1" bosh_job_index="0" filename="/var/vcap/data/sys/log/uaa/uaa.log"] [2016-09-29 20:09:34.816] uaa - 19013 [http-nio-127.0.0.1-8989-exec-6] .... DEBUG --- AntPathRequestMatcher: Checking match of request : '/healthz'; against '/info'

2016-09-29T20:09:37.145499+00:00 05bf1627-ae2f-400c-b1ce-31973a9ff23f - - - [NXLOG@14506 bosh_deployment="cf-warden" bosh_job_name="uaa_z1" bosh_job_index="0" filename="/var/vcap/data/sys/log/uaa/uaa.log"] [2016-09-29 20:09:34.816] uaa - 19013 [http-nio-127.0.0.1-8989-exec-6] .... DEBUG --- AntPathRequestMatcher: Checking match of request : '/healthz'; against '/password/**'

2016-09-29T20:09:37.145508+00:00 05bf1627-ae2f-400c-b1ce-31973a9ff23f - - - [NXLOG@14506 bosh_deployment="cf-warden" bosh_job_name="uaa_z1" bosh_job_index="0" filename="/var/vcap/data/sys/log/uaa/uaa.log"] [2016-09-29 20:09:34.816] uaa - 19013 [http-nio-127.0.0.1-8989-exec-6] .... DEBUG --- AntPathRequestMatcher: Checking match of request : '/healthz'; against '/healthz/**'

2016-09-29T20:09:37.145531+00:00 05bf1627-ae2f-400c-b1ce-31973a9ff23f - - - [NXLOG@14506 bosh_deployment="cf-warden" bosh_job_name="uaa_z1" bosh_job_index="0" filename="/var/vcap/data/sys/log/uaa/uaa.log"] [2016-09-29 20:09:34.816] uaa - 19013 [http-nio-127.0.0.1-8989-exec-6] .... DEBUG --- FilterChainProxy: /healthz has an empty filter list

2016-09-29T20:09:37.145569+00:00 05bf1627-ae2f-400c-b1ce-31973a9ff23f - - - [NXLOG@14506 bosh_deployment="cf-warden" bosh_job_name="uaa_z1" bosh_job_index="0" filename="/var/vcap/data/sys/log/uaa/uaa.log"] [2016-09-29 20:09:34.816] uaa - 19013 [http-nio-127.0.0.1-8989-exec-6] .... DEBUG --- DispatcherServlet: DispatcherServlet with name 'spring' processing GET request for [/healthz]

2016-09-29T20:09:46.993945+00:00 bfc626ef-a2eb-4bad-8f71-fa1d6d0f927f - - - [NXLOG@14506 bosh_deployment="cf-warden" bosh_job_name="loggregator_trafficcontroller_z1" bosh_job_index="0" filename="/var/vcap/data/sys/log/route_registrar/route_registrar.stdout.log"] {"timestamp":"1475179786.733170748","source":"Route Registrar","message":"Route Registrar.no healthchecker found for route","log_level":1,"data":{"route":{"Name":"loggregator","Port":8080,"Tags":null,"URIs":["loggregator.bosh-lite.com"],"RouteServiceUrl":"","RegistrationInterval":20000000000,"HealthCheck":null}}}

2016-09-29T20:09:46.993945+00:00 bfc626ef-a2eb-4bad-8f71-fa1d6d0f927f - - - [NXLOG@14506 bosh_deployment="cf-warden" bosh_job_name="loggregator_trafficcontroller_z1" bosh_job_index="0" filename="/var/vcap/data/sys/log/route_registrar/route_registrar.stdout.log"] {"timestamp":"1475179786.733296871","source":"Route Registrar","message":"Route Registrar.Registering route","log_level":1,"data":{"route":{"Name":"loggregator","Port":8080,"Tags":null,"URIs":["loggregator.bosh-lite.com"],"RouteServiceUrl":"","RegistrationInterval":20000000000,"HealthCheck":null}}}

2016-09-29T20:09:46.993945+00:00 bfc626ef-a2eb-4bad-8f71-fa1d6d0f927f - - - [NXLOG@14506 bosh_deployment="cf-warden" bosh_job_name="loggregator_trafficcontroller_z1" bosh_job_index="0" filename="/var/vcap/data/sys/log/route_registrar/route_registrar.stdout.log"] {"timestamp":"1475179786.733426332","source":"Route Registrar","message":"Route Registrar.Registered routes successfully","log_level":1,"data":{}}

2016-09-29T20:09:46.994592+00:00 bfc626ef-a2eb-4bad-8f71-fa1d6d0f927f - - - [NXLOG@14506 bosh_deployment="cf-warden" bosh_job_name="loggregator_trafficcontroller_z1" bosh_job_index="0" filename="/var/vcap/data/sys/log/route_registrar/route_registrar.stdout.log"] {"timestamp":"1475179786.733516455","source":"Route Registrar","message":"Route Registrar.no healthchecker found for route","log_level":1,"data":{"route":{"Name":"doppler","Port":8081,"Tags":null,"URIs":["doppler.bosh-lite.com"],"RouteServiceUrl":"","RegistrationInterval":20000000000,"HealthCheck":null}}}

2016-09-29T20:09:46.994654+00:00 bfc626ef-a2eb-4bad-8f71-fa1d6d0f927f - - - [NXLOG@14506 bosh_deployment="cf-warden" bosh_job_name="loggregator_trafficcontroller_z1" bosh_job_index="0" filename="/var/vcap/data/sys/log/route_registrar/route_registrar.stdout.log"] {"timestamp":"1475179786.733550072","source":"Route Registrar","message":"Route Registrar.Registering route","log_level":1,"data":{"route":{"Name":"doppler","Port":8081,"Tags":null,"URIs":["doppler.bosh-lite.com"],"RouteServiceUrl":"","RegistrationInterval":20000000000,"HealthCheck":null}}}

2016-09-29T20:09:46.994705+00:00 bfc626ef-a2eb-4bad-8f71-fa1d6d0f927f - - - [NXLOG@14506 bosh_deployment="cf-warden" bosh_job_name="loggregator_trafficcontroller_z1" bosh_job_index="0" filename="/var/vcap/data/sys/log/route_registrar/route_registrar.stdout.log"] {"timestamp":"1475179786.734651089","source":"Route Registrar","message":"Route Registrar.Registered routes successfully","log_level":1,"data":{}}

2016-09-29T20:09:46.998726+00:00 fc52b791-0068-48d0-b63d-a9600b8fa32e - - - [NXLOG@14506 bosh_deployment="cf-warden" bosh_job_name="runner_z1" bosh_job_index="0" filename="/var/vcap/data/sys/log/dea_next/dea_next.log"] {"timestamp":1475179781.860555,"message":"hm9000.heartbeat.sending","log_level":"debug","source":"Dea::Bootstrap","data":{"destination":"https://listener-hm9000.service.cf.internal:5335/dea/heartbeat"},"thread_id":47241037142420,"fiber_id":47241050325380,"process_id":6941,"file":"/var/vcap/packages/dea_next/lib/dea/utils/hm9000.rb","lineno":29,"method":"send_heartbeat"}

2016-09-29T20:09:46.998830+00:00 fc52b791-0068-48d0-b63d-a9600b8fa32e - - - [NXLOG@14506 bosh_deployment="cf-warden" bosh_job_name="runner_z1" bosh_job_index="0" filename="/var/vcap/data/sys/log/dea_next/dea_next.log"] {"timestamp":1475179781.8640764,"message":"hm9000.heartbeat.accepted","log_level":"debug","source":"Dea::Bootstrap","data":{},"thread_id":47241047596740,"fiber_id":47241049126240,"process_id":6941,"file":"/var/vcap/packages/dea_next/lib/dea/utils/hm9000.rb","lineno":49,"method":"handle_http_response"}

2016-09-29T20:09:46.993945+00:00 81da04d2-3e1d-4a50-80cd-e5b2e7a3a719 - - - [NXLOG@14506 bosh_deployment="cf-warden" bosh_job_name="router_z1" bosh_job_index="0" filename="/var/vcap/data/sys/log/gorouter/access.log"] api.bosh-lite.com - [29/09/2016:20:09:45.913 +0000] "GET /v2/syslog_drain_urls?batch_size=1000 HTTP/1.1" 200 0 42 "-" "Go-http-client/1.1" 10.244.0.34:55638 x_forwarded_for:"10.244.0.146" x_forwarded_proto:"https" vcap_request_id:95299c0a-8f64-4e80-7716-ecf8acb4e931 response_time:0.007488651 app_id:

2016-09-29T20:09:47.142634+00:00 b0fa19c0-86de-4447-a670-3f7adbd0b3c1 - - - [NXLOG@14506 bosh_deployment="cf-warden" bosh_job_name="api_z1" bosh_job_index="0" filename="/var/vcap/data/sys/log/route_registrar/route_registrar.stdout.log"] {"timestamp":"1475179787.088073254","source":"Route Registrar","message":"Route Registrar.no healthchecker found for route","log_level":1,"data":{"route":{"Name":"api","Port":9022,"Tags":{"component":"CloudController"},"URIs":["api.bosh-lite.com"],"RouteServiceUrl":"","RegistrationInterval":20000000000,"HealthCheck":null}}}

2016-09-29T20:09:47.142780+00:00 b0fa19c0-86de-4447-a670-3f7adbd0b3c1 - - - [NXLOG@14506 bosh_deployment="cf-warden" bosh_job_name="api_z1" bosh_job_index="0" filename="/var/vcap/data/sys/log/route_registrar/route_registrar.stdout.log"] {"timestamp":"1475179787.088263512","source":"Route Registrar","message":"Route Registrar.Registering route","log_level":1,"data":{"route":{"Name":"api","Port":9022,"Tags":{"component":"CloudController"},"URIs":["api.bosh-lite.com"],"RouteServiceUrl":"","RegistrationInterval":20000000000,"HealthCheck":null}}}

2016-09-29T20:09:47.142837+00:00 b0fa19c0-86de-4447-a670-3f7adbd0b3c1 - - - [NXLOG@14506 bosh_deployment="cf-warden" bosh_job_name="api_z1" bosh_job_index="0" filename="/var/vcap/data/sys/log/route_registrar/route_registrar.stdout.log"] {"timestamp":"1475179787.088363171","source":"Route Registrar","message":"Route Registrar.Registered routes successfully","log_level":1,"data":{}}

2016-09-29T20:09:47.142890+00:00 b0fa19c0-86de-4447-a670-3f7adbd0b3c1 - - - [NXLOG@14506 bosh_deployment="cf-warden" bosh_job_name="api_z1" bosh_job_index="0" filename="/var/vcap/data/sys/log/cloud_controller_worker/cloud_controller_worker.log"] {"timestamp":1475179779.1209307,"message":"(0.000563s) SELECT * FROM \"delayed_jobs\" WHERE ((((\"run_at\" <= '2016-09-29 20:09:39.119888+0000') AND (\"locked_at\" IS NULL)) OR (\"locked_by\" = 'cc_global_worker.api_z1.0.1')) AND (\"failed_at\" IS NULL) AND (\"queue\" IN ('cc-generic'))) ORDER BY \"priority\" ASC, \"run_at\" ASC LIMIT 5","log_level":"debug2","source":"cc.background","data":{},"thread_id":47193737007380,"fiber_id":47193773841900,"process_id":15807,"file":"/var/vcap/packages/cloud_controller_ng/cloud_controller_ng/vendor/bundle/ruby/2.3.0/gems/sequel-4.29.0/lib/sequel/database/logging.rb","lineno":70,"method":"block in log_each"}

2016-09-29T20:09:47.143001+00:00 b0fa19c0-86de-4447-a670-3f7adbd0b3c1 - - - [NXLOG@14506 bosh_deployment="cf-warden" bosh_job_name="api_z1" bosh_job_index="0" filename="/var/vcap/data/sys/log/cloud_controller_worker/cloud_controller_worker.log"] {"timestamp":1475179784.1415014,"message":"(0.000665s) SELECT * FROM \"delayed_jobs\" WHERE ((((\"run_at\" <= '2016-09-29 20:09:44.140289+0000') AND (\"locked_at\" IS NULL)) OR (\"locked_by\" = 'cc_global_worker.api_z1.0.1')) AND (\"failed_at\" IS NULL) AND (\"queue\" IN ('cc-generic'))) ORDER BY \"priority\" ASC, \"run_at\" ASC LIMIT 5","log_level":"debug2","source":"cc.background","data":{},"thread_id":47193737007380,"fiber_id":47193773841900,"process_id":15807,"file":"/var/vcap/packages/cloud_controller_ng/cloud_controller_ng/vendor/bundle/ruby/2.3.0/gems/sequel-4.29.0/lib/sequel/database/logging.rb","lineno":70,"method":"block in log_each"}

2016-09-29T20:09:47.143071+00:00 b0fa19c0-86de-4447-a670-3f7adbd0b3c1 - - - [NXLOG@14506 bosh_deployment="cf-warden" bosh_job_name="api_z1" bosh_job_index="0" filename="/var/vcap/data/sys/log/nginx_cc/nginx.access.log"] 10.244.0.138 - [29/Sep/2016:20:09:37 +0000] "GET /v2/info HTTP/1.1" 200 802 "-" "monit/5.2.5" 10.244.0.138 vcap_request_id:ecd782f4-d8f6-407e-b2db-0652e20d725f response_time:0.004

2016-09-29T20:09:47.143123+00:00 b0fa19c0-86de-4447-a670-3f7adbd0b3c1 - - - [NXLOG@14506 bosh_deployment="cf-warden" bosh_job_name="api_z1" bosh_job_index="0" filename="/var/vcap/data/sys/log/nginx_cc/nginx.access.log"] api.bosh-lite.com - [29/Sep/2016:20:09:38 +0000] "GET /bulk/apps?batch_size=5000&bulk_token={} HTTP/1.1" 200 323 "-" "Go-http-client/1.1" 10.244.0.142, 10.244.0.34, 10.244.0.22 vcap_request_id:7c6d7744-b100-4436-54b3-7e1ed5d11993::62e14a86-9b8d-46ae-a723-fd581edc7ad6 response_time:0.011

2016-09-29T20:09:47.143176+00:00 b0fa19c0-86de-4447-a670-3f7adbd0b3c1 - - - [NXLOG@14506 bosh_deployment="cf-warden" bosh_job_name="api_z1" bosh_job_index="0" filename="/var/vcap/data/sys/log/nginx_cc/nginx.access.log"] api.bosh-lite.com - [29/Sep/2016:20:09:45 +0000] "GET /v2/syslog_drain_urls?batch_size=1000 HTTP/1.1" 200 326 "-" "Go-http-client/1.1" 10.244.0.146, 10.244.0.34, 10.244.0.22 vcap_request_id:95299c0a-8f64-4e80-7716-ecf8acb4e931::914a781f-b79f-41d6-9e84-4779f3ffb5e5 response_time:0.006

2016-09-29T20:09:47.143229+00:00 b0fa19c0-86de-4447-a670-3f7adbd0b3c1 - - - [NXLOG@14506 bosh_deployment="cf-warden" bosh_job_name="api_z1" bosh_job_index="0" filename="/var/vcap/data/sys/log/cloud_controller_ng/cloud_controller_ng.log"] {"timestamp":1475179777.5781753,"message":"Statsd: cc.requests.outstanding:1|c","log_level":"debug","source":"statsd.client","data":{},"thread_id":47062185508100,"fiber_id":47062167821140,"process_id":15535,"file":"/var/vcap/packages/cloud_controller_ng/cloud_controller_ng/vendor/bundle/ruby/2.3.0/gems/statsd-ruby-1.2.1/lib/statsd.rb","lineno":254,"method":"send_to_socket"}

2016-09-29T20:09:47.143290+00:00 b0fa19c0-86de-4447-a670-3f7adbd0b3c1 - - - [NXLOG@14506 bosh_deployment="cf-warden" bosh_job_name="api_z1" bosh_job_index="0" filename="/var/vcap/data/sys/log/cloud_controller_ng/cloud_controller_ng.log"] {"timestamp":1475179777.579012,"message":"Started GET \"/v2/info\" for user: , ip: 127.0.0.1 with vcap-request-id: ecd782f4-d8f6-407e-b2db-0652e20d725f at 2016-09-29 20:09:37 UTC","log_level":"info","source":"cc.api","data":{},"thread_id":47062185508100,"fiber_id":47062167821140,"process_id":15535,"file":"/var/vcap/packages/cloud_controller_ng/cloud_controller_ng/middleware/request_logs.rb","lineno":12,"method":"call"}

2016-09-29T20:09:47.143347+00:00 b0fa19c0-86de-4447-a670-3f7adbd0b3c1 - - - [NXLOG@14506 bosh_deployment="cf-warden" bosh_job_name="api_z1" bosh_job_index="0" filename="/var/vcap/data/sys/log/cloud_controller_ng/cloud_controller_ng.log"] {"timestamp":1475179777.5797243,"message":"dispatch VCAP::CloudController::InfoController get /v2/info","log_level":"debug","source":"cc.api","data":{"request_guid":"ecd782f4-d8f6-407e-b2db-0652e20d725f"},"thread_id":47062185508100,"fiber_id":47062167821140,"process_id":15535,"file":"/var/vcap/data/packages/cloud_controller_ng/f87cb49aa2cd87792cb9c2211a79e1542502be4d.1-b1a5f3c830cb6c32ae9e685628b24aa967f5ae54/cloud_controller_ng/lib/cloud_controller/rest_controller/routes.rb","lineno":12,"method":"block in define_route"}

2016-09-29T20:09:47.143401+00:00 b0fa19c0-86de-4447-a670-3f7adbd0b3c1 - - - [NXLOG@14506 bosh_deployment="cf-warden" bosh_job_name="api_z1" bosh_job_index="0" filename="/var/vcap/data/sys/log/cloud_controller_ng/cloud_controller_ng.log"] {"timestamp":1475179777.5799127,"message":"parse_params: {} ","log_level":"debug","source":"cc.api","data":{"request_guid":"ecd782f4-d8f6-407e-b2db-0652e20d725f"},"thread_id":47062185508100,"fiber_id":47062167821140,"process_id":15535,"file":"/var/vcap/data/packages/cloud_controller_ng/f87cb49aa2cd87792cb9c2211a79e1542502be4d.1-b1a5f3c830cb6c32ae9e685628b24aa967f5ae54/cloud_controller_ng/lib/cloud_controller/rest_controller/common_params.rb","lineno":10,"method":"parse"}

2016-09-29T20:09:47.143451+00:00 b0fa19c0-86de-4447-a670-3f7adbd0b3c1 - - - [NXLOG@14506 bosh_deployment="cf-warden" bosh_job_name="api_z1" bosh_job_index="0" filename="/var/vcap/data/sys/log/cloud_controller_ng/cloud_controller_ng.log"] {"timestamp":1475179777.5801058,"message":"cc.dispatch","log_level":"debug","source":"cc.api","data":{"request_guid":"ecd782f4-d8f6-407e-b2db-0652e20d725f","endpoint":"read","args":[]},"thread_id":47062185508100,"fiber_id":47062167821140,"process_id":15535,"file":"/var/vcap/data/packages/cloud_controller_ng/f87cb49aa2cd87792cb9c2211a79e1542502be4d.1-b1a5f3c830cb6c32ae9e685628b24aa967f5ae54/cloud_controller_ng/app/controllers/base/base_controller.rb","lineno":78,"method":"dispatch"}

2016-09-29T20:09:47.143505+00:00 b0fa19c0-86de-4447-a670-3f7adbd0b3c1 - - - [NXLOG@14506 bosh_deployment="cf-warden" bosh_job_name="api_z1" bosh_job_index="0" filename="/var/vcap/data/sys/log/cloud_controller_ng/cloud_controller_ng.log"] {"timestamp":1475179777.5805473,"message":"Completed 200 vcap-request-id: ecd782f4-d8f6-407e-b2db-0652e20d725f","log_level":"info","source":"cc.api","data":{},"thread_id":47062185508100,"fiber_id":47062167821140,"process_id":15535,"file":"/var/vcap/packages/cloud_controller_ng/cloud_controller_ng/middleware/request_logs.rb","lineno":24,"method":"call"}

2016-09-29T20:09:47.143557+00:00 b0fa19c0-86de-4447-a670-3f7adbd0b3c1 - - - [NXLOG@14506 bosh_deployment="cf-warden" bosh_job_name="api_z1" bosh_job_index="0" filename="/var/vcap/data/sys/log/cloud_controller_ng/cloud_controller_ng.log"] {"timestamp":1475179777.5807378,"message":"Statsd: cc.requests.outstanding:-1|c\ncc.requests.completed:1|c\ncc.http_status.2XX:1|c","log_level":"debug","source":"statsd.client","data":{},"thread_id":47062185508100,"fiber_id":47062167821140,"process_id":15535,"file":"/var/vcap/packages/cloud_controller_ng/cloud_controller_ng/vendor/bundle/ruby/2.3.0/gems/statsd-ruby-1.2.1/lib/statsd.rb","lineno":254,"method":"send_to_socket"}

2016-09-29T20:09:47.143609+00:00 b0fa19c0-86de-4447-a670-3f7adbd0b3c1 - - - [NXLOG@14506 bosh_deployment="cf-warden" bosh_job_name="api_z1" bosh_job_index="0" filename="/var/vcap/data/sys/log/cloud_controller_ng/cloud_controller_ng.log"] {"timestamp":1475179778.4038424,"message":"Statsd: cc.requests.outstanding:1|c","log_level":"debug","source":"statsd.client","data":{},"thread_id":47062185507980,"fiber_id":47062184611840,"process_id":15535,"file":"/var/vcap/packages/cloud_controller_ng/cloud_controller_ng/vendor/bundle/ruby/2.3.0/gems/statsd-ruby-1.2.1/lib/statsd.rb","lineno":254,"method":"send_to_socket"}

2016-09-29T20:09:47.143658+00:00 b0fa19c0-86de-4447-a670-3f7adbd0b3c1 - - - [NXLOG@14506 bosh_deployment="cf-warden" bosh_job_name="api_z1" bosh_job_index="0" filename="/var/vcap/data/sys/log/cloud_controller_ng/cloud_controller_ng.log"] {"timestamp":1475179778.4053082,"message":"Started GET \"/bulk/apps?batch_size=5000&bulk_token={}\" for user: , ip: 127.0.0.1 with vcap-request-id: 7c6d7744-b100-4436-54b3-7e1ed5d11993::62e14a86-9b8d-46ae-a723-fd581edc7ad6 at 2016-09-29 20:09:38 UTC","log_level":"info","source":"cc.api","data":{},"thread_id":47062185507980,"fiber_id":47062184611840,"process_id":15535,"file":"/var/vcap/packages/cloud_controller_ng/cloud_controller_ng/middleware/request_logs.rb","lineno":12,"method":"call"}

2016-09-29T20:09:47.143702+00:00 b0fa19c0-86de-4447-a670-3f7adbd0b3c1 - - - [NXLOG@14506 bosh_deployment="cf-warden" bosh_job_name="api_z1" bosh_job_index="0" filename="/var/vcap/data/sys/log/cloud_controller_ng/cloud_controller_ng.log"] {"timestamp":1475179778.4067643,"message":"dispatch VCAP::CloudController::LegacyBulk get /bulk/apps","log_level":"debug","source":"cc.api","data":{"request_guid":"7c6d7744-b100-4436-54b3-7e1ed5d11993::62e14a86-9b8d-46ae-a723-fd581edc7ad6"},"thread_id":47062185507980,"fiber_id":47062184611840,"process_id":15535,"file":"/var/vcap/data/packages/cloud_controller_ng/f87cb49aa2cd87792cb9c2211a79e1542502be4d.1-b1a5f3c830cb6c32ae9e685628b24aa967f5ae54/cloud_controller_ng/lib/cloud_controller/rest_controller/routes.rb","lineno":12,"method":"block in define_route"}

2016-09-29T20:09:47.143729+00:00 b0fa19c0-86de-4447-a670-3f7adbd0b3c1 - - - [NXLOG@14506 bosh_deployment="cf-warden" bosh_job_name="api_z1" bosh_job_index="0" filename="/var/vcap/data/sys/log/cloud_controller_ng/cloud_controller_ng.log"] {"timestamp":1475179778.4074845,"message":"parse_params: {\"batch_size\"=>\"5000\", \"bulk_token\"=>\"{}\"} batch_size=5000&bulk_token={}","log_level":"debug","source":"cc.api","data":{"request_guid":"7c6d7744-b100-4436-54b3-7e1ed5d11993::62e14a86-9b8d-46ae-a723-fd581edc7ad6"},"thread_id":47062185507980,"fiber_id":47062184611840,"process_id":15535,"file":"/var/vcap/data/packages/cloud_controller_ng/f87cb49aa2cd87792cb9c2211a79e1542502be4d.1-b1a5f3c830cb6c32ae9e685628b24aa967f5ae54/cloud_controller_ng/lib/cloud_controller/rest_controller/common_params.rb","lineno":10,"method":"parse"}

2016-09-29T20:09:47.143772+00:00 b0fa19c0-86de-4447-a670-3f7adbd0b3c1 - - - [NXLOG@14506 bosh_deployment="cf-warden" bosh_job_name="api_z1" bosh_job_index="0" filename="/var/vcap/data/sys/log/cloud_controller_ng/cloud_controller_ng.log"] {"timestamp":1475179778.4078758,"message":"cc.dispatch","log_level":"debug","source":"cc.api","data":{"request_guid":"7c6d7744-b100-4436-54b3-7e1ed5d11993::62e14a86-9b8d-46ae-a723-fd581edc7ad6","endpoint":"bulk_apps","args":[]},"thread_id":47062185507980,"fiber_id":47062184611840,"process_id":15535,"file":"/var/vcap/data/packages/cloud_controller_ng/f87cb49aa2cd87792cb9c2211a79e1542502be4d.1-b1a5f3c830cb6c32ae9e685628b24aa967f5ae54/cloud_controller_ng/app/controllers/base/base_controller.rb","lineno":78,"method":"dispatch"}

2016-09-29T20:09:47.143797+00:00 b0fa19c0-86de-4447-a670-3f7adbd0b3c1 - - - [NXLOG@14506 bosh_deployment="cf-warden" bosh_job_name="api_z1" bosh_job_index="0" filename="/var/vcap/data/sys/log/cloud_controller_ng/cloud_controller_ng.log"] {"timestamp":1475179778.4112236,"message":"(0.000818s) SELECT \"id\", \"guid\", \"instances\", \"state\", \"memory\", \"package_state\", \"version\", \"created_at\", \"updated_at\" FROM \"apps\" WHERE ((id > 0) AND (deleted_at IS NULL) AND (\"diego\" IS FALSE) AND (\"state\" = 'STARTED') AND (\"package_state\" != 'FAILED')) ORDER BY \"id\" LIMIT 5000","log_level":"debug2","source":"cc.db","data":{"request_guid":"7c6d7744-b100-4436-54b3-7e1ed5d11993::62e14a86-9b8d-46ae-a723-fd581edc7ad6"},"thread_id":47062185507980,"fiber_id":47062184611840,"process_id":15535,"file":"/var/vcap/packages/cloud_controller_ng/cloud_controller_ng/vendor/bundle/ruby/2.3.0/gems/sequel-4.29.0/lib/sequel/database/logging.rb","lineno":70,"method":"block in log_each"}

2016-09-29T20:09:47.143840+00:00 b0fa19c0-86de-4447-a670-3f7adbd0b3c1 - - - [NXLOG@14506 bosh_deployment="cf-warden" bosh_job_name="api_z1" bosh_job_index="0" filename="/var/vcap/data/sys/log/cloud_controller_ng/cloud_controller_ng.log"] {"timestamp":1475179778.411735,"message":"Completed 200 vcap-request-id: 7c6d7744-b100-4436-54b3-7e1ed5d11993::62e14a86-9b8d-46ae-a723-fd581edc7ad6","log_level":"info","source":"cc.api","data":{},"thread_id":47062185507980,"fiber_id":47062184611840,"process_id":15535,"file":"/var/vcap/packages/cloud_controller_ng/cloud_controller_ng/middleware/request_logs.rb","lineno":24,"method":"call"}

2016-09-29T20:09:47.143864+00:00 b0fa19c0-86de-4447-a670-3f7adbd0b3c1 - - - [NXLOG@14506 bosh_deployment="cf-warden" bosh_job_name="api_z1" bosh_job_index="0" filename="/var/vcap/data/sys/log/cloud_controller_ng/cloud_controller_ng.log"] {"timestamp":1475179778.412477,"message":"Statsd: cc.requests.outstanding:-1|c\ncc.requests.completed:1|c\ncc.http_status.2XX:1|c","log_level":"debug","source":"statsd.client","data":{},"thread_id":47062185507980,"fiber_id":47062184611840,"process_id":15535,"file":"/var/vcap/packages/cloud_controller_ng/cloud_controller_ng/vendor/bundle/ruby/2.3.0/gems/statsd-ruby-1.2.1/lib/statsd.rb","lineno":254,"method":"send_to_socket"}

2016-09-29T20:09:47.143889+00:00 b0fa19c0-86de-4447-a670-3f7adbd0b3c1 - - - [NXLOG@14506 bosh_deployment="cf-warden" bosh_job_name="api_z1" bosh_job_index="0" filename="/var/vcap/data/sys/log/cloud_controller_ng/cloud_controller_ng.log"] {"timestamp":1475179779.1076295,"message":"(0.000651s) SELECT * FROM \"delayed_jobs\" WHERE ((((\"run_at\" <= '2016-09-29 20:09:39.106462+0000') AND (\"locked_at\" IS NULL)) OR (\"locked_by\" = 'cc_api_worker.api_z1.0.2')) AND (\"failed_at\" IS NULL) AND (\"queue\" IN ('cc-api_z1-0'))) ORDER BY \"priority\" ASC, \"run_at\" ASC LIMIT 5","log_level":"debug2","source":"cc.background","data":{},"thread_id":47118928261380,"fiber_id":47118965175380,"process_id":15629,"file":"/var/vcap/packages/cloud_controller_ng/cloud_controller_ng/vendor/bundle/ruby/2.3.0/gems/sequel-4.29.0/lib/sequel/database/logging.rb","lineno":70,"method":"block in log_each"}

2016-09-29T20:09:47.143930+00:00 b0fa19c0-86de-4447-a670-3f7adbd0b3c1 - - - [NXLOG@14506 bosh_deployment="cf-warden" bosh_job_name="api_z1" bosh_job_index="0" filename="/var/vcap/data/sys/log/cloud_controller_ng/cloud_controller_ng.log"] {"timestamp":1475179780.238654,"message":"(0.000753s) SELECT * FROM \"delayed_jobs\" WHERE ((((\"run_at\" <= '2016-09-29 20:09:40.237421+0000') AND (\"locked_at\" IS NULL)) OR (\"locked_by\" = 'cc_api_worker.api_z1.0.1')) AND (\"failed_at\" IS NULL) AND (\"queue\" IN ('cc-api_z1-0'))) ORDER BY \"priority\" ASC, \"run_at\" ASC LIMIT 5","log_level":"debug2","source":"cc.background","data":{},"thread_id":47452862460180,"fiber_id":47452899698480,"process_id":15587,"file":"/var/vcap/packages/cloud_controller_ng/cloud_controller_ng/vendor/bundle/ruby/2.3.0/gems/sequel-4.29.0/lib/sequel/database/logging.rb","lineno":70,"method":"block in log_each"}

2016-09-29T20:09:47.143957+00:00 b0fa19c0-86de-4447-a670-3f7adbd0b3c1 - - - [NXLOG@14506 bosh_deployment="cf-warden" bosh_job_name="api_z1" bosh_job_index="0" filename="/var/vcap/data/sys/log/cloud_controller_ng/cloud_controller_ng.log"] {"timestamp":1475179784.127797,"message":"(0.000502s) SELECT * FROM \"delayed_jobs\" WHERE ((((\"run_at\" <= '2016-09-29 20:09:44.126789+0000') AND (\"locked_at\" IS NULL)) OR (\"locked_by\" = 'cc_api_worker.api_z1.0.2')) AND (\"failed_at\" IS NULL) AND (\"queue\" IN ('cc-api_z1-0'))) ORDER BY \"priority\" ASC, \"run_at\" ASC LIMIT 5","log_level":"debug2","source":"cc.background","data":{},"thread_id":47118928261380,"fiber_id":47118965175380,"process_id":15629,"file":"/var/vcap/packages/cloud_controller_ng/cloud_controller_ng/vendor/bundle/ruby/2.3.0/gems/sequel-4.29.0/lib/sequel/database/logging.rb","lineno":70,"method":"block in log_each"}

2016-09-29T20:09:47.143997+00:00 b0fa19c0-86de-4447-a670-3f7adbd0b3c1 - - - [NXLOG@14506 bosh_deployment="cf-warden" bosh_job_name="api_z1" bosh_job_index="0" filename="/var/vcap/data/sys/log/cloud_controller_ng/cloud_controller_ng.log"] {"timestamp":1475179785.2594194,"message":"(0.000729s) SELECT * FROM \"delayed_jobs\" WHERE ((((\"run_at\" <= '2016-09-29 20:09:45.257306+0000') AND (\"locked_at\" IS NULL)) OR (\"locked_by\" = 'cc_api_worker.api_z1.0.1')) AND (\"failed_at\" IS NULL) AND (\"queue\" IN ('cc-api_z1-0'))) ORDER BY \"priority\" ASC, \"run_at\" ASC LIMIT 5","log_level":"debug2","source":"cc.background","data":{},"thread_id":47452862460180,"fiber_id":47452899698480,"process_id":15587,"file":"/var/vcap/packages/cloud_controller_ng/cloud_controller_ng/vendor/bundle/ruby/2.3.0/gems/sequel-4.29.0/lib/sequel/database/logging.rb","lineno":70,"method":"block in log_each"}

2016-09-29T20:09:47.144023+00:00 b0fa19c0-86de-4447-a670-3f7adbd0b3c1 - - - [NXLOG@14506 bosh_deployment="cf-warden" bosh_job_name="api_z1" bosh_job_index="0" filename="/var/vcap/data/sys/log/cloud_controller_ng/cloud_controller_ng.log"] {"timestamp":1475179785.9150522,"message":"Statsd: cc.requests.outstanding:1|c","log_level":"debug","source":"statsd.client","data":{},"thread_id":47062185509200,"fiber_id":47062154523660,"process_id":15535,"file":"/var/vcap/packages/cloud_controller_ng/cloud_controller_ng/vendor/bundle/ruby/2.3.0/gems/statsd-ruby-1.2.1/lib/statsd.rb","lineno":254,"method":"send_to_socket"}

2016-09-29T20:09:47.144060+00:00 b0fa19c0-86de-4447-a670-3f7adbd0b3c1 - - - [NXLOG@14506 bosh_deployment="cf-warden" bosh_job_name="api_z1" bosh_job_index="0" filename="/var/vcap/data/sys/log/cloud_controller_ng/cloud_controller_ng.log"] {"timestamp":1475179785.9159355,"message":"Started GET \"/v2/syslog_drain_urls?batch_size=1000\" for user: , ip: 127.0.0.1 with vcap-request-id: 95299c0a-8f64-4e80-7716-ecf8acb4e931::914a781f-b79f-41d6-9e84-4779f3ffb5e5 at 2016-09-29 20:09:45 UTC","log_level":"info","source":"cc.api","data":{},"thread_id":47062185509200,"fiber_id":47062154523660,"process_id":15535,"file":"/var/vcap/packages/cloud_controller_ng/cloud_controller_ng/middleware/request_logs.rb","lineno":12,"method":"call"}

2016-09-29T20:09:47.144085+00:00 b0fa19c0-86de-4447-a670-3f7adbd0b3c1 - - - [NXLOG@14506 bosh_deployment="cf-warden" bosh_job_name="api_z1" bosh_job_index="0" filename="/var/vcap/data/sys/log/cloud_controller_ng/cloud_controller_ng.log"] {"timestamp":1475179785.917548,"message":"dispatch VCAP::CloudController::SyslogDrainUrlsController get /v2/syslog_drain_urls","log_level":"debug","source":"cc.api","data":{"request_guid":"95299c0a-8f64-4e80-7716-ecf8acb4e931::914a781f-b79f-41d6-9e84-4779f3ffb5e5"},"thread_id":47062185509200,"fiber_id":47062154523660,"process_id":15535,"file":"/var/vcap/data/packages/cloud_controller_ng/f87cb49aa2cd87792cb9c2211a79e1542502be4d.1-b1a5f3c830cb6c32ae9e685628b24aa967f5ae54/cloud_controller_ng/lib/cloud_controller/rest_controller/routes.rb","lineno":12,"method":"block in define_route"}

2016-09-29T20:09:47.144116+00:00 b0fa19c0-86de-4447-a670-3f7adbd0b3c1 - - - [NXLOG@14506 bosh_deployment="cf-warden" bosh_job_name="api_z1" bosh_job_index="0" filename="/var/vcap/data/sys/log/cloud_controller_ng/cloud_controller_ng.log"] {"timestamp":1475179785.9178498,"message":"parse_params: {\"batch_size\"=>\"1000\"} batch_size=1000","log_level":"debug","source":"cc.api","data":{"request_guid":"95299c0a-8f64-4e80-7716-ecf8acb4e931::914a781f-b79f-41d6-9e84-4779f3ffb5e5"},"thread_id":47062185509200,"fiber_id":47062154523660,"process_id":15535,"file":"/var/vcap/data/packages/cloud_controller_ng/f87cb49aa2cd87792cb9c2211a79e1542502be4d.1-b1a5f3c830cb6c32ae9e685628b24aa967f5ae54/cloud_controller_ng/lib/cloud_controller/rest_controller/common_params.rb","lineno":10,"method":"parse"}

2016-09-29T20:09:47.144182+00:00 b0fa19c0-86de-4447-a670-3f7adbd0b3c1 - - - [NXLOG@14506 bosh_deployment="cf-warden" bosh_job_name="api_z1" bosh_job_index="0" filename="/var/vcap/data/sys/log/cloud_controller_ng/cloud_controller_ng.log"] {"timestamp":1475179785.9180467,"message":"cc.dispatch","log_level":"debug","source":"cc.api","data":{"request_guid":"95299c0a-8f64-4e80-7716-ecf8acb4e931::914a781f-b79f-41d6-9e84-4779f3ffb5e5","endpoint":"list","args":[]},"thread_id":47062185509200,"fiber_id":47062154523660,"process_id":15535,"file":"/var/vcap/data/packages/cloud_controller_ng/f87cb49aa2cd87792cb9c2211a79e1542502be4d.1-b1a5f3c830cb6c32ae9e685628b24aa967f5ae54/cloud_controller_ng/app/controllers/base/base_controller.rb","lineno":78,"method":"dispatch"}

2016-09-29T20:09:47.144308+00:00 b0fa19c0-86de-4447-a670-3f7adbd0b3c1 - - - [NXLOG@14506 bosh_deployment="cf-warden" bosh_job_name="api_z1" bosh_job_index="0" filename="/var/vcap/data/sys/log/cloud_controller_ng/cloud_controller_ng.log"] {"timestamp":1475179785.9197025,"message":"(0.000826s) SELECT \"apps\".\"guid\", string_agg(\"service_bindings\".\"syslog_drain_url\", ',') AS \"syslog_drain_urls\" FROM \"apps\" INNER JOIN \"service_bindings\" ON (\"service_bindings\".\"app_id\" = \"apps\".\"id\") WHERE ((syslog_drain_url IS NOT NULL) AND (syslog_drain_url != '')) GROUP BY \"apps\".\"guid\" UNION ALL (SELECT \"apps_v3\".\"guid\", string_agg(\"v3_service_bindings\".\"syslog_drain_url\", ',') AS \"syslog_drain_urls\" FROM \"apps_v3\" INNER JOIN \"v3_service_bindings\" ON (\"v3_service_bindings\".\"app_id\" = \"apps_v3\".\"id\") WHERE ((syslog_drain_url IS NOT NULL) AND (syslog_drain_url != '')) GROUP BY \"apps_v3\".\"guid\") ORDER BY \"guid\" LIMIT 1000 OFFSET 0","log_level":"debug2","source":"cc.db","data":{"request_guid":"95299c0a-8f64-4e80-7716-ecf8acb4e931::914a781f-b79f-41d6-9e84-4779f3ffb5e5"},"thread_id":47062185509200,"fiber_id":47062154523660,"process_id":15535,"file":"/var/vcap/packages/cloud_controller_ng/cloud_controller_ng/vendor/bundle/ruby/2.3.0/gems/sequel-4.29.0/lib/sequel/database/logging.rb","lineno":70,"method":"block in log_each"}

2016-09-29T20:09:47.144385+00:00 b0fa19c0-86de-4447-a670-3f7adbd0b3c1 - - - [NXLOG@14506 bosh_deployment="cf-warden" bosh_job_name="api_z1" bosh_job_index="0" filename="/var/vcap/data/sys/log/cloud_controller_ng/cloud_controller_ng.log"] {"timestamp":1475179785.9200876,"message":"Completed 200 vcap-request-id: 95299c0a-8f64-4e80-7716-ecf8acb4e931::914a781f-b79f-41d6-9e84-4779f3ffb5e5","log_level":"info","source":"cc.api","data":{},"thread_id":47062185509200,"fiber_id":47062154523660,"process_id":15535,"file":"/var/vcap/packages/cloud_controller_ng/cloud_controller_ng/middleware/request_logs.rb","lineno":24,"method":"call"}

2016-09-29T20:09:47.144417+00:00 b0fa19c0-86de-4447-a670-3f7adbd0b3c1 - - - [NXLOG@14506 bosh_deployment="cf-warden" bosh_job_name="api_z1" bosh_job_index="0" filename="/var/vcap/data/sys/log/cloud_controller_ng/cloud_controller_ng.log"] {"timestamp":1475179785.9202304,"message":"Statsd: cc.requests.outstanding:-1|c\ncc.requests.completed:1|c\ncc.http_status.2XX:1|c","log_level":"debug","source":"statsd.client","data":{},"thread_id":47062185509200,"fiber_id":47062154523660,"process_id":15535,"file":"/var/vcap/packages/cloud_controller_ng/cloud_controller_ng/vendor/bundle/ruby/2.3.0/gems/statsd-ruby-1.2.1/lib/statsd.rb","lineno":254,"method":"send_to_socket"}

2016-09-29T20:09:47.144630+00:00 05bf1627-ae2f-400c-b1ce-31973a9ff23f - - - [NXLOG@14506 bosh_deployment="cf-warden" bosh_job_name="uaa_z1" bosh_job_index="0" filename="/var/vcap/data/sys/log/uaa/localhost_access.log"] 127.0.0.1 - - [29/Sep/2016:20:09:30 +0000] "GET /healthz HTTP/1.1" 200 3

2016-09-29T20:09:47.144702+00:00 05bf1627-ae2f-400c-b1ce-31973a9ff23f - - - [NXLOG@14506 bosh_deployment="cf-warden" bosh_job_name="uaa_z1" bosh_job_index="0" filename="/var/vcap/data/sys/log/uaa/localhost_access.log"] 127.0.0.1 - - [29/Sep/2016:20:09:30 +0000] "GET /healthz HTTP/1.1" 200 3

2016-09-29T20:09:47.144742+00:00 05bf1627-ae2f-400c-b1ce-31973a9ff23f - - - [NXLOG@14506 bosh_deployment="cf-warden" bosh_job_name="uaa_z1" bosh_job_index="0" filename="/var/vcap/data/sys/log/uaa/localhost_access.log"] 127.0.0.1 - - [29/Sep/2016:20:09:34 +0000] "GET /healthz HTTP/1.1" 200 3

2016-09-29T20:09:47.144812+00:00 05bf1627-ae2f-400c-b1ce-31973a9ff23f - - - [NXLOG@14506 bosh_deployment="cf-warden" bosh_job_name="uaa_z1" bosh_job_index="0" filename="/var/vcap/data/sys/log/route_registrar/route_registrar.stdout.log"] {"timestamp":"1475179778.808401585","source":"Route Registrar","message":"Route Registrar.Executing script","log_level":1,"data":{"scriptPath":"/var/vcap/jobs/uaa/bin/health_check"}}

2016-09-29T20:09:47.144852+00:00 05bf1627-ae2f-400c-b1ce-31973a9ff23f - - - [NXLOG@14506 bosh_deployment="cf-warden" bosh_job_name="uaa_z1" bosh_job_index="0" filename="/var/vcap/data/sys/log/route_registrar/route_registrar.stdout.log"] {"timestamp":"1475179778.824469090","source":"Route Registrar","message":"Route Registrar.Script exited without error","log_level":1,"data":{"script":"/var/vcap/jobs/uaa/bin/health_check","stderr":"  % Total    % Received % Xferd  Average Speed   Time    Time     Time  Current\n                                 Dload  Upload   Total   Spent    Left  Speed\n\r  0     0    0     0    0     0      0      0 --:--:-- --:--:-- --:--:--     0\r100     3  100     3    0     0   2450      0 --:--:-- --:--:-- --:--:--  3000\n","stdout":""}}

2016-09-29T20:09:47.145040+00:00 05bf1627-ae2f-400c-b1ce-31973a9ff23f - - - [NXLOG@14506 bosh_deployment="cf-warden" bosh_job_name="uaa_z1" bosh_job_index="0" filename="/var/vcap/data/sys/log/route_registrar/route_registrar.stdout.log"] {"timestamp":"1475179778.824555635","source":"Route Registrar","message":"Route Registrar.healthchecker returned healthy for route","log_level":1,"data":{"route":{"Name":"uaa","Port":8080,"Tags":{"component":"uaa"},"URIs":["uaa.bosh-lite.com","*.uaa.bosh-lite.com","login.bosh-lite.com","*.login.bosh-lite.com"],"RouteServiceUrl":"","RegistrationInterval":4000000000,"HealthCheck":{"Name":"uaa-healthcheck","ScriptPath":"/var/vcap/jobs/uaa/bin/health_check","Timeout":2000000000}}}}

2016-09-29T20:09:47.145090+00:00 05bf1627-ae2f-400c-b1ce-31973a9ff23f - - - [NXLOG@14506 bosh_deployment="cf-warden" bosh_job_name="uaa_z1" bosh_job_index="0" filename="/var/vcap/data/sys/log/route_registrar/route_registrar.stdout.log"] {"timestamp":"1475179778.824599266","source":"Route Registrar","message":"Route Registrar.Registering route","log_level":1,"data":{"route":{"Name":"uaa","Port":8080,"Tags":{"component":"uaa"},"URIs":["uaa.bosh-lite.com","*.uaa.bosh-lite.com","login.bosh-lite.com","*.login.bosh-lite.com"],"RouteServiceUrl":"","RegistrationInterval":4000000000,"HealthCheck":{"Name":"uaa-healthcheck","ScriptPath":"/var/vcap/jobs/uaa/bin/health_check","Timeout":2000000000}}}}

2016-09-29T20:09:47.145149+00:00 05bf1627-ae2f-400c-b1ce-31973a9ff23f - - - [NXLOG@14506 bosh_deployment="cf-warden" bosh_job_name="uaa_z1" bosh_job_index="0" filename="/var/vcap/data/sys/log/route_registrar/route_registrar.stdout.log"] {"timestamp":"1475179778.824671030","source":"Route Registrar","message":"Route Registrar.Registered routes successfully","log_level":1,"data":{}}

2016-09-29T20:09:47.145185+00:00 05bf1627-ae2f-400c-b1ce-31973a9ff23f - - - [NXLOG@14506 bosh_deployment="cf-warden" bosh_job_name="uaa_z1" bosh_job_index="0" filename="/var/vcap/data/sys/log/route_registrar/route_registrar.stdout.log"] {"timestamp":"1475179782.808341742","source":"Route Registrar","message":"Route Registrar.Executing script","log_level":1,"data":{"scriptPath":"/var/vcap/jobs/uaa/bin/health_check"}}

2016-09-29T20:09:47.145221+00:00 05bf1627-ae2f-400c-b1ce-31973a9ff23f - - - [NXLOG@14506 bosh_deployment="cf-warden" bosh_job_name="uaa_z1" bosh_job_index="0" filename="/var/vcap/data/sys/log/route_registrar/route_registrar.stdout.log"] {"timestamp":"1475179782.823392153","source":"Route Registrar","message":"Route Registrar.Script exited without error","log_level":1,"data":{"script":"/var/vcap/jobs/uaa/bin/health_check","stderr":"  % Total    % Received % Xferd  Average Speed   Time    Time     Time  Current\n                                 Dload  Upload   Total   Spent    Left  Speed\n\r  0     0    0     0    0     0      0      0 --:--:-- --:--:-- --:--:--     0\r100     3  100     3    0     0    759      0 --:--:-- --:--:-- --:--:--  1000\n","stdout":""}}

2016-09-29T20:09:47.145261+00:00 05bf1627-ae2f-400c-b1ce-31973a9ff23f - - - [NXLOG@14506 bosh_deployment="cf-warden" bosh_job_name="uaa_z1" bosh_job_index="0" filename="/var/vcap/data/sys/log/route_registrar/route_registrar.stdout.log"] {"timestamp":"1475179782.823448896","source":"Route Registrar","message":"Route Registrar.healthchecker returned healthy for route","log_level":1,"data":{"route":{"Name":"uaa","Port":8080,"Tags":{"component":"uaa"},"URIs":["uaa.bosh-lite.com","*.uaa.bosh-lite.com","login.bosh-lite.com","*.login.bosh-lite.com"],"RouteServiceUrl":"","RegistrationInterval":4000000000,"HealthCheck":{"Name":"uaa-healthcheck","ScriptPath":"/var/vcap/jobs/uaa/bin/health_check","Timeout":2000000000}}}}

2016-09-29T20:09:47.145316+00:00 05bf1627-ae2f-400c-b1ce-31973a9ff23f - - - [NXLOG@14506 bosh_deployment="cf-warden" bosh_job_name="uaa_z1" bosh_job_index="0" filename="/var/vcap/data/sys/log/route_registrar/route_registrar.stdout.log"] {"timestamp":"1475179782.823473454","source":"Route Registrar","message":"Route Registrar.Registering route","log_level":1,"data":{"route":{"Name":"uaa","Port":8080,"Tags":{"component":"uaa"},"URIs":["uaa.bosh-lite.com","*.uaa.bosh-lite.com","login.bosh-lite.com","*.login.bosh-lite.com"],"RouteServiceUrl":"","RegistrationInterval":4000000000,"HealthCheck":{"Name":"uaa-healthcheck","ScriptPath":"/var/vcap/jobs/uaa/bin/health_check","Timeout":2000000000}}}}

2016-09-29T20:09:47.145375+00:00 05bf1627-ae2f-400c-b1ce-31973a9ff23f - - - [NXLOG@14506 bosh_deployment="cf-warden" bosh_job_name="uaa_z1" bosh_job_index="0" filename="/var/vcap/data/sys/log/route_registrar/route_registrar.stdout.log"] {"timestamp":"1475179782.823529243","source":"Route Registrar","message":"Route Registrar.Registered routes successfully","log_level":1,"data":{}}

2016-09-29T20:09:47.145431+00:00 05bf1627-ae2f-400c-b1ce-31973a9ff23f - - - [NXLOG@14506 bosh_deployment="cf-warden" bosh_job_name="uaa_z1" bosh_job_index="0" filename="/var/vcap/data/sys/log/route_registrar/route_registrar.stdout.log"] {"timestamp":"1475179786.808401585","source":"Route Registrar","message":"Route Registrar.Executing script","log_level":1,"data":{"scriptPath":"/var/vcap/jobs/uaa/bin/health_check"}}

2016-09-29T20:09:47.145466+00:00 05bf1627-ae2f-400c-b1ce-31973a9ff23f - - - [NXLOG@14506 bosh_deployment="cf-warden" bosh_job_name="uaa_z1" bosh_job_index="0" filename="/var/vcap/data/sys/log/route_registrar/route_registrar.stdout.log"] {"timestamp":"1475179786.818377972","source":"Route Registrar","message":"Route Registrar.Script exited without error","log_level":1,"data":{"script":"/var/vcap/jobs/uaa/bin/health_check","stderr":"  % Total    % Received % Xferd  Average Speed   Time    Time     Time  Current\n                                 Dload  Upload   Total   Spent    Left  Speed\n\r  0     0    0     0    0     0      0      0 --:--:-- --:--:-- --:--:--     0\r100     3  100     3    0     0   2166      0 --:--:-- --:--:-- --:--:--  3000\n","stdout":""}}

2016-09-29T20:09:47.145525+00:00 05bf1627-ae2f-400c-b1ce-31973a9ff23f - - - [NXLOG@14506 bosh_deployment="cf-warden" bosh_job_name="uaa_z1" bosh_job_index="0" filename="/var/vcap/data/sys/log/route_registrar/route_registrar.stdout.log"] {"timestamp":"1475179786.818452597","source":"Route Registrar","message":"Route Registrar.healthchecker returned healthy for route","log_level":1,"data":{"route":{"Name":"uaa","Port":8080,"Tags":{"component":"uaa"},"URIs":["uaa.bosh-lite.com","*.uaa.bosh-lite.com","login.bosh-lite.com","*.login.bosh-lite.com"],"RouteServiceUrl":"","RegistrationInterval":4000000000,"HealthCheck":{"Name":"uaa-healthcheck","ScriptPath":"/var/vcap/jobs/uaa/bin/health_check","Timeout":2000000000}}}}

2016-09-29T20:09:47.145568+00:00 05bf1627-ae2f-400c-b1ce-31973a9ff23f - - - [NXLOG@14506 bosh_deployment="cf-warden" bosh_job_name="uaa_z1" bosh_job_index="0" filename="/var/vcap/data/sys/log/route_registrar/route_registrar.stdout.log"] {"timestamp":"1475179786.818475008","source":"Route Registrar","message":"Route Registrar.Registering route","log_level":1,"data":{"route":{"Name":"uaa","Port":8080,"Tags":{"component":"uaa"},"URIs":["uaa.bosh-lite.com","*.uaa.bosh-lite.com","login.bosh-lite.com","*.login.bosh-lite.com"],"RouteServiceUrl":"","RegistrationInterval":4000000000,"HealthCheck":{"Name":"uaa-healthcheck","ScriptPath":"/var/vcap/jobs/uaa/bin/health_check","Timeout":2000000000}}}}

2016-09-29T20:09:47.145610+00:00 05bf1627-ae2f-400c-b1ce-31973a9ff23f - - - [NXLOG@14506 bosh_deployment="cf-warden" bosh_job_name="uaa_z1" bosh_job_index="0" filename="/var/vcap/data/sys/log/route_registrar/route_registrar.stdout.log"] {"timestamp":"1475179786.818543434","source":"Route Registrar","message":"Route Registrar.Registered routes successfully","log_level":1,"data":{}}

2016-09-29T20:09:47.145625+00:00 05bf1627-ae2f-400c-b1ce-31973a9ff23f - - - [NXLOG@14506 bosh_deployment="cf-warden" bosh_job_name="uaa_z1" bosh_job_index="0" filename="/var/vcap/data/sys/log/uaa/uaa.log"] [2016-09-29 20:09:38.822] uaa - 19013 [http-nio-127.0.0.1-8989-exec-7] .... DEBUG --- AntPathRequestMatcher: Checking match of request : '/healthz'; against '/resources/**'

2016-09-29T20:09:47.145652+00:00 05bf1627-ae2f-400c-b1ce-31973a9ff23f - - - [NXLOG@14506 bosh_deployment="cf-warden" bosh_job_name="uaa_z1" bosh_job_index="0" filename="/var/vcap/data/sys/log/uaa/uaa.log"] [2016-09-29 20:09:38.823] uaa - 19013 [http-nio-127.0.0.1-8989-exec-7] .... DEBUG --- AntPathRequestMatcher: Checking match of request : '/healthz'; against '/square-logo.png'

2016-09-29T20:09:47.145664+00:00 05bf1627-ae2f-400c-b1ce-31973a9ff23f - - - [NXLOG@14506 bosh_deployment="cf-warden" bosh_job_name="uaa_z1" bosh_job_index="0" filename="/var/vcap/data/sys/log/uaa/uaa.log"] [2016-09-29 20:09:38.823] uaa - 19013 [http-nio-127.0.0.1-8989-exec-7] .... DEBUG --- AntPathRequestMatcher: Checking match of request : '/healthz'; against '/info'

2016-09-29T20:09:47.145706+00:00 05bf1627-ae2f-400c-b1ce-31973a9ff23f - - - [NXLOG@14506 bosh_deployment="cf-warden" bosh_job_name="uaa_z1" bosh_job_index="0" filename="/var/vcap/data/sys/log/uaa/uaa.log"] [2016-09-29 20:09:38.823] uaa - 19013 [http-nio-127.0.0.1-8989-exec-7] .... DEBUG --- AntPathRequestMatcher: Checking match of request : '/healthz'; against '/password/**'

2016-09-29T20:09:47.145719+00:00 05bf1627-ae2f-400c-b1ce-31973a9ff23f - - - [NXLOG@14506 bosh_deployment="cf-warden" bosh_job_name="uaa_z1" bosh_job_index="0" filename="/var/vcap/data/sys/log/uaa/uaa.log"] [2016-09-29 20:09:38.823] uaa - 19013 [http-nio-127.0.0.1-8989-exec-7] .... DEBUG --- AntPathRequestMatcher: Checking match of request : '/healthz'; against '/healthz/**'

2016-09-29T20:09:47.145729+00:00 05bf1627-ae2f-400c-b1ce-31973a9ff23f - - - [NXLOG@14506 bosh_deployment="cf-warden" bosh_job_name="uaa_z1" bosh_job_index="0" filename="/var/vcap/data/sys/log/uaa/uaa.log"] [2016-09-29 20:09:38.823] uaa - 19013 [http-nio-127.0.0.1-8989-exec-7] .... DEBUG --- FilterChainProxy: /healthz has an empty filter list

2016-09-29T20:09:47.145741+00:00 05bf1627-ae2f-400c-b1ce-31973a9ff23f - - - [NXLOG@14506 bosh_deployment="cf-warden" bosh_job_name="uaa_z1" bosh_job_index="0" filename="/var/vcap/data/sys/log/uaa/uaa.log"] [2016-09-29 20:09:38.823] uaa - 19013 [http-nio-127.0.0.1-8989-exec-7] .... DEBUG --- DispatcherServlet: DispatcherServlet with name 'spring' processing GET request for [/healthz]

2016-09-29T20:09:47.145790+00:00 05bf1627-ae2f-400c-b1ce-31973a9ff23f - - - [NXLOG@14506 bosh_deployment="cf-warden" bosh_job_name="uaa_z1" bosh_job_index="0" filename="/var/vcap/data/sys/log/uaa/uaa.log"] [2016-09-29 20:09:38.823] uaa - 19013 [http-nio-127.0.0.1-8989-exec-7] .... DEBUG --- DispatcherServlet: Last-Modified value for [/healthz] is: -1

2016-09-29T20:09:47.145801+00:00 05bf1627-ae2f-400c-b1ce-31973a9ff23f - - - [NXLOG@14506 bosh_deployment="cf-warden" bosh_job_name="uaa_z1" bosh_job_index="0" filename="/var/vcap/data/sys/log/uaa/uaa.log"] [2016-09-29 20:09:38.823] uaa - 19013 [http-nio-127.0.0.1-8989-exec-7] .... DEBUG --- RequestResponseBodyMethodProcessor: Written [ok

2016-09-29T20:09:47.145811+00:00 05bf1627-ae2f-400c-b1ce-31973a9ff23f - - - [NXLOG@14506 bosh_deployment="cf-warden" bosh_job_name="uaa_z1" bosh_job_index="0" filename="/var/vcap/data/sys/log/uaa/uaa.log"] ] as "text/plain;charset=ISO-8859-1" using [org.springframework.http.converter.StringHttpMessageConverter@178b2baf]

2016-09-29T20:09:47.145820+00:00 05bf1627-ae2f-400c-b1ce-31973a9ff23f - - - [NXLOG@14506 bosh_deployment="cf-warden" bosh_job_name="uaa_z1" bosh_job_index="0" filename="/var/vcap/data/sys/log/uaa/uaa.log"] [2016-09-29 20:09:38.823] uaa - 19013 [http-nio-127.0.0.1-8989-exec-7] .... DEBUG --- DispatcherServlet: Null ModelAndView returned to DispatcherServlet with name 'spring': assuming HandlerAdapter completed request handling

2016-09-29T20:09:47.145843+00:00 05bf1627-ae2f-400c-b1ce-31973a9ff23f - - - [NXLOG@14506 bosh_deployment="cf-warden" bosh_job_name="uaa_z1" bosh_job_index="0" filename="/var/vcap/data/sys/log/uaa/uaa.log"] [2016-09-29 20:09:38.823] uaa - 19013 [http-nio-127.0.0.1-8989-exec-7] .... DEBUG --- DispatcherServlet: Successfully completed request

2016-09-29T20:09:47.145856+00:00 05bf1627-ae2f-400c-b1ce-31973a9ff23f - - - [NXLOG@14506 bosh_deployment="cf-warden" bosh_job_name="uaa_z1" bosh_job_index="0" filename="/var/vcap/data/sys/log/uaa/uaa.log"] [2016-09-29 20:09:40.899] uaa - 19013 [http-nio-127.0.0.1-8989-exec-4] .... DEBUG --- AntPathRequestMatcher: Checking match of request : '/healthz'; against '/resources/**'

2016-09-29T20:09:47.145869+00:00 05bf1627-ae2f-400c-b1ce-31973a9ff23f - - - [NXLOG@14506 bosh_deployment="cf-warden" bosh_job_name="uaa_z1" bosh_job_index="0" filename="/var/vcap/data/sys/log/uaa/uaa.log"] [2016-09-29 20:09:40.899] uaa - 19013 [http-nio-127.0.0.1-8989-exec-4] .... DEBUG --- AntPathRequestMatcher: Checking match of request : '/healthz'; against '/square-logo.png'

2016-09-29T20:09:47.145892+00:00 05bf1627-ae2f-400c-b1ce-31973a9ff23f - - - [NXLOG@14506 bosh_deployment="cf-warden" bosh_job_name="uaa_z1" bosh_job_index="0" filename="/var/vcap/data/sys/log/uaa/uaa.log"] [2016-09-29 20:09:40.899] uaa - 19013 [http-nio-127.0.0.1-8989-exec-4] .... DEBUG --- AntPathRequestMatcher: Checking match of request : '/healthz'; against '/info'

2016-09-29T20:09:47.145903+00:00 05bf1627-ae2f-400c-b1ce-31973a9ff23f - - - [NXLOG@14506 bosh_deployment="cf-warden" bosh_job_name="uaa_z1" bosh_job_index="0" filename="/var/vcap/data/sys/log/uaa/uaa.log"] [2016-09-29 20:09:40.899] uaa - 19013 [http-nio-127.0.0.1-8989-exec-4] .... DEBUG --- AntPathRequestMatcher: Checking match of request : '/healthz'; against '/password/**'

2016-09-29T20:09:47.145915+00:00 05bf1627-ae2f-400c-b1ce-31973a9ff23f - - - [NXLOG@14506 bosh_deployment="cf-warden" bosh_job_name="uaa_z1" bosh_job_index="0" filename="/var/vcap/data/sys/log/uaa/uaa.log"] [2016-09-29 20:09:40.899] uaa - 19013 [http-nio-127.0.0.1-8989-exec-4] .... DEBUG --- AntPathRequestMatcher: Checking match of request : '/healthz'; against '/healthz/**'

2016-09-29T20:09:47.145940+00:00 05bf1627-ae2f-400c-b1ce-31973a9ff23f - - - [NXLOG@14506 bosh_deployment="cf-warden" bosh_job_name="uaa_z1" bosh_job_index="0" filename="/var/vcap/data/sys/log/uaa/uaa.log"] [2016-09-29 20:09:40.899] uaa - 19013 [http-nio-127.0.0.1-8989-exec-4] .... DEBUG --- FilterChainProxy: /healthz has an empty filter list

2016-09-29T20:09:47.145965+00:00 05bf1627-ae2f-400c-b1ce-31973a9ff23f - - - [NXLOG@14506 bosh_deployment="cf-warden" bosh_job_name="uaa_z1" bosh_job_index="0" filename="/var/vcap/data/sys/log/uaa/uaa.log"] [2016-09-29 20:09:40.899] uaa - 19013 [http-nio-127.0.0.1-8989-exec-4] .... DEBUG --- DispatcherServlet: DispatcherServlet with name 'spring' processing GET request for [/healthz]

2016-09-29T20:09:47.145991+00:00 05bf1627-ae2f-400c-b1ce-31973a9ff23f - - - [NXLOG@14506 bosh_deployment="cf-warden" bosh_job_name="uaa_z1" bosh_job_index="0" filename="/var/vcap/data/sys/log/uaa/uaa.log"] [2016-09-29 20:09:40.899] uaa - 19013 [http-nio-127.0.0.1-8989-exec-4] .... DEBUG --- DispatcherServlet: Last-Modified value for [/healthz] is: -1

2016-09-29T20:09:47.145397+00:00 152ab062-1f32-4789-910a-13bdc79651b2 - - - [NXLOG@14506 bosh_deployment="cf-warden" bosh_job_name="hm9000_z1" bosh_job_index="0" filename="/var/vcap/data/sys/log/hm9000/hm9000_listener.log"] {"timestamp":"1475179781.862341166","source":"listener","message":"listener.Received a heartbeat","log_level":1,"data":{"Heartbeats Pending Save":"1"}}

2016-09-29T20:09:47.145493+00:00 152ab062-1f32-4789-910a-13bdc79651b2 - - - [NXLOG@14506 bosh_deployment="cf-warden" bosh_job_name="hm9000_z1" bosh_job_index="0" filename="/var/vcap/data/sys/log/hm9000/hm9000_listener.log"] {"timestamp":"1475179782.815844059","source":"listener","message":"listener.Saving Heartbeats","log_level":1,"data":{"Heartbeats to Save":"1"}}

2016-09-29T20:09:47.145537+00:00 152ab062-1f32-4789-910a-13bdc79651b2 - - - [NXLOG@14506 bosh_deployment="cf-warden" bosh_job_name="hm9000_z1" bosh_job_index="0" filename="/var/vcap/data/sys/log/hm9000/hm9000_listener.log"] {"timestamp":"1475179782.826742411","source":"listener","message":"listener.Bumped freshness","log_level":1,"data":{}}

2016-09-29T20:09:47.145576+00:00 152ab062-1f32-4789-910a-13bdc79651b2 - - - [NXLOG@14506 bosh_deployment="cf-warden" bosh_job_name="hm9000_z1" bosh_job_index="0" filename="/var/vcap/data/sys/log/hm9000/hm9000_listener.log"] {"timestamp":"1475179782.826776981","source":"listener","message":"listener.Saved Heartbeats","log_level":1,"data":{"Duration":"10.832118ms","Heartbeats to Save":"1"}}

2016-09-29T20:09:47.145615+00:00 152ab062-1f32-4789-910a-13bdc79651b2 - - - [NXLOG@14506 bosh_deployment="cf-warden" bosh_job_name="hm9000_z1" bosh_job_index="0" filename="/var/vcap/data/sys/log/route_registrar/route_registrar.stdout.log"] {"timestamp":"1475179782.324080944","source":"Route Registrar","message":"Route Registrar.no healthchecker found for route","log_level":1,"data":{"route":{"Name":"hm9000","Port":5155,"Tags":{"component":"HM9K"},"URIs":["hm9000.bosh-lite.com"],"RouteServiceUrl":"","RegistrationInterval":20000000000,"HealthCheck":null}}}

2016-09-29T20:09:47.145653+00:00 152ab062-1f32-4789-910a-13bdc79651b2 - - - [NXLOG@14506 bosh_deployment="cf-warden" bosh_job_name="hm9000_z1" bosh_job_index="0" filename="/var/vcap/data/sys/log/route_registrar/route_registrar.stdout.log"] {"timestamp":"1475179782.324080944","source":"Route Registrar","message":"Route Registrar.Registering route","log_level":1,"data":{"route":{"Name":"hm9000","Port":5155,"Tags":{"component":"HM9K"},"URIs":["hm9000.bosh-lite.com"],"RouteServiceUrl":"","RegistrationInterval":20000000000,"HealthCheck":null}}}

2016-09-29T20:09:47.145691+00:00 152ab062-1f32-4789-910a-13bdc79651b2 - - - [NXLOG@14506 bosh_deployment="cf-warden" bosh_job_name="hm9000_z1" bosh_job_index="0" filename="/var/vcap/data/sys/log/route_registrar/route_registrar.stdout.log"] {"timestamp":"1475179782.324080944","source":"Route Registrar","message":"Route Registrar.Registered routes successfully","log_level":1,"data":{}}

2016-09-29T20:09:47.145729+00:00 152ab062-1f32-4789-910a-13bdc79651b2 - - - [NXLOG@14506 bosh_deployment="cf-warden" bosh_job_name="hm9000_z1" bosh_job_index="0" filename="/var/vcap/data/sys/log/hm9000/hm9000_analyzer.log"] {"timestamp":"1475179778.401126146","source":"fetcher","message":"fetcher.Fetching Desired State","log_level":1,"data":{}}

2016-09-29T20:09:47.145776+00:00 152ab062-1f32-4789-910a-13bdc79651b2 - - - [NXLOG@14506 bosh_deployment="cf-warden" bosh_job_name="hm9000_z1" bosh_job_index="0" filename="/var/vcap/data/sys/log/hm9000/hm9000_analyzer.log"] {"timestamp":"1475179778.423557997","source":"fetcher","message":"fetcher.Success","log_level":1,"data":{"Number of Desired Apps Fetched":"0"}}

2016-09-29T20:09:47.145807+00:00 152ab062-1f32-4789-910a-13bdc79651b2 - - - [NXLOG@14506 bosh_deployment="cf-warden" bosh_job_name="hm9000_z1" bosh_job_index="0" filename="/var/vcap/data/sys/log/hm9000/hm9000_analyzer.log"] {"timestamp":"1475179778.423598528","source":"analyzer","message":"analyzer.Analyzing...","log_level":1,"data":{}}

2016-09-29T20:09:47.145840+00:00 152ab062-1f32-4789-910a-13bdc79651b2 - - - [NXLOG@14506 bosh_deployment="cf-warden" bosh_job_name="hm9000_z1" bosh_job_index="0" filename="/var/vcap/data/sys/log/hm9000/hm9000_analyzer.log"] {"timestamp":"1475179778.438069820","source":"analyzer","message":"analyzer.Analyzer completed succesfully","log_level":1,"data":{"Duration":"0.0144"}}

2016-09-29T20:09:47.145873+00:00 152ab062-1f32-4789-910a-13bdc79651b2 - - - [NXLOG@14506 bosh_deployment="cf-warden" bosh_job_name="hm9000_z1" bosh_job_index="0" filename="/var/vcap/data/sys/log/hm9000/hm9000_analyzer.log"] {"timestamp":"1475179778.438095808","source":"sender","message":"sender.Sending...","log_level":1,"data":{}}

2016-09-29T20:09:47.145905+00:00 152ab062-1f32-4789-910a-13bdc79651b2 - - - [NXLOG@14506 bosh_deployment="cf-warden" bosh_job_name="hm9000_z1" bosh_job_index="0" filename="/var/vcap/data/sys/log/hm9000/hm9000_analyzer.log"] {"timestamp":"1475179778.457612991","source":"sender","message":"sender.Sender completed succesfully","log_level":1,"data":{}}

2016-09-29T20:09:47.146001+00:00 05bf1627-ae2f-400c-b1ce-31973a9ff23f - - - [NXLOG@14506 bosh_deployment="cf-warden" bosh_job_name="uaa_z1" bosh_job_index="0" filename="/var/vcap/data/sys/log/uaa/uaa.log"] [2016-09-29 20:09:40.899] uaa - 19013 [http-nio-127.0.0.1-8989-exec-4] .... DEBUG --- RequestResponseBodyMethodProcessor: Written [ok

2016-09-29T20:09:47.146010+00:00 05bf1627-ae2f-400c-b1ce-31973a9ff23f - - - [NXLOG@14506 bosh_deployment="cf-warden" bosh_job_name="uaa_z1" bosh_job_index="0" filename="/var/vcap/data/sys/log/uaa/uaa.log"] ] as "text/plain;charset=ISO-8859-1" using [org.springframework.http.converter.StringHttpMessageConverter@178b2baf]

2016-09-29T20:09:47.146045+00:00 05bf1627-ae2f-400c-b1ce-31973a9ff23f - - - [NXLOG@14506 bosh_deployment="cf-warden" bosh_job_name="uaa_z1" bosh_job_index="0" filename="/var/vcap/data/sys/log/uaa/uaa.log"] [2016-09-29 20:09:40.899] uaa - 19013 [http-nio-127.0.0.1-8989-exec-4] .... DEBUG --- DispatcherServlet: Null ModelAndView returned to DispatcherServlet with name 'spring': assuming HandlerAdapter completed request handling

2016-09-29T20:09:47.146056+00:00 05bf1627-ae2f-400c-b1ce-31973a9ff23f - - - [NXLOG@14506 bosh_deployment="cf-warden" bosh_job_name="uaa_z1" bosh_job_index="0" filename="/var/vcap/data/sys/log/uaa/uaa.log"] [2016-09-29 20:09:40.899] uaa - 19013 [http-nio-127.0.0.1-8989-exec-4] .... DEBUG --- DispatcherServlet: Successfully completed request

2016-09-29T20:09:47.146065+00:00 05bf1627-ae2f-400c-b1ce-31973a9ff23f - - - [NXLOG@14506 bosh_deployment="cf-warden" bosh_job_name="uaa_z1" bosh_job_index="0" filename="/var/vcap/data/sys/log/uaa/uaa.log"] [2016-09-29 20:09:41.157] uaa - 19013 [pool-2-thread-1] .... DEBUG --- JdbcTemplate: Executing SQL query [select count(*) from oauth_client_details]

2016-09-29T20:09:56.999327+00:00 fc52b791-0068-48d0-b63d-a9600b8fa32e - - - [NXLOG@14506 bosh_deployment="cf-warden" bosh_job_name="runner_z1" bosh_job_index="0" filename="/var/vcap/data/sys/log/dea_next/dea_next.log"] {"timestamp":1475179791.8777108,"message":"hm9000.heartbeat.accepted","log_level":"debug","source":"Dea::Bootstrap","data":{},"thread_id":47241037002940,"fiber_id":47241047587280,"process_id":6941,"file":"/var/vcap/packages/dea_next/lib/dea/utils/hm9000.rb","lineno":49,"method":"handle_http_response"}

2016-09-29T20:09:57.143621+00:00 b0fa19c0-86de-4447-a670-3f7adbd0b3c1 - - - [NXLOG@14506 bosh_deployment="cf-warden" bosh_job_name="api_z1" bosh_job_index="0" filename="/var/vcap/data/sys/log/cloud_controller_worker/cloud_controller_worker.log"] {"timestamp":1475179789.1633825,"message":"(0.000592s) SELECT * FROM \"delayed_jobs\" WHERE ((((\"run_at\" <= '2016-09-29 20:09:49.162211+0000') AND (\"locked_at\" IS NULL)) OR (\"locked_by\" = 'cc_global_worker.api_z1.0.1')) AND (\"failed_at\" IS NULL) AND (\"queue\" IN ('cc-generic'))) ORDER BY \"priority\" ASC, \"run_at\" ASC LIMIT 5","log_level":"debug2","source":"cc.background","data":{},"thread_id":47193737007380,"fiber_id":47193773841900,"process_id":15807,"file":"/var/vcap/packages/cloud_controller_ng/cloud_controller_ng/vendor/bundle/ruby/2.3.0/gems/sequel-4.29.0/lib/sequel/database/logging.rb","lineno":70,"method":"block in log_each"}

2016-09-29T20:09:57.143759+00:00 b0fa19c0-86de-4447-a670-3f7adbd0b3c1 - - - [NXLOG@14506 bosh_deployment="cf-warden" bosh_job_name="api_z1" bosh_job_index="0" filename="/var/vcap/data/sys/log/cloud_controller_worker/cloud_controller_worker.log"] {"timestamp":1475179794.181859,"message":"(0.000648s) SELECT * FROM \"delayed_jobs\" WHERE ((((\"run_at\" <= '2016-09-29 20:09:54.180642+0000') AND (\"locked_at\" IS NULL)) OR (\"locked_by\" = 'cc_global_worker.api_z1.0.1')) AND (\"failed_at\" IS NULL) AND (\"queue\" IN ('cc-generic'))) ORDER BY \"priority\" ASC, \"run_at\" ASC LIMIT 5","log_level":"debug2","source":"cc.background","data":{},"thread_id":47193737007380,"fiber_id":47193773841900,"process_id":15807,"file":"/var/vcap/packages/cloud_controller_ng/cloud_controller_ng/vendor/bundle/ruby/2.3.0/gems/sequel-4.29.0/lib/sequel/database/logging.rb","lineno":70,"method":"block in log_each"}

2016-09-29T20:09:57.143849+00:00 b0fa19c0-86de-4447-a670-3f7adbd0b3c1 - - - [NXLOG@14506 bosh_deployment="cf-warden" bosh_job_name="api_z1" bosh_job_index="0" filename="/var/vcap/data/sys/log/nginx_cc/nginx.access.log"] 10.244.0.138 - [29/Sep/2016:20:09:47 +0000] "GET /v2/info HTTP/1.1" 200 802 "-" "monit/5.2.5" 10.244.0.138 vcap_request_id:9156c85a-03ef-4780-b881-cf652601a352 response_time:0.004

2016-09-29T20:09:57.143932+00:00 b0fa19c0-86de-4447-a670-3f7adbd0b3c1 - - - [NXLOG@14506 bosh_deployment="cf-warden" bosh_job_name="api_z1" bosh_job_index="0" filename="/var/vcap/data/sys/log/cloud_controller_ng/cloud_controller_ng.log"] {"timestamp":1475179787.5874915,"message":"Statsd: cc.requests.outstanding:1|c","log_level":"debug","source":"statsd.client","data":{},"thread_id":47062185508640,"fiber_id":47062164151860,"process_id":15535,"file":"/var/vcap/packages/cloud_controller_ng/cloud_controller_ng/vendor/bundle/ruby/2.3.0/gems/statsd-ruby-1.2.1/lib/statsd.rb","lineno":254,"method":"send_to_socket"}

2016-09-29T20:09:57.144004+00:00 b0fa19c0-86de-4447-a670-3f7adbd0b3c1 - - - [NXLOG@14506 bosh_deployment="cf-warden" bosh_job_name="api_z1" bosh_job_index="0" filename="/var/vcap/data/sys/log/cloud_controller_ng/cloud_controller_ng.log"] {"timestamp":1475179787.588129,"message":"Started GET \"/v2/info\" for user: , ip: 127.0.0.1 with vcap-request-id: 9156c85a-03ef-4780-b881-cf652601a352 at 2016-09-29 20:09:47 UTC","log_level":"info","source":"cc.api","data":{},"thread_id":47062185508640,"fiber_id":47062164151860,"process_id":15535,"file":"/var/vcap/packages/cloud_controller_ng/cloud_controller_ng/middleware/request_logs.rb","lineno":12,"method":"call"}

2016-09-29T20:09:57.144087+00:00 b0fa19c0-86de-4447-a670-3f7adbd0b3c1 - - - [NXLOG@14506 bosh_deployment="cf-warden" bosh_job_name="api_z1" bosh_job_index="0" filename="/var/vcap/data/sys/log/cloud_controller_ng/cloud_controller_ng.log"] {"timestamp":1475179787.588832,"message":"dispatch VCAP::CloudController::InfoController get /v2/info","log_level":"debug","source":"cc.api","data":{"request_guid":"9156c85a-03ef-4780-b881-cf652601a352"},"thread_id":47062185508640,"fiber_id":47062164151860,"process_id":15535,"file":"/var/vcap/data/packages/cloud_controller_ng/f87cb49aa2cd87792cb9c2211a79e1542502be4d.1-b1a5f3c830cb6c32ae9e685628b24aa967f5ae54/cloud_controller_ng/lib/cloud_controller/rest_controller/routes.rb","lineno":12,"method":"block in define_route"}

2016-09-29T20:09:57.144158+00:00 b0fa19c0-86de-4447-a670-3f7adbd0b3c1 - - - [NXLOG@14506 bosh_deployment="cf-warden" bosh_job_name="api_z1" bosh_job_index="0" filename="/var/vcap/data/sys/log/cloud_controller_ng/cloud_controller_ng.log"] {"timestamp":1475179787.5891318,"message":"parse_params: {} ","log_level":"debug","source":"cc.api","data":{"request_guid":"9156c85a-03ef-4780-b881-cf652601a352"},"thread_id":47062185508640,"fiber_id":47062164151860,"process_id":15535,"file":"/var/vcap/data/packages/cloud_controller_ng/f87cb49aa2cd87792cb9c2211a79e1542502be4d.1-b1a5f3c830cb6c32ae9e685628b24aa967f5ae54/cloud_controller_ng/lib/cloud_controller/rest_controller/common_params.rb","lineno":10,"method":"parse"}

2016-09-29T20:09:57.144225+00:00 b0fa19c0-86de-4447-a670-3f7adbd0b3c1 - - - [NXLOG@14506 bosh_deployment="cf-warden" bosh_job_name="api_z1" bosh_job_index="0" filename="/var/vcap/data/sys/log/cloud_controller_ng/cloud_controller_ng.log"] {"timestamp":1475179787.5892928,"message":"cc.dispatch","log_level":"debug","source":"cc.api","data":{"request_guid":"9156c85a-03ef-4780-b881-cf652601a352","endpoint":"read","args":[]},"thread_id":47062185508640,"fiber_id":47062164151860,"process_id":15535,"file":"/var/vcap/data/packages/cloud_controller_ng/f87cb49aa2cd87792cb9c2211a79e1542502be4d.1-b1a5f3c830cb6c32ae9e685628b24aa967f5ae54/cloud_controller_ng/app/controllers/base/base_controller.rb","lineno":78,"method":"dispatch"}

2016-09-29T20:09:57.144299+00:00 b0fa19c0-86de-4447-a670-3f7adbd0b3c1 - - - [NXLOG@14506 bosh_deployment="cf-warden" bosh_job_name="api_z1" bosh_job_index="0" filename="/var/vcap/data/sys/log/cloud_controller_ng/cloud_controller_ng.log"] {"timestamp":1475179787.5899262,"message":"Completed 200 vcap-request-id: 9156c85a-03ef-4780-b881-cf652601a352","log_level":"info","source":"cc.api","data":{},"thread_id":47062185508640,"fiber_id":47062164151860,"process_id":15535,"file":"/var/vcap/packages/cloud_controller_ng/cloud_controller_ng/middleware/request_logs.rb","lineno":24,"method":"call"}

2016-09-29T20:09:57.144366+00:00 b0fa19c0-86de-4447-a670-3f7adbd0b3c1 - - - [NXLOG@14506 bosh_deployment="cf-warden" bosh_job_name="api_z1" bosh_job_index="0" filename="/var/vcap/data/sys/log/cloud_controller_ng/cloud_controller_ng.log"] {"timestamp":1475179787.5902076,"message":"Statsd: cc.requests.outstanding:-1|c\ncc.requests.completed:1|c\ncc.http_status.2XX:1|c","log_level":"debug","source":"statsd.client","data":{},"thread_id":47062185508640,"fiber_id":47062164151860,"process_id":15535,"file":"/var/vcap/packages/cloud_controller_ng/cloud_controller_ng/vendor/bundle/ruby/2.3.0/gems/statsd-ruby-1.2.1/lib/statsd.rb","lineno":254,"method":"send_to_socket"}

2016-09-29T20:09:57.144415+00:00 b0fa19c0-86de-4447-a670-3f7adbd0b3c1 - - - [NXLOG@14506 bosh_deployment="cf-warden" bosh_job_name="api_z1" bosh_job_index="0" filename="/var/vcap/data/sys/log/cloud_controller_ng/cloud_controller_ng.log"] {"timestamp":1475179789.149133,"message":"(0.000729s) SELECT * FROM \"delayed_jobs\" WHERE ((((\"run_at\" <= '2016-09-29 20:09:49.147810+0000') AND (\"locked_at\" IS NULL)) OR (\"locked_by\" = 'cc_api_worker.api_z1.0.2')) AND (\"failed_at\" IS NULL) AND (\"queue\" IN ('cc-api_z1-0'))) ORDER BY \"priority\" ASC, \"run_at\" ASC LIMIT 5","log_level":"debug2","source":"cc.background","data":{},"thread_id":47118928261380,"fiber_id":47118965175380,"process_id":15629,"file":"/var/vcap/packages/cloud_controller_ng/cloud_controller_ng/vendor/bundle/ruby/2.3.0/gems/sequel-4.29.0/lib/sequel/database/logging.rb","lineno":70,"method":"block in log_each"}

2016-09-29T20:09:57.144503+00:00 b0fa19c0-86de-4447-a670-3f7adbd0b3c1 - - - [NXLOG@14506 bosh_deployment="cf-warden" bosh_job_name="api_z1" bosh_job_index="0" filename="/var/vcap/data/sys/log/cloud_controller_ng/cloud_controller_ng.log"] {"timestamp":1475179790.2833464,"message":"(0.000567s) SELECT * FROM \"delayed_jobs\" WHERE ((((\"run_at\" <= '2016-09-29 20:09:50.282275+0000') AND (\"locked_at\" IS NULL)) OR (\"locked_by\" = 'cc_api_worker.api_z1.0.1')) AND (\"failed_at\" IS NULL) AND (\"queue\" IN ('cc-api_z1-0'))) ORDER BY \"priority\" ASC, \"run_at\" ASC LIMIT 5","log_level":"debug2","source":"cc.background","data":{},"thread_id":47452862460180,"fiber_id":47452899698480,"process_id":15587,"file":"/var/vcap/packages/cloud_controller_ng/cloud_controller_ng/vendor/bundle/ruby/2.3.0/gems/sequel-4.29.0/lib/sequel/database/logging.rb","lineno":70,"method":"block in log_each"}

2016-09-29T20:09:57.144566+00:00 b0fa19c0-86de-4447-a670-3f7adbd0b3c1 - - - [NXLOG@14506 bosh_deployment="cf-warden" bosh_job_name="api_z1" bosh_job_index="0" filename="/var/vcap/data/sys/log/cloud_controller_ng/cloud_controller_ng.log"] {"timestamp":1475179794.174383,"message":"(0.000549s) SELECT * FROM \"delayed_jobs\" WHERE ((((\"run_at\" <= '2016-09-29 20:09:54.173424+0000') AND (\"locked_at\" IS NULL)) OR (\"locked_by\" = 'cc_api_worker.api_z1.0.2')) AND (\"failed_at\" IS NULL) AND (\"queue\" IN ('cc-api_z1-0'))) ORDER BY \"priority\" ASC, \"run_at\" ASC LIMIT 5","log_level":"debug2","source":"cc.background","data":{},"thread_id":47118928261380,"fiber_id":47118965175380,"process_id":15629,"file":"/var/vcap/packages/cloud_controller_ng/cloud_controller_ng/vendor/bundle/ruby/2.3.0/gems/sequel-4.29.0/lib/sequel/database/logging.rb","lineno":70,"method":"block in log_each"}

2016-09-29T20:09:57.144601+00:00 b0fa19c0-86de-4447-a670-3f7adbd0b3c1 - - - [NXLOG@14506 bosh_deployment="cf-warden" bosh_job_name="api_z1" bosh_job_index="0" filename="/var/vcap/data/sys/log/cloud_controller_ng/cloud_controller_ng.log"] {"timestamp":1475179795.3027701,"message":"(0.000591s) SELECT * FROM \"delayed_jobs\" WHERE ((((\"run_at\" <= '2016-09-29 20:09:55.301636+0000') AND (\"locked_at\" IS NULL)) OR (\"locked_by\" = 'cc_api_worker.api_z1.0.1')) AND (\"failed_at\" IS NULL) AND (\"queue\" IN ('cc-api_z1-0'))) ORDER BY \"priority\" ASC, \"run_at\" ASC LIMIT 5","log_level":"debug2","source":"cc.background","data":{},"thread_id":47452862460180,"fiber_id":47452899698480,"process_id":15587,"file":"/var/vcap/packages/cloud_controller_ng/cloud_controller_ng/vendor/bundle/ruby/2.3.0/gems/sequel-4.29.0/lib/sequel/database/logging.rb","lineno":70,"method":"block in log_each"}

2016-09-29T20:09:57.143749+00:00 f0562343-642f-42d4-aca5-293abe675815 - - - [NXLOG@14506 bosh_deployment="cf-warden" bosh_job_name="blobstore_z1" bosh_job_index="0" filename="/var/vcap/data/sys/log/route_registrar/route_registrar.stdout.log"] {"timestamp":"1475179788.513056040","source":"Route Registrar","message":"Route Registrar.no healthchecker found for route","log_level":1,"data":{"route":{"Name":"blobstore","Port":80,"Tags":{"component":"blobstore"},"URIs":["blobstore.bosh-lite.com"],"RouteServiceUrl":"","RegistrationInterval":20000000000,"HealthCheck":null}}}

2016-09-29T20:09:57.143865+00:00 f0562343-642f-42d4-aca5-293abe675815 - - - [NXLOG@14506 bosh_deployment="cf-warden" bosh_job_name="blobstore_z1" bosh_job_index="0" filename="/var/vcap/data/sys/log/route_registrar/route_registrar.stdout.log"] {"timestamp":"1475179788.513162851","source":"Route Registrar","message":"Route Registrar.Registering route","log_level":1,"data":{"route":{"Name":"blobstore","Port":80,"Tags":{"component":"blobstore"},"URIs":["blobstore.bosh-lite.com"],"RouteServiceUrl":"","RegistrationInterval":20000000000,"HealthCheck":null}}}

2016-09-29T20:09:57.143929+00:00 f0562343-642f-42d4-aca5-293abe675815 - - - [NXLOG@14506 bosh_deployment="cf-warden" bosh_job_name="blobstore_z1" bosh_job_index="0" filename="/var/vcap/data/sys/log/route_registrar/route_registrar.stdout.log"] {"timestamp":"1475179788.513316870","source":"Route Registrar","message":"Route Registrar.Registered routes successfully","log_level":1,"data":{}}

2016-09-29T20:09:57.143987+00:00 05bf1627-ae2f-400c-b1ce-31973a9ff23f - - - [NXLOG@14506 bosh_deployment="cf-warden" bosh_job_name="uaa_z1" bosh_job_index="0" filename="/var/vcap/data/sys/log/uaa/localhost_access.log"] 127.0.0.1 - - [29/Sep/2016:20:09:38 +0000] "GET /healthz HTTP/1.1" 200 3

2016-09-29T20:09:57.144144+00:00 05bf1627-ae2f-400c-b1ce-31973a9ff23f - - - [NXLOG@14506 bosh_deployment="cf-warden" bosh_job_name="uaa_z1" bosh_job_index="0" filename="/var/vcap/data/sys/log/uaa/localhost_access.log"] 127.0.0.1 - - [29/Sep/2016:20:09:40 +0000] "GET /healthz HTTP/1.1" 200 3

2016-09-29T20:09:57.144267+00:00 05bf1627-ae2f-400c-b1ce-31973a9ff23f - - - [NXLOG@14506 bosh_deployment="cf-warden" bosh_job_name="uaa_z1" bosh_job_index="0" filename="/var/vcap/data/sys/log/uaa/localhost_access.log"] 127.0.0.1 - - [29/Sep/2016:20:09:42 +0000] "GET /healthz HTTP/1.1" 200 3

2016-09-29T20:09:57.144452+00:00 05bf1627-ae2f-400c-b1ce-31973a9ff23f - - - [NXLOG@14506 bosh_deployment="cf-warden" bosh_job_name="uaa_z1" bosh_job_index="0" filename="/var/vcap/data/sys/log/uaa/localhost_access.log"] 127.0.0.1 - - [29/Sep/2016:20:09:46 +0000] "GET /healthz HTTP/1.1" 200 3

2016-09-29T20:09:57.144697+00:00 05bf1627-ae2f-400c-b1ce-31973a9ff23f - - - [NXLOG@14506 bosh_deployment="cf-warden" bosh_job_name="uaa_z1" bosh_job_index="0" filename="/var/vcap/data/sys/log/route_registrar/route_registrar.stdout.log"] {"timestamp":"1475179790.808203459","source":"Route Registrar","message":"Route Registrar.Executing script","log_level":1,"data":{"scriptPath":"/var/vcap/jobs/uaa/bin/health_check"}}

2016-09-29T20:09:57.144750+00:00 05bf1627-ae2f-400c-b1ce-31973a9ff23f - - - [NXLOG@14506 bosh_deployment="cf-warden" bosh_job_name="uaa_z1" bosh_job_index="0" filename="/var/vcap/data/sys/log/route_registrar/route_registrar.stdout.log"] {"timestamp":"1475179790.819111824","source":"Route Registrar","message":"Route Registrar.Script exited without error","log_level":1,"data":{"script":"/var/vcap/jobs/uaa/bin/health_check","stderr":"  % Total    % Received % Xferd  Average Speed   Time    Time     Time  Current\n                                 Dload  Upload   Total   Spent    Left  Speed\n\r  0     0    0     0    0     0      0      0 --:--:-- --:--:-- --:--:--     0\r100     3  100     3    0     0   1491      0 --:--:-- --:--:-- --:--:--  3000\n","stdout":""}}

2016-09-29T20:09:57.144795+00:00 05bf1627-ae2f-400c-b1ce-31973a9ff23f - - - [NXLOG@14506 bosh_deployment="cf-warden" bosh_job_name="uaa_z1" bosh_job_index="0" filename="/var/vcap/data/sys/log/route_registrar/route_registrar.stdout.log"] {"timestamp":"1475179790.819161654","source":"Route Registrar","message":"Route Registrar.healthchecker returned healthy for route","log_level":1,"data":{"route":{"Name":"uaa","Port":8080,"Tags":{"component":"uaa"},"URIs":["uaa.bosh-lite.com","*.uaa.bosh-lite.com","login.bosh-lite.com","*.login.bosh-lite.com"],"RouteServiceUrl":"","RegistrationInterval":4000000000,"HealthCheck":{"Name":"uaa-healthcheck","ScriptPath":"/var/vcap/jobs/uaa/bin/health_check","Timeout":2000000000}}}}

2016-09-29T20:09:57.144827+00:00 05bf1627-ae2f-400c-b1ce-31973a9ff23f - - - [NXLOG@14506 bosh_deployment="cf-warden" bosh_job_name="uaa_z1" bosh_job_index="0" filename="/var/vcap/data/sys/log/route_registrar/route_registrar.stdout.log"] {"timestamp":"1475179790.819199085","source":"Route Registrar","message":"Route Registrar.Registering route","log_level":1,"data":{"route":{"Name":"uaa","Port":8080,"Tags":{"component":"uaa"},"URIs":["uaa.bosh-lite.com","*.uaa.bosh-lite.com","login.bosh-lite.com","*.login.bosh-lite.com"],"RouteServiceUrl":"","RegistrationInterval":4000000000,"HealthCheck":{"Name":"uaa-healthcheck","ScriptPath":"/var/vcap/jobs/uaa/bin/health_check","Timeout":2000000000}}}}

2016-09-29T20:09:57.144866+00:00 05bf1627-ae2f-400c-b1ce-31973a9ff23f - - - [NXLOG@14506 bosh_deployment="cf-warden" bosh_job_name="uaa_z1" bosh_job_index="0" filename="/var/vcap/data/sys/log/route_registrar/route_registrar.stdout.log"] {"timestamp":"1475179790.819269419","source":"Route Registrar","message":"Route Registrar.Registered routes successfully","log_level":1,"data":{}}

2016-09-29T20:09:57.144905+00:00 05bf1627-ae2f-400c-b1ce-31973a9ff23f - - - [NXLOG@14506 bosh_deployment="cf-warden" bosh_job_name="uaa_z1" bosh_job_index="0" filename="/var/vcap/data/sys/log/route_registrar/route_registrar.stdout.log"] {"timestamp":"1475179794.808273315","source":"Route Registrar","message":"Route Registrar.Executing script","log_level":1,"data":{"scriptPath":"/var/vcap/jobs/uaa/bin/health_check"}}

2016-09-29T20:09:57.144934+00:00 05bf1627-ae2f-400c-b1ce-31973a9ff23f - - - [NXLOG@14506 bosh_deployment="cf-warden" bosh_job_name="uaa_z1" bosh_job_index="0" filename="/var/vcap/data/sys/log/route_registrar/route_registrar.stdout.log"] {"timestamp":"1475179794.819647551","source":"Route Registrar","message":"Route Registrar.Script exited without error","log_level":1,"data":{"script":"/var/vcap/jobs/uaa/bin/health_check","stderr":"  % Total    % Received % Xferd  Average Speed   Time    Time     Time  Current\n                                 Dload  Upload   Total   Spent    Left  Speed\n\r  0     0    0     0    0     0      0      0 --:--:-- --:--:-- --:--:--     0\r100     3  100     3    0     0   1336      0 --:--:-- --:--:-- --:--:--  1500\n","stdout":""}}

2016-09-29T20:09:57.145104+00:00 05bf1627-ae2f-400c-b1ce-31973a9ff23f - - - [NXLOG@14506 bosh_deployment="cf-warden" bosh_job_name="uaa_z1" bosh_job_index="0" filename="/var/vcap/data/sys/log/route_registrar/route_registrar.stdout.log"] {"timestamp":"1475179794.819728374","source":"Route Registrar","message":"Route Registrar.healthchecker returned healthy for route","log_level":1,"data":{"route":{"Name":"uaa","Port":8080,"Tags":{"component":"uaa"},"URIs":["uaa.bosh-lite.com","*.uaa.bosh-lite.com","login.bosh-lite.com","*.login.bosh-lite.com"],"RouteServiceUrl":"","RegistrationInterval":4000000000,"HealthCheck":{"Name":"uaa-healthcheck","ScriptPath":"/var/vcap/jobs/uaa/bin/health_check","Timeout":2000000000}}}}

2016-09-29T20:09:57.145123+00:00 05bf1627-ae2f-400c-b1ce-31973a9ff23f - - - [NXLOG@14506 bosh_deployment="cf-warden" bosh_job_name="uaa_z1" bosh_job_index="0" filename="/var/vcap/data/sys/log/route_registrar/route_registrar.stdout.log"] {"timestamp":"1475179794.819767237","source":"Route Registrar","message":"Route Registrar.Registering route","log_level":1,"data":{"route":{"Name":"uaa","Port":8080,"Tags":{"component":"uaa"},"URIs":["uaa.bosh-lite.com","*.uaa.bosh-lite.com","login.bosh-lite.com","*.login.bosh-lite.com"],"RouteServiceUrl":"","RegistrationInterval":4000000000,"HealthCheck":{"Name":"uaa-healthcheck","ScriptPath":"/var/vcap/jobs/uaa/bin/health_check","Timeout":2000000000}}}}

2016-09-29T20:09:57.145123+00:00 05bf1627-ae2f-400c-b1ce-31973a9ff23f - - - [NXLOG@14506 bosh_deployment="cf-warden" bosh_job_name="uaa_z1" bosh_job_index="0" filename="/var/vcap/data/sys/log/route_registrar/route_registrar.stdout.log"] {"timestamp":"1475179794.819832802","source":"Route Registrar","message":"Route Registrar.Registered routes successfully","log_level":1,"data":{}}

2016-09-29T20:09:57.145491+00:00 05bf1627-ae2f-400c-b1ce-31973a9ff23f - - - [NXLOG@14506 bosh_deployment="cf-warden" bosh_job_name="uaa_z1" bosh_job_index="0" filename="/var/vcap/data/sys/log/uaa/uaa.log"] [2016-09-29 20:09:50.817] uaa - 19013 [http-nio-127.0.0.1-8989-exec-5] .... DEBUG --- AntPathRequestMatcher: Checking match of request : '/healthz'; against '/resources/**'

2016-09-29T20:09:57.145548+00:00 05bf1627-ae2f-400c-b1ce-31973a9ff23f - - - [NXLOG@14506 bosh_deployment="cf-warden" bosh_job_name="uaa_z1" bosh_job_index="0" filename="/var/vcap/data/sys/log/uaa/uaa.log"] [2016-09-29 20:09:50.817] uaa - 19013 [http-nio-127.0.0.1-8989-exec-5] .... DEBUG --- AntPathRequestMatcher: Checking match of request : '/healthz'; against '/square-logo.png'

2016-09-29T20:09:57.145593+00:00 05bf1627-ae2f-400c-b1ce-31973a9ff23f - - - [NXLOG@14506 bosh_deployment="cf-warden" bosh_job_name="uaa_z1" bosh_job_index="0" filename="/var/vcap/data/sys/log/uaa/uaa.log"] [2016-09-29 20:09:50.817] uaa - 19013 [http-nio-127.0.0.1-8989-exec-5] .... DEBUG --- AntPathRequestMatcher: Checking match of request : '/healthz'; against '/info'

2016-09-29T20:09:57.145616+00:00 05bf1627-ae2f-400c-b1ce-31973a9ff23f - - - [NXLOG@14506 bosh_deployment="cf-warden" bosh_job_name="uaa_z1" bosh_job_index="0" filename="/var/vcap/data/sys/log/uaa/uaa.log"] [2016-09-29 20:09:50.817] uaa - 19013 [http-nio-127.0.0.1-8989-exec-5] .... DEBUG --- AntPathRequestMatcher: Checking match of request : '/healthz'; against '/password/**'

2016-09-29T20:09:57.145625+00:00 05bf1627-ae2f-400c-b1ce-31973a9ff23f - - - [NXLOG@14506 bosh_deployment="cf-warden" bosh_job_name="uaa_z1" bosh_job_index="0" filename="/var/vcap/data/sys/log/uaa/uaa.log"] [2016-09-29 20:09:50.817] uaa - 19013 [http-nio-127.0.0.1-8989-exec-5] .... DEBUG --- AntPathRequestMatcher: Checking match of request : '/healthz'; against '/healthz/**'

2016-09-29T20:09:57.145633+00:00 05bf1627-ae2f-400c-b1ce-31973a9ff23f - - - [NXLOG@14506 bosh_deployment="cf-warden" bosh_job_name="uaa_z1" bosh_job_index="0" filename="/var/vcap/data/sys/log/uaa/uaa.log"] [2016-09-29 20:09:50.817] uaa - 19013 [http-nio-127.0.0.1-8989-exec-5] .... DEBUG --- FilterChainProxy: /healthz has an empty filter list

2016-09-29T20:09:57.145642+00:00 05bf1627-ae2f-400c-b1ce-31973a9ff23f - - - [NXLOG@14506 bosh_deployment="cf-warden" bosh_job_name="uaa_z1" bosh_job_index="0" filename="/var/vcap/data/sys/log/uaa/uaa.log"] [2016-09-29 20:09:50.817] uaa - 19013 [http-nio-127.0.0.1-8989-exec-5] .... DEBUG --- DispatcherServlet: DispatcherServlet with name 'spring' processing GET request for [/healthz]

2016-09-29T20:09:57.145650+00:00 05bf1627-ae2f-400c-b1ce-31973a9ff23f - - - [NXLOG@14506 bosh_deployment="cf-warden" bosh_job_name="uaa_z1" bosh_job_index="0" filename="/var/vcap/data/sys/log/uaa/uaa.log"] [2016-09-29 20:09:50.817] uaa - 19013 [http-nio-127.0.0.1-8989-exec-5] .... DEBUG --- DispatcherServlet: Last-Modified value for [/healthz] is: -1

2016-09-29T20:09:57.145658+00:00 05bf1627-ae2f-400c-b1ce-31973a9ff23f - - - [NXLOG@14506 bosh_deployment="cf-warden" bosh_job_name="uaa_z1" bosh_job_index="0" filename="/var/vcap/data/sys/log/uaa/uaa.log"] [2016-09-29 20:09:50.817] uaa - 19013 [http-nio-127.0.0.1-8989-exec-5] .... DEBUG --- RequestResponseBodyMethodProcessor: Written [ok

2016-09-29T20:09:57.145666+00:00 05bf1627-ae2f-400c-b1ce-31973a9ff23f - - - [NXLOG@14506 bosh_deployment="cf-warden" bosh_job_name="uaa_z1" bosh_job_index="0" filename="/var/vcap/data/sys/log/uaa/uaa.log"] ] as "text/plain;charset=ISO-8859-1" using [org.springframework.http.converter.StringHttpMessageConverter@178b2baf]

2016-09-29T20:09:57.145685+00:00 05bf1627-ae2f-400c-b1ce-31973a9ff23f - - - [NXLOG@14506 bosh_deployment="cf-warden" bosh_job_name="uaa_z1" bosh_job_index="0" filename="/var/vcap/data/sys/log/uaa/uaa.log"] [2016-09-29 20:09:50.817] uaa - 19013 [http-nio-127.0.0.1-8989-exec-5] .... DEBUG --- DispatcherServlet: Null ModelAndView returned to DispatcherServlet with name 'spring': assuming HandlerAdapter completed request handling

2016-09-29T20:09:57.145693+00:00 05bf1627-ae2f-400c-b1ce-31973a9ff23f - - - [NXLOG@14506 bosh_deployment="cf-warden" bosh_job_name="uaa_z1" bosh_job_index="0" filename="/var/vcap/data/sys/log/uaa/uaa.log"] [2016-09-29 20:09:50.817] uaa - 19013 [http-nio-127.0.0.1-8989-exec-5] .... DEBUG --- DispatcherServlet: Successfully completed request

2016-09-29T20:09:57.145700+00:00 05bf1627-ae2f-400c-b1ce-31973a9ff23f - - - [NXLOG@14506 bosh_deployment="cf-warden" bosh_job_name="uaa_z1" bosh_job_index="0" filename="/var/vcap/data/sys/log/uaa/uaa.log"] [2016-09-29 20:09:50.903] uaa - 19013 [http-nio-127.0.0.1-8989-exec-8] .... DEBUG --- AntPathRequestMatcher: Checking match of request : '/healthz'; against '/resources/**'

2016-09-29T20:09:57.145718+00:00 05bf1627-ae2f-400c-b1ce-31973a9ff23f - - - [NXLOG@14506 bosh_deployment="cf-warden" bosh_job_name="uaa_z1" bosh_job_index="0" filename="/var/vcap/data/sys/log/uaa/uaa.log"] [2016-09-29 20:09:50.904] uaa - 19013 [http-nio-127.0.0.1-8989-exec-8] .... DEBUG --- AntPathRequestMatcher: Checking match of request : '/healthz'; against '/square-logo.png'

2016-09-29T20:09:57.145727+00:00 05bf1627-ae2f-400c-b1ce-31973a9ff23f - - - [NXLOG@14506 bosh_deployment="cf-warden" bosh_job_name="uaa_z1" bosh_job_index="0" filename="/var/vcap/data/sys/log/uaa/uaa.log"] [2016-09-29 20:09:50.904] uaa - 19013 [http-nio-127.0.0.1-8989-exec-8] .... DEBUG --- AntPathRequestMatcher: Checking match of request : '/healthz'; against '/info'

2016-09-29T20:09:57.145734+00:00 05bf1627-ae2f-400c-b1ce-31973a9ff23f - - - [NXLOG@14506 bosh_deployment="cf-warden" bosh_job_name="uaa_z1" bosh_job_index="0" filename="/var/vcap/data/sys/log/uaa/uaa.log"] [2016-09-29 20:09:50.904] uaa - 19013 [http-nio-127.0.0.1-8989-exec-8] .... DEBUG --- AntPathRequestMatcher: Checking match of request : '/healthz'; against '/password/**'

2016-09-29T20:09:57.145742+00:00 05bf1627-ae2f-400c-b1ce-31973a9ff23f - - - [NXLOG@14506 bosh_deployment="cf-warden" bosh_job_name="uaa_z1" bosh_job_index="0" filename="/var/vcap/data/sys/log/uaa/uaa.log"] [2016-09-29 20:09:50.904] uaa - 19013 [http-nio-127.0.0.1-8989-exec-8] .... DEBUG --- AntPathRequestMatcher: Checking match of request : '/healthz'; against '/healthz/**'

2016-09-29T20:09:57.145758+00:00 05bf1627-ae2f-400c-b1ce-31973a9ff23f - - - [NXLOG@14506 bosh_deployment="cf-warden" bosh_job_name="uaa_z1" bosh_job_index="0" filename="/var/vcap/data/sys/log/uaa/uaa.log"] [2016-09-29 20:09:50.904] uaa - 19013 [http-nio-127.0.0.1-8989-exec-8] .... DEBUG --- FilterChainProxy: /healthz has an empty filter list

2016-09-29T20:09:57.145766+00:00 05bf1627-ae2f-400c-b1ce-31973a9ff23f - - - [NXLOG@14506 bosh_deployment="cf-warden" bosh_job_name="uaa_z1" bosh_job_index="0" filename="/var/vcap/data/sys/log/uaa/uaa.log"] [2016-09-29 20:09:50.904] uaa - 19013 [http-nio-127.0.0.1-8989-exec-8] .... DEBUG --- DispatcherServlet: DispatcherServlet with name 'spring' processing GET request for [/healthz]

2016-09-29T20:09:57.145774+00:00 05bf1627-ae2f-400c-b1ce-31973a9ff23f - - - [NXLOG@14506 bosh_deployment="cf-warden" bosh_job_name="uaa_z1" bosh_job_index="0" filename="/var/vcap/data/sys/log/uaa/uaa.log"] [2016-09-29 20:09:50.904] uaa - 19013 [http-nio-127.0.0.1-8989-exec-8] .... DEBUG --- DispatcherServlet: Last-Modified value for [/healthz] is: -1

2016-09-29T20:09:57.145781+00:00 05bf1627-ae2f-400c-b1ce-31973a9ff23f - - - [NXLOG@14506 bosh_deployment="cf-warden" bosh_job_name="uaa_z1" bosh_job_index="0" filename="/var/vcap/data/sys/log/uaa/uaa.log"] [2016-09-29 20:09:50.904] uaa - 19013 [http-nio-127.0.0.1-8989-exec-8] .... DEBUG --- RequestResponseBodyMethodProcessor: Written [ok

2016-09-29T20:09:57.145797+00:00 05bf1627-ae2f-400c-b1ce-31973a9ff23f - - - [NXLOG@14506 bosh_deployment="cf-warden" bosh_job_name="uaa_z1" bosh_job_index="0" filename="/var/vcap/data/sys/log/uaa/uaa.log"] ] as "text/plain;charset=ISO-8859-1" using [org.springframework.http.converter.StringHttpMessageConverter@178b2baf]

2016-09-29T20:09:57.145805+00:00 05bf1627-ae2f-400c-b1ce-31973a9ff23f - - - [NXLOG@14506 bosh_deployment="cf-warden" bosh_job_name="uaa_z1" bosh_job_index="0" filename="/var/vcap/data/sys/log/uaa/uaa.log"] [2016-09-29 20:09:50.905] uaa - 19013 [http-nio-127.0.0.1-8989-exec-8] .... DEBUG --- DispatcherServlet: Null ModelAndView returned to DispatcherServlet with name 'spring': assuming HandlerAdapter completed request handling

2016-09-29T20:09:57.145813+00:00 05bf1627-ae2f-400c-b1ce-31973a9ff23f - - - [NXLOG@14506 bosh_deployment="cf-warden" bosh_job_name="uaa_z1" bosh_job_index="0" filename="/var/vcap/data/sys/log/uaa/uaa.log"] [2016-09-29 20:09:50.905] uaa - 19013 [http-nio-127.0.0.1-8989-exec-8] .... DEBUG --- DispatcherServlet: Successfully completed request

2016-09-29T20:09:57.145820+00:00 05bf1627-ae2f-400c-b1ce-31973a9ff23f - - - [NXLOG@14506 bosh_deployment="cf-warden" bosh_job_name="uaa_z1" bosh_job_index="0" filename="/var/vcap/data/sys/log/uaa/uaa.log"] [2016-09-29 20:09:51.157] uaa - 19013 [pool-2-thread-1] .... DEBUG --- JdbcTemplate: Executing SQL query [select count(*) from oauth_client_details]

2016-09-29T20:09:57.145837+00:00 05bf1627-ae2f-400c-b1ce-31973a9ff23f - - - [NXLOG@14506 bosh_deployment="cf-warden" bosh_job_name="uaa_z1" bosh_job_index="0" filename="/var/vcap/data/sys/log/uaa/uaa.log"] [2016-09-29 20:09:51.159] uaa - 19013 [pool-2-thread-1] .... DEBUG --- JdbcTemplate: Executing SQL query [select count(*) from users]

2016-09-29T20:09:57.145845+00:00 05bf1627-ae2f-400c-b1ce-31973a9ff23f - - - [NXLOG@14506 bosh_deployment="cf-warden" bosh_job_name="uaa_z1" bosh_job_index="0" filename="/var/vcap/data/sys/log/uaa/uaa.log"] [2016-09-29 20:09:54.817] uaa - 19013 [http-nio-127.0.0.1-8989-exec-7] .... DEBUG --- AntPathRequestMatcher: Checking match of request : '/healthz'; against '/resources/**'

2016-09-29T20:09:57.145853+00:00 05bf1627-ae2f-400c-b1ce-31973a9ff23f - - - [NXLOG@14506 bosh_deployment="cf-warden" bosh_job_name="uaa_z1" bosh_job_index="0" filename="/var/vcap/data/sys/log/uaa/uaa.log"] [2016-09-29 20:09:54.817] uaa - 19013 [http-nio-127.0.0.1-8989-exec-7] .... DEBUG --- AntPathRequestMatcher: Checking match of request : '/healthz'; against '/square-logo.png'

2016-09-29T20:09:57.145860+00:00 05bf1627-ae2f-400c-b1ce-31973a9ff23f - - - [NXLOG@14506 bosh_deployment="cf-warden" bosh_job_name="uaa_z1" bosh_job_index="0" filename="/var/vcap/data/sys/log/uaa/uaa.log"] [2016-09-29 20:09:54.817] uaa - 19013 [http-nio-127.0.0.1-8989-exec-7] .... DEBUG --- AntPathRequestMatcher: Checking match of request : '/healthz'; against '/info'

2016-09-29T20:09:57.145877+00:00 05bf1627-ae2f-400c-b1ce-31973a9ff23f - - - [NXLOG@14506 bosh_deployment="cf-warden" bosh_job_name="uaa_z1" bosh_job_index="0" filename="/var/vcap/data/sys/log/uaa/uaa.log"] [2016-09-29 20:09:54.817] uaa - 19013 [http-nio-127.0.0.1-8989-exec-7] .... DEBUG --- AntPathRequestMatcher: Checking match of request : '/healthz'; against '/password/**'

2016-09-29T20:09:57.145885+00:00 05bf1627-ae2f-400c-b1ce-31973a9ff23f - - - [NXLOG@14506 bosh_deployment="cf-warden" bosh_job_name="uaa_z1" bosh_job_index="0" filename="/var/vcap/data/sys/log/uaa/uaa.log"] [2016-09-29 20:09:54.817] uaa - 19013 [http-nio-127.0.0.1-8989-exec-7] .... DEBUG --- AntPathRequestMatcher: Checking match of request : '/healthz'; against '/healthz/**'

2016-09-29T20:09:57.145893+00:00 05bf1627-ae2f-400c-b1ce-31973a9ff23f - - - [NXLOG@14506 bosh_deployment="cf-warden" bosh_job_name="uaa_z1" bosh_job_index="0" filename="/var/vcap/data/sys/log/uaa/uaa.log"] [2016-09-29 20:09:54.817] uaa - 19013 [http-nio-127.0.0.1-8989-exec-7] .... DEBUG --- FilterChainProxy: /healthz has an empty filter list

2016-09-29T20:09:57.145900+00:00 05bf1627-ae2f-400c-b1ce-31973a9ff23f - - - [NXLOG@14506 bosh_deployment="cf-warden" bosh_job_name="uaa_z1" bosh_job_index="0" filename="/var/vcap/data/sys/log/uaa/uaa.log"] [2016-09-29 20:09:54.817] uaa - 19013 [http-nio-127.0.0.1-8989-exec-7] .... DEBUG --- DispatcherServlet: DispatcherServlet with name 'spring' processing GET request for [/healthz]

2016-09-29T20:09:57.145909+00:00 05bf1627-ae2f-400c-b1ce-31973a9ff23f - - - [NXLOG@14506 bosh_deployment="cf-warden" bosh_job_name="uaa_z1" bosh_job_index="0" filename="/var/vcap/data/sys/log/uaa/uaa.log"] [2016-09-29 20:09:54.817] uaa - 19013 [http-nio-127.0.0.1-8989-exec-7] .... DEBUG --- DispatcherServlet: Last-Modified value for [/healthz] is: -1

2016-09-29T20:09:57.145918+00:00 05bf1627-ae2f-400c-b1ce-31973a9ff23f - - - [NXLOG@14506 bosh_deployment="cf-warden" bosh_job_name="uaa_z1" bosh_job_index="0" filename="/var/vcap/data/sys/log/uaa/uaa.log"] [2016-09-29 20:09:54.818] uaa - 19013 [http-nio-127.0.0.1-8989-exec-7] .... DEBUG --- RequestResponseBodyMethodProcessor: Written [ok

2016-09-29T20:09:57.145926+00:00 05bf1627-ae2f-400c-b1ce-31973a9ff23f - - - [NXLOG@14506 bosh_deployment="cf-warden" bosh_job_name="uaa_z1" bosh_job_index="0" filename="/var/vcap/data/sys/log/uaa/uaa.log"] ] as "text/plain;charset=ISO-8859-1" using [org.springframework.http.converter.StringHttpMessageConverter@178b2baf]

2016-09-29T20:09:57.145934+00:00 05bf1627-ae2f-400c-b1ce-31973a9ff23f - - - [NXLOG@14506 bosh_deployment="cf-warden" bosh_job_name="uaa_z1" bosh_job_index="0" filename="/var/vcap/data/sys/log/uaa/uaa.log"] [2016-09-29 20:09:54.818] uaa - 19013 [http-nio-127.0.0.1-8989-exec-7] .... DEBUG --- DispatcherServlet: Null ModelAndView returned to DispatcherServlet with name 'spring': assuming HandlerAdapter completed request handling

2016-09-29T20:09:57.145945+00:00 05bf1627-ae2f-400c-b1ce-31973a9ff23f - - - [NXLOG@14506 bosh_deployment="cf-warden" bosh_job_name="uaa_z1" bosh_job_index="0" filename="/var/vcap/data/sys/log/uaa/uaa.log"] [2016-09-29 20:09:54.818] uaa - 19013 [http-nio-127.0.0.1-8989-exec-7] .... DEBUG --- DispatcherServlet: Successfully completed request

2016-09-29T20:09:57.145959+00:00 05bf1627-ae2f-400c-b1ce-31973a9ff23f - - - [NXLOG@14506 bosh_deployment="cf-warden" bosh_job_name="uaa_z1" bosh_job_index="0" filename="/var/vcap/data/sys/log/uaa/uaa.log"] [2016-09-29 20:09:56.156] uaa - 19013 [pool-2-thread-1] .... DEBUG --- JdbcTemplate: Executing SQL query [select count(*) from oauth_client_details]

2016-09-29T20:09:57.145973+00:00 05bf1627-ae2f-400c-b1ce-31973a9ff23f - - - [NXLOG@14506 bosh_deployment="cf-warden" bosh_job_name="uaa_z1" bosh_job_index="0" filename="/var/vcap/data/sys/log/uaa/uaa.log"] [2016-09-29 20:09:56.157] uaa - 19013 [pool-2-thread-1] .... DEBUG --- JdbcTemplate: Executing SQL query [select count(*) from users]

2016-09-29T20:09:57.145777+00:00 152ab062-1f32-4789-910a-13bdc79651b2 - - - [NXLOG@14506 bosh_deployment="cf-warden" bosh_job_name="hm9000_z1" bosh_job_index="0" filename="/var/vcap/data/sys/log/hm9000/hm9000_listener.log"] {"timestamp":"1475179791.876700163","source":"listener","message":"listener.Received a heartbeat","log_level":1,"data":{"Heartbeats Pending Save":"1"}}

2016-09-29T20:09:57.145865+00:00 152ab062-1f32-4789-910a-13bdc79651b2 - - - [NXLOG@14506 bosh_deployment="cf-warden" bosh_job_name="hm9000_z1" bosh_job_index="0" filename="/var/vcap/data/sys/log/hm9000/hm9000_listener.log"] {"timestamp":"1475179792.819064140","source":"listener","message":"listener.Saving Heartbeats","log_level":1,"data":{"Heartbeats to Save":"1"}}

2016-09-29T20:09:57.145923+00:00 152ab062-1f32-4789-910a-13bdc79651b2 - - - [NXLOG@14506 bosh_deployment="cf-warden" bosh_job_name="hm9000_z1" bosh_job_index="0" filename="/var/vcap/data/sys/log/hm9000/hm9000_listener.log"] {"timestamp":"1475179792.825657368","source":"listener","message":"listener.Bumped freshness","log_level":1,"data":{}}

2016-09-29T20:09:57.145974+00:00 152ab062-1f32-4789-910a-13bdc79651b2 - - - [NXLOG@14506 bosh_deployment="cf-warden" bosh_job_name="hm9000_z1" bosh_job_index="0" filename="/var/vcap/data/sys/log/hm9000/hm9000_listener.log"] {"timestamp":"1475179792.825870514","source":"listener","message":"listener.Saved Heartbeats","log_level":1,"data":{"Duration":"6.719907ms","Heartbeats to Save":"1"}}

2016-09-29T20:10:06.995131+00:00 bfc626ef-a2eb-4bad-8f71-fa1d6d0f927f - - - [NXLOG@14506 bosh_deployment="cf-warden" bosh_job_name="loggregator_trafficcontroller_z1" bosh_job_index="0" filename="/var/vcap/data/sys/log/route_registrar/route_registrar.stdout.log"] {"timestamp":"1475179806.733184576","source":"Route Registrar","message":"Route Registrar.no healthchecker found for route","log_level":1,"data":{"route":{"Name":"loggregator","Port":8080,"Tags":null,"URIs":["loggregator.bosh-lite.com"],"RouteServiceUrl":"","RegistrationInterval":20000000000,"HealthCheck":null}}}

2016-09-29T20:10:06.995131+00:00 bfc626ef-a2eb-4bad-8f71-fa1d6d0f927f - - - [NXLOG@14506 bosh_deployment="cf-warden" bosh_job_name="loggregator_trafficcontroller_z1" bosh_job_index="0" filename="/var/vcap/data/sys/log/route_registrar/route_registrar.stdout.log"] {"timestamp":"1475179806.733359814","source":"Route Registrar","message":"Route Registrar.Registering route","log_level":1,"data":{"route":{"Name":"loggregator","Port":8080,"Tags":null,"URIs":["loggregator.bosh-lite.com"],"RouteServiceUrl":"","RegistrationInterval":20000000000,"HealthCheck":null}}}

2016-09-29T20:10:06.995279+00:00 bfc626ef-a2eb-4bad-8f71-fa1d6d0f927f - - - [NXLOG@14506 bosh_deployment="cf-warden" bosh_job_name="loggregator_trafficcontroller_z1" bosh_job_index="0" filename="/var/vcap/data/sys/log/route_registrar/route_registrar.stdout.log"] {"timestamp":"1475179806.733445883","source":"Route Registrar","message":"Route Registrar.Registered routes successfully","log_level":1,"data":{}}

2016-09-29T20:10:06.994934+00:00 81da04d2-3e1d-4a50-80cd-e5b2e7a3a719 - - - [NXLOG@14506 bosh_deployment="cf-warden" bosh_job_name="router_z1" bosh_job_index="0" filename="/var/vcap/data/sys/log/gorouter/access.log"] api.bosh-lite.com - [29/09/2016:20:10:00.909 +0000] "GET /v2/syslog_drain_urls?batch_size=1000 HTTP/1.1" 200 0 42 "-" "Go-http-client/1.1" 10.244.0.34:55924 x_forwarded_for:"10.244.0.146" x_forwarded_proto:"https" vcap_request_id:84ee5e25-f445-4a0f-7ed2-75325fc52e0c response_time:0.006050521 app_id:

2016-09-29T20:10:06.995768+00:00 bfc626ef-a2eb-4bad-8f71-fa1d6d0f927f - - - [NXLOG@14506 bosh_deployment="cf-warden" bosh_job_name="loggregator_trafficcontroller_z1" bosh_job_index="0" filename="/var/vcap/data/sys/log/route_registrar/route_registrar.stdout.log"] {"timestamp":"1475179806.733463526","source":"Route Registrar","message":"Route Registrar.no healthchecker found for route","log_level":1,"data":{"route":{"Name":"doppler","Port":8081,"Tags":null,"URIs":["doppler.bosh-lite.com"],"RouteServiceUrl":"","RegistrationInterval":20000000000,"HealthCheck":null}}}

2016-09-29T20:10:06.995849+00:00 bfc626ef-a2eb-4bad-8f71-fa1d6d0f927f - - - [NXLOG@14506 bosh_deployment="cf-warden" bosh_job_name="loggregator_trafficcontroller_z1" bosh_job_index="0" filename="/var/vcap/data/sys/log/route_registrar/route_registrar.stdout.log"] {"timestamp":"1475179806.733479500","source":"Route Registrar","message":"Route Registrar.Registering route","log_level":1,"data":{"route":{"Name":"doppler","Port":8081,"Tags":null,"URIs":["doppler.bosh-lite.com"],"RouteServiceUrl":"","RegistrationInterval":20000000000,"HealthCheck":null}}}

2016-09-29T20:10:06.995890+00:00 bfc626ef-a2eb-4bad-8f71-fa1d6d0f927f - - - [NXLOG@14506 bosh_deployment="cf-warden" bosh_job_name="loggregator_trafficcontroller_z1" bosh_job_index="0" filename="/var/vcap/data/sys/log/route_registrar/route_registrar.stdout.log"] {"timestamp":"1475179806.733522892","source":"Route Registrar","message":"Route Registrar.Registered routes successfully","log_level":1,"data":{}}

2016-09-29T20:10:06.999289+00:00 fc52b791-0068-48d0-b63d-a9600b8fa32e - - - [NXLOG@14506 bosh_deployment="cf-warden" bosh_job_name="runner_z1" bosh_job_index="0" filename="/var/vcap/data/sys/log/dea_next/dea_next.log"] {"timestamp":1475179801.8649964,"message":"hm9000.heartbeat.sending","log_level":"debug","source":"Dea::Bootstrap","data":{"destination":"https://listener-hm9000.service.cf.internal:5335/dea/heartbeat"},"thread_id":47241037142420,"fiber_id":47241050325380,"process_id":6941,"file":"/var/vcap/packages/dea_next/lib/dea/utils/hm9000.rb","lineno":29,"method":"send_heartbeat"}

2016-09-29T20:10:06.999431+00:00 fc52b791-0068-48d0-b63d-a9600b8fa32e - - - [NXLOG@14506 bosh_deployment="cf-warden" bosh_job_name="runner_z1" bosh_job_index="0" filename="/var/vcap/data/sys/log/dea_next/dea_next.log"] {"timestamp":1475179801.8671575,"message":"hm9000.heartbeat.accepted","log_level":"debug","source":"Dea::Bootstrap","data":{},"thread_id":47241050154440,"fiber_id":47241051798960,"process_id":6941,"file":"/var/vcap/packages/dea_next/lib/dea/utils/hm9000.rb","lineno":49,"method":"handle_http_response"}

2016-09-29T20:10:06.999490+00:00 fc52b791-0068-48d0-b63d-a9600b8fa32e - - - [NXLOG@14506 bosh_deployment="cf-warden" bosh_job_name="runner_z1" bosh_job_index="0" filename="/var/vcap/data/sys/log/dea_next/dea_next.log"] {"timestamp":1475179806.1237755,"message":"Reaping orphaned containers","log_level":"debug","source":"Dea::Bootstrap","data":{},"thread_id":47241037142420,"fiber_id":47241050325380,"process_id":6941,"file":"/var/vcap/packages/dea_next/lib/dea/bootstrap.rb","lineno":236,"method":"reap_orphaned_containers"}

2016-09-29T20:10:07.143232+00:00 05bf1627-ae2f-400c-b1ce-31973a9ff23f - - - [NXLOG@14506 bosh_deployment="cf-warden" bosh_job_name="uaa_z1" bosh_job_index="0" filename="/var/vcap/data/sys/log/uaa/localhost_access.log"] 127.0.0.1 - - [29/Sep/2016:20:09:50 +0000] "GET /healthz HTTP/1.1" 200 3

2016-09-29T20:10:07.143384+00:00 05bf1627-ae2f-400c-b1ce-31973a9ff23f - - - [NXLOG@14506 bosh_deployment="cf-warden" bosh_job_name="uaa_z1" bosh_job_index="0" filename="/var/vcap/data/sys/log/uaa/localhost_access.log"] 127.0.0.1 - - [29/Sep/2016:20:09:50 +0000] "GET /healthz HTTP/1.1" 200 3

2016-09-29T20:10:07.143472+00:00 05bf1627-ae2f-400c-b1ce-31973a9ff23f - - - [NXLOG@14506 bosh_deployment="cf-warden" bosh_job_name="uaa_z1" bosh_job_index="0" filename="/var/vcap/data/sys/log/uaa/localhost_access.log"] 127.0.0.1 - - [29/Sep/2016:20:09:54 +0000] "GET /healthz HTTP/1.1" 200 3

2016-09-29T20:10:07.143573+00:00 05bf1627-ae2f-400c-b1ce-31973a9ff23f - - - [NXLOG@14506 bosh_deployment="cf-warden" bosh_job_name="uaa_z1" bosh_job_index="0" filename="/var/vcap/data/sys/log/route_registrar/route_registrar.stdout.log"] {"timestamp":"1475179798.808246851","source":"Route Registrar","message":"Route Registrar.Executing script","log_level":1,"data":{"scriptPath":"/var/vcap/jobs/uaa/bin/health_check"}}

2016-09-29T20:10:07.143636+00:00 05bf1627-ae2f-400c-b1ce-31973a9ff23f - - - [NXLOG@14506 bosh_deployment="cf-warden" bosh_job_name="uaa_z1" bosh_job_index="0" filename="/var/vcap/data/sys/log/route_registrar/route_registrar.stdout.log"] {"timestamp":"1475179798.818700790","source":"Route Registrar","message":"Route Registrar.Script exited without error","log_level":1,"data":{"script":"/var/vcap/jobs/uaa/bin/health_check","stderr":"  % Total    % Received % Xferd  Average Speed   Time    Time     Time  Current\n                                 Dload  Upload   Total   Spent    Left  Speed\n\r  0     0    0     0    0     0      0      0 --:--:-- --:--:-- --:--:--     0\r100     3  100     3    0     0   2671      0 --:--:-- --:--:-- --:--:--  3000\n","stdout":""}}

2016-09-29T20:10:07.143682+00:00 05bf1627-ae2f-400c-b1ce-31973a9ff23f - - - [NXLOG@14506 bosh_deployment="cf-warden" bosh_job_name="uaa_z1" bosh_job_index="0" filename="/var/vcap/data/sys/log/route_registrar/route_registrar.stdout.log"] {"timestamp":"1475179798.818777800","source":"Route Registrar","message":"Route Registrar.healthchecker returned healthy for route","log_level":1,"data":{"route":{"Name":"uaa","Port":8080,"Tags":{"component":"uaa"},"URIs":["uaa.bosh-lite.com","*.uaa.bosh-lite.com","login.bosh-lite.com","*.login.bosh-lite.com"],"RouteServiceUrl":"","RegistrationInterval":4000000000,"HealthCheck":{"Name":"uaa-healthcheck","ScriptPath":"/var/vcap/jobs/uaa/bin/health_check","Timeout":2000000000}}}}

2016-09-29T20:10:07.143725+00:00 05bf1627-ae2f-400c-b1ce-31973a9ff23f - - - [NXLOG@14506 bosh_deployment="cf-warden" bosh_job_name="uaa_z1" bosh_job_index="0" filename="/var/vcap/data/sys/log/route_registrar/route_registrar.stdout.log"] {"timestamp":"1475179798.818800688","source":"Route Registrar","message":"Route Registrar.Registering route","log_level":1,"data":{"route":{"Name":"uaa","Port":8080,"Tags":{"component":"uaa"},"URIs":["uaa.bosh-lite.com","*.uaa.bosh-lite.com","login.bosh-lite.com","*.login.bosh-lite.com"],"RouteServiceUrl":"","RegistrationInterval":4000000000,"HealthCheck":{"Name":"uaa-healthcheck","ScriptPath":"/var/vcap/jobs/uaa/bin/health_check","Timeout":2000000000}}}}

2016-09-29T20:10:07.143770+00:00 05bf1627-ae2f-400c-b1ce-31973a9ff23f - - - [NXLOG@14506 bosh_deployment="cf-warden" bosh_job_name="uaa_z1" bosh_job_index="0" filename="/var/vcap/data/sys/log/route_registrar/route_registrar.stdout.log"] {"timestamp":"1475179798.818870306","source":"Route Registrar","message":"Route Registrar.Registered routes successfully","log_level":1,"data":{}}

2016-09-29T20:10:07.143814+00:00 05bf1627-ae2f-400c-b1ce-31973a9ff23f - - - [NXLOG@14506 bosh_deployment="cf-warden" bosh_job_name="uaa_z1" bosh_job_index="0" filename="/var/vcap/data/sys/log/route_registrar/route_registrar.stdout.log"] {"timestamp":"1475179802.811230659","source":"Route Registrar","message":"Route Registrar.Executing script","log_level":1,"data":{"scriptPath":"/var/vcap/jobs/uaa/bin/health_check"}}

2016-09-29T20:10:07.144072+00:00 05bf1627-ae2f-400c-b1ce-31973a9ff23f - - - [NXLOG@14506 bosh_deployment="cf-warden" bosh_job_name="uaa_z1" bosh_job_index="0" filename="/var/vcap/data/sys/log/route_registrar/route_registrar.stdout.log"] {"timestamp":"1475179802.827365160","source":"Route Registrar","message":"Route Registrar.Script exited without error","log_level":1,"data":{"script":"/var/vcap/jobs/uaa/bin/health_check","stderr":"  % Total    % Received % Xferd  Average Speed   Time    Time     Time  Current\n                                 Dload  Upload   Total   Spent    Left  Speed\n\r  0     0    0     0    0     0      0      0 --:--:-- --:--:-- --:--:--     0\r100     3  100     3    0     0    979      0 --:--:-- --:--:-- --:--:--  1500\n","stdout":""}}

2016-09-29T20:10:07.143664+00:00 b0fa19c0-86de-4447-a670-3f7adbd0b3c1 - - - [NXLOG@14506 bosh_deployment="cf-warden" bosh_job_name="api_z1" bosh_job_index="0" filename="/var/vcap/data/sys/log/route_registrar/route_registrar.stdout.log"] {"timestamp":"1475179807.088418961","source":"Route Registrar","message":"Route Registrar.no healthchecker found for route","log_level":1,"data":{"route":{"Name":"api","Port":9022,"Tags":{"component":"CloudController"},"URIs":["api.bosh-lite.com"],"RouteServiceUrl":"","RegistrationInterval":20000000000,"HealthCheck":null}}}

2016-09-29T20:10:07.143739+00:00 b0fa19c0-86de-4447-a670-3f7adbd0b3c1 - - - [NXLOG@14506 bosh_deployment="cf-warden" bosh_job_name="api_z1" bosh_job_index="0" filename="/var/vcap/data/sys/log/route_registrar/route_registrar.stdout.log"] {"timestamp":"1475179807.088701725","source":"Route Registrar","message":"Route Registrar.Registering route","log_level":1,"data":{"route":{"Name":"api","Port":9022,"Tags":{"component":"CloudController"},"URIs":["api.bosh-lite.com"],"RouteServiceUrl":"","RegistrationInterval":20000000000,"HealthCheck":null}}}

2016-09-29T20:10:07.143787+00:00 b0fa19c0-86de-4447-a670-3f7adbd0b3c1 - - - [NXLOG@14506 bosh_deployment="cf-warden" bosh_job_name="api_z1" bosh_job_index="0" filename="/var/vcap/data/sys/log/route_registrar/route_registrar.stdout.log"] {"timestamp":"1475179807.088867188","source":"Route Registrar","message":"Route Registrar.Registered routes successfully","log_level":1,"data":{}}

2016-09-29T20:10:07.143831+00:00 b0fa19c0-86de-4447-a670-3f7adbd0b3c1 - - - [NXLOG@14506 bosh_deployment="cf-warden" bosh_job_name="api_z1" bosh_job_index="0" filename="/var/vcap/data/sys/log/cloud_controller_worker/cloud_controller_worker.log"] {"timestamp":1475179799.200099,"message":"(0.000518s) SELECT * FROM \"delayed_jobs\" WHERE ((((\"run_at\" <= '2016-09-29 20:09:59.199075+0000') AND (\"locked_at\" IS NULL)) OR (\"locked_by\" = 'cc_global_worker.api_z1.0.1')) AND (\"failed_at\" IS NULL) AND (\"queue\" IN ('cc-generic'))) ORDER BY \"priority\" ASC, \"run_at\" ASC LIMIT 5","log_level":"debug2","source":"cc.background","data":{},"thread_id":47193737007380,"fiber_id":47193773841900,"process_id":15807,"file":"/var/vcap/packages/cloud_controller_ng/cloud_controller_ng/vendor/bundle/ruby/2.3.0/gems/sequel-4.29.0/lib/sequel/database/logging.rb","lineno":70,"method":"block in log_each"}

2016-09-29T20:10:16.999599+00:00 fc52b791-0068-48d0-b63d-a9600b8fa32e - - - [NXLOG@14506 bosh_deployment="cf-warden" bosh_job_name="runner_z1" bosh_job_index="0" filename="/var/vcap/data/sys/log/dea_next/dea_next.log"] {"timestamp":1475179811.866979,"message":"hm9000.heartbeat.sending","log_level":"debug","source":"Dea::Bootstrap","data":{"destination":"https://listener-hm9000.service.cf.internal:5335/dea/heartbeat"},"thread_id":47241037142420,"fiber_id":47241050325380,"process_id":6941,"file":"/var/vcap/packages/dea_next/lib/dea/utils/hm9000.rb","lineno":29,"method":"send_heartbeat"}

2016-09-29T20:10:16.999719+00:00 fc52b791-0068-48d0-b63d-a9600b8fa32e - - - [NXLOG@14506 bosh_deployment="cf-warden" bosh_job_name="runner_z1" bosh_job_index="0" filename="/var/vcap/data/sys/log/dea_next/dea_next.log"] {"timestamp":1475179811.8831863,"message":"hm9000.heartbeat.accepted","log_level":"debug","source":"Dea::Bootstrap","data":{},"thread_id":47241050154260,"fiber_id":47241051787100,"process_id":6941,"file":"/var/vcap/packages/dea_next/lib/dea/utils/hm9000.rb","lineno":49,"method":"handle_http_response"}

2016-09-29T20:10:17.143378+00:00 f0562343-642f-42d4-aca5-293abe675815 - - - [NXLOG@14506 bosh_deployment="cf-warden" bosh_job_name="blobstore_z1" bosh_job_index="0" filename="/var/vcap/data/sys/log/route_registrar/route_registrar.stdout.log"] {"timestamp":"1475179808.513571739","source":"Route Registrar","message":"Route Registrar.no healthchecker found for route","log_level":1,"data":{"route":{"Name":"blobstore","Port":80,"Tags":{"component":"blobstore"},"URIs":["blobstore.bosh-lite.com"],"RouteServiceUrl":"","RegistrationInterval":20000000000,"HealthCheck":null}}}

2016-09-29T20:10:17.143527+00:00 f0562343-642f-42d4-aca5-293abe675815 - - - [NXLOG@14506 bosh_deployment="cf-warden" bosh_job_name="blobstore_z1" bosh_job_index="0" filename="/var/vcap/data/sys/log/route_registrar/route_registrar.stdout.log"] {"timestamp":"1475179808.513699055","source":"Route Registrar","message":"Route Registrar.Registering route","log_level":1,"data":{"route":{"Name":"blobstore","Port":80,"Tags":{"component":"blobstore"},"URIs":["blobstore.bosh-lite.com"],"RouteServiceUrl":"","RegistrationInterval":20000000000,"HealthCheck":null}}}

2016-09-29T20:10:17.143575+00:00 f0562343-642f-42d4-aca5-293abe675815 - - - [NXLOG@14506 bosh_deployment="cf-warden" bosh_job_name="blobstore_z1" bosh_job_index="0" filename="/var/vcap/data/sys/log/route_registrar/route_registrar.stdout.log"] {"timestamp":"1475179808.513827801","source":"Route Registrar","message":"Route Registrar.Registered routes successfully","log_level":1,"data":{}}

2016-09-29T20:10:17.144050+00:00 b0fa19c0-86de-4447-a670-3f7adbd0b3c1 - - - [NXLOG@14506 bosh_deployment="cf-warden" bosh_job_name="api_z1" bosh_job_index="0" filename="/var/vcap/data/sys/log/cloud_controller_worker/cloud_controller_worker.log"] {"timestamp":1475179809.2562492,"message":"(0.000766s) SELECT * FROM \"delayed_jobs\" WHERE ((((\"run_at\" <= '2016-09-29 20:10:09.254957+0000') AND (\"locked_at\" IS NULL)) OR (\"locked_by\" = 'cc_global_worker.api_z1.0.1')) AND (\"failed_at\" IS NULL) AND (\"queue\" IN ('cc-generic'))) ORDER BY \"priority\" ASC, \"run_at\" ASC LIMIT 5","log_level":"debug2","source":"cc.background","data":{},"thread_id":47193737007380,"fiber_id":47193773841900,"process_id":15807,"file":"/var/vcap/packages/cloud_controller_ng/cloud_controller_ng/vendor/bundle/ruby/2.3.0/gems/sequel-4.29.0/lib/sequel/database/logging.rb","lineno":70,"method":"block in log_each"}

2016-09-29T20:10:17.144183+00:00 b0fa19c0-86de-4447-a670-3f7adbd0b3c1 - - - [NXLOG@14506 bosh_deployment="cf-warden" bosh_job_name="api_z1" bosh_job_index="0" filename="/var/vcap/data/sys/log/cloud_controller_worker/cloud_controller_worker.log"] {"timestamp":1475179814.2792673,"message":"(0.000643s) SELECT * FROM \"delayed_jobs\" WHERE ((((\"run_at\" <= '2016-09-29 20:10:14.278089+0000') AND (\"locked_at\" IS NULL)) OR (\"locked_by\" = 'cc_global_worker.api_z1.0.1')) AND (\"failed_at\" IS NULL) AND (\"queue\" IN ('cc-generic'))) ORDER BY \"priority\" ASC, \"run_at\" ASC LIMIT 5","log_level":"debug2","source":"cc.background","data":{},"thread_id":47193737007380,"fiber_id":47193773841900,"process_id":15807,"file":"/var/vcap/packages/cloud_controller_ng/cloud_controller_ng/vendor/bundle/ruby/2.3.0/gems/sequel-4.29.0/lib/sequel/database/logging.rb","lineno":70,"method":"block in log_each"}

2016-09-29T20:10:17.144250+00:00 b0fa19c0-86de-4447-a670-3f7adbd0b3c1 - - - [NXLOG@14506 bosh_deployment="cf-warden" bosh_job_name="api_z1" bosh_job_index="0" filename="/var/vcap/data/sys/log/nginx_cc/nginx.access.log"] 10.244.0.138 - [29/Sep/2016:20:10:07 +0000] "GET /v2/info HTTP/1.1" 200 802 "-" "monit/5.2.5" 10.244.0.138 vcap_request_id:421e176c-ec3b-4c56-8966-cd421fa65c60 response_time:0.004

2016-09-29T20:10:17.144305+00:00 b0fa19c0-86de-4447-a670-3f7adbd0b3c1 - - - [NXLOG@14506 bosh_deployment="cf-warden" bosh_job_name="api_z1" bosh_job_index="0" filename="/var/vcap/data/sys/log/nginx_cc/nginx.access.log"] api.bosh-lite.com - [29/Sep/2016:20:10:15 +0000] "GET /v2/syslog_drain_urls?batch_size=1000 HTTP/1.1" 200 326 "-" "Go-http-client/1.1" 10.244.0.146, 10.244.0.34, 10.244.0.22 vcap_request_id:546ad718-6763-447d-587a-3cddd005ea05::e4b9d818-78d6-412d-aff6-43e60e8205ce response_time:0.005

2016-09-29T20:10:17.144352+00:00 b0fa19c0-86de-4447-a670-3f7adbd0b3c1 - - - [NXLOG@14506 bosh_deployment="cf-warden" bosh_job_name="api_z1" bosh_job_index="0" filename="/var/vcap/data/sys/log/cloud_controller_ng/cloud_controller_ng.log"] {"timestamp":1475179807.607835,"message":"Statsd: cc.requests.outstanding:1|c","log_level":"debug","source":"statsd.client","data":{},"thread_id":47062185510540,"fiber_id":47062184968220,"process_id":15535,"file":"/var/vcap/packages/cloud_controller_ng/cloud_controller_ng/vendor/bundle/ruby/2.3.0/gems/statsd-ruby-1.2.1/lib/statsd.rb","lineno":254,"method":"send_to_socket"}

2016-09-29T20:10:17.144388+00:00 b0fa19c0-86de-4447-a670-3f7adbd0b3c1 - - - [NXLOG@14506 bosh_deployment="cf-warden" bosh_job_name="api_z1" bosh_job_index="0" filename="/var/vcap/data/sys/log/cloud_controller_ng/cloud_controller_ng.log"] {"timestamp":1475179807.6083403,"message":"Started GET \"/v2/info\" for user: , ip: 127.0.0.1 with vcap-request-id: 421e176c-ec3b-4c56-8966-cd421fa65c60 at 2016-09-29 20:10:07 UTC","log_level":"info","source":"cc.api","data":{},"thread_id":47062185510540,"fiber_id":47062184968220,"process_id":15535,"file":"/var/vcap/packages/cloud_controller_ng/cloud_controller_ng/middleware/request_logs.rb","lineno":12,"method":"call"}

2016-09-29T20:10:17.144431+00:00 b0fa19c0-86de-4447-a670-3f7adbd0b3c1 - - - [NXLOG@14506 bosh_deployment="cf-warden" bosh_job_name="api_z1" bosh_job_index="0" filename="/var/vcap/data/sys/log/cloud_controller_ng/cloud_controller_ng.log"] {"timestamp":1475179807.6092436,"message":"dispatch VCAP::CloudController::InfoController get /v2/info","log_level":"debug","source":"cc.api","data":{"request_guid":"421e176c-ec3b-4c56-8966-cd421fa65c60"},"thread_id":47062185510540,"fiber_id":47062184968220,"process_id":15535,"file":"/var/vcap/data/packages/cloud_controller_ng/f87cb49aa2cd87792cb9c2211a79e1542502be4d.1-b1a5f3c830cb6c32ae9e685628b24aa967f5ae54/cloud_controller_ng/lib/cloud_controller/rest_controller/routes.rb","lineno":12,"method":"block in define_route"}

2016-09-29T20:10:17.145336+00:00 b0fa19c0-86de-4447-a670-3f7adbd0b3c1 - - - [NXLOG@14506 bosh_deployment="cf-warden" bosh_job_name="api_z1" bosh_job_index="0" filename="/var/vcap/data/sys/log/cloud_controller_ng/cloud_controller_ng.log"] {"timestamp":1475179807.6094267,"message":"parse_params: {} ","log_level":"debug","source":"cc.api","data":{"request_guid":"421e176c-ec3b-4c56-8966-cd421fa65c60"},"thread_id":47062185510540,"fiber_id":47062184968220,"process_id":15535,"file":"/var/vcap/data/packages/cloud_controller_ng/f87cb49aa2cd87792cb9c2211a79e1542502be4d.1-b1a5f3c830cb6c32ae9e685628b24aa967f5ae54/cloud_controller_ng/lib/cloud_controller/rest_controller/common_params.rb","lineno":10,"method":"parse"}

2016-09-29T20:10:17.145463+00:00 b0fa19c0-86de-4447-a670-3f7adbd0b3c1 - - - [NXLOG@14506 bosh_deployment="cf-warden" bosh_job_name="api_z1" bosh_job_index="0" filename="/var/vcap/data/sys/log/cloud_controller_ng/cloud_controller_ng.log"] {"timestamp":1475179807.6096041,"message":"cc.dispatch","log_level":"debug","source":"cc.api","data":{"request_guid":"421e176c-ec3b-4c56-8966-cd421fa65c60","endpoint":"read","args":[]},"thread_id":47062185510540,"fiber_id":47062184968220,"process_id":15535,"file":"/var/vcap/data/packages/cloud_controller_ng/f87cb49aa2cd87792cb9c2211a79e1542502be4d.1-b1a5f3c830cb6c32ae9e685628b24aa967f5ae54/cloud_controller_ng/app/controllers/base/base_controller.rb","lineno":78,"method":"dispatch"}

2016-09-29T20:10:17.145619+00:00 b0fa19c0-86de-4447-a670-3f7adbd0b3c1 - - - [NXLOG@14506 bosh_deployment="cf-warden" bosh_job_name="api_z1" bosh_job_index="0" filename="/var/vcap/data/sys/log/cloud_controller_ng/cloud_controller_ng.log"] {"timestamp":1475179807.6099381,"message":"Completed 200 vcap-request-id: 421e176c-ec3b-4c56-8966-cd421fa65c60","log_level":"info","source":"cc.api","data":{},"thread_id":47062185510540,"fiber_id":47062184968220,"process_id":15535,"file":"/var/vcap/packages/cloud_controller_ng/cloud_controller_ng/middleware/request_logs.rb","lineno":24,"method":"call"}

2016-09-29T20:10:17.145759+00:00 b0fa19c0-86de-4447-a670-3f7adbd0b3c1 - - - [NXLOG@14506 bosh_deployment="cf-warden" bosh_job_name="api_z1" bosh_job_index="0" filename="/var/vcap/data/sys/log/cloud_controller_ng/cloud_controller_ng.log"] {"timestamp":1475179807.610114,"message":"Statsd: cc.requests.outstanding:-1|c\ncc.requests.completed:1|c\ncc.http_status.2XX:1|c","log_level":"debug","source":"statsd.client","data":{},"thread_id":47062185510540,"fiber_id":47062184968220,"process_id":15535,"file":"/var/vcap/packages/cloud_controller_ng/cloud_controller_ng/vendor/bundle/ruby/2.3.0/gems/statsd-ruby-1.2.1/lib/statsd.rb","lineno":254,"method":"send_to_socket"}

2016-09-29T20:10:17.145864+00:00 b0fa19c0-86de-4447-a670-3f7adbd0b3c1 - - - [NXLOG@14506 bosh_deployment="cf-warden" bosh_job_name="api_z1" bosh_job_index="0" filename="/var/vcap/data/sys/log/cloud_controller_ng/cloud_controller_ng.log"] {"timestamp":1475179809.256156,"message":"(0.000685s) SELECT * FROM \"delayed_jobs\" WHERE ((((\"run_at\" <= '2016-09-29 20:10:09.254782+0000') AND (\"locked_at\" IS NULL)) OR (\"locked_by\" = 'cc_api_worker.api_z1.0.2')) AND (\"failed_at\" IS NULL) AND (\"queue\" IN ('cc-api_z1-0'))) ORDER BY \"priority\" ASC, \"run_at\" ASC LIMIT 5","log_level":"debug2","source":"cc.background","data":{},"thread_id":47118928261380,"fiber_id":47118965175380,"process_id":15629,"file":"/var/vcap/packages/cloud_controller_ng/cloud_controller_ng/vendor/bundle/ruby/2.3.0/gems/sequel-4.29.0/lib/sequel/database/logging.rb","lineno":70,"method":"block in log_each"}

2016-09-29T20:10:17.146061+00:00 b0fa19c0-86de-4447-a670-3f7adbd0b3c1 - - - [NXLOG@14506 bosh_deployment="cf-warden" bosh_job_name="api_z1" bosh_job_index="0" filename="/var/vcap/data/sys/log/cloud_controller_ng/cloud_controller_ng.log"] {"timestamp":1475179810.3710632,"message":"(0.000564s) SELECT * FROM \"delayed_jobs\" WHERE ((((\"run_at\" <= '2016-09-29 20:10:10.369163+0000') AND (\"locked_at\" IS NULL)) OR (\"locked_by\" = 'cc_api_worker.api_z1.0.1')) AND (\"failed_at\" IS NULL) AND (\"queue\" IN ('cc-api_z1-0'))) ORDER BY \"priority\" ASC, \"run_at\" ASC LIMIT 5","log_level":"debug2","source":"cc.background","data":{},"thread_id":47452862460180,"fiber_id":47452899698480,"process_id":15587,"file":"/var/vcap/packages/cloud_controller_ng/cloud_controller_ng/vendor/bundle/ruby/2.3.0/gems/sequel-4.29.0/lib/sequel/database/logging.rb","lineno":70,"method":"block in log_each"}

2016-09-29T20:10:17.146118+00:00 b0fa19c0-86de-4447-a670-3f7adbd0b3c1 - - - [NXLOG@14506 bosh_deployment="cf-warden" bosh_job_name="api_z1" bosh_job_index="0" filename="/var/vcap/data/sys/log/cloud_controller_ng/cloud_controller_ng.log"] {"timestamp":1475179814.2805085,"message":"(0.000583s) SELECT * FROM \"delayed_jobs\" WHERE ((((\"run_at\" <= '2016-09-29 20:10:14.279373+0000') AND (\"locked_at\" IS NULL)) OR (\"locked_by\" = 'cc_api_worker.api_z1.0.2')) AND (\"failed_at\" IS NULL) AND (\"queue\" IN ('cc-api_z1-0'))) ORDER BY \"priority\" ASC, \"run_at\" ASC LIMIT 5","log_level":"debug2","source":"cc.background","data":{},"thread_id":47118928261380,"fiber_id":47118965175380,"process_id":15629,"file":"/var/vcap/packages/cloud_controller_ng/cloud_controller_ng/vendor/bundle/ruby/2.3.0/gems/sequel-4.29.0/lib/sequel/database/logging.rb","lineno":70,"method":"block in log_each"}

2016-09-29T20:10:17.146172+00:00 b0fa19c0-86de-4447-a670-3f7adbd0b3c1 - - - [NXLOG@14506 bosh_deployment="cf-warden" bosh_job_name="api_z1" bosh_job_index="0" filename="/var/vcap/data/sys/log/cloud_controller_ng/cloud_controller_ng.log"] {"timestamp":1475179815.4017231,"message":"(0.000691s) SELECT * FROM \"delayed_jobs\" WHERE ((((\"run_at\" <= '2016-09-29 20:10:15.400508+0000') AND (\"locked_at\" IS NULL)) OR (\"locked_by\" = 'cc_api_worker.api_z1.0.1')) AND (\"failed_at\" IS NULL) AND (\"queue\" IN ('cc-api_z1-0'))) ORDER BY \"priority\" ASC, \"run_at\" ASC LIMIT 5","log_level":"debug2","source":"cc.background","data":{},"thread_id":47452862460180,"fiber_id":47452899698480,"process_id":15587,"file":"/var/vcap/packages/cloud_controller_ng/cloud_controller_ng/vendor/bundle/ruby/2.3.0/gems/sequel-4.29.0/lib/sequel/database/logging.rb","lineno":70,"method":"block in log_each"}

2016-09-29T20:10:17.146280+00:00 b0fa19c0-86de-4447-a670-3f7adbd0b3c1 - - - [NXLOG@14506 bosh_deployment="cf-warden" bosh_job_name="api_z1" bosh_job_index="0" filename="/var/vcap/data/sys/log/cloud_controller_ng/cloud_controller_ng.log"] {"timestamp":1475179815.910434,"message":"Statsd: cc.requests.outstanding:1|c","log_level":"debug","source":"statsd.client","data":{},"thread_id":47062185510700,"fiber_id":47062157081500,"process_id":15535,"file":"/var/vcap/packages/cloud_controller_ng/cloud_controller_ng/vendor/bundle/ruby/2.3.0/gems/statsd-ruby-1.2.1/lib/statsd.rb","lineno":254,"method":"send_to_socket"}

2016-09-29T20:10:17.146368+00:00 b0fa19c0-86de-4447-a670-3f7adbd0b3c1 - - - [NXLOG@14506 bosh_deployment="cf-warden" bosh_job_name="api_z1" bosh_job_index="0" filename="/var/vcap/data/sys/log/cloud_controller_ng/cloud_controller_ng.log"] {"timestamp":1475179815.911125,"message":"Started GET \"/v2/syslog_drain_urls?batch_size=1000\" for user: , ip: 127.0.0.1 with vcap-request-id: 546ad718-6763-447d-587a-3cddd005ea05::e4b9d818-78d6-412d-aff6-43e60e8205ce at 2016-09-29 20:10:15 UTC","log_level":"info","source":"cc.api","data":{},"thread_id":47062185510700,"fiber_id":47062157081500,"process_id":15535,"file":"/var/vcap/packages/cloud_controller_ng/cloud_controller_ng/middleware/request_logs.rb","lineno":12,"method":"call"}

2016-09-29T20:10:17.146419+00:00 b0fa19c0-86de-4447-a670-3f7adbd0b3c1 - - - [NXLOG@14506 bosh_deployment="cf-warden" bosh_job_name="api_z1" bosh_job_index="0" filename="/var/vcap/data/sys/log/cloud_controller_ng/cloud_controller_ng.log"] {"timestamp":1475179815.9118214,"message":"dispatch VCAP::CloudController::SyslogDrainUrlsController get /v2/syslog_drain_urls","log_level":"debug","source":"cc.api","data":{"request_guid":"546ad718-6763-447d-587a-3cddd005ea05::e4b9d818-78d6-412d-aff6-43e60e8205ce"},"thread_id":47062185510700,"fiber_id":47062157081500,"process_id":15535,"file":"/var/vcap/data/packages/cloud_controller_ng/f87cb49aa2cd87792cb9c2211a79e1542502be4d.1-b1a5f3c830cb6c32ae9e685628b24aa967f5ae54/cloud_controller_ng/lib/cloud_controller/rest_controller/routes.rb","lineno":12,"method":"block in define_route"}

2016-09-29T20:10:17.146441+00:00 b0fa19c0-86de-4447-a670-3f7adbd0b3c1 - - - [NXLOG@14506 bosh_deployment="cf-warden" bosh_job_name="api_z1" bosh_job_index="0" filename="/var/vcap/data/sys/log/cloud_controller_ng/cloud_controller_ng.log"] {"timestamp":1475179815.9119997,"message":"parse_params: {\"batch_size\"=>\"1000\"} batch_size=1000","log_level":"debug","source":"cc.api","data":{"request_guid":"546ad718-6763-447d-587a-3cddd005ea05::e4b9d818-78d6-412d-aff6-43e60e8205ce"},"thread_id":47062185510700,"fiber_id":47062157081500,"process_id":15535,"file":"/var/vcap/data/packages/cloud_controller_ng/f87cb49aa2cd87792cb9c2211a79e1542502be4d.1-b1a5f3c830cb6c32ae9e685628b24aa967f5ae54/cloud_controller_ng/lib/cloud_controller/rest_controller/common_params.rb","lineno":10,"method":"parse"}

2016-09-29T20:10:17.146482+00:00 b0fa19c0-86de-4447-a670-3f7adbd0b3c1 - - - [NXLOG@14506 bosh_deployment="cf-warden" bosh_job_name="api_z1" bosh_job_index="0" filename="/var/vcap/data/sys/log/cloud_controller_ng/cloud_controller_ng.log"] {"timestamp":1475179815.9121692,"message":"cc.dispatch","log_level":"debug","source":"cc.api","data":{"request_guid":"546ad718-6763-447d-587a-3cddd005ea05::e4b9d818-78d6-412d-aff6-43e60e8205ce","endpoint":"list","args":[]},"thread_id":47062185510700,"fiber_id":47062157081500,"process_id":15535,"file":"/var/vcap/data/packages/cloud_controller_ng/f87cb49aa2cd87792cb9c2211a79e1542502be4d.1-b1a5f3c830cb6c32ae9e685628b24aa967f5ae54/cloud_controller_ng/app/controllers/base/base_controller.rb","lineno":78,"method":"dispatch"}

2016-09-29T20:10:17.146506+00:00 b0fa19c0-86de-4447-a670-3f7adbd0b3c1 - - - [NXLOG@14506 bosh_deployment="cf-warden" bosh_job_name="api_z1" bosh_job_index="0" filename="/var/vcap/data/sys/log/cloud_controller_ng/cloud_controller_ng.log"] {"timestamp":1475179815.913502,"message":"(0.000712s) SELECT \"apps\".\"guid\", string_agg(\"service_bindings\".\"syslog_drain_url\", ',') AS \"syslog_drain_urls\" FROM \"apps\" INNER JOIN \"service_bindings\" ON (\"service_bindings\".\"app_id\" = \"apps\".\"id\") WHERE ((syslog_drain_url IS NOT NULL) AND (syslog_drain_url != '')) GROUP BY \"apps\".\"guid\" UNION ALL (SELECT \"apps_v3\".\"guid\", string_agg(\"v3_service_bindings\".\"syslog_drain_url\", ',') AS \"syslog_drain_urls\" FROM \"apps_v3\" INNER JOIN \"v3_service_bindings\" ON (\"v3_service_bindings\".\"app_id\" = \"apps_v3\".\"id\") WHERE ((syslog_drain_url IS NOT NULL) AND (syslog_drain_url != '')) GROUP BY \"apps_v3\".\"guid\") ORDER BY \"guid\" LIMIT 1000 OFFSET 0","log_level":"debug2","source":"cc.db","data":{"request_guid":"546ad718-6763-447d-587a-3cddd005ea05::e4b9d818-78d6-412d-aff6-43e60e8205ce"},"thread_id":47062185510700,"fiber_id":47062157081500,"process_id":15535,"file":"/var/vcap/packages/cloud_controller_ng/cloud_controller_ng/vendor/bundle/ruby/2.3.0/gems/sequel-4.29.0/lib/sequel/database/logging.rb","lineno":70,"method":"block in log_each"}

2016-09-29T20:10:17.146585+00:00 b0fa19c0-86de-4447-a670-3f7adbd0b3c1 - - - [NXLOG@14506 bosh_deployment="cf-warden" bosh_job_name="api_z1" bosh_job_index="0" filename="/var/vcap/data/sys/log/cloud_controller_ng/cloud_controller_ng.log"] {"timestamp":1475179815.9138346,"message":"Completed 200 vcap-request-id: 546ad718-6763-447d-587a-3cddd005ea05::e4b9d818-78d6-412d-aff6-43e60e8205ce","log_level":"info","source":"cc.api","data":{},"thread_id":47062185510700,"fiber_id":47062157081500,"process_id":15535,"file":"/var/vcap/packages/cloud_controller_ng/cloud_controller_ng/middleware/request_logs.rb","lineno":24,"method":"call"}

2016-09-29T20:10:17.146610+00:00 b0fa19c0-86de-4447-a670-3f7adbd0b3c1 - - - [NXLOG@14506 bosh_deployment="cf-warden" bosh_job_name="api_z1" bosh_job_index="0" filename="/var/vcap/data/sys/log/cloud_controller_ng/cloud_controller_ng.log"] {"timestamp":1475179815.914028,"message":"Statsd: cc.requests.outstanding:-1|c\ncc.requests.completed:1|c\ncc.http_status.2XX:1|c","log_level":"debug","source":"statsd.client","data":{},"thread_id":47062185510700,"fiber_id":47062157081500,"process_id":15535,"file":"/var/vcap/packages/cloud_controller_ng/cloud_controller_ng/vendor/bundle/ruby/2.3.0/gems/statsd-ruby-1.2.1/lib/statsd.rb","lineno":254,"method":"send_to_socket"}

2016-09-29T20:10:17.147502+00:00 152ab062-1f32-4789-910a-13bdc79651b2 - - - [NXLOG@14506 bosh_deployment="cf-warden" bosh_job_name="hm9000_z1" bosh_job_index="0" filename="/var/vcap/data/sys/log/hm9000/hm9000_listener.log"] {"timestamp":"1475179811.882439375","source":"listener","message":"listener.Received a heartbeat","log_level":1,"data":{"Heartbeats Pending Save":"1"}}

2016-09-29T20:10:17.148105+00:00 152ab062-1f32-4789-910a-13bdc79651b2 - - - [NXLOG@14506 bosh_deployment="cf-warden" bosh_job_name="hm9000_z1" bosh_job_index="0" filename="/var/vcap/data/sys/log/hm9000/hm9000_listener.log"] {"timestamp":"1475179812.816151142","source":"listener","message":"listener.Saving Heartbeats","log_level":1,"data":{"Heartbeats to Save":"1"}}

2016-09-29T20:10:17.148779+00:00 152ab062-1f32-4789-910a-13bdc79651b2 - - - [NXLOG@14506 bosh_deployment="cf-warden" bosh_job_name="hm9000_z1" bosh_job_index="0" filename="/var/vcap/data/sys/log/hm9000/hm9000_listener.log"] {"timestamp":"1475179812.824661016","source":"listener","message":"listener.Bumped freshness","log_level":1,"data":{}}

2016-09-29T20:10:17.148840+00:00 152ab062-1f32-4789-910a-13bdc79651b2 - - - [NXLOG@14506 bosh_deployment="cf-warden" bosh_job_name="hm9000_z1" bosh_job_index="0" filename="/var/vcap/data/sys/log/hm9000/hm9000_listener.log"] {"timestamp":"1475179812.824747562","source":"listener","message":"listener.Saved Heartbeats","log_level":1,"data":{"Duration":"8.544149ms","Heartbeats to Save":"1"}}

2016-09-29T20:10:17.144912+00:00 05bf1627-ae2f-400c-b1ce-31973a9ff23f - - - [NXLOG@14506 bosh_deployment="cf-warden" bosh_job_name="uaa_z1" bosh_job_index="0" filename="/var/vcap/data/sys/log/uaa/localhost_access.log"] 127.0.0.1 - - [29/Sep/2016:20:09:58 +0000] "GET /healthz HTTP/1.1" 200 3

2016-09-29T20:10:17.145137+00:00 05bf1627-ae2f-400c-b1ce-31973a9ff23f - - - [NXLOG@14506 bosh_deployment="cf-warden" bosh_job_name="uaa_z1" bosh_job_index="0" filename="/var/vcap/data/sys/log/uaa/localhost_access.log"] 127.0.0.1 - - [29/Sep/2016:20:10:00 +0000] "GET /healthz HTTP/1.1" 200 3

2016-09-29T20:10:17.145208+00:00 05bf1627-ae2f-400c-b1ce-31973a9ff23f - - - [NXLOG@14506 bosh_deployment="cf-warden" bosh_job_name="uaa_z1" bosh_job_index="0" filename="/var/vcap/data/sys/log/uaa/localhost_access.log"] 127.0.0.1 - - [29/Sep/2016:20:10:02 +0000] "GET /healthz HTTP/1.1" 200 3

2016-09-29T20:10:17.147231+00:00 05bf1627-ae2f-400c-b1ce-31973a9ff23f - - - [NXLOG@14506 bosh_deployment="cf-warden" bosh_job_name="uaa_z1" bosh_job_index="0" filename="/var/vcap/data/sys/log/uaa/localhost_access.log"] 127.0.0.1 - - [29/Sep/2016:20:10:06 +0000] "GET /healthz HTTP/1.1" 200 3

2016-09-29T20:10:17.147327+00:00 05bf1627-ae2f-400c-b1ce-31973a9ff23f - - - [NXLOG@14506 bosh_deployment="cf-warden" bosh_job_name="uaa_z1" bosh_job_index="0" filename="/var/vcap/data/sys/log/route_registrar/route_registrar.stdout.log"] {"timestamp":"1475179810.808044195","source":"Route Registrar","message":"Route Registrar.Executing script","log_level":1,"data":{"scriptPath":"/var/vcap/jobs/uaa/bin/health_check"}}

2016-09-29T20:10:17.147395+00:00 05bf1627-ae2f-400c-b1ce-31973a9ff23f - - - [NXLOG@14506 bosh_deployment="cf-warden" bosh_job_name="uaa_z1" bosh_job_index="0" filename="/var/vcap/data/sys/log/route_registrar/route_registrar.stdout.log"] {"timestamp":"1475179810.819896936","source":"Route Registrar","message":"Route Registrar.Script exited without error","log_level":1,"data":{"script":"/var/vcap/jobs/uaa/bin/health_check","stderr":"  % Total    % Received % Xferd  Average Speed   Time    Time     Time  Current\n                                 Dload  Upload   Total   Spent    Left  Speed\n\r  0     0    0     0    0     0      0      0 --:--:-- --:--:-- --:--:--     0\r100     3  100     3    0     0   1355      0 --:--:-- --:--:-- --:--:--  3000\n","stdout":""}}

2016-09-29T20:10:17.147527+00:00 05bf1627-ae2f-400c-b1ce-31973a9ff23f - - - [NXLOG@14506 bosh_deployment="cf-warden" bosh_job_name="uaa_z1" bosh_job_index="0" filename="/var/vcap/data/sys/log/route_registrar/route_registrar.stdout.log"] {"timestamp":"1475179810.819972515","source":"Route Registrar","message":"Route Registrar.healthchecker returned healthy for route","log_level":1,"data":{"route":{"Name":"uaa","Port":8080,"Tags":{"component":"uaa"},"URIs":["uaa.bosh-lite.com","*.uaa.bosh-lite.com","login.bosh-lite.com","*.login.bosh-lite.com"],"RouteServiceUrl":"","RegistrationInterval":4000000000,"HealthCheck":{"Name":"uaa-healthcheck","ScriptPath":"/var/vcap/jobs/uaa/bin/health_check","Timeout":2000000000}}}}

2016-09-29T20:10:17.147562+00:00 05bf1627-ae2f-400c-b1ce-31973a9ff23f - - - [NXLOG@14506 bosh_deployment="cf-warden" bosh_job_name="uaa_z1" bosh_job_index="0" filename="/var/vcap/data/sys/log/route_registrar/route_registrar.stdout.log"] {"timestamp":"1475179810.820040464","source":"Route Registrar","message":"Route Registrar.Registering route","log_level":1,"data":{"route":{"Name":"uaa","Port":8080,"Tags":{"component":"uaa"},"URIs":["uaa.bosh-lite.com","*.uaa.bosh-lite.com","login.bosh-lite.com","*.login.bosh-lite.com"],"RouteServiceUrl":"","RegistrationInterval":4000000000,"HealthCheck":{"Name":"uaa-healthcheck","ScriptPath":"/var/vcap/jobs/uaa/bin/health_check","Timeout":2000000000}}}}

2016-09-29T20:10:17.147584+00:00 05bf1627-ae2f-400c-b1ce-31973a9ff23f - - - [NXLOG@14506 bosh_deployment="cf-warden" bosh_job_name="uaa_z1" bosh_job_index="0" filename="/var/vcap/data/sys/log/route_registrar/route_registrar.stdout.log"] {"timestamp":"1475179810.820090771","source":"Route Registrar","message":"Route Registrar.Registered routes successfully","log_level":1,"data":{}}

2016-09-29T20:10:17.147612+00:00 05bf1627-ae2f-400c-b1ce-31973a9ff23f - - - [NXLOG@14506 bosh_deployment="cf-warden" bosh_job_name="uaa_z1" bosh_job_index="0" filename="/var/vcap/data/sys/log/route_registrar/route_registrar.stdout.log"] {"timestamp":"1475179814.808804512","source":"Route Registrar","message":"Route Registrar.Executing script","log_level":1,"data":{"scriptPath":"/var/vcap/jobs/uaa/bin/health_check"}}

2016-09-29T20:10:17.147628+00:00 05bf1627-ae2f-400c-b1ce-31973a9ff23f - - - [NXLOG@14506 bosh_deployment="cf-warden" bosh_job_name="uaa_z1" bosh_job_index="0" filename="/var/vcap/data/sys/log/route_registrar/route_registrar.stdout.log"] {"timestamp":"1475179814.820137024","source":"Route Registrar","message":"Route Registrar.Script exited without error","log_level":1,"data":{"script":"/var/vcap/jobs/uaa/bin/health_check","stderr":"  % Total    % Received % Xferd  Average Speed   Time    Time     Time  Current\n                                 Dload  Upload   Total   Spent    Left  Speed\n\r  0     0    0     0    0     0      0      0 --:--:-- --:--:-- --:--:--     0\r100     3  100     3    0     0   3521      0 --:--:-- --:--:-- --:--:--  3000\n","stdout":""}}

2016-09-29T20:10:17.147645+00:00 05bf1627-ae2f-400c-b1ce-31973a9ff23f - - - [NXLOG@14506 bosh_deployment="cf-warden" bosh_job_name="uaa_z1" bosh_job_index="0" filename="/var/vcap/data/sys/log/route_registrar/route_registrar.stdout.log"] {"timestamp":"1475179814.820225239","source":"Route Registrar","message":"Route Registrar.healthchecker returned healthy for route","log_level":1,"data":{"route":{"Name":"uaa","Port":8080,"Tags":{"component":"uaa"},"URIs":["uaa.bosh-lite.com","*.uaa.bosh-lite.com","login.bosh-lite.com","*.login.bosh-lite.com"],"RouteServiceUrl":"","RegistrationInterval":4000000000,"HealthCheck":{"Name":"uaa-healthcheck","ScriptPath":"/var/vcap/jobs/uaa/bin/health_check","Timeout":2000000000}}}}

2016-09-29T20:10:17.147668+00:00 05bf1627-ae2f-400c-b1ce-31973a9ff23f - - - [NXLOG@14506 bosh_deployment="cf-warden" bosh_job_name="uaa_z1" bosh_job_index="0" filename="/var/vcap/data/sys/log/route_registrar/route_registrar.stdout.log"] {"timestamp":"1475179814.820250511","source":"Route Registrar","message":"Route Registrar.Registering route","log_level":1,"data":{"route":{"Name":"uaa","Port":8080,"Tags":{"component":"uaa"},"URIs":["uaa.bosh-lite.com","*.uaa.bosh-lite.com","login.bosh-lite.com","*.login.bosh-lite.com"],"RouteServiceUrl":"","RegistrationInterval":4000000000,"HealthCheck":{"Name":"uaa-healthcheck","ScriptPath":"/var/vcap/jobs/uaa/bin/health_check","Timeout":2000000000}}}}

2016-09-29T20:10:17.147689+00:00 05bf1627-ae2f-400c-b1ce-31973a9ff23f - - - [NXLOG@14506 bosh_deployment="cf-warden" bosh_job_name="uaa_z1" bosh_job_index="0" filename="/var/vcap/data/sys/log/route_registrar/route_registrar.stdout.log"] {"timestamp":"1475179814.820311069","source":"Route Registrar","message":"Route Registrar.Registered routes successfully","log_level":1,"data":{}}

2016-09-29T20:10:17.147747+00:00 05bf1627-ae2f-400c-b1ce-31973a9ff23f - - - [NXLOG@14506 bosh_deployment="cf-warden" bosh_job_name="uaa_z1" bosh_job_index="0" filename="/var/vcap/data/sys/log/uaa/uaa.log"] [2016-09-29 20:10:10.807] uaa - 19013 [ZoneAwareMetadataManager.Refresh[idpMetadataManager]] .... DEBUG --- ZoneAwareIdpMetadataManager: Running SAML SP refresh[ZoneAwareMetadataManager.Refresh[idpMetadataManager]-859022334] - ignoreTimestamp=false

2016-09-29T20:10:17.147764+00:00 05bf1627-ae2f-400c-b1ce-31973a9ff23f - - - [NXLOG@14506 bosh_deployment="cf-warden" bosh_job_name="uaa_z1" bosh_job_index="0" filename="/var/vcap/data/sys/log/uaa/uaa.log"] [2016-09-29 20:10:10.807] uaa - 19013 [ZoneAwareMetadataManager.Refresh[idpMetadataManager]] .... DEBUG --- JdbcTemplate: Executing SQL query [select id,version,created,lastmodified,name,subdomain,description,config from identity_zone ]

2016-09-29T20:10:17.147780+00:00 05bf1627-ae2f-400c-b1ce-31973a9ff23f - - - [NXLOG@14506 bosh_deployment="cf-warden" bosh_job_name="uaa_z1" bosh_job_index="0" filename="/var/vcap/data/sys/log/uaa/uaa.log"] [2016-09-29 20:10:10.808] uaa - 19013 [ZoneAwareMetadataManager.Refresh[idpMetadataManager]] .... DEBUG --- JdbcTemplate: Executing prepared SQL query

2016-09-29T20:10:17.149160+00:00 05bf1627-ae2f-400c-b1ce-31973a9ff23f - - - [NXLOG@14506 bosh_deployment="cf-warden" bosh_job_name="uaa_z1" bosh_job_index="0" filename="/var/vcap/data/sys/log/uaa/uaa.log"] [2016-09-29 20:10:10.808] uaa - 19013 [ZoneAwareMetadataManager.Refresh[idpMetadataManager]] .... DEBUG --- JdbcTemplate: Executing prepared SQL statement [select id,version,created,lastmodified,name,entity_id,config,identity_zone_id,active from service_provider where identity_zone_id=?]

2016-09-29T20:10:17.149283+00:00 05bf1627-ae2f-400c-b1ce-31973a9ff23f - - - [NXLOG@14506 bosh_deployment="cf-warden" bosh_job_name="uaa_z1" bosh_job_index="0" filename="/var/vcap/data/sys/log/uaa/uaa.log"] [2016-09-29 20:10:10.818] uaa - 19013 [http-nio-127.0.0.1-8989-exec-8] .... DEBUG --- AntPathRequestMatcher: Checking match of request : '/healthz'; against '/resources/**'

2016-09-29T20:10:17.149335+00:00 05bf1627-ae2f-400c-b1ce-31973a9ff23f - - - [NXLOG@14506 bosh_deployment="cf-warden" bosh_job_name="uaa_z1" bosh_job_index="0" filename="/var/vcap/data/sys/log/uaa/uaa.log"] [2016-09-29 20:10:10.818] uaa - 19013 [http-nio-127.0.0.1-8989-exec-8] .... DEBUG --- AntPathRequestMatcher: Checking match of request : '/healthz'; against '/square-logo.png'

2016-09-29T20:10:17.149369+00:00 05bf1627-ae2f-400c-b1ce-31973a9ff23f - - - [NXLOG@14506 bosh_deployment="cf-warden" bosh_job_name="uaa_z1" bosh_job_index="0" filename="/var/vcap/data/sys/log/uaa/uaa.log"] [2016-09-29 20:10:10.818] uaa - 19013 [http-nio-127.0.0.1-8989-exec-8] .... DEBUG --- AntPathRequestMatcher: Checking match of request : '/healthz'; against '/info'

2016-09-29T20:10:17.149387+00:00 05bf1627-ae2f-400c-b1ce-31973a9ff23f - - - [NXLOG@14506 bosh_deployment="cf-warden" bosh_job_name="uaa_z1" bosh_job_index="0" filename="/var/vcap/data/sys/log/uaa/uaa.log"] [2016-09-29 20:10:10.818] uaa - 19013 [http-nio-127.0.0.1-8989-exec-8] .... DEBUG --- AntPathRequestMatcher: Checking match of request : '/healthz'; against '/password/**'

2016-09-29T20:10:17.149402+00:00 05bf1627-ae2f-400c-b1ce-31973a9ff23f - - - [NXLOG@14506 bosh_deployment="cf-warden" bosh_job_name="uaa_z1" bosh_job_index="0" filename="/var/vcap/data/sys/log/uaa/uaa.log"] [2016-09-29 20:10:10.818] uaa - 19013 [http-nio-127.0.0.1-8989-exec-8] .... DEBUG --- AntPathRequestMatcher: Checking match of request : '/healthz'; against '/healthz/**'

2016-09-29T20:10:17.149427+00:00 05bf1627-ae2f-400c-b1ce-31973a9ff23f - - - [NXLOG@14506 bosh_deployment="cf-warden" bosh_job_name="uaa_z1" bosh_job_index="0" filename="/var/vcap/data/sys/log/uaa/uaa.log"] [2016-09-29 20:10:10.818] uaa - 19013 [http-nio-127.0.0.1-8989-exec-8] .... DEBUG --- FilterChainProxy: /healthz has an empty filter list

2016-09-29T20:10:17.149497+00:00 05bf1627-ae2f-400c-b1ce-31973a9ff23f - - - [NXLOG@14506 bosh_deployment="cf-warden" bosh_job_name="uaa_z1" bosh_job_index="0" filename="/var/vcap/data/sys/log/uaa/uaa.log"] [2016-09-29 20:10:10.818] uaa - 19013 [http-nio-127.0.0.1-8989-exec-8] .... DEBUG --- DispatcherServlet: DispatcherServlet with name 'spring' processing GET request for [/healthz]

2016-09-29T20:10:17.149514+00:00 05bf1627-ae2f-400c-b1ce-31973a9ff23f - - - [NXLOG@14506 bosh_deployment="cf-warden" bosh_job_name="uaa_z1" bosh_job_index="0" filename="/var/vcap/data/sys/log/uaa/uaa.log"] [2016-09-29 20:10:10.818] uaa - 19013 [http-nio-127.0.0.1-8989-exec-8] .... DEBUG --- DispatcherServlet: Last-Modified value for [/healthz] is: -1

2016-09-29T20:10:17.149528+00:00 05bf1627-ae2f-400c-b1ce-31973a9ff23f - - - [NXLOG@14506 bosh_deployment="cf-warden" bosh_job_name="uaa_z1" bosh_job_index="0" filename="/var/vcap/data/sys/log/uaa/uaa.log"] [2016-09-29 20:10:10.818] uaa - 19013 [http-nio-127.0.0.1-8989-exec-8] .... DEBUG --- RequestResponseBodyMethodProcessor: Written [ok

2016-09-29T20:10:17.149542+00:00 05bf1627-ae2f-400c-b1ce-31973a9ff23f - - - [NXLOG@14506 bosh_deployment="cf-warden" bosh_job_name="uaa_z1" bosh_job_index="0" filename="/var/vcap/data/sys/log/uaa/uaa.log"] ] as "text/plain;charset=ISO-8859-1" using [org.springframework.http.converter.StringHttpMessageConverter@178b2baf]

2016-09-29T20:10:17.149578+00:00 05bf1627-ae2f-400c-b1ce-31973a9ff23f - - - [NXLOG@14506 bosh_deployment="cf-warden" bosh_job_name="uaa_z1" bosh_job_index="0" filename="/var/vcap/data/sys/log/uaa/uaa.log"] [2016-09-29 20:10:10.818] uaa - 19013 [http-nio-127.0.0.1-8989-exec-8] .... DEBUG --- DispatcherServlet: Null ModelAndView returned to DispatcherServlet with name 'spring': assuming HandlerAdapter completed request handling

2016-09-29T20:10:17.149593+00:00 05bf1627-ae2f-400c-b1ce-31973a9ff23f - - - [NXLOG@14506 bosh_deployment="cf-warden" bosh_job_name="uaa_z1" bosh_job_index="0" filename="/var/vcap/data/sys/log/uaa/uaa.log"] [2016-09-29 20:10:10.818] uaa - 19013 [http-nio-127.0.0.1-8989-exec-8] .... DEBUG --- DispatcherServlet: Successfully completed request

2016-09-29T20:10:17.149606+00:00 05bf1627-ae2f-400c-b1ce-31973a9ff23f - - - [NXLOG@14506 bosh_deployment="cf-warden" bosh_job_name="uaa_z1" bosh_job_index="0" filename="/var/vcap/data/sys/log/uaa/uaa.log"] [2016-09-29 20:10:10.911] uaa - 19013 [http-nio-127.0.0.1-8989-exec-10] .... DEBUG --- AntPathRequestMatcher: Checking match of request : '/healthz'; against '/resources/**'

2016-09-29T20:10:17.149619+00:00 05bf1627-ae2f-400c-b1ce-31973a9ff23f - - - [NXLOG@14506 bosh_deployment="cf-warden" bosh_job_name="uaa_z1" bosh_job_index="0" filename="/var/vcap/data/sys/log/uaa/uaa.log"] [2016-09-29 20:10:10.911] uaa - 19013 [http-nio-127.0.0.1-8989-exec-10] .... DEBUG --- AntPathRequestMatcher: Checking match of request : '/healthz'; against '/square-logo.png'

2016-09-29T20:10:17.149763+00:00 05bf1627-ae2f-400c-b1ce-31973a9ff23f - - - [NXLOG@14506 bosh_deployment="cf-warden" bosh_job_name="uaa_z1" bosh_job_index="0" filename="/var/vcap/data/sys/log/uaa/uaa.log"] [2016-09-29 20:10:10.911] uaa - 19013 [http-nio-127.0.0.1-8989-exec-10] .... DEBUG --- AntPathRequestMatcher: Checking match of request : '/healthz'; against '/info'

2016-09-29T20:10:17.149813+00:00 05bf1627-ae2f-400c-b1ce-31973a9ff23f - - - [NXLOG@14506 bosh_deployment="cf-warden" bosh_job_name="uaa_z1" bosh_job_index="0" filename="/var/vcap/data/sys/log/uaa/uaa.log"] [2016-09-29 20:10:10.911] uaa - 19013 [http-nio-127.0.0.1-8989-exec-10] .... DEBUG --- AntPathRequestMatcher: Checking match of request : '/healthz'; against '/password/**'

2016-09-29T20:10:17.149862+00:00 05bf1627-ae2f-400c-b1ce-31973a9ff23f - - - [NXLOG@14506 bosh_deployment="cf-warden" bosh_job_name="uaa_z1" bosh_job_index="0" filename="/var/vcap/data/sys/log/uaa/uaa.log"] [2016-09-29 20:10:10.911] uaa - 19013 [http-nio-127.0.0.1-8989-exec-10] .... DEBUG --- AntPathRequestMatcher: Checking match of request : '/healthz'; against '/healthz/**'

2016-09-29T20:10:17.149879+00:00 05bf1627-ae2f-400c-b1ce-31973a9ff23f - - - [NXLOG@14506 bosh_deployment="cf-warden" bosh_job_name="uaa_z1" bosh_job_index="0" filename="/var/vcap/data/sys/log/uaa/uaa.log"] [2016-09-29 20:10:10.911] uaa - 19013 [http-nio-127.0.0.1-8989-exec-10] .... DEBUG --- FilterChainProxy: /healthz has an empty filter list

2016-09-29T20:10:17.149893+00:00 05bf1627-ae2f-400c-b1ce-31973a9ff23f - - - [NXLOG@14506 bosh_deployment="cf-warden" bosh_job_name="uaa_z1" bosh_job_index="0" filename="/var/vcap/data/sys/log/uaa/uaa.log"] [2016-09-29 20:10:10.911] uaa - 19013 [http-nio-127.0.0.1-8989-exec-10] .... DEBUG --- DispatcherServlet: DispatcherServlet with name 'spring' processing GET request for [/healthz]

2016-09-29T20:10:17.149954+00:00 05bf1627-ae2f-400c-b1ce-31973a9ff23f - - - [NXLOG@14506 bosh_deployment="cf-warden" bosh_job_name="uaa_z1" bosh_job_index="0" filename="/var/vcap/data/sys/log/uaa/uaa.log"] [2016-09-29 20:10:10.911] uaa - 19013 [http-nio-127.0.0.1-8989-exec-10] .... DEBUG --- DispatcherServlet: Last-Modified value for [/healthz] is: -1

2016-09-29T20:10:17.149999+00:00 05bf1627-ae2f-400c-b1ce-31973a9ff23f - - - [NXLOG@14506 bosh_deployment="cf-warden" bosh_job_name="uaa_z1" bosh_job_index="0" filename="/var/vcap/data/sys/log/uaa/uaa.log"] [2016-09-29 20:10:10.911] uaa - 19013 [http-nio-127.0.0.1-8989-exec-10] .... DEBUG --- RequestResponseBodyMethodProcessor: Written [ok

2016-09-29T20:10:17.150094+00:00 05bf1627-ae2f-400c-b1ce-31973a9ff23f - - - [NXLOG@14506 bosh_deployment="cf-warden" bosh_job_name="uaa_z1" bosh_job_index="0" filename="/var/vcap/data/sys/log/uaa/uaa.log"] ] as "text/plain;charset=ISO-8859-1" using [org.springframework.http.converter.StringHttpMessageConverter@178b2baf]

2016-09-29T20:10:17.150107+00:00 05bf1627-ae2f-400c-b1ce-31973a9ff23f - - - [NXLOG@14506 bosh_deployment="cf-warden" bosh_job_name="uaa_z1" bosh_job_index="0" filename="/var/vcap/data/sys/log/uaa/uaa.log"] [2016-09-29 20:10:10.911] uaa - 19013 [http-nio-127.0.0.1-8989-exec-10] .... DEBUG --- DispatcherServlet: Null ModelAndView returned to DispatcherServlet with name 'spring': assuming HandlerAdapter completed request handling

2016-09-29T20:10:17.150135+00:00 05bf1627-ae2f-400c-b1ce-31973a9ff23f - - - [NXLOG@14506 bosh_deployment="cf-warden" bosh_job_name="uaa_z1" bosh_job_index="0" filename="/var/vcap/data/sys/log/uaa/uaa.log"] [2016-09-29 20:10:10.911] uaa - 19013 [http-nio-127.0.0.1-8989-exec-10] .... DEBUG --- DispatcherServlet: Successfully completed request

2016-09-29T20:10:17.150158+00:00 05bf1627-ae2f-400c-b1ce-31973a9ff23f - - - [NXLOG@14506 bosh_deployment="cf-warden" bosh_job_name="uaa_z1" bosh_job_index="0" filename="/var/vcap/data/sys/log/uaa/uaa.log"] [2016-09-29 20:10:11.156] uaa - 19013 [pool-2-thread-1] .... DEBUG --- JdbcTemplate: Executing SQL query [select count(*) from oauth_client_details]

2016-09-29T20:10:17.150190+00:00 05bf1627-ae2f-400c-b1ce-31973a9ff23f - - - [NXLOG@14506 bosh_deployment="cf-warden" bosh_job_name="uaa_z1" bosh_job_index="0" filename="/var/vcap/data/sys/log/uaa/uaa.log"] [2016-09-29 20:10:11.157] uaa - 19013 [pool-2-thread-1] .... DEBUG --- JdbcTemplate: Executing SQL query [select count(*) from users]

2016-09-29T20:10:17.150199+00:00 05bf1627-ae2f-400c-b1ce-31973a9ff23f - - - [NXLOG@14506 bosh_deployment="cf-warden" bosh_job_name="uaa_z1" bosh_job_index="0" filename="/var/vcap/data/sys/log/uaa/uaa.log"] [2016-09-29 20:10:14.818] uaa - 19013 [http-nio-127.0.0.1-8989-exec-4] .... DEBUG --- AntPathRequestMatcher: Checking match of request : '/healthz'; against '/resources/**'

2016-09-29T20:10:17.150220+00:00 05bf1627-ae2f-400c-b1ce-31973a9ff23f - - - [NXLOG@14506 bosh_deployment="cf-warden" bosh_job_name="uaa_z1" bosh_job_index="0" filename="/var/vcap/data/sys/log/uaa/uaa.log"] [2016-09-29 20:10:14.818] uaa - 19013 [http-nio-127.0.0.1-8989-exec-4] .... DEBUG --- AntPathRequestMatcher: Checking match of request : '/healthz'; against '/square-logo.png'

2016-09-29T20:10:17.150240+00:00 05bf1627-ae2f-400c-b1ce-31973a9ff23f - - - [NXLOG@14506 bosh_deployment="cf-warden" bosh_job_name="uaa_z1" bosh_job_index="0" filename="/var/vcap/data/sys/log/uaa/uaa.log"] [2016-09-29 20:10:14.818] uaa - 19013 [http-nio-127.0.0.1-8989-exec-4] .... DEBUG --- AntPathRequestMatcher: Checking match of request : '/healthz'; against '/info'

2016-09-29T20:10:17.150251+00:00 05bf1627-ae2f-400c-b1ce-31973a9ff23f - - - [NXLOG@14506 bosh_deployment="cf-warden" bosh_job_name="uaa_z1" bosh_job_index="0" filename="/var/vcap/data/sys/log/uaa/uaa.log"] [2016-09-29 20:10:14.818] uaa - 19013 [http-nio-127.0.0.1-8989-exec-4] .... DEBUG --- AntPathRequestMatcher: Checking match of request : '/healthz'; against '/password/**'

2016-09-29T20:10:17.150260+00:00 05bf1627-ae2f-400c-b1ce-31973a9ff23f - - - [NXLOG@14506 bosh_deployment="cf-warden" bosh_job_name="uaa_z1" bosh_job_index="0" filename="/var/vcap/data/sys/log/uaa/uaa.log"] [2016-09-29 20:10:14.818] uaa - 19013 [http-nio-127.0.0.1-8989-exec-4] .... DEBUG --- AntPathRequestMatcher: Checking match of request : '/healthz'; against '/healthz/**'

2016-09-29T20:10:17.150289+00:00 05bf1627-ae2f-400c-b1ce-31973a9ff23f - - - [NXLOG@14506 bosh_deployment="cf-warden" bosh_job_name="uaa_z1" bosh_job_index="0" filename="/var/vcap/data/sys/log/uaa/uaa.log"] [2016-09-29 20:10:14.818] uaa - 19013 [http-nio-127.0.0.1-8989-exec-4] .... DEBUG --- FilterChainProxy: /healthz has an empty filter list

2016-09-29T20:10:17.150311+00:00 05bf1627-ae2f-400c-b1ce-31973a9ff23f - - - [NXLOG@14506 bosh_deployment="cf-warden" bosh_job_name="uaa_z1" bosh_job_index="0" filename="/var/vcap/data/sys/log/uaa/uaa.log"] [2016-09-29 20:10:14.818] uaa - 19013 [http-nio-127.0.0.1-8989-exec-4] .... DEBUG --- DispatcherServlet: DispatcherServlet with name 'spring' processing GET request for [/healthz]

2016-09-29T20:10:17.150313+00:00 05bf1627-ae2f-400c-b1ce-31973a9ff23f - - - [NXLOG@14506 bosh_deployment="cf-warden" bosh_job_name="uaa_z1" bosh_job_index="0" filename="/var/vcap/data/sys/log/uaa/uaa.log"] [2016-09-29 20:10:14.818] uaa - 19013 [http-nio-127.0.0.1-8989-exec-4] .... DEBUG --- DispatcherServlet: Last-Modified value for [/healthz] is: -1

2016-09-29T20:10:17.150374+00:00 05bf1627-ae2f-400c-b1ce-31973a9ff23f - - - [NXLOG@14506 bosh_deployment="cf-warden" bosh_job_name="uaa_z1" bosh_job_index="0" filename="/var/vcap/data/sys/log/uaa/uaa.log"] [2016-09-29 20:10:14.818] uaa - 19013 [http-nio-127.0.0.1-8989-exec-4] .... DEBUG --- RequestResponseBodyMethodProcessor: Written [ok

2016-09-29T20:10:17.150433+00:00 05bf1627-ae2f-400c-b1ce-31973a9ff23f - - - [NXLOG@14506 bosh_deployment="cf-warden" bosh_job_name="uaa_z1" bosh_job_index="0" filename="/var/vcap/data/sys/log/uaa/uaa.log"] ] as "text/plain;charset=ISO-8859-1" using [org.springframework.http.converter.StringHttpMessageConverter@178b2baf]

2016-09-29T20:10:17.150483+00:00 05bf1627-ae2f-400c-b1ce-31973a9ff23f - - - [NXLOG@14506 bosh_deployment="cf-warden" bosh_job_name="uaa_z1" bosh_job_index="0" filename="/var/vcap/data/sys/log/uaa/uaa.log"] [2016-09-29 20:10:14.818] uaa - 19013 [http-nio-127.0.0.1-8989-exec-4] .... DEBUG --- DispatcherServlet: Null ModelAndView returned to DispatcherServlet with name 'spring': assuming HandlerAdapter completed request handling

2016-09-29T20:10:17.150498+00:00 05bf1627-ae2f-400c-b1ce-31973a9ff23f - - - [NXLOG@14506 bosh_deployment="cf-warden" bosh_job_name="uaa_z1" bosh_job_index="0" filename="/var/vcap/data/sys/log/uaa/uaa.log"] [2016-09-29 20:10:14.818] uaa - 19013 [http-nio-127.0.0.1-8989-exec-4] .... DEBUG --- DispatcherServlet: Successfully completed request

2016-09-29T20:10:17.150535+00:00 05bf1627-ae2f-400c-b1ce-31973a9ff23f - - - [NXLOG@14506 bosh_deployment="cf-warden" bosh_job_name="uaa_z1" bosh_job_index="0" filename="/var/vcap/data/sys/log/uaa/uaa.log"] [2016-09-29 20:10:16.157] uaa - 19013 [pool-2-thread-1] .... DEBUG --- JdbcTemplate: Executing SQL query [select count(*) from oauth_client_details]

2016-09-29T20:10:17.150608+00:00 05bf1627-ae2f-400c-b1ce-31973a9ff23f - - - [NXLOG@14506 bosh_deployment="cf-warden" bosh_job_name="uaa_z1" bosh_job_index="0" filename="/var/vcap/data/sys/log/uaa/uaa.log"] [2016-09-29 20:10:16.159] uaa - 19013 [pool-2-thread-1] .... DEBUG --- JdbcTemplate: Executing SQL query [select count(*) from users]

2016-09-29T20:10:26.995010+00:00 bfc626ef-a2eb-4bad-8f71-fa1d6d0f927f - - - [NXLOG@14506 bosh_deployment="cf-warden" bosh_job_name="loggregator_trafficcontroller_z1" bosh_job_index="0" filename="/var/vcap/data/sys/log/route_registrar/route_registrar.stdout.log"] {"timestamp":"1475179826.739996195","source":"Route Registrar","message":"Route Registrar.no healthchecker found for route","log_level":1,"data":{"route":{"Name":"loggregator","Port":8080,"Tags":null,"URIs":["loggregator.bosh-lite.com"],"RouteServiceUrl":"","RegistrationInterval":20000000000,"HealthCheck":null}}}

2016-09-29T20:10:26.995157+00:00 bfc626ef-a2eb-4bad-8f71-fa1d6d0f927f - - - [NXLOG@14506 bosh_deployment="cf-warden" bosh_job_name="loggregator_trafficcontroller_z1" bosh_job_index="0" filename="/var/vcap/data/sys/log/route_registrar/route_registrar.stdout.log"] {"timestamp":"1475179826.740076780","source":"Route Registrar","message":"Route Registrar.Registering route","log_level":1,"data":{"route":{"Name":"loggregator","Port":8080,"Tags":null,"URIs":["loggregator.bosh-lite.com"],"RouteServiceUrl":"","RegistrationInterval":20000000000,"HealthCheck":null}}}

2016-09-29T20:10:26.995232+00:00 bfc626ef-a2eb-4bad-8f71-fa1d6d0f927f - - - [NXLOG@14506 bosh_deployment="cf-warden" bosh_job_name="loggregator_trafficcontroller_z1" bosh_job_index="0" filename="/var/vcap/data/sys/log/route_registrar/route_registrar.stdout.log"] {"timestamp":"1475179826.740127802","source":"Route Registrar","message":"Route Registrar.Registered routes successfully","log_level":1,"data":{}}

2016-09-29T20:10:26.995281+00:00 bfc626ef-a2eb-4bad-8f71-fa1d6d0f927f - - - [NXLOG@14506 bosh_deployment="cf-warden" bosh_job_name="loggregator_trafficcontroller_z1" bosh_job_index="0" filename="/var/vcap/data/sys/log/route_registrar/route_registrar.stdout.log"] {"timestamp":"1475179826.740240574","source":"Route Registrar","message":"Route Registrar.no healthchecker found for route","log_level":1,"data":{"route":{"Name":"doppler","Port":8081,"Tags":null,"URIs":["doppler.bosh-lite.com"],"RouteServiceUrl":"","RegistrationInterval":20000000000,"HealthCheck":null}}}

2016-09-29T20:10:26.995322+00:00 bfc626ef-a2eb-4bad-8f71-fa1d6d0f927f - - - [NXLOG@14506 bosh_deployment="cf-warden" bosh_job_name="loggregator_trafficcontroller_z1" bosh_job_index="0" filename="/var/vcap/data/sys/log/route_registrar/route_registrar.stdout.log"] {"timestamp":"1475179826.740281820","source":"Route Registrar","message":"Route Registrar.Registering route","log_level":1,"data":{"route":{"Name":"doppler","Port":8081,"Tags":null,"URIs":["doppler.bosh-lite.com"],"RouteServiceUrl":"","RegistrationInterval":20000000000,"HealthCheck":null}}}

2016-09-29T20:10:26.995361+00:00 bfc626ef-a2eb-4bad-8f71-fa1d6d0f927f - - - [NXLOG@14506 bosh_deployment="cf-warden" bosh_job_name="loggregator_trafficcontroller_z1" bosh_job_index="0" filename="/var/vcap/data/sys/log/route_registrar/route_registrar.stdout.log"] {"timestamp":"1475179826.740348339","source":"Route Registrar","message":"Route Registrar.Registered routes successfully","log_level":1,"data":{}}

2016-09-29T20:10:27.000616+00:00 fc52b791-0068-48d0-b63d-a9600b8fa32e - - - [NXLOG@14506 bosh_deployment="cf-warden" bosh_job_name="runner_z1" bosh_job_index="0" filename="/var/vcap/data/sys/log/dea_next/dea_next.log"] {"timestamp":1475179821.8689828,"message":"hm9000.heartbeat.sending","log_level":"debug","source":"Dea::Bootstrap","data":{"destination":"https://listener-hm9000.service.cf.internal:5335/dea/heartbeat"},"thread_id":47241037142420,"fiber_id":47241050325380,"process_id":6941,"file":"/var/vcap/packages/dea_next/lib/dea/utils/hm9000.rb","lineno":29,"method":"send_heartbeat"}

2016-09-29T20:10:27.000755+00:00 fc52b791-0068-48d0-b63d-a9600b8fa32e - - - [NXLOG@14506 bosh_deployment="cf-warden" bosh_job_name="runner_z1" bosh_job_index="0" filename="/var/vcap/data/sys/log/dea_next/dea_next.log"] {"timestamp":1475179821.871222,"message":"hm9000.heartbeat.accepted","log_level":"debug","source":"Dea::Bootstrap","data":{},"thread_id":47241050154140,"fiber_id":47241051666340,"process_id":6941,"file":"/var/vcap/packages/dea_next/lib/dea/utils/hm9000.rb","lineno":49,"method":"handle_http_response"}

2016-09-29T20:10:27.145617+00:00 05bf1627-ae2f-400c-b1ce-31973a9ff23f - - - [NXLOG@14506 bosh_deployment="cf-warden" bosh_job_name="uaa_z1" bosh_job_index="0" filename="/var/vcap/data/sys/log/uaa/localhost_access.log"] 127.0.0.1 - - [29/Sep/2016:20:10:10 +0000] "GET /healthz HTTP/1.1" 200 3

2016-09-29T20:10:27.145836+00:00 05bf1627-ae2f-400c-b1ce-31973a9ff23f - - - [NXLOG@14506 bosh_deployment="cf-warden" bosh_job_name="uaa_z1" bosh_job_index="0" filename="/var/vcap/data/sys/log/uaa/localhost_access.log"] 127.0.0.1 - - [29/Sep/2016:20:10:10 +0000] "GET /healthz HTTP/1.1" 200 3

2016-09-29T20:10:37.001149+00:00 fc52b791-0068-48d0-b63d-a9600b8fa32e - - - [NXLOG@14506 bosh_deployment="cf-warden" bosh_job_name="runner_z1" bosh_job_index="0" filename="/var/vcap/data/sys/log/dea_next/dea_next.log"] {"timestamp":1475179831.8732185,"message":"hm9000.heartbeat.sending","log_level":"debug","source":"Dea::Bootstrap","data":{"destination":"https://listener-hm9000.service.cf.internal:5335/dea/heartbeat"},"thread_id":47241037142420,"fiber_id":47241050325380,"process_id":6941,"file":"/var/vcap/packages/dea_next/lib/dea/utils/hm9000.rb","lineno":29,"method":"send_heartbeat"}

2016-09-29T20:10:37.001262+00:00 fc52b791-0068-48d0-b63d-a9600b8fa32e - - - [NXLOG@14506 bosh_deployment="cf-warden" bosh_job_name="runner_z1" bosh_job_index="0" filename="/var/vcap/data/sys/log/dea_next/dea_next.log"] {"timestamp":1475179831.8887644,"message":"hm9000.heartbeat.accepted","log_level":"debug","source":"Dea::Bootstrap","data":{},"thread_id":47241050153960,"fiber_id":47241051414980,"process_id":6941,"file":"/var/vcap/packages/dea_next/lib/dea/utils/hm9000.rb","lineno":49,"method":"handle_http_response"}

2016-09-29T20:10:37.001333+00:00 fc52b791-0068-48d0-b63d-a9600b8fa32e - - - [NXLOG@14506 bosh_deployment="cf-warden" bosh_job_name="runner_z1" bosh_job_index="0" filename="/var/vcap/data/sys/log/dea_next/dea_next.log"] {"timestamp":1475179836.124713,"message":"Reaping orphaned containers","log_level":"debug","source":"Dea::Bootstrap","data":{},"thread_id":47241037142420,"fiber_id":47241050325380,"process_id":6941,"file":"/var/vcap/packages/dea_next/lib/dea/bootstrap.rb","lineno":236,"method":"reap_orphaned_containers"}

2016-09-29T20:10:37.145702+00:00 f0562343-642f-42d4-aca5-293abe675815 - - - [NXLOG@14506 bosh_deployment="cf-warden" bosh_job_name="blobstore_z1" bosh_job_index="0" filename="/var/vcap/data/sys/log/route_registrar/route_registrar.stdout.log"] {"timestamp":"1475179828.513190031","source":"Route Registrar","message":"Route Registrar.no healthchecker found for route","log_level":1,"data":{"route":{"Name":"blobstore","Port":80,"Tags":{"component":"blobstore"},"URIs":["blobstore.bosh-lite.com"],"RouteServiceUrl":"","RegistrationInterval":20000000000,"HealthCheck":null}}}

2016-09-29T20:10:37.146184+00:00 f0562343-642f-42d4-aca5-293abe675815 - - - [NXLOG@14506 bosh_deployment="cf-warden" bosh_job_name="blobstore_z1" bosh_job_index="0" filename="/var/vcap/data/sys/log/route_registrar/route_registrar.stdout.log"] {"timestamp":"1475179828.513217688","source":"Route Registrar","message":"Route Registrar.Registering route","log_level":1,"data":{"route":{"Name":"blobstore","Port":80,"Tags":{"component":"blobstore"},"URIs":["blobstore.bosh-lite.com"],"RouteServiceUrl":"","RegistrationInterval":20000000000,"HealthCheck":null}}}

2016-09-29T20:10:37.146236+00:00 f0562343-642f-42d4-aca5-293abe675815 - - - [NXLOG@14506 bosh_deployment="cf-warden" bosh_job_name="blobstore_z1" bosh_job_index="0" filename="/var/vcap/data/sys/log/route_registrar/route_registrar.stdout.log"] {"timestamp":"1475179828.513314486","source":"Route Registrar","message":"Route Registrar.Registered routes successfully","log_level":1,"data":{}}

2016-09-29T20:10:37.147717+00:00 05bf1627-ae2f-400c-b1ce-31973a9ff23f - - - [NXLOG@14506 bosh_deployment="cf-warden" bosh_job_name="uaa_z1" bosh_job_index="0" filename="/var/vcap/data/sys/log/uaa/localhost_access.log"] 127.0.0.1 - - [29/Sep/2016:20:10:18 +0000] "GET /healthz HTTP/1.1" 200 3

2016-09-29T20:10:37.147890+00:00 05bf1627-ae2f-400c-b1ce-31973a9ff23f - - - [NXLOG@14506 bosh_deployment="cf-warden" bosh_job_name="uaa_z1" bosh_job_index="0" filename="/var/vcap/data/sys/log/uaa/localhost_access.log"] 127.0.0.1 - - [29/Sep/2016:20:10:20 +0000] "GET /healthz HTTP/1.1" 200 3

2016-09-29T20:10:37.148200+00:00 05bf1627-ae2f-400c-b1ce-31973a9ff23f - - - [NXLOG@14506 bosh_deployment="cf-warden" bosh_job_name="uaa_z1" bosh_job_index="0" filename="/var/vcap/data/sys/log/uaa/localhost_access.log"] 127.0.0.1 - - [29/Sep/2016:20:10:22 +0000] "GET /healthz HTTP/1.1" 200 3

2016-09-29T20:10:37.148344+00:00 05bf1627-ae2f-400c-b1ce-31973a9ff23f - - - [NXLOG@14506 bosh_deployment="cf-warden" bosh_job_name="uaa_z1" bosh_job_index="0" filename="/var/vcap/data/sys/log/uaa/localhost_access.log"] 127.0.0.1 - - [29/Sep/2016:20:10:26 +0000] "GET /healthz HTTP/1.1" 200 3

2016-09-29T20:10:37.150871+00:00 05bf1627-ae2f-400c-b1ce-31973a9ff23f - - - [NXLOG@14506 bosh_deployment="cf-warden" bosh_job_name="uaa_z1" bosh_job_index="0" filename="/var/vcap/data/sys/log/route_registrar/route_registrar.stdout.log"] {"timestamp":"1475179830.808424950","source":"Route Registrar","message":"Route Registrar.Executing script","log_level":1,"data":{"scriptPath":"/var/vcap/jobs/uaa/bin/health_check"}}

2016-09-29T20:10:37.150941+00:00 05bf1627-ae2f-400c-b1ce-31973a9ff23f - - - [NXLOG@14506 bosh_deployment="cf-warden" bosh_job_name="uaa_z1" bosh_job_index="0" filename="/var/vcap/data/sys/log/route_registrar/route_registrar.stdout.log"] {"timestamp":"1475179830.820832729","source":"Route Registrar","message":"Route Registrar.Script exited without error","log_level":1,"data":{"script":"/var/vcap/jobs/uaa/bin/health_check","stderr":"  % Total    % Received % Xferd  Average Speed   Time    Time     Time  Current\n                                 Dload  Upload   Total   Spent    Left  Speed\n\r  0     0    0     0    0     0      0      0 --:--:-- --:--:-- --:--:--     0\r100     3  100     3    0     0   1178      0 --:--:-- --:--:-- --:--:--  1500\n","stdout":""}}

2016-09-29T20:10:37.151053+00:00 05bf1627-ae2f-400c-b1ce-31973a9ff23f - - - [NXLOG@14506 bosh_deployment="cf-warden" bosh_job_name="uaa_z1" bosh_job_index="0" filename="/var/vcap/data/sys/log/route_registrar/route_registrar.stdout.log"] {"timestamp":"1475179830.820901871","source":"Route Registrar","message":"Route Registrar.healthchecker returned healthy for route","log_level":1,"data":{"route":{"Name":"uaa","Port":8080,"Tags":{"component":"uaa"},"URIs":["uaa.bosh-lite.com","*.uaa.bosh-lite.com","login.bosh-lite.com","*.login.bosh-lite.com"],"RouteServiceUrl":"","RegistrationInterval":4000000000,"HealthCheck":{"Name":"uaa-healthcheck","ScriptPath":"/var/vcap/jobs/uaa/bin/health_check","Timeout":2000000000}}}}

2016-09-29T20:10:37.151254+00:00 152ab062-1f32-4789-910a-13bdc79651b2 - - - [NXLOG@14506 bosh_deployment="cf-warden" bosh_job_name="hm9000_z1" bosh_job_index="0" filename="/var/vcap/data/sys/log/hm9000/hm9000_listener.log"] {"timestamp":"1475179831.887993574","source":"listener","message":"listener.Received a heartbeat","log_level":1,"data":{"Heartbeats Pending Save":"1"}}

2016-09-29T20:10:37.151416+00:00 152ab062-1f32-4789-910a-13bdc79651b2 - - - [NXLOG@14506 bosh_deployment="cf-warden" bosh_job_name="hm9000_z1" bosh_job_index="0" filename="/var/vcap/data/sys/log/hm9000/hm9000_listener.log"] {"timestamp":"1475179832.816009521","source":"listener","message":"listener.Saving Heartbeats","log_level":1,"data":{"Heartbeats to Save":"1"}}

2016-09-29T20:10:37.151537+00:00 152ab062-1f32-4789-910a-13bdc79651b2 - - - [NXLOG@14506 bosh_deployment="cf-warden" bosh_job_name="hm9000_z1" bosh_job_index="0" filename="/var/vcap/data/sys/log/hm9000/hm9000_listener.log"] {"timestamp":"1475179832.822494745","source":"listener","message":"listener.Bumped freshness","log_level":1,"data":{}}

2016-09-29T20:10:37.151604+00:00 152ab062-1f32-4789-910a-13bdc79651b2 - - - [NXLOG@14506 bosh_deployment="cf-warden" bosh_job_name="hm9000_z1" bosh_job_index="0" filename="/var/vcap/data/sys/log/hm9000/hm9000_listener.log"] {"timestamp":"1475179832.822522163","source":"listener","message":"listener.Saved Heartbeats","log_level":1,"data":{"Duration":"6.34246ms","Heartbeats to Save":"1"}}

2016-09-29T20:10:37.151333+00:00 05bf1627-ae2f-400c-b1ce-31973a9ff23f - - - [NXLOG@14506 bosh_deployment="cf-warden" bosh_job_name="uaa_z1" bosh_job_index="0" filename="/var/vcap/data/sys/log/route_registrar/route_registrar.stdout.log"] {"timestamp":"1475179830.820914984","source":"Route Registrar","message":"Route Registrar.Registering route","log_level":1,"data":{"route":{"Name":"uaa","Port":8080,"Tags":{"component":"uaa"},"URIs":["uaa.bosh-lite.com","*.uaa.bosh-lite.com","login.bosh-lite.com","*.login.bosh-lite.com"],"RouteServiceUrl":"","RegistrationInterval":4000000000,"HealthCheck":{"Name":"uaa-healthcheck","ScriptPath":"/var/vcap/jobs/uaa/bin/health_check","Timeout":2000000000}}}}

2016-09-29T20:10:37.151402+00:00 05bf1627-ae2f-400c-b1ce-31973a9ff23f - - - [NXLOG@14506 bosh_deployment="cf-warden" bosh_job_name="uaa_z1" bosh_job_index="0" filename="/var/vcap/data/sys/log/route_registrar/route_registrar.stdout.log"] {"timestamp":"1475179830.821058273","source":"Route Registrar","message":"Route Registrar.Registered routes successfully","log_level":1,"data":{}}

2016-09-29T20:10:37.151437+00:00 05bf1627-ae2f-400c-b1ce-31973a9ff23f - - - [NXLOG@14506 bosh_deployment="cf-warden" bosh_job_name="uaa_z1" bosh_job_index="0" filename="/var/vcap/data/sys/log/route_registrar/route_registrar.stdout.log"] {"timestamp":"1475179834.808636189","source":"Route Registrar","message":"Route Registrar.Executing script","log_level":1,"data":{"scriptPath":"/var/vcap/jobs/uaa/bin/health_check"}}

2016-09-29T20:10:37.151469+00:00 05bf1627-ae2f-400c-b1ce-31973a9ff23f - - - [NXLOG@14506 bosh_deployment="cf-warden" bosh_job_name="uaa_z1" bosh_job_index="0" filename="/var/vcap/data/sys/log/route_registrar/route_registrar.stdout.log"] {"timestamp":"1475179834.820193052","source":"Route Registrar","message":"Route Registrar.Script exited without error","log_level":1,"data":{"script":"/var/vcap/jobs/uaa/bin/health_check","stderr":"  % Total    % Received % Xferd  Average Speed   Time    Time     Time  Current\n                                 Dload  Upload   Total   Spent    Left  Speed\n\r  0     0    0     0    0     0      0      0 --:--:-- --:--:-- --:--:--     0\r100     3  100     3    0     0   2274      0 --:--:-- --:--:-- --:--:--  3000\n","stdout":""}}

2016-09-29T20:10:37.151521+00:00 05bf1627-ae2f-400c-b1ce-31973a9ff23f - - - [NXLOG@14506 bosh_deployment="cf-warden" bosh_job_name="uaa_z1" bosh_job_index="0" filename="/var/vcap/data/sys/log/route_registrar/route_registrar.stdout.log"] {"timestamp":"1475179834.820332527","source":"Route Registrar","message":"Route Registrar.healthchecker returned healthy for route","log_level":1,"data":{"route":{"Name":"uaa","Port":8080,"Tags":{"component":"uaa"},"URIs":["uaa.bosh-lite.com","*.uaa.bosh-lite.com","login.bosh-lite.com","*.login.bosh-lite.com"],"RouteServiceUrl":"","RegistrationInterval":4000000000,"HealthCheck":{"Name":"uaa-healthcheck","ScriptPath":"/var/vcap/jobs/uaa/bin/health_check","Timeout":2000000000}}}}

2016-09-29T20:10:37.151557+00:00 05bf1627-ae2f-400c-b1ce-31973a9ff23f - - - [NXLOG@14506 bosh_deployment="cf-warden" bosh_job_name="uaa_z1" bosh_job_index="0" filename="/var/vcap/data/sys/log/route_registrar/route_registrar.stdout.log"] {"timestamp":"1475179834.820359230","source":"Route Registrar","message":"Route Registrar.Registering route","log_level":1,"data":{"route":{"Name":"uaa","Port":8080,"Tags":{"component":"uaa"},"URIs":["uaa.bosh-lite.com","*.uaa.bosh-lite.com","login.bosh-lite.com","*.login.bosh-lite.com"],"RouteServiceUrl":"","RegistrationInterval":4000000000,"HealthCheck":{"Name":"uaa-healthcheck","ScriptPath":"/var/vcap/jobs/uaa/bin/health_check","Timeout":2000000000}}}}

2016-09-29T20:10:37.151606+00:00 05bf1627-ae2f-400c-b1ce-31973a9ff23f - - - [NXLOG@14506 bosh_deployment="cf-warden" bosh_job_name="uaa_z1" bosh_job_index="0" filename="/var/vcap/data/sys/log/route_registrar/route_registrar.stdout.log"] {"timestamp":"1475179834.820420265","source":"Route Registrar","message":"Route Registrar.Registered routes successfully","log_level":1,"data":{}}

2016-09-29T20:10:37.151639+00:00 05bf1627-ae2f-400c-b1ce-31973a9ff23f - - - [NXLOG@14506 bosh_deployment="cf-warden" bosh_job_name="uaa_z1" bosh_job_index="0" filename="/var/vcap/data/sys/log/uaa/uaa.log"] [2016-09-29 20:10:30.818] uaa - 19013 [http-nio-127.0.0.1-8989-exec-10] .... DEBUG --- AntPathRequestMatcher: Checking match of request : '/healthz'; against '/resources/**'

2016-09-29T20:10:37.151693+00:00 05bf1627-ae2f-400c-b1ce-31973a9ff23f - - - [NXLOG@14506 bosh_deployment="cf-warden" bosh_job_name="uaa_z1" bosh_job_index="0" filename="/var/vcap/data/sys/log/uaa/uaa.log"] [2016-09-29 20:10:30.818] uaa - 19013 [http-nio-127.0.0.1-8989-exec-10] .... DEBUG --- AntPathRequestMatcher: Checking match of request : '/healthz'; against '/square-logo.png'

2016-09-29T20:10:37.151734+00:00 05bf1627-ae2f-400c-b1ce-31973a9ff23f - - - [NXLOG@14506 bosh_deployment="cf-warden" bosh_job_name="uaa_z1" bosh_job_index="0" filename="/var/vcap/data/sys/log/uaa/uaa.log"] [2016-09-29 20:10:30.818] uaa - 19013 [http-nio-127.0.0.1-8989-exec-10] .... DEBUG --- AntPathRequestMatcher: Checking match of request : '/healthz'; against '/info'

2016-09-29T20:10:37.151766+00:00 05bf1627-ae2f-400c-b1ce-31973a9ff23f - - - [NXLOG@14506 bosh_deployment="cf-warden" bosh_job_name="uaa_z1" bosh_job_index="0" filename="/var/vcap/data/sys/log/uaa/uaa.log"] [2016-09-29 20:10:30.818] uaa - 19013 [http-nio-127.0.0.1-8989-exec-10] .... DEBUG --- AntPathRequestMatcher: Checking match of request : '/healthz'; against '/password/**'

2016-09-29T20:10:37.151777+00:00 05bf1627-ae2f-400c-b1ce-31973a9ff23f - - - [NXLOG@14506 bosh_deployment="cf-warden" bosh_job_name="uaa_z1" bosh_job_index="0" filename="/var/vcap/data/sys/log/uaa/uaa.log"] [2016-09-29 20:10:30.818] uaa - 19013 [http-nio-127.0.0.1-8989-exec-10] .... DEBUG --- AntPathRequestMatcher: Checking match of request : '/healthz'; against '/healthz/**'

2016-09-29T20:10:37.151785+00:00 05bf1627-ae2f-400c-b1ce-31973a9ff23f - - - [NXLOG@14506 bosh_deployment="cf-warden" bosh_job_name="uaa_z1" bosh_job_index="0" filename="/var/vcap/data/sys/log/uaa/uaa.log"] [2016-09-29 20:10:30.818] uaa - 19013 [http-nio-127.0.0.1-8989-exec-10] .... DEBUG --- FilterChainProxy: /healthz has an empty filter list

2016-09-29T20:10:37.151800+00:00 05bf1627-ae2f-400c-b1ce-31973a9ff23f - - - [NXLOG@14506 bosh_deployment="cf-warden" bosh_job_name="uaa_z1" bosh_job_index="0" filename="/var/vcap/data/sys/log/uaa/uaa.log"] [2016-09-29 20:10:30.819] uaa - 19013 [http-nio-127.0.0.1-8989-exec-10] .... DEBUG --- DispatcherServlet: DispatcherServlet with name 'spring' processing GET request for [/healthz]

2016-09-29T20:10:37.151821+00:00 05bf1627-ae2f-400c-b1ce-31973a9ff23f - - - [NXLOG@14506 bosh_deployment="cf-warden" bosh_job_name="uaa_z1" bosh_job_index="0" filename="/var/vcap/data/sys/log/uaa/uaa.log"] [2016-09-29 20:10:30.819] uaa - 19013 [http-nio-127.0.0.1-8989-exec-10] .... DEBUG --- DispatcherServlet: Last-Modified value for [/healthz] is: -1

2016-09-29T20:10:37.151829+00:00 05bf1627-ae2f-400c-b1ce-31973a9ff23f - - - [NXLOG@14506 bosh_deployment="cf-warden" bosh_job_name="uaa_z1" bosh_job_index="0" filename="/var/vcap/data/sys/log/uaa/uaa.log"] [2016-09-29 20:10:30.819] uaa - 19013 [http-nio-127.0.0.1-8989-exec-10] .... DEBUG --- RequestResponseBodyMethodProcessor: Written [ok

2016-09-29T20:10:37.151837+00:00 05bf1627-ae2f-400c-b1ce-31973a9ff23f - - - [NXLOG@14506 bosh_deployment="cf-warden" bosh_job_name="uaa_z1" bosh_job_index="0" filename="/var/vcap/data/sys/log/uaa/uaa.log"] ] as "text/plain;charset=ISO-8859-1" using [org.springframework.http.converter.StringHttpMessageConverter@178b2baf]

2016-09-29T20:10:37.151909+00:00 05bf1627-ae2f-400c-b1ce-31973a9ff23f - - - [NXLOG@14506 bosh_deployment="cf-warden" bosh_job_name="uaa_z1" bosh_job_index="0" filename="/var/vcap/data/sys/log/uaa/uaa.log"] [2016-09-29 20:10:30.819] uaa - 19013 [http-nio-127.0.0.1-8989-exec-10] .... DEBUG --- DispatcherServlet: Null ModelAndView returned to DispatcherServlet with name 'spring': assuming HandlerAdapter completed request handling

2016-09-29T20:10:37.151927+00:00 05bf1627-ae2f-400c-b1ce-31973a9ff23f - - - [NXLOG@14506 bosh_deployment="cf-warden" bosh_job_name="uaa_z1" bosh_job_index="0" filename="/var/vcap/data/sys/log/uaa/uaa.log"] [2016-09-29 20:10:30.819] uaa - 19013 [http-nio-127.0.0.1-8989-exec-10] .... DEBUG --- DispatcherServlet: Successfully completed request

2016-09-29T20:10:37.151935+00:00 05bf1627-ae2f-400c-b1ce-31973a9ff23f - - - [NXLOG@14506 bosh_deployment="cf-warden" bosh_job_name="uaa_z1" bosh_job_index="0" filename="/var/vcap/data/sys/log/uaa/uaa.log"] [2016-09-29 20:10:30.919] uaa - 19013 [http-nio-127.0.0.1-8989-exec-9] .... DEBUG --- AntPathRequestMatcher: Checking match of request : '/healthz'; against '/resources/**'

2016-09-29T20:10:37.146778+00:00 b0fa19c0-86de-4447-a670-3f7adbd0b3c1 - - - [NXLOG@14506 bosh_deployment="cf-warden" bosh_job_name="api_z1" bosh_job_index="0" filename="/var/vcap/data/sys/log/cloud_controller_worker/cloud_controller_worker.log"] {"timestamp":1475179829.3715253,"message":"(0.000742s) SELECT * FROM \"delayed_jobs\" WHERE ((((\"run_at\" <= '2016-09-29 20:10:29.369843+0000') AND (\"locked_at\" IS NULL)) OR (\"locked_by\" = 'cc_global_worker.api_z1.0.1')) AND (\"failed_at\" IS NULL) AND (\"queue\" IN ('cc-generic'))) ORDER BY \"priority\" ASC, \"run_at\" ASC LIMIT 5","log_level":"debug2","source":"cc.background","data":{},"thread_id":47193737007380,"fiber_id":47193773841900,"process_id":15807,"file":"/var/vcap/packages/cloud_controller_ng/cloud_controller_ng/vendor/bundle/ruby/2.3.0/gems/sequel-4.29.0/lib/sequel/database/logging.rb","lineno":70,"method":"block in log_each"}

2016-09-29T20:10:37.146839+00:00 b0fa19c0-86de-4447-a670-3f7adbd0b3c1 - - - [NXLOG@14506 bosh_deployment="cf-warden" bosh_job_name="api_z1" bosh_job_index="0" filename="/var/vcap/data/sys/log/cloud_controller_worker/cloud_controller_worker.log"] {"timestamp":1475179834.392645,"message":"(0.001497s) SELECT * FROM \"delayed_jobs\" WHERE ((((\"run_at\" <= '2016-09-29 20:10:34.389658+0000') AND (\"locked_at\" IS NULL)) OR (\"locked_by\" = 'cc_global_worker.api_z1.0.1')) AND (\"failed_at\" IS NULL) AND (\"queue\" IN ('cc-generic'))) ORDER BY \"priority\" ASC, \"run_at\" ASC LIMIT 5","log_level":"debug2","source":"cc.background","data":{},"thread_id":47193737007380,"fiber_id":47193773841900,"process_id":15807,"file":"/var/vcap/packages/cloud_controller_ng/cloud_controller_ng/vendor/bundle/ruby/2.3.0/gems/sequel-4.29.0/lib/sequel/database/logging.rb","lineno":70,"method":"block in log_each"}

2016-09-29T20:10:37.146884+00:00 b0fa19c0-86de-4447-a670-3f7adbd0b3c1 - - - [NXLOG@14506 bosh_deployment="cf-warden" bosh_job_name="api_z1" bosh_job_index="0" filename="/var/vcap/data/sys/log/nginx_cc/nginx.access.log"] 10.244.0.138 - [29/Sep/2016:20:10:27 +0000] "GET /v2/info HTTP/1.1" 200 802 "-" "monit/5.2.5" 10.244.0.138 vcap_request_id:e5295b7d-70f0-4499-81b4-f72a352a6b8a response_time:0.003

2016-09-29T20:10:37.146914+00:00 b0fa19c0-86de-4447-a670-3f7adbd0b3c1 - - - [NXLOG@14506 bosh_deployment="cf-warden" bosh_job_name="api_z1" bosh_job_index="0" filename="/var/vcap/data/sys/log/nginx_cc/nginx.access.log"] api.bosh-lite.com - [29/Sep/2016:20:10:30 +0000] "GET /v2/syslog_drain_urls?batch_size=1000 HTTP/1.1" 200 326 "-" "Go-http-client/1.1" 10.244.0.146, 10.244.0.34, 10.244.0.22 vcap_request_id:a57d1edd-22dc-4f54-4d8e-308ce6c1d8ec::05c6e13e-8ad0-4bbe-94c0-fe153beeb812 response_time:0.005

2016-09-29T20:10:37.146945+00:00 b0fa19c0-86de-4447-a670-3f7adbd0b3c1 - - - [NXLOG@14506 bosh_deployment="cf-warden" bosh_job_name="api_z1" bosh_job_index="0" filename="/var/vcap/data/sys/log/cloud_controller_ng/cloud_controller_ng.log"] {"timestamp":1475179827.6250196,"message":"Statsd: cc.requests.outstanding:1|c","log_level":"debug","source":"statsd.client","data":{},"thread_id":47062185508400,"fiber_id":47062174443920,"process_id":15535,"file":"/var/vcap/packages/cloud_controller_ng/cloud_controller_ng/vendor/bundle/ruby/2.3.0/gems/statsd-ruby-1.2.1/lib/statsd.rb","lineno":254,"method":"send_to_socket"}

2016-09-29T20:10:37.146976+00:00 b0fa19c0-86de-4447-a670-3f7adbd0b3c1 - - - [NXLOG@14506 bosh_deployment="cf-warden" bosh_job_name="api_z1" bosh_job_index="0" filename="/var/vcap/data/sys/log/cloud_controller_ng/cloud_controller_ng.log"] {"timestamp":1475179827.625513,"message":"Started GET \"/v2/info\" for user: , ip: 127.0.0.1 with vcap-request-id: e5295b7d-70f0-4499-81b4-f72a352a6b8a at 2016-09-29 20:10:27 UTC","log_level":"info","source":"cc.api","data":{},"thread_id":47062185508400,"fiber_id":47062174443920,"process_id":15535,"file":"/var/vcap/packages/cloud_controller_ng/cloud_controller_ng/middleware/request_logs.rb","lineno":12,"method":"call"}

2016-09-29T20:10:37.147034+00:00 b0fa19c0-86de-4447-a670-3f7adbd0b3c1 - - - [NXLOG@14506 bosh_deployment="cf-warden" bosh_job_name="api_z1" bosh_job_index="0" filename="/var/vcap/data/sys/log/cloud_controller_ng/cloud_controller_ng.log"] {"timestamp":1475179827.6259696,"message":"dispatch VCAP::CloudController::InfoController get /v2/info","log_level":"debug","source":"cc.api","data":{"request_guid":"e5295b7d-70f0-4499-81b4-f72a352a6b8a"},"thread_id":47062185508400,"fiber_id":47062174443920,"process_id":15535,"file":"/var/vcap/data/packages/cloud_controller_ng/f87cb49aa2cd87792cb9c2211a79e1542502be4d.1-b1a5f3c830cb6c32ae9e685628b24aa967f5ae54/cloud_controller_ng/lib/cloud_controller/rest_controller/routes.rb","lineno":12,"method":"block in define_route"}

2016-09-29T20:10:37.147087+00:00 b0fa19c0-86de-4447-a670-3f7adbd0b3c1 - - - [NXLOG@14506 bosh_deployment="cf-warden" bosh_job_name="api_z1" bosh_job_index="0" filename="/var/vcap/data/sys/log/cloud_controller_ng/cloud_controller_ng.log"] {"timestamp":1475179827.6261306,"message":"parse_params: {} ","log_level":"debug","source":"cc.api","data":{"request_guid":"e5295b7d-70f0-4499-81b4-f72a352a6b8a"},"thread_id":47062185508400,"fiber_id":47062174443920,"process_id":15535,"file":"/var/vcap/data/packages/cloud_controller_ng/f87cb49aa2cd87792cb9c2211a79e1542502be4d.1-b1a5f3c830cb6c32ae9e685628b24aa967f5ae54/cloud_controller_ng/lib/cloud_controller/rest_controller/common_params.rb","lineno":10,"method":"parse"}

2016-09-29T20:10:37.147124+00:00 b0fa19c0-86de-4447-a670-3f7adbd0b3c1 - - - [NXLOG@14506 bosh_deployment="cf-warden" bosh_job_name="api_z1" bosh_job_index="0" filename="/var/vcap/data/sys/log/cloud_controller_ng/cloud_controller_ng.log"] {"timestamp":1475179827.626278,"message":"cc.dispatch","log_level":"debug","source":"cc.api","data":{"request_guid":"e5295b7d-70f0-4499-81b4-f72a352a6b8a","endpoint":"read","args":[]},"thread_id":47062185508400,"fiber_id":47062174443920,"process_id":15535,"file":"/var/vcap/data/packages/cloud_controller_ng/f87cb49aa2cd87792cb9c2211a79e1542502be4d.1-b1a5f3c830cb6c32ae9e685628b24aa967f5ae54/cloud_controller_ng/app/controllers/base/base_controller.rb","lineno":78,"method":"dispatch"}

2016-09-29T20:10:37.147166+00:00 b0fa19c0-86de-4447-a670-3f7adbd0b3c1 - - - [NXLOG@14506 bosh_deployment="cf-warden" bosh_job_name="api_z1" bosh_job_index="0" filename="/var/vcap/data/sys/log/cloud_controller_ng/cloud_controller_ng.log"] {"timestamp":1475179827.6265748,"message":"Completed 200 vcap-request-id: e5295b7d-70f0-4499-81b4-f72a352a6b8a","log_level":"info","source":"cc.api","data":{},"thread_id":47062185508400,"fiber_id":47062174443920,"process_id":15535,"file":"/var/vcap/packages/cloud_controller_ng/cloud_controller_ng/middleware/request_logs.rb","lineno":24,"method":"call"}

2016-09-29T20:10:37.147198+00:00 b0fa19c0-86de-4447-a670-3f7adbd0b3c1 - - - [NXLOG@14506 bosh_deployment="cf-warden" bosh_job_name="api_z1" bosh_job_index="0" filename="/var/vcap/data/sys/log/cloud_controller_ng/cloud_controller_ng.log"] {"timestamp":1475179827.626724,"message":"Statsd: cc.requests.outstanding:-1|c\ncc.requests.completed:1|c\ncc.http_status.2XX:1|c","log_level":"debug","source":"statsd.client","data":{},"thread_id":47062185508400,"fiber_id":47062174443920,"process_id":15535,"file":"/var/vcap/packages/cloud_controller_ng/cloud_controller_ng/vendor/bundle/ruby/2.3.0/gems/statsd-ruby-1.2.1/lib/statsd.rb","lineno":254,"method":"send_to_socket"}

2016-09-29T20:10:37.147359+00:00 b0fa19c0-86de-4447-a670-3f7adbd0b3c1 - - - [NXLOG@14506 bosh_deployment="cf-warden" bosh_job_name="api_z1" bosh_job_index="0" filename="/var/vcap/data/sys/log/cloud_controller_ng/cloud_controller_ng.log"] {"timestamp":1475179829.3614209,"message":"(0.001505s) SELECT * FROM \"delayed_jobs\" WHERE ((((\"run_at\" <= '2016-09-29 20:10:29.359741+0000') AND (\"locked_at\" IS NULL)) OR (\"locked_by\" = 'cc_api_worker.api_z1.0.2')) AND (\"failed_at\" IS NULL) AND (\"queue\" IN ('cc-api_z1-0'))) ORDER BY \"priority\" ASC, \"run_at\" ASC LIMIT 5","log_level":"debug2","source":"cc.background","data":{},"thread_id":47118928261380,"fiber_id":47118965175380,"process_id":15629,"file":"/var/vcap/packages/cloud_controller_ng/cloud_controller_ng/vendor/bundle/ruby/2.3.0/gems/sequel-4.29.0/lib/sequel/database/logging.rb","lineno":70,"method":"block in log_each"}

2016-09-29T20:10:37.147417+00:00 b0fa19c0-86de-4447-a670-3f7adbd0b3c1 - - - [NXLOG@14506 bosh_deployment="cf-warden" bosh_job_name="api_z1" bosh_job_index="0" filename="/var/vcap/data/sys/log/cloud_controller_ng/cloud_controller_ng.log"] {"timestamp":1475179830.4691083,"message":"(0.000483s) SELECT * FROM \"delayed_jobs\" WHERE ((((\"run_at\" <= '2016-09-29 20:10:30.468114+0000') AND (\"locked_at\" IS NULL)) OR (\"locked_by\" = 'cc_api_worker.api_z1.0.1')) AND (\"failed_at\" IS NULL) AND (\"queue\" IN ('cc-api_z1-0'))) ORDER BY \"priority\" ASC, \"run_at\" ASC LIMIT 5","log_level":"debug2","source":"cc.background","data":{},"thread_id":47452862460180,"fiber_id":47452899698480,"process_id":15587,"file":"/var/vcap/packages/cloud_controller_ng/cloud_controller_ng/vendor/bundle/ruby/2.3.0/gems/sequel-4.29.0/lib/sequel/database/logging.rb","lineno":70,"method":"block in log_each"}

2016-09-29T20:10:37.147451+00:00 b0fa19c0-86de-4447-a670-3f7adbd0b3c1 - - - [NXLOG@14506 bosh_deployment="cf-warden" bosh_job_name="api_z1" bosh_job_index="0" filename="/var/vcap/data/sys/log/cloud_controller_ng/cloud_controller_ng.log"] {"timestamp":1475179830.9063811,"message":"Statsd: cc.requests.outstanding:1|c","log_level":"debug","source":"statsd.client","data":{},"thread_id":47062185507980,"fiber_id":47062184611840,"process_id":15535,"file":"/var/vcap/packages/cloud_controller_ng/cloud_controller_ng/vendor/bundle/ruby/2.3.0/gems/statsd-ruby-1.2.1/lib/statsd.rb","lineno":254,"method":"send_to_socket"}

2016-09-29T20:10:37.147480+00:00 b0fa19c0-86de-4447-a670-3f7adbd0b3c1 - - - [NXLOG@14506 bosh_deployment="cf-warden" bosh_job_name="api_z1" bosh_job_index="0" filename="/var/vcap/data/sys/log/cloud_controller_ng/cloud_controller_ng.log"] {"timestamp":1475179830.90698,"message":"Started GET \"/v2/syslog_drain_urls?batch_size=1000\" for user: , ip: 127.0.0.1 with vcap-request-id: a57d1edd-22dc-4f54-4d8e-308ce6c1d8ec::05c6e13e-8ad0-4bbe-94c0-fe153beeb812 at 2016-09-29 20:10:30 UTC","log_level":"info","source":"cc.api","data":{},"thread_id":47062185507980,"fiber_id":47062184611840,"process_id":15535,"file":"/var/vcap/packages/cloud_controller_ng/cloud_controller_ng/middleware/request_logs.rb","lineno":12,"method":"call"}

2016-09-29T20:10:37.147537+00:00 b0fa19c0-86de-4447-a670-3f7adbd0b3c1 - - - [NXLOG@14506 bosh_deployment="cf-warden" bosh_job_name="api_z1" bosh_job_index="0" filename="/var/vcap/data/sys/log/cloud_controller_ng/cloud_controller_ng.log"] {"timestamp":1475179830.907683,"message":"dispatch VCAP::CloudController::SyslogDrainUrlsController get /v2/syslog_drain_urls","log_level":"debug","source":"cc.api","data":{"request_guid":"a57d1edd-22dc-4f54-4d8e-308ce6c1d8ec::05c6e13e-8ad0-4bbe-94c0-fe153beeb812"},"thread_id":47062185507980,"fiber_id":47062184611840,"process_id":15535,"file":"/var/vcap/data/packages/cloud_controller_ng/f87cb49aa2cd87792cb9c2211a79e1542502be4d.1-b1a5f3c830cb6c32ae9e685628b24aa967f5ae54/cloud_controller_ng/lib/cloud_controller/rest_controller/routes.rb","lineno":12,"method":"block in define_route"}

2016-09-29T20:10:37.147568+00:00 b0fa19c0-86de-4447-a670-3f7adbd0b3c1 - - - [NXLOG@14506 bosh_deployment="cf-warden" bosh_job_name="api_z1" bosh_job_index="0" filename="/var/vcap/data/sys/log/cloud_controller_ng/cloud_controller_ng.log"] {"timestamp":1475179830.90785,"message":"parse_params: {\"batch_size\"=>\"1000\"} batch_size=1000","log_level":"debug","source":"cc.api","data":{"request_guid":"a57d1edd-22dc-4f54-4d8e-308ce6c1d8ec::05c6e13e-8ad0-4bbe-94c0-fe153beeb812"},"thread_id":47062185507980,"fiber_id":47062184611840,"process_id":15535,"file":"/var/vcap/data/packages/cloud_controller_ng/f87cb49aa2cd87792cb9c2211a79e1542502be4d.1-b1a5f3c830cb6c32ae9e685628b24aa967f5ae54/cloud_controller_ng/lib/cloud_controller/rest_controller/common_params.rb","lineno":10,"method":"parse"}

2016-09-29T20:10:37.147583+00:00 b0fa19c0-86de-4447-a670-3f7adbd0b3c1 - - - [NXLOG@14506 bosh_deployment="cf-warden" bosh_job_name="api_z1" bosh_job_index="0" filename="/var/vcap/data/sys/log/cloud_controller_ng/cloud_controller_ng.log"] {"timestamp":1475179830.9080157,"message":"cc.dispatch","log_level":"debug","source":"cc.api","data":{"request_guid":"a57d1edd-22dc-4f54-4d8e-308ce6c1d8ec::05c6e13e-8ad0-4bbe-94c0-fe153beeb812","endpoint":"list","args":[]},"thread_id":47062185507980,"fiber_id":47062184611840,"process_id":15535,"file":"/var/vcap/data/packages/cloud_controller_ng/f87cb49aa2cd87792cb9c2211a79e1542502be4d.1-b1a5f3c830cb6c32ae9e685628b24aa967f5ae54/cloud_controller_ng/app/controllers/base/base_controller.rb","lineno":78,"method":"dispatch"}

2016-09-29T20:10:37.147616+00:00 b0fa19c0-86de-4447-a670-3f7adbd0b3c1 - - - [NXLOG@14506 bosh_deployment="cf-warden" bosh_job_name="api_z1" bosh_job_index="0" filename="/var/vcap/data/sys/log/cloud_controller_ng/cloud_controller_ng.log"] {"timestamp":1475179830.9094322,"message":"(0.000645s) SELECT \"apps\".\"guid\", string_agg(\"service_bindings\".\"syslog_drain_url\", ',') AS \"syslog_drain_urls\" FROM \"apps\" INNER JOIN \"service_bindings\" ON (\"service_bindings\".\"app_id\" = \"apps\".\"id\") WHERE ((syslog_drain_url IS NOT NULL) AND (syslog_drain_url != '')) GROUP BY \"apps\".\"guid\" UNION ALL (SELECT \"apps_v3\".\"guid\", string_agg(\"v3_service_bindings\".\"syslog_drain_url\", ',') AS \"syslog_drain_urls\" FROM \"apps_v3\" INNER JOIN \"v3_service_bindings\" ON (\"v3_service_bindings\".\"app_id\" = \"apps_v3\".\"id\") WHERE ((syslog_drain_url IS NOT NULL) AND (syslog_drain_url != '')) GROUP BY \"apps_v3\".\"guid\") ORDER BY \"guid\" LIMIT 1000 OFFSET 0","log_level":"debug2","source":"cc.db","data":{"request_guid":"a57d1edd-22dc-4f54-4d8e-308ce6c1d8ec::05c6e13e-8ad0-4bbe-94c0-fe153beeb812"},"thread_id":47062185507980,"fiber_id":47062184611840,"process_id":15535,"file":"/var/vcap/packages/cloud_controller_ng/cloud_controller_ng/vendor/bundle/ruby/2.3.0/gems/sequel-4.29.0/lib/sequel/database/logging.rb","lineno":70,"method":"block in log_each"}

2016-09-29T20:10:37.147699+00:00 b0fa19c0-86de-4447-a670-3f7adbd0b3c1 - - - [NXLOG@14506 bosh_deployment="cf-warden" bosh_job_name="api_z1" bosh_job_index="0" filename="/var/vcap/data/sys/log/cloud_controller_ng/cloud_controller_ng.log"] {"timestamp":1475179830.9097831,"message":"Completed 200 vcap-request-id: a57d1edd-22dc-4f54-4d8e-308ce6c1d8ec::05c6e13e-8ad0-4bbe-94c0-fe153beeb812","log_level":"info","source":"cc.api","data":{},"thread_id":47062185507980,"fiber_id":47062184611840,"process_id":15535,"file":"/var/vcap/packages/cloud_controller_ng/cloud_controller_ng/middleware/request_logs.rb","lineno":24,"method":"call"}

2016-09-29T20:10:37.147711+00:00 b0fa19c0-86de-4447-a670-3f7adbd0b3c1 - - - [NXLOG@14506 bosh_deployment="cf-warden" bosh_job_name="api_z1" bosh_job_index="0" filename="/var/vcap/data/sys/log/cloud_controller_ng/cloud_controller_ng.log"] {"timestamp":1475179830.9099135,"message":"Statsd: cc.requests.outstanding:-1|c\ncc.requests.completed:1|c\ncc.http_status.2XX:1|c","log_level":"debug","source":"statsd.client","data":{},"thread_id":47062185507980,"fiber_id":47062184611840,"process_id":15535,"file":"/var/vcap/packages/cloud_controller_ng/cloud_controller_ng/vendor/bundle/ruby/2.3.0/gems/statsd-ruby-1.2.1/lib/statsd.rb","lineno":254,"method":"send_to_socket"}

2016-09-29T20:10:37.147721+00:00 b0fa19c0-86de-4447-a670-3f7adbd0b3c1 - - - [NXLOG@14506 bosh_deployment="cf-warden" bosh_job_name="api_z1" bosh_job_index="0" filename="/var/vcap/data/sys/log/cloud_controller_ng/cloud_controller_ng.log"] {"timestamp":1475179834.3831832,"message":"(0.001872s) SELECT * FROM \"delayed_jobs\" WHERE ((((\"run_at\" <= '2016-09-29 20:10:34.380910+0000') AND (\"locked_at\" IS NULL)) OR (\"locked_by\" = 'cc_api_worker.api_z1.0.2')) AND (\"failed_at\" IS NULL) AND (\"queue\" IN ('cc-api_z1-0'))) ORDER BY \"priority\" ASC, \"run_at\" ASC LIMIT 5","log_level":"debug2","source":"cc.background","data":{},"thread_id":47118928261380,"fiber_id":47118965175380,"process_id":15629,"file":"/var/vcap/packages/cloud_controller_ng/cloud_controller_ng/vendor/bundle/ruby/2.3.0/gems/sequel-4.29.0/lib/sequel/database/logging.rb","lineno":70,"method":"block in log_each"}

2016-09-29T20:10:37.147741+00:00 b0fa19c0-86de-4447-a670-3f7adbd0b3c1 - - - [NXLOG@14506 bosh_deployment="cf-warden" bosh_job_name="api_z1" bosh_job_index="0" filename="/var/vcap/data/sys/log/cloud_controller_ng/cloud_controller_ng.log"] {"timestamp":1475179834.563286,"message":"Statsd: cc.vitals.uptime:1900106|g\ncc.vitals.cpu:0.0|g\ncc.vitals.mem_bytes:150700032|g\ncc.vitals.cpu_load_avg:0.76|g\ncc.vitals.mem_used_bytes:4030713856|g\ncc.vitals.mem_free_bytes:2227335168|g\ncc.vitals.num_cores:4|g","log_level":"debug","source":"statsd.client","data":{},"thread_id":47062143684880,"fiber_id":47062184032460,"process_id":15535,"file":"/var/vcap/packages/cloud_controller_ng/cloud_controller_ng/vendor/bundle/ruby/2.3.0/gems/statsd-ruby-1.2.1/lib/statsd.rb","lineno":254,"method":"send_to_socket"}

2016-09-29T20:10:37.147762+00:00 b0fa19c0-86de-4447-a670-3f7adbd0b3c1 - - - [NXLOG@14506 bosh_deployment="cf-warden" bosh_job_name="api_z1" bosh_job_index="0" filename="/var/vcap/data/sys/log/cloud_controller_ng/cloud_controller_ng.log"] {"timestamp":1475179834.5637226,"message":"Statsd: cc.log_count.off:0|g\ncc.log_count.fatal:0|g\ncc.log_count.error:0|g\ncc.log_count.warn:0|g\ncc.log_count.info:45924|g\ncc.log_count.debug:140131|g\ncc.log_count.debug1:0|g\ncc.log_count.debug2:27435|g\ncc.log_count.all:0|g","log_level":"debug","source":"statsd.client","data":{},"thread_id":47062143684880,"fiber_id":47062184032460,"process_id":15535,"file":"/var/vcap/packages/cloud_controller_ng/cloud_controller_ng/vendor/bundle/ruby/2.3.0/gems/statsd-ruby-1.2.1/lib/statsd.rb","lineno":254,"method":"send_to_socket"}

2016-09-29T20:10:37.147775+00:00 b0fa19c0-86de-4447-a670-3f7adbd0b3c1 - - - [NXLOG@14506 bosh_deployment="cf-warden" bosh_job_name="api_z1" bosh_job_index="0" filename="/var/vcap/data/sys/log/cloud_controller_ng/cloud_controller_ng.log"] {"timestamp":1475179834.5652606,"message":"(0.000580s) SELECT count(*) AS \"count\" FROM \"tasks\" WHERE (\"state\" = 'RUNNING') LIMIT 1","log_level":"debug2","source":"cc.db","data":{},"thread_id":47062143684880,"fiber_id":47062184032460,"process_id":15535,"file":"/var/vcap/packages/cloud_controller_ng/cloud_controller_ng/vendor/bundle/ruby/2.3.0/gems/sequel-4.29.0/lib/sequel/database/logging.rb","lineno":70,"method":"block in log_each"}

2016-09-29T20:10:37.147795+00:00 b0fa19c0-86de-4447-a670-3f7adbd0b3c1 - - - [NXLOG@14506 bosh_deployment="cf-warden" bosh_job_name="api_z1" bosh_job_index="0" filename="/var/vcap/data/sys/log/cloud_controller_ng/cloud_controller_ng.log"] {"timestamp":1475179834.5658417,"message":"(0.000186s) SELECT sum(\"memory_in_mb\") AS \"sum\" FROM \"tasks\" WHERE (\"state\" = 'RUNNING') LIMIT 1","log_level":"debug2","source":"cc.db","data":{},"thread_id":47062143684880,"fiber_id":47062184032460,"process_id":15535,"file":"/var/vcap/packages/cloud_controller_ng/cloud_controller_ng/vendor/bundle/ruby/2.3.0/gems/sequel-4.29.0/lib/sequel/database/logging.rb","lineno":70,"method":"block in log_each"}

2016-09-29T20:10:37.147837+00:00 b0fa19c0-86de-4447-a670-3f7adbd0b3c1 - - - [NXLOG@14506 bosh_deployment="cf-warden" bosh_job_name="api_z1" bosh_job_index="0" filename="/var/vcap/data/sys/log/cloud_controller_ng/cloud_controller_ng.log"] {"timestamp":1475179834.566012,"message":"Statsd: cc.tasks_running.count:0|g\ncc.tasks_running.memory_in_mb:0|g","log_level":"debug","source":"statsd.client","data":{},"thread_id":47062143684880,"fiber_id":47062184032460,"process_id":15535,"file":"/var/vcap/packages/cloud_controller_ng/cloud_controller_ng/vendor/bundle/ruby/2.3.0/gems/statsd-ruby-1.2.1/lib/statsd.rb","lineno":254,"method":"send_to_socket"}

2016-09-29T20:10:37.147872+00:00 b0fa19c0-86de-4447-a670-3f7adbd0b3c1 - - - [NXLOG@14506 bosh_deployment="cf-warden" bosh_job_name="api_z1" bosh_job_index="0" filename="/var/vcap/data/sys/log/cloud_controller_ng/cloud_controller_ng.log"] {"timestamp":1475179835.4882784,"message":"(0.000621s) SELECT * FROM \"delayed_jobs\" WHERE ((((\"run_at\" <= '2016-09-29 20:10:35.487123+0000') AND (\"locked_at\" IS NULL)) OR (\"locked_by\" = 'cc_api_worker.api_z1.0.1')) AND (\"failed_at\" IS NULL) AND (\"queue\" IN ('cc-api_z1-0'))) ORDER BY \"priority\" ASC, \"run_at\" ASC LIMIT 5","log_level":"debug2","source":"cc.background","data":{},"thread_id":47452862460180,"fiber_id":47452899698480,"process_id":15587,"file":"/var/vcap/packages/cloud_controller_ng/cloud_controller_ng/vendor/bundle/ruby/2.3.0/gems/sequel-4.29.0/lib/sequel/database/logging.rb","lineno":70,"method":"block in log_each"}

2016-09-29T20:10:37.147884+00:00 b0fa19c0-86de-4447-a670-3f7adbd0b3c1 - - - [NXLOG@14506 bosh_deployment="cf-warden" bosh_job_name="api_z1" bosh_job_index="0" filename="/var/vcap/data/sys/log/cloud_controller_ng/cloud_controller_ng.log"] {"timestamp":1475179836.5435686,"message":"(0.000839s) SELECT \"queue\", count(*) AS \"count\" FROM \"delayed_jobs\" WHERE (\"attempts\" = 0) GROUP BY \"queue\"","log_level":"debug2","source":"cc.db","data":{},"thread_id":47062143684880,"fiber_id":47062184032460,"process_id":15535,"file":"/var/vcap/packages/cloud_controller_ng/cloud_controller_ng/vendor/bundle/ruby/2.3.0/gems/sequel-4.29.0/lib/sequel/database/logging.rb","lineno":70,"method":"block in log_each"}

2016-09-29T20:10:37.147918+00:00 b0fa19c0-86de-4447-a670-3f7adbd0b3c1 - - - [NXLOG@14506 bosh_deployment="cf-warden" bosh_job_name="api_z1" bosh_job_index="0" filename="/var/vcap/data/sys/log/cloud_controller_ng/cloud_controller_ng.log"] {"timestamp":1475179836.5440438,"message":"Statsd: cc.job_queue_length.total:0|g\ncc.job_queue_length.total:0|g","log_level":"debug","source":"statsd.client","data":{},"thread_id":47062143684880,"fiber_id":47062184032460,"process_id":15535,"file":"/var/vcap/packages/cloud_controller_ng/cloud_controller_ng/vendor/bundle/ruby/2.3.0/gems/statsd-ruby-1.2.1/lib/statsd.rb","lineno":254,"method":"send_to_socket"}

2016-09-29T20:10:37.147930+00:00 b0fa19c0-86de-4447-a670-3f7adbd0b3c1 - - - [NXLOG@14506 bosh_deployment="cf-warden" bosh_job_name="api_z1" bosh_job_index="0" filename="/var/vcap/data/sys/log/cloud_controller_ng/cloud_controller_ng.log"] {"timestamp":1475179836.5444534,"message":"Statsd: cc.thread_info.thread_count:21|g\ncc.thread_info.event_machine.connection_count:3|g\ncc.thread_info.event_machine.threadqueue.size:0|g\ncc.thread_info.event_machine.threadqueue.num_waiting:20|g\ncc.thread_info.event_machine.resultqueue.size:0|g\ncc.thread_info.event_machine.resultqueue.num_waiting:0|g","log_level":"debug","source":"statsd.client","data":{},"thread_id":47062143684880,"fiber_id":47062184032460,"process_id":15535,"file":"/var/vcap/packages/cloud_controller_ng/cloud_controller_ng/vendor/bundle/ruby/2.3.0/gems/statsd-ruby-1.2.1/lib/statsd.rb","lineno":254,"method":"send_to_socket"}

2016-09-29T20:10:37.147952+00:00 b0fa19c0-86de-4447-a670-3f7adbd0b3c1 - - - [NXLOG@14506 bosh_deployment="cf-warden" bosh_job_name="api_z1" bosh_job_index="0" filename="/var/vcap/data/sys/log/cloud_controller_ng/cloud_controller_ng.log"] {"timestamp":1475179836.545908,"message":"(0.000659s) SELECT \"queue\", count(*) AS \"count\" FROM \"delayed_jobs\" WHERE (failed_at IS NOT NULL) GROUP BY \"queue\"","log_level":"debug2","source":"cc.db","data":{},"thread_id":47062143684880,"fiber_id":47062184032460,"process_id":15535,"file":"/var/vcap/packages/cloud_controller_ng/cloud_controller_ng/vendor/bundle/ruby/2.3.0/gems/sequel-4.29.0/lib/sequel/database/logging.rb","lineno":70,"method":"block in log_each"}

2016-09-29T20:10:37.147965+00:00 b0fa19c0-86de-4447-a670-3f7adbd0b3c1 - - - [NXLOG@14506 bosh_deployment="cf-warden" bosh_job_name="api_z1" bosh_job_index="0" filename="/var/vcap/data/sys/log/cloud_controller_ng/cloud_controller_ng.log"] {"timestamp":1475179836.5467374,"message":"Statsd: cc.failed_job_count.cc-api_z1-0:2|g\ncc.failed_job_count.total:2|g\ncc.failed_job_count.total:2|g","log_level":"debug","source":"statsd.client","data":{},"thread_id":47062143684880,"fiber_id":47062184032460,"process_id":15535,"file":"/var/vcap/packages/cloud_controller_ng/cloud_controller_ng/vendor/bundle/ruby/2.3.0/gems/statsd-ruby-1.2.1/lib/statsd.rb","lineno":254,"method":"send_to_socket"}

2016-09-29T20:10:37.151943+00:00 05bf1627-ae2f-400c-b1ce-31973a9ff23f - - - [NXLOG@14506 bosh_deployment="cf-warden" bosh_job_name="uaa_z1" bosh_job_index="0" filename="/var/vcap/data/sys/log/uaa/uaa.log"] [2016-09-29 20:10:30.919] uaa - 19013 [http-nio-127.0.0.1-8989-exec-9] .... DEBUG --- AntPathRequestMatcher: Checking match of request : '/healthz'; against '/square-logo.png'

2016-09-29T20:10:37.151950+00:00 05bf1627-ae2f-400c-b1ce-31973a9ff23f - - - [NXLOG@14506 bosh_deployment="cf-warden" bosh_job_name="uaa_z1" bosh_job_index="0" filename="/var/vcap/data/sys/log/uaa/uaa.log"] [2016-09-29 20:10:30.919] uaa - 19013 [http-nio-127.0.0.1-8989-exec-9] .... DEBUG --- AntPathRequestMatcher: Checking match of request : '/healthz'; against '/info'

2016-09-29T20:10:37.151980+00:00 05bf1627-ae2f-400c-b1ce-31973a9ff23f - - - [NXLOG@14506 bosh_deployment="cf-warden" bosh_job_name="uaa_z1" bosh_job_index="0" filename="/var/vcap/data/sys/log/uaa/uaa.log"] [2016-09-29 20:10:30.919] uaa - 19013 [http-nio-127.0.0.1-8989-exec-9] .... DEBUG --- AntPathRequestMatcher: Checking match of request : '/healthz'; against '/password/**'

2016-09-29T20:10:37.151989+00:00 05bf1627-ae2f-400c-b1ce-31973a9ff23f - - - [NXLOG@14506 bosh_deployment="cf-warden" bosh_job_name="uaa_z1" bosh_job_index="0" filename="/var/vcap/data/sys/log/uaa/uaa.log"] [2016-09-29 20:10:30.919] uaa - 19013 [http-nio-127.0.0.1-8989-exec-9] .... DEBUG --- AntPathRequestMatcher: Checking match of request : '/healthz'; against '/healthz/**'

2016-09-29T20:10:37.151999+00:00 05bf1627-ae2f-400c-b1ce-31973a9ff23f - - - [NXLOG@14506 bosh_deployment="cf-warden" bosh_job_name="uaa_z1" bosh_job_index="0" filename="/var/vcap/data/sys/log/uaa/uaa.log"] [2016-09-29 20:10:30.919] uaa - 19013 [http-nio-127.0.0.1-8989-exec-9] .... DEBUG --- FilterChainProxy: /healthz has an empty filter list

2016-09-29T20:10:37.152009+00:00 05bf1627-ae2f-400c-b1ce-31973a9ff23f - - - [NXLOG@14506 bosh_deployment="cf-warden" bosh_job_name="uaa_z1" bosh_job_index="0" filename="/var/vcap/data/sys/log/uaa/uaa.log"] [2016-09-29 20:10:30.919] uaa - 19013 [http-nio-127.0.0.1-8989-exec-9] .... DEBUG --- DispatcherServlet: DispatcherServlet with name 'spring' processing GET request for [/healthz]

2016-09-29T20:10:37.152105+00:00 05bf1627-ae2f-400c-b1ce-31973a9ff23f - - - [NXLOG@14506 bosh_deployment="cf-warden" bosh_job_name="uaa_z1" bosh_job_index="0" filename="/var/vcap/data/sys/log/uaa/uaa.log"] [2016-09-29 20:10:30.919] uaa - 19013 [http-nio-127.0.0.1-8989-exec-9] .... DEBUG --- DispatcherServlet: Last-Modified value for [/healthz] is: -1

2016-09-29T20:10:37.152117+00:00 05bf1627-ae2f-400c-b1ce-31973a9ff23f - - - [NXLOG@14506 bosh_deployment="cf-warden" bosh_job_name="uaa_z1" bosh_job_index="0" filename="/var/vcap/data/sys/log/uaa/uaa.log"] [2016-09-29 20:10:30.919] uaa - 19013 [http-nio-127.0.0.1-8989-exec-9] .... DEBUG --- RequestResponseBodyMethodProcessor: Written [ok

2016-09-29T20:10:37.152125+00:00 05bf1627-ae2f-400c-b1ce-31973a9ff23f - - - [NXLOG@14506 bosh_deployment="cf-warden" bosh_job_name="uaa_z1" bosh_job_index="0" filename="/var/vcap/data/sys/log/uaa/uaa.log"] ] as "text/plain;charset=ISO-8859-1" using [org.springframework.http.converter.StringHttpMessageConverter@178b2baf]

2016-09-29T20:10:37.152132+00:00 05bf1627-ae2f-400c-b1ce-31973a9ff23f - - - [NXLOG@14506 bosh_deployment="cf-warden" bosh_job_name="uaa_z1" bosh_job_index="0" filename="/var/vcap/data/sys/log/uaa/uaa.log"] [2016-09-29 20:10:30.919] uaa - 19013 [http-nio-127.0.0.1-8989-exec-9] .... DEBUG --- DispatcherServlet: Null ModelAndView returned to DispatcherServlet with name 'spring': assuming HandlerAdapter completed request handling

2016-09-29T20:10:37.152158+00:00 05bf1627-ae2f-400c-b1ce-31973a9ff23f - - - [NXLOG@14506 bosh_deployment="cf-warden" bosh_job_name="uaa_z1" bosh_job_index="0" filename="/var/vcap/data/sys/log/uaa/uaa.log"] [2016-09-29 20:10:30.919] uaa - 19013 [http-nio-127.0.0.1-8989-exec-9] .... DEBUG --- DispatcherServlet: Successfully completed request

2016-09-29T20:10:37.152167+00:00 05bf1627-ae2f-400c-b1ce-31973a9ff23f - - - [NXLOG@14506 bosh_deployment="cf-warden" bosh_job_name="uaa_z1" bosh_job_index="0" filename="/var/vcap/data/sys/log/uaa/uaa.log"] [2016-09-29 20:10:31.156] uaa - 19013 [pool-2-thread-1] .... DEBUG --- JdbcTemplate: Executing SQL query [select count(*) from oauth_client_details]

2016-09-29T20:10:37.152174+00:00 05bf1627-ae2f-400c-b1ce-31973a9ff23f - - - [NXLOG@14506 bosh_deployment="cf-warden" bosh_job_name="uaa_z1" bosh_job_index="0" filename="/var/vcap/data/sys/log/uaa/uaa.log"] [2016-09-29 20:10:31.158] uaa - 19013 [pool-2-thread-1] .... DEBUG --- JdbcTemplate: Executing SQL query [select count(*) from users]

2016-09-29T20:10:37.152181+00:00 05bf1627-ae2f-400c-b1ce-31973a9ff23f - - - [NXLOG@14506 bosh_deployment="cf-warden" bosh_job_name="uaa_z1" bosh_job_index="0" filename="/var/vcap/data/sys/log/uaa/uaa.log"] [2016-09-29 20:10:34.817] uaa - 19013 [http-nio-127.0.0.1-8989-exec-2] .... DEBUG --- AntPathRequestMatcher: Checking match of request : '/healthz'; against '/resources/**'

2016-09-29T20:10:37.152198+00:00 05bf1627-ae2f-400c-b1ce-31973a9ff23f - - - [NXLOG@14506 bosh_deployment="cf-warden" bosh_job_name="uaa_z1" bosh_job_index="0" filename="/var/vcap/data/sys/log/uaa/uaa.log"] [2016-09-29 20:10:34.817] uaa - 19013 [http-nio-127.0.0.1-8989-exec-2] .... DEBUG --- AntPathRequestMatcher: Checking match of request : '/healthz'; against '/square-logo.png'

2016-09-29T20:10:37.152206+00:00 05bf1627-ae2f-400c-b1ce-31973a9ff23f - - - [NXLOG@14506 bosh_deployment="cf-warden" bosh_job_name="uaa_z1" bosh_job_index="0" filename="/var/vcap/data/sys/log/uaa/uaa.log"] [2016-09-29 20:10:34.817] uaa - 19013 [http-nio-127.0.0.1-8989-exec-2] .... DEBUG --- AntPathRequestMatcher: Checking match of request : '/healthz'; against '/info'

2016-09-29T20:10:37.152233+00:00 05bf1627-ae2f-400c-b1ce-31973a9ff23f - - - [NXLOG@14506 bosh_deployment="cf-warden" bosh_job_name="uaa_z1" bosh_job_index="0" filename="/var/vcap/data/sys/log/uaa/uaa.log"] [2016-09-29 20:10:34.817] uaa - 19013 [http-nio-127.0.0.1-8989-exec-2] .... DEBUG --- AntPathRequestMatcher: Checking match of request : '/healthz'; against '/password/**'

2016-09-29T20:10:37.152245+00:00 05bf1627-ae2f-400c-b1ce-31973a9ff23f - - - [NXLOG@14506 bosh_deployment="cf-warden" bosh_job_name="uaa_z1" bosh_job_index="0" filename="/var/vcap/data/sys/log/uaa/uaa.log"] [2016-09-29 20:10:34.817] uaa - 19013 [http-nio-127.0.0.1-8989-exec-2] .... DEBUG --- AntPathRequestMatcher: Checking match of request : '/healthz'; against '/healthz/**'

2016-09-29T20:10:37.152254+00:00 05bf1627-ae2f-400c-b1ce-31973a9ff23f - - - [NXLOG@14506 bosh_deployment="cf-warden" bosh_job_name="uaa_z1" bosh_job_index="0" filename="/var/vcap/data/sys/log/uaa/uaa.log"] [2016-09-29 20:10:34.817] uaa - 19013 [http-nio-127.0.0.1-8989-exec-2] .... DEBUG --- FilterChainProxy: /healthz has an empty filter list

2016-09-29T20:10:37.152265+00:00 05bf1627-ae2f-400c-b1ce-31973a9ff23f - - - [NXLOG@14506 bosh_deployment="cf-warden" bosh_job_name="uaa_z1" bosh_job_index="0" filename="/var/vcap/data/sys/log/uaa/uaa.log"] [2016-09-29 20:10:34.817] uaa - 19013 [http-nio-127.0.0.1-8989-exec-2] .... DEBUG --- DispatcherServlet: DispatcherServlet with name 'spring' processing GET request for [/healthz]

2016-09-29T20:10:37.152274+00:00 05bf1627-ae2f-400c-b1ce-31973a9ff23f - - - [NXLOG@14506 bosh_deployment="cf-warden" bosh_job_name="uaa_z1" bosh_job_index="0" filename="/var/vcap/data/sys/log/uaa/uaa.log"] [2016-09-29 20:10:34.817] uaa - 19013 [http-nio-127.0.0.1-8989-exec-2] .... DEBUG --- DispatcherServlet: Last-Modified value for [/healthz] is: -1

2016-09-29T20:10:37.152284+00:00 05bf1627-ae2f-400c-b1ce-31973a9ff23f - - - [NXLOG@14506 bosh_deployment="cf-warden" bosh_job_name="uaa_z1" bosh_job_index="0" filename="/var/vcap/data/sys/log/uaa/uaa.log"] [2016-09-29 20:10:34.817] uaa - 19013 [http-nio-127.0.0.1-8989-exec-2] .... DEBUG --- RequestResponseBodyMethodProcessor: Written [ok

2016-09-29T20:10:37.152295+00:00 05bf1627-ae2f-400c-b1ce-31973a9ff23f - - - [NXLOG@14506 bosh_deployment="cf-warden" bosh_job_name="uaa_z1" bosh_job_index="0" filename="/var/vcap/data/sys/log/uaa/uaa.log"] ] as "text/plain;charset=ISO-8859-1" using [org.springframework.http.converter.StringHttpMessageConverter@178b2baf]

2016-09-29T20:10:37.152305+00:00 05bf1627-ae2f-400c-b1ce-31973a9ff23f - - - [NXLOG@14506 bosh_deployment="cf-warden" bosh_job_name="uaa_z1" bosh_job_index="0" filename="/var/vcap/data/sys/log/uaa/uaa.log"] [2016-09-29 20:10:34.817] uaa - 19013 [http-nio-127.0.0.1-8989-exec-2] .... DEBUG --- DispatcherServlet: Null ModelAndView returned to DispatcherServlet with name 'spring': assuming HandlerAdapter completed request handling

2016-09-29T20:10:37.152317+00:00 05bf1627-ae2f-400c-b1ce-31973a9ff23f - - - [NXLOG@14506 bosh_deployment="cf-warden" bosh_job_name="uaa_z1" bosh_job_index="0" filename="/var/vcap/data/sys/log/uaa/uaa.log"] [2016-09-29 20:10:34.817] uaa - 19013 [http-nio-127.0.0.1-8989-exec-2] .... DEBUG --- DispatcherServlet: Successfully completed request

2016-09-29T20:10:37.152328+00:00 05bf1627-ae2f-400c-b1ce-31973a9ff23f - - - [NXLOG@14506 bosh_deployment="cf-warden" bosh_job_name="uaa_z1" bosh_job_index="0" filename="/var/vcap/data/sys/log/uaa/uaa.log"] [2016-09-29 20:10:36.156] uaa - 19013 [pool-2-thread-1] .... DEBUG --- JdbcTemplate: Executing SQL query [select count(*) from oauth_client_details]

2016-09-29T20:10:37.152338+00:00 05bf1627-ae2f-400c-b1ce-31973a9ff23f - - - [NXLOG@14506 bosh_deployment="cf-warden" bosh_job_name="uaa_z1" bosh_job_index="0" filename="/var/vcap/data/sys/log/uaa/uaa.log"] [2016-09-29 20:10:36.157] uaa - 19013 [pool-2-thread-1] .... DEBUG --- JdbcTemplate: Executing SQL query [select count(*) from users]

2016-09-29T20:10:46.995922+00:00 bfc626ef-a2eb-4bad-8f71-fa1d6d0f927f - - - [NXLOG@14506 bosh_deployment="cf-warden" bosh_job_name="loggregator_trafficcontroller_z1" bosh_job_index="0" filename="/var/vcap/data/sys/log/route_registrar/route_registrar.stdout.log"] {"timestamp":"1475179846.735846281","source":"Route Registrar","message":"Route Registrar.no healthchecker found for route","log_level":1,"data":{"route":{"Name":"loggregator","Port":8080,"Tags":null,"URIs":["loggregator.bosh-lite.com"],"RouteServiceUrl":"","RegistrationInterval":20000000000,"HealthCheck":null}}}

2016-09-29T20:10:46.996146+00:00 bfc626ef-a2eb-4bad-8f71-fa1d6d0f927f - - - [NXLOG@14506 bosh_deployment="cf-warden" bosh_job_name="loggregator_trafficcontroller_z1" bosh_job_index="0" filename="/var/vcap/data/sys/log/route_registrar/route_registrar.stdout.log"] {"timestamp":"1475179846.735899448","source":"Route Registrar","message":"Route Registrar.Registering route","log_level":1,"data":{"route":{"Name":"loggregator","Port":8080,"Tags":null,"URIs":["loggregator.bosh-lite.com"],"RouteServiceUrl":"","RegistrationInterval":20000000000,"HealthCheck":null}}}

2016-09-29T20:10:46.996167+00:00 bfc626ef-a2eb-4bad-8f71-fa1d6d0f927f - - - [NXLOG@14506 bosh_deployment="cf-warden" bosh_job_name="loggregator_trafficcontroller_z1" bosh_job_index="0" filename="/var/vcap/data/sys/log/route_registrar/route_registrar.stdout.log"] {"timestamp":"1475179846.735981941","source":"Route Registrar","message":"Route Registrar.Registered routes successfully","log_level":1,"data":{}}

2016-09-29T20:10:57.002232+00:00 fc52b791-0068-48d0-b63d-a9600b8fa32e - - - [NXLOG@14506 bosh_deployment="cf-warden" bosh_job_name="runner_z1" bosh_job_index="0" filename="/var/vcap/data/sys/log/dea_next/dea_next.log"] {"timestamp":1475179851.8942726,"message":"hm9000.heartbeat.accepted","log_level":"debug","source":"Dea::Bootstrap","data":{},"thread_id":47241050154720,"fiber_id":47241051243860,"process_id":6941,"file":"/var/vcap/packages/dea_next/lib/dea/utils/hm9000.rb","lineno":49,"method":"handle_http_response"}

2016-09-29T20:10:57.147811+00:00 b0fa19c0-86de-4447-a670-3f7adbd0b3c1 - - - [NXLOG@14506 bosh_deployment="cf-warden" bosh_job_name="api_z1" bosh_job_index="0" filename="/var/vcap/data/sys/log/cloud_controller_worker/cloud_controller_worker.log"] {"timestamp":1475179849.4530015,"message":"(0.000647s) SELECT * FROM \"delayed_jobs\" WHERE ((((\"run_at\" <= '2016-09-29 20:10:49.451648+0000') AND (\"locked_at\" IS NULL)) OR (\"locked_by\" = 'cc_global_worker.api_z1.0.1')) AND (\"failed_at\" IS NULL) AND (\"queue\" IN ('cc-generic'))) ORDER BY \"priority\" ASC, \"run_at\" ASC LIMIT 5","log_level":"debug2","source":"cc.background","data":{},"thread_id":47193737007380,"fiber_id":47193773841900,"process_id":15807,"file":"/var/vcap/packages/cloud_controller_ng/cloud_controller_ng/vendor/bundle/ruby/2.3.0/gems/sequel-4.29.0/lib/sequel/database/logging.rb","lineno":70,"method":"block in log_each"}

2016-09-29T20:10:57.147978+00:00 b0fa19c0-86de-4447-a670-3f7adbd0b3c1 - - - [NXLOG@14506 bosh_deployment="cf-warden" bosh_job_name="api_z1" bosh_job_index="0" filename="/var/vcap/data/sys/log/cloud_controller_worker/cloud_controller_worker.log"] {"timestamp":1475179854.475329,"message":"(0.000605s) SELECT * FROM \"delayed_jobs\" WHERE ((((\"run_at\" <= '2016-09-29 20:10:54.474169+0000') AND (\"locked_at\" IS NULL)) OR (\"locked_by\" = 'cc_global_worker.api_z1.0.1')) AND (\"failed_at\" IS NULL) AND (\"queue\" IN ('cc-generic'))) ORDER BY \"priority\" ASC, \"run_at\" ASC LIMIT 5","log_level":"debug2","source":"cc.background","data":{},"thread_id":47193737007380,"fiber_id":47193773841900,"process_id":15807,"file":"/var/vcap/packages/cloud_controller_ng/cloud_controller_ng/vendor/bundle/ruby/2.3.0/gems/sequel-4.29.0/lib/sequel/database/logging.rb","lineno":70,"method":"block in log_each"}

2016-09-29T20:10:57.148040+00:00 b0fa19c0-86de-4447-a670-3f7adbd0b3c1 - - - [NXLOG@14506 bosh_deployment="cf-warden" bosh_job_name="api_z1" bosh_job_index="0" filename="/var/vcap/data/sys/log/nginx_cc/nginx.access.log"] 10.244.0.138 - [29/Sep/2016:20:10:47 +0000] "GET /v2/info HTTP/1.1" 200 802 "-" "monit/5.2.5" 10.244.0.138 vcap_request_id:c0df526d-ae4b-47e7-903f-8e42a58a919d response_time:0.003

2016-09-29T20:10:57.148110+00:00 b0fa19c0-86de-4447-a670-3f7adbd0b3c1 - - - [NXLOG@14506 bosh_deployment="cf-warden" bosh_job_name="api_z1" bosh_job_index="0" filename="/var/vcap/data/sys/log/cloud_controller_ng/cloud_controller_ng.log"] {"timestamp":1475179847.6421614,"message":"Statsd: cc.requests.outstanding:1|c","log_level":"debug","source":"statsd.client","data":{},"thread_id":47062185509080,"fiber_id":47062165012380,"process_id":15535,"file":"/var/vcap/packages/cloud_controller_ng/cloud_controller_ng/vendor/bundle/ruby/2.3.0/gems/statsd-ruby-1.2.1/lib/statsd.rb","lineno":254,"method":"send_to_socket"}

2016-09-29T20:10:57.148226+00:00 b0fa19c0-86de-4447-a670-3f7adbd0b3c1 - - - [NXLOG@14506 bosh_deployment="cf-warden" bosh_job_name="api_z1" bosh_job_index="0" filename="/var/vcap/data/sys/log/cloud_controller_ng/cloud_controller_ng.log"] {"timestamp":1475179847.6426334,"message":"Started GET \"/v2/info\" for user: , ip: 127.0.0.1 with vcap-request-id: c0df526d-ae4b-47e7-903f-8e42a58a919d at 2016-09-29 20:10:47 UTC","log_level":"info","source":"cc.api","data":{},"thread_id":47062185509080,"fiber_id":47062165012380,"process_id":15535,"file":"/var/vcap/packages/cloud_controller_ng/cloud_controller_ng/middleware/request_logs.rb","lineno":12,"method":"call"}

2016-09-29T20:10:57.148311+00:00 b0fa19c0-86de-4447-a670-3f7adbd0b3c1 - - - [NXLOG@14506 bosh_deployment="cf-warden" bosh_job_name="api_z1" bosh_job_index="0" filename="/var/vcap/data/sys/log/cloud_controller_ng/cloud_controller_ng.log"] {"timestamp":1475179847.6432724,"message":"dispatch VCAP::CloudController::InfoController get /v2/info","log_level":"debug","source":"cc.api","data":{"request_guid":"c0df526d-ae4b-47e7-903f-8e42a58a919d"},"thread_id":47062185509080,"fiber_id":47062165012380,"process_id":15535,"file":"/var/vcap/data/packages/cloud_controller_ng/f87cb49aa2cd87792cb9c2211a79e1542502be4d.1-b1a5f3c830cb6c32ae9e685628b24aa967f5ae54/cloud_controller_ng/lib/cloud_controller/rest_controller/routes.rb","lineno":12,"method":"block in define_route"}

2016-09-29T20:10:57.148405+00:00 b0fa19c0-86de-4447-a670-3f7adbd0b3c1 - - - [NXLOG@14506 bosh_deployment="cf-warden" bosh_job_name="api_z1" bosh_job_index="0" filename="/var/vcap/data/sys/log/cloud_controller_ng/cloud_controller_ng.log"] {"timestamp":1475179847.6434216,"message":"parse_params: {} ","log_level":"debug","source":"cc.api","data":{"request_guid":"c0df526d-ae4b-47e7-903f-8e42a58a919d"},"thread_id":47062185509080,"fiber_id":47062165012380,"process_id":15535,"file":"/var/vcap/data/packages/cloud_controller_ng/f87cb49aa2cd87792cb9c2211a79e1542502be4d.1-b1a5f3c830cb6c32ae9e685628b24aa967f5ae54/cloud_controller_ng/lib/cloud_controller/rest_controller/common_params.rb","lineno":10,"method":"parse"}

2016-09-29T20:10:57.148485+00:00 b0fa19c0-86de-4447-a670-3f7adbd0b3c1 - - - [NXLOG@14506 bosh_deployment="cf-warden" bosh_job_name="api_z1" bosh_job_index="0" filename="/var/vcap/data/sys/log/cloud_controller_ng/cloud_controller_ng.log"] {"timestamp":1475179847.643581,"message":"cc.dispatch","log_level":"debug","source":"cc.api","data":{"request_guid":"c0df526d-ae4b-47e7-903f-8e42a58a919d","endpoint":"read","args":[]},"thread_id":47062185509080,"fiber_id":47062165012380,"process_id":15535,"file":"/var/vcap/data/packages/cloud_controller_ng/f87cb49aa2cd87792cb9c2211a79e1542502be4d.1-b1a5f3c830cb6c32ae9e685628b24aa967f5ae54/cloud_controller_ng/app/controllers/base/base_controller.rb","lineno":78,"method":"dispatch"}

2016-09-29T20:10:57.148542+00:00 b0fa19c0-86de-4447-a670-3f7adbd0b3c1 - - - [NXLOG@14506 bosh_deployment="cf-warden" bosh_job_name="api_z1" bosh_job_index="0" filename="/var/vcap/data/sys/log/cloud_controller_ng/cloud_controller_ng.log"] {"timestamp":1475179847.6438785,"message":"Completed 200 vcap-request-id: c0df526d-ae4b-47e7-903f-8e42a58a919d","log_level":"info","source":"cc.api","data":{},"thread_id":47062185509080,"fiber_id":47062165012380,"process_id":15535,"file":"/var/vcap/packages/cloud_controller_ng/cloud_controller_ng/middleware/request_logs.rb","lineno":24,"method":"call"}

2016-09-29T20:10:57.148590+00:00 b0fa19c0-86de-4447-a670-3f7adbd0b3c1 - - - [NXLOG@14506 bosh_deployment="cf-warden" bosh_job_name="api_z1" bosh_job_index="0" filename="/var/vcap/data/sys/log/cloud_controller_ng/cloud_controller_ng.log"] {"timestamp":1475179847.6440158,"message":"Statsd: cc.requests.outstanding:-1|c\ncc.requests.completed:1|c\ncc.http_status.2XX:1|c","log_level":"debug","source":"statsd.client","data":{},"thread_id":47062185509080,"fiber_id":47062165012380,"process_id":15535,"file":"/var/vcap/packages/cloud_controller_ng/cloud_controller_ng/vendor/bundle/ruby/2.3.0/gems/statsd-ruby-1.2.1/lib/statsd.rb","lineno":254,"method":"send_to_socket"}

2016-09-29T20:10:57.148637+00:00 b0fa19c0-86de-4447-a670-3f7adbd0b3c1 - - - [NXLOG@14506 bosh_deployment="cf-warden" bosh_job_name="api_z1" bosh_job_index="0" filename="/var/vcap/data/sys/log/cloud_controller_ng/cloud_controller_ng.log"] {"timestamp":1475179849.4537644,"message":"(0.000532s) SELECT * FROM \"delayed_jobs\" WHERE ((((\"run_at\" <= '2016-09-29 20:10:49.452709+0000') AND (\"locked_at\" IS NULL)) OR (\"locked_by\" = 'cc_api_worker.api_z1.0.2')) AND (\"failed_at\" IS NULL) AND (\"queue\" IN ('cc-api_z1-0'))) ORDER BY \"priority\" ASC, \"run_at\" ASC LIMIT 5","log_level":"debug2","source":"cc.background","data":{},"thread_id":47118928261380,"fiber_id":47118965175380,"process_id":15629,"file":"/var/vcap/packages/cloud_controller_ng/cloud_controller_ng/vendor/bundle/ruby/2.3.0/gems/sequel-4.29.0/lib/sequel/database/logging.rb","lineno":70,"method":"block in log_each"}

2016-09-29T20:10:57.148683+00:00 b0fa19c0-86de-4447-a670-3f7adbd0b3c1 - - - [NXLOG@14506 bosh_deployment="cf-warden" bosh_job_name="api_z1" bosh_job_index="0" filename="/var/vcap/data/sys/log/cloud_controller_ng/cloud_controller_ng.log"] {"timestamp":1475179850.5551403,"message":"(0.000854s) SELECT * FROM \"delayed_jobs\" WHERE ((((\"run_at\" <= '2016-09-29 20:10:50.553818+0000') AND (\"locked_at\" IS NULL)) OR (\"locked_by\" = 'cc_api_worker.api_z1.0.1')) AND (\"failed_at\" IS NULL) AND (\"queue\" IN ('cc-api_z1-0'))) ORDER BY \"priority\" ASC, \"run_at\" ASC LIMIT 5","log_level":"debug2","source":"cc.background","data":{},"thread_id":47452862460180,"fiber_id":47452899698480,"process_id":15587,"file":"/var/vcap/packages/cloud_controller_ng/cloud_controller_ng/vendor/bundle/ruby/2.3.0/gems/sequel-4.29.0/lib/sequel/database/logging.rb","lineno":70,"method":"block in log_each"}

2016-09-29T20:10:57.148801+00:00 b0fa19c0-86de-4447-a670-3f7adbd0b3c1 - - - [NXLOG@14506 bosh_deployment="cf-warden" bosh_job_name="api_z1" bosh_job_index="0" filename="/var/vcap/data/sys/log/cloud_controller_ng/cloud_controller_ng.log"] {"timestamp":1475179854.4762945,"message":"(0.000443s) SELECT * FROM \"delayed_jobs\" WHERE ((((\"run_at\" <= '2016-09-29 20:10:54.475335+0000') AND (\"locked_at\" IS NULL)) OR (\"locked_by\" = 'cc_api_worker.api_z1.0.2')) AND (\"failed_at\" IS NULL) AND (\"queue\" IN ('cc-api_z1-0'))) ORDER BY \"priority\" ASC, \"run_at\" ASC LIMIT 5","log_level":"debug2","source":"cc.background","data":{},"thread_id":47118928261380,"fiber_id":47118965175380,"process_id":15629,"file":"/var/vcap/packages/cloud_controller_ng/cloud_controller_ng/vendor/bundle/ruby/2.3.0/gems/sequel-4.29.0/lib/sequel/database/logging.rb","lineno":70,"method":"block in log_each"}

2016-09-29T20:10:57.148888+00:00 b0fa19c0-86de-4447-a670-3f7adbd0b3c1 - - - [NXLOG@14506 bosh_deployment="cf-warden" bosh_job_name="api_z1" bosh_job_index="0" filename="/var/vcap/data/sys/log/cloud_controller_ng/cloud_controller_ng.log"] {"timestamp":1475179855.5772083,"message":"(0.000508s) SELECT * FROM \"delayed_jobs\" WHERE ((((\"run_at\" <= '2016-09-29 20:10:55.576112+0000') AND (\"locked_at\" IS NULL)) OR (\"locked_by\" = 'cc_api_worker.api_z1.0.1')) AND (\"failed_at\" IS NULL) AND (\"queue\" IN ('cc-api_z1-0'))) ORDER BY \"priority\" ASC, \"run_at\" ASC LIMIT 5","log_level":"debug2","source":"cc.background","data":{},"thread_id":47452862460180,"fiber_id":47452899698480,"process_id":15587,"file":"/var/vcap/packages/cloud_controller_ng/cloud_controller_ng/vendor/bundle/ruby/2.3.0/gems/sequel-4.29.0/lib/sequel/database/logging.rb","lineno":70,"method":"block in log_each"}

2016-09-29T20:10:57.148843+00:00 f0562343-642f-42d4-aca5-293abe675815 - - - [NXLOG@14506 bosh_deployment="cf-warden" bosh_job_name="blobstore_z1" bosh_job_index="0" filename="/var/vcap/data/sys/log/route_registrar/route_registrar.stdout.log"] {"timestamp":"1475179848.513600826","source":"Route Registrar","message":"Route Registrar.no healthchecker found for route","log_level":1,"data":{"route":{"Name":"blobstore","Port":80,"Tags":{"component":"blobstore"},"URIs":["blobstore.bosh-lite.com"],"RouteServiceUrl":"","RegistrationInterval":20000000000,"HealthCheck":null}}}

2016-09-29T20:10:57.148932+00:00 f0562343-642f-42d4-aca5-293abe675815 - - - [NXLOG@14506 bosh_deployment="cf-warden" bosh_job_name="blobstore_z1" bosh_job_index="0" filename="/var/vcap/data/sys/log/route_registrar/route_registrar.stdout.log"] {"timestamp":"1475179848.513707638","source":"Route Registrar","message":"Route Registrar.Registering route","log_level":1,"data":{"route":{"Name":"blobstore","Port":80,"Tags":{"component":"blobstore"},"URIs":["blobstore.bosh-lite.com"],"RouteServiceUrl":"","RegistrationInterval":20000000000,"HealthCheck":null}}}

2016-09-29T20:10:57.149034+00:00 f0562343-642f-42d4-aca5-293abe675815 - - - [NXLOG@14506 bosh_deployment="cf-warden" bosh_job_name="blobstore_z1" bosh_job_index="0" filename="/var/vcap/data/sys/log/route_registrar/route_registrar.stdout.log"] {"timestamp":"1475179848.513831139","source":"Route Registrar","message":"Route Registrar.Registered routes successfully","log_level":1,"data":{}}

2016-09-29T20:10:57.147941+00:00 05bf1627-ae2f-400c-b1ce-31973a9ff23f - - - [NXLOG@14506 bosh_deployment="cf-warden" bosh_job_name="uaa_z1" bosh_job_index="0" filename="/var/vcap/data/sys/log/uaa/localhost_access.log"] 127.0.0.1 - - [29/Sep/2016:20:10:38 +0000] "GET /healthz HTTP/1.1" 200 3

2016-09-29T20:10:57.149873+00:00 05bf1627-ae2f-400c-b1ce-31973a9ff23f - - - [NXLOG@14506 bosh_deployment="cf-warden" bosh_job_name="uaa_z1" bosh_job_index="0" filename="/var/vcap/data/sys/log/uaa/localhost_access.log"] 127.0.0.1 - - [29/Sep/2016:20:10:40 +0000] "GET /healthz HTTP/1.1" 200 3

2016-09-29T20:10:57.149958+00:00 05bf1627-ae2f-400c-b1ce-31973a9ff23f - - - [NXLOG@14506 bosh_deployment="cf-warden" bosh_job_name="uaa_z1" bosh_job_index="0" filename="/var/vcap/data/sys/log/uaa/localhost_access.log"] 127.0.0.1 - - [29/Sep/2016:20:10:42 +0000] "GET /healthz HTTP/1.1" 200 3

2016-09-29T20:10:57.152084+00:00 05bf1627-ae2f-400c-b1ce-31973a9ff23f - - - [NXLOG@14506 bosh_deployment="cf-warden" bosh_job_name="uaa_z1" bosh_job_index="0" filename="/var/vcap/data/sys/log/uaa/localhost_access.log"] 127.0.0.1 - - [29/Sep/2016:20:10:46 +0000] "GET /healthz HTTP/1.1" 200 3

2016-09-29T20:10:57.152151+00:00 05bf1627-ae2f-400c-b1ce-31973a9ff23f - - - [NXLOG@14506 bosh_deployment="cf-warden" bosh_job_name="uaa_z1" bosh_job_index="0" filename="/var/vcap/data/sys/log/route_registrar/route_registrar.stdout.log"] {"timestamp":"1475179850.808217049","source":"Route Registrar","message":"Route Registrar.Executing script","log_level":1,"data":{"scriptPath":"/var/vcap/jobs/uaa/bin/health_check"}}

2016-09-29T20:10:57.152184+00:00 05bf1627-ae2f-400c-b1ce-31973a9ff23f - - - [NXLOG@14506 bosh_deployment="cf-warden" bosh_job_name="uaa_z1" bosh_job_index="0" filename="/var/vcap/data/sys/log/route_registrar/route_registrar.stdout.log"] {"timestamp":"1475179850.819689035","source":"Route Registrar","message":"Route Registrar.Script exited without error","log_level":1,"data":{"script":"/var/vcap/jobs/uaa/bin/health_check","stderr":"  % Total    % Received % Xferd  Average Speed   Time    Time     Time  Current\n                                 Dload  Upload   Total   Spent    Left  Speed\n\r  0     0    0     0    0     0      0      0 --:--:-- --:--:-- --:--:--     0\r100     3  100     3    0     0   1626      0 --:--:-- --:--:-- --:--:--  3000\n","stdout":""}}

2016-09-29T20:10:57.152220+00:00 05bf1627-ae2f-400c-b1ce-31973a9ff23f - - - [NXLOG@14506 bosh_deployment="cf-warden" bosh_job_name="uaa_z1" bosh_job_index="0" filename="/var/vcap/data/sys/log/route_registrar/route_registrar.stdout.log"] {"timestamp":"1475179850.819794655","source":"Route Registrar","message":"Route Registrar.healthchecker returned healthy for route","log_level":1,"data":{"route":{"Name":"uaa","Port":8080,"Tags":{"component":"uaa"},"URIs":["uaa.bosh-lite.com","*.uaa.bosh-lite.com","login.bosh-lite.com","*.login.bosh-lite.com"],"RouteServiceUrl":"","RegistrationInterval":4000000000,"HealthCheck":{"Name":"uaa-healthcheck","ScriptPath":"/var/vcap/jobs/uaa/bin/health_check","Timeout":2000000000}}}}

2016-09-29T20:10:57.152251+00:00 05bf1627-ae2f-400c-b1ce-31973a9ff23f - - - [NXLOG@14506 bosh_deployment="cf-warden" bosh_job_name="uaa_z1" bosh_job_index="0" filename="/var/vcap/data/sys/log/route_registrar/route_registrar.stdout.log"] {"timestamp":"1475179850.819830418","source":"Route Registrar","message":"Route Registrar.Registering route","log_level":1,"data":{"route":{"Name":"uaa","Port":8080,"Tags":{"component":"uaa"},"URIs":["uaa.bosh-lite.com","*.uaa.bosh-lite.com","login.bosh-lite.com","*.login.bosh-lite.com"],"RouteServiceUrl":"","RegistrationInterval":4000000000,"HealthCheck":{"Name":"uaa-healthcheck","ScriptPath":"/var/vcap/jobs/uaa/bin/health_check","Timeout":2000000000}}}}

2016-09-29T20:10:57.152286+00:00 05bf1627-ae2f-400c-b1ce-31973a9ff23f - - - [NXLOG@14506 bosh_deployment="cf-warden" bosh_job_name="uaa_z1" bosh_job_index="0" filename="/var/vcap/data/sys/log/route_registrar/route_registrar.stdout.log"] {"timestamp":"1475179850.819895506","source":"Route Registrar","message":"Route Registrar.Registered routes successfully","log_level":1,"data":{}}

2016-09-29T20:10:57.150335+00:00 152ab062-1f32-4789-910a-13bdc79651b2 - - - [NXLOG@14506 bosh_deployment="cf-warden" bosh_job_name="hm9000_z1" bosh_job_index="0" filename="/var/vcap/data/sys/log/hm9000/hm9000_listener.log"] {"timestamp":"1475179851.892279625","source":"listener","message":"listener.Received a heartbeat","log_level":1,"data":{"Heartbeats Pending Save":"1"}}

2016-09-29T20:10:57.150397+00:00 152ab062-1f32-4789-910a-13bdc79651b2 - - - [NXLOG@14506 bosh_deployment="cf-warden" bosh_job_name="hm9000_z1" bosh_job_index="0" filename="/var/vcap/data/sys/log/hm9000/hm9000_listener.log"] {"timestamp":"1475179852.816900015","source":"listener","message":"listener.Saving Heartbeats","log_level":1,"data":{"Heartbeats to Save":"1"}}

2016-09-29T20:10:57.151870+00:00 152ab062-1f32-4789-910a-13bdc79651b2 - - - [NXLOG@14506 bosh_deployment="cf-warden" bosh_job_name="hm9000_z1" bosh_job_index="0" filename="/var/vcap/data/sys/log/hm9000/hm9000_listener.log"] {"timestamp":"1475179852.821842194","source":"listener","message":"listener.Bumped freshness","log_level":1,"data":{}}

2016-09-29T20:10:57.151958+00:00 152ab062-1f32-4789-910a-13bdc79651b2 - - - [NXLOG@14506 bosh_deployment="cf-warden" bosh_job_name="hm9000_z1" bosh_job_index="0" filename="/var/vcap/data/sys/log/hm9000/hm9000_listener.log"] {"timestamp":"1475179852.821865559","source":"listener","message":"listener.Saved Heartbeats","log_level":1,"data":{"Duration":"4.815358ms","Heartbeats to Save":"1"}}

2016-09-29T20:10:57.152316+00:00 05bf1627-ae2f-400c-b1ce-31973a9ff23f - - - [NXLOG@14506 bosh_deployment="cf-warden" bosh_job_name="uaa_z1" bosh_job_index="0" filename="/var/vcap/data/sys/log/route_registrar/route_registrar.stdout.log"] {"timestamp":"1475179854.808258057","source":"Route Registrar","message":"Route Registrar.Executing script","log_level":1,"data":{"scriptPath":"/var/vcap/jobs/uaa/bin/health_check"}}

2016-09-29T20:10:57.152345+00:00 05bf1627-ae2f-400c-b1ce-31973a9ff23f - - - [NXLOG@14506 bosh_deployment="cf-warden" bosh_job_name="uaa_z1" bosh_job_index="0" filename="/var/vcap/data/sys/log/route_registrar/route_registrar.stdout.log"] {"timestamp":"1475179854.819709539","source":"Route Registrar","message":"Route Registrar.Script exited without error","log_level":1,"data":{"script":"/var/vcap/jobs/uaa/bin/health_check","stderr":"  % Total    % Received % Xferd  Average Speed   Time    Time     Time  Current\n                                 Dload  Upload   Total   Spent    Left  Speed\n\r  0     0    0     0    0     0      0      0 --:--:-- --:--:-- --:--:--     0\r100     3  100     3    0     0    993      0 --:--:-- --:--:-- --:--:--  1500\n","stdout":""}}

2016-09-29T20:10:57.152463+00:00 05bf1627-ae2f-400c-b1ce-31973a9ff23f - - - [NXLOG@14506 bosh_deployment="cf-warden" bosh_job_name="uaa_z1" bosh_job_index="0" filename="/var/vcap/data/sys/log/route_registrar/route_registrar.stdout.log"] {"timestamp":"1475179854.819798470","source":"Route Registrar","message":"Route Registrar.healthchecker returned healthy for route","log_level":1,"data":{"route":{"Name":"uaa","Port":8080,"Tags":{"component":"uaa"},"URIs":["uaa.bosh-lite.com","*.uaa.bosh-lite.com","login.bosh-lite.com","*.login.bosh-lite.com"],"RouteServiceUrl":"","RegistrationInterval":4000000000,"HealthCheck":{"Name":"uaa-healthcheck","ScriptPath":"/var/vcap/jobs/uaa/bin/health_check","Timeout":2000000000}}}}

2016-09-29T20:10:57.152510+00:00 05bf1627-ae2f-400c-b1ce-31973a9ff23f - - - [NXLOG@14506 bosh_deployment="cf-warden" bosh_job_name="uaa_z1" bosh_job_index="0" filename="/var/vcap/data/sys/log/route_registrar/route_registrar.stdout.log"] {"timestamp":"1475179854.819823503","source":"Route Registrar","message":"Route Registrar.Registering route","log_level":1,"data":{"route":{"Name":"uaa","Port":8080,"Tags":{"component":"uaa"},"URIs":["uaa.bosh-lite.com","*.uaa.bosh-lite.com","login.bosh-lite.com","*.login.bosh-lite.com"],"RouteServiceUrl":"","RegistrationInterval":4000000000,"HealthCheck":{"Name":"uaa-healthcheck","ScriptPath":"/var/vcap/jobs/uaa/bin/health_check","Timeout":2000000000}}}}

2016-09-29T20:10:57.152596+00:00 05bf1627-ae2f-400c-b1ce-31973a9ff23f - - - [NXLOG@14506 bosh_deployment="cf-warden" bosh_job_name="uaa_z1" bosh_job_index="0" filename="/var/vcap/data/sys/log/route_registrar/route_registrar.stdout.log"] {"timestamp":"1475179854.819897413","source":"Route Registrar","message":"Route Registrar.Registered routes successfully","log_level":1,"data":{}}

2016-09-29T20:10:57.152730+00:00 05bf1627-ae2f-400c-b1ce-31973a9ff23f - - - [NXLOG@14506 bosh_deployment="cf-warden" bosh_job_name="uaa_z1" bosh_job_index="0" filename="/var/vcap/data/sys/log/uaa/uaa.log"] [2016-09-29 20:10:50.816] uaa - 19013 [http-nio-127.0.0.1-8989-exec-9] .... DEBUG --- AntPathRequestMatcher: Checking match of request : '/healthz'; against '/resources/**'

2016-09-29T20:10:57.152765+00:00 05bf1627-ae2f-400c-b1ce-31973a9ff23f - - - [NXLOG@14506 bosh_deployment="cf-warden" bosh_job_name="uaa_z1" bosh_job_index="0" filename="/var/vcap/data/sys/log/uaa/uaa.log"] [2016-09-29 20:10:50.816] uaa - 19013 [http-nio-127.0.0.1-8989-exec-9] .... DEBUG --- AntPathRequestMatcher: Checking match of request : '/healthz'; against '/square-logo.png'

2016-09-29T20:10:57.152795+00:00 05bf1627-ae2f-400c-b1ce-31973a9ff23f - - - [NXLOG@14506 bosh_deployment="cf-warden" bosh_job_name="uaa_z1" bosh_job_index="0" filename="/var/vcap/data/sys/log/uaa/uaa.log"] [2016-09-29 20:10:50.816] uaa - 19013 [http-nio-127.0.0.1-8989-exec-9] .... DEBUG --- AntPathRequestMatcher: Checking match of request : '/healthz'; against '/info'

2016-09-29T20:10:57.152815+00:00 05bf1627-ae2f-400c-b1ce-31973a9ff23f - - - [NXLOG@14506 bosh_deployment="cf-warden" bosh_job_name="uaa_z1" bosh_job_index="0" filename="/var/vcap/data/sys/log/uaa/uaa.log"] [2016-09-29 20:10:50.816] uaa - 19013 [http-nio-127.0.0.1-8989-exec-9] .... DEBUG --- AntPathRequestMatcher: Checking match of request : '/healthz'; against '/password/**'

2016-09-29T20:10:57.152825+00:00 05bf1627-ae2f-400c-b1ce-31973a9ff23f - - - [NXLOG@14506 bosh_deployment="cf-warden" bosh_job_name="uaa_z1" bosh_job_index="0" filename="/var/vcap/data/sys/log/uaa/uaa.log"] [2016-09-29 20:10:50.816] uaa - 19013 [http-nio-127.0.0.1-8989-exec-9] .... DEBUG --- AntPathRequestMatcher: Checking match of request : '/healthz'; against '/healthz/**'

2016-09-29T20:10:57.152834+00:00 05bf1627-ae2f-400c-b1ce-31973a9ff23f - - - [NXLOG@14506 bosh_deployment="cf-warden" bosh_job_name="uaa_z1" bosh_job_index="0" filename="/var/vcap/data/sys/log/uaa/uaa.log"] [2016-09-29 20:10:50.816] uaa - 19013 [http-nio-127.0.0.1-8989-exec-9] .... DEBUG --- FilterChainProxy: /healthz has an empty filter list

2016-09-29T20:10:57.152842+00:00 05bf1627-ae2f-400c-b1ce-31973a9ff23f - - - [NXLOG@14506 bosh_deployment="cf-warden" bosh_job_name="uaa_z1" bosh_job_index="0" filename="/var/vcap/data/sys/log/uaa/uaa.log"] [2016-09-29 20:10:50.816] uaa - 19013 [http-nio-127.0.0.1-8989-exec-9] .... DEBUG --- DispatcherServlet: DispatcherServlet with name 'spring' processing GET request for [/healthz]

2016-09-29T20:10:57.152875+00:00 05bf1627-ae2f-400c-b1ce-31973a9ff23f - - - [NXLOG@14506 bosh_deployment="cf-warden" bosh_job_name="uaa_z1" bosh_job_index="0" filename="/var/vcap/data/sys/log/uaa/uaa.log"] [2016-09-29 20:10:50.816] uaa - 19013 [http-nio-127.0.0.1-8989-exec-9] .... DEBUG --- DispatcherServlet: Last-Modified value for [/healthz] is: -1

2016-09-29T20:10:57.152897+00:00 05bf1627-ae2f-400c-b1ce-31973a9ff23f - - - [NXLOG@14506 bosh_deployment="cf-warden" bosh_job_name="uaa_z1" bosh_job_index="0" filename="/var/vcap/data/sys/log/uaa/uaa.log"] [2016-09-29 20:10:50.816] uaa - 19013 [http-nio-127.0.0.1-8989-exec-9] .... DEBUG --- RequestResponseBodyMethodProcessor: Written [ok

2016-09-29T20:10:57.152907+00:00 05bf1627-ae2f-400c-b1ce-31973a9ff23f - - - [NXLOG@14506 bosh_deployment="cf-warden" bosh_job_name="uaa_z1" bosh_job_index="0" filename="/var/vcap/data/sys/log/uaa/uaa.log"] ] as "text/plain;charset=ISO-8859-1" using [org.springframework.http.converter.StringHttpMessageConverter@178b2baf]

2016-09-29T20:10:57.152915+00:00 05bf1627-ae2f-400c-b1ce-31973a9ff23f - - - [NXLOG@14506 bosh_deployment="cf-warden" bosh_job_name="uaa_z1" bosh_job_index="0" filename="/var/vcap/data/sys/log/uaa/uaa.log"] [2016-09-29 20:10:50.816] uaa - 19013 [http-nio-127.0.0.1-8989-exec-9] .... DEBUG --- DispatcherServlet: Null ModelAndView returned to DispatcherServlet with name 'spring': assuming HandlerAdapter completed request handling

2016-09-29T20:10:57.153017+00:00 05bf1627-ae2f-400c-b1ce-31973a9ff23f - - - [NXLOG@14506 bosh_deployment="cf-warden" bosh_job_name="uaa_z1" bosh_job_index="0" filename="/var/vcap/data/sys/log/uaa/uaa.log"] [2016-09-29 20:10:50.816] uaa - 19013 [http-nio-127.0.0.1-8989-exec-9] .... DEBUG --- DispatcherServlet: Successfully completed request

2016-09-29T20:10:57.153049+00:00 05bf1627-ae2f-400c-b1ce-31973a9ff23f - - - [NXLOG@14506 bosh_deployment="cf-warden" bosh_job_name="uaa_z1" bosh_job_index="0" filename="/var/vcap/data/sys/log/uaa/uaa.log"] [2016-09-29 20:10:50.925] uaa - 19013 [http-nio-127.0.0.1-8989-exec-3] .... DEBUG --- AntPathRequestMatcher: Checking match of request : '/healthz'; against '/resources/**'

2016-09-29T20:10:57.153059+00:00 05bf1627-ae2f-400c-b1ce-31973a9ff23f - - - [NXLOG@14506 bosh_deployment="cf-warden" bosh_job_name="uaa_z1" bosh_job_index="0" filename="/var/vcap/data/sys/log/uaa/uaa.log"] [2016-09-29 20:10:50.925] uaa - 19013 [http-nio-127.0.0.1-8989-exec-3] .... DEBUG --- AntPathRequestMatcher: Checking match of request : '/healthz'; against '/square-logo.png'

2016-09-29T20:10:57.153077+00:00 05bf1627-ae2f-400c-b1ce-31973a9ff23f - - - [NXLOG@14506 bosh_deployment="cf-warden" bosh_job_name="uaa_z1" bosh_job_index="0" filename="/var/vcap/data/sys/log/uaa/uaa.log"] [2016-09-29 20:10:50.925] uaa - 19013 [http-nio-127.0.0.1-8989-exec-3] .... DEBUG --- AntPathRequestMatcher: Checking match of request : '/healthz'; against '/info'

2016-09-29T20:10:57.153144+00:00 05bf1627-ae2f-400c-b1ce-31973a9ff23f - - - [NXLOG@14506 bosh_deployment="cf-warden" bosh_job_name="uaa_z1" bosh_job_index="0" filename="/var/vcap/data/sys/log/uaa/uaa.log"] [2016-09-29 20:10:50.925] uaa - 19013 [http-nio-127.0.0.1-8989-exec-3] .... DEBUG --- AntPathRequestMatcher: Checking match of request : '/healthz'; against '/password/**'

2016-09-29T20:10:57.153156+00:00 05bf1627-ae2f-400c-b1ce-31973a9ff23f - - - [NXLOG@14506 bosh_deployment="cf-warden" bosh_job_name="uaa_z1" bosh_job_index="0" filename="/var/vcap/data/sys/log/uaa/uaa.log"] [2016-09-29 20:10:50.925] uaa - 19013 [http-nio-127.0.0.1-8989-exec-3] .... DEBUG --- AntPathRequestMatcher: Checking match of request : '/healthz'; against '/healthz/**'

2016-09-29T20:10:57.153181+00:00 05bf1627-ae2f-400c-b1ce-31973a9ff23f - - - [NXLOG@14506 bosh_deployment="cf-warden" bosh_job_name="uaa_z1" bosh_job_index="0" filename="/var/vcap/data/sys/log/uaa/uaa.log"] [2016-09-29 20:10:50.925] uaa - 19013 [http-nio-127.0.0.1-8989-exec-3] .... DEBUG --- FilterChainProxy: /healthz has an empty filter list

2016-09-29T20:10:57.153202+00:00 05bf1627-ae2f-400c-b1ce-31973a9ff23f - - - [NXLOG@14506 bosh_deployment="cf-warden" bosh_job_name="uaa_z1" bosh_job_index="0" filename="/var/vcap/data/sys/log/uaa/uaa.log"] [2016-09-29 20:10:50.925] uaa - 19013 [http-nio-127.0.0.1-8989-exec-3] .... DEBUG --- DispatcherServlet: DispatcherServlet with name 'spring' processing GET request for [/healthz]

2016-09-29T20:10:57.153212+00:00 05bf1627-ae2f-400c-b1ce-31973a9ff23f - - - [NXLOG@14506 bosh_deployment="cf-warden" bosh_job_name="uaa_z1" bosh_job_index="0" filename="/var/vcap/data/sys/log/uaa/uaa.log"] [2016-09-29 20:10:50.925] uaa - 19013 [http-nio-127.0.0.1-8989-exec-3] .... DEBUG --- DispatcherServlet: Last-Modified value for [/healthz] is: -1

2016-09-29T20:10:57.153247+00:00 05bf1627-ae2f-400c-b1ce-31973a9ff23f - - - [NXLOG@14506 bosh_deployment="cf-warden" bosh_job_name="uaa_z1" bosh_job_index="0" filename="/var/vcap/data/sys/log/uaa/uaa.log"] [2016-09-29 20:10:50.926] uaa - 19013 [http-nio-127.0.0.1-8989-exec-3] .... DEBUG --- RequestResponseBodyMethodProcessor: Written [ok

2016-09-29T20:10:57.153258+00:00 05bf1627-ae2f-400c-b1ce-31973a9ff23f - - - [NXLOG@14506 bosh_deployment="cf-warden" bosh_job_name="uaa_z1" bosh_job_index="0" filename="/var/vcap/data/sys/log/uaa/uaa.log"] ] as "text/plain;charset=ISO-8859-1" using [org.springframework.http.converter.StringHttpMessageConverter@178b2baf]

2016-09-29T20:10:57.153267+00:00 05bf1627-ae2f-400c-b1ce-31973a9ff23f - - - [NXLOG@14506 bosh_deployment="cf-warden" bosh_job_name="uaa_z1" bosh_job_index="0" filename="/var/vcap/data/sys/log/uaa/uaa.log"] [2016-09-29 20:10:50.926] uaa - 19013 [http-nio-127.0.0.1-8989-exec-3] .... DEBUG --- DispatcherServlet: Null ModelAndVie
